05-23 11:30:38.620   671   671 D StatusBar.NetworkController: phoneId = 0 colorIndex = 0 mInetCondition=0 iconLevel=4
05-23 11:30:38.620   671   671 D TelephonyManager: getRadioFeatures: phoneId=0
05-23 11:30:38.620   671   671 D TelephonyManager: getRadioCapbility: ssdaMode=tdd-csfb
05-23 11:30:38.620   671   671 D TelephonyManager: getRadioFeatures: rCapbility=TDD_CSFB, testMode=8
05-23 11:30:38.620   671   671 D TelephonyManager: getRadioFeatures: phoneId=0
05-23 11:30:38.620   671   671 D TelephonyManager: getRadioCapbility: ssdaMode=tdd-csfb
05-23 11:30:38.620   671   671 D TelephonyManager: getRadioFeatures: rCapbility=TDD_CSFB, testMode=8
05-23 11:30:38.630   671   671 D StatusBar.NetworkController: phoneId: 0  refreshViews:   mAirplaneMode=false emergencyOnly=false no_wifi no_wifi mWifiIconId=0x0 mQSWifiIconId=0x0 wifiLabel= mHasMobileDataFeature=true mShowPhoneRSSIForData=false mPhoneSignalIconId=0x7f020107 mDataSignalIconId=0x7f020105/com.android.systemui:drawable/stat_sys_signal_4_sprd Phone_Signal_Level=4 GPRS &NetworkRoaming=false mMobileActivityIconId=0x7f0200dc(mDataActivity=3) mDataTypeIconId=0x7f0200c8/com.android.systemui:drawable/stat_sys_data_fully_connected_4g_ex   combinedSignalIconId=0x7f020105/com.android.systemui:drawable/stat_sys_signal_4_ex mobileLabel=中国移动4G combinedLabel=中国移动4G mLastDataDirectionOverlayIconId=0x7f0200dc
05-23 11:30:38.630   671   671 D Settings: newValuesVersion = 2
05-23 11:30:38.630  1998  1998 D MainDialog:  oldLevel = 4 level = 4 isSimAvail = true
05-23 11:30:38.630   671   671 D Settings: mValues.get(name) = 0
05-23 11:30:38.640   671   671 D Settings: newValuesVersion = 6
05-23 11:30:38.640   671   671 D Settings: mValues.get(name) = null
05-23 11:30:38.640   671   671 D QuickSettingsModel: isStandby = true
05-23 11:30:38.640   671   671 D Settings: newValuesVersion = 6
05-23 11:30:38.640   671   671 D Settings: mValues.get(name) = null
05-23 11:30:38.640   671   671 D QuickSettingsModel: onVoWifiChanged multiModeSlot = 0 isVoWifiAvailable = false isStandby = true
05-23 11:30:38.690   157   157 D gralloc.sc8830: fb_post fps = 2.015872
05-23 11:30:38.770   167   167 E SLOGCP  : int MediaStorage::check_quota(): data large: 10492328/10M
05-23 11:30:38.770   167   167 E SLOGCP  : virtual void LogPipeHandler::process(int): CP cp_5mode save log error [16(Device or resource busy)]
05-23 11:30:38.851   592  1006 D LIBGPS  : watchdog_open PowerState:GE2 CP SLEEP,readcount:0
05-23 11:30:38.941   170   262 I ThermalCvtGovernor: cpu sensor Sum: 2380200, cala times: 45
05-23 11:30:38.941   170   262 I ThermalCvtGovernor: cpu sensor average temp: 52893
05-23 11:30:39.101   167   167 E SLOGCP  : int MediaStorage::check_quota(): data large: 10492328/10M
05-23 11:30:39.101   167   167 E SLOGCP  : virtual void LogPipeHandler::process(int): CP cp_5mode save log error [16(Device or resource busy)]
05-23 11:30:39.141   671   671 D StatusBar.NetworkController: onDataActivity: direction=0 phoneId=0
05-23 11:30:39.141   671   671 D StatusBar.NetworkController: mDataDirectionIconId end :7f0200c8  true
05-23 11:30:39.141   671   671 D TelephonyManager: getRadioFeatures: phoneId=0
05-23 11:30:39.141   671   671 D TelephonyManager: getRadioCapbility: ssdaMode=tdd-csfb
05-23 11:30:39.151   671   671 D TelephonyManager: getRadioFeatures: rCapbility=TDD_CSFB, testMode=8
05-23 11:30:39.151   671   671 D StatusBar.NetworkController: phoneId: 0  refreshViews:   mAirplaneMode=false emergencyOnly=false no_wifi no_wifi mWifiIconId=0x0 mQSWifiIconId=0x0 wifiLabel= mHasMobileDataFeature=true mShowPhoneRSSIForData=false mPhoneSignalIconId=0x7f020107 mDataSignalIconId=0x7f020105/com.android.systemui:drawable/stat_sys_signal_4_sprd Phone_Signal_Level=4 GPRS &NetworkRoaming=false mMobileActivityIconId=0x7f0200c0(mDataActivity=0) mDataTypeIconId=0x7f0200c8/com.android.systemui:drawable/stat_sys_data_fully_connected_4g_ex   combinedSignalIconId=0x7f020105/com.android.systemui:drawable/stat_sys_signal_4_ex mobileLabel=中国移动4G combinedLabel=中国移动4G mLastDataDirectionOverlayIconId=0x7f0200dc
05-23 11:30:39.151   671   671 D Settings: newValuesVersion = 2
05-23 11:30:39.151   700   700 D Settings: newValuesVersion = 27
05-23 11:30:39.151   700   700 D Settings: mValues.get(name) = null
05-23 11:30:39.161   671   671 D Settings: mValues.get(name) = 0
05-23 11:30:39.161   671   671 D Settings: newValuesVersion = 6
05-23 11:30:39.161   671   671 D Settings: mValues.get(name) = null
05-23 11:30:39.161   671   671 D QuickSettingsModel: isStandby = true
05-23 11:30:39.161   671   671 D Settings: newValuesVersion = 6
05-23 11:30:39.161   671   671 D Settings: mValues.get(name) = null
05-23 11:30:39.161   671   671 D QuickSettingsModel: onVoWifiChanged multiModeSlot = 0 isVoWifiAvailable = false isStandby = true
05-23 11:30:39.171   671   671 D Settings: newValuesVersion = 2
05-23 11:30:39.171   671   671 D Settings: mValues.get(name) = 0
05-23 11:30:39.171   671   671 D Settings: newValuesVersion = 6
05-23 11:30:39.171   671   671 D Settings: mValues.get(name) = null
05-23 11:30:39.181   671   671 D QuickSettingsModel: isStandby = true
05-23 11:30:39.181   671   671 D Settings: newValuesVersion = 6
05-23 11:30:39.181   671   671 D Settings: mValues.get(name) = null
05-23 11:30:39.181   671   671 D QuickSettingsModel: onVoWifiChanged multiModeSlot = 0 isVoWifiAvailable = false isStandby = true
05-23 11:30:39.181   671   671 D StatusBar.NetworkController: changing data overlay icon id to 2130837696
05-23 11:30:39.191   167   167 E SLOGCP  : int MediaStorage::check_quota(): data large: 10492328/10M
05-23 11:30:39.191   167   167 E SLOGCP  : virtual void LogPipeHandler::process(int): CP cp_5mode save log error [16(Device or resource busy)]
05-23 11:30:39.251   167   167 E SLOGCP  : int MediaStorage::check_quota(): data large: 10492328/10M
05-23 11:30:39.251   167   167 E SLOGCP  : virtual void LogPipeHandler::process(int): CP cp_5mode save log error [16(Device or resource busy)]
05-23 11:30:39.301   167   167 E SLOGCP  : int MediaStorage::check_quota(): data large: 10492328/10M
05-23 11:30:39.301   167   167 E SLOGCP  : virtual void LogPipeHandler::process(int): CP cp_5mode save log error [16(Device or resource busy)]
05-23 11:30:39.351   167   167 E SLOGCP  : int MediaStorage::check_quota(): data large: 10492328/10M
05-23 11:30:39.351   167   167 E SLOGCP  : virtual void LogPipeHandler::process(int): CP cp_5mode save log error [16(Device or resource busy)]
05-23 11:30:39.591   180   214 D phoneserver: rsrp[0]=78,rscp[0]=255,rxlev[0]=99 ind_str= 
05-23 11:30:39.591   180   214 D phoneserver: +CESQ: 99,99,255,255,30,78
05-23 11:30:39.601   671   671 D StatusBar.NetworkController: onSignalStrengthsChanged on phoneId0signalStrength=SignalStrength: 99 -1 -120 -160 -120 -1 -1 99 -78 2147483647 2147483647 2147483647 gsm|lte level=4LTELevel=4
05-23 11:30:39.601   671   671 D StatusBar.NetworkController: phoneid=0 isexist=true  5
05-23 11:30:39.601   671   671 D StatusBar.NetworkController: isSupportLTE = false  isCardAbsent = false
05-23 11:30:39.611   671   671 D Settings: newValuesVersion = 6
05-23 11:30:39.611   671   671 D Settings: mValues.get(name) = null
05-23 11:30:39.611   671   671 E StatusBar.NetworkController: mServiceState[phoneId].getState(): 0
05-23 11:30:39.611   671   671 E StatusBar.NetworkController: mServiceState[phoneId].getDataRegState(): 0
05-23 11:30:39.611   671   671 D TelephonyManager: getRadioFeatures: phoneId=0
05-23 11:30:39.611   671   671 D TelephonyManager: getRadioCapbility: ssdaMode=tdd-csfb
05-23 11:30:39.611   671   671 D TelephonyManager: getRadioFeatures: rCapbility=TDD_CSFB, testMode=8
05-23 11:30:39.621   671   671 D StatusBar.NetworkController: phoneId = 0 colorIndex = 0 mInetCondition=0 iconLevel=4
05-23 11:30:39.621   671   671 D TelephonyManager: getRadioFeatures: phoneId=0
05-23 11:30:39.621   671   671 D TelephonyManager: getRadioCapbility: ssdaMode=tdd-csfb
05-23 11:30:39.621   671   671 D TelephonyManager: getRadioFeatures: rCapbility=TDD_CSFB, testMode=8
05-23 11:30:39.621   671   671 D TelephonyManager: getRadioFeatures: phoneId=0
05-23 11:30:39.621   671   671 D TelephonyManager: getRadioCapbility: ssdaMode=tdd-csfb
05-23 11:30:39.631   671   671 D TelephonyManager: getRadioFeatures: rCapbility=TDD_CSFB, testMode=8
05-23 11:30:39.631   671   671 D StatusBar.NetworkController: phoneId: 0  refreshViews:   mAirplaneMode=false emergencyOnly=false no_wifi no_wifi mWifiIconId=0x0 mQSWifiIconId=0x0 wifiLabel= mHasMobileDataFeature=true mShowPhoneRSSIForData=false mPhoneSignalIconId=0x7f020107 mDataSignalIconId=0x7f020105/com.android.systemui:drawable/stat_sys_signal_4_sprd Phone_Signal_Level=4 GPRS &NetworkRoaming=false mMobileActivityIconId=0x7f0200c0(mDataActivity=0) mDataTypeIconId=0x7f0200c8/com.android.systemui:drawable/stat_sys_data_fully_connected_4g_ex   combinedSignalIconId=0x7f020105/com.android.systemui:drawable/stat_sys_signal_4_ex mobileLabel=中国移动4G combinedLabel=中国移动4G mLastDataDirectionOverlayIconId=0x7f0200c0
05-23 11:30:39.631  1998  1998 D MainDialog:  oldLevel = 4 level = 4 isSimAvail = true
05-23 11:30:39.631   671   671 D Settings: newValuesVersion = 2
05-23 11:30:39.631   671   671 D Settings: mValues.get(name) = 0
05-23 11:30:39.641   671   671 D Settings: newValuesVersion = 6
05-23 11:30:39.641   671   671 D Settings: mValues.get(name) = null
05-23 11:30:39.641   671   671 D QuickSettingsModel: isStandby = true
05-23 11:30:39.641   671   671 D Settings: newValuesVersion = 6
05-23 11:30:39.641   671   671 D Settings: mValues.get(name) = null
05-23 11:30:39.641   671   671 D QuickSettingsModel: onVoWifiChanged multiModeSlot = 0 isVoWifiAvailable = false isStandby = true
05-23 11:30:39.711   157   157 D gralloc.sc8830: fb_post fps = 1.960688
05-23 11:30:39.731   167   167 E SLOGCP  : int MediaStorage::check_quota(): data large: 10492328/10M
05-23 11:30:39.731   167   167 E SLOGCP  : virtual void LogPipeHandler::process(int): CP cp_5mode save log error [16(Device or resource busy)]
05-23 11:30:39.902   167   167 E SLOGCP  : int MediaStorage::check_quota(): data large: 10492328/10M
05-23 11:30:39.902   167   167 E SLOGCP  : virtual void LogPipeHandler::process(int): CP cp_5mode save log error [16(Device or resource busy)]
05-23 11:30:40.062   167   167 E SLOGCP  : int MediaStorage::check_quota(): data large: 10492328/10M
05-23 11:30:40.072   167   167 E SLOGCP  : virtual void LogPipeHandler::process(int): CP cp_5mode save log error [16(Device or resource busy)]
05-23 11:30:40.162   700   700 D Settings: newValuesVersion = 27
05-23 11:30:40.162   700   700 D Settings: mValues.get(name) = null
05-23 11:30:40.382   167   167 E SLOGCP  : int MediaStorage::check_quota(): data large: 10492328/10M
05-23 11:30:40.382   167   167 E SLOGCP  : virtual void LogPipeHandler::process(int): CP cp_5mode save log error [16(Device or resource busy)]
05-23 11:30:40.552   167   167 E SLOGCP  : int MediaStorage::check_quota(): data large: 10492328/10M
05-23 11:30:40.552   167   167 E SLOGCP  : virtual void LogPipeHandler::process(int): CP cp_5mode save log error [16(Device or resource busy)]
05-23 11:30:40.592   180   214 D phoneserver: rsrp[0]=78,rscp[0]=255,rxlev[0]=99 ind_str= 
05-23 11:30:40.592   180   214 D phoneserver: +CESQ: 99,99,255,255,30,78
05-23 11:30:40.602   671   671 D StatusBar.NetworkController: onSignalStrengthsChanged on phoneId0signalStrength=SignalStrength: 99 -1 -120 -160 -120 -1 -1 99 -78 2147483647 2147483647 2147483647 gsm|lte level=4LTELevel=4
05-23 11:30:40.602   671   671 D StatusBar.NetworkController: phoneid=0 isexist=true  5
05-23 11:30:40.602   671   671 D StatusBar.NetworkController: isSupportLTE = false  isCardAbsent = false
05-23 11:30:40.612  1998  1998 D MainDialog:  oldLevel = 4 level = 4 isSimAvail = true
05-23 11:30:40.612   671   671 D Settings: newValuesVersion = 6
05-23 11:30:40.612   671   671 D Settings: mValues.get(name) = null
05-23 11:30:40.612   671   671 E StatusBar.NetworkController: mServiceState[phoneId].getState(): 0
05-23 11:30:40.612   671   671 E StatusBar.NetworkController: mServiceState[phoneId].getDataRegState(): 0
05-23 11:30:40.612   671   671 D TelephonyManager: getRadioFeatures: phoneId=0
05-23 11:30:40.622   671   671 D TelephonyManager: getRadioCapbility: ssdaMode=tdd-csfb
05-23 11:30:40.622   671   671 D TelephonyManager: getRadioFeatures: rCapbility=TDD_CSFB, testMode=8
05-23 11:30:40.622   671   671 D StatusBar.NetworkController: phoneId = 0 colorIndex = 0 mInetCondition=0 iconLevel=4
05-23 11:30:40.622   671   671 D TelephonyManager: getRadioFeatures: phoneId=0
05-23 11:30:40.622   671   671 D TelephonyManager: getRadioCapbility: ssdaMode=tdd-csfb
05-23 11:30:40.622   671   671 D TelephonyManager: getRadioFeatures: rCapbility=TDD_CSFB, testMode=8
05-23 11:30:40.632   671   671 D TelephonyManager: getRadioFeatures: phoneId=0
05-23 11:30:40.632   671   671 D TelephonyManager: getRadioCapbility: ssdaMode=tdd-csfb
05-23 11:30:40.632   671   671 D TelephonyManager: getRadioFeatures: rCapbility=TDD_CSFB, testMode=8
05-23 11:30:40.632   671   671 D StatusBar.NetworkController: phoneId: 0  refreshViews:   mAirplaneMode=false emergencyOnly=false no_wifi no_wifi mWifiIconId=0x0 mQSWifiIconId=0x0 wifiLabel= mHasMobileDataFeature=true mShowPhoneRSSIForData=false mPhoneSignalIconId=0x7f020107 mDataSignalIconId=0x7f020105/com.android.systemui:drawable/stat_sys_signal_4_sprd Phone_Signal_Level=4 GPRS &NetworkRoaming=false mMobileActivityIconId=0x7f0200c0(mDataActivity=0) mDataTypeIconId=0x7f0200c8/com.android.systemui:drawable/stat_sys_data_fully_connected_4g_ex   combinedSignalIconId=0x7f020105/com.android.systemui:drawable/stat_sys_signal_4_ex mobileLabel=中国移动4G combinedLabel=中国移动4G mLastDataDirectionOverlayIconId=0x7f0200c0
05-23 11:30:40.632   671   671 D Settings: newValuesVersion = 2
05-23 11:30:40.642   671   671 D Settings: mValues.get(name) = 0
05-23 11:30:40.642   671   671 D Settings: newValuesVersion = 6
05-23 11:30:40.642   671   671 D Settings: mValues.get(name) = null
05-23 11:30:40.642   671   671 D QuickSettingsModel: isStandby = true
05-23 11:30:40.642   671   671 D Settings: newValuesVersion = 6
05-23 11:30:40.642   671   671 D Settings: mValues.get(name) = null
05-23 11:30:40.642   671   671 D QuickSettingsModel: onVoWifiChanged multiModeSlot = 0 isVoWifiAvailable = false isStandby = true
05-23 11:30:40.722   157   157 D gralloc.sc8830: fb_post fps = 1.992703
05-23 11:30:40.842   167   167 E SLOGCP  : int MediaStorage::check_quota(): data large: 10492328/10M
05-23 11:30:40.842   167   167 E SLOGCP  : virtual void LogPipeHandler::process(int): CP cp_5mode save log error [16(Device or resource busy)]
05-23 11:30:40.842   592  1006 D LIBGPS  : watchdog_open PowerState:GE2 CP SLEEP,readcount:0
05-23 11:30:41.023   167   167 E SLOGCP  : int MediaStorage::check_quota(): data large: 10492328/10M
05-23 11:30:41.023   167   167 E SLOGCP  : virtual void LogPipeHandler::process(int): CP cp_5mode save log error [16(Device or resource busy)]
05-23 11:30:41.173   700   700 D Settings: newValuesVersion = 27
05-23 11:30:41.173   700   700 D Settings: mValues.get(name) = null
05-23 11:30:41.183   167   167 E SLOGCP  : int MediaStorage::check_quota(): data large: 10492328/10M
05-23 11:30:41.183   167   167 E SLOGCP  : virtual void LogPipeHandler::process(int): CP cp_5mode save log error [16(Device or resource busy)]
05-23 11:30:41.493   167   167 E SLOGCP  : int MediaStorage::check_quota(): data large: 10492328/10M
05-23 11:30:41.493   167   167 E SLOGCP  : virtual void LogPipeHandler::process(int): CP cp_5mode save log error [16(Device or resource busy)]
05-23 11:30:41.593   180   214 D phoneserver: rsrp[0]=78,rscp[0]=255,rxlev[0]=99 ind_str= 
05-23 11:30:41.593   180   214 D phoneserver: +CESQ: 99,99,255,255,30,78
05-23 11:30:41.603   671   671 D StatusBar.NetworkController: onSignalStrengthsChanged on phoneId0signalStrength=SignalStrength: 99 -1 -120 -160 -120 -1 -1 99 -78 2147483647 2147483647 2147483647 gsm|lte level=4LTELevel=4
05-23 11:30:41.603   671   671 D StatusBar.NetworkController: phoneid=0 isexist=true  5
05-23 11:30:41.603   671   671 D StatusBar.NetworkController: isSupportLTE = false  isCardAbsent = false
05-23 11:30:41.603   671   671 D Settings: newValuesVersion = 6
05-23 11:30:41.613   671   671 D Settings: mValues.get(name) = null
05-23 11:30:41.613   671   671 E StatusBar.NetworkController: mServiceState[phoneId].getState(): 0
05-23 11:30:41.613   671   671 E StatusBar.NetworkController: mServiceState[phoneId].getDataRegState(): 0
05-23 11:30:41.613   671   671 D TelephonyManager: getRadioFeatures: phoneId=0
05-23 11:30:41.613   671   671 D TelephonyManager: getRadioCapbility: ssdaMode=tdd-csfb
05-23 11:30:41.613   671   671 D TelephonyManager: getRadioFeatures: rCapbility=TDD_CSFB, testMode=8
05-23 11:30:41.623   671   671 D StatusBar.NetworkController: phoneId = 0 colorIndex = 0 mInetCondition=0 iconLevel=4
05-23 11:30:41.623   671   671 D TelephonyManager: getRadioFeatures: phoneId=0
05-23 11:30:41.623   671   671 D TelephonyManager: getRadioCapbility: ssdaMode=tdd-csfb
05-23 11:30:41.623   671   671 D TelephonyManager: getRadioFeatures: rCapbility=TDD_CSFB, testMode=8
05-23 11:30:41.623   671   671 D TelephonyManager: getRadioFeatures: phoneId=0
05-23 11:30:41.623   671   671 D TelephonyManager: getRadioCapbility: ssdaMode=tdd-csfb
05-23 11:30:41.623   671   671 D TelephonyManager: getRadioFeatures: rCapbility=TDD_CSFB, testMode=8
05-23 11:30:41.633   671   671 D StatusBar.NetworkController: phoneId: 0  refreshViews:   mAirplaneMode=false emergencyOnly=false no_wifi no_wifi mWifiIconId=0x0 mQSWifiIconId=0x0 wifiLabel= mHasMobileDataFeature=true mShowPhoneRSSIForData=false mPhoneSignalIconId=0x7f020107 mDataSignalIconId=0x7f020105/com.android.systemui:drawable/stat_sys_signal_4_sprd Phone_Signal_Level=4 GPRS &NetworkRoaming=false mMobileActivityIconId=0x7f0200c0(mDataActivity=0) mDataTypeIconId=0x7f0200c8/com.android.systemui:drawable/stat_sys_data_fully_connected_4g_ex   combinedSignalIconId=0x7f020105/com.android.systemui:drawable/stat_sys_signal_4_ex mobileLabel=中国移动4G combinedLabel=中国移动4G mLastDataDirectionOverlayIconId=0x7f0200c0
05-23 11:30:41.633   671   671 D Settings: newValuesVersion = 2
05-23 11:30:41.633  1998  1998 D MainDialog:  oldLevel = 4 level = 4 isSimAvail = true
05-23 11:30:41.633   671   671 D Settings: mValues.get(name) = 0
05-23 11:30:41.643   671   671 D Settings: newValuesVersion = 6
05-23 11:30:41.643   671   671 D Settings: mValues.get(name) = null
05-23 11:30:41.643   671   671 D QuickSettingsModel: isStandby = true
05-23 11:30:41.643   671   671 D Settings: newValuesVersion = 6
05-23 11:30:41.643   671   671 D Settings: mValues.get(name) = null
05-23 11:30:41.643   671   671 D QuickSettingsModel: onVoWifiChanged multiModeSlot = 0 isVoWifiAvailable = false isStandby = true
05-23 11:30:41.723   157   157 D gralloc.sc8830: fb_post fps = 1.993794
05-23 11:30:41.733   167   167 E SLOGCP  : int MediaStorage::check_quota(): data large: 10492328/10M
05-23 11:30:41.733   167   167 E SLOGCP  : virtual void LogPipeHandler::process(int): CP cp_5mode save log error [16(Device or resource busy)]
05-23 11:30:41.803   885   885 D dalvikvm: GC_EXPLICIT freed 696K, 32% free 4891K/7160K, paused 2ms+2ms, total 27ms
05-23 11:30:41.833   167   167 E SLOGCP  : int MediaStorage::check_quota(): data large: 10492328/10M
05-23 11:30:41.833   167   167 E SLOGCP  : virtual void LogPipeHandler::process(int): CP cp_5mode save log error [16(Device or resource busy)]
05-23 11:30:42.144   167   167 E SLOGCP  : int MediaStorage::check_quota(): data large: 10492328/10M
05-23 11:30:42.144   167   167 E SLOGCP  : virtual void LogPipeHandler::process(int): CP cp_5mode save log error [16(Device or resource busy)]
05-23 11:30:42.174   700   700 D Settings: newValuesVersion = 27
05-23 11:30:42.174   700   700 D Settings: mValues.get(name) = null
05-23 11:30:42.314   167   167 E SLOGCP  : int MediaStorage::check_quota(): data large: 10492328/10M
05-23 11:30:42.314   167   167 E SLOGCP  : virtual void LogPipeHandler::process(int): CP cp_5mode save log error [16(Device or resource busy)]
05-23 11:30:42.594   180   214 D phoneserver: rsrp[0]=78,rscp[0]=255,rxlev[0]=99 ind_str= 
05-23 11:30:42.594   180   214 D phoneserver: +CESQ: 99,99,255,255,30,78
05-23 11:30:42.604   671   671 D StatusBar.NetworkController: onSignalStrengthsChanged on phoneId0signalStrength=SignalStrength: 99 -1 -120 -160 -120 -1 -1 99 -78 2147483647 2147483647 2147483647 gsm|lte level=4LTELevel=4
05-23 11:30:42.604   167   167 E SLOGCP  : int MediaStorage::check_quota(): data large: 10492328/10M
05-23 11:30:42.604   167   167 E SLOGCP  : virtual void LogPipeHandler::process(int): CP cp_5mode save log error [16(Device or resource busy)]
05-23 11:30:42.614   671   671 D StatusBar.NetworkController: phoneid=0 isexist=true  5
05-23 11:30:42.614   671   671 D StatusBar.NetworkController: isSupportLTE = false  isCardAbsent = false
05-23 11:30:42.614   671   671 D Settings: newValuesVersion = 6
05-23 11:30:42.614   671   671 D Settings: mValues.get(name) = null
05-23 11:30:42.614   671   671 E StatusBar.NetworkController: mServiceState[phoneId].getState(): 0
05-23 11:30:42.614   671   671 E StatusBar.NetworkController: mServiceState[phoneId].getDataRegState(): 0
05-23 11:30:42.614   671   671 D TelephonyManager: getRadioFeatures: phoneId=0
05-23 11:30:42.624   671   671 D TelephonyManager: getRadioCapbility: ssdaMode=tdd-csfb
05-23 11:30:42.624   671   671 D TelephonyManager: getRadioFeatures: rCapbility=TDD_CSFB, testMode=8
05-23 11:30:42.624   671   671 D StatusBar.NetworkController: phoneId = 0 colorIndex = 0 mInetCondition=0 iconLevel=4
05-23 11:30:42.624   671   671 D TelephonyManager: getRadioFeatures: phoneId=0
05-23 11:30:42.624   671   671 D TelephonyManager: getRadioCapbility: ssdaMode=tdd-csfb
05-23 11:30:42.624   671   671 D TelephonyManager: getRadioFeatures: rCapbility=TDD_CSFB, testMode=8
05-23 11:30:42.634   671   671 D TelephonyManager: getRadioFeatures: phoneId=0
05-23 11:30:42.634   671   671 D TelephonyManager: getRadioCapbility: ssdaMode=tdd-csfb
05-23 11:30:42.634   671   671 D TelephonyManager: getRadioFeatures: rCapbility=TDD_CSFB, testMode=8
05-23 11:30:42.634   671   671 D StatusBar.NetworkController: phoneId: 0  refreshViews:   mAirplaneMode=false emergencyOnly=false no_wifi no_wifi mWifiIconId=0x0 mQSWifiIconId=0x0 wifiLabel= mHasMobileDataFeature=true mShowPhoneRSSIForData=false mPhoneSignalIconId=0x7f020107 mDataSignalIconId=0x7f020105/com.android.systemui:drawable/stat_sys_signal_4_sprd Phone_Signal_Level=4 GPRS &NetworkRoaming=false mMobileActivityIconId=0x7f0200c0(mDataActivity=0) mDataTypeIconId=0x7f0200c8/com.android.systemui:drawable/stat_sys_data_fully_connected_4g_ex   combinedSignalIconId=0x7f020105/com.android.systemui:drawable/stat_sys_signal_4_ex mobileLabel=中国移动4G combinedLabel=中国移动4G mLastDataDirectionOverlayIconId=0x7f0200c0
05-23 11:30:42.634  1998  1998 D MainDialog:  oldLevel = 4 level = 4 isSimAvail = true
05-23 11:30:42.644   671   671 D Settings: newValuesVersion = 2
05-23 11:30:42.644   671   671 D Settings: mValues.get(name) = 0
05-23 11:30:42.644   671   671 D Settings: newValuesVersion = 6
05-23 11:30:42.644   671   671 D Settings: mValues.get(name) = null
05-23 11:30:42.644   671   671 D QuickSettingsModel: isStandby = true
05-23 11:30:42.644   671   671 D Settings: newValuesVersion = 6
05-23 11:30:42.644   671   671 D Settings: mValues.get(name) = null
05-23 11:30:42.654   671   671 D QuickSettingsModel: onVoWifiChanged multiModeSlot = 0 isVoWifiAvailable = false isStandby = true
05-23 11:30:42.724   157   157 D gralloc.sc8830: fb_post fps = 1.991855
05-23 11:30:42.794   167   167 E SLOGCP  : int MediaStorage::check_quota(): data large: 10492328/10M
05-23 11:30:42.794   167   167 E SLOGCP  : virtual void LogPipeHandler::process(int): CP cp_5mode save log error [16(Device or resource busy)]
05-23 11:30:42.844   592  1006 D LIBGPS  : watchdog_open PowerState:GE2 CP SLEEP,readcount:0
05-23 11:30:43.025   167   167 E SLOGCP  : int MediaStorage::check_quota(): data large: 10492328/10M
05-23 11:30:43.025   167   167 E SLOGCP  : virtual void LogPipeHandler::process(int): CP cp_5mode save log error [16(Device or resource busy)]
05-23 11:30:43.175   700   700 D Settings: newValuesVersion = 27
05-23 11:30:43.175   700   700 D Settings: mValues.get(name) = null
05-23 11:30:43.245   167   167 E SLOGCP  : int MediaStorage::check_quota(): data large: 10492328/10M
05-23 11:30:43.245   167   167 E SLOGCP  : virtual void LogPipeHandler::process(int): CP cp_5mode save log error [16(Device or resource busy)]
05-23 11:30:43.435   167   167 E SLOGCP  : int MediaStorage::check_quota(): data large: 10492328/10M
05-23 11:30:43.435   167   167 E SLOGCP  : virtual void LogPipeHandler::process(int): CP cp_5mode save log error [16(Device or resource busy)]
05-23 11:30:43.595   180   214 D phoneserver: rsrp[0]=78,rscp[0]=255,rxlev[0]=99 ind_str= 
05-23 11:30:43.595   180   214 D phoneserver: +CESQ: 99,99,255,255,30,78
05-23 11:30:43.605   671   671 D StatusBar.NetworkController: onSignalStrengthsChanged on phoneId0signalStrength=SignalStrength: 99 -1 -120 -160 -120 -1 -1 99 -78 2147483647 2147483647 2147483647 gsm|lte level=4LTELevel=4
05-23 11:30:43.605   671   671 D StatusBar.NetworkController: phoneid=0 isexist=true  5
05-23 11:30:43.605   671   671 D StatusBar.NetworkController: isSupportLTE = false  isCardAbsent = false
05-23 11:30:43.615   671   671 D Settings: newValuesVersion = 6
05-23 11:30:43.615   671   671 D Settings: mValues.get(name) = null
05-23 11:30:43.615   671   671 E StatusBar.NetworkController: mServiceState[phoneId].getState(): 0
05-23 11:30:43.615   671   671 E StatusBar.NetworkController: mServiceState[phoneId].getDataRegState(): 0
05-23 11:30:43.615   671   671 D TelephonyManager: getRadioFeatures: phoneId=0
05-23 11:30:43.615   671   671 D TelephonyManager: getRadioCapbility: ssdaMode=tdd-csfb
05-23 11:30:43.625   671   671 D TelephonyManager: getRadioFeatures: rCapbility=TDD_CSFB, testMode=8
05-23 11:30:43.625   671   671 D StatusBar.NetworkController: phoneId = 0 colorIndex = 0 mInetCondition=0 iconLevel=4
05-23 11:30:43.625   671   671 D TelephonyManager: getRadioFeatures: phoneId=0
05-23 11:30:43.625   671   671 D TelephonyManager: getRadioCapbility: ssdaMode=tdd-csfb
05-23 11:30:43.625   671   671 D TelephonyManager: getRadioFeatures: rCapbility=TDD_CSFB, testMode=8
05-23 11:30:43.625   671   671 D TelephonyManager: getRadioFeatures: phoneId=0
05-23 11:30:43.635   671   671 D TelephonyManager: getRadioCapbility: ssdaMode=tdd-csfb
05-23 11:30:43.635   671   671 D TelephonyManager: getRadioFeatures: rCapbility=TDD_CSFB, testMode=8
05-23 11:30:43.635   671   671 D StatusBar.NetworkController: phoneId: 0  refreshViews:   mAirplaneMode=false emergencyOnly=false no_wifi no_wifi mWifiIconId=0x0 mQSWifiIconId=0x0 wifiLabel= mHasMobileDataFeature=true mShowPhoneRSSIForData=false mPhoneSignalIconId=0x7f020107 mDataSignalIconId=0x7f020105/com.android.systemui:drawable/stat_sys_signal_4_sprd Phone_Signal_Level=4 GPRS &NetworkRoaming=false mMobileActivityIconId=0x7f0200c0(mDataActivity=0) mDataTypeIconId=0x7f0200c8/com.android.systemui:drawable/stat_sys_data_fully_connected_4g_ex   combinedSignalIconId=0x7f020105/com.android.systemui:drawable/stat_sys_signal_4_ex mobileLabel=中国移动4G combinedLabel=中国移动4G mLastDataDirectionOverlayIconId=0x7f0200c0
05-23 11:30:43.635   671   671 D Settings: newValuesVersion = 2
05-23 11:30:43.635  1998  1998 D MainDialog:  oldLevel = 4 level = 4 isSimAvail = true
05-23 11:30:43.645   671   671 D Settings: mValues.get(name) = 0
05-23 11:30:43.645   671   671 D Settings: newValuesVersion = 6
05-23 11:30:43.645   671   671 D Settings: mValues.get(name) = null
05-23 11:30:43.645   671   671 D QuickSettingsModel: isStandby = true
05-23 11:30:43.645   671   671 D Settings: newValuesVersion = 6
05-23 11:30:43.645   671   671 D Settings: mValues.get(name) = null
05-23 11:30:43.645   671   671 D QuickSettingsModel: onVoWifiChanged multiModeSlot = 0 isVoWifiAvailable = false isStandby = true
05-23 11:30:43.655   167   167 E SLOGCP  : int MediaStorage::check_quota(): data large: 10492328/10M
05-23 11:30:43.655   167   167 E SLOGCP  : virtual void LogPipeHandler::process(int): CP cp_5mode save log error [16(Device or resource busy)]
05-23 11:30:43.725   157   157 D gralloc.sc8830: fb_post fps = 1.999268
05-23 11:30:43.895   167   167 E SLOGCP  : int MediaStorage::check_quota(): data large: 10492328/10M
05-23 11:30:43.895   167   167 E SLOGCP  : virtual void LogPipeHandler::process(int): CP cp_5mode save log error [16(Device or resource busy)]
05-23 11:30:44.066   167   167 E SLOGCP  : int MediaStorage::check_quota(): data large: 10492328/10M
05-23 11:30:44.066   167   167 E SLOGCP  : virtual void LogPipeHandler::process(int): CP cp_5mode save log error [16(Device or resource busy)]
05-23 11:30:44.186   700   700 D Settings: newValuesVersion = 27
05-23 11:30:44.186   700   700 D Settings: mValues.get(name) = null
05-23 11:30:44.236   167   167 E SLOGCP  : int MediaStorage::check_quota(): data large: 10492328/10M
05-23 11:30:44.236   167   167 E SLOGCP  : virtual void LogPipeHandler::process(int): CP cp_5mode save log error [16(Device or resource busy)]
05-23 11:30:44.336   167   167 E SLOGCP  : int MediaStorage::check_quota(): data large: 10492328/10M
05-23 11:30:44.336   167   167 E SLOGCP  : virtual void LogPipeHandler::process(int): CP cp_5mode save log error [16(Device or resource busy)]
05-23 11:30:44.386   167   167 E SLOGCP  : int MediaStorage::check_quota(): data large: 10492328/10M
05-23 11:30:44.386   167   167 E SLOGCP  : virtual void LogPipeHandler::process(int): CP cp_5mode save log error [16(Device or resource busy)]
05-23 11:30:44.446   167   167 E SLOGCP  : int MediaStorage::check_quota(): data large: 10492328/10M
05-23 11:30:44.446   167   167 E SLOGCP  : virtual void LogPipeHandler::process(int): CP cp_5mode save log error [16(Device or resource busy)]
05-23 11:30:44.536   167   167 E SLOGCP  : int MediaStorage::check_quota(): data large: 10492328/10M
05-23 11:30:44.536   167   167 E SLOGCP  : virtual void LogPipeHandler::process(int): CP cp_5mode save log error [16(Device or resource busy)]
05-23 11:30:44.596   180   214 D phoneserver: rsrp[0]=78,rscp[0]=255,rxlev[0]=99 ind_str= 
05-23 11:30:44.596   180   214 D phoneserver: +CESQ: 99,99,255,255,30,78
05-23 11:30:44.606   671   671 D StatusBar.NetworkController: onSignalStrengthsChanged on phoneId0signalStrength=SignalStrength: 99 -1 -120 -160 -120 -1 -1 99 -78 2147483647 2147483647 2147483647 gsm|lte level=4LTELevel=4
05-23 11:30:44.606   671   671 D StatusBar.NetworkController: phoneid=0 isexist=true  5
05-23 11:30:44.606   671   671 D StatusBar.NetworkController: isSupportLTE = false  isCardAbsent = false
05-23 11:30:44.616   671   671 D Settings: newValuesVersion = 6
05-23 11:30:44.616   671   671 D Settings: mValues.get(name) = null
05-23 11:30:44.616   671   671 E StatusBar.NetworkController: mServiceState[phoneId].getState(): 0
05-23 11:30:44.616   671   671 E StatusBar.NetworkController: mServiceState[phoneId].getDataRegState(): 0
05-23 11:30:44.616   671   671 D TelephonyManager: getRadioFeatures: phoneId=0
05-23 11:30:44.626   671   671 D TelephonyManager: getRadioCapbility: ssdaMode=tdd-csfb
05-23 11:30:44.626  1998  1998 D MainDialog:  oldLevel = 4 level = 4 isSimAvail = true
05-23 11:30:44.626   671   671 D TelephonyManager: getRadioFeatures: rCapbility=TDD_CSFB, testMode=8
05-23 11:30:44.626   671   671 D StatusBar.NetworkController: phoneId = 0 colorIndex = 0 mInetCondition=0 iconLevel=4
05-23 11:30:44.626   671   671 D TelephonyManager: getRadioFeatures: phoneId=0
05-23 11:30:44.626   671   671 D TelephonyManager: getRadioCapbility: ssdaMode=tdd-csfb
05-23 11:30:44.626   671   671 D TelephonyManager: getRadioFeatures: rCapbility=TDD_CSFB, testMode=8
05-23 11:30:44.636   671   671 D TelephonyManager: getRadioFeatures: phoneId=0
05-23 11:30:44.636   671   671 D TelephonyManager: getRadioCapbility: ssdaMode=tdd-csfb
05-23 11:30:44.636   671   671 D TelephonyManager: getRadioFeatures: rCapbility=TDD_CSFB, testMode=8
05-23 11:30:44.636   671   671 D StatusBar.NetworkController: phoneId: 0  refreshViews:   mAirplaneMode=false emergencyOnly=false no_wifi no_wifi mWifiIconId=0x0 mQSWifiIconId=0x0 wifiLabel= mHasMobileDataFeature=true mShowPhoneRSSIForData=false mPhoneSignalIconId=0x7f020107 mDataSignalIconId=0x7f020105/com.android.systemui:drawable/stat_sys_signal_4_sprd Phone_Signal_Level=4 GPRS &NetworkRoaming=false mMobileActivityIconId=0x7f0200c0(mDataActivity=0) mDataTypeIconId=0x7f0200c8/com.android.systemui:drawable/stat_sys_data_fully_connected_4g_ex   combinedSignalIconId=0x7f020105/com.android.systemui:drawable/stat_sys_signal_4_ex mobileLabel=中国移动4G combinedLabel=中国移动4G mLastDataDirectionOverlayIconId=0x7f0200c0
05-23 11:30:44.646   671   671 D Settings: newValuesVersion = 2
05-23 11:30:44.646   671   671 D Settings: mValues.get(name) = 0
05-23 11:30:44.646   671   671 D Settings: newValuesVersion = 6
05-23 11:30:44.646   671   671 D Settings: mValues.get(name) = null
05-23 11:30:44.646   671   671 D QuickSettingsModel: isStandby = true
05-23 11:30:44.646   671   671 D Settings: newValuesVersion = 6
05-23 11:30:44.646   671   671 D Settings: mValues.get(name) = null
05-23 11:30:44.656   671   671 D QuickSettingsModel: onVoWifiChanged multiModeSlot = 0 isVoWifiAvailable = false isStandby = true
05-23 11:30:44.736   157   157 D gralloc.sc8830: fb_post fps = 1.991310
05-23 11:30:44.846   592  1006 D LIBGPS  : watchdog_open PowerState:GE2 CP SLEEP,readcount:0
05-23 11:30:44.856   167   167 E SLOGCP  : int MediaStorage::check_quota(): data large: 10492328/10M
05-23 11:30:44.856   167   167 E SLOGCP  : virtual void LogPipeHandler::process(int): CP cp_5mode save log error [16(Device or resource busy)]
05-23 11:30:45.027   167   167 E SLOGCP  : int MediaStorage::check_quota(): data large: 10492328/10M
05-23 11:30:45.027   167   167 E SLOGCP  : virtual void LogPipeHandler::process(int): CP cp_5mode save log error [16(Device or resource busy)]
05-23 11:30:45.187   700   700 D Settings: newValuesVersion = 27
05-23 11:30:45.187   700   700 D Settings: mValues.get(name) = null
05-23 11:30:45.327   167   167 E SLOGCP  : int MediaStorage::check_quota(): data large: 10492328/10M
05-23 11:30:45.327   167   167 E SLOGCP  : virtual void LogPipeHandler::process(int): CP cp_5mode save log error [16(Device or resource busy)]
05-23 11:30:45.507   167   167 E SLOGCP  : int MediaStorage::check_quota(): data large: 10492328/10M
05-23 11:30:45.507   167   167 E SLOGCP  : virtual void LogPipeHandler::process(int): CP cp_5mode save log error [16(Device or resource busy)]
05-23 11:30:45.597   180   214 D phoneserver: rsrp[0]=78,rscp[0]=255,rxlev[0]=99 ind_str= 
05-23 11:30:45.597   180   214 D phoneserver: +CESQ: 99,99,255,255,30,78
05-23 11:30:45.607   671   671 D StatusBar.NetworkController: onSignalStrengthsChanged on phoneId0signalStrength=SignalStrength: 99 -1 -120 -160 -120 -1 -1 99 -78 2147483647 2147483647 2147483647 gsm|lte level=4LTELevel=4
05-23 11:30:45.607   671   671 D StatusBar.NetworkController: phoneid=0 isexist=true  5
05-23 11:30:45.617   671   671 D StatusBar.NetworkController: isSupportLTE = false  isCardAbsent = false
05-23 11:30:45.617   671   671 D Settings: newValuesVersion = 6
05-23 11:30:45.617   671   671 D Settings: mValues.get(name) = null
05-23 11:30:45.617   671   671 E StatusBar.NetworkController: mServiceState[phoneId].getState(): 0
05-23 11:30:45.617   671   671 E StatusBar.NetworkController: mServiceState[phoneId].getDataRegState(): 0
05-23 11:30:45.617   671   671 D TelephonyManager: getRadioFeatures: phoneId=0
05-23 11:30:45.627   671   671 D TelephonyManager: getRadioCapbility: ssdaMode=tdd-csfb
05-23 11:30:45.627   671   671 D TelephonyManager: getRadioFeatures: rCapbility=TDD_CSFB, testMode=8
05-23 11:30:45.627   671   671 D StatusBar.NetworkController: phoneId = 0 colorIndex = 0 mInetCondition=0 iconLevel=4
05-23 11:30:45.627   671   671 D TelephonyManager: getRadioFeatures: phoneId=0
05-23 11:30:45.627   671   671 D TelephonyManager: getRadioCapbility: ssdaMode=tdd-csfb
05-23 11:30:45.627   671   671 D TelephonyManager: getRadioFeatures: rCapbility=TDD_CSFB, testMode=8
05-23 11:30:45.627   671   671 D TelephonyManager: getRadioFeatures: phoneId=0
05-23 11:30:45.637   671   671 D TelephonyManager: getRadioCapbility: ssdaMode=tdd-csfb
05-23 11:30:45.637   671   671 D TelephonyManager: getRadioFeatures: rCapbility=TDD_CSFB, testMode=8
05-23 11:30:45.637   671   671 D StatusBar.NetworkController: phoneId: 0  refreshViews:   mAirplaneMode=false emergencyOnly=false no_wifi no_wifi mWifiIconId=0x0 mQSWifiIconId=0x0 wifiLabel= mHasMobileDataFeature=true mShowPhoneRSSIForData=false mPhoneSignalIconId=0x7f020107 mDataSignalIconId=0x7f020105/com.android.systemui:drawable/stat_sys_signal_4_sprd Phone_Signal_Level=4 GPRS &NetworkRoaming=false mMobileActivityIconId=0x7f0200c0(mDataActivity=0) mDataTypeIconId=0x7f0200c8/com.android.systemui:drawable/stat_sys_data_fully_connected_4g_ex   combinedSignalIconId=0x7f020105/com.android.systemui:drawable/stat_sys_signal_4_ex mobileLabel=中国移动4G combinedLabel=中国移动4G mLastDataDirectionOverlayIconId=0x7f0200c0
05-23 11:30:45.637  1998  1998 D MainDialog:  oldLevel = 4 level = 4 isSimAvail = true
05-23 11:30:45.647   671   671 D Settings: newValuesVersion = 2
05-23 11:30:45.647   671   671 D Settings: mValues.get(name) = 0
05-23 11:30:45.647   671   671 D Settings: newValuesVersion = 6
05-23 11:30:45.647   671   671 D Settings: mValues.get(name) = null
05-23 11:30:45.647   671   671 D QuickSettingsModel: isStandby = true
05-23 11:30:45.647   671   671 D Settings: newValuesVersion = 6
05-23 11:30:45.647   671   671 D Settings: mValues.get(name) = null
05-23 11:30:45.647   671   671 D QuickSettingsModel: onVoWifiChanged multiModeSlot = 0 isVoWifiAvailable = false isStandby = true
05-23 11:30:45.807   167   167 E SLOGCP  : int MediaStorage::check_quota(): data large: 10492328/10M
05-23 11:30:45.807   167   167 E SLOGCP  : virtual void LogPipeHandler::process(int): CP cp_5mode save log error [16(Device or resource busy)]
05-23 11:30:45.987   167   167 E SLOGCP  : int MediaStorage::check_quota(): data large: 10492328/10M
05-23 11:30:45.987   167   167 E SLOGCP  : virtual void LogPipeHandler::process(int): CP cp_5mode save log error [16(Device or resource busy)]
05-23 11:30:46.198   700   700 D Settings: newValuesVersion = 27
05-23 11:30:46.198   700   700 D Settings: mValues.get(name) = null
05-23 11:30:46.218   167   167 E SLOGCP  : int MediaStorage::check_quota(): data large: 10492328/10M
05-23 11:30:46.218   167   167 E SLOGCP  : virtual void LogPipeHandler::process(int): CP cp_5mode save log error [16(Device or resource busy)]
05-23 11:30:46.228   157   157 D gralloc.sc8830: fb_post fps = 2.008910
05-23 11:30:46.448   167   167 E SLOGCP  : int MediaStorage::check_quota(): data large: 10492328/10M
05-23 11:30:46.448   167   167 E SLOGCP  : virtual void LogPipeHandler::process(int): CP cp_5mode save log error [16(Device or resource busy)]
05-23 11:30:46.588   180   214 D phoneserver: rsrp[0]=78,rscp[0]=255,rxlev[0]=99 ind_str= 
05-23 11:30:46.588   180   214 D phoneserver: +CESQ: 99,99,255,255,30,78
05-23 11:30:46.598   671   671 D StatusBar.NetworkController: onSignalStrengthsChanged on phoneId0signalStrength=SignalStrength: 99 -1 -120 -160 -120 -1 -1 99 -78 2147483647 2147483647 2147483647 gsm|lte level=4LTELevel=4
05-23 11:30:46.598   671   671 D StatusBar.NetworkController: phoneid=0 isexist=true  5
05-23 11:30:46.608   671   671 D StatusBar.NetworkController: isSupportLTE = false  isCardAbsent = false
05-23 11:30:46.608   671   671 D Settings: newValuesVersion = 6
05-23 11:30:46.608   671   671 D Settings: mValues.get(name) = null
05-23 11:30:46.608   671   671 E StatusBar.NetworkController: mServiceState[phoneId].getState(): 0
05-23 11:30:46.608   671   671 E StatusBar.NetworkController: mServiceState[phoneId].getDataRegState(): 0
05-23 11:30:46.608   671   671 D TelephonyManager: getRadioFeatures: phoneId=0
05-23 11:30:46.618   671   671 D TelephonyManager: getRadioCapbility: ssdaMode=tdd-csfb
05-23 11:30:46.618   167   167 E SLOGCP  : int MediaStorage::check_quota(): data large: 10492328/10M
05-23 11:30:46.618   167   167 E SLOGCP  : virtual void LogPipeHandler::process(int): CP cp_5mode save log error [16(Device or resource busy)]
05-23 11:30:46.618   671   671 D TelephonyManager: getRadioFeatures: rCapbility=TDD_CSFB, testMode=8
05-23 11:30:46.618   671   671 D StatusBar.NetworkController: phoneId = 0 colorIndex = 0 mInetCondition=0 iconLevel=4
05-23 11:30:46.618   671   671 D TelephonyManager: getRadioFeatures: phoneId=0
05-23 11:30:46.628   671   671 D TelephonyManager: getRadioCapbility: ssdaMode=tdd-csfb
05-23 11:30:46.628   671   671 D TelephonyManager: getRadioFeatures: rCapbility=TDD_CSFB, testMode=8
05-23 11:30:46.628   671   671 D TelephonyManager: getRadioFeatures: phoneId=0
05-23 11:30:46.628   671   671 D TelephonyManager: getRadioCapbility: ssdaMode=tdd-csfb
05-23 11:30:46.628   671   671 D TelephonyManager: getRadioFeatures: rCapbility=TDD_CSFB, testMode=8
05-23 11:30:46.628  1998  1998 D MainDialog:  oldLevel = 4 level = 4 isSimAvail = true
05-23 11:30:46.638   671   671 D StatusBar.NetworkController: phoneId: 0  refreshViews:   mAirplaneMode=false emergencyOnly=false no_wifi no_wifi mWifiIconId=0x0 mQSWifiIconId=0x0 wifiLabel= mHasMobileDataFeature=true mShowPhoneRSSIForData=false mPhoneSignalIconId=0x7f020107 mDataSignalIconId=0x7f020105/com.android.systemui:drawable/stat_sys_signal_4_sprd Phone_Signal_Level=4 GPRS &NetworkRoaming=false mMobileActivityIconId=0x7f0200c0(mDataActivity=0) mDataTypeIconId=0x7f0200c8/com.android.systemui:drawable/stat_sys_data_fully_connected_4g_ex   combinedSignalIconId=0x7f020105/com.android.systemui:drawable/stat_sys_signal_4_ex mobileLabel=中国移动4G combinedLabel=中国移动4G mLastDataDirectionOverlayIconId=0x7f0200c0
05-23 11:30:46.638   671   671 D Settings: newValuesVersion = 2
05-23 11:30:46.638   671   671 D Settings: mValues.get(name) = 0
05-23 11:30:46.638   671   671 D Settings: newValuesVersion = 6
05-23 11:30:46.638   671   671 D Settings: mValues.get(name) = null
05-23 11:30:46.638   671   671 D QuickSettingsModel: isStandby = true
05-23 11:30:46.638   671   671 D Settings: newValuesVersion = 6
05-23 11:30:46.638   671   671 D Settings: mValues.get(name) = null
05-23 11:30:46.638   671   671 D QuickSettingsModel: onVoWifiChanged multiModeSlot = 0 isVoWifiAvailable = false isStandby = true
05-23 11:30:46.808   898   898 D dalvikvm: GC_EXPLICIT freed 1872K, 49% free 3713K/7232K, paused 4ms+3ms, total 38ms
05-23 11:30:46.838   592  1006 D LIBGPS  : watchdog_open PowerState:GE2 CP SLEEP,readcount:0
05-23 11:30:46.848   167   167 E SLOGCP  : int MediaStorage::check_quota(): data large: 10492328/10M
05-23 11:30:46.848   167   167 E SLOGCP  : virtual void LogPipeHandler::process(int): CP cp_5mode save log error [16(Device or resource busy)]
05-23 11:30:47.079   167   167 E SLOGCP  : int MediaStorage::check_quota(): data large: 10492328/10M
05-23 11:30:47.079   167   167 E SLOGCP  : virtual void LogPipeHandler::process(int): CP cp_5mode save log error [16(Device or resource busy)]
05-23 11:30:47.189   700   700 D Settings: newValuesVersion = 27
05-23 11:30:47.189   700   700 D Settings: mValues.get(name) = null
05-23 11:30:47.219   157   157 D gralloc.sc8830: fb_post fps = 1.999085
05-23 11:30:47.269   167   167 E SLOGCP  : int MediaStorage::check_quota(): data large: 10492328/10M
05-23 11:30:47.269   167   167 E SLOGCP  : virtual void LogPipeHandler::process(int): CP cp_5mode save log error [16(Device or resource busy)]
05-23 11:30:47.569   167   167 E SLOGCP  : int MediaStorage::check_quota(): data large: 10492328/10M
05-23 11:30:47.569   167   167 E SLOGCP  : virtual void LogPipeHandler::process(int): CP cp_5mode save log error [16(Device or resource busy)]
05-23 11:30:47.589   180   214 D phoneserver: rsrp[0]=78,rscp[0]=255,rxlev[0]=99 ind_str= 
05-23 11:30:47.589   180   214 D phoneserver: +CESQ: 99,99,255,255,30,78
05-23 11:30:47.599   671   671 D StatusBar.NetworkController: onSignalStrengthsChanged on phoneId0signalStrength=SignalStrength: 99 -1 -120 -160 -120 -1 -1 99 -78 2147483647 2147483647 2147483647 gsm|lte level=4LTELevel=4
05-23 11:30:47.599   671   671 D StatusBar.NetworkController: phoneid=0 isexist=true  5
05-23 11:30:47.609   671   671 D StatusBar.NetworkController: isSupportLTE = false  isCardAbsent = false
05-23 11:30:47.609   671   671 D Settings: newValuesVersion = 6
05-23 11:30:47.609   671   671 D Settings: mValues.get(name) = null
05-23 11:30:47.609   671   671 E StatusBar.NetworkController: mServiceState[phoneId].getState(): 0
05-23 11:30:47.609   671   671 E StatusBar.NetworkController: mServiceState[phoneId].getDataRegState(): 0
05-23 11:30:47.619   671   671 D TelephonyManager: getRadioFeatures: phoneId=0
05-23 11:30:47.619   671   671 D TelephonyManager: getRadioCapbility: ssdaMode=tdd-csfb
05-23 11:30:47.619   671   671 D TelephonyManager: getRadioFeatures: rCapbility=TDD_CSFB, testMode=8
05-23 11:30:47.619   671   671 D StatusBar.NetworkController: phoneId = 0 colorIndex = 0 mInetCondition=0 iconLevel=4
05-23 11:30:47.619   671   671 D TelephonyManager: getRadioFeatures: phoneId=0
05-23 11:30:47.619   671   671 D TelephonyManager: getRadioCapbility: ssdaMode=tdd-csfb
05-23 11:30:47.619   671   671 D TelephonyManager: getRadioFeatures: rCapbility=TDD_CSFB, testMode=8
05-23 11:30:47.629   671   671 D TelephonyManager: getRadioFeatures: phoneId=0
05-23 11:30:47.629   671   671 D TelephonyManager: getRadioCapbility: ssdaMode=tdd-csfb
05-23 11:30:47.629   671   671 D TelephonyManager: getRadioFeatures: rCapbility=TDD_CSFB, testMode=8
05-23 11:30:47.629   671   671 D StatusBar.NetworkController: phoneId: 0  refreshViews:   mAirplaneMode=false emergencyOnly=false no_wifi no_wifi mWifiIconId=0x0 mQSWifiIconId=0x0 wifiLabel= mHasMobileDataFeature=true mShowPhoneRSSIForData=false mPhoneSignalIconId=0x7f020107 mDataSignalIconId=0x7f020105/com.android.systemui:drawable/stat_sys_signal_4_sprd Phone_Signal_Level=4 GPRS &NetworkRoaming=false mMobileActivityIconId=0x7f0200c0(mDataActivity=0) mDataTypeIconId=0x7f0200c8/com.android.systemui:drawable/stat_sys_data_fully_connected_4g_ex   combinedSignalIconId=0x7f020105/com.android.systemui:drawable/stat_sys_signal_4_ex mobileLabel=中国移动4G combinedLabel=中国移动4G mLastDataDirectionOverlayIconId=0x7f0200c0
05-23 11:30:47.639   671   671 D Settings: newValuesVersion = 2
05-23 11:30:47.639  1998  1998 D MainDialog:  oldLevel = 4 level = 4 isSimAvail = true
05-23 11:30:47.639   671   671 D Settings: mValues.get(name) = 0
05-23 11:30:47.639   671   671 D Settings: newValuesVersion = 6
05-23 11:30:47.639   671   671 D Settings: mValues.get(name) = null
05-23 11:30:47.639   671   671 D QuickSettingsModel: isStandby = true
05-23 11:30:47.639   671   671 D Settings: newValuesVersion = 6
05-23 11:30:47.649   671   671 D Settings: mValues.get(name) = null
05-23 11:30:47.649   671   671 D QuickSettingsModel: onVoWifiChanged multiModeSlot = 0 isVoWifiAvailable = false isStandby = true
05-23 11:30:47.729   167   167 E SLOGCP  : int MediaStorage::check_quota(): data large: 10492328/10M
05-23 11:30:47.729   167   167 E SLOGCP  : virtual void LogPipeHandler::process(int): CP cp_5mode save log error [16(Device or resource busy)]
05-23 11:30:48.039   167   167 E SLOGCP  : int MediaStorage::check_quota(): data large: 10492328/10M
05-23 11:30:48.039   167   167 E SLOGCP  : virtual void LogPipeHandler::process(int): CP cp_5mode save log error [16(Device or resource busy)]
05-23 11:30:48.190   700   700 D Settings: newValuesVersion = 27
05-23 11:30:48.190   700   700 D Settings: mValues.get(name) = null
05-23 11:30:48.200   167   167 E SLOGCP  : int MediaStorage::check_quota(): data large: 10492328/10M
05-23 11:30:48.200   167   167 E SLOGCP  : virtual void LogPipeHandler::process(int): CP cp_5mode save log error [16(Device or resource busy)]
05-23 11:30:48.230   157   157 D gralloc.sc8830: fb_post fps = 1.989738
05-23 11:30:48.380   167   167 E SLOGCP  : int MediaStorage::check_quota(): data large: 10492328/10M
05-23 11:30:48.380   167   167 E SLOGCP  : virtual void LogPipeHandler::process(int): CP cp_5mode save log error [16(Device or resource busy)]
05-23 11:30:48.550   167   167 E SLOGCP  : int MediaStorage::check_quota(): data large: 10492328/10M
05-23 11:30:48.550   167   167 E SLOGCP  : virtual void LogPipeHandler::process(int): CP cp_5mode save log error [16(Device or resource busy)]
05-23 11:30:48.850   167   167 E SLOGCP  : int MediaStorage::check_quota(): data large: 10492328/10M
05-23 11:30:48.850   167   167 E SLOGCP  : virtual void LogPipeHandler::process(int): CP cp_5mode save log error [16(Device or resource busy)]
05-23 11:30:48.850   592  1006 D LIBGPS  : watchdog_open PowerState:GE2 CP SLEEP,readcount:0
05-23 11:30:49.010   167   167 E SLOGCP  : int MediaStorage::check_quota(): data large: 10492328/10M
05-23 11:30:49.010   167   167 E SLOGCP  : virtual void LogPipeHandler::process(int): CP cp_5mode save log error [16(Device or resource busy)]
05-23 11:30:49.211   700   700 D Settings: newValuesVersion = 27
05-23 11:30:49.211   700   700 D Settings: mValues.get(name) = null
05-23 11:30:49.231   157   157 D gralloc.sc8830: fb_post fps = 1.995311
05-23 11:30:49.321   167   167 E SLOGCP  : int MediaStorage::check_quota(): data large: 10492328/10M
05-23 11:30:49.321   167   167 E SLOGCP  : virtual void LogPipeHandler::process(int): CP cp_5mode save log error [16(Device or resource busy)]
05-23 11:30:49.421   167   167 E SLOGCP  : int MediaStorage::check_quota(): data large: 10492328/10M
