05-23 11:30:49.421   167   167 E SLOGCP  : virtual void LogPipeHandler::process(int): CP cp_5mode save log error [16(Device or resource busy)]
05-23 11:30:49.471   167   167 E SLOGCP  : int MediaStorage::check_quota(): data large: 10492328/10M
05-23 11:30:49.471   167   167 E SLOGCP  : virtual void LogPipeHandler::process(int): CP cp_5mode save log error [16(Device or resource busy)]
05-23 11:30:49.511   167   167 E SLOGCP  : int MediaStorage::check_quota(): data large: 10492328/10M
05-23 11:30:49.511   167   167 E SLOGCP  : virtual void LogPipeHandler::process(int): CP cp_5mode save log error [16(Device or resource busy)]
05-23 11:30:49.581   167   167 E SLOGCP  : int MediaStorage::check_quota(): data large: 10492328/10M
05-23 11:30:49.581   167   167 E SLOGCP  : virtual void LogPipeHandler::process(int): CP cp_5mode save log error [16(Device or resource busy)]
05-23 11:30:49.811   167   167 E SLOGCP  : int MediaStorage::check_quota(): data large: 10492328/10M
05-23 11:30:49.811   167   167 E SLOGCP  : virtual void LogPipeHandler::process(int): CP cp_5mode save log error [16(Device or resource busy)]
05-23 11:30:50.061   167   167 E SLOGCP  : int MediaStorage::check_quota(): data large: 10492328/10M
05-23 11:30:50.061   167   167 E SLOGCP  : virtual void LogPipeHandler::process(int): CP cp_5mode save log error [16(Device or resource busy)]
05-23 11:30:50.212   700   700 D Settings: newValuesVersion = 27
05-23 11:30:50.212   700   700 D Settings: mValues.get(name) = null
05-23 11:30:50.232   157   157 D gralloc.sc8830: fb_post fps = 1.988893
05-23 11:30:50.312   167   167 E SLOGCP  : int MediaStorage::check_quota(): data large: 10492328/10M
05-23 11:30:50.312   167   167 E SLOGCP  : virtual void LogPipeHandler::process(int): CP cp_5mode save log error [16(Device or resource busy)]
05-23 11:30:50.602   167   167 E SLOGCP  : int MediaStorage::check_quota(): data large: 10492328/10M
05-23 11:30:50.602   167   167 E SLOGCP  : virtual void LogPipeHandler::process(int): CP cp_5mode save log error [16(Device or resource busy)]
05-23 11:30:50.772   167   167 E SLOGCP  : int MediaStorage::check_quota(): data large: 10492328/10M
05-23 11:30:50.772   167   167 E SLOGCP  : virtual void LogPipeHandler::process(int): CP cp_5mode save log error [16(Device or resource busy)]
05-23 11:30:50.822   167   167 E SLOGCP  : int MediaStorage::check_quota(): data large: 10492328/10M
05-23 11:30:50.822   167   167 E SLOGCP  : virtual void LogPipeHandler::process(int): CP cp_5mode save log error [16(Device or resource busy)]
05-23 11:30:50.842   592  1006 D LIBGPS  : watchdog_open PowerState:GE2 CP SLEEP,readcount:0
05-23 11:30:50.852   167   167 E SLOGCP  : int MediaStorage::check_quota(): data large: 10492328/10M
05-23 11:30:50.852   167   167 E SLOGCP  : virtual void LogPipeHandler::process(int): CP cp_5mode save log error [16(Device or resource busy)]
05-23 11:30:50.862   167   167 E SLOGCP  : int MediaStorage::check_quota(): data large: 10492328/10M
05-23 11:30:50.862   167   167 E SLOGCP  : virtual void LogPipeHandler::process(int): CP cp_5mode save log error [16(Device or resource busy)]
05-23 11:30:50.862   167   167 E SLOGCP  : int MediaStorage::check_quota(): data large: 10492328/10M
05-23 11:30:50.862   167   167 E SLOGCP  : virtual void LogPipeHandler::process(int): CP cp_5mode save log error [16(Device or resource busy)]
05-23 11:30:51.213   700   700 D Settings: newValuesVersion = 27
05-23 11:30:51.213   700   700 D Settings: mValues.get(name) = null
05-23 11:30:51.243   157   157 D gralloc.sc8830: fb_post fps = 1.994825
05-23 11:30:51.343   167   167 E SLOGCP  : int MediaStorage::check_quota(): data large: 10492328/10M
05-23 11:30:51.343   167   167 E SLOGCP  : virtual void LogPipeHandler::process(int): CP cp_5mode save log error [16(Device or resource busy)]
05-23 11:30:51.963   785   785 D dalvikvm: GC_EXPLICIT freed 410K, 34% free 5046K/7568K, paused 12ms+2ms, total 184ms
05-23 11:30:52.224   700   700 D Settings: newValuesVersion = 27
05-23 11:30:52.224   700   700 D Settings: mValues.get(name) = null
05-23 11:30:52.244   157   157 D gralloc.sc8830: fb_post fps = 1.997866
05-23 11:30:52.624   167   167 E SLOGCP  : int MediaStorage::check_quota(): data large: 10492328/10M
05-23 11:30:52.624   167   167 E SLOGCP  : virtual void LogPipeHandler::process(int): CP cp_5mode save log error [16(Device or resource busy)]
05-23 11:30:52.844   592  1006 D LIBGPS  : watchdog_open PowerState:GE2 CP SLEEP,readcount:0
05-23 11:30:53.225   700   700 D Settings: newValuesVersion = 27
05-23 11:30:53.225   700   700 D Settings: mValues.get(name) = null
05-23 11:30:53.245   157   157 D gralloc.sc8830: fb_post fps = 1.988893
05-23 11:30:53.905   167   167 E SLOGCP  : int MediaStorage::check_quota(): data large: 10492328/10M
05-23 11:30:53.905   167   167 E SLOGCP  : virtual void LogPipeHandler::process(int): CP cp_5mode save log error [16(Device or resource busy)]
05-23 11:30:54.226   700   700 D Settings: newValuesVersion = 27
05-23 11:30:54.226   700   700 D Settings: mValues.get(name) = null
05-23 11:30:54.266   157   157 D gralloc.sc8830: fb_post fps = 1.963331
05-23 11:30:54.856   592  1006 D LIBGPS  : watchdog_open PowerState:GE2 CP SLEEP,readcount:0
05-23 11:30:55.237   700   700 D Settings: newValuesVersion = 27
05-23 11:30:55.237   700   700 D Settings: mValues.get(name) = null
05-23 11:30:55.277   157   157 D gralloc.sc8830: fb_post fps = 1.989496
05-23 11:30:55.817   167   167 E SLOGCP  : int MediaStorage::check_quota(): data large: 10492328/10M
05-23 11:30:55.817   167   167 E SLOGCP  : virtual void LogPipeHandler::process(int): CP cp_5mode save log error [16(Device or resource busy)]
05-23 11:30:56.007   220   220 D collect_apr: XmlStorage::handleEvent()
05-23 11:30:56.037   220   220 D collect_apr: /data/sprdinfo/apr.xml file is created
05-23 11:30:56.237   700   700 D Settings: newValuesVersion = 27
05-23 11:30:56.247   700   700 D Settings: mValues.get(name) = null
05-23 11:30:56.768   157   157 D gralloc.sc8830: fb_post fps = 1.993834
05-23 11:30:56.848   592  1006 D LIBGPS  : watchdog_open PowerState:GE2 CP SLEEP,readcount:0
05-23 11:30:56.868   770   770 D dalvikvm: GC_EXPLICIT freed 257K, 19% free 2570K/3156K, paused 8ms+3ms, total 74ms
05-23 11:30:57.098   167   167 E SLOGCP  : int MediaStorage::check_quota(): data large: 10492328/10M
05-23 11:30:57.098   167   167 E SLOGCP  : virtual void LogPipeHandler::process(int): CP cp_5mode save log error [16(Device or resource busy)]
05-23 11:30:57.238   700   700 D Settings: newValuesVersion = 27
05-23 11:30:57.238   700   700 D Settings: mValues.get(name) = null
05-23 11:30:57.769   157   157 D gralloc.sc8830: fb_post fps = 1.995372
05-23 11:30:58.249   700   700 D Settings: newValuesVersion = 27
05-23 11:30:58.249   700   700 D Settings: mValues.get(name) = null
05-23 11:30:58.780   157   157 D gralloc.sc8830: fb_post fps = 1.989798
05-23 11:30:58.860   592  1006 D LIBGPS  : watchdog_open PowerState:GE2 CP SLEEP,readcount:0
05-23 11:30:59.020   167   167 E SLOGCP  : int MediaStorage::check_quota(): data large: 10492328/10M
05-23 11:30:59.020   167   167 E SLOGCP  : virtual void LogPipeHandler::process(int): CP cp_5mode save log error [16(Device or resource busy)]
05-23 11:30:59.250   700   700 D Settings: newValuesVersion = 27
05-23 11:30:59.250   700   700 D Settings: mValues.get(name) = null
05-23 11:30:59.781   157   157 D gralloc.sc8830: fb_post fps = 1.996041
05-23 11:31:00.061   671   671 D KeyguardUpdateMonitor: received broadcast android.intent.action.TIME_TICK
05-23 11:31:00.061   671   671 D KeyguardUpdateMonitor: handleTimeUpdate
05-23 11:31:00.061   671   671 D Clock   : action=android.intent.action.TIME_TICK start_time:1527046260076
05-23 11:31:00.071   671   671 D Settings: newValuesVersion = 6
05-23 11:31:00.071   671   671 D Settings: mValues.get(name) = 24
05-23 11:31:00.081   671   671 D Clock   : action=android.intent.action.TIME_TICK end_time:13
05-23 11:31:00.091   671   671 D CustomClock: action=android.intent.action.TIME_TICK start_time:1527046260107
05-23 11:31:00.091   671   671 D Settings: newValuesVersion = 6
05-23 11:31:00.101   671   671 D Settings: mValues.get(name) = 24
05-23 11:31:00.101   671   671 D CustomClock: action=android.intent.action.TIME_TICK end_time:6
05-23 11:31:00.101   671   671 D DateView: action=android.intent.action.TIME_TICK start_time:1527046260115
05-23 11:31:00.101   671   671 D Settings: newValuesVersion = 6
05-23 11:31:00.101   671   671 D Settings: mValues.get(name) = null
05-23 11:31:00.111   671   671 D DateView: action=android.intent.action.TIME_TICK end_time:5
05-23 11:31:00.111  1264  1264 V TimeTickService: timeTickReceiver ...
05-23 11:31:00.121  1264  1264 D Heroid  : vm_pause
05-23 11:31:00.131   671   671 D Settings: newValuesVersion = 6
05-23 11:31:00.131   671   671 D Settings: mValues.get(name) = null
05-23 11:31:00.131   671   671 D Settings: newValuesVersion = 6
05-23 11:31:00.131   671   671 D Settings: mValues.get(name) = null
05-23 11:31:00.141  1998  1998 D Settings: newValuesVersion = 6
05-23 11:31:00.141  1998  1998 D Settings: mValues.get(name) = 24
05-23 11:31:00.141  1998  1998 D Settings: newValuesVersion = 6
05-23 11:31:00.141  1998  1998 D Settings: mValues.get(name) = 24
05-23 11:31:00.141  1998  1998 D Settings: newValuesVersion = 6
05-23 11:31:00.141  1998  1998 D Settings: mValues.get(name) = null
05-23 11:31:00.161  1998  1998 D HCircularViewPager: onLayout
05-23 11:31:00.161  1998  1998 D HCircularViewPager: onLayout
05-23 11:31:00.251   700   700 D Settings: newValuesVersion = 27
05-23 11:31:00.251   700   700 D Settings: mValues.get(name) = null
05-23 11:31:00.792   157   157 D gralloc.sc8830: fb_post fps = 2.985151
05-23 11:31:00.852   592  1006 D LIBGPS  : watchdog_open PowerState:GE2 CP SLEEP,readcount:0
05-23 11:31:00.932   167   167 E SLOGCP  : int MediaStorage::check_quota(): data large: 10492328/10M
05-23 11:31:00.932   167   167 E SLOGCP  : virtual void LogPipeHandler::process(int): CP cp_5mode save log error [16(Device or resource busy)]
05-23 11:31:01.262   700   700 D Settings: newValuesVersion = 27
05-23 11:31:01.262   700   700 D Settings: mValues.get(name) = null
05-23 11:31:01.793   157   157 D gralloc.sc8830: fb_post fps = 1.995676
05-23 11:31:02.223   167   167 E SLOGCP  : int MediaStorage::check_quota(): data large: 10492328/10M
05-23 11:31:02.223   167   167 E SLOGCP  : virtual void LogPipeHandler::process(int): CP cp_5mode save log error [16(Device or resource busy)]
05-23 11:31:02.263   700   700 D Settings: newValuesVersion = 27
05-23 11:31:02.263   700   700 D Settings: mValues.get(name) = null
05-23 11:31:02.794   157   157 D gralloc.sc8830: fb_post fps = 1.988772
05-23 11:31:02.854   592  1006 D LIBGPS  : watchdog_open PowerState:GE2 CP SLEEP,readcount:0
05-23 11:31:02.884   167   167 E SLOGCP  : int MediaStorage::check_quota(): data large: 10492328/10M
05-23 11:31:02.884   167   167 E SLOGCP  : virtual void LogPipeHandler::process(int): CP cp_5mode save log error [16(Device or resource busy)]
05-23 11:31:02.914   167   167 E SLOGCP  : int MediaStorage::check_quota(): data large: 10492328/10M
05-23 11:31:02.914   167   167 E SLOGCP  : virtual void LogPipeHandler::process(int): CP cp_5mode save log error [16(Device or resource busy)]
05-23 11:31:02.944   167   167 E SLOGCP  : int MediaStorage::check_quota(): data large: 10492328/10M
05-23 11:31:02.944   167   167 E SLOGCP  : virtual void LogPipeHandler::process(int): CP cp_5mode save log error [16(Device or resource busy)]
05-23 11:31:02.974   167   167 E SLOGCP  : int MediaStorage::check_quota(): data large: 10492328/10M
05-23 11:31:02.974   167   167 E SLOGCP  : virtual void LogPipeHandler::process(int): CP cp_5mode save log error [16(Device or resource busy)]
05-23 11:31:03.024   167   167 E SLOGCP  : int MediaStorage::check_quota(): data large: 10492328/10M
05-23 11:31:03.024   167   167 E SLOGCP  : virtual void LogPipeHandler::process(int): CP cp_5mode save log error [16(Device or resource busy)]
05-23 11:31:03.084   167   167 E SLOGCP  : int MediaStorage::check_quota(): data large: 10492328/10M
05-23 11:31:03.084   167   167 E SLOGCP  : virtual void LogPipeHandler::process(int): CP cp_5mode save log error [16(Device or resource busy)]
05-23 11:31:03.134   167   167 E SLOGCP  : int MediaStorage::check_quota(): data large: 10492328/10M
05-23 11:31:03.134   167   167 E SLOGCP  : virtual void LogPipeHandler::process(int): CP cp_5mode save log error [16(Device or resource busy)]
05-23 11:31:03.204   167   167 E SLOGCP  : int MediaStorage::check_quota(): data large: 10492328/10M
05-23 11:31:03.204   167   167 E SLOGCP  : virtual void LogPipeHandler::process(int): CP cp_5mode save log error [16(Device or resource busy)]
05-23 11:31:03.244   167   167 E SLOGCP  : int MediaStorage::check_quota(): data large: 10492328/10M
05-23 11:31:03.244   167   167 E SLOGCP  : virtual void LogPipeHandler::process(int): CP cp_5mode save log error [16(Device or resource busy)]
05-23 11:31:03.274   671   671 D StatusBar.NetworkController: onDataActivity: direction=3 phoneId=0
05-23 11:31:03.274   671   671 D StatusBar.NetworkController: mDataDirectionIconId end :7f0200c8  true
05-23 11:31:03.284   671   671 D TelephonyManager: getRadioFeatures: phoneId=0
05-23 11:31:03.284   671   671 D TelephonyManager: getRadioCapbility: ssdaMode=tdd-csfb
05-23 11:31:03.284   671   671 D TelephonyManager: getRadioFeatures: rCapbility=TDD_CSFB, testMode=8
05-23 11:31:03.284   671   671 D StatusBar.NetworkController: phoneId: 0  refreshViews:   mAirplaneMode=false emergencyOnly=false no_wifi no_wifi mWifiIconId=0x0 mQSWifiIconId=0x0 wifiLabel= mHasMobileDataFeature=true mShowPhoneRSSIForData=false mPhoneSignalIconId=0x7f020107 mDataSignalIconId=0x7f020105/com.android.systemui:drawable/stat_sys_signal_4_sprd Phone_Signal_Level=4 GPRS &NetworkRoaming=false mMobileActivityIconId=0x7f0200dc(mDataActivity=3) mDataTypeIconId=0x7f0200c8/com.android.systemui:drawable/stat_sys_data_fully_connected_4g_ex   combinedSignalIconId=0x7f020105/com.android.systemui:drawable/stat_sys_signal_4_ex mobileLabel=中国移动4G combinedLabel=中国移动4G mLastDataDirectionOverlayIconId=0x7f0200c0
05-23 11:31:03.294   700   700 D Settings: newValuesVersion = 27
05-23 11:31:03.294   700   700 D Settings: mValues.get(name) = null
05-23 11:31:03.294   671   671 D Settings: newValuesVersion = 2
05-23 11:31:03.294   671   671 D Settings: mValues.get(name) = 0
05-23 11:31:03.294   671   671 D Settings: newValuesVersion = 6
05-23 11:31:03.294   671   671 D Settings: mValues.get(name) = null
05-23 11:31:03.294   671   671 D QuickSettingsModel: isStandby = true
05-23 11:31:03.304   671   671 D Settings: newValuesVersion = 6
05-23 11:31:03.304   671   671 D Settings: mValues.get(name) = null
05-23 11:31:03.304   671   671 D QuickSettingsModel: onVoWifiChanged multiModeSlot = 0 isVoWifiAvailable = false isStandby = true
05-23 11:31:03.314   167   167 E SLOGCP  : int MediaStorage::check_quota(): data large: 10492328/10M
05-23 11:31:03.314   167   167 E SLOGCP  : virtual void LogPipeHandler::process(int): CP cp_5mode save log error [16(Device or resource busy)]
05-23 11:31:03.324   671   671 D Settings: newValuesVersion = 2
05-23 11:31:03.324   671   671 D Settings: mValues.get(name) = 0
05-23 11:31:03.324   671   671 D Settings: newValuesVersion = 6
05-23 11:31:03.324   671   671 D Settings: mValues.get(name) = null
05-23 11:31:03.334   671   671 D QuickSettingsModel: isStandby = true
05-23 11:31:03.334   671   671 D Settings: newValuesVersion = 6
05-23 11:31:03.334   671   671 D Settings: mValues.get(name) = null
05-23 11:31:03.334   671   671 D QuickSettingsModel: onVoWifiChanged multiModeSlot = 0 isVoWifiAvailable = false isStandby = true
05-23 11:31:03.334   671   671 D StatusBar.NetworkController: changing data overlay icon id to 2130837724
05-23 11:31:03.364   167   167 E SLOGCP  : int MediaStorage::check_quota(): data large: 10492328/10M
05-23 11:31:03.364   167   167 E SLOGCP  : virtual void LogPipeHandler::process(int): CP cp_5mode save log error [16(Device or resource busy)]
05-23 11:31:03.495   167   167 E SLOGCP  : int MediaStorage::check_quota(): data large: 10492328/10M
05-23 11:31:03.495   167   167 E SLOGCP  : virtual void LogPipeHandler::process(int): CP cp_5mode save log error [16(Device or resource busy)]
05-23 11:31:03.835   157   157 D gralloc.sc8830: fb_post fps = 1.931506
05-23 11:31:03.955   167   167 E SLOGCP  : int MediaStorage::check_quota(): data large: 10492328/10M
05-23 11:31:03.955   167   167 E SLOGCP  : virtual void LogPipeHandler::process(int): CP cp_5mode save log error [16(Device or resource busy)]
05-23 11:31:03.995   167   167 E SLOGCP  : int MediaStorage::check_quota(): data large: 10492328/10M
05-23 11:31:03.995   167   167 E SLOGCP  : virtual void LogPipeHandler::process(int): CP cp_5mode save log error [16(Device or resource busy)]
05-23 11:31:04.055   167   167 E SLOGCP  : int MediaStorage::check_quota(): data large: 10492328/10M
05-23 11:31:04.055   167   167 E SLOGCP  : virtual void LogPipeHandler::process(int): CP cp_5mode save log error [16(Device or resource busy)]
05-23 11:31:04.125   167   167 E SLOGCP  : int MediaStorage::check_quota(): data large: 10492328/10M
05-23 11:31:04.125   167   167 E SLOGCP  : virtual void LogPipeHandler::process(int): CP cp_5mode save log error [16(Device or resource busy)]
05-23 11:31:04.295   700   700 D Settings: newValuesVersion = 27
05-23 11:31:04.295   700   700 D Settings: mValues.get(name) = null
05-23 11:31:04.295   671   671 D StatusBar.NetworkController: onDataActivity: direction=0 phoneId=0
05-23 11:31:04.305   671   671 D StatusBar.NetworkController: mDataDirectionIconId end :7f0200c8  true
05-23 11:31:04.305   671   671 D TelephonyManager: getRadioFeatures: phoneId=0
05-23 11:31:04.305   671   671 D TelephonyManager: getRadioCapbility: ssdaMode=tdd-csfb
05-23 11:31:04.305   671   671 D TelephonyManager: getRadioFeatures: rCapbility=TDD_CSFB, testMode=8
05-23 11:31:04.315   671   671 D StatusBar.NetworkController: phoneId: 0  refreshViews:   mAirplaneMode=false emergencyOnly=false no_wifi no_wifi mWifiIconId=0x0 mQSWifiIconId=0x0 wifiLabel= mHasMobileDataFeature=true mShowPhoneRSSIForData=false mPhoneSignalIconId=0x7f020107 mDataSignalIconId=0x7f020105/com.android.systemui:drawable/stat_sys_signal_4_sprd Phone_Signal_Level=4 GPRS &NetworkRoaming=false mMobileActivityIconId=0x7f0200c0(mDataActivity=0) mDataTypeIconId=0x7f0200c8/com.android.systemui:drawable/stat_sys_data_fully_connected_4g_ex   combinedSignalIconId=0x7f020105/com.android.systemui:drawable/stat_sys_signal_4_ex mobileLabel=中国移动4G combinedLabel=中国移动4G mLastDataDirectionOverlayIconId=0x7f0200dc
05-23 11:31:04.315   671   671 D Settings: newValuesVersion = 2
05-23 11:31:04.315   671   671 D Settings: mValues.get(name) = 0
05-23 11:31:04.315   671   671 D Settings: newValuesVersion = 6
05-23 11:31:04.325   671   671 D Settings: mValues.get(name) = null
05-23 11:31:04.325   671   671 D QuickSettingsModel: isStandby = true
05-23 11:31:04.325   671   671 D Settings: newValuesVersion = 6
05-23 11:31:04.335   671   671 D Settings: mValues.get(name) = null
05-23 11:31:04.335   671   671 D QuickSettingsModel: onVoWifiChanged multiModeSlot = 0 isVoWifiAvailable = false isStandby = true
05-23 11:31:04.345   671   671 D Settings: newValuesVersion = 2
05-23 11:31:04.345   671   671 D Settings: mValues.get(name) = 0
05-23 11:31:04.345   671   671 D Settings: newValuesVersion = 6
05-23 11:31:04.345   671   671 D Settings: mValues.get(name) = null
05-23 11:31:04.345   671   671 D QuickSettingsModel: isStandby = true
05-23 11:31:04.345   671   671 D Settings: newValuesVersion = 6
05-23 11:31:04.345   671   671 D Settings: mValues.get(name) = null
05-23 11:31:04.345   671   671 D QuickSettingsModel: onVoWifiChanged multiModeSlot = 0 isVoWifiAvailable = false isStandby = true
05-23 11:31:04.355   671   671 D StatusBar.NetworkController: changing data overlay icon id to 2130837696
05-23 11:31:04.365   592   634 E AlarmManagerService: set alarm to 375.390000000
05-23 11:31:04.365   592   634 E AlarmManagerService: set alarm to 300.882000000
05-23 11:31:04.445   167   167 E SLOGCP  : int MediaStorage::check_quota(): data large: 10492328/10M
05-23 11:31:04.445   167   167 E SLOGCP  : virtual void LogPipeHandler::process(int): CP cp_5mode save log error [16(Device or resource busy)]
05-23 11:31:04.455   592  1395 E AlarmManagerService: set alarm to 300.326000000
05-23 11:31:04.466   592   995 E AlarmManagerService: set alarm to 305.348000000
05-23 11:31:04.466   592  1394 E AlarmManagerService: set alarm to 305.350000000
05-23 11:31:04.506   592   806 D SettingsProvider: oldValue = 0, value = 0
05-23 11:31:04.506   700   700 D Settings: newValuesVersion = 27
05-23 11:31:04.506   700   700 D Settings: mValues.get(name) = null
05-23 11:31:04.506   592   995 E AlarmManagerService: set alarm to 305.394000000
05-23 11:31:04.506   700   700 D Settings: newValuesVersion = 6
05-23 11:31:04.506   592   602 D Settings: newValuesVersion = 6
05-23 11:31:04.506   700   700 D Settings: mValues.get(name) = 0
05-23 11:31:04.506   592   602 D Settings: mValues.get(name) = null
05-23 11:31:04.516   700   700 D Settings: newValuesVersion = 27
05-23 11:31:04.516   700   700 D Settings: mValues.get(name) = null
05-23 11:31:04.526   592   866 E AlarmManagerService: set alarm to 305.412000000
05-23 11:31:04.676  1579  1579 E PushClient_Watchdog: createDaemon | error
05-23 11:31:04.676  1579  1579 E PushClient_Watchdog: java.io.IOException: Error running exec(). Command: [/data/data/com.toycloud.cmccwatchsdk/lib/libcwatchdog.so, com.toycloud.cmccwatchsdk, com.toycloud.cmccwatchsdk/com.iflytek.pushclient.manager.PushService, com.iflytek.pushclient.manager.PushService.singelinstance, 0] Working Directory: null Environment: null
05-23 11:31:04.676  1579  1579 E PushClient_Watchdog: 	at java.lang.ProcessManager.exec(ProcessManager.java:211)
05-23 11:31:04.676  1579  1579 E PushClient_Watchdog: 	at java.lang.Runtime.exec(Runtime.java:173)
05-23 11:31:04.676  1579  1579 E PushClient_Watchdog: 	at java.lang.Runtime.exec(Runtime.java:128)
05-23 11:31:04.676  1579  1579 E PushClient_Watchdog: 	at com.iflytek.pushclient.a.d.a.a(Watchdog.java:102)
05-23 11:31:04.676  1579  1579 E PushClient_Watchdog: 	at com.iflytek.pushclient.a.d.a.b(Watchdog.java:114)
05-23 11:31:04.676  1579  1579 E PushClient_Watchdog: 	at com.iflytek.pushclient.a.j.f.u(PushSDK.java:572)
05-23 11:31:04.676  1579  1579 E PushClient_Watchdog: 	at com.iflytek.pushclient.a.j.f.d(PushSDK.java:558)
05-23 11:31:04.676  1579  1579 E PushClient_Watchdog: 	at com.iflytek.pushclient.manager.PushService.b(PushService.java:161)
05-23 11:31:04.676  1579  1579 E PushClient_Watchdog: 	at com.iflytek.pushclient.manager.PushService.onStartCommand(PushService.java:101)
05-23 11:31:04.676  1579  1579 E PushClient_Watchdog: 	at android.app.ActivityThread.handleServiceArgs(ActivityThread.java:2809)
05-23 11:31:04.676  1579  1579 E PushClient_Watchdog: 	at android.app.ActivityThread.access$2100(ActivityThread.java:151)
05-23 11:31:04.676  1579  1579 E PushClient_Watchdog: 	at android.app.ActivityThread$H.handleMessage(ActivityThread.java:1340)
05-23 11:31:04.676  1579  1579 E PushClient_Watchdog: 	at android.os.Handler.dispatchMessage(Handler.java:102)
05-23 11:31:04.676  1579  1579 E PushClient_Watchdog: 	at android.os.Looper.loop(Looper.java:136)
05-23 11:31:04.676  1579  1579 E PushClient_Watchdog: 	at android.app.ActivityThread.main(ActivityThread.java:5375)
05-23 11:31:04.676  1579  1579 E PushClient_Watchdog: 	at java.lang.reflect.Method.invokeNative(Native Method)
05-23 11:31:04.676  1579  1579 E PushClient_Watchdog: 	at java.lang.reflect.Method.invoke(Method.java:515)
05-23 11:31:04.676  1579  1579 E PushClient_Watchdog: 	at com.android.internal.os.ZygoteInit$MethodAndArgsCaller.run(ZygoteInit.java:976)
05-23 11:31:04.676  1579  1579 E PushClient_Watchdog: 	at com.android.internal.os.ZygoteInit.main(ZygoteInit.java:792)
05-23 11:31:04.676  1579  1579 E PushClient_Watchdog: 	at dalvik.system.NativeStart.main(Native Method)
05-23 11:31:04.676  1579  1579 E PushClient_Watchdog: Caused by: java.io.IOException: No such file or directory
05-23 11:31:04.676  1579  1579 E PushClient_Watchdog: 	at java.lang.ProcessManager.exec(Native Method)
05-23 11:31:04.676  1579  1579 E PushClient_Watchdog: 	at java.lang.ProcessManager.exec(ProcessManager.java:209)
05-23 11:31:04.676  1579  1579 E PushClient_Watchdog: 	... 19 more
05-23 11:31:04.766   167   167 E SLOGCP  : int MediaStorage::check_quota(): data large: 10492328/10M
05-23 11:31:04.766   167   167 E SLOGCP  : virtual void LogPipeHandler::process(int): CP cp_5mode save log error [16(Device or resource busy)]
05-23 11:31:04.836   157   157 D gralloc.sc8830: fb_post fps = 1.989617
05-23 11:31:04.856   592  1006 D LIBGPS  : watchdog_open PowerState:GE2 CP SLEEP,readcount:0
05-23 11:31:04.956   167   167 E SLOGCP  : int MediaStorage::check_quota(): data large: 10492328/10M
05-23 11:31:04.956   167   167 E SLOGCP  : virtual void LogPipeHandler::process(int): CP cp_5mode save log error [16(Device or resource busy)]
05-23 11:31:05.006   167   167 E SLOGCP  : int MediaStorage::check_quota(): data large: 10492328/10M
05-23 11:31:05.006   167   167 E SLOGCP  : virtual void LogPipeHandler::process(int): CP cp_5mode save log error [16(Device or resource busy)]
05-23 11:31:05.086   167   167 E SLOGCP  : int MediaStorage::check_quota(): data large: 10492328/10M
05-23 11:31:05.086   167   167 E SLOGCP  : virtual void LogPipeHandler::process(int): CP cp_5mode save log error [16(Device or resource busy)]
05-23 11:31:05.306   700   700 D Settings: newValuesVersion = 27
05-23 11:31:05.306   700   700 D Settings: mValues.get(name) = null
05-23 11:31:05.396   167   167 E SLOGCP  : int MediaStorage::check_quota(): data large: 10492328/10M
05-23 11:31:05.396   167   167 E SLOGCP  : virtual void LogPipeHandler::process(int): CP cp_5mode save log error [16(Device or resource busy)]
05-23 11:31:05.727   167   167 E SLOGCP  : int MediaStorage::check_quota(): data large: 10492328/10M
05-23 11:31:05.727   167   167 E SLOGCP  : virtual void LogPipeHandler::process(int): CP cp_5mode save log error [16(Device or resource busy)]
05-23 11:31:05.847   157   157 D gralloc.sc8830: fb_post fps = 1.995919
05-23 11:31:05.907   167   167 E SLOGCP  : int MediaStorage::check_quota(): data large: 10492328/10M
05-23 11:31:05.907   167   167 E SLOGCP  : virtual void LogPipeHandler::process(int): CP cp_5mode save log error [16(Device or resource busy)]
05-23 11:31:05.977   167   167 E SLOGCP  : int MediaStorage::check_quota(): data large: 10492328/10M
05-23 11:31:05.977   167   167 E SLOGCP  : virtual void LogPipeHandler::process(int): CP cp_5mode save log error [16(Device or resource busy)]
05-23 11:31:06.027   167   167 E SLOGCP  : int MediaStorage::check_quota(): data large: 10492328/10M
05-23 11:31:06.027   167   167 E SLOGCP  : virtual void LogPipeHandler::process(int): CP cp_5mode save log error [16(Device or resource busy)]
05-23 11:31:06.307   700   700 D Settings: newValuesVersion = 27
05-23 11:31:06.307   700   700 D Settings: mValues.get(name) = null
05-23 11:31:06.357   167   167 E SLOGCP  : int MediaStorage::check_quota(): data large: 10492328/10M
05-23 11:31:06.357   167   167 E SLOGCP  : virtual void LogPipeHandler::process(int): CP cp_5mode save log error [16(Device or resource busy)]
05-23 11:31:06.608   180   214 D phoneserver: rsrp[0]=79,rscp[0]=255,rxlev[0]=99 ind_str= 
05-23 11:31:06.608   180   214 D phoneserver: +CESQ: 99,99,255,255,30,79
05-23 11:31:06.618   671   671 D StatusBar.NetworkController: onSignalStrengthsChanged on phoneId0signalStrength=SignalStrength: 99 -1 -120 -160 -120 -1 -1 99 -79 2147483647 2147483647 2147483647 gsm|lte level=4LTELevel=4
05-23 11:31:06.618   671   671 D StatusBar.NetworkController: phoneid=0 isexist=true  5
05-23 11:31:06.628   671   671 D StatusBar.NetworkController: isSupportLTE = false  isCardAbsent = false
05-23 11:31:06.628   671   671 D Settings: newValuesVersion = 6
05-23 11:31:06.628   671   671 D Settings: mValues.get(name) = null
05-23 11:31:06.628   671   671 E StatusBar.NetworkController: mServiceState[phoneId].getState(): 0
05-23 11:31:06.628   671   671 E StatusBar.NetworkController: mServiceState[phoneId].getDataRegState(): 0
05-23 11:31:06.628   671   671 D TelephonyManager: getRadioFeatures: phoneId=0
05-23 11:31:06.638   671   671 D TelephonyManager: getRadioCapbility: ssdaMode=tdd-csfb
05-23 11:31:06.638   671   671 D TelephonyManager: getRadioFeatures: rCapbility=TDD_CSFB, testMode=8
05-23 11:31:06.638   671   671 D StatusBar.NetworkController: phoneId = 0 colorIndex = 0 mInetCondition=0 iconLevel=4
05-23 11:31:06.638   671   671 D TelephonyManager: getRadioFeatures: phoneId=0
05-23 11:31:06.638   671   671 D TelephonyManager: getRadioCapbility: ssdaMode=tdd-csfb
05-23 11:31:06.638   671   671 D TelephonyManager: getRadioFeatures: rCapbility=TDD_CSFB, testMode=8
05-23 11:31:06.638   671   671 D TelephonyManager: getRadioFeatures: phoneId=0
05-23 11:31:06.638   671   671 D TelephonyManager: getRadioCapbility: ssdaMode=tdd-csfb
05-23 11:31:06.638   671   671 D TelephonyManager: getRadioFeatures: rCapbility=TDD_CSFB, testMode=8
05-23 11:31:06.648   671   671 D StatusBar.NetworkController: phoneId: 0  refreshViews:   mAirplaneMode=false emergencyOnly=false no_wifi no_wifi mWifiIconId=0x0 mQSWifiIconId=0x0 wifiLabel= mHasMobileDataFeature=true mShowPhoneRSSIForData=false mPhoneSignalIconId=0x7f020107 mDataSignalIconId=0x7f020105/com.android.systemui:drawable/stat_sys_signal_4_sprd Phone_Signal_Level=4 GPRS &NetworkRoaming=false mMobileActivityIconId=0x7f0200c0(mDataActivity=0) mDataTypeIconId=0x7f0200c8/com.android.systemui:drawable/stat_sys_data_fully_connected_4g_ex   combinedSignalIconId=0x7f020105/com.android.systemui:drawable/stat_sys_signal_4_ex mobileLabel=中国移动4G combinedLabel=中国移动4G mLastDataDirectionOverlayIconId=0x7f0200c0
05-23 11:31:06.648  1998  1998 D MainDialog:  oldLevel = 4 level = 4 isSimAvail = true
05-23 11:31:06.648   671   671 D Settings: newValuesVersion = 2
05-23 11:31:06.648   671   671 D Settings: mValues.get(name) = 0
05-23 11:31:06.648   671   671 D Settings: newValuesVersion = 6
05-23 11:31:06.648   671   671 D Settings: mValues.get(name) = null
05-23 11:31:06.648   671   671 D QuickSettingsModel: isStandby = true
05-23 11:31:06.648   671   671 D Settings: newValuesVersion = 6
05-23 11:31:06.648   671   671 D Settings: mValues.get(name) = null
05-23 11:31:06.648   671   671 D QuickSettingsModel: onVoWifiChanged multiModeSlot = 0 isVoWifiAvailable = false isStandby = true
05-23 11:31:06.678   167   167 E SLOGCP  : int MediaStorage::check_quota(): data large: 10492328/10M
05-23 11:31:06.678   167   167 E SLOGCP  : virtual void LogPipeHandler::process(int): CP cp_5mode save log error [16(Device or resource busy)]
05-23 11:31:06.838   157   157 D gralloc.sc8830: fb_post fps = 1.999695
05-23 11:31:06.848   167   167 E SLOGCP  : int MediaStorage::check_quota(): data large: 10492328/10M
05-23 11:31:06.848   167   167 E SLOGCP  : virtual void LogPipeHandler::process(int): CP cp_5mode save log error [16(Device or resource busy)]
05-23 11:31:06.848   592  1006 D LIBGPS  : watchdog_open PowerState:GE2 CP SLEEP,readcount:0
05-23 11:31:06.908   167   167 E SLOGCP  : int MediaStorage::check_quota(): data large: 10492328/10M
05-23 11:31:06.908   167   167 E SLOGCP  : virtual void LogPipeHandler::process(int): CP cp_5mode save log error [16(Device or resource busy)]
05-23 11:31:06.968   167   167 E SLOGCP  : int MediaStorage::check_quota(): data large: 10492328/10M
05-23 11:31:06.968   167   167 E SLOGCP  : virtual void LogPipeHandler::process(int): CP cp_5mode save log error [16(Device or resource busy)]
05-23 11:31:07.158   167   167 E SLOGCP  : int MediaStorage::check_quota(): data large: 10492328/10M
05-23 11:31:07.158   167   167 E SLOGCP  : virtual void LogPipeHandler::process(int): CP cp_5mode save log error [16(Device or resource busy)]
05-23 11:31:07.308   700   700 D Settings: newValuesVersion = 27
05-23 11:31:07.308   700   700 D Settings: mValues.get(name) = null
05-23 11:31:07.488   167   167 E SLOGCP  : int MediaStorage::check_quota(): data large: 10492328/10M
05-23 11:31:07.488   167   167 E SLOGCP  : virtual void LogPipeHandler::process(int): CP cp_5mode save log error [16(Device or resource busy)]
05-23 11:31:07.599   180   214 D phoneserver: rsrp[0]=80,rscp[0]=255,rxlev[0]=99 ind_str= 
05-23 11:31:07.599   180   214 D phoneserver: +CESQ: 99,99,255,255,30,80
05-23 11:31:07.599  1579  1579 D dalvikvm: GC_FOR_ALLOC freed 327K, 21% free 2415K/3040K, paused 43ms, total 47ms
05-23 11:31:07.609  1998  1998 D MainDialog:  oldLevel = 4 level = 4 isSimAvail = true
05-23 11:31:07.609   671   671 D StatusBar.NetworkController: onSignalStrengthsChanged on phoneId0signalStrength=SignalStrength: 99 -1 -120 -160 -120 -1 -1 99 -80 2147483647 2147483647 2147483647 gsm|lte level=4LTELevel=4
05-23 11:31:07.609   671   671 D StatusBar.NetworkController: phoneid=0 isexist=true  5
05-23 11:31:07.609   671   671 D StatusBar.NetworkController: isSupportLTE = false  isCardAbsent = false
05-23 11:31:07.609   671   671 D Settings: newValuesVersion = 6
05-23 11:31:07.609   671   671 D Settings: mValues.get(name) = null
05-23 11:31:07.609   671   671 E StatusBar.NetworkController: mServiceState[phoneId].getState(): 0
05-23 11:31:07.609   671   671 E StatusBar.NetworkController: mServiceState[phoneId].getDataRegState(): 0
05-23 11:31:07.609   671   671 D TelephonyManager: getRadioFeatures: phoneId=0
05-23 11:31:07.609   671   671 D TelephonyManager: getRadioCapbility: ssdaMode=tdd-csfb
05-23 11:31:07.609   671   671 D TelephonyManager: getRadioFeatures: rCapbility=TDD_CSFB, testMode=8
05-23 11:31:07.609   671   671 D StatusBar.NetworkController: phoneId = 0 colorIndex = 0 mInetCondition=0 iconLevel=4
05-23 11:31:07.619   671   671 D TelephonyManager: getRadioFeatures: phoneId=0
05-23 11:31:07.619   671   671 D TelephonyManager: getRadioCapbility: ssdaMode=tdd-csfb
05-23 11:31:07.619   671   671 D TelephonyManager: getRadioFeatures: rCapbility=TDD_CSFB, testMode=8
05-23 11:31:07.619   671   671 D TelephonyManager: getRadioFeatures: phoneId=0
05-23 11:31:07.619   671   671 D TelephonyManager: getRadioCapbility: ssdaMode=tdd-csfb
05-23 11:31:07.619   671   671 D TelephonyManager: getRadioFeatures: rCapbility=TDD_CSFB, testMode=8
05-23 11:31:07.619   671   671 D StatusBar.NetworkController: phoneId: 0  refreshViews:   mAirplaneMode=false emergencyOnly=false no_wifi no_wifi mWifiIconId=0x0 mQSWifiIconId=0x0 wifiLabel= mHasMobileDataFeature=true mShowPhoneRSSIForData=false mPhoneSignalIconId=0x7f020107 mDataSignalIconId=0x7f020105/com.android.systemui:drawable/stat_sys_signal_4_sprd Phone_Signal_Level=4 GPRS &NetworkRoaming=false mMobileActivityIconId=0x7f0200c0(mDataActivity=0) mDataTypeIconId=0x7f0200c8/com.android.systemui:drawable/stat_sys_data_fully_connected_4g_ex   combinedSignalIconId=0x7f020105/com.android.systemui:drawable/stat_sys_signal_4_ex mobileLabel=中国移动4G combinedLabel=中国移动4G mLastDataDirectionOverlayIconId=0x7f0200c0
05-23 11:31:07.619   671   671 D Settings: newValuesVersion = 2
05-23 11:31:07.619   671   671 D Settings: mValues.get(name) = 0
05-23 11:31:07.619   671   671 D Settings: newValuesVersion = 6
05-23 11:31:07.619   671   671 D Settings: mValues.get(name) = null
05-23 11:31:07.619   671   671 D QuickSettingsModel: isStandby = true
05-23 11:31:07.619   671   671 D Settings: newValuesVersion = 6
05-23 11:31:07.619   671   671 D Settings: mValues.get(name) = null
05-23 11:31:07.619   671   671 D QuickSettingsModel: onVoWifiChanged multiModeSlot = 0 isVoWifiAvailable = false isStandby = true
05-23 11:31:07.659   167   167 E SLOGCP  : int MediaStorage::check_quota(): data large: 10492328/10M
05-23 11:31:07.659   167   167 E SLOGCP  : virtual void LogPipeHandler::process(int): CP cp_5mode save log error [16(Device or resource busy)]
05-23 11:31:07.739   167   167 E SLOGCP  : int MediaStorage::check_quota(): data large: 10492328/10M
05-23 11:31:07.739   167   167 E SLOGCP  : virtual void LogPipeHandler::process(int): CP cp_5mode save log error [16(Device or resource busy)]
05-23 11:31:07.779   167   167 E SLOGCP  : int MediaStorage::check_quota(): data large: 10492328/10M
05-23 11:31:07.779   167   167 E SLOGCP  : virtual void LogPipeHandler::process(int): CP cp_5mode save log error [16(Device or resource busy)]
05-23 11:31:07.829   167   167 E SLOGCP  : int MediaStorage::check_quota(): data large: 10492328/10M
05-23 11:31:07.829   167   167 E SLOGCP  : virtual void LogPipeHandler::process(int): CP cp_5mode save log error [16(Device or resource busy)]
05-23 11:31:07.839   157   157 D gralloc.sc8830: fb_post fps = 1.985639
05-23 11:31:07.889   167   167 E SLOGCP  : int MediaStorage::check_quota(): data large: 10492328/10M
05-23 11:31:07.889   167   167 E SLOGCP  : virtual void LogPipeHandler::process(int): CP cp_5mode save log error [16(Device or resource busy)]
05-23 11:31:07.949   167   167 E SLOGCP  : int MediaStorage::check_quota(): data large: 10492328/10M
05-23 11:31:07.949   167   167 E SLOGCP  : virtual void LogPipeHandler::process(int): CP cp_5mode save log error [16(Device or resource busy)]
05-23 11:31:08.279   167   167 E SLOGCP  : int MediaStorage::check_quota(): data large: 10492328/10M
05-23 11:31:08.279   167   167 E SLOGCP  : virtual void LogPipeHandler::process(int): CP cp_5mode save log error [16(Device or resource busy)]
05-23 11:31:08.309   671   671 D StatusBar.NetworkController: onDataActivity: direction=3 phoneId=0
05-23 11:31:08.319   671   671 D StatusBar.NetworkController: mDataDirectionIconId end :7f0200c8  true
05-23 11:31:08.319   671   671 D TelephonyManager: getRadioFeatures: phoneId=0
05-23 11:31:08.319   671   671 D TelephonyManager: getRadioCapbility: ssdaMode=tdd-csfb
05-23 11:31:08.319   671   671 D TelephonyManager: getRadioFeatures: rCapbility=TDD_CSFB, testMode=8
05-23 11:31:08.319   671   671 D StatusBar.NetworkController: phoneId: 0  refreshViews:   mAirplaneMode=false emergencyOnly=false no_wifi no_wifi mWifiIconId=0x0 mQSWifiIconId=0x0 wifiLabel= mHasMobileDataFeature=true mShowPhoneRSSIForData=false mPhoneSignalIconId=0x7f020107 mDataSignalIconId=0x7f020105/com.android.systemui:drawable/stat_sys_signal_4_sprd Phone_Signal_Level=4 GPRS &NetworkRoaming=false mMobileActivityIconId=0x7f0200dc(mDataActivity=3) mDataTypeIconId=0x7f0200c8/com.android.systemui:drawable/stat_sys_data_fully_connected_4g_ex   combinedSignalIconId=0x7f020105/com.android.systemui:drawable/stat_sys_signal_4_ex mobileLabel=中国移动4G combinedLabel=中国移动4G mLastDataDirectionOverlayIconId=0x7f0200c0
05-23 11:31:08.319   671   671 D Settings: newValuesVersion = 2
05-23 11:31:08.329   700   700 D Settings: newValuesVersion = 27
05-23 11:31:08.329   700   700 D Settings: mValues.get(name) = null
05-23 11:31:08.329   671   671 D Settings: mValues.get(name) = 0
05-23 11:31:08.329   671   671 D Settings: newValuesVersion = 6
05-23 11:31:08.329   671   671 D Settings: mValues.get(name) = null
05-23 11:31:08.329   671   671 D QuickSettingsModel: isStandby = true
05-23 11:31:08.329   671   671 D Settings: newValuesVersion = 6
05-23 11:31:08.329   671   671 D Settings: mValues.get(name) = null
05-23 11:31:08.339   671   671 D QuickSettingsModel: onVoWifiChanged multiModeSlot = 0 isVoWifiAvailable = false isStandby = true
05-23 11:31:08.339   671   671 D Settings: newValuesVersion = 2
05-23 11:31:08.339   671   671 D Settings: mValues.get(name) = 0
05-23 11:31:08.339   671   671 D Settings: newValuesVersion = 6
05-23 11:31:08.349   671   671 D Settings: mValues.get(name) = null
05-23 11:31:08.349   671   671 D QuickSettingsModel: isStandby = true
05-23 11:31:08.349   671   671 D Settings: newValuesVersion = 6
05-23 11:31:08.349   671   671 D Settings: mValues.get(name) = null
05-23 11:31:08.349   671   671 D QuickSettingsModel: onVoWifiChanged multiModeSlot = 0 isVoWifiAvailable = false isStandby = true
05-23 11:31:08.349   671   671 D StatusBar.NetworkController: changing data overlay icon id to 2130837724
05-23 11:31:08.610   180   214 D phoneserver: rsrp[0]=81,rscp[0]=255,rxlev[0]=99 ind_str= 
05-23 11:31:08.610   180   214 D phoneserver: +CESQ: 99,99,255,255,30,81
05-23 11:31:08.610   167   167 E SLOGCP  : int MediaStorage::check_quota(): data large: 10492328/10M
05-23 11:31:08.610   167   167 E SLOGCP  : virtual void LogPipeHandler::process(int): CP cp_5mode save log error [16(Device or resource busy)]
05-23 11:31:08.610   671   671 D StatusBar.NetworkController: onSignalStrengthsChanged on phoneId0signalStrength=SignalStrength: 99 -1 -120 -160 -120 -1 -1 99 -81 2147483647 2147483647 2147483647 gsm|lte level=4LTELevel=4
05-23 11:31:08.610   671   671 D StatusBar.NetworkController: phoneid=0 isexist=true  5
05-23 11:31:08.620   671   671 D StatusBar.NetworkController: isSupportLTE = false  isCardAbsent = false
05-23 11:31:08.620   671   671 D Settings: newValuesVersion = 6
05-23 11:31:08.620  1998  1998 D MainDialog:  oldLevel = 4 level = 4 isSimAvail = true
05-23 11:31:08.620   671   671 D Settings: mValues.get(name) = null
05-23 11:31:08.620   671   671 E StatusBar.NetworkController: mServiceState[phoneId].getState(): 0
05-23 11:31:08.630   671   671 E StatusBar.NetworkController: mServiceState[phoneId].getDataRegState(): 0
05-23 11:31:08.630   671   671 D TelephonyManager: getRadioFeatures: phoneId=0
05-23 11:31:08.630   671   671 D TelephonyManager: getRadioCapbility: ssdaMode=tdd-csfb
05-23 11:31:08.630   671   671 D TelephonyManager: getRadioFeatures: rCapbility=TDD_CSFB, testMode=8
05-23 11:31:08.630   671   671 D StatusBar.NetworkController: phoneId = 0 colorIndex = 0 mInetCondition=0 iconLevel=4
05-23 11:31:08.640   671   671 D TelephonyManager: getRadioFeatures: phoneId=0
05-23 11:31:08.640   671   671 D TelephonyManager: getRadioCapbility: ssdaMode=tdd-csfb
05-23 11:31:08.640   671   671 D TelephonyManager: getRadioFeatures: rCapbility=TDD_CSFB, testMode=8
05-23 11:31:08.640   671   671 D TelephonyManager: getRadioFeatures: phoneId=0
05-23 11:31:08.640   671   671 D TelephonyManager: getRadioCapbility: ssdaMode=tdd-csfb
05-23 11:31:08.640   671   671 D TelephonyManager: getRadioFeatures: rCapbility=TDD_CSFB, testMode=8
05-23 11:31:08.650   671   671 D StatusBar.NetworkController: phoneId: 0  refreshViews:   mAirplaneMode=false emergencyOnly=false no_wifi no_wifi mWifiIconId=0x0 mQSWifiIconId=0x0 wifiLabel= mHasMobileDataFeature=true mShowPhoneRSSIForData=false mPhoneSignalIconId=0x7f020107 mDataSignalIconId=0x7f020105/com.android.systemui:drawable/stat_sys_signal_4_sprd Phone_Signal_Level=4 GPRS &NetworkRoaming=false mMobileActivityIconId=0x7f0200dc(mDataActivity=3) mDataTypeIconId=0x7f0200c8/com.android.systemui:drawable/stat_sys_data_fully_connected_4g_ex   combinedSignalIconId=0x7f020105/com.android.systemui:drawable/stat_sys_signal_4_ex mobileLabel=中国移动4G combinedLabel=中国移动4G mLastDataDirectionOverlayIconId=0x7f0200dc
05-23 11:31:08.650   671   671 D Settings: newValuesVersion = 2
05-23 11:31:08.650   671   671 D Settings: mValues.get(name) = 0
05-23 11:31:08.650   671   671 D Settings: newValuesVersion = 6
05-23 11:31:08.650   671   671 D Settings: mValues.get(name) = null
05-23 11:31:08.660   671   671 D QuickSettingsModel: isStandby = true
05-23 11:31:08.660   671   671 D Settings: newValuesVersion = 6
05-23 11:31:08.660   671   671 D Settings: mValues.get(name) = null
05-23 11:31:08.660   671   671 D QuickSettingsModel: onVoWifiChanged multiModeSlot = 0 isVoWifiAvailable = false isStandby = true
05-23 11:31:08.860   592  1006 D LIBGPS  : watchdog_open PowerState:GE2 CP SLEEP,readcount:0
05-23 11:31:08.880   157   157 D gralloc.sc8830: fb_post fps = 1.927133
05-23 11:31:08.920   167   167 E SLOGCP  : int MediaStorage::check_quota(): data large: 10492328/10M
05-23 11:31:08.920   167   167 E SLOGCP  : virtual void LogPipeHandler::process(int): CP cp_5mode save log error [16(Device or resource busy)]
05-23 11:31:08.950   170   262 I ThermalCvtGovernor: cpu sensor Sum: 3099969, cala times: 60
05-23 11:31:08.950   170   262 I ThermalCvtGovernor: cpu sensor average temp: 51666
05-23 11:31:08.950   170   262 I ThermalCvtGovernor: cpu sensor calTemp: 51666 tripTemp: 52000
05-23 11:31:08.950   170   262 I ThermalCvtGovernor: cpu sensor setLevel: 0, setTrip: 0
05-23 11:31:08.950   170   262 I ThermalManager: send event type=1, sensor=cpu sensor
05-23 11:31:08.960   170   170 I ThermalManager: received EVENT_TRIP, sensor=cpu sensor
05-23 11:31:08.960   170   170 I ThermalActionCommon: do,===>cpu, mArg:0,2,1250000, mFileNode:/sys/class/thermal/cooling_device0/cur_ctrl_param
05-23 11:31:08.960   170   170 I ThermalActionCommon: do,===>charge, mArg:0, mFileNode:/sys/class/power_supply/battery/chg_cool_state
05-23 11:31:08.960   170   170 I ThermalActionCommon: do,===>brightness, mArg:255, mFileNode:/sys/class/backlight/sprd_backlight/max_brightness
05-23 11:31:08.960   170   170 I ThermalActionCPTraceBack: PA_sensor has been turn off
05-23 11:31:08.970   167   167 E SLOGCP  : int MediaStorage::check_quota(): data large: 10492328/10M
05-23 11:31:08.970   167   167 E SLOGCP  : virtual void LogPipeHandler::process(int): CP cp_5mode save log error [16(Device or resource busy)]
05-23 11:31:09.040   167   167 E SLOGCP  : int MediaStorage::check_quota(): data large: 10492328/10M
05-23 11:31:09.040   167   167 E SLOGCP  : virtual void LogPipeHandler::process(int): CP cp_5mode save log error [16(Device or resource busy)]
05-23 11:31:09.240   167   167 E SLOGCP  : int MediaStorage::check_quota(): data large: 10492328/10M
05-23 11:31:09.240   167   167 E SLOGCP  : virtual void LogPipeHandler::process(int): CP cp_5mode save log error [16(Device or resource busy)]
05-23 11:31:09.340   671   671 D StatusBar.NetworkController: onDataActivity: direction=0 phoneId=0
05-23 11:31:09.340   671   671 D StatusBar.NetworkController: mDataDirectionIconId end :7f0200c8  true
05-23 11:31:09.340   671   671 D TelephonyManager: getRadioFeatures: phoneId=0
05-23 11:31:09.340   671   671 D TelephonyManager: getRadioCapbility: ssdaMode=tdd-csfb
05-23 11:31:09.340   671   671 D TelephonyManager: getRadioFeatures: rCapbility=TDD_CSFB, testMode=8
05-23 11:31:09.340   671   671 D StatusBar.NetworkController: phoneId: 0  refreshViews:   mAirplaneMode=false emergencyOnly=false no_wifi no_wifi mWifiIconId=0x0 mQSWifiIconId=0x0 wifiLabel= mHasMobileDataFeature=true mShowPhoneRSSIForData=false mPhoneSignalIconId=0x7f020107 mDataSignalIconId=0x7f020105/com.android.systemui:drawable/stat_sys_signal_4_sprd Phone_Signal_Level=4 GPRS &NetworkRoaming=false mMobileActivityIconId=0x7f0200c0(mDataActivity=0) mDataTypeIconId=0x7f0200c8/com.android.systemui:drawable/stat_sys_data_fully_connected_4g_ex   combinedSignalIconId=0x7f020105/com.android.systemui:drawable/stat_sys_signal_4_ex mobileLabel=中国移动4G combinedLabel=中国移动4G mLastDataDirectionOverlayIconId=0x7f0200dc
05-23 11:31:09.340   700   700 D Settings: newValuesVersion = 27
05-23 11:31:09.340   700   700 D Settings: mValues.get(name) = null
05-23 11:31:09.340   671   671 D Settings: newValuesVersion = 2
05-23 11:31:09.350   671   671 D Settings: mValues.get(name) = 0
05-23 11:31:09.350   671   671 D Settings: newValuesVersion = 6
05-23 11:31:09.350   671   671 D Settings: mValues.get(name) = null
05-23 11:31:09.350   671   671 D QuickSettingsModel: isStandby = true
05-23 11:31:09.350   671   671 D Settings: newValuesVersion = 6
05-23 11:31:09.350   671   671 D Settings: mValues.get(name) = null
05-23 11:31:09.350   671   671 D QuickSettingsModel: onVoWifiChanged multiModeSlot = 0 isVoWifiAvailable = false isStandby = true
05-23 11:31:09.360   671   671 D Settings: newValuesVersion = 2
05-23 11:31:09.360   671   671 D Settings: mValues.get(name) = 0
05-23 11:31:09.360   671   671 D Settings: newValuesVersion = 6
05-23 11:31:09.360   671   671 D Settings: mValues.get(name) = null
05-23 11:31:09.370   671   671 D QuickSettingsModel: isStandby = true
05-23 11:31:09.370   671   671 D Settings: newValuesVersion = 6
05-23 11:31:09.370   671   671 D Settings: mValues.get(name) = null
05-23 11:31:09.370   671   671 D QuickSettingsModel: onVoWifiChanged multiModeSlot = 0 isVoWifiAvailable = false isStandby = true
05-23 11:31:09.370   671   671 D StatusBar.NetworkController: changing data overlay icon id to 2130837696
05-23 11:31:09.550   167   167 E SLOGCP  : int MediaStorage::check_quota(): data large: 10492328/10M
05-23 11:31:09.550   167   167 E SLOGCP  : virtual void LogPipeHandler::process(int): CP cp_5mode save log error [16(Device or resource busy)]
05-23 11:31:09.601   180   214 D phoneserver: rsrp[0]=82,rscp[0]=255,rxlev[0]=99 ind_str= 
05-23 11:31:09.601   180   214 D phoneserver: +CESQ: 99,99,255,255,30,82
05-23 11:31:09.611   671   671 D StatusBar.NetworkController: onSignalStrengthsChanged on phoneId0signalStrength=SignalStrength: 99 -1 -120 -160 -120 -1 -1 99 -82 2147483647 2147483647 2147483647 gsm|lte level=4LTELevel=4
05-23 11:31:09.611   671   671 D StatusBar.NetworkController: phoneid=0 isexist=true  5
05-23 11:31:09.611  1998  1998 D MainDialog:  oldLevel = 4 level = 4 isSimAvail = true
05-23 11:31:09.621   671   671 D StatusBar.NetworkController: isSupportLTE = false  isCardAbsent = false
05-23 11:31:09.621   671   671 D Settings: newValuesVersion = 6
05-23 11:31:09.621   671   671 D Settings: mValues.get(name) = null
05-23 11:31:09.621   671   671 E StatusBar.NetworkController: mServiceState[phoneId].getState(): 0
05-23 11:31:09.621   671   671 E StatusBar.NetworkController: mServiceState[phoneId].getDataRegState(): 0
05-23 11:31:09.631   671   671 D TelephonyManager: getRadioFeatures: phoneId=0
05-23 11:31:09.631   671   671 D TelephonyManager: getRadioCapbility: ssdaMode=tdd-csfb
