05-23 11:29:48.591   154   337 E         : rotatelogs: slog rotatelogs [17]
05-23 11:29:48.601   671   671 E StatusBar.NetworkController: mServiceState[phoneId].getDataRegState(): 0
05-23 11:29:48.601   671   671 D TelephonyManager: getRadioFeatures: phoneId=0
05-23 11:29:48.601   671   671 D TelephonyManager: getRadioCapbility: ssdaMode=tdd-csfb
05-23 11:29:48.612   671   671 D TelephonyManager: getRadioFeatures: rCapbility=TDD_CSFB, testMode=8
05-23 11:29:48.612   671   671 D StatusBar.NetworkController: phoneId = 0 colorIndex = 0 mInetCondition=0 iconLevel=4
05-23 11:29:48.612   671   671 D TelephonyManager: getRadioFeatures: phoneId=0
05-23 11:29:48.612   671   671 D TelephonyManager: getRadioCapbility: ssdaMode=tdd-csfb
05-23 11:29:48.612   671   671 D TelephonyManager: getRadioFeatures: rCapbility=TDD_CSFB, testMode=8
05-23 11:29:48.612   671   671 D TelephonyManager: getRadioFeatures: phoneId=0
05-23 11:29:48.612   671   671 D TelephonyManager: getRadioCapbility: ssdaMode=tdd-csfb
05-23 11:29:48.612   671   671 D TelephonyManager: getRadioFeatures: rCapbility=TDD_CSFB, testMode=8
05-23 11:29:48.612   671   671 D StatusBar.NetworkController: phoneId: 0  refreshViews:   mAirplaneMode=false emergencyOnly=false no_wifi no_wifi mWifiIconId=0x0 mQSWifiIconId=0x0 wifiLabel= mHasMobileDataFeature=true mShowPhoneRSSIForData=false mPhoneSignalIconId=0x7f020107 mDataSignalIconId=0x7f020105/com.android.systemui:drawable/stat_sys_signal_4_sprd Phone_Signal_Level=4 GPRS &NetworkRoaming=false mMobileActivityIconId=0x7f0200c0(mDataActivity=0) mDataTypeIconId=0x7f0200c8/com.android.systemui:drawable/stat_sys_data_fully_connected_4g_ex   combinedSignalIconId=0x7f020105/com.android.systemui:drawable/stat_sys_signal_4_ex mobileLabel=中国移动4G combinedLabel=中国移动4G mLastDataDirectionOverlayIconId=0x7f0200c0
05-23 11:29:48.622   671   671 D Settings: newValuesVersion = 2
05-23 11:29:48.622   671   671 D Settings: mValues.get(name) = 0
05-23 11:29:48.632   671   671 D Settings: newValuesVersion = 6
05-23 11:29:48.632   671   671 D Settings: mValues.get(name) = null
05-23 11:29:48.632   671   671 D QuickSettingsModel: isStandby = true
05-23 11:29:48.632   671   671 D Settings: newValuesVersion = 6
05-23 11:29:48.632   671   671 D Settings: mValues.get(name) = null
05-23 11:29:48.632   671   671 D QuickSettingsModel: onVoWifiChanged multiModeSlot = 0 isVoWifiAvailable = false isStandby = true
05-23 11:29:48.832   592  1006 D LIBGPS  : watchdog_open PowerState:GE2 CP SLEEP,readcount:0
05-23 11:29:48.852   167   167 E SLOGCP  : int MediaStorage::check_quota(): data large: 10492328/10M
05-23 11:29:48.852   167   167 E SLOGCP  : virtual void LogPipeHandler::process(int): CP cp_5mode save log error [16(Device or resource busy)]
05-23 11:29:48.862   700   700 D Settings: newValuesVersion = 27
05-23 11:29:48.862   700   700 D Settings: mValues.get(name) = null
05-23 11:29:49.182   167   167 E SLOGCP  : int MediaStorage::check_quota(): data large: 10492328/10M
05-23 11:29:49.182   167   167 E SLOGCP  : virtual void LogPipeHandler::process(int): CP cp_5mode save log error [16(Device or resource busy)]
05-23 11:29:49.322   167   167 E SLOGCP  : int MediaStorage::check_quota(): data large: 10492328/10M
05-23 11:29:49.322   167   167 E SLOGCP  : virtual void LogPipeHandler::process(int): CP cp_5mode save log error [16(Device or resource busy)]
05-23 11:29:49.372   167   167 E SLOGCP  : int MediaStorage::check_quota(): data large: 10492328/10M
05-23 11:29:49.372   167   167 E SLOGCP  : virtual void LogPipeHandler::process(int): CP cp_5mode save log error [16(Device or resource busy)]
05-23 11:29:49.422   167   167 E SLOGCP  : int MediaStorage::check_quota(): data large: 10492328/10M
05-23 11:29:49.422   167   167 E SLOGCP  : virtual void LogPipeHandler::process(int): CP cp_5mode save log error [16(Device or resource busy)]
05-23 11:29:49.462   167   167 E SLOGCP  : int MediaStorage::check_quota(): data large: 10492328/10M
05-23 11:29:49.462   167   167 E SLOGCP  : virtual void LogPipeHandler::process(int): CP cp_5mode save log error [16(Device or resource busy)]
05-23 11:29:49.572   180   214 D phoneserver: rsrp[0]=77,rscp[0]=255,rxlev[0]=99 ind_str= 
05-23 11:29:49.572   180   214 D phoneserver: +CESQ: 99,99,255,255,29,77
05-23 11:29:49.582   671   671 D StatusBar.NetworkController: onSignalStrengthsChanged on phoneId0signalStrength=SignalStrength: 99 -1 -120 -160 -120 -1 -1 99 -77 2147483647 2147483647 2147483647 gsm|lte level=4LTELevel=4
05-23 11:29:49.582   671   671 D StatusBar.NetworkController: phoneid=0 isexist=true  5
05-23 11:29:49.582   671   671 D StatusBar.NetworkController: isSupportLTE = false  isCardAbsent = false
05-23 11:29:49.582   671   671 D Settings: newValuesVersion = 6
05-23 11:29:49.582   671   671 D Settings: mValues.get(name) = null
05-23 11:29:49.592   671   671 E StatusBar.NetworkController: mServiceState[phoneId].getState(): 0
05-23 11:29:49.592   671   671 E StatusBar.NetworkController: mServiceState[phoneId].getDataRegState(): 0
05-23 11:29:49.592   671   671 D TelephonyManager: getRadioFeatures: phoneId=0
05-23 11:29:49.592   671   671 D TelephonyManager: getRadioCapbility: ssdaMode=tdd-csfb
05-23 11:29:49.592   671   671 D TelephonyManager: getRadioFeatures: rCapbility=TDD_CSFB, testMode=8
05-23 11:29:49.592   671   671 D StatusBar.NetworkController: phoneId = 0 colorIndex = 0 mInetCondition=0 iconLevel=4
05-23 11:29:49.602   671   671 D TelephonyManager: getRadioFeatures: phoneId=0
05-23 11:29:49.602   671   671 D TelephonyManager: getRadioCapbility: ssdaMode=tdd-csfb
05-23 11:29:49.602   671   671 D TelephonyManager: getRadioFeatures: rCapbility=TDD_CSFB, testMode=8
05-23 11:29:49.602   671   671 D TelephonyManager: getRadioFeatures: phoneId=0
05-23 11:29:49.602   671   671 D TelephonyManager: getRadioCapbility: ssdaMode=tdd-csfb
05-23 11:29:49.602   671   671 D TelephonyManager: getRadioFeatures: rCapbility=TDD_CSFB, testMode=8
05-23 11:29:49.602   671   671 D StatusBar.NetworkController: phoneId: 0  refreshViews:   mAirplaneMode=false emergencyOnly=false no_wifi no_wifi mWifiIconId=0x0 mQSWifiIconId=0x0 wifiLabel= mHasMobileDataFeature=true mShowPhoneRSSIForData=false mPhoneSignalIconId=0x7f020107 mDataSignalIconId=0x7f020105/com.android.systemui:drawable/stat_sys_signal_4_sprd Phone_Signal_Level=4 GPRS &NetworkRoaming=false mMobileActivityIconId=0x7f0200c0(mDataActivity=0) mDataTypeIconId=0x7f0200c8/com.android.systemui:drawable/stat_sys_data_fully_connected_4g_ex   combinedSignalIconId=0x7f020105/com.android.systemui:drawable/stat_sys_signal_4_ex mobileLabel=中国移动4G combinedLabel=中国移动4G mLastDataDirectionOverlayIconId=0x7f0200c0
05-23 11:29:49.612   671   671 D Settings: newValuesVersion = 2
05-23 11:29:49.612   671   671 D Settings: mValues.get(name) = 0
05-23 11:29:49.612   671   671 D Settings: newValuesVersion = 6
05-23 11:29:49.612   671   671 D Settings: mValues.get(name) = null
05-23 11:29:49.612   671   671 D QuickSettingsModel: isStandby = true
05-23 11:29:49.612   671   671 D Settings: newValuesVersion = 6
05-23 11:29:49.612   671   671 D Settings: mValues.get(name) = null
05-23 11:29:49.622   671   671 D QuickSettingsModel: onVoWifiChanged multiModeSlot = 0 isVoWifiAvailable = false isStandby = true
05-23 11:29:49.653   167   167 E SLOGCP  : int MediaStorage::check_quota(): data large: 10492328/10M
05-23 11:29:49.653   167   167 E SLOGCP  : virtual void LogPipeHandler::process(int): CP cp_5mode save log error [16(Device or resource busy)]
05-23 11:29:49.863   700   700 D Settings: newValuesVersion = 27
05-23 11:29:49.863   700   700 D Settings: mValues.get(name) = null
05-23 11:29:49.903   167   167 E SLOGCP  : int MediaStorage::check_quota(): data large: 10492328/10M
05-23 11:29:49.903   167   167 E SLOGCP  : virtual void LogPipeHandler::process(int): CP cp_5mode save log error [16(Device or resource busy)]
05-23 11:29:50.293   167   167 E SLOGCP  : int MediaStorage::check_quota(): data large: 10492328/10M
05-23 11:29:50.293   167   167 E SLOGCP  : virtual void LogPipeHandler::process(int): CP cp_5mode save log error [16(Device or resource busy)]
05-23 11:29:50.463   167   167 E SLOGCP  : int MediaStorage::check_quota(): data large: 10492328/10M
05-23 11:29:50.463   167   167 E SLOGCP  : virtual void LogPipeHandler::process(int): CP cp_5mode save log error [16(Device or resource busy)]
05-23 11:29:50.573   180   214 D phoneserver: rsrp[0]=77,rscp[0]=255,rxlev[0]=99 ind_str= 
05-23 11:29:50.573   180   214 D phoneserver: +CESQ: 99,99,255,255,29,77
05-23 11:29:50.583   671   671 D StatusBar.NetworkController: onSignalStrengthsChanged on phoneId0signalStrength=SignalStrength: 99 -1 -120 -160 -120 -1 -1 99 -77 2147483647 2147483647 2147483647 gsm|lte level=4LTELevel=4
05-23 11:29:50.583   671   671 D StatusBar.NetworkController: phoneid=0 isexist=true  5
05-23 11:29:50.583   671   671 D StatusBar.NetworkController: isSupportLTE = false  isCardAbsent = false
05-23 11:29:50.593   671   671 D Settings: newValuesVersion = 6
05-23 11:29:50.593   671   671 D Settings: mValues.get(name) = null
05-23 11:29:50.593   671   671 E StatusBar.NetworkController: mServiceState[phoneId].getState(): 0
05-23 11:29:50.593   671   671 E StatusBar.NetworkController: mServiceState[phoneId].getDataRegState(): 0
05-23 11:29:50.593   671   671 D TelephonyManager: getRadioFeatures: phoneId=0
05-23 11:29:50.593   671   671 D TelephonyManager: getRadioCapbility: ssdaMode=tdd-csfb
05-23 11:29:50.593   671   671 D TelephonyManager: getRadioFeatures: rCapbility=TDD_CSFB, testMode=8
05-23 11:29:50.603   671   671 D StatusBar.NetworkController: phoneId = 0 colorIndex = 0 mInetCondition=0 iconLevel=4
05-23 11:29:50.603   671   671 D TelephonyManager: getRadioFeatures: phoneId=0
05-23 11:29:50.603   671   671 D TelephonyManager: getRadioCapbility: ssdaMode=tdd-csfb
05-23 11:29:50.603   671   671 D TelephonyManager: getRadioFeatures: rCapbility=TDD_CSFB, testMode=8
05-23 11:29:50.603   671   671 D TelephonyManager: getRadioFeatures: phoneId=0
05-23 11:29:50.603   671   671 D TelephonyManager: getRadioCapbility: ssdaMode=tdd-csfb
05-23 11:29:50.603   671   671 D TelephonyManager: getRadioFeatures: rCapbility=TDD_CSFB, testMode=8
05-23 11:29:50.603   671   671 D StatusBar.NetworkController: phoneId: 0  refreshViews:   mAirplaneMode=false emergencyOnly=false no_wifi no_wifi mWifiIconId=0x0 mQSWifiIconId=0x0 wifiLabel= mHasMobileDataFeature=true mShowPhoneRSSIForData=false mPhoneSignalIconId=0x7f020107 mDataSignalIconId=0x7f020105/com.android.systemui:drawable/stat_sys_signal_4_sprd Phone_Signal_Level=4 GPRS &NetworkRoaming=false mMobileActivityIconId=0x7f0200c0(mDataActivity=0) mDataTypeIconId=0x7f0200c8/com.android.systemui:drawable/stat_sys_data_fully_connected_4g_ex   combinedSignalIconId=0x7f020105/com.android.systemui:drawable/stat_sys_signal_4_ex mobileLabel=中国移动4G combinedLabel=中国移动4G mLastDataDirectionOverlayIconId=0x7f0200c0
05-23 11:29:50.603   671   671 D Settings: newValuesVersion = 2
05-23 11:29:50.603   671   671 D Settings: mValues.get(name) = 0
05-23 11:29:50.613   671   671 D Settings: newValuesVersion = 6
05-23 11:29:50.613   671   671 D Settings: mValues.get(name) = null
05-23 11:29:50.613   671   671 D QuickSettingsModel: isStandby = true
05-23 11:29:50.613   671   671 D Settings: newValuesVersion = 6
05-23 11:29:50.613   671   671 D Settings: mValues.get(name) = null
05-23 11:29:50.613   671   671 D QuickSettingsModel: onVoWifiChanged multiModeSlot = 0 isVoWifiAvailable = false isStandby = true
05-23 11:29:50.623  1264  1264 I pluginreceiver: context = android.app.ReceiverRestrictedContext@4226d950,intent.getAction() = android.intent.action.USER_PRESENT
05-23 11:29:50.694   770   770 D ScreenOffReceiver: Receive action :android.intent.action.USER_PRESENT
05-23 11:29:50.754   167   167 E SLOGCP  : int MediaStorage::check_quota(): data large: 10492328/10M
05-23 11:29:50.754   167   167 E SLOGCP  : virtual void LogPipeHandler::process(int): CP cp_5mode save log error [16(Device or resource busy)]
05-23 11:29:50.834   592  1006 D LIBGPS  : watchdog_open PowerState:GE2 CP SLEEP,readcount:0
05-23 11:29:50.864   700   700 D Settings: newValuesVersion = 27
05-23 11:29:50.864   700   700 D Settings: mValues.get(name) = null
05-23 11:29:50.944   167   167 E SLOGCP  : int MediaStorage::check_quota(): data large: 10492328/10M
05-23 11:29:50.944   167   167 E SLOGCP  : virtual void LogPipeHandler::process(int): CP cp_5mode save log error [16(Device or resource busy)]
05-23 11:29:51.174   167   167 E SLOGCP  : int MediaStorage::check_quota(): data large: 10492328/10M
05-23 11:29:51.174   167   167 E SLOGCP  : virtual void LogPipeHandler::process(int): CP cp_5mode save log error [16(Device or resource busy)]
05-23 11:29:51.204   158   158 D dalvikvm: GC_EXPLICIT freed 43K, 10% free 2150K/2376K, paused 2ms+2ms, total 22ms
05-23 11:29:51.214   158   158 D dalvikvm: GC_EXPLICIT freed <1K, 10% free 2150K/2376K, paused 1ms+1ms, total 14ms
05-23 11:29:51.234   158   158 D dalvikvm: GC_EXPLICIT freed <1K, 10% free 2150K/2376K, paused 2ms+1ms, total 13ms
05-23 11:29:51.264   167   167 E SLOGCP  : int MediaStorage::check_quota(): data large: 10492328/10M
05-23 11:29:51.264   167   167 E SLOGCP  : virtual void LogPipeHandler::process(int): CP cp_5mode save log error [16(Device or resource busy)]
05-23 11:29:51.504  1816  1816 D Settings: newValuesVersion = 2
05-23 11:29:51.504  1816  1816 D Settings: name = tts_default_synth, value = null
05-23 11:29:51.534  1816  1816 I TextToSpeech: Sucessfully bound to com.svox.pico
05-23 11:29:51.544  1816  1816 D Settings: newValuesVersion = 6
05-23 11:29:51.544   592  1401 D SettingsProvider: value = 0
05-23 11:29:51.544  1816  1816 D Settings: name = voice_for_message, value = 0
05-23 11:29:51.574   167   167 E SLOGCP  : int MediaStorage::check_quota(): data large: 10492328/10M
05-23 11:29:51.574   167   167 E SLOGCP  : virtual void LogPipeHandler::process(int): CP cp_5mode save log error [16(Device or resource busy)]
05-23 11:29:51.574   180   214 D phoneserver: rsrp[0]=78,rscp[0]=255,rxlev[0]=99 ind_str= 
05-23 11:29:51.574   180   214 D phoneserver: +CESQ: 99,99,255,255,29,78
05-23 11:29:51.584   671   671 D StatusBar.NetworkController: onSignalStrengthsChanged on phoneId0signalStrength=SignalStrength: 99 -1 -120 -160 -120 -1 -1 99 -78 2147483647 2147483647 2147483647 gsm|lte level=4LTELevel=4
05-23 11:29:51.584   671   671 D StatusBar.NetworkController: phoneid=0 isexist=true  5
05-23 11:29:51.584   671   671 D StatusBar.NetworkController: isSupportLTE = false  isCardAbsent = false
05-23 11:29:51.584   671   671 D Settings: newValuesVersion = 6
05-23 11:29:51.584   671   671 D Settings: mValues.get(name) = null
05-23 11:29:51.594   671   671 E StatusBar.NetworkController: mServiceState[phoneId].getState(): 0
05-23 11:29:51.594   671   671 E StatusBar.NetworkController: mServiceState[phoneId].getDataRegState(): 0
05-23 11:29:51.594   671   671 D TelephonyManager: getRadioFeatures: phoneId=0
05-23 11:29:51.594   671   671 D TelephonyManager: getRadioCapbility: ssdaMode=tdd-csfb
05-23 11:29:51.594   671   671 D TelephonyManager: getRadioFeatures: rCapbility=TDD_CSFB, testMode=8
05-23 11:29:51.594   671   671 D StatusBar.NetworkController: phoneId = 0 colorIndex = 0 mInetCondition=0 iconLevel=4
05-23 11:29:51.594   671   671 D TelephonyManager: getRadioFeatures: phoneId=0
05-23 11:29:51.594   671   671 D TelephonyManager: getRadioCapbility: ssdaMode=tdd-csfb
05-23 11:29:51.594   671   671 D TelephonyManager: getRadioFeatures: rCapbility=TDD_CSFB, testMode=8
05-23 11:29:51.594   671   671 D TelephonyManager: getRadioFeatures: phoneId=0
05-23 11:29:51.594   671   671 D TelephonyManager: getRadioCapbility: ssdaMode=tdd-csfb
05-23 11:29:51.594   671   671 D TelephonyManager: getRadioFeatures: rCapbility=TDD_CSFB, testMode=8
05-23 11:29:51.594   671   671 D StatusBar.NetworkController: phoneId: 0  refreshViews:   mAirplaneMode=false emergencyOnly=false no_wifi no_wifi mWifiIconId=0x0 mQSWifiIconId=0x0 wifiLabel= mHasMobileDataFeature=true mShowPhoneRSSIForData=false mPhoneSignalIconId=0x7f020107 mDataSignalIconId=0x7f020105/com.android.systemui:drawable/stat_sys_signal_4_sprd Phone_Signal_Level=4 GPRS &NetworkRoaming=false mMobileActivityIconId=0x7f0200c0(mDataActivity=0) mDataTypeIconId=0x7f0200c8/com.android.systemui:drawable/stat_sys_data_fully_connected_4g_ex   combinedSignalIconId=0x7f020105/com.android.systemui:drawable/stat_sys_signal_4_ex mobileLabel=中国移动4G combinedLabel=中国移动4G mLastDataDirectionOverlayIconId=0x7f0200c0
05-23 11:29:51.604   671   671 D Settings: newValuesVersion = 2
05-23 11:29:51.604   671   671 D Settings: mValues.get(name) = 0
05-23 11:29:51.604   671   671 D Settings: newValuesVersion = 6
05-23 11:29:51.604   671   671 D Settings: mValues.get(name) = null
05-23 11:29:51.604   671   671 D QuickSettingsModel: isStandby = true
05-23 11:29:51.604   671   671 D Settings: newValuesVersion = 6
05-23 11:29:51.604   671   671 D Settings: mValues.get(name) = null
05-23 11:29:51.604   671   671 D QuickSettingsModel: onVoWifiChanged multiModeSlot = 0 isVoWifiAvailable = false isStandby = true
05-23 11:29:51.715  1816  1843 D Mms     : [112] [RecipientIdCache] fill: begin
05-23 11:29:51.735   700  1261 I MmsSmsProvider: query: url=content://mms-sms/canonical-addresses  projectionIn=null  selection=[null]  args=null  order=[null]
05-23 11:29:51.745   167   167 E SLOGCP  : int MediaStorage::check_quota(): data large: 10492328/10M
05-23 11:29:51.745   167   167 E SLOGCP  : virtual void LogPipeHandler::process(int): CP cp_5mode save log error [16(Device or resource busy)]
05-23 11:29:51.755  1816  1843 D Mms     : [112] [RecipientIdCache] fill: finished
05-23 11:29:51.755  1816  1843 D Mms/cache: *** Recipient ID cache dump ***
05-23 11:29:51.755  1816  1843 D Mms/cache: 1: 10086
05-23 11:29:51.755  1816  1843 D Mms/cache: 2: 10086123
05-23 11:29:51.815   700   710 I MmsSmsProvider: query: url=content://mms-sms/draft  projectionIn=[thread_id]  selection=[null]  args=null  order=[null]
05-23 11:29:51.825   700   819 I MmsSmsProvider: query: url=content://mms-sms/conversations?simple=true  projectionIn=[_id, date, message_count, recipient_ids, snippet, snippet_cs, read, error, has_attachment]  selection=[null]  args=null  order=[null]
05-23 11:29:51.825  1816  1816 V DownloadManager: DownloadManager.init()
05-23 11:29:51.835  1816  1845 D Mms     : [114] Conversation get with threadId: 1
05-23 11:29:51.835  1816  1845 V Mms/conv: Conversation constructor cursor, allowQuery: true
05-23 11:29:51.845  1816  1816 V DownloadManager: roaming ------> false
05-23 11:29:51.875   700   700 D Settings: newValuesVersion = 27
05-23 11:29:51.875   700   700 D Settings: mValues.get(name) = null
05-23 11:29:51.885  1816  1816 V DownloadManager: auto download without roaming -> true
05-23 11:29:51.885  1816  1816 V DownloadManager: auto download during roaming -> true
05-23 11:29:51.885  1816  1816 V DownloadManager: mAutoDownload[0]------> true
05-23 11:29:51.885  1816  1816 V DownloadManager: roaming ------> false
05-23 11:29:51.885  1816  1816 V DownloadManager: auto download without roaming -> true
05-23 11:29:51.885  1816  1816 V DownloadManager: auto download during roaming -> true
05-23 11:29:51.885  1816  1816 V DownloadManager: mAutoDownload[1]------> true
05-23 11:29:51.905   167   167 E SLOGCP  : int MediaStorage::check_quota(): data large: 10492328/10M
05-23 11:29:51.905   167   167 E SLOGCP  : virtual void LogPipeHandler::process(int): CP cp_5mode save log error [16(Device or resource busy)]
05-23 11:29:51.955  1828  1828 V SynthProxy: About to load /system/lib/libttspico.so, applyFilter=true
05-23 11:29:52.005  1828  1828 D Settings: newValuesVersion = 2
05-23 11:29:52.015  1828  1828 D Settings: name = tts_default_locale, value = null
05-23 11:29:52.015  1828  1828 D Settings: newValuesVersion = 2
05-23 11:29:52.015  1828  1828 D Settings: name = tts_default_lang, value = null
05-23 11:29:52.015  1828  1828 D Settings: newValuesVersion = 2
05-23 11:29:52.015  1828  1828 D Settings: name = tts_default_country, value = null
05-23 11:29:52.015  1828  1828 D Settings: newValuesVersion = 2
05-23 11:29:52.015  1828  1828 D Settings: name = tts_default_variant, value = null
05-23 11:29:52.025   159   159 E DrmOmaPlugIn: DrmOmaPlugIn::onInitialize : 65
05-23 11:29:52.025   159   159 E DrmOmaPlugIn: DrmOmaPlugIn::onSetOnInfoListener : 65
05-23 11:29:52.025  1816  1816 D Settings: newValuesVersion = 6
05-23 11:29:52.025  1816  1816 D Settings: mValues.get(name) = 0
05-23 11:29:52.025  1816  1816 V MmsConfig: mnc/mcc: 46000
05-23 11:29:52.045  1816  1816 V MmsConfig: tag: bool value: enabledMMS - true
05-23 11:29:52.045  1816  1816 V MmsConfig: tag: int value: maxMessageSize - 307200
05-23 11:29:52.045  1816  1816 V MmsConfig: tag: int value: maxImageHeight - 480
05-23 11:29:52.045  1816  1816 V MmsConfig: tag: int value: maxImageWidth - 640
05-23 11:29:52.045  1816  1816 V MmsConfig: tag: int value: defaultSMSMessagesPerThread - 1000
05-23 11:29:52.045  1816  1816 V MmsConfig: tag: int value: defaultMMSMessagesPerThread - 1000
05-23 11:29:52.045  1816  1816 V MmsConfig: tag: int value: minMessageCountPerThread - 10
05-23 11:29:52.045  1816  1816 V MmsConfig: tag: int value: maxMessageCountPerThread - 5000
05-23 11:29:52.045  1816  1816 V MmsConfig: tag: string value: uaProfUrl - http://www.google.com/oha/rdf/ua-profile-kila.xml
05-23 11:29:52.055  1816  1816 V MmsConfig: tag: int value: recipientLimit - 100
05-23 11:29:52.055  1816  1816 V MmsConfig: tag: bool value: enableMultipartSMS - true
05-23 11:29:52.055  1816  1816 V MmsConfig: tag: int value: smsToMmsTextThreshold - 10
05-23 11:29:52.055  1816  1816 V MmsConfig: tag: bool value: enableSlideDuration - false
05-23 11:29:52.055  1816  1816 V MmsConfig: tag: int value: maxMessageTextSize - -1
05-23 11:29:52.085  1816  1816 V MmsSystemEventReceiver: wakeUpService: start transaction service ...
05-23 11:29:52.095  1816  1816 V MmsSystemEventReceiver: wakeUpService: start transaction service ...
05-23 11:29:52.105  1816  1816 D SmartMessage: SMARTSMS_VALUE : true
05-23 11:29:52.165  1816  1851 D dalvikvm: GC_FOR_ALLOC freed 250K, 16% free 2409K/2844K, paused 12ms, total 12ms
05-23 11:29:52.165  1816  1816 V DownloadManager: Service state changed: Bundle[mParcelledData.dataSize=912]
05-23 11:29:52.165  1816  1816 V DownloadManager: roaming ------> false
05-23 11:29:52.165  1816  1816 V DownloadManager: auto download without roaming -> true
05-23 11:29:52.165  1816  1816 V DownloadManager: auto download during roaming -> true
05-23 11:29:52.165  1816  1816 V DownloadManager: mAutoDownload ------> [Z@4226a378
05-23 11:29:52.175  1816  1816 V DownloadManager: Service state changed: Bundle[mParcelledData.dataSize=912]
05-23 11:29:52.175  1816  1816 V DownloadManager: roaming ------> false
05-23 11:29:52.175  1816  1816 V DownloadManager: auto download without roaming -> true
05-23 11:29:52.175  1816  1816 V DownloadManager: auto download during roaming -> true
05-23 11:29:52.175  1816  1816 V DownloadManager: mAutoDownload ------> [Z@4226a378
05-23 11:29:52.175  1816  1816 V DownloadManager: Service state changed: Bundle[mParcelledData.dataSize=832]
05-23 11:29:52.175  1816  1816 V DownloadManager: roaming ------> false
05-23 11:29:52.175  1816  1816 V DownloadManager: auto download without roaming -> true
05-23 11:29:52.175  1816  1816 V DownloadManager: auto download during roaming -> true
05-23 11:29:52.175  1816  1816 V DownloadManager: mAutoDownload ------> [Z@4226a378
05-23 11:29:52.175  1816  1816 I TextToSpeech: Connected to ComponentInfo{com.svox.pico/com.svox.pico.PicoService}
05-23 11:29:52.175  1816  1854 D Settings: newValuesVersion = 2
05-23 11:29:52.175   592   866 D SettingsProvider: value = 190ebb20677a3f7b
05-23 11:29:52.175  1816  1854 D Settings: name = android_id, value = 190ebb20677a3f7b
05-23 11:29:52.175  1816  1854 I dalvikvm: Could not find method android.telephony.SubscriptionManager.from, referenced from method cn.cmcc.online.smsapi.r.b
05-23 11:29:52.175  1816  1854 W dalvikvm: VFY: unable to resolve static method 5237: Landroid/telephony/SubscriptionManager;.from (Landroid/content/Context;)Landroid/telephony/SubscriptionManager;
05-23 11:29:52.175  1816  1854 D dalvikvm: VFY: replacing opcode 0x71 at 0x001d
05-23 11:29:52.185  1816  1816 D Mms     : setAdj adjFlag_SMS:0 adjFlag_MMS:1
05-23 11:29:52.185  1816  1816 D Mms     : setProcessAdj(1816,-1,false)
05-23 11:29:52.185  1816  1816 D TransactionService: Creating TransactionService
05-23 11:29:52.195  1828  1840 D Settings: newValuesVersion = 2
05-23 11:29:52.195  1828  1840 D Settings: mValues.get(name) = null
05-23 11:29:52.195  1828  1840 D Settings: newValuesVersion = 2
05-23 11:29:52.195  1816  1816 D Settings: newValuesVersion = 6
05-23 11:29:52.195  1816  1816 D Settings: mValues.get(name) = 0
05-23 11:29:52.195  1828  1840 D Settings: mValues.get(name) = null
05-23 11:29:52.195  1828  1840 D Settings: newValuesVersion = 2
05-23 11:29:52.195  1828  1840 D Settings: mValues.get(name) = null
05-23 11:29:52.195  1828  1840 D Settings: newValuesVersion = 2
05-23 11:29:52.195  1828  1840 D Settings: mValues.get(name) = null
05-23 11:29:52.195  1816  1855 I TextToSpeech: Set up connection to ComponentInfo{com.svox.pico/com.svox.pico.PicoService}
05-23 11:29:52.195   167   167 E SLOGCP  : int MediaStorage::check_quota(): data large: 10492328/10M
05-23 11:29:52.195   167   167 E SLOGCP  : virtual void LogPipeHandler::process(int): CP cp_5mode save log error [16(Device or resource busy)]
05-23 11:29:52.215  1816  1816 D TransactionService: onStartCommand
05-23 11:29:52.225  1816  1816 D Mms     : setAdj adjFlag_SMS:0 adjFlag_MMS:2
05-23 11:29:52.225  1816  1816 D Mms     : setProcessAdj(1816,-1,false)
05-23 11:29:52.225  1816  1816 D TransactionService1: Creating TransactionService
05-23 11:29:52.235  1816  1816 D Settings: newValuesVersion = 6
05-23 11:29:52.235  1816  1816 D Settings: mValues.get(name) = 0
05-23 11:29:52.235  1816  1856 D TransactionService1: Handling incoming message: { when=0 what=5 arg1=1 obj=Intent { cmp=com.android.mms/.transaction.TransactionService } target=com.android.mms.transaction.TransactionService$ServiceHandler } = EVENT_NEW_INTENT
05-23 11:29:52.235   592   603 D Settings: newValuesVersion = 6
05-23 11:29:52.235   592   603 D Settings: mValues.get(name) = null
05-23 11:29:52.235   592   603 D Settings: newValuesVersion = 27
05-23 11:29:52.235   592   603 D SettingsProvider: value = 1
05-23 11:29:52.235   592   603 D Settings: name = mobile_data, value = 1
05-23 11:29:52.235  1816  1816 D TransactionService1: onStartCommand
05-23 11:29:52.235  1816  1857 D TransactionService1: Handling incoming message: { when=-1ms what=5 arg1=1 obj=Intent { cmp=com.android.mms/.transaction.SprdTransactionService1 } target=com.android.mms.transaction.TransactionService$ServiceHandler } = EVENT_NEW_INTENT
05-23 11:29:52.245   592   806 D Settings: newValuesVersion = 6
05-23 11:29:52.245   592   806 D Settings: mValues.get(name) = null
05-23 11:29:52.245   592   806 D Settings: newValuesVersion = 27
05-23 11:29:52.245   592   806 D Settings: mValues.get(name) = 1
05-23 11:29:52.245  1816  1816 D TransactionService1: ConnectivityBroadcastReceiver.onReceive() action: android.net.conn.CONNECTIVITY_CHANGE
05-23 11:29:52.245   592   821 D Settings: newValuesVersion = 6
05-23 11:29:52.245   592   821 D Settings: mValues.get(name) = null
05-23 11:29:52.245   592   821 D Settings: newValuesVersion = 27
05-23 11:29:52.245   592   821 D Settings: mValues.get(name) = 1
05-23 11:29:52.245   592  1401 D Settings: newValuesVersion = 6
05-23 11:29:52.245   592  1401 D Settings: mValues.get(name) = null
05-23 11:29:52.255  1816  1816 D TransactionService1: Handle ConnectivityBroadcastReceiver.onReceive(): NetworkInfo: type: mobile0_mms[LTE], state: UNKNOWN/IDLE, reason: (unspecified), extra: (none), roaming: false, failover: false, isAvailable: true, phoneId: 0
05-23 11:29:52.255  1816  1816 D TransactionService1: TYPE_MOBILE_MMS not connected, bail
05-23 11:29:52.255  1816  1816 V TransactionService1:    retrying mms connectivity for it's available
05-23 11:29:52.255  1816  1816 D TransactionService1: ConnectivityBroadcastReceiver.onReceive() action: android.net.conn.CONNECTIVITY_CHANGE
05-23 11:29:52.265   592   995 D Settings: newValuesVersion = 6
05-23 11:29:52.265   592   995 D Settings: mValues.get(name) = null
05-23 11:29:52.265   592   995 D Settings: newValuesVersion = 27
05-23 11:29:52.265   592   995 D Settings: mValues.get(name) = 1
05-23 11:29:52.265   592   602 D Settings: newValuesVersion = 6
05-23 11:29:52.265   592   602 D Settings: mValues.get(name) = null
05-23 11:29:52.265  1816  1816 D TransactionService1: Handle ConnectivityBroadcastReceiver.onReceive(): NetworkInfo: type: mobile1_mms[UNKNOWN], state: UNKNOWN/IDLE, reason: (unspecified), extra: (none), roaming: false, failover: false, isAvailable: false, phoneId: 1
05-23 11:29:52.265  1816  1816 D TransactionService1: TYPE_MOBILE_MMS not connected, bail
05-23 11:29:52.305  1816  1856 D Settings: newValuesVersion = 2
05-23 11:29:52.305   592   995 D SettingsProvider: value = com.android.mms
05-23 11:29:52.305  1816  1856 D Settings: name = sms_default_application, value = com.android.mms
05-23 11:29:52.305  1816  1857 D Settings: newValuesVersion = 2
05-23 11:29:52.305   592   866 D Settings: newValuesVersion = 6
05-23 11:29:52.305   592   866 D Settings: mValues.get(name) = null
05-23 11:29:52.305  1816  1857 D Settings: mValues.get(name) = com.android.mms
05-23 11:29:52.315   592  1395 D Settings: newValuesVersion = 6
05-23 11:29:52.315   592  1395 D Settings: mValues.get(name) = null
05-23 11:29:52.315  1816  1856 D TransactionService1: onNewIntent: serviceId: 1: null intent=Intent { cmp=com.android.mms/.transaction.TransactionService }
05-23 11:29:52.315  1816  1856 D TransactionService1:     networkAvailable=true ;phoneId = 0
05-23 11:29:52.315  1816  1857 D TransactionService1: onNewIntent: serviceId: 1: null intent=Intent { cmp=com.android.mms/.transaction.SprdTransactionService1 }
05-23 11:29:52.315  1816  1857 D TransactionService1:     networkAvailable=false ;phoneId = 1
05-23 11:29:52.325   159   159 E DrmOmaPlugIn: DrmOmaPlugIn::onInitialize : 2321
05-23 11:29:52.325   159   159 E DrmOmaPlugIn: DrmOmaPlugIn::onSetOnInfoListener : 2321
05-23 11:29:52.325  1816  1856 I PduPersisterSprd: dueTime = 1527046192330
05-23 11:29:52.325  1816  1856 I PduPersisterSprd: phoneId = 0
05-23 11:29:52.325   700  1750 I MmsSmsProvider: query: url=content://mms-sms/pending?protocol=mms  projectionIn=null  selection=[err_type < ? AND due_time <= ? AND phone_id = ?]  args=[10, 1527046192330, 0]  order=[due_time]
05-23 11:29:52.335   159   159 E DrmOmaPlugIn: DrmOmaPlugIn::onInitialize : 1861
05-23 11:29:52.335   159   159 E DrmOmaPlugIn: DrmOmaPlugIn::onSetOnInfoListener : 1861
05-23 11:29:52.335  1816  1857 I PduPersisterSprd: dueTime = 1527046192343
05-23 11:29:52.335  1816  1857 I PduPersisterSprd: phoneId = 1
05-23 11:29:52.335   700   819 I MmsSmsProvider: query: url=content://mms-sms/pending?protocol=mms  projectionIn=null  selection=[err_type < ? AND due_time <= ? AND phone_id = ?]  args=[10, 1527046192343, 1]  order=[due_time]
05-23 11:29:52.345  1816  1856 V TransactionService1: onNewIntent: cursor.count=0 action=null
05-23 11:29:52.345  1816  1856 D TransactionService1: onNewIntent: no pending messages. Stopping service
05-23 11:29:52.345  1816  1856 D RetryScheduler: enter setRetryAlarm    phoneId = 0
05-23 11:29:52.345  1816  1857 V TransactionService1: onNewIntent: cursor.count=0 action=null
05-23 11:29:52.345   159   159 E DrmOmaPlugIn: DrmOmaPlugIn::onInitialize : 1890
05-23 11:29:52.345  1816  1857 D TransactionService1: onNewIntent: no pending messages. Stopping service
05-23 11:29:52.345  1816  1857 D RetryScheduler: enter setRetryAlarm    phoneId = 1
05-23 11:29:52.345  1816  1857 I PduPersisterSprd: dueTime = 9223372036854775807
05-23 11:29:52.345  1816  1857 I PduPersisterSprd: phoneId = 1
05-23 11:29:52.345   159   159 E DrmOmaPlugIn: DrmOmaPlugIn::onSetOnInfoListener : 1890
05-23 11:29:52.345  1816  1856 I PduPersisterSprd: dueTime = 9223372036854775807
05-23 11:29:52.345  1816  1856 I PduPersisterSprd: phoneId = 0
05-23 11:29:52.355   700   710 I MmsSmsProvider: query: url=content://mms-sms/pending?protocol=mms  projectionIn=null  selection=[err_type < ? AND due_time <= ? AND phone_id = ?]  args=[10, 9223372036854775807, 0]  order=[due_time]
05-23 11:29:52.355   700   713 I MmsSmsProvider: query: url=content://mms-sms/pending?protocol=mms  projectionIn=null  selection=[err_type < ? AND due_time <= ? AND phone_id = ?]  args=[10, 9223372036854775807, 1]  order=[due_time]
05-23 11:29:52.365  1816  1857 D TransactionService1: stopSelfIfIdle: STOP!
05-23 11:29:52.365  1816  1857 D TransactionService1: stopSelfIfIdle: unRegisterForConnectionStateChanges
05-23 11:29:52.365  1816  1816 D TransactionService1: Destroying TransactionService
05-23 11:29:52.365  1816  1816 D Mms     : setAdj adjFlag_SMS:0 adjFlag_MMS:0
05-23 11:29:52.365  1816  1816 D Mms     : setProcessAdj(1816,-1,true)
05-23 11:29:52.365  1816  1856 D TransactionService1: stopSelfIfIdle: STOP!
05-23 11:29:52.365  1816  1856 D TransactionService1: stopSelfIfIdle: unRegisterForConnectionStateChanges
05-23 11:29:52.375  1816  1816 D TransactionService1: Destroying TransactionService
05-23 11:29:52.385   167   167 E SLOGCP  : int MediaStorage::check_quota(): data large: 10492328/10M
05-23 11:29:52.385   167   167 E SLOGCP  : virtual void LogPipeHandler::process(int): CP cp_5mode save log error [16(Device or resource busy)]
05-23 11:29:52.405  1816  1816 D Mms     : setAdj adjFlag_SMS:0 adjFlag_MMS:0
05-23 11:29:52.405  1816  1816 D Mms     : setProcessAdj(1816,-1,true)
05-23 11:29:52.505  1816  1845 D dalvikvm: GC_FOR_ALLOC freed 237K, 14% free 2685K/3104K, paused 11ms, total 13ms
05-23 11:29:52.515   159   159 E DrmOmaPlugIn: DrmOmaPlugIn::onTerminate : 2321
05-23 11:29:52.525   159   159 E DrmOmaPlugIn: DrmOmaPlugIn::onTerminate : 1861
05-23 11:29:52.575   180   214 D phoneserver: rsrp[0]=77,rscp[0]=255,rxlev[0]=99 ind_str= 
05-23 11:29:52.575   180   214 D phoneserver: +CESQ: 99,99,255,255,30,77
05-23 11:29:52.585   671   671 D StatusBar.NetworkController: onSignalStrengthsChanged on phoneId0signalStrength=SignalStrength: 99 -1 -120 -160 -120 -1 -1 99 -77 2147483647 2147483647 2147483647 gsm|lte level=4LTELevel=4
05-23 11:29:52.585   671   671 D StatusBar.NetworkController: phoneid=0 isexist=true  5
05-23 11:29:52.585   671   671 D StatusBar.NetworkController: isSupportLTE = false  isCardAbsent = false
05-23 11:29:52.585   671   671 D Settings: newValuesVersion = 6
05-23 11:29:52.585   671   671 D Settings: mValues.get(name) = null
05-23 11:29:52.585   671   671 E StatusBar.NetworkController: mServiceState[phoneId].getState(): 0
05-23 11:29:52.585   671   671 E StatusBar.NetworkController: mServiceState[phoneId].getDataRegState(): 0
05-23 11:29:52.585   671   671 D TelephonyManager: getRadioFeatures: phoneId=0
05-23 11:29:52.585   671   671 D TelephonyManager: getRadioCapbility: ssdaMode=tdd-csfb
05-23 11:29:52.585   671   671 D TelephonyManager: getRadioFeatures: rCapbility=TDD_CSFB, testMode=8
05-23 11:29:52.585   671   671 D StatusBar.NetworkController: phoneId = 0 colorIndex = 0 mInetCondition=0 iconLevel=4
05-23 11:29:52.585   671   671 D TelephonyManager: getRadioFeatures: phoneId=0
05-23 11:29:52.585   671   671 D TelephonyManager: getRadioCapbility: ssdaMode=tdd-csfb
05-23 11:29:52.585   671   671 D TelephonyManager: getRadioFeatures: rCapbility=TDD_CSFB, testMode=8
05-23 11:29:52.585   671   671 D TelephonyManager: getRadioFeatures: phoneId=0
05-23 11:29:52.585   671   671 D TelephonyManager: getRadioCapbility: ssdaMode=tdd-csfb
05-23 11:29:52.585   671   671 D TelephonyManager: getRadioFeatures: rCapbility=TDD_CSFB, testMode=8
05-23 11:29:52.595   671   671 D StatusBar.NetworkController: phoneId: 0  refreshViews:   mAirplaneMode=false emergencyOnly=false no_wifi no_wifi mWifiIconId=0x0 mQSWifiIconId=0x0 wifiLabel= mHasMobileDataFeature=true mShowPhoneRSSIForData=false mPhoneSignalIconId=0x7f020107 mDataSignalIconId=0x7f020105/com.android.systemui:drawable/stat_sys_signal_4_sprd Phone_Signal_Level=4 GPRS &NetworkRoaming=false mMobileActivityIconId=0x7f0200c0(mDataActivity=0) mDataTypeIconId=0x7f0200c8/com.android.systemui:drawable/stat_sys_data_fully_connected_4g_ex   combinedSignalIconId=0x7f020105/com.android.systemui:drawable/stat_sys_signal_4_ex mobileLabel=中国移动4G combinedLabel=中国移动4G mLastDataDirectionOverlayIconId=0x7f0200c0
05-23 11:29:52.595   671   671 D Settings: newValuesVersion = 2
05-23 11:29:52.595   671   671 D Settings: mValues.get(name) = 0
05-23 11:29:52.595   671   671 D Settings: newValuesVersion = 6
05-23 11:29:52.595   671   671 D Settings: mValues.get(name) = null
05-23 11:29:52.595   671   671 D QuickSettingsModel: isStandby = true
05-23 11:29:52.595   671   671 D Settings: newValuesVersion = 6
05-23 11:29:52.595   671   671 D Settings: mValues.get(name) = null
05-23 11:29:52.595   671   671 D QuickSettingsModel: onVoWifiChanged multiModeSlot = 0 isVoWifiAvailable = false isStandby = true
05-23 11:29:52.645   592   602 D Settings: newValuesVersion = 6
05-23 11:29:52.655   592   602 D Settings: mValues.get(name) = null
05-23 11:29:52.655  1816  1845 D Mms     : [114] Conversation get with threadId: 2
05-23 11:29:52.655  1816  1845 V Mms/conv: Conversation constructor cursor, allowQuery: true
05-23 11:29:52.685   167   167 E SLOGCP  : int MediaStorage::check_quota(): data large: 10492328/10M
05-23 11:29:52.685   167   167 E SLOGCP  : virtual void LogPipeHandler::process(int): CP cp_5mode save log error [16(Device or resource busy)]
05-23 11:29:52.705  1864  1882 I browser : BrowserSettings mSetup -->  mFontSizeMult = 1.0 metrics = DisplayMetrics{density=0.75, width=240, height=240, scaledDensity=0.75, xdpi=112.888, ydpi=63.5} metrics.scaledDensity = 0.75 metrics.density = 0.75
05-23 11:29:52.705   167   167 E SLOGCP  : int MediaStorage::check_quota(): data large: 10492328/10M
05-23 11:29:52.705   167   167 E SLOGCP  : virtual void LogPipeHandler::process(int): CP cp_5mode save log error [16(Device or resource busy)]
05-23 11:29:52.786  1864  1882 I browser : BrowserSettings mSetup --> End
05-23 11:29:52.806  1884  1890 D dalvikvm: Debugger has detached; object registry had 1 entries
05-23 11:29:52.836   592  1006 D LIBGPS  : watchdog_open PowerState:GE2 CP SLEEP,readcount:0
05-23 11:29:52.876   700   700 D Settings: newValuesVersion = 27
05-23 11:29:52.876   700   700 D Settings: mValues.get(name) = null
05-23 11:29:53.016   167   167 E SLOGCP  : int MediaStorage::check_quota(): data large: 10492328/10M
05-23 11:29:53.016   167   167 E SLOGCP  : virtual void LogPipeHandler::process(int): CP cp_5mode save log error [16(Device or resource busy)]
05-23 11:29:53.186   167   167 E SLOGCP  : int MediaStorage::check_quota(): data large: 10492328/10M
05-23 11:29:53.186   167   167 E SLOGCP  : virtual void LogPipeHandler::process(int): CP cp_5mode save log error [16(Device or resource busy)]
05-23 11:29:53.196  1896  1896 I RamOptWidget: onReceive(): intent.getAction() = android.appwidget.action.APPWIDGET_UPDATE
05-23 11:29:53.206  1896  1896 V RamOptService: RamOptService onCreate
05-23 11:29:53.486   167   167 E SLOGCP  : int MediaStorage::check_quota(): data large: 10492328/10M
05-23 11:29:53.486   167   167 E SLOGCP  : virtual void LogPipeHandler::process(int): CP cp_5mode save log error [16(Device or resource busy)]
05-23 11:29:53.576   180   214 D phoneserver: rsrp[0]=77,rscp[0]=255,rxlev[0]=99 ind_str= 
05-23 11:29:53.576   180   214 D phoneserver: +CESQ: 99,99,255,255,30,77
05-23 11:29:53.586   671   671 D StatusBar.NetworkController: onSignalStrengthsChanged on phoneId0signalStrength=SignalStrength: 99 -1 -120 -160 -120 -1 -1 99 -77 2147483647 2147483647 2147483647 gsm|lte level=4LTELevel=4
05-23 11:29:53.586   671   671 D StatusBar.NetworkController: phoneid=0 isexist=true  5
05-23 11:29:53.586   671   671 D StatusBar.NetworkController: isSupportLTE = false  isCardAbsent = false
05-23 11:29:53.586   671   671 D Settings: newValuesVersion = 6
05-23 11:29:53.586   671   671 D Settings: mValues.get(name) = null
05-23 11:29:53.596   671   671 E StatusBar.NetworkController: mServiceState[phoneId].getState(): 0
05-23 11:29:53.596   671   671 E StatusBar.NetworkController: mServiceState[phoneId].getDataRegState(): 0
05-23 11:29:53.596   671   671 D TelephonyManager: getRadioFeatures: phoneId=0
05-23 11:29:53.596   671   671 D TelephonyManager: getRadioCapbility: ssdaMode=tdd-csfb
05-23 11:29:53.596   671   671 D TelephonyManager: getRadioFeatures: rCapbility=TDD_CSFB, testMode=8
05-23 11:29:53.596   671   671 D StatusBar.NetworkController: phoneId = 0 colorIndex = 0 mInetCondition=0 iconLevel=4
05-23 11:29:53.596   671   671 D TelephonyManager: getRadioFeatures: phoneId=0
05-23 11:29:53.596   671   671 D TelephonyManager: getRadioCapbility: ssdaMode=tdd-csfb
05-23 11:29:53.596   671   671 D TelephonyManager: getRadioFeatures: rCapbility=TDD_CSFB, testMode=8
05-23 11:29:53.596   671   671 D TelephonyManager: getRadioFeatures: phoneId=0
05-23 11:29:53.596   671   671 D TelephonyManager: getRadioCapbility: ssdaMode=tdd-csfb
05-23 11:29:53.596   671   671 D TelephonyManager: getRadioFeatures: rCapbility=TDD_CSFB, testMode=8
05-23 11:29:53.596   671   671 D StatusBar.NetworkController: phoneId: 0  refreshViews:   mAirplaneMode=false emergencyOnly=false no_wifi no_wifi mWifiIconId=0x0 mQSWifiIconId=0x0 wifiLabel= mHasMobileDataFeature=true mShowPhoneRSSIForData=false mPhoneSignalIconId=0x7f020107 mDataSignalIconId=0x7f020105/com.android.systemui:drawable/stat_sys_signal_4_sprd Phone_Signal_Level=4 GPRS &NetworkRoaming=false mMobileActivityIconId=0x7f0200c0(mDataActivity=0) mDataTypeIconId=0x7f0200c8/com.android.systemui:drawable/stat_sys_data_fully_connected_4g_ex   combinedSignalIconId=0x7f020105/com.android.systemui:drawable/stat_sys_signal_4_ex mobileLabel=中国移动4G combinedLabel=中国移动4G mLastDataDirectionOverlayIconId=0x7f0200c0
05-23 11:29:53.596   671   671 D Settings: newValuesVersion = 2
05-23 11:29:53.596   671   671 D Settings: mValues.get(name) = 0
05-23 11:29:53.596   671   671 D Settings: newValuesVersion = 6
05-23 11:29:53.596   671   671 D Settings: mValues.get(name) = null
05-23 11:29:53.596   671   671 D QuickSettingsModel: isStandby = true
05-23 11:29:53.596   671   671 D Settings: newValuesVersion = 6
05-23 11:29:53.596   671   671 D Settings: mValues.get(name) = null
05-23 11:29:53.596   671   671 D QuickSettingsModel: onVoWifiChanged multiModeSlot = 0 isVoWifiAvailable = false isStandby = true
05-23 11:29:53.656   167   167 E SLOGCP  : int MediaStorage::check_quota(): data large: 10492328/10M
05-23 11:29:53.656   167   167 E SLOGCP  : virtual void LogPipeHandler::process(int): CP cp_5mode save log error [16(Device or resource busy)]
05-23 11:29:53.706  1579  1579 D dalvikvm: GC_FOR_ALLOC freed 249K, 23% free 2298K/2976K, paused 58ms, total 58ms
05-23 11:29:53.716  1579  1579 D dalvikvm: GC_FOR_ALLOC freed 203K, 23% free 2298K/2976K, paused 8ms, total 8ms
05-23 11:29:53.726  1579  1579 I System.out: appid= 59a92a75 and    packagename= com.iflytek.pushclient.a.b.a@73614f9b
05-23 11:29:53.827   167   167 E SLOGCP  : int MediaStorage::check_quota(): data large: 10492328/10M
05-23 11:29:53.827   167   167 E SLOGCP  : virtual void LogPipeHandler::process(int): CP cp_5mode save log error [16(Device or resource busy)]
05-23 11:29:53.877   700   700 D Settings: newValuesVersion = 27
05-23 11:29:53.877   700   700 D Settings: mValues.get(name) = null
05-23 11:29:53.997  1921  1921 I CalendarProvider2: Created com.android.providers.calendar.CalendarAlarmManager@42249e10(com.android.providers.calendar.CalendarProvider2@42240e08)
05-23 11:29:54.047  1921  1934 D CalendarProvider2-i: acquireInstanceRange begin=1526952594029 end=1527211794029 useMin=false force=false
05-23 11:29:54.047  1921  1934 D CalendarProvider2-i: instances are already expanded
05-23 11:29:54.127   167   167 E SLOGCP  : int MediaStorage::check_quota(): data large: 10492328/10M
05-23 11:29:54.127   167   167 E SLOGCP  : virtual void LogPipeHandler::process(int): CP cp_5mode save log error [16(Device or resource busy)]
05-23 11:29:54.137   592   631 D dalvikvm: GC_FOR_ALLOC freed 1269K, 31% free 7208K/10336K, paused 68ms, total 68ms
05-23 11:29:54.187  1579  1579 D dalvikvm: GC_FOR_ALLOC freed 237K, 23% free 2298K/2976K, paused 12ms, total 12ms
05-23 11:29:54.207  1579  1579 D dalvikvm: GC_FOR_ALLOC freed 203K, 23% free 2298K/2976K, paused 9ms, total 15ms
05-23 11:29:54.207  1579  1579 I System.out: appid= 59a92a75 and    packagename= com.iflytek.pushclient.a.b.a@73614f9b
05-23 11:29:54.307   167   167 E SLOGCP  : int MediaStorage::check_quota(): data large: 10492328/10M
05-23 11:29:54.307   167   167 E SLOGCP  : virtual void LogPipeHandler::process(int): CP cp_5mode save log error [16(Device or resource busy)]
05-23 11:29:54.457   167   167 E SLOGCP  : int MediaStorage::check_quota(): data large: 10492328/10M
05-23 11:29:54.457   167   167 E SLOGCP  : virtual void LogPipeHandler::process(int): CP cp_5mode save log error [16(Device or resource busy)]
05-23 11:29:54.497   167   167 E SLOGCP  : int MediaStorage::check_quota(): data large: 10492328/10M
05-23 11:29:54.497   167   167 E SLOGCP  : virtual void LogPipeHandler::process(int): CP cp_5mode save log error [16(Device or resource busy)]
05-23 11:29:54.547   167   167 E SLOGCP  : int MediaStorage::check_quota(): data large: 10492328/10M
05-23 11:29:54.547   167   167 E SLOGCP  : virtual void LogPipeHandler::process(int): CP cp_5mode save log error [16(Device or resource busy)]
05-23 11:29:54.577   180   214 D phoneserver: rsrp[0]=78,rscp[0]=255,rxlev[0]=99 ind_str= 
05-23 11:29:54.577   180   214 D phoneserver: +CESQ: 99,99,255,255,30,78
05-23 11:29:54.587   671   671 D StatusBar.NetworkController: onSignalStrengthsChanged on phoneId0signalStrength=SignalStrength: 99 -1 -120 -160 -120 -1 -1 99 -78 2147483647 2147483647 2147483647 gsm|lte level=4LTELevel=4
05-23 11:29:54.587   671   671 D StatusBar.NetworkController: phoneid=0 isexist=true  5
05-23 11:29:54.587   671   671 D StatusBar.NetworkController: isSupportLTE = false  isCardAbsent = false
05-23 11:29:54.587   671   671 D Settings: newValuesVersion = 6
05-23 11:29:54.587   671   671 D Settings: mValues.get(name) = null
05-23 11:29:54.587   671   671 E StatusBar.NetworkController: mServiceState[phoneId].getState(): 0
05-23 11:29:54.597   671   671 E StatusBar.NetworkController: mServiceState[phoneId].getDataRegState(): 0
05-23 11:29:54.597   671   671 D TelephonyManager: getRadioFeatures: phoneId=0
05-23 11:29:54.597   671   671 D TelephonyManager: getRadioCapbility: ssdaMode=tdd-csfb
05-23 11:29:54.597   671   671 D TelephonyManager: getRadioFeatures: rCapbility=TDD_CSFB, testMode=8
05-23 11:29:54.597   671   671 D StatusBar.NetworkController: phoneId = 0 colorIndex = 0 mInetCondition=0 iconLevel=4
05-23 11:29:54.597   671   671 D TelephonyManager: getRadioFeatures: phoneId=0
05-23 11:29:54.597   671   671 D TelephonyManager: getRadioCapbility: ssdaMode=tdd-csfb
05-23 11:29:54.597   671   671 D TelephonyManager: getRadioFeatures: rCapbility=TDD_CSFB, testMode=8
05-23 11:29:54.597   671   671 D TelephonyManager: getRadioFeatures: phoneId=0
05-23 11:29:54.597   671   671 D TelephonyManager: getRadioCapbility: ssdaMode=tdd-csfb
05-23 11:29:54.607   671   671 D TelephonyManager: getRadioFeatures: rCapbility=TDD_CSFB, testMode=8
05-23 11:29:54.607   671   671 D StatusBar.NetworkController: phoneId: 0  refreshViews:   mAirplaneMode=false emergencyOnly=false no_wifi no_wifi mWifiIconId=0x0 mQSWifiIconId=0x0 wifiLabel= mHasMobileDataFeature=true mShowPhoneRSSIForData=false mPhoneSignalIconId=0x7f020107 mDataSignalIconId=0x7f020105/com.android.systemui:drawable/stat_sys_signal_4_sprd Phone_Signal_Level=4 GPRS &NetworkRoaming=false mMobileActivityIconId=0x7f0200c0(mDataActivity=0) mDataTypeIconId=0x7f0200c8/com.android.systemui:drawable/stat_sys_data_fully_connected_4g_ex   combinedSignalIconId=0x7f020105/com.android.systemui:drawable/stat_sys_signal_4_ex mobileLabel=中国移动4G combinedLabel=中国移动4G mLastDataDirectionOverlayIconId=0x7f0200c0
05-23 11:29:54.607   671   671 D Settings: newValuesVersion = 2
05-23 11:29:54.607   671   671 D Settings: mValues.get(name) = 0
05-23 11:29:54.607   671   671 D Settings: newValuesVersion = 6
05-23 11:29:54.607   671   671 D Settings: mValues.get(name) = null
05-23 11:29:54.607   671   671 D QuickSettingsModel: isStandby = true
05-23 11:29:54.607   671   671 D Settings: newValuesVersion = 6
05-23 11:29:54.617   167   167 E SLOGCP  : int MediaStorage::check_quota(): data large: 10492328/10M
05-23 11:29:54.617   167   167 E SLOGCP  : virtual void LogPipeHandler::process(int): CP cp_5mode save log error [16(Device or resource busy)]
05-23 11:29:54.617   671   671 D Settings: mValues.get(name) = null
05-23 11:29:54.617   671   671 D QuickSettingsModel: onVoWifiChanged multiModeSlot = 0 isVoWifiAvailable = false isStandby = true
05-23 11:29:54.788   167   167 E SLOGCP  : int MediaStorage::check_quota(): data large: 10492328/10M
05-23 11:29:54.788   167   167 E SLOGCP  : virtual void LogPipeHandler::process(int): CP cp_5mode save log error [16(Device or resource busy)]
05-23 11:29:54.828   167   167 E SLOGCP  : int MediaStorage::check_quota(): data large: 10492328/10M
05-23 11:29:54.828   167   167 E SLOGCP  : virtual void LogPipeHandler::process(int): CP cp_5mode save log error [16(Device or resource busy)]
05-23 11:29:54.838   592  1006 D LIBGPS  : watchdog_open PowerState:GE2 CP SLEEP,readcount:0
05-23 11:29:54.858   167   167 E SLOGCP  : int MediaStorage::check_quota(): data large: 10492328/10M
