05-23 11:30:31.613   671   671 D StatusBar.NetworkController: phoneId = 0 colorIndex = 0 mInetCondition=0 iconLevel=4
05-23 11:30:31.613   671   671 D TelephonyManager: getRadioFeatures: phoneId=0
05-23 11:30:31.613   671   671 D TelephonyManager: getRadioCapbility: ssdaMode=tdd-csfb
05-23 11:30:31.613   671   671 D TelephonyManager: getRadioFeatures: rCapbility=TDD_CSFB, testMode=8
05-23 11:30:31.623   671   671 D TelephonyManager: getRadioFeatures: phoneId=0
05-23 11:30:31.623   671   671 D TelephonyManager: getRadioCapbility: ssdaMode=tdd-csfb
05-23 11:30:31.623   671   671 D TelephonyManager: getRadioFeatures: rCapbility=TDD_CSFB, testMode=8
05-23 11:30:31.623  1998  1998 D MainDialog:  oldLevel = 4 level = 4 isSimAvail = true
05-23 11:30:31.623   671   671 D StatusBar.NetworkController: phoneId: 0  refreshViews:   mAirplaneMode=false emergencyOnly=false no_wifi no_wifi mWifiIconId=0x0 mQSWifiIconId=0x0 wifiLabel= mHasMobileDataFeature=true mShowPhoneRSSIForData=false mPhoneSignalIconId=0x7f020107 mDataSignalIconId=0x7f020105/com.android.systemui:drawable/stat_sys_signal_4_sprd Phone_Signal_Level=4 GPRS &NetworkRoaming=false mMobileActivityIconId=0x7f0200c0(mDataActivity=0) mDataTypeIconId=0x7f0200c8/com.android.systemui:drawable/stat_sys_data_fully_connected_4g_ex   combinedSignalIconId=0x7f020105/com.android.systemui:drawable/stat_sys_signal_4_ex mobileLabel=中国移动4G combinedLabel=中国移动4G mLastDataDirectionOverlayIconId=0x7f0200c0
05-23 11:30:31.633   671   671 D Settings: newValuesVersion = 2
05-23 11:30:31.633   671   671 D Settings: mValues.get(name) = 0
05-23 11:30:31.633   671   671 D Settings: newValuesVersion = 6
05-23 11:30:31.633   671   671 D Settings: mValues.get(name) = null
05-23 11:30:31.633   671   671 D QuickSettingsModel: isStandby = true
05-23 11:30:31.633   671   671 D Settings: newValuesVersion = 6
05-23 11:30:31.633   671   671 D Settings: mValues.get(name) = null
05-23 11:30:31.633   671   671 D QuickSettingsModel: onVoWifiChanged multiModeSlot = 0 isVoWifiAvailable = false isStandby = true
05-23 11:30:31.814   875   875 D dalvikvm: GC_EXPLICIT freed 94K, 12% free 2189K/2464K, paused 5ms+3ms, total 48ms
05-23 11:30:32.044   700   700 D Settings: newValuesVersion = 27
05-23 11:30:32.044   700   700 D Settings: mValues.get(name) = null
05-23 11:30:32.194   157   157 D gralloc.sc8830: fb_post fps = 1.993430
05-23 11:30:32.594   180   214 D phoneserver: rsrp[0]=80,rscp[0]=255,rxlev[0]=99 ind_str= 
05-23 11:30:32.594   180   214 D phoneserver: +CESQ: 99,99,255,255,31,80
05-23 11:30:32.604   671   671 D StatusBar.NetworkController: onSignalStrengthsChanged on phoneId0signalStrength=SignalStrength: 99 -1 -120 -160 -120 -1 -1 99 -80 2147483647 2147483647 2147483647 gsm|lte level=4LTELevel=4
05-23 11:30:32.604   671   671 D StatusBar.NetworkController: phoneid=0 isexist=true  5
05-23 11:30:32.604   671   671 D StatusBar.NetworkController: isSupportLTE = false  isCardAbsent = false
05-23 11:30:32.604   671   671 D Settings: newValuesVersion = 6
05-23 11:30:32.604   671   671 D Settings: mValues.get(name) = null
05-23 11:30:32.614   671   671 E StatusBar.NetworkController: mServiceState[phoneId].getState(): 0
05-23 11:30:32.614   671   671 E StatusBar.NetworkController: mServiceState[phoneId].getDataRegState(): 0
05-23 11:30:32.614   671   671 D TelephonyManager: getRadioFeatures: phoneId=0
05-23 11:30:32.614   671   671 D TelephonyManager: getRadioCapbility: ssdaMode=tdd-csfb
05-23 11:30:32.614   671   671 D TelephonyManager: getRadioFeatures: rCapbility=TDD_CSFB, testMode=8
05-23 11:30:32.614   671   671 D StatusBar.NetworkController: phoneId = 0 colorIndex = 0 mInetCondition=0 iconLevel=4
05-23 11:30:32.614   671   671 D TelephonyManager: getRadioFeatures: phoneId=0
05-23 11:30:32.624   671   671 D TelephonyManager: getRadioCapbility: ssdaMode=tdd-csfb
05-23 11:30:32.624   671   671 D TelephonyManager: getRadioFeatures: rCapbility=TDD_CSFB, testMode=8
05-23 11:30:32.624   671   671 D TelephonyManager: getRadioFeatures: phoneId=0
05-23 11:30:32.624   671   671 D TelephonyManager: getRadioCapbility: ssdaMode=tdd-csfb
05-23 11:30:32.624   671   671 D TelephonyManager: getRadioFeatures: rCapbility=TDD_CSFB, testMode=8
05-23 11:30:32.634   671   671 D StatusBar.NetworkController: phoneId: 0  refreshViews:   mAirplaneMode=false emergencyOnly=false no_wifi no_wifi mWifiIconId=0x0 mQSWifiIconId=0x0 wifiLabel= mHasMobileDataFeature=true mShowPhoneRSSIForData=false mPhoneSignalIconId=0x7f020107 mDataSignalIconId=0x7f020105/com.android.systemui:drawable/stat_sys_signal_4_sprd Phone_Signal_Level=4 GPRS &NetworkRoaming=false mMobileActivityIconId=0x7f0200c0(mDataActivity=0) mDataTypeIconId=0x7f0200c8/com.android.systemui:drawable/stat_sys_data_fully_connected_4g_ex   combinedSignalIconId=0x7f020105/com.android.systemui:drawable/stat_sys_signal_4_ex mobileLabel=中国移动4G combinedLabel=中国移动4G mLastDataDirectionOverlayIconId=0x7f0200c0
05-23 11:30:32.634  1998  1998 D MainDialog:  oldLevel = 4 level = 4 isSimAvail = true
05-23 11:30:32.634   671   671 D Settings: newValuesVersion = 2
05-23 11:30:32.634   671   671 D Settings: mValues.get(name) = 0
05-23 11:30:32.634   671   671 D Settings: newValuesVersion = 6
05-23 11:30:32.644   671   671 D Settings: mValues.get(name) = null
05-23 11:30:32.644   671   671 D QuickSettingsModel: isStandby = true
05-23 11:30:32.644   671   671 D Settings: newValuesVersion = 6
05-23 11:30:32.644   671   671 D Settings: mValues.get(name) = null
05-23 11:30:32.644   671   671 D QuickSettingsModel: onVoWifiChanged multiModeSlot = 0 isVoWifiAvailable = false isStandby = true
05-23 11:30:32.785   167   167 E SLOGCP  : int MediaStorage::check_quota(): data large: 10492328/10M
05-23 11:30:32.785   167   167 E SLOGCP  : virtual void LogPipeHandler::process(int): CP cp_5mode save log error [16(Device or resource busy)]
05-23 11:30:32.845   592  1006 D LIBGPS  : watchdog_open PowerState:GE2 CP SLEEP,readcount:0
05-23 11:30:33.035   885  1699 D dalvikvm: GC_FOR_ALLOC freed 439K, 48% free 3894K/7420K, paused 58ms, total 58ms
05-23 11:30:33.055   700   700 D Settings: newValuesVersion = 27
05-23 11:30:33.055   700   700 D Settings: mValues.get(name) = null
05-23 11:30:33.105   885  1699 D dalvikvm: GC_FOR_ALLOC freed 347K, 45% free 4126K/7420K, paused 11ms, total 12ms
05-23 11:30:33.125   885  1699 D dalvikvm: GC_FOR_ALLOC freed 245K, 43% free 4249K/7420K, paused 12ms, total 12ms
05-23 11:30:33.135   885  1699 D dalvikvm: GC_FOR_ALLOC freed 221K, 42% free 4359K/7420K, paused 13ms, total 13ms
05-23 11:30:33.145   885  1699 I dalvikvm-heap: Grow heap (frag case) to 4.916MB for 509300-byte allocation
05-23 11:30:33.165   885  1699 D dalvikvm: GC_FOR_ALLOC freed 331K, 43% free 4525K/7920K, paused 16ms, total 16ms
05-23 11:30:33.185   885  1699 D dalvikvm: GC_FOR_ALLOC freed 497K, 40% free 4774K/7920K, paused 13ms, total 13ms
05-23 11:30:33.185   885  1699 I dalvikvm-heap: Grow heap (frag case) to 5.927MB for 1145914-byte allocation
05-23 11:30:33.205   157   157 D gralloc.sc8830: fb_post fps = 1.977192
05-23 11:30:33.215   885  1699 D dalvikvm: GC_FOR_ALLOC freed 746K, 44% free 5147K/9040K, paused 18ms, total 18ms
05-23 11:30:33.215   885  1699 I dalvikvm-heap: Grow heap (frag case) to 6.837MB for 1718866-byte allocation
05-23 11:30:33.255   898  1698 D dalvikvm: GC_FOR_ALLOC freed 338K, 47% free 4010K/7492K, paused 177ms, total 177ms
05-23 11:30:33.295   898  1698 D dalvikvm: GC_FOR_ALLOC freed 409K, 45% free 4173K/7492K, paused 20ms, total 20ms
05-23 11:30:33.325   885  1699 D dalvikvm: GC_FOR_ALLOC freed 1119K, 47% free 5706K/10720K, paused 20ms, total 20ms
05-23 11:30:33.325   898  1698 D dalvikvm: GC_FOR_ALLOC freed 368K, 42% free 4357K/7492K, paused 18ms, total 18ms
05-23 11:30:33.375   898  1698 D dalvikvm: GC_FOR_ALLOC freed 331K, 40% free 4522K/7492K, paused 27ms, total 27ms
05-23 11:30:33.435   898  1698 D dalvikvm: GC_FOR_ALLOC freed 497K, 37% free 4771K/7492K, paused 55ms, total 55ms
05-23 11:30:33.445   885  1699 D dalvikvm: GC_FOR_ALLOC freed 1679K, 28% free 5208K/7160K, paused 54ms, total 54ms
05-23 11:30:33.455   898  1698 I dalvikvm-heap: Grow heap (frag case) to 5.928MB for 1145914-byte allocation
05-23 11:30:33.485   898   898 D dalvikvm: GC_FOR_ALLOC freed 746K, 41% free 5144K/8612K, paused 31ms, total 31ms
05-23 11:30:33.505   898  1698 D dalvikvm: GC_FOR_ALLOC freed <1K, 41% free 5144K/8612K, paused 14ms, total 14ms
05-23 11:30:33.505   898  1698 I dalvikvm-heap: Grow heap (frag case) to 6.838MB for 1718866-byte allocation
05-23 11:30:33.525   898  1698 D dalvikvm: GC_FOR_ALLOC freed 1119K, 45% free 5704K/10292K, paused 19ms, total 19ms
05-23 11:30:33.555   898  1698 D dalvikvm: GC_FOR_ALLOC freed 1679K, 29% free 5205K/7232K, paused 15ms, total 15ms
05-23 11:30:33.595   180   214 D phoneserver: rsrp[0]=80,rscp[0]=255,rxlev[0]=99 ind_str= 
05-23 11:30:33.595   180   214 D phoneserver: +CESQ: 99,99,255,255,31,80
05-23 11:30:33.595  1998  1998 D MainDialog:  oldLevel = 4 level = 4 isSimAvail = true
05-23 11:30:33.595   671   671 D StatusBar.NetworkController: onSignalStrengthsChanged on phoneId0signalStrength=SignalStrength: 99 -1 -120 -160 -120 -1 -1 99 -80 2147483647 2147483647 2147483647 gsm|lte level=4LTELevel=4
05-23 11:30:33.605   671   671 D StatusBar.NetworkController: phoneid=0 isexist=true  5
05-23 11:30:33.605   671   671 D StatusBar.NetworkController: isSupportLTE = false  isCardAbsent = false
05-23 11:30:33.605   671   671 D Settings: newValuesVersion = 6
05-23 11:30:33.605   671   671 D Settings: mValues.get(name) = null
05-23 11:30:33.605   671   671 E StatusBar.NetworkController: mServiceState[phoneId].getState(): 0
05-23 11:30:33.605   671   671 E StatusBar.NetworkController: mServiceState[phoneId].getDataRegState(): 0
05-23 11:30:33.615   671   671 D TelephonyManager: getRadioFeatures: phoneId=0
05-23 11:30:33.615   671   671 D TelephonyManager: getRadioCapbility: ssdaMode=tdd-csfb
05-23 11:30:33.615   671   671 D TelephonyManager: getRadioFeatures: rCapbility=TDD_CSFB, testMode=8
05-23 11:30:33.615   671   671 D StatusBar.NetworkController: phoneId = 0 colorIndex = 0 mInetCondition=0 iconLevel=4
05-23 11:30:33.615   671   671 D TelephonyManager: getRadioFeatures: phoneId=0
05-23 11:30:33.615   671   671 D TelephonyManager: getRadioCapbility: ssdaMode=tdd-csfb
05-23 11:30:33.615   671   671 D TelephonyManager: getRadioFeatures: rCapbility=TDD_CSFB, testMode=8
05-23 11:30:33.615   671   671 D TelephonyManager: getRadioFeatures: phoneId=0
05-23 11:30:33.615   671   671 D TelephonyManager: getRadioCapbility: ssdaMode=tdd-csfb
05-23 11:30:33.615   671   671 D TelephonyManager: getRadioFeatures: rCapbility=TDD_CSFB, testMode=8
05-23 11:30:33.615   671   671 D StatusBar.NetworkController: phoneId: 0  refreshViews:   mAirplaneMode=false emergencyOnly=false no_wifi no_wifi mWifiIconId=0x0 mQSWifiIconId=0x0 wifiLabel= mHasMobileDataFeature=true mShowPhoneRSSIForData=false mPhoneSignalIconId=0x7f020107 mDataSignalIconId=0x7f020105/com.android.systemui:drawable/stat_sys_signal_4_sprd Phone_Signal_Level=4 GPRS &NetworkRoaming=false mMobileActivityIconId=0x7f0200c0(mDataActivity=0) mDataTypeIconId=0x7f0200c8/com.android.systemui:drawable/stat_sys_data_fully_connected_4g_ex   combinedSignalIconId=0x7f020105/com.android.systemui:drawable/stat_sys_signal_4_ex mobileLabel=中国移动4G combinedLabel=中国移动4G mLastDataDirectionOverlayIconId=0x7f0200c0
05-23 11:30:33.615   671   671 D Settings: newValuesVersion = 2
05-23 11:30:33.615   671   671 D Settings: mValues.get(name) = 0
05-23 11:30:33.615   671   671 D Settings: newValuesVersion = 6
05-23 11:30:33.615   671   671 D Settings: mValues.get(name) = null
05-23 11:30:33.625   671   671 D QuickSettingsModel: isStandby = true
05-23 11:30:33.625   671   671 D Settings: newValuesVersion = 6
05-23 11:30:33.625   671   671 D Settings: mValues.get(name) = null
05-23 11:30:33.625   671   671 D QuickSettingsModel: onVoWifiChanged multiModeSlot = 0 isVoWifiAvailable = false isStandby = true
05-23 11:30:33.806   885  1714 D DNS_EAI_NODATA: android_getaddrinfo_proxy [430]: countly.uiandroid.net ^ 1024 0 1 0 ^
05-23 11:30:33.876   167   167 E SLOGCP  : int MediaStorage::check_quota(): data large: 10492328/10M
05-23 11:30:33.876   167   167 E SLOGCP  : virtual void LogPipeHandler::process(int): CP cp_5mode save log error [16(Device or resource busy)]
05-23 11:30:33.906   898  1716 D DNS_EAI_NODATA: android_getaddrinfo_proxy [430]: countly.uiandroid.net ^ 1024 0 1 0 ^
05-23 11:30:33.926   167   167 E SLOGCP  : int MediaStorage::check_quota(): data large: 10492328/10M
05-23 11:30:33.926   167   167 E SLOGCP  : virtual void LogPipeHandler::process(int): CP cp_5mode save log error [16(Device or resource busy)]
05-23 11:30:33.966   167   167 E SLOGCP  : int MediaStorage::check_quota(): data large: 10492328/10M
05-23 11:30:33.966   167   167 E SLOGCP  : virtual void LogPipeHandler::process(int): CP cp_5mode save log error [16(Device or resource busy)]
05-23 11:30:33.976   167   167 E SLOGCP  : int MediaStorage::check_quota(): data large: 10492328/10M
05-23 11:30:33.976   167   167 E SLOGCP  : virtual void LogPipeHandler::process(int): CP cp_5mode save log error [16(Device or resource busy)]
05-23 11:30:34.026   167   167 E SLOGCP  : int MediaStorage::check_quota(): data large: 10492328/10M
05-23 11:30:34.026   167   167 E SLOGCP  : virtual void LogPipeHandler::process(int): CP cp_5mode save log error [16(Device or resource busy)]
05-23 11:30:34.066   671   671 D StatusBar.NetworkController: onDataActivity: direction=2 phoneId=0
05-23 11:30:34.066   671   671 D StatusBar.NetworkController: mDataDirectionIconId end :7f0200c8  true
05-23 11:30:34.066   671   671 D TelephonyManager: getRadioFeatures: phoneId=0
05-23 11:30:34.066   671   671 D TelephonyManager: getRadioCapbility: ssdaMode=tdd-csfb
05-23 11:30:34.066   671   671 D TelephonyManager: getRadioFeatures: rCapbility=TDD_CSFB, testMode=8
05-23 11:30:34.066   167   167 E SLOGCP  : int MediaStorage::check_quota(): data large: 10492328/10M
05-23 11:30:34.066   167   167 E SLOGCP  : virtual void LogPipeHandler::process(int): CP cp_5mode save log error [16(Device or resource busy)]
05-23 11:30:34.076   671   671 D StatusBar.NetworkController: phoneId: 0  refreshViews:   mAirplaneMode=false emergencyOnly=false no_wifi no_wifi mWifiIconId=0x0 mQSWifiIconId=0x0 wifiLabel= mHasMobileDataFeature=true mShowPhoneRSSIForData=false mPhoneSignalIconId=0x7f020107 mDataSignalIconId=0x7f020105/com.android.systemui:drawable/stat_sys_signal_4_sprd Phone_Signal_Level=4 GPRS &NetworkRoaming=false mMobileActivityIconId=0x7f0200de(mDataActivity=2) mDataTypeIconId=0x7f0200c8/com.android.systemui:drawable/stat_sys_data_fully_connected_4g_ex   combinedSignalIconId=0x7f020105/com.android.systemui:drawable/stat_sys_signal_4_ex mobileLabel=中国移动4G combinedLabel=中国移动4G mLastDataDirectionOverlayIconId=0x7f0200c0
05-23 11:30:34.076   671   671 D Settings: newValuesVersion = 2
05-23 11:30:34.076   671   671 D Settings: mValues.get(name) = 0
05-23 11:30:34.076   671   671 D Settings: newValuesVersion = 6
05-23 11:30:34.076   671   671 D Settings: mValues.get(name) = null
05-23 11:30:34.076   671   671 D QuickSettingsModel: isStandby = true
05-23 11:30:34.086   671   671 D Settings: newValuesVersion = 6
05-23 11:30:34.086   671   671 D Settings: mValues.get(name) = null
05-23 11:30:34.086   671   671 D QuickSettingsModel: onVoWifiChanged multiModeSlot = 0 isVoWifiAvailable = false isStandby = true
05-23 11:30:34.096   700   700 D Settings: newValuesVersion = 27
05-23 11:30:34.096   700   700 D Settings: mValues.get(name) = null
05-23 11:30:34.106   671   671 D Settings: newValuesVersion = 2
05-23 11:30:34.106   671   671 D Settings: mValues.get(name) = 0
05-23 11:30:34.106   671   671 D Settings: newValuesVersion = 6
05-23 11:30:34.106   671   671 D Settings: mValues.get(name) = null
05-23 11:30:34.106   671   671 D QuickSettingsModel: isStandby = true
05-23 11:30:34.106   671   671 D Settings: newValuesVersion = 6
05-23 11:30:34.106   671   671 D Settings: mValues.get(name) = null
05-23 11:30:34.106   671   671 D QuickSettingsModel: onVoWifiChanged multiModeSlot = 0 isVoWifiAvailable = false isStandby = true
05-23 11:30:34.116   671   671 D StatusBar.NetworkController: changing data overlay icon id to 2130837726
05-23 11:30:34.116   167   167 E SLOGCP  : int MediaStorage::check_quota(): data large: 10492328/10M
05-23 11:30:34.116   167   167 E SLOGCP  : virtual void LogPipeHandler::process(int): CP cp_5mode save log error [16(Device or resource busy)]
05-23 11:30:34.176   167   167 E SLOGCP  : int MediaStorage::check_quota(): data large: 10492328/10M
05-23 11:30:34.176   167   167 E SLOGCP  : virtual void LogPipeHandler::process(int): CP cp_5mode save log error [16(Device or resource busy)]
05-23 11:30:34.226   167   167 E SLOGCP  : int MediaStorage::check_quota(): data large: 10492328/10M
05-23 11:30:34.226   167   167 E SLOGCP  : virtual void LogPipeHandler::process(int): CP cp_5mode save log error [16(Device or resource busy)]
05-23 11:30:34.266   167   167 E SLOGCP  : int MediaStorage::check_quota(): data large: 10492328/10M
05-23 11:30:34.266   167   167 E SLOGCP  : virtual void LogPipeHandler::process(int): CP cp_5mode save log error [16(Device or resource busy)]
05-23 11:30:34.336   167   167 E SLOGCP  : int MediaStorage::check_quota(): data large: 10492328/10M
05-23 11:30:34.336   167   167 E SLOGCP  : virtual void LogPipeHandler::process(int): CP cp_5mode save log error [16(Device or resource busy)]
05-23 11:30:34.596   180   214 D phoneserver: rsrp[0]=78,rscp[0]=255,rxlev[0]=99 ind_str= 
05-23 11:30:34.596   180   214 D phoneserver: +CESQ: 99,99,255,255,29,78
05-23 11:30:34.606   671   671 D StatusBar.NetworkController: onSignalStrengthsChanged on phoneId0signalStrength=SignalStrength: 99 -1 -120 -160 -120 -1 -1 99 -78 2147483647 2147483647 2147483647 gsm|lte level=4LTELevel=4
05-23 11:30:34.606   671   671 D StatusBar.NetworkController: phoneid=0 isexist=true  5
05-23 11:30:34.606   671   671 D StatusBar.NetworkController: isSupportLTE = false  isCardAbsent = false
05-23 11:30:34.606   671   671 D Settings: newValuesVersion = 6
05-23 11:30:34.606   671   671 D Settings: mValues.get(name) = null
05-23 11:30:34.606   671   671 E StatusBar.NetworkController: mServiceState[phoneId].getState(): 0
05-23 11:30:34.616   671   671 E StatusBar.NetworkController: mServiceState[phoneId].getDataRegState(): 0
05-23 11:30:34.616   167   167 E SLOGCP  : int MediaStorage::check_quota(): data large: 10492328/10M
05-23 11:30:34.616   167   167 E SLOGCP  : virtual void LogPipeHandler::process(int): CP cp_5mode save log error [16(Device or resource busy)]
05-23 11:30:34.616   671   671 D TelephonyManager: getRadioFeatures: phoneId=0
05-23 11:30:34.616   671   671 D TelephonyManager: getRadioCapbility: ssdaMode=tdd-csfb
05-23 11:30:34.616   671   671 D TelephonyManager: getRadioFeatures: rCapbility=TDD_CSFB, testMode=8
05-23 11:30:34.626   671   671 D StatusBar.NetworkController: phoneId = 0 colorIndex = 0 mInetCondition=0 iconLevel=4
05-23 11:30:34.626   671   671 D TelephonyManager: getRadioFeatures: phoneId=0
05-23 11:30:34.626   671   671 D TelephonyManager: getRadioCapbility: ssdaMode=tdd-csfb
05-23 11:30:34.626   671   671 D TelephonyManager: getRadioFeatures: rCapbility=TDD_CSFB, testMode=8
05-23 11:30:34.626   671   671 D TelephonyManager: getRadioFeatures: phoneId=0
05-23 11:30:34.626   671   671 D TelephonyManager: getRadioCapbility: ssdaMode=tdd-csfb
05-23 11:30:34.626   671   671 D TelephonyManager: getRadioFeatures: rCapbility=TDD_CSFB, testMode=8
05-23 11:30:34.636   671   671 D StatusBar.NetworkController: phoneId: 0  refreshViews:   mAirplaneMode=false emergencyOnly=false no_wifi no_wifi mWifiIconId=0x0 mQSWifiIconId=0x0 wifiLabel= mHasMobileDataFeature=true mShowPhoneRSSIForData=false mPhoneSignalIconId=0x7f020107 mDataSignalIconId=0x7f020105/com.android.systemui:drawable/stat_sys_signal_4_sprd Phone_Signal_Level=4 GPRS &NetworkRoaming=false mMobileActivityIconId=0x7f0200de(mDataActivity=2) mDataTypeIconId=0x7f0200c8/com.android.systemui:drawable/stat_sys_data_fully_connected_4g_ex   combinedSignalIconId=0x7f020105/com.android.systemui:drawable/stat_sys_signal_4_ex mobileLabel=中国移动4G combinedLabel=中国移动4G mLastDataDirectionOverlayIconId=0x7f0200de
05-23 11:30:34.636   671   671 D Settings: newValuesVersion = 2
05-23 11:30:34.636  1998  1998 D MainDialog:  oldLevel = 4 level = 4 isSimAvail = true
05-23 11:30:34.636   671   671 D Settings: mValues.get(name) = 0
05-23 11:30:34.646   671   671 D Settings: newValuesVersion = 6
05-23 11:30:34.646   671   671 D Settings: mValues.get(name) = null
05-23 11:30:34.646   671   671 D QuickSettingsModel: isStandby = true
05-23 11:30:34.646   671   671 D Settings: newValuesVersion = 6
05-23 11:30:34.646   671   671 D Settings: mValues.get(name) = null
05-23 11:30:34.646   671   671 D QuickSettingsModel: onVoWifiChanged multiModeSlot = 0 isVoWifiAvailable = false isStandby = true
05-23 11:30:34.656   167   167 E SLOGCP  : int MediaStorage::check_quota(): data large: 10492328/10M
05-23 11:30:34.656   167   167 E SLOGCP  : virtual void LogPipeHandler::process(int): CP cp_5mode save log error [16(Device or resource busy)]
05-23 11:30:34.696   157   157 D gralloc.sc8830: fb_post fps = 2.003873
05-23 11:30:34.706   167   167 E SLOGCP  : int MediaStorage::check_quota(): data large: 10492328/10M
05-23 11:30:34.706   167   167 E SLOGCP  : virtual void LogPipeHandler::process(int): CP cp_5mode save log error [16(Device or resource busy)]
05-23 11:30:34.757   167   167 E SLOGCP  : int MediaStorage::check_quota(): data large: 10492328/10M
05-23 11:30:34.757   167   167 E SLOGCP  : virtual void LogPipeHandler::process(int): CP cp_5mode save log error [16(Device or resource busy)]
05-23 11:30:34.847   592  1006 D LIBGPS  : watchdog_open PowerState:GE2 CP SLEEP,readcount:0
05-23 11:30:34.937   167   167 E SLOGCP  : int MediaStorage::check_quota(): data large: 10492328/10M
05-23 11:30:34.937   167   167 E SLOGCP  : virtual void LogPipeHandler::process(int): CP cp_5mode save log error [16(Device or resource busy)]
05-23 11:30:35.097   671   671 D StatusBar.NetworkController: onDataActivity: direction=1 phoneId=0
05-23 11:30:35.097   671   671 D StatusBar.NetworkController: mDataDirectionIconId end :7f0200c8  true
05-23 11:30:35.107   700   700 D Settings: newValuesVersion = 27
05-23 11:30:35.107   671   671 D TelephonyManager: getRadioFeatures: phoneId=0
05-23 11:30:35.107   671   671 D TelephonyManager: getRadioCapbility: ssdaMode=tdd-csfb
05-23 11:30:35.107   700   700 D Settings: mValues.get(name) = null
05-23 11:30:35.107   671   671 D TelephonyManager: getRadioFeatures: rCapbility=TDD_CSFB, testMode=8
05-23 11:30:35.107   671   671 D StatusBar.NetworkController: phoneId: 0  refreshViews:   mAirplaneMode=false emergencyOnly=false no_wifi no_wifi mWifiIconId=0x0 mQSWifiIconId=0x0 wifiLabel= mHasMobileDataFeature=true mShowPhoneRSSIForData=false mPhoneSignalIconId=0x7f020107 mDataSignalIconId=0x7f020105/com.android.systemui:drawable/stat_sys_signal_4_sprd Phone_Signal_Level=4 GPRS &NetworkRoaming=false mMobileActivityIconId=0x7f0200da(mDataActivity=1) mDataTypeIconId=0x7f0200c8/com.android.systemui:drawable/stat_sys_data_fully_connected_4g_ex   combinedSignalIconId=0x7f020105/com.android.systemui:drawable/stat_sys_signal_4_ex mobileLabel=中国移动4G combinedLabel=中国移动4G mLastDataDirectionOverlayIconId=0x7f0200de
05-23 11:30:35.117   671   671 D Settings: newValuesVersion = 2
05-23 11:30:35.117   671   671 D Settings: mValues.get(name) = 0
05-23 11:30:35.117   671   671 D Settings: newValuesVersion = 6
05-23 11:30:35.117   671   671 D Settings: mValues.get(name) = null
05-23 11:30:35.117   671   671 D QuickSettingsModel: isStandby = true
05-23 11:30:35.117   671   671 D Settings: newValuesVersion = 6
05-23 11:30:35.127   671   671 D Settings: mValues.get(name) = null
05-23 11:30:35.127   671   671 D QuickSettingsModel: onVoWifiChanged multiModeSlot = 0 isVoWifiAvailable = false isStandby = true
05-23 11:30:35.127   167   167 E SLOGCP  : int MediaStorage::check_quota(): data large: 10492328/10M
05-23 11:30:35.127   167   167 E SLOGCP  : virtual void LogPipeHandler::process(int): CP cp_5mode save log error [16(Device or resource busy)]
05-23 11:30:35.137   671   671 D Settings: newValuesVersion = 2
05-23 11:30:35.137   671   671 D Settings: mValues.get(name) = 0
05-23 11:30:35.137   671   671 D Settings: newValuesVersion = 6
05-23 11:30:35.137   671   671 D Settings: mValues.get(name) = null
05-23 11:30:35.137   671   671 D QuickSettingsModel: isStandby = true
05-23 11:30:35.137   671   671 D Settings: newValuesVersion = 6
05-23 11:30:35.147   671   671 D Settings: mValues.get(name) = null
05-23 11:30:35.147   671   671 D QuickSettingsModel: onVoWifiChanged multiModeSlot = 0 isVoWifiAvailable = false isStandby = true
05-23 11:30:35.147   671   671 D StatusBar.NetworkController: changing data overlay icon id to 2130837722
05-23 11:30:35.177   167   167 E SLOGCP  : int MediaStorage::check_quota(): data large: 10492328/10M
05-23 11:30:35.177   167   167 E SLOGCP  : virtual void LogPipeHandler::process(int): CP cp_5mode save log error [16(Device or resource busy)]
05-23 11:30:35.247   167   167 E SLOGCP  : int MediaStorage::check_quota(): data large: 10492328/10M
05-23 11:30:35.247   167   167 E SLOGCP  : virtual void LogPipeHandler::process(int): CP cp_5mode save log error [16(Device or resource busy)]
05-23 11:30:35.337   592  2017 D Settings: newValuesVersion = 27
05-23 11:30:35.337   592  2017 D Settings: name = sys_free_storage_log_interval, value = null
05-23 11:30:35.347   592  2017 D Settings: newValuesVersion = 27
05-23 11:30:35.347   592  2017 D Settings: name = disk_free_change_reporting_threshold, value = null
05-23 11:30:35.417   167   167 E SLOGCP  : int MediaStorage::check_quota(): data large: 10492328/10M
05-23 11:30:35.417   167   167 E SLOGCP  : virtual void LogPipeHandler::process(int): CP cp_5mode save log error [16(Device or resource busy)]
05-23 11:30:35.587   167   167 E SLOGCP  : int MediaStorage::check_quota(): data large: 10492328/10M
05-23 11:30:35.587   167   167 E SLOGCP  : virtual void LogPipeHandler::process(int): CP cp_5mode save log error [16(Device or resource busy)]
05-23 11:30:35.597   180   214 D phoneserver: rsrp[0]=77,rscp[0]=255,rxlev[0]=99 ind_str= 
05-23 11:30:35.597   180   214 D phoneserver: +CESQ: 99,99,255,255,29,77
05-23 11:30:35.597   671   671 D StatusBar.NetworkController: onSignalStrengthsChanged on phoneId0signalStrength=SignalStrength: 99 -1 -120 -160 -120 -1 -1 99 -77 2147483647 2147483647 2147483647 gsm|lte level=4LTELevel=4
05-23 11:30:35.607   671   671 D StatusBar.NetworkController: phoneid=0 isexist=true  5
05-23 11:30:35.607   671   671 D StatusBar.NetworkController: isSupportLTE = false  isCardAbsent = false
05-23 11:30:35.607   671   671 D Settings: newValuesVersion = 6
05-23 11:30:35.607   671   671 D Settings: mValues.get(name) = null
05-23 11:30:35.617   671   671 E StatusBar.NetworkController: mServiceState[phoneId].getState(): 0
05-23 11:30:35.617   671   671 E StatusBar.NetworkController: mServiceState[phoneId].getDataRegState(): 0
05-23 11:30:35.617   671   671 D TelephonyManager: getRadioFeatures: phoneId=0
05-23 11:30:35.617   671   671 D TelephonyManager: getRadioCapbility: ssdaMode=tdd-csfb
05-23 11:30:35.617   671   671 D TelephonyManager: getRadioFeatures: rCapbility=TDD_CSFB, testMode=8
05-23 11:30:35.617   671   671 D StatusBar.NetworkController: phoneId = 0 colorIndex = 0 mInetCondition=0 iconLevel=4
05-23 11:30:35.627   671   671 D TelephonyManager: getRadioFeatures: phoneId=0
05-23 11:30:35.627   671   671 D TelephonyManager: getRadioCapbility: ssdaMode=tdd-csfb
05-23 11:30:35.627   671   671 D TelephonyManager: getRadioFeatures: rCapbility=TDD_CSFB, testMode=8
05-23 11:30:35.627  1998  1998 D MainDialog:  oldLevel = 4 level = 4 isSimAvail = true
05-23 11:30:35.627   671   671 D TelephonyManager: getRadioFeatures: phoneId=0
05-23 11:30:35.627   671   671 D TelephonyManager: getRadioCapbility: ssdaMode=tdd-csfb
05-23 11:30:35.637   671   671 D TelephonyManager: getRadioFeatures: rCapbility=TDD_CSFB, testMode=8
05-23 11:30:35.637   671   671 D StatusBar.NetworkController: phoneId: 0  refreshViews:   mAirplaneMode=false emergencyOnly=false no_wifi no_wifi mWifiIconId=0x0 mQSWifiIconId=0x0 wifiLabel= mHasMobileDataFeature=true mShowPhoneRSSIForData=false mPhoneSignalIconId=0x7f020107 mDataSignalIconId=0x7f020105/com.android.systemui:drawable/stat_sys_signal_4_sprd Phone_Signal_Level=4 GPRS &NetworkRoaming=false mMobileActivityIconId=0x7f0200da(mDataActivity=1) mDataTypeIconId=0x7f0200c8/com.android.systemui:drawable/stat_sys_data_fully_connected_4g_ex   combinedSignalIconId=0x7f020105/com.android.systemui:drawable/stat_sys_signal_4_ex mobileLabel=中国移动4G combinedLabel=中国移动4G mLastDataDirectionOverlayIconId=0x7f0200da
05-23 11:30:35.637   671   671 D Settings: newValuesVersion = 2
05-23 11:30:35.637   671   671 D Settings: mValues.get(name) = 0
05-23 11:30:35.647   671   671 D Settings: newValuesVersion = 6
05-23 11:30:35.647   671   671 D Settings: mValues.get(name) = null
05-23 11:30:35.647   671   671 D QuickSettingsModel: isStandby = true
05-23 11:30:35.647   671   671 D Settings: newValuesVersion = 6
05-23 11:30:35.647   671   671 D Settings: mValues.get(name) = null
05-23 11:30:35.647   671   671 D QuickSettingsModel: onVoWifiChanged multiModeSlot = 0 isVoWifiAvailable = false isStandby = true
05-23 11:30:35.657   167   167 E SLOGCP  : int MediaStorage::check_quota(): data large: 10492328/10M
05-23 11:30:35.657   167   167 E SLOGCP  : virtual void LogPipeHandler::process(int): CP cp_5mode save log error [16(Device or resource busy)]
05-23 11:30:35.707   167   167 E SLOGCP  : int MediaStorage::check_quota(): data large: 10492328/10M
05-23 11:30:35.707   167   167 E SLOGCP  : virtual void LogPipeHandler::process(int): CP cp_5mode save log error [16(Device or resource busy)]
05-23 11:30:35.757   167   167 E SLOGCP  : int MediaStorage::check_quota(): data large: 10492328/10M
05-23 11:30:35.757   167   167 E SLOGCP  : virtual void LogPipeHandler::process(int): CP cp_5mode save log error [16(Device or resource busy)]
05-23 11:30:35.818   167   167 E SLOGCP  : int MediaStorage::check_quota(): data large: 10492328/10M
05-23 11:30:35.818   167   167 E SLOGCP  : virtual void LogPipeHandler::process(int): CP cp_5mode save log error [16(Device or resource busy)]
05-23 11:30:35.868   167   167 E SLOGCP  : int MediaStorage::check_quota(): data large: 10492328/10M
05-23 11:30:35.868   167   167 E SLOGCP  : virtual void LogPipeHandler::process(int): CP cp_5mode save log error [16(Device or resource busy)]
05-23 11:30:36.058   167   167 E SLOGCP  : int MediaStorage::check_quota(): data large: 10492328/10M
05-23 11:30:36.058   167   167 E SLOGCP  : virtual void LogPipeHandler::process(int): CP cp_5mode save log error [16(Device or resource busy)]
05-23 11:30:36.108   700   700 D Settings: newValuesVersion = 27
05-23 11:30:36.108   700   700 D Settings: mValues.get(name) = null
05-23 11:30:36.108   671   671 D StatusBar.NetworkController: onDataActivity: direction=0 phoneId=0
05-23 11:30:36.108   671   671 D StatusBar.NetworkController: mDataDirectionIconId end :7f0200c8  true
05-23 11:30:36.108   671   671 D TelephonyManager: getRadioFeatures: phoneId=0
05-23 11:30:36.108   671   671 D TelephonyManager: getRadioCapbility: ssdaMode=tdd-csfb
05-23 11:30:36.118   671   671 D TelephonyManager: getRadioFeatures: rCapbility=TDD_CSFB, testMode=8
05-23 11:30:36.118   671   671 D StatusBar.NetworkController: phoneId: 0  refreshViews:   mAirplaneMode=false emergencyOnly=false no_wifi no_wifi mWifiIconId=0x0 mQSWifiIconId=0x0 wifiLabel= mHasMobileDataFeature=true mShowPhoneRSSIForData=false mPhoneSignalIconId=0x7f020107 mDataSignalIconId=0x7f020105/com.android.systemui:drawable/stat_sys_signal_4_sprd Phone_Signal_Level=4 GPRS &NetworkRoaming=false mMobileActivityIconId=0x7f0200c0(mDataActivity=0) mDataTypeIconId=0x7f0200c8/com.android.systemui:drawable/stat_sys_data_fully_connected_4g_ex   combinedSignalIconId=0x7f020105/com.android.systemui:drawable/stat_sys_signal_4_ex mobileLabel=中国移动4G combinedLabel=中国移动4G mLastDataDirectionOverlayIconId=0x7f0200da
05-23 11:30:36.118   671   671 D Settings: newValuesVersion = 2
05-23 11:30:36.118   671   671 D Settings: mValues.get(name) = 0
05-23 11:30:36.118   671   671 D Settings: newValuesVersion = 6
05-23 11:30:36.128   671   671 D Settings: mValues.get(name) = null
05-23 11:30:36.128   671   671 D QuickSettingsModel: isStandby = true
05-23 11:30:36.128   671   671 D Settings: newValuesVersion = 6
05-23 11:30:36.128   671   671 D Settings: mValues.get(name) = null
05-23 11:30:36.128   671   671 D QuickSettingsModel: onVoWifiChanged multiModeSlot = 0 isVoWifiAvailable = false isStandby = true
05-23 11:30:36.138   671   671 D Settings: newValuesVersion = 2
05-23 11:30:36.138   671   671 D Settings: mValues.get(name) = 0
05-23 11:30:36.138   671   671 D Settings: newValuesVersion = 6
05-23 11:30:36.138   671   671 D Settings: mValues.get(name) = null
05-23 11:30:36.138   671   671 D QuickSettingsModel: isStandby = true
05-23 11:30:36.138   671   671 D Settings: newValuesVersion = 6
05-23 11:30:36.138   671   671 D Settings: mValues.get(name) = null
05-23 11:30:36.148   671   671 D QuickSettingsModel: onVoWifiChanged multiModeSlot = 0 isVoWifiAvailable = false isStandby = true
05-23 11:30:36.148   671   671 D StatusBar.NetworkController: changing data overlay icon id to 2130837696
05-23 11:30:36.178   157   157 D gralloc.sc8830: fb_post fps = 2.015665
05-23 11:30:36.368   167   167 E SLOGCP  : int MediaStorage::check_quota(): data large: 10492328/10M
05-23 11:30:36.368   167   167 E SLOGCP  : virtual void LogPipeHandler::process(int): CP cp_5mode save log error [16(Device or resource busy)]
05-23 11:30:36.548   167   167 E SLOGCP  : int MediaStorage::check_quota(): data large: 10492328/10M
05-23 11:30:36.548   167   167 E SLOGCP  : virtual void LogPipeHandler::process(int): CP cp_5mode save log error [16(Device or resource busy)]
05-23 11:30:36.588   180   214 D phoneserver: rsrp[0]=75,rscp[0]=255,rxlev[0]=99 ind_str= 
05-23 11:30:36.588   180   214 D phoneserver: +CESQ: 99,99,255,255,30,75
05-23 11:30:36.598   671   671 D StatusBar.NetworkController: onSignalStrengthsChanged on phoneId0signalStrength=SignalStrength: 99 -1 -120 -160 -120 -1 -1 99 -75 2147483647 2147483647 2147483647 gsm|lte level=4LTELevel=4
05-23 11:30:36.598   671   671 D StatusBar.NetworkController: phoneid=0 isexist=true  5
05-23 11:30:36.598   671   671 D StatusBar.NetworkController: isSupportLTE = false  isCardAbsent = false
05-23 11:30:36.598   671   671 D Settings: newValuesVersion = 6
05-23 11:30:36.598   671   671 D Settings: mValues.get(name) = null
05-23 11:30:36.608   671   671 E StatusBar.NetworkController: mServiceState[phoneId].getState(): 0
05-23 11:30:36.608   671   671 E StatusBar.NetworkController: mServiceState[phoneId].getDataRegState(): 0
05-23 11:30:36.608   671   671 D TelephonyManager: getRadioFeatures: phoneId=0
05-23 11:30:36.608   671   671 D TelephonyManager: getRadioCapbility: ssdaMode=tdd-csfb
05-23 11:30:36.608   671   671 D TelephonyManager: getRadioFeatures: rCapbility=TDD_CSFB, testMode=8
05-23 11:30:36.608   671   671 D StatusBar.NetworkController: phoneId = 0 colorIndex = 0 mInetCondition=0 iconLevel=4
05-23 11:30:36.618   671   671 D TelephonyManager: getRadioFeatures: phoneId=0
05-23 11:30:36.618   671   671 D TelephonyManager: getRadioCapbility: ssdaMode=tdd-csfb
05-23 11:30:36.618   671   671 D TelephonyManager: getRadioFeatures: rCapbility=TDD_CSFB, testMode=8
05-23 11:30:36.618   671   671 D TelephonyManager: getRadioFeatures: phoneId=0
05-23 11:30:36.618   671   671 D TelephonyManager: getRadioCapbility: ssdaMode=tdd-csfb
05-23 11:30:36.618   671   671 D TelephonyManager: getRadioFeatures: rCapbility=TDD_CSFB, testMode=8
05-23 11:30:36.628  1998  1998 D MainDialog:  oldLevel = 4 level = 4 isSimAvail = true
05-23 11:30:36.628   671   671 D StatusBar.NetworkController: phoneId: 0  refreshViews:   mAirplaneMode=false emergencyOnly=false no_wifi no_wifi mWifiIconId=0x0 mQSWifiIconId=0x0 wifiLabel= mHasMobileDataFeature=true mShowPhoneRSSIForData=false mPhoneSignalIconId=0x7f020107 mDataSignalIconId=0x7f020105/com.android.systemui:drawable/stat_sys_signal_4_sprd Phone_Signal_Level=4 GPRS &NetworkRoaming=false mMobileActivityIconId=0x7f0200c0(mDataActivity=0) mDataTypeIconId=0x7f0200c8/com.android.systemui:drawable/stat_sys_data_fully_connected_4g_ex   combinedSignalIconId=0x7f020105/com.android.systemui:drawable/stat_sys_signal_4_ex mobileLabel=中国移动4G combinedLabel=中国移动4G mLastDataDirectionOverlayIconId=0x7f0200c0
05-23 11:30:36.628   671   671 D Settings: newValuesVersion = 2
05-23 11:30:36.628   671   671 D Settings: mValues.get(name) = 0
05-23 11:30:36.628   671   671 D Settings: newValuesVersion = 6
05-23 11:30:36.638   671   671 D Settings: mValues.get(name) = null
05-23 11:30:36.638   671   671 D QuickSettingsModel: isStandby = true
05-23 11:30:36.638   671   671 D Settings: newValuesVersion = 6
05-23 11:30:36.638   671   671 D Settings: mValues.get(name) = null
05-23 11:30:36.638   671   671 D QuickSettingsModel: onVoWifiChanged multiModeSlot = 0 isVoWifiAvailable = false isStandby = true
05-23 11:30:36.809   879   879 D dalvikvm: GC_EXPLICIT freed 80K, 11% free 2193K/2452K, paused 8ms+2ms, total 49ms
05-23 11:30:36.829   167   167 E SLOGCP  : int MediaStorage::check_quota(): data large: 10492328/10M
05-23 11:30:36.829   167   167 E SLOGCP  : virtual void LogPipeHandler::process(int): CP cp_5mode save log error [16(Device or resource busy)]
05-23 11:30:36.839   592  1006 D LIBGPS  : watchdog_open PowerState:GE2 CP SLEEP,readcount:0
05-23 11:30:37.019   167   167 E SLOGCP  : int MediaStorage::check_quota(): data large: 10492328/10M
05-23 11:30:37.019   167   167 E SLOGCP  : virtual void LogPipeHandler::process(int): CP cp_5mode save log error [16(Device or resource busy)]
05-23 11:30:37.109   700   700 D Settings: newValuesVersion = 27
05-23 11:30:37.109   700   700 D Settings: mValues.get(name) = null
05-23 11:30:37.199   157   157 D gralloc.sc8830: fb_post fps = 1.960219
05-23 11:30:37.249   167   167 E SLOGCP  : int MediaStorage::check_quota(): data large: 10492328/10M
05-23 11:30:37.249   167   167 E SLOGCP  : virtual void LogPipeHandler::process(int): CP cp_5mode save log error [16(Device or resource busy)]
05-23 11:30:37.349   167   167 E SLOGCP  : int MediaStorage::check_quota(): data large: 10492328/10M
05-23 11:30:37.349   167   167 E SLOGCP  : virtual void LogPipeHandler::process(int): CP cp_5mode save log error [16(Device or resource busy)]
05-23 11:30:37.369  1264  1761 D dalvikvm: GC_FOR_ALLOC freed 388K, 25% free 2897K/3856K, paused 53ms, total 53ms
05-23 11:30:37.379  1264  1761 D dalvikvm: GC_FOR_ALLOC freed 75K, 25% free 2920K/3856K, paused 10ms, total 10ms
05-23 11:30:37.379  1264  1761 I dalvikvm-heap: Grow heap (frag case) to 3.171MB for 150910-byte allocation
05-23 11:30:37.389  1264  1761 D dalvikvm: GC_FOR_ALLOC freed 98K, 26% free 2969K/4004K, paused 10ms, total 10ms
05-23 11:30:37.399  1264  1761 D dalvikvm: GC_FOR_ALLOC freed 147K, 25% free 3042K/4004K, paused 10ms, total 10ms
05-23 11:30:37.459  1264  1783 D DNS_EAI_NODATA: android_getaddrinfo_proxy [430]: countly.uiandroid.net ^ 1024 0 1 0 ^
05-23 11:30:37.519   167   167 E SLOGCP  : int MediaStorage::check_quota(): data large: 10492328/10M
05-23 11:30:37.519   167   167 E SLOGCP  : virtual void LogPipeHandler::process(int): CP cp_5mode save log error [16(Device or resource busy)]
05-23 11:30:37.559   167   167 E SLOGCP  : int MediaStorage::check_quota(): data large: 10492328/10M
05-23 11:30:37.559   167   167 E SLOGCP  : virtual void LogPipeHandler::process(int): CP cp_5mode save log error [16(Device or resource busy)]
05-23 11:30:37.589   180   214 D phoneserver: rsrp[0]=77,rscp[0]=255,rxlev[0]=99 ind_str= 
05-23 11:30:37.589   180   214 D phoneserver: +CESQ: 99,99,255,255,30,77
05-23 11:30:37.599   671   671 D StatusBar.NetworkController: onSignalStrengthsChanged on phoneId0signalStrength=SignalStrength: 99 -1 -120 -160 -120 -1 -1 99 -77 2147483647 2147483647 2147483647 gsm|lte level=4LTELevel=4
05-23 11:30:37.599  1998  1998 D MainDialog:  oldLevel = 4 level = 4 isSimAvail = true
05-23 11:30:37.599   671   671 D StatusBar.NetworkController: phoneid=0 isexist=true  5
05-23 11:30:37.609   671   671 D StatusBar.NetworkController: isSupportLTE = false  isCardAbsent = false
05-23 11:30:37.609   671   671 D Settings: newValuesVersion = 6
05-23 11:30:37.609   671   671 D Settings: mValues.get(name) = null
05-23 11:30:37.609   671   671 E StatusBar.NetworkController: mServiceState[phoneId].getState(): 0
05-23 11:30:37.609   671   671 E StatusBar.NetworkController: mServiceState[phoneId].getDataRegState(): 0
05-23 11:30:37.619   671   671 D TelephonyManager: getRadioFeatures: phoneId=0
05-23 11:30:37.619   167   167 E SLOGCP  : int MediaStorage::check_quota(): data large: 10492328/10M
05-23 11:30:37.619   167   167 E SLOGCP  : virtual void LogPipeHandler::process(int): CP cp_5mode save log error [16(Device or resource busy)]
05-23 11:30:37.619   671   671 D TelephonyManager: getRadioCapbility: ssdaMode=tdd-csfb
05-23 11:30:37.619   671   671 D TelephonyManager: getRadioFeatures: rCapbility=TDD_CSFB, testMode=8
05-23 11:30:37.619   671   671 D StatusBar.NetworkController: phoneId = 0 colorIndex = 0 mInetCondition=0 iconLevel=4
05-23 11:30:37.629   671   671 D TelephonyManager: getRadioFeatures: phoneId=0
05-23 11:30:37.629   671   671 D TelephonyManager: getRadioCapbility: ssdaMode=tdd-csfb
05-23 11:30:37.629   671   671 D TelephonyManager: getRadioFeatures: rCapbility=TDD_CSFB, testMode=8
05-23 11:30:37.629   671   671 D TelephonyManager: getRadioFeatures: phoneId=0
05-23 11:30:37.629   671   671 D TelephonyManager: getRadioCapbility: ssdaMode=tdd-csfb
05-23 11:30:37.629   671   671 D TelephonyManager: getRadioFeatures: rCapbility=TDD_CSFB, testMode=8
05-23 11:30:37.639   671   671 D StatusBar.NetworkController: phoneId: 0  refreshViews:   mAirplaneMode=false emergencyOnly=false no_wifi no_wifi mWifiIconId=0x0 mQSWifiIconId=0x0 wifiLabel= mHasMobileDataFeature=true mShowPhoneRSSIForData=false mPhoneSignalIconId=0x7f020107 mDataSignalIconId=0x7f020105/com.android.systemui:drawable/stat_sys_signal_4_sprd Phone_Signal_Level=4 GPRS &NetworkRoaming=false mMobileActivityIconId=0x7f0200c0(mDataActivity=0) mDataTypeIconId=0x7f0200c8/com.android.systemui:drawable/stat_sys_data_fully_connected_4g_ex   combinedSignalIconId=0x7f020105/com.android.systemui:drawable/stat_sys_signal_4_ex mobileLabel=中国移动4G combinedLabel=中国移动4G mLastDataDirectionOverlayIconId=0x7f0200c0
05-23 11:30:37.639   671   671 D Settings: newValuesVersion = 2
05-23 11:30:37.639   671   671 D Settings: mValues.get(name) = 0
05-23 11:30:37.639   671   671 D Settings: newValuesVersion = 6
05-23 11:30:37.639   671   671 D Settings: mValues.get(name) = null
05-23 11:30:37.639   671   671 D QuickSettingsModel: isStandby = true
05-23 11:30:37.649   671   671 D Settings: newValuesVersion = 6
05-23 11:30:37.649   671   671 D Settings: mValues.get(name) = null
05-23 11:30:37.649   671   671 D QuickSettingsModel: onVoWifiChanged multiModeSlot = 0 isVoWifiAvailable = false isStandby = true
05-23 11:30:37.669   167   167 E SLOGCP  : int MediaStorage::check_quota(): data large: 10492328/10M
05-23 11:30:37.669   167   167 E SLOGCP  : virtual void LogPipeHandler::process(int): CP cp_5mode save log error [16(Device or resource busy)]
05-23 11:30:37.729   167   167 E SLOGCP  : int MediaStorage::check_quota(): data large: 10492328/10M
05-23 11:30:37.729   167   167 E SLOGCP  : virtual void LogPipeHandler::process(int): CP cp_5mode save log error [16(Device or resource busy)]
05-23 11:30:37.779   167   167 E SLOGCP  : int MediaStorage::check_quota(): data large: 10492328/10M
05-23 11:30:37.779   167   167 E SLOGCP  : virtual void LogPipeHandler::process(int): CP cp_5mode save log error [16(Device or resource busy)]
05-23 11:30:37.890   167   167 E SLOGCP  : int MediaStorage::check_quota(): data large: 10492328/10M
05-23 11:30:37.890   167   167 E SLOGCP  : virtual void LogPipeHandler::process(int): CP cp_5mode save log error [16(Device or resource busy)]
05-23 11:30:38.000   167   167 E SLOGCP  : int MediaStorage::check_quota(): data large: 10492328/10M
05-23 11:30:38.000   167   167 E SLOGCP  : virtual void LogPipeHandler::process(int): CP cp_5mode save log error [16(Device or resource busy)]
05-23 11:30:38.060   167   167 E SLOGCP  : int MediaStorage::check_quota(): data large: 10492328/10M
05-23 11:30:38.060   167   167 E SLOGCP  : virtual void LogPipeHandler::process(int): CP cp_5mode save log error [16(Device or resource busy)]
05-23 11:30:38.110   167   167 E SLOGCP  : int MediaStorage::check_quota(): data large: 10492328/10M
05-23 11:30:38.110   167   167 E SLOGCP  : virtual void LogPipeHandler::process(int): CP cp_5mode save log error [16(Device or resource busy)]
05-23 11:30:38.120   671   671 D StatusBar.NetworkController: onDataActivity: direction=3 phoneId=0
05-23 11:30:38.120   671   671 D StatusBar.NetworkController: mDataDirectionIconId end :7f0200c8  true
05-23 11:30:38.120   671   671 D TelephonyManager: getRadioFeatures: phoneId=0
05-23 11:30:38.120   671   671 D TelephonyManager: getRadioCapbility: ssdaMode=tdd-csfb
05-23 11:30:38.130   671   671 D TelephonyManager: getRadioFeatures: rCapbility=TDD_CSFB, testMode=8
05-23 11:30:38.130   671   671 D StatusBar.NetworkController: phoneId: 0  refreshViews:   mAirplaneMode=false emergencyOnly=false no_wifi no_wifi mWifiIconId=0x0 mQSWifiIconId=0x0 wifiLabel= mHasMobileDataFeature=true mShowPhoneRSSIForData=false mPhoneSignalIconId=0x7f020107 mDataSignalIconId=0x7f020105/com.android.systemui:drawable/stat_sys_signal_4_sprd Phone_Signal_Level=4 GPRS &NetworkRoaming=false mMobileActivityIconId=0x7f0200dc(mDataActivity=3) mDataTypeIconId=0x7f0200c8/com.android.systemui:drawable/stat_sys_data_fully_connected_4g_ex   combinedSignalIconId=0x7f020105/com.android.systemui:drawable/stat_sys_signal_4_ex mobileLabel=中国移动4G combinedLabel=中国移动4G mLastDataDirectionOverlayIconId=0x7f0200c0
05-23 11:30:38.130   700   700 D Settings: newValuesVersion = 27
05-23 11:30:38.130   671   671 D Settings: newValuesVersion = 2
05-23 11:30:38.130   700   700 D Settings: mValues.get(name) = null
05-23 11:30:38.140   671   671 D Settings: mValues.get(name) = 0
05-23 11:30:38.140   671   671 D Settings: newValuesVersion = 6
05-23 11:30:38.140   671   671 D Settings: mValues.get(name) = null
05-23 11:30:38.140   671   671 D QuickSettingsModel: isStandby = true
05-23 11:30:38.140   671   671 D Settings: newValuesVersion = 6
05-23 11:30:38.140   671   671 D Settings: mValues.get(name) = null
05-23 11:30:38.140   671   671 D QuickSettingsModel: onVoWifiChanged multiModeSlot = 0 isVoWifiAvailable = false isStandby = true
05-23 11:30:38.150   671   671 D Settings: newValuesVersion = 2
05-23 11:30:38.150   671   671 D Settings: mValues.get(name) = 0
05-23 11:30:38.150   671   671 D Settings: newValuesVersion = 6
05-23 11:30:38.160   671   671 D Settings: mValues.get(name) = null
05-23 11:30:38.160   671   671 D QuickSettingsModel: isStandby = true
05-23 11:30:38.160   671   671 D Settings: newValuesVersion = 6
05-23 11:30:38.160   671   671 D Settings: mValues.get(name) = null
05-23 11:30:38.160   671   671 D QuickSettingsModel: onVoWifiChanged multiModeSlot = 0 isVoWifiAvailable = false isStandby = true
05-23 11:30:38.160   671   671 D StatusBar.NetworkController: changing data overlay icon id to 2130837724
05-23 11:30:38.290   167   167 E SLOGCP  : int MediaStorage::check_quota(): data large: 10492328/10M
05-23 11:30:38.300   167   167 E SLOGCP  : virtual void LogPipeHandler::process(int): CP cp_5mode save log error [16(Device or resource busy)]
05-23 11:30:38.470   167   167 E SLOGCP  : int MediaStorage::check_quota(): data large: 10492328/10M
05-23 11:30:38.470   167   167 E SLOGCP  : virtual void LogPipeHandler::process(int): CP cp_5mode save log error [16(Device or resource busy)]
05-23 11:30:38.540   167   167 E SLOGCP  : int MediaStorage::check_quota(): data large: 10492328/10M
05-23 11:30:38.540   167   167 E SLOGCP  : virtual void LogPipeHandler::process(int): CP cp_5mode save log error [16(Device or resource busy)]
05-23 11:30:38.590   167   167 E SLOGCP  : int MediaStorage::check_quota(): data large: 10492328/10M
05-23 11:30:38.590   167   167 E SLOGCP  : virtual void LogPipeHandler::process(int): CP cp_5mode save log error [16(Device or resource busy)]
05-23 11:30:38.590   180   214 D phoneserver: rsrp[0]=78,rscp[0]=255,rxlev[0]=99 ind_str= 
05-23 11:30:38.590   180   214 D phoneserver: +CESQ: 99,99,255,255,30,78
05-23 11:30:38.600   671   671 D StatusBar.NetworkController: onSignalStrengthsChanged on phoneId0signalStrength=SignalStrength: 99 -1 -120 -160 -120 -1 -1 99 -78 2147483647 2147483647 2147483647 gsm|lte level=4LTELevel=4
05-23 11:30:38.600   671   671 D StatusBar.NetworkController: phoneid=0 isexist=true  5
05-23 11:30:38.600   671   671 D StatusBar.NetworkController: isSupportLTE = false  isCardAbsent = false
05-23 11:30:38.610   671   671 D Settings: newValuesVersion = 6
05-23 11:30:38.610   671   671 D Settings: mValues.get(name) = null
05-23 11:30:38.610   671   671 E StatusBar.NetworkController: mServiceState[phoneId].getState(): 0
05-23 11:30:38.610   671   671 E StatusBar.NetworkController: mServiceState[phoneId].getDataRegState(): 0
05-23 11:30:38.610   671   671 D TelephonyManager: getRadioFeatures: phoneId=0
05-23 11:30:38.610   671   671 D TelephonyManager: getRadioCapbility: ssdaMode=tdd-csfb
05-23 11:30:38.610   671   671 D TelephonyManager: getRadioFeatures: rCapbility=TDD_CSFB, testMode=8
