05-23 11:29:44.578   700   751 V RILJ    : [0][UNSL]< [0]UNSOL_SIGNAL_STRENGTH SignalStrength: 99 -1 -1 -1 -1 -1 -1 99 78 2147483647 2147483647 2147483647 gsm|lte
05-23 11:29:44.578   700   700 W SignalStrength: Signal before validate=SignalStrength: 99 -1 -1 -1 -1 -1 -1 99 78 2147483647 2147483647 2147483647 gsm|lte
05-23 11:29:44.578   700   700 W SignalStrength: Signal after validate=SignalStrength: 99 -1 -120 -160 -120 -1 -1 99 -78 2147483647 2147483647 2147483647 gsm|lte
05-23 11:29:44.578   592   806 W SignalStrength: Size of signalstrength parcel:164
05-23 11:29:44.578   592   806 W SignalStrength: getLTELevel - rsrp:-78 snr:2147483647 rsrpIconLevel:4 snrIconLevel:-1
05-23 11:29:44.578   592   806 W SignalStrength: getLevel=4
05-23 11:29:44.578   671   687 W SignalStrength: Size of signalstrength parcel:168
05-23 11:29:44.578   671   671 W SignalStrength: getLTELevel - rsrp:-78 snr:2147483647 rsrpIconLevel:4 snrIconLevel:-1
05-23 11:29:44.578   671   671 W SignalStrength: getLevel=4
05-23 11:29:44.588   671   671 W SignalStrength: getLTELevel - rsrp:-78 snr:2147483647 rsrpIconLevel:4 snrIconLevel:-1
05-23 11:29:44.598   671   671 W SignalStrength: getLTELevel - rsrp:-78 snr:2147483647 rsrpIconLevel:4 snrIconLevel:-1
05-23 11:29:44.598   671   671 W SignalStrength: getLevel=4
05-23 11:29:44.598   671   671 W SignalStrength: getLTELevel - rsrp:-78 snr:2147483647 rsrpIconLevel:4 snrIconLevel:-1
05-23 11:29:44.598   671   671 W SignalStrength: getLTELevel - rsrp:-78 snr:2147483647 rsrpIconLevel:4 snrIconLevel:-1
05-23 11:29:44.598   671   671 W SignalStrength: getLTELevel - rsrp:-78 snr:2147483647 rsrpIconLevel:4 snrIconLevel:-1
05-23 11:29:44.598   671   671 W SignalStrength: getLTELevel - rsrp:-78 snr:2147483647 rsrpIconLevel:4 snrIconLevel:-1
05-23 11:29:44.598   671   671 W SignalStrength: getLevel=4
05-23 11:29:44.848   700   700 D DCT     : [DcT(0)] updateDataActivity: curTxRxSum={txSum=151 rxSum=114} preTxRxSum={txSum=151 rxSum=114}
05-23 11:29:44.848   700   700 D DCT     : [DcT(0)] updateDataActivity: sent=0 received=0
05-23 11:29:45.579   182   238 D use-Rlog/RLOG-AT: [0] Channel0: AT< +CESQ: 99,99,255,255,30,78
05-23 11:29:45.579   182   238 D use-Rlog/RLOG-RIL: [0] [unsl] +CESQ enter
05-23 11:29:45.579   182   238 D use-Rlog/RLOG-RILC: [0] [UNSL]< UNSOL_SIGNAL_STRENGTH {[signalStrength=99,bitErrorRate=-1,                CDMA_SS.dbm=-1,CDMA_SSecio=-1,                EVDO_SS.dbm=-1,EVDO_SS.ecio=-1,                EVDO_SS.signalNoiseRatio=-1,                LTE_SS.signalStrength=99,LTE_SS.rsrp=78,LTE_SS.rsrq=2147483647,                LTE_SS.rssnr=2147483647,LTE_SS.cqi=2147483647,TDSCDMA_SS.rscp=0]}
05-23 11:29:45.579   700   751 W SignalStrength: Size of signalstrength parcel:60
05-23 11:29:45.579   700   751 V RILJ    : [0][UNSL]< [0]UNSOL_SIGNAL_STRENGTH SignalStrength: 99 -1 -1 -1 -1 -1 -1 99 78 2147483647 2147483647 2147483647 gsm|lte
05-23 11:29:45.579   700   700 W SignalStrength: Signal before validate=SignalStrength: 99 -1 -1 -1 -1 -1 -1 99 78 2147483647 2147483647 2147483647 gsm|lte
05-23 11:29:45.579   700   700 W SignalStrength: Signal after validate=SignalStrength: 99 -1 -120 -160 -120 -1 -1 99 -78 2147483647 2147483647 2147483647 gsm|lte
05-23 11:29:45.579   592   686 W SignalStrength: Size of signalstrength parcel:164
05-23 11:29:45.579   592   686 W SignalStrength: getLTELevel - rsrp:-78 snr:2147483647 rsrpIconLevel:4 snrIconLevel:-1
05-23 11:29:45.579   592   686 W SignalStrength: getLevel=4
05-23 11:29:45.579   671   943 W SignalStrength: Size of signalstrength parcel:168
05-23 11:29:45.579   671   671 W SignalStrength: getLTELevel - rsrp:-78 snr:2147483647 rsrpIconLevel:4 snrIconLevel:-1
05-23 11:29:45.579   671   671 W SignalStrength: getLevel=4
05-23 11:29:45.579   671   671 W SignalStrength: getLTELevel - rsrp:-78 snr:2147483647 rsrpIconLevel:4 snrIconLevel:-1
05-23 11:29:45.589   671   671 W SignalStrength: getLTELevel - rsrp:-78 snr:2147483647 rsrpIconLevel:4 snrIconLevel:-1
05-23 11:29:45.589   671   671 W SignalStrength: getLevel=4
05-23 11:29:45.589   671   671 W SignalStrength: getLTELevel - rsrp:-78 snr:2147483647 rsrpIconLevel:4 snrIconLevel:-1
05-23 11:29:45.589   671   671 W SignalStrength: getLTELevel - rsrp:-78 snr:2147483647 rsrpIconLevel:4 snrIconLevel:-1
05-23 11:29:45.599   671   671 W SignalStrength: getLTELevel - rsrp:-78 snr:2147483647 rsrpIconLevel:4 snrIconLevel:-1
05-23 11:29:45.599   671   671 W SignalStrength: getLTELevel - rsrp:-78 snr:2147483647 rsrpIconLevel:4 snrIconLevel:-1
05-23 11:29:45.599   671   671 W SignalStrength: getLevel=4
05-23 11:29:45.839   700   700 D DCT     : [DcT(0)] updateDataActivity: curTxRxSum={txSum=151 rxSum=114} preTxRxSum={txSum=151 rxSum=114}
05-23 11:29:45.839   700   700 D DCT     : [DcT(0)] updateDataActivity: sent=0 received=0
05-23 11:29:46.580   182   238 D use-Rlog/RLOG-AT: [0] Channel0: AT< +CESQ: 99,99,255,255,30,78
05-23 11:29:46.580   182   238 D use-Rlog/RLOG-RIL: [0] [unsl] +CESQ enter
05-23 11:29:46.580   182   238 D use-Rlog/RLOG-RILC: [0] [UNSL]< UNSOL_SIGNAL_STRENGTH {[signalStrength=99,bitErrorRate=-1,                CDMA_SS.dbm=-1,CDMA_SSecio=-1,                EVDO_SS.dbm=-1,EVDO_SS.ecio=-1,                EVDO_SS.signalNoiseRatio=-1,                LTE_SS.signalStrength=99,LTE_SS.rsrp=78,LTE_SS.rsrq=2147483647,                LTE_SS.rssnr=2147483647,LTE_SS.cqi=2147483647,TDSCDMA_SS.rscp=0]}
05-23 11:29:46.580   700   751 W SignalStrength: Size of signalstrength parcel:60
05-23 11:29:46.580   700   751 V RILJ    : [0][UNSL]< [0]UNSOL_SIGNAL_STRENGTH SignalStrength: 99 -1 -1 -1 -1 -1 -1 99 78 2147483647 2147483647 2147483647 gsm|lte
05-23 11:29:46.580   700   700 W SignalStrength: Signal before validate=SignalStrength: 99 -1 -1 -1 -1 -1 -1 99 78 2147483647 2147483647 2147483647 gsm|lte
05-23 11:29:46.580   700   700 W SignalStrength: Signal after validate=SignalStrength: 99 -1 -120 -160 -120 -1 -1 99 -78 2147483647 2147483647 2147483647 gsm|lte
05-23 11:29:46.580   592  1395 W SignalStrength: Size of signalstrength parcel:164
05-23 11:29:46.580   592  1395 W SignalStrength: getLTELevel - rsrp:-78 snr:2147483647 rsrpIconLevel:4 snrIconLevel:-1
05-23 11:29:46.580   592  1395 W SignalStrength: getLevel=4
05-23 11:29:46.580   671   684 W SignalStrength: Size of signalstrength parcel:168
05-23 11:29:46.580   671   671 W SignalStrength: getLTELevel - rsrp:-78 snr:2147483647 rsrpIconLevel:4 snrIconLevel:-1
05-23 11:29:46.580   671   671 W SignalStrength: getLevel=4
05-23 11:29:46.580   671   671 W SignalStrength: getLTELevel - rsrp:-78 snr:2147483647 rsrpIconLevel:4 snrIconLevel:-1
05-23 11:29:46.590   671   671 W SignalStrength: getLTELevel - rsrp:-78 snr:2147483647 rsrpIconLevel:4 snrIconLevel:-1
05-23 11:29:46.590   671   671 W SignalStrength: getLevel=4
05-23 11:29:46.590   671   671 W SignalStrength: getLTELevel - rsrp:-78 snr:2147483647 rsrpIconLevel:4 snrIconLevel:-1
05-23 11:29:46.590   671   671 W SignalStrength: getLTELevel - rsrp:-78 snr:2147483647 rsrpIconLevel:4 snrIconLevel:-1
05-23 11:29:46.600   671   671 W SignalStrength: getLTELevel - rsrp:-78 snr:2147483647 rsrpIconLevel:4 snrIconLevel:-1
05-23 11:29:46.610   671   671 W SignalStrength: getLTELevel - rsrp:-78 snr:2147483647 rsrpIconLevel:4 snrIconLevel:-1
05-23 11:29:46.610   671   671 W SignalStrength: getLevel=4
05-23 11:29:46.850   700   700 D DCT     : [DcT(0)] updateDataActivity: curTxRxSum={txSum=151 rxSum=114} preTxRxSum={txSum=151 rxSum=114}
05-23 11:29:46.850   700   700 D DCT     : [DcT(0)] updateDataActivity: sent=0 received=0
05-23 11:29:47.570   182   238 D use-Rlog/RLOG-AT: [0] Channel0: AT< +CESQ: 99,99,255,255,30,77
05-23 11:29:47.570   182   238 D use-Rlog/RLOG-RIL: [0] [unsl] +CESQ enter
05-23 11:29:47.570   182   238 D use-Rlog/RLOG-RILC: [0] [UNSL]< UNSOL_SIGNAL_STRENGTH {[signalStrength=99,bitErrorRate=-1,                CDMA_SS.dbm=-1,CDMA_SSecio=-1,                EVDO_SS.dbm=-1,EVDO_SS.ecio=-1,                EVDO_SS.signalNoiseRatio=-1,                LTE_SS.signalStrength=99,LTE_SS.rsrp=77,LTE_SS.rsrq=2147483647,                LTE_SS.rssnr=2147483647,LTE_SS.cqi=2147483647,TDSCDMA_SS.rscp=0]}
05-23 11:29:47.570   700   751 W SignalStrength: Size of signalstrength parcel:60
05-23 11:29:47.570   700   751 V RILJ    : [0][UNSL]< [0]UNSOL_SIGNAL_STRENGTH SignalStrength: 99 -1 -1 -1 -1 -1 -1 99 77 2147483647 2147483647 2147483647 gsm|lte
05-23 11:29:47.570   700   700 W SignalStrength: Signal before validate=SignalStrength: 99 -1 -1 -1 -1 -1 -1 99 77 2147483647 2147483647 2147483647 gsm|lte
05-23 11:29:47.570   700   700 W SignalStrength: Signal after validate=SignalStrength: 99 -1 -120 -160 -120 -1 -1 99 -77 2147483647 2147483647 2147483647 gsm|lte
05-23 11:29:47.570   592  1401 W SignalStrength: Size of signalstrength parcel:164
05-23 11:29:47.570   592  1401 W SignalStrength: getLTELevel - rsrp:-77 snr:2147483647 rsrpIconLevel:4 snrIconLevel:-1
05-23 11:29:47.570   592  1401 W SignalStrength: getLevel=4
05-23 11:29:47.580   671   942 W SignalStrength: Size of signalstrength parcel:168
05-23 11:29:47.580   671   671 W SignalStrength: getLTELevel - rsrp:-77 snr:2147483647 rsrpIconLevel:4 snrIconLevel:-1
05-23 11:29:47.580   671   671 W SignalStrength: getLevel=4
05-23 11:29:47.580   671   671 W SignalStrength: getLTELevel - rsrp:-77 snr:2147483647 rsrpIconLevel:4 snrIconLevel:-1
05-23 11:29:47.591   671   671 W SignalStrength: getLTELevel - rsrp:-77 snr:2147483647 rsrpIconLevel:4 snrIconLevel:-1
05-23 11:29:47.591   671   671 W SignalStrength: getLevel=4
05-23 11:29:47.601   671   671 W SignalStrength: getLTELevel - rsrp:-77 snr:2147483647 rsrpIconLevel:4 snrIconLevel:-1
05-23 11:29:47.601   671   671 W SignalStrength: getLTELevel - rsrp:-77 snr:2147483647 rsrpIconLevel:4 snrIconLevel:-1
05-23 11:29:47.601   671   671 W SignalStrength: getLTELevel - rsrp:-77 snr:2147483647 rsrpIconLevel:4 snrIconLevel:-1
05-23 11:29:47.611   671   671 W SignalStrength: getLTELevel - rsrp:-77 snr:2147483647 rsrpIconLevel:4 snrIconLevel:-1
05-23 11:29:47.611   671   671 W SignalStrength: getLevel=4
05-23 11:29:47.861   700   700 D DCT     : [DcT(0)] updateDataActivity: curTxRxSum={txSum=151 rxSum=114} preTxRxSum={txSum=151 rxSum=114}
05-23 11:29:47.861   700   700 D DCT     : [DcT(0)] updateDataActivity: sent=0 received=0
05-23 11:29:48.571   182   238 D use-Rlog/RLOG-AT: [0] Channel0: AT< +CESQ: 99,99,255,255,29,76
05-23 11:29:48.571   182   238 D use-Rlog/RLOG-RIL: [0] [unsl] +CESQ enter
05-23 11:29:48.571   182   238 D use-Rlog/RLOG-RILC: [0] [UNSL]< UNSOL_SIGNAL_STRENGTH {[signalStrength=99,bitErrorRate=-1,                CDMA_SS.dbm=-1,CDMA_SSecio=-1,                EVDO_SS.dbm=-1,EVDO_SS.ecio=-1,                EVDO_SS.signalNoiseRatio=-1,                LTE_SS.signalStrength=99,LTE_SS.rsrp=76,LTE_SS.rsrq=2147483647,                LTE_SS.rssnr=2147483647,LTE_SS.cqi=2147483647,TDSCDMA_SS.rscp=0]}
05-23 11:29:48.571   700   751 W SignalStrength: Size of signalstrength parcel:60
05-23 11:29:48.571   700   751 V RILJ    : [0][UNSL]< [0]UNSOL_SIGNAL_STRENGTH SignalStrength: 99 -1 -1 -1 -1 -1 -1 99 76 2147483647 2147483647 2147483647 gsm|lte
05-23 11:29:48.571   700   700 W SignalStrength: Signal before validate=SignalStrength: 99 -1 -1 -1 -1 -1 -1 99 76 2147483647 2147483647 2147483647 gsm|lte
05-23 11:29:48.571   700   700 W SignalStrength: Signal after validate=SignalStrength: 99 -1 -120 -160 -120 -1 -1 99 -76 2147483647 2147483647 2147483647 gsm|lte
05-23 11:29:48.571   592   602 W SignalStrength: Size of signalstrength parcel:164
05-23 11:29:48.571   592   602 W SignalStrength: getLTELevel - rsrp:-76 snr:2147483647 rsrpIconLevel:4 snrIconLevel:-1
05-23 11:29:48.571   592   602 W SignalStrength: getLevel=4
05-23 11:29:48.581   671   687 W SignalStrength: Size of signalstrength parcel:168
05-23 11:29:48.581   671   671 W SignalStrength: getLTELevel - rsrp:-76 snr:2147483647 rsrpIconLevel:4 snrIconLevel:-1
05-23 11:29:48.581   671   671 W SignalStrength: getLevel=4
05-23 11:29:48.581   671   671 W SignalStrength: getLTELevel - rsrp:-76 snr:2147483647 rsrpIconLevel:4 snrIconLevel:-1
05-23 11:29:48.601   671   671 W SignalStrength: getLTELevel - rsrp:-76 snr:2147483647 rsrpIconLevel:4 snrIconLevel:-1
05-23 11:29:48.601   671   671 W SignalStrength: getLevel=4
05-23 11:29:48.601   671   671 W SignalStrength: getLTELevel - rsrp:-76 snr:2147483647 rsrpIconLevel:4 snrIconLevel:-1
05-23 11:29:48.612   671   671 W SignalStrength: getLTELevel - rsrp:-76 snr:2147483647 rsrpIconLevel:4 snrIconLevel:-1
05-23 11:29:48.612   671   671 W SignalStrength: getLTELevel - rsrp:-76 snr:2147483647 rsrpIconLevel:4 snrIconLevel:-1
05-23 11:29:48.612   671   671 W SignalStrength: getLTELevel - rsrp:-76 snr:2147483647 rsrpIconLevel:4 snrIconLevel:-1
05-23 11:29:48.612   671   671 W SignalStrength: getLevel=4
05-23 11:29:48.852   700   700 D DCT     : [DcT(0)] updateDataActivity: curTxRxSum={txSum=151 rxSum=114} preTxRxSum={txSum=151 rxSum=114}
05-23 11:29:48.862   700   700 D DCT     : [DcT(0)] updateDataActivity: sent=0 received=0
05-23 11:29:49.572   182   238 D use-Rlog/RLOG-AT: [0] Channel0: AT< +CESQ: 99,99,255,255,29,77
05-23 11:29:49.572   182   238 D use-Rlog/RLOG-RIL: [0] [unsl] +CESQ enter
05-23 11:29:49.572   182   238 D use-Rlog/RLOG-RILC: [0] [UNSL]< UNSOL_SIGNAL_STRENGTH {[signalStrength=99,bitErrorRate=-1,                CDMA_SS.dbm=-1,CDMA_SSecio=-1,                EVDO_SS.dbm=-1,EVDO_SS.ecio=-1,                EVDO_SS.signalNoiseRatio=-1,                LTE_SS.signalStrength=99,LTE_SS.rsrp=77,LTE_SS.rsrq=2147483647,                LTE_SS.rssnr=2147483647,LTE_SS.cqi=2147483647,TDSCDMA_SS.rscp=0]}
05-23 11:29:49.572   700   751 W SignalStrength: Size of signalstrength parcel:60
05-23 11:29:49.572   700   751 V RILJ    : [0][UNSL]< [0]UNSOL_SIGNAL_STRENGTH SignalStrength: 99 -1 -1 -1 -1 -1 -1 99 77 2147483647 2147483647 2147483647 gsm|lte
05-23 11:29:49.572   700   700 W SignalStrength: Signal before validate=SignalStrength: 99 -1 -1 -1 -1 -1 -1 99 77 2147483647 2147483647 2147483647 gsm|lte
05-23 11:29:49.572   700   700 W SignalStrength: Signal after validate=SignalStrength: 99 -1 -120 -160 -120 -1 -1 99 -77 2147483647 2147483647 2147483647 gsm|lte
05-23 11:29:49.572   592   806 W SignalStrength: Size of signalstrength parcel:164
05-23 11:29:49.572   592   806 W SignalStrength: getLTELevel - rsrp:-77 snr:2147483647 rsrpIconLevel:4 snrIconLevel:-1
05-23 11:29:49.572   592   806 W SignalStrength: getLevel=4
05-23 11:29:49.582   671   943 W SignalStrength: Size of signalstrength parcel:168
05-23 11:29:49.582   671   671 W SignalStrength: getLTELevel - rsrp:-77 snr:2147483647 rsrpIconLevel:4 snrIconLevel:-1
05-23 11:29:49.582   671   671 W SignalStrength: getLevel=4
05-23 11:29:49.582   671   671 W SignalStrength: getLTELevel - rsrp:-77 snr:2147483647 rsrpIconLevel:4 snrIconLevel:-1
05-23 11:29:49.592   671   671 W SignalStrength: getLTELevel - rsrp:-77 snr:2147483647 rsrpIconLevel:4 snrIconLevel:-1
05-23 11:29:49.592   671   671 W SignalStrength: getLevel=4
05-23 11:29:49.592   671   671 W SignalStrength: getLTELevel - rsrp:-77 snr:2147483647 rsrpIconLevel:4 snrIconLevel:-1
05-23 11:29:49.602   671   671 W SignalStrength: getLTELevel - rsrp:-77 snr:2147483647 rsrpIconLevel:4 snrIconLevel:-1
05-23 11:29:49.602   671   671 W SignalStrength: getLTELevel - rsrp:-77 snr:2147483647 rsrpIconLevel:4 snrIconLevel:-1
05-23 11:29:49.602   671   671 W SignalStrength: getLTELevel - rsrp:-77 snr:2147483647 rsrpIconLevel:4 snrIconLevel:-1
05-23 11:29:49.602   671   671 W SignalStrength: getLevel=4
05-23 11:29:49.863   700   700 D DCT     : [DcT(0)] updateDataActivity: curTxRxSum={txSum=151 rxSum=114} preTxRxSum={txSum=151 rxSum=114}
05-23 11:29:49.863   700   700 D DCT     : [DcT(0)] updateDataActivity: sent=0 received=0
05-23 11:29:50.573   182   238 D use-Rlog/RLOG-AT: [0] Channel0: AT< +CESQ: 99,99,255,255,29,77
05-23 11:29:50.573   182   238 D use-Rlog/RLOG-RIL: [0] [unsl] +CESQ enter
05-23 11:29:50.573   182   238 D use-Rlog/RLOG-RILC: [0] [UNSL]< UNSOL_SIGNAL_STRENGTH {[signalStrength=99,bitErrorRate=-1,                CDMA_SS.dbm=-1,CDMA_SSecio=-1,                EVDO_SS.dbm=-1,EVDO_SS.ecio=-1,                EVDO_SS.signalNoiseRatio=-1,                LTE_SS.signalStrength=99,LTE_SS.rsrp=77,LTE_SS.rsrq=2147483647,                LTE_SS.rssnr=2147483647,LTE_SS.cqi=2147483647,TDSCDMA_SS.rscp=0]}
05-23 11:29:50.573   700   751 W SignalStrength: Size of signalstrength parcel:60
05-23 11:29:50.573   700   751 V RILJ    : [0][UNSL]< [0]UNSOL_SIGNAL_STRENGTH SignalStrength: 99 -1 -1 -1 -1 -1 -1 99 77 2147483647 2147483647 2147483647 gsm|lte
05-23 11:29:50.573   700   700 W SignalStrength: Signal before validate=SignalStrength: 99 -1 -1 -1 -1 -1 -1 99 77 2147483647 2147483647 2147483647 gsm|lte
05-23 11:29:50.573   700   700 W SignalStrength: Signal after validate=SignalStrength: 99 -1 -120 -160 -120 -1 -1 99 -77 2147483647 2147483647 2147483647 gsm|lte
05-23 11:29:50.573   592   686 W SignalStrength: Size of signalstrength parcel:164
05-23 11:29:50.573   592   686 W SignalStrength: getLTELevel - rsrp:-77 snr:2147483647 rsrpIconLevel:4 snrIconLevel:-1
05-23 11:29:50.583   671   684 W SignalStrength: Size of signalstrength parcel:168
05-23 11:29:50.583   671   671 W SignalStrength: getLTELevel - rsrp:-77 snr:2147483647 rsrpIconLevel:4 snrIconLevel:-1
05-23 11:29:50.583   671   671 W SignalStrength: getLevel=4
05-23 11:29:50.583   671   671 W SignalStrength: getLTELevel - rsrp:-77 snr:2147483647 rsrpIconLevel:4 snrIconLevel:-1
05-23 11:29:50.583   592   686 W SignalStrength: getLevel=4
05-23 11:29:50.593   671   671 W SignalStrength: getLTELevel - rsrp:-77 snr:2147483647 rsrpIconLevel:4 snrIconLevel:-1
05-23 11:29:50.593   671   671 W SignalStrength: getLevel=4
05-23 11:29:50.593   671   671 W SignalStrength: getLTELevel - rsrp:-77 snr:2147483647 rsrpIconLevel:4 snrIconLevel:-1
05-23 11:29:50.603   671   671 W SignalStrength: getLTELevel - rsrp:-77 snr:2147483647 rsrpIconLevel:4 snrIconLevel:-1
05-23 11:29:50.603   671   671 W SignalStrength: getLTELevel - rsrp:-77 snr:2147483647 rsrpIconLevel:4 snrIconLevel:-1
05-23 11:29:50.603   671   671 W SignalStrength: getLTELevel - rsrp:-77 snr:2147483647 rsrpIconLevel:4 snrIconLevel:-1
05-23 11:29:50.603   671   671 W SignalStrength: getLevel=4
05-23 11:29:50.854  1804  1804 D TelephonyManager: No /proc/cmdline exception=java.io.FileNotFoundException: /proc/cmdline: open failed: EACCES (Permission denied)
05-23 11:29:50.854  1804  1804 D TelephonyManager: /proc/cmdline=
05-23 11:29:50.864   700   700 D DCT     : [DcT(0)] updateDataActivity: curTxRxSum={txSum=151 rxSum=114} preTxRxSum={txSum=151 rxSum=114}
05-23 11:29:50.864   700   700 D DCT     : [DcT(0)] updateDataActivity: sent=0 received=0
05-23 11:29:51.344  1816  1816 D TelephonyManager: No /proc/cmdline exception=java.io.FileNotFoundException: /proc/cmdline: open failed: EACCES (Permission denied)
05-23 11:29:51.344  1816  1816 D TelephonyManager: /proc/cmdline=
05-23 11:29:51.574   182   238 D use-Rlog/RLOG-AT: [0] Channel0: AT< +CESQ: 99,99,255,255,29,78
05-23 11:29:51.574   182   238 D use-Rlog/RLOG-RIL: [0] [unsl] +CESQ enter
05-23 11:29:51.574   182   238 D use-Rlog/RLOG-RILC: [0] [UNSL]< UNSOL_SIGNAL_STRENGTH {[signalStrength=99,bitErrorRate=-1,                CDMA_SS.dbm=-1,CDMA_SSecio=-1,                EVDO_SS.dbm=-1,EVDO_SS.ecio=-1,                EVDO_SS.signalNoiseRatio=-1,                LTE_SS.signalStrength=99,LTE_SS.rsrp=78,LTE_SS.rsrq=2147483647,                LTE_SS.rssnr=2147483647,LTE_SS.cqi=2147483647,TDSCDMA_SS.rscp=0]}
05-23 11:29:51.574   700   751 W SignalStrength: Size of signalstrength parcel:60
05-23 11:29:51.574   700   751 V RILJ    : [0][UNSL]< [0]UNSOL_SIGNAL_STRENGTH SignalStrength: 99 -1 -1 -1 -1 -1 -1 99 78 2147483647 2147483647 2147483647 gsm|lte
05-23 11:29:51.574   700   700 W SignalStrength: Signal before validate=SignalStrength: 99 -1 -1 -1 -1 -1 -1 99 78 2147483647 2147483647 2147483647 gsm|lte
05-23 11:29:51.574   700   700 W SignalStrength: Signal after validate=SignalStrength: 99 -1 -120 -160 -120 -1 -1 99 -78 2147483647 2147483647 2147483647 gsm|lte
05-23 11:29:51.574   592   995 W SignalStrength: Size of signalstrength parcel:164
05-23 11:29:51.574   671   942 W SignalStrength: Size of signalstrength parcel:168
05-23 11:29:51.584   671   671 W SignalStrength: getLTELevel - rsrp:-78 snr:2147483647 rsrpIconLevel:4 snrIconLevel:-1
05-23 11:29:51.584   671   671 W SignalStrength: getLevel=4
05-23 11:29:51.584   671   671 W SignalStrength: getLTELevel - rsrp:-78 snr:2147483647 rsrpIconLevel:4 snrIconLevel:-1
05-23 11:29:51.584   592   995 W SignalStrength: getLTELevel - rsrp:-78 snr:2147483647 rsrpIconLevel:4 snrIconLevel:-1
05-23 11:29:51.584   592   995 W SignalStrength: getLevel=4
05-23 11:29:51.594   671   671 W SignalStrength: getLTELevel - rsrp:-78 snr:2147483647 rsrpIconLevel:4 snrIconLevel:-1
05-23 11:29:51.594   671   671 W SignalStrength: getLevel=4
05-23 11:29:51.594   671   671 W SignalStrength: getLTELevel - rsrp:-78 snr:2147483647 rsrpIconLevel:4 snrIconLevel:-1
05-23 11:29:51.594   671   671 W SignalStrength: getLTELevel - rsrp:-78 snr:2147483647 rsrpIconLevel:4 snrIconLevel:-1
05-23 11:29:51.594   671   671 W SignalStrength: getLTELevel - rsrp:-78 snr:2147483647 rsrpIconLevel:4 snrIconLevel:-1
05-23 11:29:51.594   671   671 W SignalStrength: getLTELevel - rsrp:-78 snr:2147483647 rsrpIconLevel:4 snrIconLevel:-1
05-23 11:29:51.594   671   671 W SignalStrength: getLevel=4
05-23 11:29:51.745  1828  1828 D TelephonyManager: No /proc/cmdline exception=java.io.FileNotFoundException: /proc/cmdline: open failed: EACCES (Permission denied)
05-23 11:29:51.755  1828  1828 D TelephonyManager: /proc/cmdline=
05-23 11:29:51.875   700   700 D DCT     : [DcT(0)] updateDataActivity: curTxRxSum={txSum=151 rxSum=114} preTxRxSum={txSum=151 rxSum=114}
05-23 11:29:51.875   700   700 D DCT     : [DcT(0)] updateDataActivity: sent=0 received=0
05-23 11:29:52.495  1864  1864 D TelephonyManager: No /proc/cmdline exception=java.io.FileNotFoundException: /proc/cmdline: open failed: EACCES (Permission denied)
05-23 11:29:52.495  1864  1864 D TelephonyManager: /proc/cmdline=
05-23 11:29:52.575   182   238 D use-Rlog/RLOG-AT: [0] Channel0: AT< +CESQ: 99,99,255,255,30,77
05-23 11:29:52.575   182   238 D use-Rlog/RLOG-RIL: [0] [unsl] +CESQ enter
05-23 11:29:52.575   182   238 D use-Rlog/RLOG-RILC: [0] [UNSL]< UNSOL_SIGNAL_STRENGTH {[signalStrength=99,bitErrorRate=-1,                CDMA_SS.dbm=-1,CDMA_SSecio=-1,                EVDO_SS.dbm=-1,EVDO_SS.ecio=-1,                EVDO_SS.signalNoiseRatio=-1,                LTE_SS.signalStrength=99,LTE_SS.rsrp=77,LTE_SS.rsrq=2147483647,                LTE_SS.rssnr=2147483647,LTE_SS.cqi=2147483647,TDSCDMA_SS.rscp=0]}
05-23 11:29:52.575   700   751 W SignalStrength: Size of signalstrength parcel:60
05-23 11:29:52.575   700   751 V RILJ    : [0][UNSL]< [0]UNSOL_SIGNAL_STRENGTH SignalStrength: 99 -1 -1 -1 -1 -1 -1 99 77 2147483647 2147483647 2147483647 gsm|lte
05-23 11:29:52.575   700   700 W SignalStrength: Signal before validate=SignalStrength: 99 -1 -1 -1 -1 -1 -1 99 77 2147483647 2147483647 2147483647 gsm|lte
05-23 11:29:52.575   700   700 W SignalStrength: Signal after validate=SignalStrength: 99 -1 -120 -160 -120 -1 -1 99 -77 2147483647 2147483647 2147483647 gsm|lte
05-23 11:29:52.575   592   821 W SignalStrength: Size of signalstrength parcel:164
05-23 11:29:52.575   592   821 W SignalStrength: getLTELevel - rsrp:-77 snr:2147483647 rsrpIconLevel:4 snrIconLevel:-1
05-23 11:29:52.575   671   687 W SignalStrength: Size of signalstrength parcel:168
05-23 11:29:52.585   592   821 W SignalStrength: getLevel=4
05-23 11:29:52.585   671   671 W SignalStrength: getLTELevel - rsrp:-77 snr:2147483647 rsrpIconLevel:4 snrIconLevel:-1
05-23 11:29:52.585   671   671 W SignalStrength: getLevel=4
05-23 11:29:52.585   671   671 W SignalStrength: getLTELevel - rsrp:-77 snr:2147483647 rsrpIconLevel:4 snrIconLevel:-1
05-23 11:29:52.585   671   671 W SignalStrength: getLTELevel - rsrp:-77 snr:2147483647 rsrpIconLevel:4 snrIconLevel:-1
05-23 11:29:52.585   671   671 W SignalStrength: getLevel=4
05-23 11:29:52.585   671   671 W SignalStrength: getLTELevel - rsrp:-77 snr:2147483647 rsrpIconLevel:4 snrIconLevel:-1
05-23 11:29:52.585   671   671 W SignalStrength: getLTELevel - rsrp:-77 snr:2147483647 rsrpIconLevel:4 snrIconLevel:-1
05-23 11:29:52.585   671   671 W SignalStrength: getLTELevel - rsrp:-77 snr:2147483647 rsrpIconLevel:4 snrIconLevel:-1
05-23 11:29:52.595   671   671 W SignalStrength: getLTELevel - rsrp:-77 snr:2147483647 rsrpIconLevel:4 snrIconLevel:-1
05-23 11:29:52.595   671   671 W SignalStrength: getLevel=4
05-23 11:29:52.876   700   700 D DCT     : [DcT(0)] updateDataActivity: curTxRxSum={txSum=151 rxSum=114} preTxRxSum={txSum=151 rxSum=114}
05-23 11:29:52.876   700   700 D DCT     : [DcT(0)] updateDataActivity: sent=0 received=0
05-23 11:29:52.916  1884  1884 D TelephonyManager: No /proc/cmdline exception=java.io.FileNotFoundException: /proc/cmdline: open failed: EACCES (Permission denied)
05-23 11:29:52.916  1884  1884 D TelephonyManager: /proc/cmdline=
05-23 11:29:53.136  1896  1896 D TelephonyManager: No /proc/cmdline exception=java.io.FileNotFoundException: /proc/cmdline: open failed: EACCES (Permission denied)
05-23 11:29:53.136  1896  1896 D TelephonyManager: /proc/cmdline=
05-23 11:29:53.396  1908  1908 D TelephonyManager: No /proc/cmdline exception=java.io.FileNotFoundException: /proc/cmdline: open failed: EACCES (Permission denied)
05-23 11:29:53.396  1908  1908 D TelephonyManager: /proc/cmdline=
05-23 11:29:53.576   182   238 D use-Rlog/RLOG-AT: [0] Channel0: AT< +CESQ: 99,99,255,255,30,77
05-23 11:29:53.576   182   238 D use-Rlog/RLOG-RIL: [0] [unsl] +CESQ enter
05-23 11:29:53.576   182   238 D use-Rlog/RLOG-RILC: [0] [UNSL]< UNSOL_SIGNAL_STRENGTH {[signalStrength=99,bitErrorRate=-1,                CDMA_SS.dbm=-1,CDMA_SSecio=-1,                EVDO_SS.dbm=-1,EVDO_SS.ecio=-1,                EVDO_SS.signalNoiseRatio=-1,                LTE_SS.signalStrength=99,LTE_SS.rsrp=77,LTE_SS.rsrq=2147483647,                LTE_SS.rssnr=2147483647,LTE_SS.cqi=2147483647,TDSCDMA_SS.rscp=0]}
05-23 11:29:53.576   700   751 W SignalStrength: Size of signalstrength parcel:60
05-23 11:29:53.576   700   751 V RILJ    : [0][UNSL]< [0]UNSOL_SIGNAL_STRENGTH SignalStrength: 99 -1 -1 -1 -1 -1 -1 99 77 2147483647 2147483647 2147483647 gsm|lte
05-23 11:29:53.576   700   700 W SignalStrength: Signal before validate=SignalStrength: 99 -1 -1 -1 -1 -1 -1 99 77 2147483647 2147483647 2147483647 gsm|lte
05-23 11:29:53.576   700   700 W SignalStrength: Signal after validate=SignalStrength: 99 -1 -120 -160 -120 -1 -1 99 -77 2147483647 2147483647 2147483647 gsm|lte
05-23 11:29:53.576   592   806 W SignalStrength: Size of signalstrength parcel:164
05-23 11:29:53.586   592   806 W SignalStrength: getLTELevel - rsrp:-77 snr:2147483647 rsrpIconLevel:4 snrIconLevel:-1
05-23 11:29:53.586   671   943 W SignalStrength: Size of signalstrength parcel:168
05-23 11:29:53.586   592   806 W SignalStrength: getLevel=4
05-23 11:29:53.586   671   671 W SignalStrength: getLTELevel - rsrp:-77 snr:2147483647 rsrpIconLevel:4 snrIconLevel:-1
05-23 11:29:53.586   671   671 W SignalStrength: getLevel=4
05-23 11:29:53.586   671   671 W SignalStrength: getLTELevel - rsrp:-77 snr:2147483647 rsrpIconLevel:4 snrIconLevel:-1
05-23 11:29:53.596   671   671 W SignalStrength: getLTELevel - rsrp:-77 snr:2147483647 rsrpIconLevel:4 snrIconLevel:-1
05-23 11:29:53.596   671   671 W SignalStrength: getLevel=4
05-23 11:29:53.596   671   671 W SignalStrength: getLTELevel - rsrp:-77 snr:2147483647 rsrpIconLevel:4 snrIconLevel:-1
05-23 11:29:53.596   671   671 W SignalStrength: getLTELevel - rsrp:-77 snr:2147483647 rsrpIconLevel:4 snrIconLevel:-1
05-23 11:29:53.596   671   671 W SignalStrength: getLTELevel - rsrp:-77 snr:2147483647 rsrpIconLevel:4 snrIconLevel:-1
05-23 11:29:53.596   671   671 W SignalStrength: getLTELevel - rsrp:-77 snr:2147483647 rsrpIconLevel:4 snrIconLevel:-1
05-23 11:29:53.596   671   671 W SignalStrength: getLevel=4
05-23 11:29:53.807  1921  1921 D TelephonyManager: No /proc/cmdline exception=java.io.FileNotFoundException: /proc/cmdline: open failed: EACCES (Permission denied)
05-23 11:29:53.807  1921  1921 D TelephonyManager: /proc/cmdline=
05-23 11:29:53.877   700   700 D DCT     : [DcT(0)] updateDataActivity: curTxRxSum={txSum=151 rxSum=114} preTxRxSum={txSum=151 rxSum=114}
05-23 11:29:53.877   700   700 D DCT     : [DcT(0)] updateDataActivity: sent=0 received=0
05-23 11:29:54.577   182   238 D use-Rlog/RLOG-AT: [0] Channel0: AT< +CESQ: 99,99,255,255,30,78
05-23 11:29:54.577   182   238 D use-Rlog/RLOG-RIL: [0] [unsl] +CESQ enter
05-23 11:29:54.577   182   238 D use-Rlog/RLOG-RILC: [0] [UNSL]< UNSOL_SIGNAL_STRENGTH {[signalStrength=99,bitErrorRate=-1,                CDMA_SS.dbm=-1,CDMA_SSecio=-1,                EVDO_SS.dbm=-1,EVDO_SS.ecio=-1,                EVDO_SS.signalNoiseRatio=-1,                LTE_SS.signalStrength=99,LTE_SS.rsrp=78,LTE_SS.rsrq=2147483647,                LTE_SS.rssnr=2147483647,LTE_SS.cqi=2147483647,TDSCDMA_SS.rscp=0]}
05-23 11:29:54.577   700   751 W SignalStrength: Size of signalstrength parcel:60
05-23 11:29:54.577   700   751 V RILJ    : [0][UNSL]< [0]UNSOL_SIGNAL_STRENGTH SignalStrength: 99 -1 -1 -1 -1 -1 -1 99 78 2147483647 2147483647 2147483647 gsm|lte
05-23 11:29:54.577   700   700 W SignalStrength: Signal before validate=SignalStrength: 99 -1 -1 -1 -1 -1 -1 99 78 2147483647 2147483647 2147483647 gsm|lte
05-23 11:29:54.577   700   700 W SignalStrength: Signal after validate=SignalStrength: 99 -1 -120 -160 -120 -1 -1 99 -78 2147483647 2147483647 2147483647 gsm|lte
05-23 11:29:54.577   592   866 W SignalStrength: Size of signalstrength parcel:164
05-23 11:29:54.577   592   866 W SignalStrength: getLTELevel - rsrp:-78 snr:2147483647 rsrpIconLevel:4 snrIconLevel:-1
05-23 11:29:54.577   592   866 W SignalStrength: getLevel=4
05-23 11:29:54.587   671   684 W SignalStrength: Size of signalstrength parcel:168
05-23 11:29:54.587   671   671 W SignalStrength: getLTELevel - rsrp:-78 snr:2147483647 rsrpIconLevel:4 snrIconLevel:-1
05-23 11:29:54.587   671   671 W SignalStrength: getLevel=4
05-23 11:29:54.587   671   671 W SignalStrength: getLTELevel - rsrp:-78 snr:2147483647 rsrpIconLevel:4 snrIconLevel:-1
05-23 11:29:54.597   671   671 W SignalStrength: getLTELevel - rsrp:-78 snr:2147483647 rsrpIconLevel:4 snrIconLevel:-1
05-23 11:29:54.597   671   671 W SignalStrength: getLevel=4
05-23 11:29:54.597   671   671 W SignalStrength: getLTELevel - rsrp:-78 snr:2147483647 rsrpIconLevel:4 snrIconLevel:-1
05-23 11:29:54.597   671   671 W SignalStrength: getLTELevel - rsrp:-78 snr:2147483647 rsrpIconLevel:4 snrIconLevel:-1
05-23 11:29:54.597   671   671 W SignalStrength: getLTELevel - rsrp:-78 snr:2147483647 rsrpIconLevel:4 snrIconLevel:-1
05-23 11:29:54.607   671   671 W SignalStrength: getLTELevel - rsrp:-78 snr:2147483647 rsrpIconLevel:4 snrIconLevel:-1
05-23 11:29:54.607   671   671 W SignalStrength: getLevel=4
05-23 11:29:54.888   700   700 D DCT     : [DcT(0)] updateDataActivity: curTxRxSum={txSum=151 rxSum=114} preTxRxSum={txSum=151 rxSum=114}
05-23 11:29:54.888   700   700 D DCT     : [DcT(0)] updateDataActivity: sent=0 received=0
05-23 11:29:55.568   182   238 D use-Rlog/RLOG-AT: [0] Channel0: AT< +CESQ: 99,99,255,255,30,78
05-23 11:29:55.568   182   238 D use-Rlog/RLOG-RIL: [0] [unsl] +CESQ enter
05-23 11:29:55.568   182   238 D use-Rlog/RLOG-RILC: [0] [UNSL]< UNSOL_SIGNAL_STRENGTH {[signalStrength=99,bitErrorRate=-1,                CDMA_SS.dbm=-1,CDMA_SSecio=-1,                EVDO_SS.dbm=-1,EVDO_SS.ecio=-1,                EVDO_SS.signalNoiseRatio=-1,                LTE_SS.signalStrength=99,LTE_SS.rsrp=78,LTE_SS.rsrq=2147483647,                LTE_SS.rssnr=2147483647,LTE_SS.cqi=2147483647,TDSCDMA_SS.rscp=0]}
05-23 11:29:55.568   700   751 W SignalStrength: Size of signalstrength parcel:60
05-23 11:29:55.568   700   751 V RILJ    : [0][UNSL]< [0]UNSOL_SIGNAL_STRENGTH SignalStrength: 99 -1 -1 -1 -1 -1 -1 99 78 2147483647 2147483647 2147483647 gsm|lte
05-23 11:29:55.568   700   700 W SignalStrength: Signal before validate=SignalStrength: 99 -1 -1 -1 -1 -1 -1 99 78 2147483647 2147483647 2147483647 gsm|lte
05-23 11:29:55.578   700   700 W SignalStrength: Signal after validate=SignalStrength: 99 -1 -120 -160 -120 -1 -1 99 -78 2147483647 2147483647 2147483647 gsm|lte
05-23 11:29:55.578   592  1395 W SignalStrength: Size of signalstrength parcel:164
05-23 11:29:55.578   592  1395 W SignalStrength: getLTELevel - rsrp:-78 snr:2147483647 rsrpIconLevel:4 snrIconLevel:-1
05-23 11:29:55.578   592  1395 W SignalStrength: getLevel=4
05-23 11:29:55.578   671   942 W SignalStrength: Size of signalstrength parcel:168
05-23 11:29:55.578   671   671 W SignalStrength: getLTELevel - rsrp:-78 snr:2147483647 rsrpIconLevel:4 snrIconLevel:-1
05-23 11:29:55.578   671   671 W SignalStrength: getLevel=4
05-23 11:29:55.578   671   671 W SignalStrength: getLTELevel - rsrp:-78 snr:2147483647 rsrpIconLevel:4 snrIconLevel:-1
05-23 11:29:55.598   671   671 W SignalStrength: getLTELevel - rsrp:-78 snr:2147483647 rsrpIconLevel:4 snrIconLevel:-1
05-23 11:29:55.598   671   671 W SignalStrength: getLevel=4
05-23 11:29:55.598   671   671 W SignalStrength: getLTELevel - rsrp:-78 snr:2147483647 rsrpIconLevel:4 snrIconLevel:-1
05-23 11:29:55.598   671   671 W SignalStrength: getLTELevel - rsrp:-78 snr:2147483647 rsrpIconLevel:4 snrIconLevel:-1
05-23 11:29:55.598   671   671 W SignalStrength: getLTELevel - rsrp:-78 snr:2147483647 rsrpIconLevel:4 snrIconLevel:-1
05-23 11:29:55.608   671   671 W SignalStrength: getLTELevel - rsrp:-78 snr:2147483647 rsrpIconLevel:4 snrIconLevel:-1
05-23 11:29:55.608   671   671 W SignalStrength: getLevel=4
05-23 11:29:55.658   700   700 D DCT     : [DcT(0)] onReceive: action=com.android.internal.telephony.data-stall
05-23 11:29:55.658   700   700 D DCT     : [DcT(0)] onActionIntentDataStallAlarm: action=com.android.internal.telephony.data-stall
05-23 11:29:55.658   700   700 D DCT     : [DcT(0)] handleMessage msg={ when=-2ms what=270353 arg1=44754 obj=com.android.internal.telephony.data-stall target=com.android.internal.telephony.dataconnection.MsmsDcTracker }
05-23 11:29:55.668   700   700 D DCT     : [DcT(0)] handleMessage msg={ when=-3ms what=270353 arg1=44754 obj=com.android.internal.telephony.data-stall target=com.android.internal.telephony.dataconnection.MsmsDcTracker }
05-23 11:29:55.668   700   700 D DCT     : [DcT(0)] updateDataStallInfo: mDataStallTxRxSum={txSum=151 rxSum=114} preTxRxSum={txSum=0 rxSum=0}
05-23 11:29:55.668   700   700 D DCT     : [DcT(0)] updateDataStallInfo: IN/OUT
05-23 11:29:55.668   700   700 D DCT     : [DcT(0)] putRecoveryAction: 0
05-23 11:29:55.678   700   700 D DCT     : [DcT(0)] onDataStallAlarm: tag=44754 Sent 0 pkts since last received, < watchdogTrigger=10
05-23 11:29:55.678   700   700 D DCT     : [DcT(0)] getRecoveryAction: 0
05-23 11:29:55.678   700   700 D DCT     : [DcT(0)] overall state is CONNECTED
05-23 11:29:55.678   700   700 D DCT     : [DcT(0)] startDataStallAlarm: tag=44755 delay=60s
05-23 11:29:55.688   700   700 D DCT     : [DcT(1)] onReceive: action=com.android.internal.telephony.data-stall
05-23 11:29:55.688   700   700 D DCT     : [DcT(1)] onActionIntentDataStallAlarm: action=com.android.internal.telephony.data-stall
05-23 11:29:55.688   700   700 D DCT     : [DcT(1)] handleMessage msg={ when=0 what=270353 arg1=44754 obj=com.android.internal.telephony.data-stall target=com.android.internal.telephony.dataconnection.MsmsDcTracker }
05-23 11:29:55.688   700   700 D DCT     : [DcT(1)] handleMessage msg={ when=0 what=270353 arg1=44754 obj=com.android.internal.telephony.data-stall target=com.android.internal.telephony.dataconnection.MsmsDcTracker }
05-23 11:29:55.688   700   700 D DCT     : [DcT(1)] onDataStallAlarm: ignore, tag=44754 expecting 45344
05-23 11:29:55.879   700   700 D DCT     : [DcT(0)] updateDataActivity: curTxRxSum={txSum=151 rxSum=114} preTxRxSum={txSum=151 rxSum=114}
05-23 11:29:55.879   700   700 D DCT     : [DcT(0)] updateDataActivity: sent=0 received=0
05-23 11:29:55.919   700   700 D CAT     : StkDialogActivity: onReceive, action=com.android.stk.DIALOG_ALARM_TIMEOUT0, sim id: 0
05-23 11:29:55.919   700   700 D CAT     : StkDialogActivity: ALARM_TIMEOUT rcvd
05-23 11:29:55.929   700   700 D CAT     : StkDialogActivity: cancelTimeOut: 0
05-23 11:29:55.929   700   700 D CAT     : StkDialogActivity: sendResponse resID[20] confirmed[true]
05-23 11:29:55.949   700   700 D CAT     : com.android.stk.StkAppService: NOT CUCC
05-23 11:29:55.949   700   700 D CAT     : com.android.stk.StkAppService: StkAppService onStart is cucc: false
05-23 11:29:55.949   700   700 D CAT     : com.android.stk.StkAppService: onStart sim id: 0, op: 2, *****
05-23 11:29:55.959   700   700 D CAT     : StkAppService: init mPhone
05-23 11:29:55.979   700  1027 D CAT     : com.android.stk.StkAppService: handleMessage opcode[2], sim id[0]
05-23 11:29:55.979   700  1027 D CAT     : com.android.stk.StkAppService: handleCmdResponse, sim id: 0
05-23 11:29:55.999   700   700 D CAT     : StkDialogActivity: onDestroy - mIsResponseSent[true], sim id: 0
05-23 11:29:55.999   700   700 D CAT     : com.android.stk.StkAppService: isDialogPending: false
05-23 11:29:55.999   700   700 D CAT     : StkDialogActivity: cancelTimeOut: 0
05-23 11:29:56.009   700  1027 D CAT     : com.android.stk.StkAppService: RES_ID_TIMEOUT
05-23 11:29:56.039   700  1027 D CAT     : com.android.stk.StkAppService: handleCmdResponse- cmdName[DISPLAY_TEXT]
05-23 11:29:56.049   700  1027 D CAT     : com.android.stk.StkAppService: handleMessage opcode[6], sim id[0]
05-23 11:29:56.049   700  1027 D CAT     : com.android.stk.StkAppService: handleDelayedCmd, slotId: 0
05-23 11:29:56.049   700  1027 D CAT     : com.android.stk.StkAppService: handleDelayedCmd - queue size: 0 id: 4sim id: 0
05-23 11:29:56.059   700  1027 D CAT     : StkAppService$StkContext: getPendingActivityInstance act : 0, null
05-23 11:29:56.059   700  1027 D CAT     : StkAppService$StkContext: getPendingDialogInstance act : 0, com.android.stk.StkDialogActivity@422c2a60
05-23 11:29:56.059   700  1027 D CAT     : com.android.stk.StkAppService: cleanUpInstanceStackBySlot slotId: 0
05-23 11:29:56.059   700  1027 D CAT     : com.android.stk.StkAppService: finish pending dialog.
05-23 11:29:56.059   700  1027 D CAT     : com.android.stk.StkAppService: [handleSessionEnd] - mCurrentCmd changed to mMainCmd!.
05-23 11:29:56.059   700  1027 D CAT     : com.android.stk.StkAppService: slotId: 0, mMenuState: 0
05-23 11:29:56.059   700  1027 D CAT     : com.android.stk.StkAppService: [handleSessionEnd][mMenuState]false
05-23 11:29:56.159   700   700 D CAT     : CatService: handleMessage[6]
05-23 11:29:56.159   700   700 D CAT     : CatService: isResponse for last valid cmd: true
05-23 11:29:56.179   700   700 D CAT     : CatService: encodeOptionalTags() Unsupported Cmd details=CmdDetails: compRequired=true commandNumber=1 typeOfCommand=33 commandQualifier=1
05-23 11:29:56.179   700   700 D RILJ    : [0][4535]> REQUEST_STK_SEND_TERMINAL_RESPONSE
05-23 11:29:56.199   182   226 I use-Rlog/RLOG-RILC: [0] enter processCommandsCallback, socket type = 0
05-23 11:29:56.199   182   226 I use-Rlog/RLOG-RILC: [0] enter processCommandsCallback, socket type = 0
05-23 11:29:56.199   182   226 I use-Rlog/RLOG-RILC: [0] PCC  alloc one command p_record
05-23 11:29:56.199   182   941 D use-Rlog/RLOG-RILC: [0] PCB request code 70 token 887
05-23 11:29:56.209   182   941 D use-Rlog/RLOG-RILC: [0] [0887]> STK_SEND_TERMINAL_RESPONSE (810301210182028281830100)
05-23 11:29:56.209   182   941 D use-Rlog/RLOG-RIL: [0] onRequest: STK_SEND_TERMINAL_RESPONSE sState=4
05-23 11:29:56.209   182   941 D use-Rlog/RLOG-RIL: [0] channel1 state: '0' 
05-23 11:29:56.209   182   941 D use-Rlog/RLOG-RIL: [0] get Channel ID '1'
05-23 11:29:56.209   182   941 D use-Rlog/RLOG-AT: [0] Channel1: AT> AT+SPUSATTERMINAL="810301210182028281830100"
05-23 11:29:56.209   182   238 D use-Rlog/RLOG-AT: [0] Channel1: AT< +SPUSATTERMINAL: 0
05-23 11:29:56.219   182   238 D use-Rlog/RLOG-AT: [0] Channel1: AT< OK
05-23 11:29:56.219   182   941 D use-Rlog/RLOG-RILC: [0] [0887]< STK_SEND_TERMINAL_RESPONSE
05-23 11:29:56.219   182   941 D use-Rlog/RLOG-RIL: [0] put Channel ID '1'
05-23 11:29:56.219   182   941 I use-Rlog/RLOG-RILC: [0] -->CommandThread [941] free one command
05-23 11:29:56.239   700   751 D RILJ    : [0][4535]< REQUEST_STK_SEND_TERMINAL_RESPONSE 
05-23 11:29:56.239   182   238 D use-Rlog/RLOG-AT: [0] Channel0: AT< +SPUSATENDSESSIONIND
05-23 11:29:56.239   182   238 D use-Rlog/RLOG-RIL: [0] [stk unsl]RIL_UNSOL_STK_SESSION_END
05-23 11:29:56.239   182   238 D use-Rlog/RLOG-RILC: [0] [UNSL]< UNSOL_STK_SESSION_END 
05-23 11:29:56.239   700   751 D RILJ    : [0][UNSL]< [0]UNSOL_STK_SESSION_END
05-23 11:29:56.239   700   700 D CAT     : CatService: handleMessage[1]
05-23 11:29:56.239   700   700 D CAT     : CatService: ril message arrived,slotid:0
05-23 11:29:56.239   700   700 D CAT     : CatService: handleMessage[10]
05-23 11:29:56.239   700   700 D CAT     : CatService: SESSION END on 0
05-23 11:29:56.249  1944  1944 D TelephonyManager: No /proc/cmdline exception=java.io.FileNotFoundException: /proc/cmdline: open failed: EACCES (Permission denied)
05-23 11:29:56.249  1944  1944 D TelephonyManager: /proc/cmdline=
05-23 11:29:56.569   182   238 D use-Rlog/RLOG-AT: [0] Channel0: AT< +CESQ: 99,99,255,255,30,78
05-23 11:29:56.569   182   238 D use-Rlog/RLOG-RIL: [0] [unsl] +CESQ enter
05-23 11:29:56.569   182   238 D use-Rlog/RLOG-RILC: [0] [UNSL]< UNSOL_SIGNAL_STRENGTH {[signalStrength=99,bitErrorRate=-1,                CDMA_SS.dbm=-1,CDMA_SSecio=-1,                EVDO_SS.dbm=-1,EVDO_SS.ecio=-1,                EVDO_SS.signalNoiseRatio=-1,                LTE_SS.signalStrength=99,LTE_SS.rsrp=78,LTE_SS.rsrq=2147483647,                LTE_SS.rssnr=2147483647,LTE_SS.cqi=2147483647,TDSCDMA_SS.rscp=0]}
05-23 11:29:56.569   700   751 W SignalStrength: Size of signalstrength parcel:60
05-23 11:29:56.569   700   751 V RILJ    : [0][UNSL]< [0]UNSOL_SIGNAL_STRENGTH SignalStrength: 99 -1 -1 -1 -1 -1 -1 99 78 2147483647 2147483647 2147483647 gsm|lte
05-23 11:29:56.569   700   700 W SignalStrength: Signal before validate=SignalStrength: 99 -1 -1 -1 -1 -1 -1 99 78 2147483647 2147483647 2147483647 gsm|lte
05-23 11:29:56.569   700   700 W SignalStrength: Signal after validate=SignalStrength: 99 -1 -120 -160 -120 -1 -1 99 -78 2147483647 2147483647 2147483647 gsm|lte
05-23 11:29:56.619   592   866 W SignalStrength: Size of signalstrength parcel:164
05-23 11:29:56.619   592   866 W SignalStrength: getLTELevel - rsrp:-78 snr:2147483647 rsrpIconLevel:4 snrIconLevel:-1
05-23 11:29:56.629   671   943 W SignalStrength: Size of signalstrength parcel:168
05-23 11:29:56.629   592   866 W SignalStrength: getLevel=4
05-23 11:29:56.629   671   671 W SignalStrength: getLTELevel - rsrp:-78 snr:2147483647 rsrpIconLevel:4 snrIconLevel:-1
05-23 11:29:56.629   671   671 W SignalStrength: getLevel=4
05-23 11:29:56.629   671   671 W SignalStrength: getLTELevel - rsrp:-78 snr:2147483647 rsrpIconLevel:4 snrIconLevel:-1
05-23 11:29:56.639   671   671 W SignalStrength: getLTELevel - rsrp:-78 snr:2147483647 rsrpIconLevel:4 snrIconLevel:-1
05-23 11:29:56.639   671   671 W SignalStrength: getLevel=4
05-23 11:29:56.639   671   671 W SignalStrength: getLTELevel - rsrp:-78 snr:2147483647 rsrpIconLevel:4 snrIconLevel:-1
05-23 11:29:56.639   671   671 W SignalStrength: getLTELevel - rsrp:-78 snr:2147483647 rsrpIconLevel:4 snrIconLevel:-1
05-23 11:29:56.639   671   671 W SignalStrength: getLTELevel - rsrp:-78 snr:2147483647 rsrpIconLevel:4 snrIconLevel:-1
05-23 11:29:56.639   671   671 W SignalStrength: getLTELevel - rsrp:-78 snr:2147483647 rsrpIconLevel:4 snrIconLevel:-1
05-23 11:29:56.639   671   671 W SignalStrength: getLevel=4
05-23 11:29:56.699  1960  1960 D TelephonyManager: No /proc/cmdline exception=java.io.FileNotFoundException: /proc/cmdline: open failed: EACCES (Permission denied)
05-23 11:29:56.699  1960  1960 D TelephonyManager: /proc/cmdline=
05-23 11:29:56.809   700   700 D CAT     : StkCmdReceiver: handleAction, op: 4args: Bundle[{SLOT_ID=0, op=4}], slot id: 0
05-23 11:29:56.809   700   700 D CAT     : com.android.stk.StkAppService: NOT CUCC
05-23 11:29:56.809   700   700 D CAT     : com.android.stk.StkAppService: StkAppService onStart is cucc: false
05-23 11:29:56.809   700   700 D CAT     : com.android.stk.StkAppService: onStart sim id: 0, op: 4, *****
05-23 11:29:56.809   700   700 D CAT     : StkAppService: init mPhone
05-23 11:29:56.809   700  1027 D CAT     : com.android.stk.StkAppService: handleMessage opcode[4], sim id[0]
05-23 11:29:56.809   700  1027 D CAT     : StkAppService$StkContext: getPendingActivityInstance act : 0, null
05-23 11:29:56.809   700  1027 D CAT     : StkAppService$StkContext: getPendingDialogInstance act : 0, null
05-23 11:29:56.809   700  1027 D CAT     : com.android.stk.StkAppService: cleanUpInstanceStackBySlot slotId: 0
05-23 11:29:56.809   700  1027 D CAT     : com.android.stk.StkAppService: [handleSessionEnd] - mCurrentCmd changed to mMainCmd!.
05-23 11:29:56.809   700  1027 D CAT     : com.android.stk.StkAppService: slotId: 0, mMenuState: 0
05-23 11:29:56.809   700  1027 D CAT     : com.android.stk.StkAppService: [handleSessionEnd][mMenuState]false
05-23 11:29:56.880   700   700 D DCT     : [DcT(0)] updateDataActivity: curTxRxSum={txSum=151 rxSum=114} preTxRxSum={txSum=151 rxSum=114}
05-23 11:29:56.880   700   700 D DCT     : [DcT(0)] updateDataActivity: sent=0 received=0
05-23 11:29:57.570   182   238 D use-Rlog/RLOG-AT: [0] Channel0: AT< +CESQ: 99,99,255,255,30,78
05-23 11:29:57.570   182   238 D use-Rlog/RLOG-RIL: [0] [unsl] +CESQ enter
05-23 11:29:57.570   182   238 D use-Rlog/RLOG-RILC: [0] [UNSL]< UNSOL_SIGNAL_STRENGTH {[signalStrength=99,bitErrorRate=-1,                CDMA_SS.dbm=-1,CDMA_SSecio=-1,                EVDO_SS.dbm=-1,EVDO_SS.ecio=-1,                EVDO_SS.signalNoiseRatio=-1,                LTE_SS.signalStrength=99,LTE_SS.rsrp=78,LTE_SS.rsrq=2147483647,                LTE_SS.rssnr=2147483647,LTE_SS.cqi=2147483647,TDSCDMA_SS.rscp=0]}
05-23 11:29:57.570   700   751 W SignalStrength: Size of signalstrength parcel:60
05-23 11:29:57.580   700   751 V RILJ    : [0][UNSL]< [0]UNSOL_SIGNAL_STRENGTH SignalStrength: 99 -1 -1 -1 -1 -1 -1 99 78 2147483647 2147483647 2147483647 gsm|lte
05-23 11:29:57.580   700   700 W SignalStrength: Signal before validate=SignalStrength: 99 -1 -1 -1 -1 -1 -1 99 78 2147483647 2147483647 2147483647 gsm|lte
05-23 11:29:57.580   700   700 W SignalStrength: Signal after validate=SignalStrength: 99 -1 -120 -160 -120 -1 -1 99 -78 2147483647 2147483647 2147483647 gsm|lte
05-23 11:29:57.580   592   686 W SignalStrength: Size of signalstrength parcel:164
05-23 11:29:57.580   592   686 W SignalStrength: getLTELevel - rsrp:-78 snr:2147483647 rsrpIconLevel:4 snrIconLevel:-1
05-23 11:29:57.580   671   684 W SignalStrength: Size of signalstrength parcel:168
05-23 11:29:57.580   671   671 W SignalStrength: getLTELevel - rsrp:-78 snr:2147483647 rsrpIconLevel:4 snrIconLevel:-1
05-23 11:29:57.580   671   671 W SignalStrength: getLevel=4
05-23 11:29:57.580   671   671 W SignalStrength: getLTELevel - rsrp:-78 snr:2147483647 rsrpIconLevel:4 snrIconLevel:-1
05-23 11:29:57.590   592   686 W SignalStrength: getLevel=4
05-23 11:29:57.590   671   671 W SignalStrength: getLTELevel - rsrp:-78 snr:2147483647 rsrpIconLevel:4 snrIconLevel:-1
05-23 11:29:57.590   671   671 W SignalStrength: getLevel=4
05-23 11:29:57.590   671   671 W SignalStrength: getLTELevel - rsrp:-78 snr:2147483647 rsrpIconLevel:4 snrIconLevel:-1
05-23 11:29:57.590   671   671 W SignalStrength: getLTELevel - rsrp:-78 snr:2147483647 rsrpIconLevel:4 snrIconLevel:-1
05-23 11:29:57.600   671   671 W SignalStrength: getLTELevel - rsrp:-78 snr:2147483647 rsrpIconLevel:4 snrIconLevel:-1
05-23 11:29:57.600   671   671 W SignalStrength: getLTELevel - rsrp:-78 snr:2147483647 rsrpIconLevel:4 snrIconLevel:-1
05-23 11:29:57.600   671   671 W SignalStrength: getLevel=4
05-23 11:29:57.891   700   700 D DCT     : [DcT(0)] updateDataActivity: curTxRxSum={txSum=161 rxSum=122} preTxRxSum={txSum=151 rxSum=114}
05-23 11:29:57.891   700   700 D DCT     : [DcT(0)] updateDataActivity: sent=10 received=8
05-23 11:29:57.891   700   700 D DCT     : [DcT(0)] updateDataActivity: newActivity=DATAINANDOUT
05-23 11:29:57.891   671   671 W SignalStrength: getLTELevel - rsrp:-78 snr:2147483647 rsrpIconLevel:4 snrIconLevel:-1
05-23 11:29:57.901   671   671 W SignalStrength: getLTELevel - rsrp:-78 snr:2147483647 rsrpIconLevel:4 snrIconLevel:-1
05-23 11:29:57.901   671   671 W SignalStrength: getLevel=4
05-23 11:29:58.571   182   238 D use-Rlog/RLOG-AT: [0] Channel0: AT< +CESQ: 99,99,255,255,30,78
05-23 11:29:58.571   182   238 D use-Rlog/RLOG-RIL: [0] [unsl] +CESQ enter
05-23 11:29:58.571   182   238 D use-Rlog/RLOG-RILC: [0] [UNSL]< UNSOL_SIGNAL_STRENGTH {[signalStrength=99,bitErrorRate=-1,                CDMA_SS.dbm=-1,CDMA_SSecio=-1,                EVDO_SS.dbm=-1,EVDO_SS.ecio=-1,                EVDO_SS.signalNoiseRatio=-1,                LTE_SS.signalStrength=99,LTE_SS.rsrp=78,LTE_SS.rsrq=2147483647,                LTE_SS.rssnr=2147483647,LTE_SS.cqi=2147483647,TDSCDMA_SS.rscp=0]}
05-23 11:29:58.581   700   751 W SignalStrength: Size of signalstrength parcel:60
05-23 11:29:58.581   700   751 V RILJ    : [0][UNSL]< [0]UNSOL_SIGNAL_STRENGTH SignalStrength: 99 -1 -1 -1 -1 -1 -1 99 78 2147483647 2147483647 2147483647 gsm|lte
05-23 11:29:58.581   700   700 W SignalStrength: Signal before validate=SignalStrength: 99 -1 -1 -1 -1 -1 -1 99 78 2147483647 2147483647 2147483647 gsm|lte
