05-23 11:29:19.633   182   758 D use-Rlog/RLOG-RIL: [0] get Channel ID '1'
05-23 11:29:19.633   182   758 D use-Rlog/RLOG-RIL: [0] enter to handle event: RIL_REQUEST_SWITCH_WIFI
05-23 11:29:19.633   182   758 D use-Rlog/RLOG-RIL: [0] RIL_REQUEST_SWITCH_3_WIRE to data value: 4
05-23 11:29:19.633   182   758 D use-Rlog/RLOG-AT: [0] Channel1: AT> AT+SPCLB=4
05-23 11:29:19.633   182   238 D use-Rlog/RLOG-AT: [0] Channel1: AT< OK
05-23 11:29:19.633   182   758 D use-Rlog/RLOG-RIL: [0] response of RIL_REQUEST_SWITCH_WIFI: success!
05-23 11:29:19.633   182   758 D use-Rlog/RLOG-RILC: [0] [0864]< SWITCH_WIFI
05-23 11:29:19.633   182   758 D use-Rlog/RLOG-RIL: [0] put Channel ID '1'
05-23 11:29:19.633   182   758 I use-Rlog/RLOG-RILC: [0] -->CommandThread [758] free one command
05-23 11:29:19.633   700   751 D RILJ    : [0][4512]< RIL_REQUEST_SWITCH_WIFI 
05-23 11:29:20.054   700   700 D DCT     : [DcT(0)] updateDataActivity: curTxRxSum={txSum=80 rxSum=51} preTxRxSum={txSum=80 rxSum=51}
05-23 11:29:20.054   700   700 D DCT     : [DcT(0)] updateDataActivity: sent=0 received=0
05-23 11:29:20.564   182   238 D use-Rlog/RLOG-AT: [0] Channel0: AT< +CESQ: 99,99,255,255,29,77
05-23 11:29:20.564   182   238 D use-Rlog/RLOG-RIL: [0] [unsl] +CESQ enter
05-23 11:29:20.564   182   238 D use-Rlog/RLOG-RILC: [0] [UNSL]< UNSOL_SIGNAL_STRENGTH {[signalStrength=99,bitErrorRate=-1,                CDMA_SS.dbm=-1,CDMA_SSecio=-1,                EVDO_SS.dbm=-1,EVDO_SS.ecio=-1,                EVDO_SS.signalNoiseRatio=-1,                LTE_SS.signalStrength=99,LTE_SS.rsrp=77,LTE_SS.rsrq=2147483647,                LTE_SS.rssnr=2147483647,LTE_SS.cqi=2147483647,TDSCDMA_SS.rscp=0]}
05-23 11:29:20.564   700   751 W SignalStrength: Size of signalstrength parcel:60
05-23 11:29:20.564   700   751 V RILJ    : [0][UNSL]< [0]UNSOL_SIGNAL_STRENGTH SignalStrength: 99 -1 -1 -1 -1 -1 -1 99 77 2147483647 2147483647 2147483647 gsm|lte
05-23 11:29:20.564   700   700 W SignalStrength: Signal before validate=SignalStrength: 99 -1 -1 -1 -1 -1 -1 99 77 2147483647 2147483647 2147483647 gsm|lte
05-23 11:29:20.564   700   700 W SignalStrength: Signal after validate=SignalStrength: 99 -1 -120 -160 -120 -1 -1 99 -77 2147483647 2147483647 2147483647 gsm|lte
05-23 11:29:20.564   592   806 W SignalStrength: Size of signalstrength parcel:164
05-23 11:29:20.564   671   684 W SignalStrength: Size of signalstrength parcel:168
05-23 11:29:20.564   592   806 W SignalStrength: getLTELevel - rsrp:-77 snr:2147483647 rsrpIconLevel:4 snrIconLevel:-1
05-23 11:29:20.564   592   806 W SignalStrength: getLevel=4
05-23 11:29:20.564   925   957 W SignalStrength: Size of signalstrength parcel:168
05-23 11:29:20.564   671   671 W SignalStrength: getLTELevel - rsrp:-77 snr:2147483647 rsrpIconLevel:4 snrIconLevel:-1
05-23 11:29:20.564   925   925 W SignalStrength: getLTELevel - rsrp:-77 snr:2147483647 rsrpIconLevel:4 snrIconLevel:-1
05-23 11:29:20.564   925   925 W SignalStrength: getLevel=4
05-23 11:29:20.564   671   671 W SignalStrength: getLevel=4
05-23 11:29:20.564   671   671 W SignalStrength: getLTELevel - rsrp:-77 snr:2147483647 rsrpIconLevel:4 snrIconLevel:-1
05-23 11:29:20.574   671   671 W SignalStrength: getLTELevel - rsrp:-77 snr:2147483647 rsrpIconLevel:4 snrIconLevel:-1
05-23 11:29:20.574   671   671 W SignalStrength: getLevel=4
05-23 11:29:20.574   671   671 W SignalStrength: getLTELevel - rsrp:-77 snr:2147483647 rsrpIconLevel:4 snrIconLevel:-1
05-23 11:29:20.574   671   671 W SignalStrength: getLTELevel - rsrp:-77 snr:2147483647 rsrpIconLevel:4 snrIconLevel:-1
05-23 11:29:20.574   671   671 W SignalStrength: getLTELevel - rsrp:-77 snr:2147483647 rsrpIconLevel:4 snrIconLevel:-1
05-23 11:29:20.574   671   671 W SignalStrength: getLTELevel - rsrp:-77 snr:2147483647 rsrpIconLevel:4 snrIconLevel:-1
05-23 11:29:20.574   671   671 W SignalStrength: getLevel=4
05-23 11:29:21.065   700   700 D DCT     : [DcT(0)] updateDataActivity: curTxRxSum={txSum=80 rxSum=51} preTxRxSum={txSum=80 rxSum=51}
05-23 11:29:21.065   700   700 D DCT     : [DcT(0)] updateDataActivity: sent=0 received=0
05-23 11:29:21.565   182   238 D use-Rlog/RLOG-AT: [0] Channel0: AT< +CESQ: 99,99,255,255,29,78
05-23 11:29:21.565   182   238 D use-Rlog/RLOG-RIL: [0] [unsl] +CESQ enter
05-23 11:29:21.565   182   238 D use-Rlog/RLOG-RILC: [0] [UNSL]< UNSOL_SIGNAL_STRENGTH {[signalStrength=99,bitErrorRate=-1,                CDMA_SS.dbm=-1,CDMA_SSecio=-1,                EVDO_SS.dbm=-1,EVDO_SS.ecio=-1,                EVDO_SS.signalNoiseRatio=-1,                LTE_SS.signalStrength=99,LTE_SS.rsrp=78,LTE_SS.rsrq=2147483647,                LTE_SS.rssnr=2147483647,LTE_SS.cqi=2147483647,TDSCDMA_SS.rscp=0]}
05-23 11:29:21.565   700   751 W SignalStrength: Size of signalstrength parcel:60
05-23 11:29:21.565   700   751 V RILJ    : [0][UNSL]< [0]UNSOL_SIGNAL_STRENGTH SignalStrength: 99 -1 -1 -1 -1 -1 -1 99 78 2147483647 2147483647 2147483647 gsm|lte
05-23 11:29:21.565   700   700 W SignalStrength: Signal before validate=SignalStrength: 99 -1 -1 -1 -1 -1 -1 99 78 2147483647 2147483647 2147483647 gsm|lte
05-23 11:29:21.565   700   700 W SignalStrength: Signal after validate=SignalStrength: 99 -1 -120 -160 -120 -1 -1 99 -78 2147483647 2147483647 2147483647 gsm|lte
05-23 11:29:21.565   592   995 W SignalStrength: Size of signalstrength parcel:164
05-23 11:29:21.565   592   995 W SignalStrength: getLTELevel - rsrp:-78 snr:2147483647 rsrpIconLevel:4 snrIconLevel:-1
05-23 11:29:21.565   592   995 W SignalStrength: getLevel=4
05-23 11:29:21.565   671   687 W SignalStrength: Size of signalstrength parcel:168
05-23 11:29:21.565   925   958 W SignalStrength: Size of signalstrength parcel:168
05-23 11:29:21.565   671   671 W SignalStrength: getLTELevel - rsrp:-78 snr:2147483647 rsrpIconLevel:4 snrIconLevel:-1
05-23 11:29:21.565   671   671 W SignalStrength: getLevel=4
05-23 11:29:21.565   671   671 W SignalStrength: getLTELevel - rsrp:-78 snr:2147483647 rsrpIconLevel:4 snrIconLevel:-1
05-23 11:29:21.585   671   671 W SignalStrength: getLTELevel - rsrp:-78 snr:2147483647 rsrpIconLevel:4 snrIconLevel:-1
05-23 11:29:21.585   671   671 W SignalStrength: getLevel=4
05-23 11:29:21.585   671   671 W SignalStrength: getLTELevel - rsrp:-78 snr:2147483647 rsrpIconLevel:4 snrIconLevel:-1
05-23 11:29:21.595   671   671 W SignalStrength: getLTELevel - rsrp:-78 snr:2147483647 rsrpIconLevel:4 snrIconLevel:-1
05-23 11:29:21.595   671   671 W SignalStrength: getLTELevel - rsrp:-78 snr:2147483647 rsrpIconLevel:4 snrIconLevel:-1
05-23 11:29:21.595   671   671 W SignalStrength: getLTELevel - rsrp:-78 snr:2147483647 rsrpIconLevel:4 snrIconLevel:-1
05-23 11:29:21.595   671   671 W SignalStrength: getLevel=4
05-23 11:29:21.605   925   925 W SignalStrength: getLTELevel - rsrp:-78 snr:2147483647 rsrpIconLevel:4 snrIconLevel:-1
05-23 11:29:21.615   925   925 W SignalStrength: getLevel=4
05-23 11:29:21.835   700   934 D TD      : switchWIFI in TDPhone.java
05-23 11:29:21.835   700   934 D RILJ    : [0]switchWIFI in RILJ!
05-23 11:29:21.835   700   934 D RILJ    : [0][4513]> RIL_REQUEST_SWITCH_WIFI
05-23 11:29:21.845   182   226 I use-Rlog/RLOG-RILC: [0] enter processCommandsCallback, socket type = 0
05-23 11:29:21.845   182   226 I use-Rlog/RLOG-RILC: [0] enter processCommandsCallback, socket type = 0
05-23 11:29:21.845   182   226 I use-Rlog/RLOG-RILC: [0] PCC  alloc one command p_record
05-23 11:29:21.845   182   941 D use-Rlog/RLOG-RILC: [0] PCB request code 5062 token 865
05-23 11:29:21.845   182   941 D use-Rlog/RLOG-RILC: [0] [0865]> SWITCH_WIFI (1)
05-23 11:29:21.845   182   941 D use-Rlog/RLOG-RIL: [0] onRequest: SWITCH_WIFI sState=4
05-23 11:29:21.845   182   941 D use-Rlog/RLOG-RIL: [0] channel1 state: '0' 
05-23 11:29:21.845   182   941 D use-Rlog/RLOG-RIL: [0] get Channel ID '1'
05-23 11:29:21.845   182   941 D use-Rlog/RLOG-RIL: [0] enter to handle event: RIL_REQUEST_SWITCH_WIFI
05-23 11:29:21.845   182   941 D use-Rlog/RLOG-RIL: [0] RIL_REQUEST_SWITCH_3_WIRE to data value: 5
05-23 11:29:21.845   182   941 D use-Rlog/RLOG-AT: [0] Channel1: AT> AT+SPCLB=5
05-23 11:29:21.845   182   238 D use-Rlog/RLOG-AT: [0] Channel1: AT< OK
05-23 11:29:21.845   182   941 D use-Rlog/RLOG-RIL: [0] response of RIL_REQUEST_SWITCH_WIFI: success!
05-23 11:29:21.845   182   941 D use-Rlog/RLOG-RILC: [0] [0865]< SWITCH_WIFI
05-23 11:29:21.845   182   941 D use-Rlog/RLOG-RIL: [0] put Channel ID '1'
05-23 11:29:21.845   182   941 I use-Rlog/RLOG-RILC: [0] -->CommandThread [941] free one command
05-23 11:29:21.845   700   751 D RILJ    : [0][4513]< RIL_REQUEST_SWITCH_WIFI 
05-23 11:29:22.066   700   700 D DCT     : [DcT(0)] updateDataActivity: curTxRxSum={txSum=85 rxSum=54} preTxRxSum={txSum=80 rxSum=51}
05-23 11:29:22.066   700   700 D DCT     : [DcT(0)] updateDataActivity: sent=5 received=3
05-23 11:29:22.066   700   700 D DCT     : [DcT(0)] updateDataActivity: newActivity=DATAINANDOUT
05-23 11:29:22.076   671   671 W SignalStrength: getLTELevel - rsrp:-78 snr:2147483647 rsrpIconLevel:4 snrIconLevel:-1
05-23 11:29:22.076   671   671 W SignalStrength: getLTELevel - rsrp:-78 snr:2147483647 rsrpIconLevel:4 snrIconLevel:-1
05-23 11:29:22.076   671   671 W SignalStrength: getLevel=4
05-23 11:29:22.206   700   700 D DCT     : [DcT(0)] onReceive: action=android.net.wifi.WIFI_STATE_CHANGED
05-23 11:29:22.206   700   700 D DCT     : [DcT(0)] WIFI_STATE_CHANGED_ACTION: enabled=false mIsWifiConnected=false
05-23 11:29:22.206   700   700 D DCT     : [DcT(1)] onReceive: action=android.net.wifi.WIFI_STATE_CHANGED
05-23 11:29:22.206   700   700 D DCT     : [DcT(1)] WIFI_STATE_CHANGED_ACTION: enabled=false mIsWifiConnected=false
05-23 11:29:22.216   671   671 W SignalStrength: getLTELevel - rsrp:-78 snr:2147483647 rsrpIconLevel:4 snrIconLevel:-1
05-23 11:29:22.216   671   671 W SignalStrength: getLTELevel - rsrp:-78 snr:2147483647 rsrpIconLevel:4 snrIconLevel:-1
05-23 11:29:22.216   671   671 W SignalStrength: getLevel=4
05-23 11:29:22.506   671   671 W SignalStrength: getLTELevel - rsrp:-78 snr:2147483647 rsrpIconLevel:4 snrIconLevel:-1
05-23 11:29:22.506   700   700 D DCT     : [DcT(0)] onReceive: action=android.net.wifi.WIFI_STATE_CHANGED
05-23 11:29:22.506   700   700 D DCT     : [DcT(0)] WIFI_STATE_CHANGED_ACTION: enabled=true mIsWifiConnected=false
05-23 11:29:22.506   700   700 D DCT     : [DcT(1)] onReceive: action=android.net.wifi.WIFI_STATE_CHANGED
05-23 11:29:22.506   700   700 D DCT     : [DcT(1)] WIFI_STATE_CHANGED_ACTION: enabled=true mIsWifiConnected=false
05-23 11:29:22.516   671   671 W SignalStrength: getLTELevel - rsrp:-78 snr:2147483647 rsrpIconLevel:4 snrIconLevel:-1
05-23 11:29:22.516   671   671 W SignalStrength: getLevel=4
05-23 11:29:22.566   182   238 D use-Rlog/RLOG-AT: [0] Channel0: AT< +CESQ: 99,99,255,255,30,77
05-23 11:29:22.566   182   238 D use-Rlog/RLOG-RIL: [0] [unsl] +CESQ enter
05-23 11:29:22.566   182   238 D use-Rlog/RLOG-RILC: [0] [UNSL]< UNSOL_SIGNAL_STRENGTH {[signalStrength=99,bitErrorRate=-1,                CDMA_SS.dbm=-1,CDMA_SSecio=-1,                EVDO_SS.dbm=-1,EVDO_SS.ecio=-1,                EVDO_SS.signalNoiseRatio=-1,                LTE_SS.signalStrength=99,LTE_SS.rsrp=77,LTE_SS.rsrq=2147483647,                LTE_SS.rssnr=2147483647,LTE_SS.cqi=2147483647,TDSCDMA_SS.rscp=0]}
05-23 11:29:22.566   700   751 W SignalStrength: Size of signalstrength parcel:60
05-23 11:29:22.566   700   751 V RILJ    : [0][UNSL]< [0]UNSOL_SIGNAL_STRENGTH SignalStrength: 99 -1 -1 -1 -1 -1 -1 99 77 2147483647 2147483647 2147483647 gsm|lte
05-23 11:29:22.566   700   700 W SignalStrength: Signal before validate=SignalStrength: 99 -1 -1 -1 -1 -1 -1 99 77 2147483647 2147483647 2147483647 gsm|lte
05-23 11:29:22.566   700   700 W SignalStrength: Signal after validate=SignalStrength: 99 -1 -120 -160 -120 -1 -1 99 -77 2147483647 2147483647 2147483647 gsm|lte
05-23 11:29:22.566   592  1394 W SignalStrength: Size of signalstrength parcel:164
05-23 11:29:22.566   671   687 W SignalStrength: Size of signalstrength parcel:168
05-23 11:29:22.566   671   671 W SignalStrength: getLTELevel - rsrp:-77 snr:2147483647 rsrpIconLevel:4 snrIconLevel:-1
05-23 11:29:22.566   671   671 W SignalStrength: getLevel=4
05-23 11:29:22.566   671   671 W SignalStrength: getLTELevel - rsrp:-77 snr:2147483647 rsrpIconLevel:4 snrIconLevel:-1
05-23 11:29:22.566   592  1394 W SignalStrength: getLTELevel - rsrp:-77 snr:2147483647 rsrpIconLevel:4 snrIconLevel:-1
05-23 11:29:22.566   592  1394 W SignalStrength: getLevel=4
05-23 11:29:22.566   925   958 W SignalStrength: Size of signalstrength parcel:168
05-23 11:29:22.576   671   671 W SignalStrength: getLTELevel - rsrp:-77 snr:2147483647 rsrpIconLevel:4 snrIconLevel:-1
05-23 11:29:22.576   671   671 W SignalStrength: getLevel=4
05-23 11:29:22.576   671   671 W SignalStrength: getLTELevel - rsrp:-77 snr:2147483647 rsrpIconLevel:4 snrIconLevel:-1
05-23 11:29:22.576   671   671 W SignalStrength: getLTELevel - rsrp:-77 snr:2147483647 rsrpIconLevel:4 snrIconLevel:-1
05-23 11:29:22.576   671   671 W SignalStrength: getLTELevel - rsrp:-77 snr:2147483647 rsrpIconLevel:4 snrIconLevel:-1
05-23 11:29:22.576   671   671 W SignalStrength: getLTELevel - rsrp:-77 snr:2147483647 rsrpIconLevel:4 snrIconLevel:-1
05-23 11:29:22.576   671   671 W SignalStrength: getLevel=4
05-23 11:29:22.586   925   925 W SignalStrength: getLTELevel - rsrp:-77 snr:2147483647 rsrpIconLevel:4 snrIconLevel:-1
05-23 11:29:22.586   925   925 W SignalStrength: getLevel=4
05-23 11:29:23.077   700   700 D DCT     : [DcT(0)] updateDataActivity: curTxRxSum={txSum=85 rxSum=55} preTxRxSum={txSum=85 rxSum=54}
05-23 11:29:23.077   700   700 D DCT     : [DcT(0)] updateDataActivity: sent=0 received=1
05-23 11:29:23.077   700   700 D DCT     : [DcT(0)] updateDataActivity: newActivity=DATAIN
05-23 11:29:23.087   671   671 W SignalStrength: getLTELevel - rsrp:-77 snr:2147483647 rsrpIconLevel:4 snrIconLevel:-1
05-23 11:29:23.087   671   671 W SignalStrength: getLTELevel - rsrp:-77 snr:2147483647 rsrpIconLevel:4 snrIconLevel:-1
05-23 11:29:23.087   671   671 W SignalStrength: getLevel=4
05-23 11:29:23.397   182   238 D use-Rlog/RLOG-AT: [0] Channel0: AT< +SPUSATPROCMDIND:D0308103012101820281028D25085C0A656C76845BA26237FF1A611F8C2260A8900962E94E2D56FD79FB52A8901A4FE1FF01
05-23 11:29:23.397   182   238 D use-Rlog/RLOG-RIL: [0] [stk unsl]RIL_UNSOL_STK_PROACTIVE_COMMAND
05-23 11:29:23.397   182   238 D use-Rlog/RLOG-RILC: [0] [UNSL]< UNSOL_STK_PROACTIVE_COMMAND {D0308103012101820281028D25085C0A656C76845BA26237FF1A611F8C2260A8900962E94E2D56FD79FB52A8901A4FE1FF01}
05-23 11:29:23.397   700   751 D RILJ    : [0][UNSL]< [0]UNSOL_STK_PROACTIVE_COMMAND D0308103012101820281028D25085C0A656C76845BA26237FF1A611F8C2260A8900962E94E2D56FD79FB52A8901A4FE1FF01
05-23 11:29:23.407   700   700 D CAT     : CatService: handleMessage[2]
05-23 11:29:23.407   700   700 D CAT     : CatService: ril message arrived,slotid:0
05-23 11:29:23.417   700   974 D CAT     : RilMessageDecoder: [stk]ril msg = 2 mData =D0308103012101820281028D25085C0A656C76845BA26237FF1A611F8C2260A8900962E94E2D56FD79FB52A8901A4FE1FF01
05-23 11:29:23.417   700   974 D CAT     : RilMessageDecoder: [stk]rawData length50
05-23 11:29:23.447   700   974 D CAT     : CommandParamsFactory: process DisplayText
05-23 11:29:23.557   700   700 D DCT     : [DcT(0)] onReceive: action=android.net.wifi.STATE_CHANGE
05-23 11:29:23.567   700   700 D DCT     : [DcT(0)] NETWORK_STATE_CHANGED_ACTION: mIsWifiConnected=false
05-23 11:29:23.567   182   238 D use-Rlog/RLOG-AT: [0] Channel0: AT< +CESQ: 99,99,255,255,30,77
05-23 11:29:23.567   182   238 D use-Rlog/RLOG-RIL: [0] [unsl] +CESQ enter
05-23 11:29:23.567   182   238 D use-Rlog/RLOG-RILC: [0] [UNSL]< UNSOL_SIGNAL_STRENGTH {[signalStrength=99,bitErrorRate=-1,                CDMA_SS.dbm=-1,CDMA_SSecio=-1,                EVDO_SS.dbm=-1,EVDO_SS.ecio=-1,                EVDO_SS.signalNoiseRatio=-1,                LTE_SS.signalStrength=99,LTE_SS.rsrp=77,LTE_SS.rsrq=2147483647,                LTE_SS.rssnr=2147483647,LTE_SS.cqi=2147483647,TDSCDMA_SS.rscp=0]}
05-23 11:29:23.577   700   751 W SignalStrength: Size of signalstrength parcel:60
05-23 11:29:23.577   671   671 W SignalStrength: getLTELevel - rsrp:-77 snr:2147483647 rsrpIconLevel:4 snrIconLevel:-1
05-23 11:29:23.577   700   751 V RILJ    : [0][UNSL]< [0]UNSOL_SIGNAL_STRENGTH SignalStrength: 99 -1 -1 -1 -1 -1 -1 99 77 2147483647 2147483647 2147483647 gsm|lte
05-23 11:29:23.577   700   700 D DCT     : [DcT(1)] onReceive: action=android.net.wifi.STATE_CHANGE
05-23 11:29:23.577   671   671 W SignalStrength: getLTELevel - rsrp:-77 snr:2147483647 rsrpIconLevel:4 snrIconLevel:-1
05-23 11:29:23.577   671   671 W SignalStrength: getLevel=4
05-23 11:29:23.577   700   700 D DCT     : [DcT(1)] NETWORK_STATE_CHANGED_ACTION: mIsWifiConnected=false
05-23 11:29:23.577   700   700 W SignalStrength: Signal before validate=SignalStrength: 99 -1 -1 -1 -1 -1 -1 99 77 2147483647 2147483647 2147483647 gsm|lte
05-23 11:29:23.577   700   700 W SignalStrength: Signal after validate=SignalStrength: 99 -1 -120 -160 -120 -1 -1 99 -77 2147483647 2147483647 2147483647 gsm|lte
05-23 11:29:23.577   592  1395 W SignalStrength: Size of signalstrength parcel:164
05-23 11:29:23.577   592  1395 W SignalStrength: getLTELevel - rsrp:-77 snr:2147483647 rsrpIconLevel:4 snrIconLevel:-1
05-23 11:29:23.577   592  1395 W SignalStrength: getLevel=4
05-23 11:29:23.577   925   958 W SignalStrength: Size of signalstrength parcel:168
05-23 11:29:23.577   671   684 W SignalStrength: Size of signalstrength parcel:168
05-23 11:29:23.587   925   925 W SignalStrength: getLTELevel - rsrp:-77 snr:2147483647 rsrpIconLevel:4 snrIconLevel:-1
05-23 11:29:23.587   925   925 W SignalStrength: getLevel=4
05-23 11:29:23.587   671   671 W SignalStrength: getLTELevel - rsrp:-77 snr:2147483647 rsrpIconLevel:4 snrIconLevel:-1
05-23 11:29:23.587   671   671 W SignalStrength: getLevel=4
05-23 11:29:23.587   671   671 W SignalStrength: getLTELevel - rsrp:-77 snr:2147483647 rsrpIconLevel:4 snrIconLevel:-1
05-23 11:29:23.597   671   671 W SignalStrength: getLTELevel - rsrp:-77 snr:2147483647 rsrpIconLevel:4 snrIconLevel:-1
05-23 11:29:23.597   671   671 W SignalStrength: getLevel=4
05-23 11:29:23.597   671   671 W SignalStrength: getLTELevel - rsrp:-77 snr:2147483647 rsrpIconLevel:4 snrIconLevel:-1
05-23 11:29:23.597   671   671 W SignalStrength: getLTELevel - rsrp:-77 snr:2147483647 rsrpIconLevel:4 snrIconLevel:-1
05-23 11:29:23.597   700   700 D CAT     : CatService: handleMessage[10]
05-23 11:29:23.597   700   700 D CAT     : CatService: DISPLAY_TEXT
05-23 11:29:23.597   671   671 W SignalStrength: getLTELevel - rsrp:-77 snr:2147483647 rsrpIconLevel:4 snrIconLevel:-1
05-23 11:29:23.597   671   671 W SignalStrength: getLTELevel - rsrp:-77 snr:2147483647 rsrpIconLevel:4 snrIconLevel:-1
05-23 11:29:23.597   671   671 W SignalStrength: getLevel=4
05-23 11:29:23.607   700   700 D CAT     : CatService: broadcastCatCmdIntent isStkAppInstalled: true
05-23 11:29:23.607   700   700 D CAT     : CatService: Sending CmdMsg: com.android.internal.telephony.cat.CatCmdMessage@424049d8 on slotid:0
05-23 11:29:23.617   671   671 W SignalStrength: getLTELevel - rsrp:-77 snr:2147483647 rsrpIconLevel:4 snrIconLevel:-1
05-23 11:29:23.617   671   671 W SignalStrength: getLTELevel - rsrp:-77 snr:2147483647 rsrpIconLevel:4 snrIconLevel:-1
05-23 11:29:23.617   671   671 W SignalStrength: getLevel=4
05-23 11:29:23.617   700   700 D DCT     : [DcT(0)] onReceive: action=android.net.wifi.WIFI_STATE_CHANGED
05-23 11:29:23.617   700   700 D DCT     : [DcT(0)] WIFI_STATE_CHANGED_ACTION: enabled=false mIsWifiConnected=false
05-23 11:29:23.617   700   700 D DCT     : [DcT(1)] onReceive: action=android.net.wifi.WIFI_STATE_CHANGED
05-23 11:29:23.617   700   700 D DCT     : [DcT(1)] WIFI_STATE_CHANGED_ACTION: enabled=false mIsWifiConnected=false
05-23 11:29:23.697   700   700 D CAT     : StkCmdReceiver: handleAction, op: 1args: Bundle[{SLOT_ID=0, cmd message=com.android.internal.telephony.cat.CatCmdMessage@42407de0, op=1}], slot id: 0
05-23 11:29:23.697   700   700 D CAT     : com.android.stk.StkAppService: NOT CUCC
05-23 11:29:23.697   700   700 D CAT     : com.android.stk.StkAppService: StkAppService onStart is cucc: false
05-23 11:29:23.697   700   700 D CAT     : com.android.stk.StkAppService: onStart sim id: 0, op: 1, *****
05-23 11:29:23.697   700   700 D CAT     : StkAppService: init mPhone
05-23 11:29:23.697   700  1027 D CAT     : com.android.stk.StkAppService: handleMessage opcode[1], sim id[0]
05-23 11:29:23.697   700  1027 D CAT     : com.android.stk.StkAppService: cmdName[DISPLAY_TEXT]
05-23 11:29:23.697   700  1027 D CAT     : com.android.stk.StkAppService: [OP_CMD]
05-23 11:29:23.697   700  1027 D CAT     : com.android.stk.StkAppService: [handleCmd]DISPLAY_TEXT
05-23 11:29:23.707   700  1027 D CAT     : com.android.stk.StkAppService: launchTextDialog, slotId: 0
05-23 11:29:23.967   700   700 D DCT     : [DcT(0)] onReceive: action=android.net.wifi.WIFI_STATE_CHANGED
05-23 11:29:23.967   700   700 D DCT     : [DcT(0)] WIFI_STATE_CHANGED_ACTION: enabled=false mIsWifiConnected=false
05-23 11:29:23.967   671   671 W SignalStrength: getLTELevel - rsrp:-77 snr:2147483647 rsrpIconLevel:4 snrIconLevel:-1
05-23 11:29:23.967   671   671 W SignalStrength: getLTELevel - rsrp:-77 snr:2147483647 rsrpIconLevel:4 snrIconLevel:-1
05-23 11:29:23.967   671   671 W SignalStrength: getLevel=4
05-23 11:29:23.967   700   700 D DCT     : [DcT(1)] onReceive: action=android.net.wifi.WIFI_STATE_CHANGED
05-23 11:29:23.967   700   700 D DCT     : [DcT(1)] WIFI_STATE_CHANGED_ACTION: enabled=false mIsWifiConnected=false
05-23 11:29:24.018   700   700 D CAT     : StkDialogActivity: onCreate, sim id: 0
05-23 11:29:24.258   700   700 D CAT     : StkDialogActivity: onStart, sim id: 0
05-23 11:29:24.258   700   700 D CAT     : StkDialogActivity: onResume - mIsResponseSent[false], sim id: 0
05-23 11:29:24.258   700   700 D CAT     : StkDialogActivity: initFromIntent - [com.android.internal.telephony.cat.TextMessage@422a8d90], sim id: 0
05-23 11:29:24.268   700   700 D CAT     : StkDialogActivity: No Pending Alarm! OK to start timer...
05-23 11:29:24.268   700   700 D CAT     : StkDialogActivity: cancelTimeOut: 0
05-23 11:29:24.268   700   700 D CAT     : StkDialogActivity: startTimeOut: 0
05-23 11:29:24.318   700   700 D DCT     : [DcT(0)] updateDataActivity: curTxRxSum={txSum=86 rxSum=56} preTxRxSum={txSum=85 rxSum=55}
05-23 11:29:24.318   700   700 D DCT     : [DcT(0)] updateDataActivity: sent=1 received=1
05-23 11:29:24.318   700   700 D DCT     : [DcT(0)] updateDataActivity: newActivity=DATAINANDOUT
05-23 11:29:24.318   700   700 D CAT     : StkDialogActivity: onReceive, action=android.intent.action.SIM_STATE_CHANGED
05-23 11:29:24.318   671   671 W SignalStrength: getLTELevel - rsrp:-77 snr:2147483647 rsrpIconLevel:4 snrIconLevel:-1
05-23 11:29:24.318   671   671 W SignalStrength: getLTELevel - rsrp:-77 snr:2147483647 rsrpIconLevel:4 snrIconLevel:-1
05-23 11:29:24.318   671   671 W SignalStrength: getLevel=4
05-23 11:29:24.558   182   238 D use-Rlog/RLOG-AT: [0] Channel0: AT< +CESQ: 99,99,255,255,30,77
05-23 11:29:24.558   182   238 D use-Rlog/RLOG-RIL: [0] [unsl] +CESQ enter
05-23 11:29:24.558   182   238 D use-Rlog/RLOG-RILC: [0] [UNSL]< UNSOL_SIGNAL_STRENGTH {[signalStrength=99,bitErrorRate=-1,                CDMA_SS.dbm=-1,CDMA_SSecio=-1,                EVDO_SS.dbm=-1,EVDO_SS.ecio=-1,                EVDO_SS.signalNoiseRatio=-1,                LTE_SS.signalStrength=99,LTE_SS.rsrp=77,LTE_SS.rsrq=2147483647,                LTE_SS.rssnr=2147483647,LTE_SS.cqi=2147483647,TDSCDMA_SS.rscp=0]}
05-23 11:29:24.558   700   751 W SignalStrength: Size of signalstrength parcel:60
05-23 11:29:24.558   700   751 V RILJ    : [0][UNSL]< [0]UNSOL_SIGNAL_STRENGTH SignalStrength: 99 -1 -1 -1 -1 -1 -1 99 77 2147483647 2147483647 2147483647 gsm|lte
05-23 11:29:24.618   700   700 W SignalStrength: Signal before validate=SignalStrength: 99 -1 -1 -1 -1 -1 -1 99 77 2147483647 2147483647 2147483647 gsm|lte
05-23 11:29:24.628   700   700 W SignalStrength: Signal after validate=SignalStrength: 99 -1 -120 -160 -120 -1 -1 99 -77 2147483647 2147483647 2147483647 gsm|lte
05-23 11:29:24.628   592   602 W SignalStrength: Size of signalstrength parcel:164
05-23 11:29:24.628   592   602 W SignalStrength: getLTELevel - rsrp:-77 snr:2147483647 rsrpIconLevel:4 snrIconLevel:-1
05-23 11:29:24.628   671   942 W SignalStrength: Size of signalstrength parcel:168
05-23 11:29:24.628   925   958 W SignalStrength: Size of signalstrength parcel:168
05-23 11:29:24.628   671   671 W SignalStrength: getLTELevel - rsrp:-77 snr:2147483647 rsrpIconLevel:4 snrIconLevel:-1
05-23 11:29:24.628   671   671 W SignalStrength: getLevel=4
05-23 11:29:24.628   671   671 W SignalStrength: getLTELevel - rsrp:-77 snr:2147483647 rsrpIconLevel:4 snrIconLevel:-1
05-23 11:29:24.628   592   602 W SignalStrength: getLevel=4
05-23 11:29:24.628   925   925 W SignalStrength: getLTELevel - rsrp:-77 snr:2147483647 rsrpIconLevel:4 snrIconLevel:-1
05-23 11:29:24.628   925   925 W SignalStrength: getLevel=4
05-23 11:29:24.658   671   671 W SignalStrength: getLTELevel - rsrp:-77 snr:2147483647 rsrpIconLevel:4 snrIconLevel:-1
05-23 11:29:24.658   671   671 W SignalStrength: getLevel=4
05-23 11:29:24.658   671   671 W SignalStrength: getLTELevel - rsrp:-77 snr:2147483647 rsrpIconLevel:4 snrIconLevel:-1
05-23 11:29:24.658   671   671 W SignalStrength: getLTELevel - rsrp:-77 snr:2147483647 rsrpIconLevel:4 snrIconLevel:-1
05-23 11:29:24.658   671   671 W SignalStrength: getLTELevel - rsrp:-77 snr:2147483647 rsrpIconLevel:4 snrIconLevel:-1
05-23 11:29:24.668   671   671 W SignalStrength: getLTELevel - rsrp:-77 snr:2147483647 rsrpIconLevel:4 snrIconLevel:-1
05-23 11:29:24.668   671   671 W SignalStrength: getLevel=4
05-23 11:29:24.988   700   710 D TD      : switchWIFI in TDPhone.java
05-23 11:29:24.988   700   710 D RILJ    : [0]switchWIFI in RILJ!
05-23 11:29:24.988   700   710 D RILJ    : [0][4514]> RIL_REQUEST_SWITCH_WIFI
05-23 11:29:24.988   182   226 I use-Rlog/RLOG-RILC: [0] enter processCommandsCallback, socket type = 0
05-23 11:29:24.988   182   226 I use-Rlog/RLOG-RILC: [0] enter processCommandsCallback, socket type = 0
05-23 11:29:24.988   182   226 I use-Rlog/RLOG-RILC: [0] PCC  alloc one command p_record
05-23 11:29:24.988   182   758 D use-Rlog/RLOG-RILC: [0] PCB request code 5062 token 866
05-23 11:29:24.988   182   758 D use-Rlog/RLOG-RILC: [0] [0866]> SWITCH_WIFI (0)
05-23 11:29:24.988   182   758 D use-Rlog/RLOG-RIL: [0] onRequest: SWITCH_WIFI sState=4
05-23 11:29:24.988   182   758 D use-Rlog/RLOG-RIL: [0] channel1 state: '0' 
05-23 11:29:24.988   182   758 D use-Rlog/RLOG-RIL: [0] get Channel ID '1'
05-23 11:29:24.988   182   758 D use-Rlog/RLOG-RIL: [0] enter to handle event: RIL_REQUEST_SWITCH_WIFI
05-23 11:29:24.988   182   758 D use-Rlog/RLOG-RIL: [0] RIL_REQUEST_SWITCH_3_WIRE to data value: 4
05-23 11:29:24.988   182   758 D use-Rlog/RLOG-AT: [0] Channel1: AT> AT+SPCLB=4
05-23 11:29:24.988   182   238 D use-Rlog/RLOG-AT: [0] Channel1: AT< OK
05-23 11:29:24.988   182   758 D use-Rlog/RLOG-RIL: [0] response of RIL_REQUEST_SWITCH_WIFI: success!
05-23 11:29:24.988   182   758 D use-Rlog/RLOG-RILC: [0] [0866]< SWITCH_WIFI
05-23 11:29:24.988   182   758 D use-Rlog/RLOG-RIL: [0] put Channel ID '1'
05-23 11:29:24.988   182   758 I use-Rlog/RLOG-RILC: [0] -->CommandThread [758] free one command
05-23 11:29:24.988   700   751 D RILJ    : [0][4514]< RIL_REQUEST_SWITCH_WIFI 
05-23 11:29:25.319   700   700 D DCT     : [DcT(0)] updateDataActivity: curTxRxSum={txSum=86 rxSum=56} preTxRxSum={txSum=86 rxSum=56}
05-23 11:29:25.319   700   700 D DCT     : [DcT(0)] updateDataActivity: sent=0 received=0
05-23 11:29:25.319   700   700 D DCT     : [DcT(0)] updateDataActivity: newActivity=NONE
05-23 11:29:25.329   671   671 W SignalStrength: getLTELevel - rsrp:-77 snr:2147483647 rsrpIconLevel:4 snrIconLevel:-1
05-23 11:29:25.329   671   671 W SignalStrength: getLTELevel - rsrp:-77 snr:2147483647 rsrpIconLevel:4 snrIconLevel:-1
05-23 11:29:25.329   671   671 W SignalStrength: getLevel=4
05-23 11:29:25.559   182   238 D use-Rlog/RLOG-AT: [0] Channel0: AT< +CESQ: 99,99,255,255,30,77
05-23 11:29:25.559   182   238 D use-Rlog/RLOG-RIL: [0] [unsl] +CESQ enter
05-23 11:29:25.559   182   238 D use-Rlog/RLOG-RILC: [0] [UNSL]< UNSOL_SIGNAL_STRENGTH {[signalStrength=99,bitErrorRate=-1,                CDMA_SS.dbm=-1,CDMA_SSecio=-1,                EVDO_SS.dbm=-1,EVDO_SS.ecio=-1,                EVDO_SS.signalNoiseRatio=-1,                LTE_SS.signalStrength=99,LTE_SS.rsrp=77,LTE_SS.rsrq=2147483647,                LTE_SS.rssnr=2147483647,LTE_SS.cqi=2147483647,TDSCDMA_SS.rscp=0]}
05-23 11:29:25.559   700   751 W SignalStrength: Size of signalstrength parcel:60
05-23 11:29:25.559   700   751 V RILJ    : [0][UNSL]< [0]UNSOL_SIGNAL_STRENGTH SignalStrength: 99 -1 -1 -1 -1 -1 -1 99 77 2147483647 2147483647 2147483647 gsm|lte
05-23 11:29:25.569   700   700 W SignalStrength: Signal before validate=SignalStrength: 99 -1 -1 -1 -1 -1 -1 99 77 2147483647 2147483647 2147483647 gsm|lte
05-23 11:29:25.569   700   700 W SignalStrength: Signal after validate=SignalStrength: 99 -1 -120 -160 -120 -1 -1 99 -77 2147483647 2147483647 2147483647 gsm|lte
05-23 11:29:25.569   592   603 W SignalStrength: Size of signalstrength parcel:164
05-23 11:29:25.569   592   603 W SignalStrength: getLTELevel - rsrp:-77 snr:2147483647 rsrpIconLevel:4 snrIconLevel:-1
05-23 11:29:25.569   592   603 W SignalStrength: getLevel=4
05-23 11:29:25.569   925   958 W SignalStrength: Size of signalstrength parcel:168
05-23 11:29:25.569   671   687 W SignalStrength: Size of signalstrength parcel:168
05-23 11:29:25.569   925   925 W SignalStrength: getLTELevel - rsrp:-77 snr:2147483647 rsrpIconLevel:4 snrIconLevel:-1
05-23 11:29:25.569   925   925 W SignalStrength: getLevel=4
05-23 11:29:25.569   671   671 W SignalStrength: getLTELevel - rsrp:-77 snr:2147483647 rsrpIconLevel:4 snrIconLevel:-1
05-23 11:29:25.569   671   671 W SignalStrength: getLevel=4
05-23 11:29:25.569   671   671 W SignalStrength: getLTELevel - rsrp:-77 snr:2147483647 rsrpIconLevel:4 snrIconLevel:-1
05-23 11:29:25.579   671   671 W SignalStrength: getLTELevel - rsrp:-77 snr:2147483647 rsrpIconLevel:4 snrIconLevel:-1
05-23 11:29:25.579   671   671 W SignalStrength: getLevel=4
05-23 11:29:25.579   671   671 W SignalStrength: getLTELevel - rsrp:-77 snr:2147483647 rsrpIconLevel:4 snrIconLevel:-1
05-23 11:29:25.579   671   671 W SignalStrength: getLTELevel - rsrp:-77 snr:2147483647 rsrpIconLevel:4 snrIconLevel:-1
05-23 11:29:25.579   671   671 W SignalStrength: getLTELevel - rsrp:-77 snr:2147483647 rsrpIconLevel:4 snrIconLevel:-1
05-23 11:29:25.579   671   671 W SignalStrength: getLTELevel - rsrp:-77 snr:2147483647 rsrpIconLevel:4 snrIconLevel:-1
05-23 11:29:25.579   671   671 W SignalStrength: getLevel=4
05-23 11:29:26.340   700   700 D DCT     : [DcT(0)] updateDataActivity: curTxRxSum={txSum=86 rxSum=56} preTxRxSum={txSum=86 rxSum=56}
05-23 11:29:26.340   700   700 D DCT     : [DcT(0)] updateDataActivity: sent=0 received=0
05-23 11:29:26.570   182   238 D use-Rlog/RLOG-AT: [0] Channel0: AT< +CESQ: 99,99,255,255,30,77
05-23 11:29:26.570   182   238 D use-Rlog/RLOG-RIL: [0] [unsl] +CESQ enter
05-23 11:29:26.570   182   238 D use-Rlog/RLOG-RILC: [0] [UNSL]< UNSOL_SIGNAL_STRENGTH {[signalStrength=99,bitErrorRate=-1,                CDMA_SS.dbm=-1,CDMA_SSecio=-1,                EVDO_SS.dbm=-1,EVDO_SS.ecio=-1,                EVDO_SS.signalNoiseRatio=-1,                LTE_SS.signalStrength=99,LTE_SS.rsrp=77,LTE_SS.rsrq=2147483647,                LTE_SS.rssnr=2147483647,LTE_SS.cqi=2147483647,TDSCDMA_SS.rscp=0]}
05-23 11:29:26.570   700   751 W SignalStrength: Size of signalstrength parcel:60
05-23 11:29:26.570   700   751 V RILJ    : [0][UNSL]< [0]UNSOL_SIGNAL_STRENGTH SignalStrength: 99 -1 -1 -1 -1 -1 -1 99 77 2147483647 2147483647 2147483647 gsm|lte
05-23 11:29:26.570   700   700 W SignalStrength: Signal before validate=SignalStrength: 99 -1 -1 -1 -1 -1 -1 99 77 2147483647 2147483647 2147483647 gsm|lte
05-23 11:29:26.570   700   700 W SignalStrength: Signal after validate=SignalStrength: 99 -1 -120 -160 -120 -1 -1 99 -77 2147483647 2147483647 2147483647 gsm|lte
05-23 11:29:26.570   592   686 W SignalStrength: Size of signalstrength parcel:164
05-23 11:29:26.570   592   686 W SignalStrength: getLTELevel - rsrp:-77 snr:2147483647 rsrpIconLevel:4 snrIconLevel:-1
05-23 11:29:26.570   671   943 W SignalStrength: Size of signalstrength parcel:168
05-23 11:29:26.570   925   957 W SignalStrength: Size of signalstrength parcel:168
05-23 11:29:26.570   671   671 W SignalStrength: getLTELevel - rsrp:-77 snr:2147483647 rsrpIconLevel:4 snrIconLevel:-1
05-23 11:29:26.570   671   671 W SignalStrength: getLevel=4
05-23 11:29:26.570   671   671 W SignalStrength: getLTELevel - rsrp:-77 snr:2147483647 rsrpIconLevel:4 snrIconLevel:-1
05-23 11:29:26.570   592   686 W SignalStrength: getLevel=4
05-23 11:29:26.580   671   671 W SignalStrength: getLTELevel - rsrp:-77 snr:2147483647 rsrpIconLevel:4 snrIconLevel:-1
05-23 11:29:26.580   671   671 W SignalStrength: getLevel=4
05-23 11:29:26.580   671   671 W SignalStrength: getLTELevel - rsrp:-77 snr:2147483647 rsrpIconLevel:4 snrIconLevel:-1
05-23 11:29:26.590   671   671 W SignalStrength: getLTELevel - rsrp:-77 snr:2147483647 rsrpIconLevel:4 snrIconLevel:-1
05-23 11:29:26.590   671   671 W SignalStrength: getLTELevel - rsrp:-77 snr:2147483647 rsrpIconLevel:4 snrIconLevel:-1
05-23 11:29:26.600   671   671 W SignalStrength: getLTELevel - rsrp:-77 snr:2147483647 rsrpIconLevel:4 snrIconLevel:-1
05-23 11:29:26.600   671   671 W SignalStrength: getLevel=4
05-23 11:29:26.620   925   925 W SignalStrength: getLTELevel - rsrp:-77 snr:2147483647 rsrpIconLevel:4 snrIconLevel:-1
05-23 11:29:26.620   925   925 W SignalStrength: getLevel=4
05-23 11:29:26.820   700   934 D TD      : switchWIFI in TDPhone.java
05-23 11:29:26.820   700   934 D RILJ    : [0]switchWIFI in RILJ!
05-23 11:29:26.820   700   934 D RILJ    : [0][4515]> RIL_REQUEST_SWITCH_WIFI
05-23 11:29:26.830   182   226 I use-Rlog/RLOG-RILC: [0] enter processCommandsCallback, socket type = 0
05-23 11:29:26.830   182   226 I use-Rlog/RLOG-RILC: [0] enter processCommandsCallback, socket type = 0
05-23 11:29:26.830   182   226 I use-Rlog/RLOG-RILC: [0] PCC  alloc one command p_record
05-23 11:29:26.830   182   941 D use-Rlog/RLOG-RILC: [0] PCB request code 5062 token 867
05-23 11:29:26.830   182   941 D use-Rlog/RLOG-RILC: [0] [0867]> SWITCH_WIFI (1)
05-23 11:29:26.830   182   941 D use-Rlog/RLOG-RIL: [0] onRequest: SWITCH_WIFI sState=4
05-23 11:29:26.830   182   941 D use-Rlog/RLOG-RIL: [0] channel1 state: '0' 
05-23 11:29:26.830   182   941 D use-Rlog/RLOG-RIL: [0] get Channel ID '1'
05-23 11:29:26.830   182   941 D use-Rlog/RLOG-RIL: [0] enter to handle event: RIL_REQUEST_SWITCH_WIFI
05-23 11:29:26.830   182   941 D use-Rlog/RLOG-RIL: [0] RIL_REQUEST_SWITCH_3_WIRE to data value: 5
05-23 11:29:26.830   182   941 D use-Rlog/RLOG-AT: [0] Channel1: AT> AT+SPCLB=5
05-23 11:29:26.830   182   238 D use-Rlog/RLOG-AT: [0] Channel1: AT< OK
05-23 11:29:26.830   182   941 D use-Rlog/RLOG-RIL: [0] response of RIL_REQUEST_SWITCH_WIFI: success!
05-23 11:29:26.830   182   941 D use-Rlog/RLOG-RILC: [0] [0867]< SWITCH_WIFI
05-23 11:29:26.830   182   941 D use-Rlog/RLOG-RIL: [0] put Channel ID '1'
05-23 11:29:26.830   182   941 I use-Rlog/RLOG-RILC: [0] -->CommandThread [941] free one command
05-23 11:29:26.840   700   751 D RILJ    : [0][4515]< RIL_REQUEST_SWITCH_WIFI 
05-23 11:29:27.231   700   700 D DCT     : [DcT(0)] onReceive: action=android.net.wifi.WIFI_STATE_CHANGED
05-23 11:29:27.231   700   700 D DCT     : [DcT(0)] WIFI_STATE_CHANGED_ACTION: enabled=false mIsWifiConnected=false
05-23 11:29:27.231   700   700 D DCT     : [DcT(1)] onReceive: action=android.net.wifi.WIFI_STATE_CHANGED
05-23 11:29:27.231   671   671 W SignalStrength: getLTELevel - rsrp:-77 snr:2147483647 rsrpIconLevel:4 snrIconLevel:-1
05-23 11:29:27.231   700   700 D DCT     : [DcT(1)] WIFI_STATE_CHANGED_ACTION: enabled=false mIsWifiConnected=false
05-23 11:29:27.231   671   671 W SignalStrength: getLTELevel - rsrp:-77 snr:2147483647 rsrpIconLevel:4 snrIconLevel:-1
05-23 11:29:27.231   671   671 W SignalStrength: getLevel=4
05-23 11:29:27.341   700   700 D DCT     : [DcT(0)] updateDataActivity: curTxRxSum={txSum=92 rxSum=60} preTxRxSum={txSum=86 rxSum=56}
05-23 11:29:27.341   700   700 D DCT     : [DcT(0)] updateDataActivity: sent=6 received=4
05-23 11:29:27.341   700   700 D DCT     : [DcT(0)] updateDataActivity: newActivity=DATAINANDOUT
05-23 11:29:27.351   671   671 W SignalStrength: getLTELevel - rsrp:-77 snr:2147483647 rsrpIconLevel:4 snrIconLevel:-1
05-23 11:29:27.351   671   671 W SignalStrength: getLTELevel - rsrp:-77 snr:2147483647 rsrpIconLevel:4 snrIconLevel:-1
05-23 11:29:27.351   671   671 W SignalStrength: getLevel=4
05-23 11:29:27.561   182   238 D use-Rlog/RLOG-AT: [0] Channel0: AT< +CESQ: 99,99,255,255,30,78
05-23 11:29:27.561   182   238 D use-Rlog/RLOG-RIL: [0] [unsl] +CESQ enter
05-23 11:29:27.561   182   238 D use-Rlog/RLOG-RILC: [0] [UNSL]< UNSOL_SIGNAL_STRENGTH {[signalStrength=99,bitErrorRate=-1,                CDMA_SS.dbm=-1,CDMA_SSecio=-1,                EVDO_SS.dbm=-1,EVDO_SS.ecio=-1,                EVDO_SS.signalNoiseRatio=-1,                LTE_SS.signalStrength=99,LTE_SS.rsrp=78,LTE_SS.rsrq=2147483647,                LTE_SS.rssnr=2147483647,LTE_SS.cqi=2147483647,TDSCDMA_SS.rscp=0]}
05-23 11:29:27.561   700   751 W SignalStrength: Size of signalstrength parcel:60
05-23 11:29:27.561   700   751 V RILJ    : [0][UNSL]< [0]UNSOL_SIGNAL_STRENGTH SignalStrength: 99 -1 -1 -1 -1 -1 -1 99 78 2147483647 2147483647 2147483647 gsm|lte
05-23 11:29:27.561   700   700 W SignalStrength: Signal before validate=SignalStrength: 99 -1 -1 -1 -1 -1 -1 99 78 2147483647 2147483647 2147483647 gsm|lte
05-23 11:29:27.561   700   700 W SignalStrength: Signal after validate=SignalStrength: 99 -1 -120 -160 -120 -1 -1 99 -78 2147483647 2147483647 2147483647 gsm|lte
05-23 11:29:27.561   592  1394 W SignalStrength: Size of signalstrength parcel:164
05-23 11:29:27.561   592  1394 W SignalStrength: getLTELevel - rsrp:-78 snr:2147483647 rsrpIconLevel:4 snrIconLevel:-1
05-23 11:29:27.571   671   687 W SignalStrength: Size of signalstrength parcel:168
05-23 11:29:27.571   925   958 W SignalStrength: Size of signalstrength parcel:168
05-23 11:29:27.571   671   671 W SignalStrength: getLTELevel - rsrp:-78 snr:2147483647 rsrpIconLevel:4 snrIconLevel:-1
05-23 11:29:27.571   671   671 W SignalStrength: getLevel=4
05-23 11:29:27.571   671   671 W SignalStrength: getLTELevel - rsrp:-78 snr:2147483647 rsrpIconLevel:4 snrIconLevel:-1
05-23 11:29:27.571   592  1394 W SignalStrength: getLevel=4
05-23 11:29:27.601   671   671 W SignalStrength: getLTELevel - rsrp:-78 snr:2147483647 rsrpIconLevel:4 snrIconLevel:-1
05-23 11:29:27.601   671   671 W SignalStrength: getLevel=4
05-23 11:29:27.601   671   671 W SignalStrength: getLTELevel - rsrp:-78 snr:2147483647 rsrpIconLevel:4 snrIconLevel:-1
05-23 11:29:27.601   671   671 W SignalStrength: getLTELevel - rsrp:-78 snr:2147483647 rsrpIconLevel:4 snrIconLevel:-1
05-23 11:29:27.601   671   671 W SignalStrength: getLTELevel - rsrp:-78 snr:2147483647 rsrpIconLevel:4 snrIconLevel:-1
05-23 11:29:27.601   671   671 W SignalStrength: getLTELevel - rsrp:-78 snr:2147483647 rsrpIconLevel:4 snrIconLevel:-1
05-23 11:29:27.601   671   671 W SignalStrength: getLevel=4
05-23 11:29:27.621   925   925 W SignalStrength: getLTELevel - rsrp:-78 snr:2147483647 rsrpIconLevel:4 snrIconLevel:-1
05-23 11:29:27.621   925   925 W SignalStrength: getLevel=4
05-23 11:29:28.392   700   700 D DCT     : [DcT(0)] updateDataActivity: curTxRxSum={txSum=92 rxSum=60} preTxRxSum={txSum=92 rxSum=60}
05-23 11:29:28.392   700   700 D DCT     : [DcT(0)] updateDataActivity: sent=0 received=0
05-23 11:29:28.392   700   700 D DCT     : [DcT(0)] updateDataActivity: newActivity=NONE
05-23 11:29:28.392   671   671 W SignalStrength: getLTELevel - rsrp:-78 snr:2147483647 rsrpIconLevel:4 snrIconLevel:-1
05-23 11:29:28.402   671   671 W SignalStrength: getLTELevel - rsrp:-78 snr:2147483647 rsrpIconLevel:4 snrIconLevel:-1
05-23 11:29:28.402   671   671 W SignalStrength: getLevel=4
05-23 11:29:28.462   700   700 D DCT     : [DcT(0)] onReceive: action=android.net.wifi.WIFI_STATE_CHANGED
05-23 11:29:28.482   700   700 D DCT     : [DcT(0)] WIFI_STATE_CHANGED_ACTION: enabled=true mIsWifiConnected=false
05-23 11:29:28.482   700   700 D DCT     : [DcT(1)] onReceive: action=android.net.wifi.WIFI_STATE_CHANGED
05-23 11:29:28.482   700   700 D DCT     : [DcT(1)] WIFI_STATE_CHANGED_ACTION: enabled=true mIsWifiConnected=false
05-23 11:29:28.492   671   671 W SignalStrength: getLTELevel - rsrp:-78 snr:2147483647 rsrpIconLevel:4 snrIconLevel:-1
05-23 11:29:28.492   671   671 W SignalStrength: getLTELevel - rsrp:-78 snr:2147483647 rsrpIconLevel:4 snrIconLevel:-1
05-23 11:29:28.492   671   671 W SignalStrength: getLevel=4
05-23 11:29:28.572   182   238 D use-Rlog/RLOG-AT: [0] Channel0: AT< +CESQ: 99,99,255,255,30,78
05-23 11:29:28.572   182   238 D use-Rlog/RLOG-RIL: [0] [unsl] +CESQ enter
05-23 11:29:28.572   182   238 D use-Rlog/RLOG-RILC: [0] [UNSL]< UNSOL_SIGNAL_STRENGTH {[signalStrength=99,bitErrorRate=-1,                CDMA_SS.dbm=-1,CDMA_SSecio=-1,                EVDO_SS.dbm=-1,EVDO_SS.ecio=-1,                EVDO_SS.signalNoiseRatio=-1,                LTE_SS.signalStrength=99,LTE_SS.rsrp=78,LTE_SS.rsrq=2147483647,                LTE_SS.rssnr=2147483647,LTE_SS.cqi=2147483647,TDSCDMA_SS.rscp=0]}
05-23 11:29:28.572   700   751 W SignalStrength: Size of signalstrength parcel:60
05-23 11:29:28.572   700   751 V RILJ    : [0][UNSL]< [0]UNSOL_SIGNAL_STRENGTH SignalStrength: 99 -1 -1 -1 -1 -1 -1 99 78 2147483647 2147483647 2147483647 gsm|lte
05-23 11:29:28.572   700   700 W SignalStrength: Signal before validate=SignalStrength: 99 -1 -1 -1 -1 -1 -1 99 78 2147483647 2147483647 2147483647 gsm|lte
05-23 11:29:28.572   700   700 W SignalStrength: Signal after validate=SignalStrength: 99 -1 -120 -160 -120 -1 -1 99 -78 2147483647 2147483647 2147483647 gsm|lte
05-23 11:29:28.572   592  1401 W SignalStrength: Size of signalstrength parcel:164
05-23 11:29:28.592   592  1401 W SignalStrength: getLTELevel - rsrp:-78 snr:2147483647 rsrpIconLevel:4 snrIconLevel:-1
05-23 11:29:28.592   671   942 W SignalStrength: Size of signalstrength parcel:168
05-23 11:29:28.592   925   957 W SignalStrength: Size of signalstrength parcel:168
05-23 11:29:28.592   671   671 W SignalStrength: getLTELevel - rsrp:-78 snr:2147483647 rsrpIconLevel:4 snrIconLevel:-1
05-23 11:29:28.592   671   671 W SignalStrength: getLevel=4
05-23 11:29:28.592   671   671 W SignalStrength: getLTELevel - rsrp:-78 snr:2147483647 rsrpIconLevel:4 snrIconLevel:-1
05-23 11:29:28.592   925   925 W SignalStrength: getLTELevel - rsrp:-78 snr:2147483647 rsrpIconLevel:4 snrIconLevel:-1
05-23 11:29:28.592   592  1401 W SignalStrength: getLevel=4
05-23 11:29:28.592   925   925 W SignalStrength: getLevel=4
05-23 11:29:28.602   671   671 W SignalStrength: getLTELevel - rsrp:-78 snr:2147483647 rsrpIconLevel:4 snrIconLevel:-1
05-23 11:29:28.602   671   671 W SignalStrength: getLevel=4
05-23 11:29:28.602   671   671 W SignalStrength: getLTELevel - rsrp:-78 snr:2147483647 rsrpIconLevel:4 snrIconLevel:-1
05-23 11:29:28.602   671   671 W SignalStrength: getLTELevel - rsrp:-78 snr:2147483647 rsrpIconLevel:4 snrIconLevel:-1
05-23 11:29:28.602   671   671 W SignalStrength: getLTELevel - rsrp:-78 snr:2147483647 rsrpIconLevel:4 snrIconLevel:-1
05-23 11:29:28.602   671   671 W SignalStrength: getLTELevel - rsrp:-78 snr:2147483647 rsrpIconLevel:4 snrIconLevel:-1
05-23 11:29:28.602   671   671 W SignalStrength: getLevel=4
05-23 11:29:28.612   700   700 D DCT     : [DcT(0)] onReceive: action=android.net.wifi.STATE_CHANGE
05-23 11:29:28.622   700   700 D DCT     : [DcT(0)] NETWORK_STATE_CHANGED_ACTION: mIsWifiConnected=false
05-23 11:29:28.622   700   700 D DCT     : [DcT(1)] onReceive: action=android.net.wifi.STATE_CHANGE
05-23 11:29:28.622   700   700 D DCT     : [DcT(1)] NETWORK_STATE_CHANGED_ACTION: mIsWifiConnected=false
05-23 11:29:28.622   671   671 W SignalStrength: getLTELevel - rsrp:-78 snr:2147483647 rsrpIconLevel:4 snrIconLevel:-1
05-23 11:29:28.622   671   671 W SignalStrength: getLTELevel - rsrp:-78 snr:2147483647 rsrpIconLevel:4 snrIconLevel:-1
05-23 11:29:28.622   671   671 W SignalStrength: getLevel=4
05-23 11:29:28.642   700   700 D DCT     : [DcT(0)] onReceive: action=android.net.wifi.WIFI_STATE_CHANGED
05-23 11:29:28.642   700   700 D DCT     : [DcT(0)] WIFI_STATE_CHANGED_ACTION: enabled=false mIsWifiConnected=false
05-23 11:29:28.642   700   700 D DCT     : [DcT(1)] onReceive: action=android.net.wifi.WIFI_STATE_CHANGED
05-23 11:29:28.642   700   700 D DCT     : [DcT(1)] WIFI_STATE_CHANGED_ACTION: enabled=false mIsWifiConnected=false
05-23 11:29:28.642   671   671 W SignalStrength: getLTELevel - rsrp:-78 snr:2147483647 rsrpIconLevel:4 snrIconLevel:-1
05-23 11:29:28.642   671   671 W SignalStrength: getLTELevel - rsrp:-78 snr:2147483647 rsrpIconLevel:4 snrIconLevel:-1
05-23 11:29:28.642   671   671 W SignalStrength: getLevel=4
05-23 11:29:28.772   700   700 D CAT     : StkCmdReceiver: handleAction, op: 4args: Bundle[{SLOT_ID=0, op=4}], slot id: 0
05-23 11:29:28.772   700   700 D CAT     : com.android.stk.StkAppService: NOT CUCC
05-23 11:29:28.782   700   700 D CAT     : com.android.stk.StkAppService: StkAppService onStart is cucc: false
05-23 11:29:28.782   700   700 D CAT     : com.android.stk.StkAppService: onStart sim id: 0, op: 4, *****
05-23 11:29:28.782   700   700 D CAT     : StkAppService: init mPhone
05-23 11:29:28.792   700  1027 D CAT     : com.android.stk.StkAppService: handleMessage opcode[4], sim id[0]
05-23 11:29:28.792   700   700 D CAT     : BootCompletedReceiver: action:android.intent.action.SERVICE_STATE
05-23 11:29:28.792   700   700 D CAT     : com.android.stk.StkAppService: NOT CUCC
05-23 11:29:28.792   700   700 D CAT     : BootCompletedReceiver: isCUCC: false and isAirPlaneModeOn: false
05-23 11:29:28.792   700   700 D CAT     : BootCompletedReceiver: simCount: 2
05-23 11:29:28.802   700   700 D CAT     : BootCompletedReceiver: SIM 0 isStandby = true
05-23 11:29:28.802   700   700 D CAT     : BootCompletedReceiver: SIM 0 is inserted.
05-23 11:29:28.802   700   700 D CAT     : BootCompletedReceiver: mTm.hasIccCard() =true
05-23 11:29:28.802   700   700 D CAT     : BootCompletedReceiver: appservice =com.android.stk.StkAppService@423898f0
05-23 11:29:28.802   700   700 D CAT     : BootCompletedReceiver: SIM 0 is ready.
05-23 11:29:28.802   700   700 D CAT     : StkAppInstaller: [setAppState] === install
05-23 11:29:28.802   700   700 D CAT     : StkAppInstaller: cName = ComponentInfo{com.android.stk/com.android.stk.StkMain}
05-23 11:29:28.802   700   700 D CAT     : StkAppInstaller: state = 1
05-23 11:29:28.802   700   700 D CAT     : StkAppInstaller: context = android.app.ReceiverRestrictedContext@422f8b78
05-23 11:29:28.802   700   700 D CAT     : StkAppInstaller: Do not need to change STK app state
05-23 11:29:28.802   700   700 D CAT     : StkAppInstaller: [setAppState]-
05-23 11:29:28.842   700   700 D DCT     : [DcT(0)] onReceive: action=android.net.wifi.WIFI_STATE_CHANGED
05-23 11:29:28.852   700   700 D DCT     : [DcT(0)] WIFI_STATE_CHANGED_ACTION: enabled=false mIsWifiConnected=false
05-23 11:29:28.852   671   671 W SignalStrength: getLTELevel - rsrp:-78 snr:2147483647 rsrpIconLevel:4 snrIconLevel:-1
05-23 11:29:28.852   700   700 D DCT     : [DcT(1)] onReceive: action=android.net.wifi.WIFI_STATE_CHANGED
05-23 11:29:28.852   700   700 D DCT     : [DcT(1)] WIFI_STATE_CHANGED_ACTION: enabled=false mIsWifiConnected=false
05-23 11:29:28.852   671   671 W SignalStrength: getLTELevel - rsrp:-78 snr:2147483647 rsrpIconLevel:4 snrIconLevel:-1
05-23 11:29:28.852   671   671 W SignalStrength: getLevel=4
05-23 11:29:29.032  1626  1626 D TelephonyManager: No /proc/cmdline exception=java.io.FileNotFoundException: /proc/cmdline: open failed: EACCES (Permission denied)
05-23 11:29:29.032  1626  1626 D TelephonyManager: /proc/cmdline=
05-23 11:29:29.413   700   700 D DCT     : [DcT(0)] updateDataActivity: curTxRxSum={txSum=92 rxSum=60} preTxRxSum={txSum=92 rxSum=60}
05-23 11:29:29.413   700   700 D DCT     : [DcT(0)] updateDataActivity: sent=0 received=0
05-23 11:29:29.433  1638  1638 D TelephonyManager: No /proc/cmdline exception=java.io.FileNotFoundException: /proc/cmdline: open failed: EACCES (Permission denied)
05-23 11:29:29.433  1638  1638 D TelephonyManager: /proc/cmdline=
05-23 11:29:29.563   182   238 D use-Rlog/RLOG-AT: [0] Channel0: AT< +CESQ: 99,99,255,255,30,78
05-23 11:29:29.563   182   238 D use-Rlog/RLOG-RIL: [0] [unsl] +CESQ enter
05-23 11:29:29.563   182   238 D use-Rlog/RLOG-RILC: [0] [UNSL]< UNSOL_SIGNAL_STRENGTH {[signalStrength=99,bitErrorRate=-1,                CDMA_SS.dbm=-1,CDMA_SSecio=-1,                EVDO_SS.dbm=-1,EVDO_SS.ecio=-1,                EVDO_SS.signalNoiseRatio=-1,                LTE_SS.signalStrength=99,LTE_SS.rsrp=78,LTE_SS.rsrq=2147483647,                LTE_SS.rssnr=2147483647,LTE_SS.cqi=2147483647,TDSCDMA_SS.rscp=0]}
05-23 11:29:29.563   700   751 W SignalStrength: Size of signalstrength parcel:60
05-23 11:29:29.573   700   751 V RILJ    : [0][UNSL]< [0]UNSOL_SIGNAL_STRENGTH SignalStrength: 99 -1 -1 -1 -1 -1 -1 99 78 2147483647 2147483647 2147483647 gsm|lte
05-23 11:29:29.573   700   700 W SignalStrength: Signal before validate=SignalStrength: 99 -1 -1 -1 -1 -1 -1 99 78 2147483647 2147483647 2147483647 gsm|lte
05-23 11:29:29.573   700   700 W SignalStrength: Signal after validate=SignalStrength: 99 -1 -120 -160 -120 -1 -1 99 -78 2147483647 2147483647 2147483647 gsm|lte
05-23 11:29:29.573   592  1401 W SignalStrength: Size of signalstrength parcel:164
