05-23 11:29:31.475   182   941 I use-Rlog/RLOG-RILC: [0] -->CommandThread [941] free one command
05-23 11:29:31.485   700   751 D RILJ    : [0][4523]< RIL_REQUEST_GSM_SET_BROADCAST_CONFIG 
05-23 11:29:31.505   700   713 D RILJ    : [0][4524]> RIL_REQUEST_GSM_BROADCAST_ACTIVATION
05-23 11:29:31.505   182   226 I use-Rlog/RLOG-RILC: [0] enter processCommandsCallback, socket type = 0
05-23 11:29:31.505   182   226 I use-Rlog/RLOG-RILC: [0] enter processCommandsCallback, socket type = 0
05-23 11:29:31.505   182   226 I use-Rlog/RLOG-RILC: [0] PCC  alloc one command p_record
05-23 11:29:31.505   182   758 D use-Rlog/RLOG-RILC: [0] PCB request code 91 token 876
05-23 11:29:31.505   182   758 D use-Rlog/RLOG-RILC: [0] [0876]> GSM_SMS_BROADCAST_ACTIVATION (0)
05-23 11:29:31.505   182   758 D use-Rlog/RLOG-RIL: [0] onRequest: GSM_SMS_BROADCAST_ACTIVATION sState=4
05-23 11:29:31.505   182   758 D use-Rlog/RLOG-RIL: [0] channel1 state: '0' 
05-23 11:29:31.505   182   758 D use-Rlog/RLOG-RIL: [0] get Channel ID '1'
05-23 11:29:31.505   182   758 I use-Rlog/RLOG-RIL: [0] Reference-ril. datalen: 4 ,active 0
05-23 11:29:31.505   182   758 D use-Rlog/RLOG-AT: [0] Channel1: AT> AT+CSCB=0
05-23 11:29:31.505   182   238 D use-Rlog/RLOG-AT: [0] Channel1: AT< OK
05-23 11:29:31.505   182   758 I use-Rlog/RLOG-RIL: [0] requestSmsBroadcastActivation err 0 ,success 1
05-23 11:29:31.505   182   758 D use-Rlog/RLOG-RILC: [0] [0876]< GSM_SMS_BROADCAST_ACTIVATION
05-23 11:29:31.505   182   758 D use-Rlog/RLOG-RIL: [0] put Channel ID '1'
05-23 11:29:31.505   182   758 I use-Rlog/RLOG-RILC: [0] -->CommandThread [758] free one command
05-23 11:29:31.505   700   751 D RILJ    : [0][4524]< RIL_REQUEST_GSM_BROADCAST_ACTIVATION 
05-23 11:29:31.515   700  1261 D RILJ    : [0][4525]> RIL_REQUEST_GSM_SET_BROADCAST_CONFIG with 4 configs : 
05-23 11:29:31.515   700  1261 D RILJ    : [0]SmsBroadcastConfigInfo: Id [4352,4354] Code [0,255] ENABLED
05-23 11:29:31.515   700  1261 D RILJ    : [0]SmsBroadcastConfigInfo: Id [4356,4356] Code [0,255] ENABLED
05-23 11:29:31.515   700  1261 D RILJ    : [0]SmsBroadcastConfigInfo: Id [4371,4378] Code [0,255] ENABLED
05-23 11:29:31.515   700  1261 D RILJ    : [0]SmsBroadcastConfigInfo: Id [4379,4379] Code [0,255] ENABLED
05-23 11:29:31.515   182   226 I use-Rlog/RLOG-RILC: [0] enter processCommandsCallback, socket type = 0
05-23 11:29:31.515   182   226 I use-Rlog/RLOG-RILC: [0] enter processCommandsCallback, socket type = 0
05-23 11:29:31.515   182   226 I use-Rlog/RLOG-RILC: [0] PCC  alloc one command p_record
05-23 11:29:31.515   182   941 D use-Rlog/RLOG-RILC: [0] PCB request code 90 token 877
05-23 11:29:31.515   182   941 D use-Rlog/RLOG-RIL: [0] onRequest: GSM_SET_BROADCAST_SMS_CONFIG sState=4
05-23 11:29:31.515   182   941 D use-Rlog/RLOG-RIL: [0] channel1 state: '0' 
05-23 11:29:31.515   182   941 D use-Rlog/RLOG-RIL: [0] get Channel ID '1'
05-23 11:29:31.515   182   941 D use-Rlog/RLOG-RIL: [0] Reference-ril. requestSetSmsBroadcastConfig 16 ,count 4
05-23 11:29:31.515   182   941 I use-Rlog/RLOG-RIL: [0] Reference-ril. setSmsBroadcastConfigValue value 4352
05-23 11:29:31.515   182   941 I use-Rlog/RLOG-RIL: [0] Reference-ril. setSmsBroadcastConfigValue value 4352
05-23 11:29:31.515   182   941 I use-Rlog/RLOG-RIL: [0] Reference-ril. setSmsBroadcastConfigValue out_value 4352
05-23 11:29:31.515   182   941 I use-Rlog/RLOG-RIL: [0] Reference-ril. setSmsBroadcastConfigData  
05-23 11:29:31.515   182   941 I use-Rlog/RLOG-RIL: [0] Reference-ril. setSmsBroadcastConfigData (1) 
05-23 11:29:31.515   182   941 I use-Rlog/RLOG-RIL: [0] Reference-ril. setSmsBroadcastConfigData  ret_char "4352 , len 5
05-23 11:29:31.515   182   941 I use-Rlog/RLOG-RIL: [0] Reference-ril. requestSetSmsBroadcastConfig channel "4352 ,5 
05-23 11:29:31.515   182   941 I use-Rlog/RLOG-RIL: [0] Reference-ril. setSmsBroadcastConfigValue value 4354
05-23 11:29:31.515   182   941 I use-Rlog/RLOG-RIL: [0] Reference-ril. setSmsBroadcastConfigValue value 4354
05-23 11:29:31.515   182   941 I use-Rlog/RLOG-RIL: [0] Reference-ril. setSmsBroadcastConfigValue out_value 4354
05-23 11:29:31.515   182   941 I use-Rlog/RLOG-RIL: [0] Reference-ril. setSmsBroadcastConfigData  
05-23 11:29:31.515   182   941 I use-Rlog/RLOG-RIL: [0] Reference-ril. setSmsBroadcastConfigData (1) 
05-23 11:29:31.515   182   941 I use-Rlog/RLOG-RIL: [0] Reference-ril. setSmsBroadcastConfigData  ret_char -4354 , len 5
05-23 11:29:31.515   182   941 I use-Rlog/RLOG-RIL: [0] Reference-ril. requestSetSmsBroadcastConfig channel "4352-4354 ,10
05-23 11:29:31.515   182   941 I use-Rlog/RLOG-RIL: [0] Reference-ril. setSmsBroadcastConfigValue value 0
05-23 11:29:31.515   182   941 I use-Rlog/RLOG-RIL: [0] Reference-ril. setSmsBroadcastConfigValue value 0
05-23 11:29:31.515   182   941 I use-Rlog/RLOG-RIL: [0] Reference-ril. setSmsBroadcastConfigValue out_value 0
05-23 11:29:31.515   182   941 I use-Rlog/RLOG-RIL: [0] Reference-ril. setSmsBroadcastConfigData  
05-23 11:29:31.515   182   941 I use-Rlog/RLOG-RIL: [0] Reference-ril. setSmsBroadcastConfigData (1) 
05-23 11:29:31.515   182   941 I use-Rlog/RLOG-RIL: [0] Reference-ril. setSmsBroadcastConfigData  ret_char "0 , len 2
05-23 11:29:31.515   182   941 I use-Rlog/RLOG-RIL: [0] Reference-ril. requestSetSmsBroadcastConfig lang "0, 2
05-23 11:29:31.515   182   941 I use-Rlog/RLOG-RIL: [0] Reference-ril. setSmsBroadcastConfigValue value 255
05-23 11:29:31.515   182   941 I use-Rlog/RLOG-RIL: [0] Reference-ril. setSmsBroadcastConfigValue value 255
05-23 11:29:31.515   182   941 I use-Rlog/RLOG-RIL: [0] Reference-ril. setSmsBroadcastConfigValue out_value 255
05-23 11:29:31.515   182   941 I use-Rlog/RLOG-RIL: [0] Reference-ril. setSmsBroadcastConfigData  
05-23 11:29:31.515   182   941 I use-Rlog/RLOG-RIL: [0] Reference-ril. setSmsBroadcastConfigData (1) 
05-23 11:29:31.515   182   941 I use-Rlog/RLOG-RIL: [0] Reference-ril. setSmsBroadcastConfigData  ret_char -255 , len 4
05-23 11:29:31.515   182   941 I use-Rlog/RLOG-RIL: [0] Reference-ril. requestSetSmsBroadcastConfig lang "0-255, 6
05-23 11:29:31.515   182   941 I use-Rlog/RLOG-RIL: [0] Reference-ril. setSmsBroadcastConfigValue value 4356
05-23 11:29:31.515   182   941 I use-Rlog/RLOG-RIL: [0] Reference-ril. setSmsBroadcastConfigValue value 4356
05-23 11:29:31.515   182   941 I use-Rlog/RLOG-RIL: [0] Reference-ril. setSmsBroadcastConfigValue out_value 4356
05-23 11:29:31.515   182   941 I use-Rlog/RLOG-RIL: [0] Reference-ril. setSmsBroadcastConfigData  
05-23 11:29:31.515   182   941 I use-Rlog/RLOG-RIL: [0] Reference-ril. setSmsBroadcastConfigData (1) 
05-23 11:29:31.515   182   941 I use-Rlog/RLOG-RIL: [0] Reference-ril. setSmsBroadcastConfigData  ret_char ,4356 , len 5
05-23 11:29:31.515   182   941 I use-Rlog/RLOG-RIL: [0] Reference-ril. requestSetSmsBroadcastConfig channel "4352-4354,4356 ,15 
05-23 11:29:31.515   182   941 I use-Rlog/RLOG-RIL: [0] Reference-ril. setSmsBroadcastConfigValue value 0
05-23 11:29:31.515   182   941 I use-Rlog/RLOG-RIL: [0] Reference-ril. setSmsBroadcastConfigValue value 0
05-23 11:29:31.515   182   941 I use-Rlog/RLOG-RIL: [0] Reference-ril. setSmsBroadcastConfigValue out_value 0
05-23 11:29:31.515   182   941 I use-Rlog/RLOG-RIL: [0] Reference-ril. setSmsBroadcastConfigData  
05-23 11:29:31.515   182   941 I use-Rlog/RLOG-RIL: [0] Reference-ril. setSmsBroadcastConfigData (1) 
05-23 11:29:31.515   182   941 I use-Rlog/RLOG-RIL: [0] Reference-ril. setSmsBroadcastConfigData  ret_char ,0 , len 2
05-23 11:29:31.515   182   941 I use-Rlog/RLOG-RIL: [0] Reference-ril. requestSetSmsBroadcastConfig lang "0-255,0, 8
05-23 11:29:31.515   182   941 I use-Rlog/RLOG-RIL: [0] Reference-ril. setSmsBroadcastConfigValue value 255
05-23 11:29:31.515   182   941 I use-Rlog/RLOG-RIL: [0] Reference-ril. setSmsBroadcastConfigValue value 255
05-23 11:29:31.515   182   941 I use-Rlog/RLOG-RIL: [0] Reference-ril. setSmsBroadcastConfigValue out_value 255
05-23 11:29:31.515   182   941 I use-Rlog/RLOG-RIL: [0] Reference-ril. setSmsBroadcastConfigData  
05-23 11:29:31.515   182   941 I use-Rlog/RLOG-RIL: [0] Reference-ril. setSmsBroadcastConfigData (1) 
05-23 11:29:31.515   182   941 I use-Rlog/RLOG-RIL: [0] Reference-ril. setSmsBroadcastConfigData  ret_char -255 , len 4
05-23 11:29:31.515   182   941 I use-Rlog/RLOG-RIL: [0] Reference-ril. requestSetSmsBroadcastConfig lang "0-255,0-255, 12
05-23 11:29:31.515   182   941 I use-Rlog/RLOG-RIL: [0] Reference-ril. setSmsBroadcastConfigValue value 4371
05-23 11:29:31.515   182   941 I use-Rlog/RLOG-RIL: [0] Reference-ril. setSmsBroadcastConfigValue value 4371
05-23 11:29:31.515   182   941 I use-Rlog/RLOG-RIL: [0] Reference-ril. setSmsBroadcastConfigValue out_value 4371
05-23 11:29:31.515   182   941 I use-Rlog/RLOG-RIL: [0] Reference-ril. setSmsBroadcastConfigData  
05-23 11:29:31.515   182   941 I use-Rlog/RLOG-RIL: [0] Reference-ril. setSmsBroadcastConfigData (1) 
05-23 11:29:31.515   182   941 I use-Rlog/RLOG-RIL: [0] Reference-ril. setSmsBroadcastConfigData  ret_char ,4371 , len 5
05-23 11:29:31.515   182   941 I use-Rlog/RLOG-RIL: [0] Reference-ril. requestSetSmsBroadcastConfig channel "4352-4354,4356,4371 ,20 
05-23 11:29:31.515   182   941 I use-Rlog/RLOG-RIL: [0] Reference-ril. setSmsBroadcastConfigValue value 4378
05-23 11:29:31.515   182   941 I use-Rlog/RLOG-RIL: [0] Reference-ril. setSmsBroadcastConfigValue value 4378
05-23 11:29:31.515   182   941 I use-Rlog/RLOG-RIL: [0] Reference-ril. setSmsBroadcastConfigValue out_value 4378
05-23 11:29:31.515   182   941 I use-Rlog/RLOG-RIL: [0] Reference-ril. setSmsBroadcastConfigData  
05-23 11:29:31.515   182   941 I use-Rlog/RLOG-RIL: [0] Reference-ril. setSmsBroadcastConfigData (1) 
05-23 11:29:31.515   182   941 I use-Rlog/RLOG-RIL: [0] Reference-ril. setSmsBroadcastConfigData  ret_char -4378 , len 5
05-23 11:29:31.515   182   941 I use-Rlog/RLOG-RIL: [0] Reference-ril. requestSetSmsBroadcastConfig channel "4352-4354,4356,4371-4378 ,25
05-23 11:29:31.515   182   941 I use-Rlog/RLOG-RIL: [0] Reference-ril. setSmsBroadcastConfigValue value 0
05-23 11:29:31.515   182   941 I use-Rlog/RLOG-RIL: [0] Reference-ril. setSmsBroadcastConfigValue value 0
05-23 11:29:31.515   182   941 I use-Rlog/RLOG-RIL: [0] Reference-ril. setSmsBroadcastConfigValue out_value 0
05-23 11:29:31.515   182   941 I use-Rlog/RLOG-RIL: [0] Reference-ril. setSmsBroadcastConfigData  
05-23 11:29:31.515   182   941 I use-Rlog/RLOG-RIL: [0] Reference-ril. setSmsBroadcastConfigData (1) 
05-23 11:29:31.515   182   941 I use-Rlog/RLOG-RIL: [0] Reference-ril. setSmsBroadcastConfigData  ret_char ,0 , len 2
05-23 11:29:31.515   182   941 I use-Rlog/RLOG-RIL: [0] Reference-ril. requestSetSmsBroadcastConfig lang "0-255,0-255,0, 14
05-23 11:29:31.515   182   941 I use-Rlog/RLOG-RIL: [0] Reference-ril. setSmsBroadcastConfigValue value 255
05-23 11:29:31.515   182   941 I use-Rlog/RLOG-RIL: [0] Reference-ril. setSmsBroadcastConfigValue value 255
05-23 11:29:31.515   182   941 I use-Rlog/RLOG-RIL: [0] Reference-ril. setSmsBroadcastConfigValue out_value 255
05-23 11:29:31.515   182   941 I use-Rlog/RLOG-RIL: [0] Reference-ril. setSmsBroadcastConfigData  
05-23 11:29:31.515   182   941 I use-Rlog/RLOG-RIL: [0] Reference-ril. setSmsBroadcastConfigData (1) 
05-23 11:29:31.515   182   941 I use-Rlog/RLOG-RIL: [0] Reference-ril. setSmsBroadcastConfigData  ret_char -255 , len 4
05-23 11:29:31.515   182   941 I use-Rlog/RLOG-RIL: [0] Reference-ril. requestSetSmsBroadcastConfig lang "0-255,0-255,0-255, 18
05-23 11:29:31.515   182   941 I use-Rlog/RLOG-RIL: [0] Reference-ril. setSmsBroadcastConfigValue value 4379
05-23 11:29:31.515   182   941 I use-Rlog/RLOG-RIL: [0] Reference-ril. setSmsBroadcastConfigValue value 4379
05-23 11:29:31.515   182   941 I use-Rlog/RLOG-RIL: [0] Reference-ril. setSmsBroadcastConfigValue out_value 4379
05-23 11:29:31.515   182   941 I use-Rlog/RLOG-RIL: [0] Reference-ril. setSmsBroadcastConfigData  
05-23 11:29:31.515   182   941 I use-Rlog/RLOG-RIL: [0] Reference-ril. setSmsBroadcastConfigData (1) 
05-23 11:29:31.515   182   941 I use-Rlog/RLOG-RIL: [0] Reference-ril. setSmsBroadcastConfigData  ret_char ,4379 , len 5
05-23 11:29:31.515   182   941 I use-Rlog/RLOG-RIL: [0] Reference-ril. requestSetSmsBroadcastConfig channel "4352-4354,4356,4371-4378,4379 ,30 
05-23 11:29:31.515   182   941 I use-Rlog/RLOG-RIL: [0] Reference-ril. setSmsBroadcastConfigValue value 0
05-23 11:29:31.515   182   941 I use-Rlog/RLOG-RIL: [0] Reference-ril. setSmsBroadcastConfigValue value 0
05-23 11:29:31.515   182   941 I use-Rlog/RLOG-RIL: [0] Reference-ril. setSmsBroadcastConfigValue out_value 0
05-23 11:29:31.515   182   941 I use-Rlog/RLOG-RIL: [0] Reference-ril. setSmsBroadcastConfigData  
05-23 11:29:31.515   182   941 I use-Rlog/RLOG-RIL: [0] Reference-ril. setSmsBroadcastConfigData (1) 
05-23 11:29:31.515   182   941 I use-Rlog/RLOG-RIL: [0] Reference-ril. setSmsBroadcastConfigData  ret_char ,0 , len 2
05-23 11:29:31.515   182   941 I use-Rlog/RLOG-RIL: [0] Reference-ril. requestSetSmsBroadcastConfig lang "0-255,0-255,0-255,0, 20
05-23 11:29:31.515   182   941 I use-Rlog/RLOG-RIL: [0] Reference-ril. setSmsBroadcastConfigValue value 255
05-23 11:29:31.515   182   941 I use-Rlog/RLOG-RIL: [0] Reference-ril. setSmsBroadcastConfigValue value 255
05-23 11:29:31.515   182   941 I use-Rlog/RLOG-RIL: [0] Reference-ril. setSmsBroadcastConfigValue out_value 255
05-23 11:29:31.515   182   941 I use-Rlog/RLOG-RIL: [0] Reference-ril. setSmsBroadcastConfigData  
05-23 11:29:31.515   182   941 I use-Rlog/RLOG-RIL: [0] Reference-ril. setSmsBroadcastConfigData (1) 
05-23 11:29:31.515   182   941 I use-Rlog/RLOG-RIL: [0] Reference-ril. setSmsBroadcastConfigData  ret_char -255 , len 4
05-23 11:29:31.515   182   941 I use-Rlog/RLOG-RIL: [0] Reference-ril. requestSetSmsBroadcastConfig lang "0-255,0-255,0-255,0-255, 24
05-23 11:29:31.515   182   941 I use-Rlog/RLOG-RIL: [0] Reference-ril. requestSetSmsBroadcastConfig cmd AT+CSCB=0,"4352-4354,4356,4371-4378,4379","0-255,0-255,0-255,0-255"
05-23 11:29:31.515   182   941 D use-Rlog/RLOG-AT: [0] Channel1: AT> AT+CSCB=0,"4352-4354,4356,4371-4378,4379","0-255,0-255,0-255,0-255"
05-23 11:29:31.525   182   238 D use-Rlog/RLOG-AT: [0] Channel1: AT< OK
05-23 11:29:31.525   182   941 I use-Rlog/RLOG-RIL: [0] requestSetSmsBroadcastConfig err 0 ,success 1
05-23 11:29:31.525   182   941 D use-Rlog/RLOG-RILC: [0] [0877]< GSM_SET_BROADCAST_SMS_CONFIG
05-23 11:29:31.525   182   941 D RIL     : requestSetSmsBroadcastConfig enable 0
05-23 11:29:31.525   182   941 D RIL     : requestSetSmsBroadcastConfig channel1[j] = 4352
05-23 11:29:31.525   182   941 D use-Rlog/RLOG-RIL: [0] put Channel ID '1'
05-23 11:29:31.525   182   941 I use-Rlog/RLOG-RILC: [0] -->CommandThread [941] free one command
05-23 11:29:31.525   700   751 D RILJ    : [0][4525]< RIL_REQUEST_GSM_SET_BROADCAST_CONFIG 
05-23 11:29:31.525   700  1261 D RILJ    : [0][4526]> RIL_REQUEST_GSM_BROADCAST_ACTIVATION
05-23 11:29:31.525   182   226 I use-Rlog/RLOG-RILC: [0] enter processCommandsCallback, socket type = 0
05-23 11:29:31.525   182   226 I use-Rlog/RLOG-RILC: [0] enter processCommandsCallback, socket type = 0
05-23 11:29:31.525   182   226 I use-Rlog/RLOG-RILC: [0] PCC  alloc one command p_record
05-23 11:29:31.525   182   758 D use-Rlog/RLOG-RILC: [0] PCB request code 91 token 878
05-23 11:29:31.525   182   758 D use-Rlog/RLOG-RILC: [0] [0878]> GSM_SMS_BROADCAST_ACTIVATION (0)
05-23 11:29:31.525   182   758 D use-Rlog/RLOG-RIL: [0] onRequest: GSM_SMS_BROADCAST_ACTIVATION sState=4
05-23 11:29:31.525   182   758 D use-Rlog/RLOG-RIL: [0] channel1 state: '0' 
05-23 11:29:31.525   182   758 D use-Rlog/RLOG-RIL: [0] get Channel ID '1'
05-23 11:29:31.525   182   758 I use-Rlog/RLOG-RIL: [0] Reference-ril. datalen: 4 ,active 0
05-23 11:29:31.525   182   758 D use-Rlog/RLOG-AT: [0] Channel1: AT> AT+CSCB=0
05-23 11:29:31.535   182   238 D use-Rlog/RLOG-AT: [0] Channel1: AT< OK
05-23 11:29:31.535   182   758 I use-Rlog/RLOG-RIL: [0] requestSmsBroadcastActivation err 0 ,success 1
05-23 11:29:31.535   182   758 D use-Rlog/RLOG-RILC: [0] [0878]< GSM_SMS_BROADCAST_ACTIVATION
05-23 11:29:31.535   182   758 D use-Rlog/RLOG-RIL: [0] put Channel ID '1'
05-23 11:29:31.535   182   758 I use-Rlog/RLOG-RILC: [0] -->CommandThread [758] free one command
05-23 11:29:31.535   700   751 D RILJ    : [0][4526]< RIL_REQUEST_GSM_BROADCAST_ACTIVATION 
05-23 11:29:31.535   700   819 D RILJ    : [0][4527]> RIL_REQUEST_GSM_SET_BROADCAST_CONFIG with 4 configs : 
05-23 11:29:31.535   700   819 D RILJ    : [0]SmsBroadcastConfigInfo: Id [4352,4354] Code [0,255] ENABLED
05-23 11:29:31.535   700   819 D RILJ    : [0]SmsBroadcastConfigInfo: Id [4356,4356] Code [0,255] ENABLED
05-23 11:29:31.535   700   819 D RILJ    : [0]SmsBroadcastConfigInfo: Id [4371,4379] Code [0,255] ENABLED
05-23 11:29:31.545   700   819 D RILJ    : [0]SmsBroadcastConfigInfo: Id [4370,4370] Code [0,255] ENABLED
05-23 11:29:31.545   182   226 I use-Rlog/RLOG-RILC: [0] enter processCommandsCallback, socket type = 0
05-23 11:29:31.545   182   226 I use-Rlog/RLOG-RILC: [0] enter processCommandsCallback, socket type = 0
05-23 11:29:31.545   182   226 I use-Rlog/RLOG-RILC: [0] PCC  alloc one command p_record
05-23 11:29:31.545   182   941 D use-Rlog/RLOG-RILC: [0] PCB request code 90 token 879
05-23 11:29:31.545   182   941 D use-Rlog/RLOG-RIL: [0] onRequest: GSM_SET_BROADCAST_SMS_CONFIG sState=4
05-23 11:29:31.545   182   941 D use-Rlog/RLOG-RIL: [0] channel1 state: '0' 
05-23 11:29:31.545   182   941 D use-Rlog/RLOG-RIL: [0] get Channel ID '1'
05-23 11:29:31.545   182   941 D use-Rlog/RLOG-RIL: [0] Reference-ril. requestSetSmsBroadcastConfig 16 ,count 4
05-23 11:29:31.545   182   941 I use-Rlog/RLOG-RIL: [0] Reference-ril. setSmsBroadcastConfigValue value 4352
05-23 11:29:31.545   182   941 I use-Rlog/RLOG-RIL: [0] Reference-ril. setSmsBroadcastConfigValue value 4352
05-23 11:29:31.545   182   941 I use-Rlog/RLOG-RIL: [0] Reference-ril. setSmsBroadcastConfigValue out_value 4352
05-23 11:29:31.545   182   941 I use-Rlog/RLOG-RIL: [0] Reference-ril. setSmsBroadcastConfigData  
05-23 11:29:31.545   182   941 I use-Rlog/RLOG-RIL: [0] Reference-ril. setSmsBroadcastConfigData (1) 
05-23 11:29:31.545   182   941 I use-Rlog/RLOG-RIL: [0] Reference-ril. setSmsBroadcastConfigData  ret_char "4352 , len 5
05-23 11:29:31.545   182   941 I use-Rlog/RLOG-RIL: [0] Reference-ril. requestSetSmsBroadcastConfig channel "4352 ,5 
05-23 11:29:31.545   182   941 I use-Rlog/RLOG-RIL: [0] Reference-ril. setSmsBroadcastConfigValue value 4354
05-23 11:29:31.545   182   941 I use-Rlog/RLOG-RIL: [0] Reference-ril. setSmsBroadcastConfigValue value 4354
05-23 11:29:31.545   182   941 I use-Rlog/RLOG-RIL: [0] Reference-ril. setSmsBroadcastConfigValue out_value 4354
05-23 11:29:31.545   182   941 I use-Rlog/RLOG-RIL: [0] Reference-ril. setSmsBroadcastConfigData  
05-23 11:29:31.545   182   941 I use-Rlog/RLOG-RIL: [0] Reference-ril. setSmsBroadcastConfigData (1) 
05-23 11:29:31.545   182   941 I use-Rlog/RLOG-RIL: [0] Reference-ril. setSmsBroadcastConfigData  ret_char -4354 , len 5
05-23 11:29:31.545   182   941 I use-Rlog/RLOG-RIL: [0] Reference-ril. requestSetSmsBroadcastConfig channel "4352-4354 ,10
05-23 11:29:31.545   182   941 I use-Rlog/RLOG-RIL: [0] Reference-ril. setSmsBroadcastConfigValue value 0
05-23 11:29:31.545   182   941 I use-Rlog/RLOG-RIL: [0] Reference-ril. setSmsBroadcastConfigValue value 0
05-23 11:29:31.545   182   941 I use-Rlog/RLOG-RIL: [0] Reference-ril. setSmsBroadcastConfigValue out_value 0
05-23 11:29:31.545   182   941 I use-Rlog/RLOG-RIL: [0] Reference-ril. setSmsBroadcastConfigData  
05-23 11:29:31.545   182   941 I use-Rlog/RLOG-RIL: [0] Reference-ril. setSmsBroadcastConfigData (1) 
05-23 11:29:31.545   182   941 I use-Rlog/RLOG-RIL: [0] Reference-ril. setSmsBroadcastConfigData  ret_char "0 , len 2
05-23 11:29:31.545   182   941 I use-Rlog/RLOG-RIL: [0] Reference-ril. requestSetSmsBroadcastConfig lang "0, 2
05-23 11:29:31.545   182   941 I use-Rlog/RLOG-RIL: [0] Reference-ril. setSmsBroadcastConfigValue value 255
05-23 11:29:31.545   182   941 I use-Rlog/RLOG-RIL: [0] Reference-ril. setSmsBroadcastConfigValue value 255
05-23 11:29:31.545   182   941 I use-Rlog/RLOG-RIL: [0] Reference-ril. setSmsBroadcastConfigValue out_value 255
05-23 11:29:31.545   182   941 I use-Rlog/RLOG-RIL: [0] Reference-ril. setSmsBroadcastConfigData  
05-23 11:29:31.545   182   941 I use-Rlog/RLOG-RIL: [0] Reference-ril. setSmsBroadcastConfigData (1) 
05-23 11:29:31.545   182   941 I use-Rlog/RLOG-RIL: [0] Reference-ril. setSmsBroadcastConfigData  ret_char -255 , len 4
05-23 11:29:31.545   182   941 I use-Rlog/RLOG-RIL: [0] Reference-ril. requestSetSmsBroadcastConfig lang "0-255, 6
05-23 11:29:31.545   182   941 I use-Rlog/RLOG-RIL: [0] Reference-ril. setSmsBroadcastConfigValue value 4356
05-23 11:29:31.545   182   941 I use-Rlog/RLOG-RIL: [0] Reference-ril. setSmsBroadcastConfigValue value 4356
05-23 11:29:31.545   182   941 I use-Rlog/RLOG-RIL: [0] Reference-ril. setSmsBroadcastConfigValue out_value 4356
05-23 11:29:31.545   182   941 I use-Rlog/RLOG-RIL: [0] Reference-ril. setSmsBroadcastConfigData  
05-23 11:29:31.545   182   941 I use-Rlog/RLOG-RIL: [0] Reference-ril. setSmsBroadcastConfigData (1) 
05-23 11:29:31.545   182   941 I use-Rlog/RLOG-RIL: [0] Reference-ril. setSmsBroadcastConfigData  ret_char ,4356 , len 5
05-23 11:29:31.545   182   941 I use-Rlog/RLOG-RIL: [0] Reference-ril. requestSetSmsBroadcastConfig channel "4352-4354,4356 ,15 
05-23 11:29:31.545   182   941 I use-Rlog/RLOG-RIL: [0] Reference-ril. setSmsBroadcastConfigValue value 0
05-23 11:29:31.545   182   941 I use-Rlog/RLOG-RIL: [0] Reference-ril. setSmsBroadcastConfigValue value 0
05-23 11:29:31.545   182   941 I use-Rlog/RLOG-RIL: [0] Reference-ril. setSmsBroadcastConfigValue out_value 0
05-23 11:29:31.545   182   941 I use-Rlog/RLOG-RIL: [0] Reference-ril. setSmsBroadcastConfigData  
05-23 11:29:31.545   182   941 I use-Rlog/RLOG-RIL: [0] Reference-ril. setSmsBroadcastConfigData (1) 
05-23 11:29:31.545   182   941 I use-Rlog/RLOG-RIL: [0] Reference-ril. setSmsBroadcastConfigData  ret_char ,0 , len 2
05-23 11:29:31.545   182   941 I use-Rlog/RLOG-RIL: [0] Reference-ril. requestSetSmsBroadcastConfig lang "0-255,0, 8
05-23 11:29:31.545   182   941 I use-Rlog/RLOG-RIL: [0] Reference-ril. setSmsBroadcastConfigValue value 255
05-23 11:29:31.545   182   941 I use-Rlog/RLOG-RIL: [0] Reference-ril. setSmsBroadcastConfigValue value 255
05-23 11:29:31.545   182   941 I use-Rlog/RLOG-RIL: [0] Reference-ril. setSmsBroadcastConfigValue out_value 255
05-23 11:29:31.545   182   941 I use-Rlog/RLOG-RIL: [0] Reference-ril. setSmsBroadcastConfigData  
05-23 11:29:31.545   182   941 I use-Rlog/RLOG-RIL: [0] Reference-ril. setSmsBroadcastConfigData (1) 
05-23 11:29:31.545   182   941 I use-Rlog/RLOG-RIL: [0] Reference-ril. setSmsBroadcastConfigData  ret_char -255 , len 4
05-23 11:29:31.545   182   941 I use-Rlog/RLOG-RIL: [0] Reference-ril. requestSetSmsBroadcastConfig lang "0-255,0-255, 12
05-23 11:29:31.545   182   941 I use-Rlog/RLOG-RIL: [0] Reference-ril. setSmsBroadcastConfigValue value 4371
05-23 11:29:31.545   182   941 I use-Rlog/RLOG-RIL: [0] Reference-ril. setSmsBroadcastConfigValue value 4371
05-23 11:29:31.545   182   941 I use-Rlog/RLOG-RIL: [0] Reference-ril. setSmsBroadcastConfigValue out_value 4371
05-23 11:29:31.545   182   941 I use-Rlog/RLOG-RIL: [0] Reference-ril. setSmsBroadcastConfigData  
05-23 11:29:31.545   182   941 I use-Rlog/RLOG-RIL: [0] Reference-ril. setSmsBroadcastConfigData (1) 
05-23 11:29:31.545   182   941 I use-Rlog/RLOG-RIL: [0] Reference-ril. setSmsBroadcastConfigData  ret_char ,4371 , len 5
05-23 11:29:31.545   182   941 I use-Rlog/RLOG-RIL: [0] Reference-ril. requestSetSmsBroadcastConfig channel "4352-4354,4356,4371 ,20 
05-23 11:29:31.545   182   941 I use-Rlog/RLOG-RIL: [0] Reference-ril. setSmsBroadcastConfigValue value 4379
05-23 11:29:31.545   182   941 I use-Rlog/RLOG-RIL: [0] Reference-ril. setSmsBroadcastConfigValue value 4379
05-23 11:29:31.545   182   941 I use-Rlog/RLOG-RIL: [0] Reference-ril. setSmsBroadcastConfigValue out_value 4379
05-23 11:29:31.545   182   941 I use-Rlog/RLOG-RIL: [0] Reference-ril. setSmsBroadcastConfigData  
05-23 11:29:31.545   182   941 I use-Rlog/RLOG-RIL: [0] Reference-ril. setSmsBroadcastConfigData (1) 
05-23 11:29:31.545   182   941 I use-Rlog/RLOG-RIL: [0] Reference-ril. setSmsBroadcastConfigData  ret_char -4379 , len 5
05-23 11:29:31.545   182   941 I use-Rlog/RLOG-RIL: [0] Reference-ril. requestSetSmsBroadcastConfig channel "4352-4354,4356,4371-4379 ,25
05-23 11:29:31.545   182   941 I use-Rlog/RLOG-RIL: [0] Reference-ril. setSmsBroadcastConfigValue value 0
05-23 11:29:31.545   182   941 I use-Rlog/RLOG-RIL: [0] Reference-ril. setSmsBroadcastConfigValue value 0
05-23 11:29:31.545   182   941 I use-Rlog/RLOG-RIL: [0] Reference-ril. setSmsBroadcastConfigValue out_value 0
05-23 11:29:31.545   182   941 I use-Rlog/RLOG-RIL: [0] Reference-ril. setSmsBroadcastConfigData  
05-23 11:29:31.545   182   941 I use-Rlog/RLOG-RIL: [0] Reference-ril. setSmsBroadcastConfigData (1) 
05-23 11:29:31.545   182   941 I use-Rlog/RLOG-RIL: [0] Reference-ril. setSmsBroadcastConfigData  ret_char ,0 , len 2
05-23 11:29:31.545   182   941 I use-Rlog/RLOG-RIL: [0] Reference-ril. requestSetSmsBroadcastConfig lang "0-255,0-255,0, 14
05-23 11:29:31.545   182   941 I use-Rlog/RLOG-RIL: [0] Reference-ril. setSmsBroadcastConfigValue value 255
05-23 11:29:31.545   182   941 I use-Rlog/RLOG-RIL: [0] Reference-ril. setSmsBroadcastConfigValue value 255
05-23 11:29:31.545   182   941 I use-Rlog/RLOG-RIL: [0] Reference-ril. setSmsBroadcastConfigValue out_value 255
05-23 11:29:31.545   182   941 I use-Rlog/RLOG-RIL: [0] Reference-ril. setSmsBroadcastConfigData  
05-23 11:29:31.545   182   941 I use-Rlog/RLOG-RIL: [0] Reference-ril. setSmsBroadcastConfigData (1) 
05-23 11:29:31.545   182   941 I use-Rlog/RLOG-RIL: [0] Reference-ril. setSmsBroadcastConfigData  ret_char -255 , len 4
05-23 11:29:31.545   182   941 I use-Rlog/RLOG-RIL: [0] Reference-ril. requestSetSmsBroadcastConfig lang "0-255,0-255,0-255, 18
05-23 11:29:31.545   182   941 I use-Rlog/RLOG-RIL: [0] Reference-ril. setSmsBroadcastConfigValue value 4370
05-23 11:29:31.545   182   941 I use-Rlog/RLOG-RIL: [0] Reference-ril. setSmsBroadcastConfigValue value 4370
05-23 11:29:31.545   182   941 I use-Rlog/RLOG-RIL: [0] Reference-ril. setSmsBroadcastConfigValue out_value 4370
05-23 11:29:31.545   182   941 I use-Rlog/RLOG-RIL: [0] Reference-ril. setSmsBroadcastConfigData  
05-23 11:29:31.545   182   941 I use-Rlog/RLOG-RIL: [0] Reference-ril. setSmsBroadcastConfigData (1) 
05-23 11:29:31.545   182   941 I use-Rlog/RLOG-RIL: [0] Reference-ril. setSmsBroadcastConfigData  ret_char ,4370 , len 5
05-23 11:29:31.545   182   941 I use-Rlog/RLOG-RIL: [0] Reference-ril. requestSetSmsBroadcastConfig channel "4352-4354,4356,4371-4379,4370 ,30 
05-23 11:29:31.545   182   941 I use-Rlog/RLOG-RIL: [0] Reference-ril. setSmsBroadcastConfigValue value 0
05-23 11:29:31.545   182   941 I use-Rlog/RLOG-RIL: [0] Reference-ril. setSmsBroadcastConfigValue value 0
05-23 11:29:31.545   182   941 I use-Rlog/RLOG-RIL: [0] Reference-ril. setSmsBroadcastConfigValue out_value 0
05-23 11:29:31.545   182   941 I use-Rlog/RLOG-RIL: [0] Reference-ril. setSmsBroadcastConfigData  
05-23 11:29:31.545   182   941 I use-Rlog/RLOG-RIL: [0] Reference-ril. setSmsBroadcastConfigData (1) 
05-23 11:29:31.545   182   941 I use-Rlog/RLOG-RIL: [0] Reference-ril. setSmsBroadcastConfigData  ret_char ,0 , len 2
05-23 11:29:31.545   182   941 I use-Rlog/RLOG-RIL: [0] Reference-ril. requestSetSmsBroadcastConfig lang "0-255,0-255,0-255,0, 20
05-23 11:29:31.545   182   941 I use-Rlog/RLOG-RIL: [0] Reference-ril. setSmsBroadcastConfigValue value 255
05-23 11:29:31.545   182   941 I use-Rlog/RLOG-RIL: [0] Reference-ril. setSmsBroadcastConfigValue value 255
05-23 11:29:31.545   182   941 I use-Rlog/RLOG-RIL: [0] Reference-ril. setSmsBroadcastConfigValue out_value 255
05-23 11:29:31.545   182   941 I use-Rlog/RLOG-RIL: [0] Reference-ril. setSmsBroadcastConfigData  
05-23 11:29:31.545   182   941 I use-Rlog/RLOG-RIL: [0] Reference-ril. setSmsBroadcastConfigData (1) 
05-23 11:29:31.545   182   941 I use-Rlog/RLOG-RIL: [0] Reference-ril. setSmsBroadcastConfigData  ret_char -255 , len 4
05-23 11:29:31.545   182   941 I use-Rlog/RLOG-RIL: [0] Reference-ril. requestSetSmsBroadcastConfig lang "0-255,0-255,0-255,0-255, 24
05-23 11:29:31.545   182   941 I use-Rlog/RLOG-RIL: [0] Reference-ril. requestSetSmsBroadcastConfig cmd AT+CSCB=0,"4352-4354,4356,4371-4379,4370","0-255,0-255,0-255,0-255"
05-23 11:29:31.545   182   941 D use-Rlog/RLOG-AT: [0] Channel1: AT> AT+CSCB=0,"4352-4354,4356,4371-4379,4370","0-255,0-255,0-255,0-255"
05-23 11:29:31.545   182   238 D use-Rlog/RLOG-AT: [0] Channel1: AT< OK
05-23 11:29:31.545   182   941 I use-Rlog/RLOG-RIL: [0] requestSetSmsBroadcastConfig err 0 ,success 1
05-23 11:29:31.545   182   941 D use-Rlog/RLOG-RILC: [0] [0879]< GSM_SET_BROADCAST_SMS_CONFIG
05-23 11:29:31.545   182   941 D RIL     : requestSetSmsBroadcastConfig enable 0
05-23 11:29:31.545   182   941 D RIL     : requestSetSmsBroadcastConfig channel1[j] = 4352
05-23 11:29:31.545   182   941 D use-Rlog/RLOG-RIL: [0] put Channel ID '1'
05-23 11:29:31.545   182   941 I use-Rlog/RLOG-RILC: [0] -->CommandThread [941] free one command
05-23 11:29:31.545   700   751 D RILJ    : [0][4527]< RIL_REQUEST_GSM_SET_BROADCAST_CONFIG 
05-23 11:29:31.555   700   819 D RILJ    : [0][4528]> RIL_REQUEST_GSM_BROADCAST_ACTIVATION
05-23 11:29:31.555   182   226 I use-Rlog/RLOG-RILC: [0] enter processCommandsCallback, socket type = 0
05-23 11:29:31.555   182   226 I use-Rlog/RLOG-RILC: [0] enter processCommandsCallback, socket type = 0
05-23 11:29:31.555   182   226 I use-Rlog/RLOG-RILC: [0] PCC  alloc one command p_record
05-23 11:29:31.555   182   758 D use-Rlog/RLOG-RILC: [0] PCB request code 91 token 880
05-23 11:29:31.555   182   758 D use-Rlog/RLOG-RILC: [0] [0880]> GSM_SMS_BROADCAST_ACTIVATION (0)
05-23 11:29:31.555   182   758 D use-Rlog/RLOG-RIL: [0] onRequest: GSM_SMS_BROADCAST_ACTIVATION sState=4
05-23 11:29:31.555   182   758 D use-Rlog/RLOG-RIL: [0] channel1 state: '0' 
05-23 11:29:31.555   182   758 D use-Rlog/RLOG-RIL: [0] get Channel ID '1'
05-23 11:29:31.555   182   758 I use-Rlog/RLOG-RIL: [0] Reference-ril. datalen: 4 ,active 0
05-23 11:29:31.555   182   758 D use-Rlog/RLOG-AT: [0] Channel1: AT> AT+CSCB=0
05-23 11:29:31.555   182   238 D use-Rlog/RLOG-AT: [0] Channel1: AT< OK
05-23 11:29:31.555   182   758 I use-Rlog/RLOG-RIL: [0] requestSmsBroadcastActivation err 0 ,success 1
05-23 11:29:31.555   182   758 D use-Rlog/RLOG-RILC: [0] [0880]< GSM_SMS_BROADCAST_ACTIVATION
05-23 11:29:31.555   182   758 D use-Rlog/RLOG-RIL: [0] put Channel ID '1'
05-23 11:29:31.555   182   758 I use-Rlog/RLOG-RILC: [0] -->CommandThread [758] free one command
05-23 11:29:31.555   700   751 D RILJ    : [0][4528]< RIL_REQUEST_GSM_BROADCAST_ACTIVATION 
05-23 11:29:31.565   700   934 D RILJ    : [0][4529]> RIL_REQUEST_GSM_SET_BROADCAST_CONFIG with 4 configs : 
05-23 11:29:31.565   700   934 D RILJ    : [0]SmsBroadcastConfigInfo: Id [4352,4354] Code [0,255] ENABLED
05-23 11:29:31.565   700   934 D RILJ    : [0]SmsBroadcastConfigInfo: Id [4356,4356] Code [0,255] ENABLED
05-23 11:29:31.565   700   934 D RILJ    : [0]SmsBroadcastConfigInfo: Id [4370,4379] Code [0,255] ENABLED
05-23 11:29:31.565   700   934 D RILJ    : [0]SmsBroadcastConfigInfo: Id [50,50] Code [0,255] ENABLED
05-23 11:29:31.565   182   226 I use-Rlog/RLOG-RILC: [0] enter processCommandsCallback, socket type = 0
05-23 11:29:31.565   182   226 I use-Rlog/RLOG-RILC: [0] enter processCommandsCallback, socket type = 0
05-23 11:29:31.565   182   226 I use-Rlog/RLOG-RILC: [0] PCC  alloc one command p_record
05-23 11:29:31.565   182   941 D use-Rlog/RLOG-RILC: [0] PCB request code 90 token 881
05-23 11:29:31.565   182   941 D use-Rlog/RLOG-RIL: [0] onRequest: GSM_SET_BROADCAST_SMS_CONFIG sState=4
05-23 11:29:31.575   182   941 D use-Rlog/RLOG-RIL: [0] channel1 state: '0' 
05-23 11:29:31.575   182   941 D use-Rlog/RLOG-RIL: [0] get Channel ID '1'
05-23 11:29:31.575   182   941 D use-Rlog/RLOG-RIL: [0] Reference-ril. requestSetSmsBroadcastConfig 16 ,count 4
05-23 11:29:31.575   182   941 I use-Rlog/RLOG-RIL: [0] Reference-ril. setSmsBroadcastConfigValue value 4352
05-23 11:29:31.575   182   941 I use-Rlog/RLOG-RIL: [0] Reference-ril. setSmsBroadcastConfigValue value 4352
05-23 11:29:31.575   182   941 I use-Rlog/RLOG-RIL: [0] Reference-ril. setSmsBroadcastConfigValue out_value 4352
05-23 11:29:31.575   182   941 I use-Rlog/RLOG-RIL: [0] Reference-ril. setSmsBroadcastConfigData  
05-23 11:29:31.575   182   941 I use-Rlog/RLOG-RIL: [0] Reference-ril. setSmsBroadcastConfigData (1) 
05-23 11:29:31.575   182   941 I use-Rlog/RLOG-RIL: [0] Reference-ril. setSmsBroadcastConfigData  ret_char "4352 , len 5
05-23 11:29:31.575   182   941 I use-Rlog/RLOG-RIL: [0] Reference-ril. requestSetSmsBroadcastConfig channel "4352 ,5 
05-23 11:29:31.575   182   941 I use-Rlog/RLOG-RIL: [0] Reference-ril. setSmsBroadcastConfigValue value 4354
05-23 11:29:31.575   182   941 I use-Rlog/RLOG-RIL: [0] Reference-ril. setSmsBroadcastConfigValue value 4354
05-23 11:29:31.575   182   941 I use-Rlog/RLOG-RIL: [0] Reference-ril. setSmsBroadcastConfigValue out_value 4354
05-23 11:29:31.575   182   941 I use-Rlog/RLOG-RIL: [0] Reference-ril. setSmsBroadcastConfigData  
05-23 11:29:31.575   182   941 I use-Rlog/RLOG-RIL: [0] Reference-ril. setSmsBroadcastConfigData (1) 
05-23 11:29:31.575   182   941 I use-Rlog/RLOG-RIL: [0] Reference-ril. setSmsBroadcastConfigData  ret_char -4354 , len 5
05-23 11:29:31.575   182   941 I use-Rlog/RLOG-RIL: [0] Reference-ril. requestSetSmsBroadcastConfig channel "4352-4354 ,10
05-23 11:29:31.575   182   941 I use-Rlog/RLOG-RIL: [0] Reference-ril. setSmsBroadcastConfigValue value 0
05-23 11:29:31.575   182   941 I use-Rlog/RLOG-RIL: [0] Reference-ril. setSmsBroadcastConfigValue value 0
05-23 11:29:31.575   182   941 I use-Rlog/RLOG-RIL: [0] Reference-ril. setSmsBroadcastConfigValue out_value 0
05-23 11:29:31.575   182   941 I use-Rlog/RLOG-RIL: [0] Reference-ril. setSmsBroadcastConfigData  
05-23 11:29:31.575   182   941 I use-Rlog/RLOG-RIL: [0] Reference-ril. setSmsBroadcastConfigData (1) 
05-23 11:29:31.575   182   941 I use-Rlog/RLOG-RIL: [0] Reference-ril. setSmsBroadcastConfigData  ret_char "0 , len 2
05-23 11:29:31.575   182   941 I use-Rlog/RLOG-RIL: [0] Reference-ril. requestSetSmsBroadcastConfig lang "0, 2
05-23 11:29:31.575   182   941 I use-Rlog/RLOG-RIL: [0] Reference-ril. setSmsBroadcastConfigValue value 255
05-23 11:29:31.575   182   941 I use-Rlog/RLOG-RIL: [0] Reference-ril. setSmsBroadcastConfigValue value 255
05-23 11:29:31.575   182   941 I use-Rlog/RLOG-RIL: [0] Reference-ril. setSmsBroadcastConfigValue out_value 255
05-23 11:29:31.575   182   941 I use-Rlog/RLOG-RIL: [0] Reference-ril. setSmsBroadcastConfigData  
05-23 11:29:31.575   182   941 I use-Rlog/RLOG-RIL: [0] Reference-ril. setSmsBroadcastConfigData (1) 
05-23 11:29:31.575   182   941 I use-Rlog/RLOG-RIL: [0] Reference-ril. setSmsBroadcastConfigData  ret_char -255 , len 4
05-23 11:29:31.575   182   941 I use-Rlog/RLOG-RIL: [0] Reference-ril. requestSetSmsBroadcastConfig lang "0-255, 6
05-23 11:29:31.575   182   941 I use-Rlog/RLOG-RIL: [0] Reference-ril. setSmsBroadcastConfigValue value 4356
05-23 11:29:31.575   182   941 I use-Rlog/RLOG-RIL: [0] Reference-ril. setSmsBroadcastConfigValue value 4356
05-23 11:29:31.575   182   941 I use-Rlog/RLOG-RIL: [0] Reference-ril. setSmsBroadcastConfigValue out_value 4356
05-23 11:29:31.575   182   941 I use-Rlog/RLOG-RIL: [0] Reference-ril. setSmsBroadcastConfigData  
05-23 11:29:31.575   182   941 I use-Rlog/RLOG-RIL: [0] Reference-ril. setSmsBroadcastConfigData (1) 
05-23 11:29:31.575   182   941 I use-Rlog/RLOG-RIL: [0] Reference-ril. setSmsBroadcastConfigData  ret_char ,4356 , len 5
05-23 11:29:31.575   182   941 I use-Rlog/RLOG-RIL: [0] Reference-ril. requestSetSmsBroadcastConfig channel "4352-4354,4356 ,15 
05-23 11:29:31.575   182   941 I use-Rlog/RLOG-RIL: [0] Reference-ril. setSmsBroadcastConfigValue value 0
05-23 11:29:31.575   182   941 I use-Rlog/RLOG-RIL: [0] Reference-ril. setSmsBroadcastConfigValue value 0
05-23 11:29:31.575   182   941 I use-Rlog/RLOG-RIL: [0] Reference-ril. setSmsBroadcastConfigValue out_value 0
05-23 11:29:31.575   182   941 I use-Rlog/RLOG-RIL: [0] Reference-ril. setSmsBroadcastConfigData  
05-23 11:29:31.575   182   941 I use-Rlog/RLOG-RIL: [0] Reference-ril. setSmsBroadcastConfigData (1) 
05-23 11:29:31.575   182   941 I use-Rlog/RLOG-RIL: [0] Reference-ril. setSmsBroadcastConfigData  ret_char ,0 , len 2
05-23 11:29:31.575   182   941 I use-Rlog/RLOG-RIL: [0] Reference-ril. requestSetSmsBroadcastConfig lang "0-255,0, 8
05-23 11:29:31.575   182   941 I use-Rlog/RLOG-RIL: [0] Reference-ril. setSmsBroadcastConfigValue value 255
05-23 11:29:31.575   182   941 I use-Rlog/RLOG-RIL: [0] Reference-ril. setSmsBroadcastConfigValue value 255
05-23 11:29:31.575   182   941 I use-Rlog/RLOG-RIL: [0] Reference-ril. setSmsBroadcastConfigValue out_value 255
05-23 11:29:31.575   182   941 I use-Rlog/RLOG-RIL: [0] Reference-ril. setSmsBroadcastConfigData  
05-23 11:29:31.575   182   941 I use-Rlog/RLOG-RIL: [0] Reference-ril. setSmsBroadcastConfigData (1) 
05-23 11:29:31.575   182   941 I use-Rlog/RLOG-RIL: [0] Reference-ril. setSmsBroadcastConfigData  ret_char -255 , len 4
05-23 11:29:31.575   182   941 I use-Rlog/RLOG-RIL: [0] Reference-ril. requestSetSmsBroadcastConfig lang "0-255,0-255, 12
05-23 11:29:31.575   182   941 I use-Rlog/RLOG-RIL: [0] Reference-ril. setSmsBroadcastConfigValue value 4370
05-23 11:29:31.575   182   941 I use-Rlog/RLOG-RIL: [0] Reference-ril. setSmsBroadcastConfigValue value 4370
05-23 11:29:31.575   182   941 I use-Rlog/RLOG-RIL: [0] Reference-ril. setSmsBroadcastConfigValue out_value 4370
05-23 11:29:31.575   182   941 I use-Rlog/RLOG-RIL: [0] Reference-ril. setSmsBroadcastConfigData  
05-23 11:29:31.575   182   941 I use-Rlog/RLOG-RIL: [0] Reference-ril. setSmsBroadcastConfigData (1) 
05-23 11:29:31.575   182   941 I use-Rlog/RLOG-RIL: [0] Reference-ril. setSmsBroadcastConfigData  ret_char ,4370 , len 5
05-23 11:29:31.575   182   941 I use-Rlog/RLOG-RIL: [0] Reference-ril. requestSetSmsBroadcastConfig channel "4352-4354,4356,4370 ,20 
05-23 11:29:31.575   182   941 I use-Rlog/RLOG-RIL: [0] Reference-ril. setSmsBroadcastConfigValue value 4379
05-23 11:29:31.575   182   941 I use-Rlog/RLOG-RIL: [0] Reference-ril. setSmsBroadcastConfigValue value 4379
05-23 11:29:31.575   182   941 I use-Rlog/RLOG-RIL: [0] Reference-ril. setSmsBroadcastConfigValue out_value 4379
05-23 11:29:31.575   182   941 I use-Rlog/RLOG-RIL: [0] Reference-ril. setSmsBroadcastConfigData  
05-23 11:29:31.575   182   941 I use-Rlog/RLOG-RIL: [0] Reference-ril. setSmsBroadcastConfigData (1) 
05-23 11:29:31.575   182   941 I use-Rlog/RLOG-RIL: [0] Reference-ril. setSmsBroadcastConfigData  ret_char -4379 , len 5
05-23 11:29:31.575   182   941 I use-Rlog/RLOG-RIL: [0] Reference-ril. requestSetSmsBroadcastConfig channel "4352-4354,4356,4370-4379 ,25
05-23 11:29:31.575   182   941 I use-Rlog/RLOG-RIL: [0] Reference-ril. setSmsBroadcastConfigValue value 0
05-23 11:29:31.575   182   941 I use-Rlog/RLOG-RIL: [0] Reference-ril. setSmsBroadcastConfigValue value 0
05-23 11:29:31.575   182   941 I use-Rlog/RLOG-RIL: [0] Reference-ril. setSmsBroadcastConfigValue out_value 0
05-23 11:29:31.575   182   941 I use-Rlog/RLOG-RIL: [0] Reference-ril. setSmsBroadcastConfigData  
05-23 11:29:31.575   182   941 I use-Rlog/RLOG-RIL: [0] Reference-ril. setSmsBroadcastConfigData (1) 
05-23 11:29:31.575   182   941 I use-Rlog/RLOG-RIL: [0] Reference-ril. setSmsBroadcastConfigData  ret_char ,0 , len 2
05-23 11:29:31.575   182   941 I use-Rlog/RLOG-RIL: [0] Reference-ril. requestSetSmsBroadcastConfig lang "0-255,0-255,0, 14
05-23 11:29:31.575   182   941 I use-Rlog/RLOG-RIL: [0] Reference-ril. setSmsBroadcastConfigValue value 255
05-23 11:29:31.575   182   941 I use-Rlog/RLOG-RIL: [0] Reference-ril. setSmsBroadcastConfigValue value 255
05-23 11:29:31.575   182   941 I use-Rlog/RLOG-RIL: [0] Reference-ril. setSmsBroadcastConfigValue out_value 255
05-23 11:29:31.575   182   941 I use-Rlog/RLOG-RIL: [0] Reference-ril. setSmsBroadcastConfigData  
05-23 11:29:31.575   182   941 I use-Rlog/RLOG-RIL: [0] Reference-ril. setSmsBroadcastConfigData (1) 
05-23 11:29:31.575   182   941 I use-Rlog/RLOG-RIL: [0] Reference-ril. setSmsBroadcastConfigData  ret_char -255 , len 4
05-23 11:29:31.575   182   941 I use-Rlog/RLOG-RIL: [0] Reference-ril. requestSetSmsBroadcastConfig lang "0-255,0-255,0-255, 18
05-23 11:29:31.575   182   941 I use-Rlog/RLOG-RIL: [0] Reference-ril. setSmsBroadcastConfigValue value 50
05-23 11:29:31.575   182   941 I use-Rlog/RLOG-RIL: [0] Reference-ril. setSmsBroadcastConfigValue value 50
05-23 11:29:31.575   182   941 I use-Rlog/RLOG-RIL: [0] Reference-ril. setSmsBroadcastConfigValue out_value 50
05-23 11:29:31.575   182   941 I use-Rlog/RLOG-RIL: [0] Reference-ril. setSmsBroadcastConfigData  
05-23 11:29:31.575   182   941 I use-Rlog/RLOG-RIL: [0] Reference-ril. setSmsBroadcastConfigData (1) 
05-23 11:29:31.575   182   941 I use-Rlog/RLOG-RIL: [0] Reference-ril. setSmsBroadcastConfigData  ret_char ,50 , len 3
05-23 11:29:31.575   182   941 I use-Rlog/RLOG-RIL: [0] Reference-ril. requestSetSmsBroadcastConfig channel "4352-4354,4356,4370-4379,50 ,28 
05-23 11:29:31.575   182   941 I use-Rlog/RLOG-RIL: [0] Reference-ril. setSmsBroadcastConfigValue value 0
05-23 11:29:31.575   182   941 I use-Rlog/RLOG-RIL: [0] Reference-ril. setSmsBroadcastConfigValue value 0
05-23 11:29:31.575   182   941 I use-Rlog/RLOG-RIL: [0] Reference-ril. setSmsBroadcastConfigValue out_value 0
05-23 11:29:31.575   182   941 I use-Rlog/RLOG-RIL: [0] Reference-ril. setSmsBroadcastConfigData  
05-23 11:29:31.575   182   941 I use-Rlog/RLOG-RIL: [0] Reference-ril. setSmsBroadcastConfigData (1) 
05-23 11:29:31.575   182   941 I use-Rlog/RLOG-RIL: [0] Reference-ril. setSmsBroadcastConfigData  ret_char ,0 , len 2
05-23 11:29:31.575   182   941 I use-Rlog/RLOG-RIL: [0] Reference-ril. requestSetSmsBroadcastConfig lang "0-255,0-255,0-255,0, 20
05-23 11:29:31.575   182   941 I use-Rlog/RLOG-RIL: [0] Reference-ril. setSmsBroadcastConfigValue value 255
05-23 11:29:31.575   182   941 I use-Rlog/RLOG-RIL: [0] Reference-ril. setSmsBroadcastConfigValue value 255
05-23 11:29:31.575   182   941 I use-Rlog/RLOG-RIL: [0] Reference-ril. setSmsBroadcastConfigValue out_value 255
05-23 11:29:31.575   182   941 I use-Rlog/RLOG-RIL: [0] Reference-ril. setSmsBroadcastConfigData  
05-23 11:29:31.575   182   941 I use-Rlog/RLOG-RIL: [0] Reference-ril. setSmsBroadcastConfigData (1) 
05-23 11:29:31.575   182   941 I use-Rlog/RLOG-RIL: [0] Reference-ril. setSmsBroadcastConfigData  ret_char -255 , len 4
05-23 11:29:31.575   182   941 I use-Rlog/RLOG-RIL: [0] Reference-ril. requestSetSmsBroadcastConfig lang "0-255,0-255,0-255,0-255, 24
05-23 11:29:31.575   182   941 I use-Rlog/RLOG-RIL: [0] Reference-ril. requestSetSmsBroadcastConfig cmd AT+CSCB=0,"4352-4354,4356,4370-4379,50","0-255,0-255,0-255,0-255"
05-23 11:29:31.575   182   941 D use-Rlog/RLOG-AT: [0] Channel1: AT> AT+CSCB=0,"4352-4354,4356,4370-4379,50","0-255,0-255,0-255,0-255"
05-23 11:29:31.575   182   238 D use-Rlog/RLOG-AT: [0] Channel0: AT< +CESQ: 99,99,255,255,29,77
05-23 11:29:31.575   182   238 D use-Rlog/RLOG-RIL: [0] [unsl] +CESQ enter
05-23 11:29:31.575   182   238 D use-Rlog/RLOG-RILC: [0] [UNSL]< UNSOL_SIGNAL_STRENGTH {[signalStrength=99,bitErrorRate=-1,                CDMA_SS.dbm=-1,CDMA_SSecio=-1,                EVDO_SS.dbm=-1,EVDO_SS.ecio=-1,                EVDO_SS.signalNoiseRatio=-1,                LTE_SS.signalStrength=99,LTE_SS.rsrp=77,LTE_SS.rsrq=2147483647,                LTE_SS.rssnr=2147483647,LTE_SS.cqi=2147483647,TDSCDMA_SS.rscp=0]}
05-23 11:29:31.575   182   238 D use-Rlog/RLOG-AT: [0] Channel1: AT< OK
05-23 11:29:31.575   182   941 I use-Rlog/RLOG-RIL: [0] requestSetSmsBroadcastConfig err 0 ,success 1
05-23 11:29:31.575   182   941 D use-Rlog/RLOG-RILC: [0] [0881]< GSM_SET_BROADCAST_SMS_CONFIG
05-23 11:29:31.575   182   941 D RIL     : requestSetSmsBroadcastConfig enable 0
05-23 11:29:31.575   182   941 D RIL     : requestSetSmsBroadcastConfig channel1[j] = 4352
05-23 11:29:31.575   182   941 D use-Rlog/RLOG-RIL: [0] put Channel ID '1'
05-23 11:29:31.575   182   941 I use-Rlog/RLOG-RILC: [0] -->CommandThread [941] free one command
05-23 11:29:31.575   700   751 W SignalStrength: Size of signalstrength parcel:60
05-23 11:29:31.575   700   751 V RILJ    : [0][UNSL]< [0]UNSOL_SIGNAL_STRENGTH SignalStrength: 99 -1 -1 -1 -1 -1 -1 99 77 2147483647 2147483647 2147483647 gsm|lte
05-23 11:29:31.575   700   751 D RILJ    : [0][4529]< RIL_REQUEST_GSM_SET_BROADCAST_CONFIG 
05-23 11:29:31.575   700   700 W SignalStrength: Signal before validate=SignalStrength: 99 -1 -1 -1 -1 -1 -1 99 77 2147483647 2147483647 2147483647 gsm|lte
05-23 11:29:31.575   700   700 W SignalStrength: Signal after validate=SignalStrength: 99 -1 -120 -160 -120 -1 -1 99 -77 2147483647 2147483647 2147483647 gsm|lte
05-23 11:29:31.575   592   602 W SignalStrength: Size of signalstrength parcel:164
05-23 11:29:31.575   592   602 W SignalStrength: getLTELevel - rsrp:-77 snr:2147483647 rsrpIconLevel:4 snrIconLevel:-1
05-23 11:29:31.575   925   958 W SignalStrength: Size of signalstrength parcel:168
05-23 11:29:31.585   671   687 W SignalStrength: Size of signalstrength parcel:168
05-23 11:29:31.585   671   671 W SignalStrength: getLTELevel - rsrp:-77 snr:2147483647 rsrpIconLevel:4 snrIconLevel:-1
05-23 11:29:31.585   671   671 W SignalStrength: getLevel=4
05-23 11:29:31.585   671   671 W SignalStrength: getLTELevel - rsrp:-77 snr:2147483647 rsrpIconLevel:4 snrIconLevel:-1
05-23 11:29:31.585   592   602 W SignalStrength: getLevel=4
05-23 11:29:31.595   700   934 D RILJ    : [0][4530]> RIL_REQUEST_GSM_BROADCAST_ACTIVATION
05-23 11:29:31.595   671   671 W SignalStrength: getLTELevel - rsrp:-77 snr:2147483647 rsrpIconLevel:4 snrIconLevel:-1
05-23 11:29:31.595   671   671 W SignalStrength: getLevel=4
05-23 11:29:31.595   671   671 W SignalStrength: getLTELevel - rsrp:-77 snr:2147483647 rsrpIconLevel:4 snrIconLevel:-1
05-23 11:29:31.595   182   226 I use-Rlog/RLOG-RILC: [0] enter processCommandsCallback, socket type = 0
05-23 11:29:31.595   182   226 I use-Rlog/RLOG-RILC: [0] enter processCommandsCallback, socket type = 0
05-23 11:29:31.595   182   226 I use-Rlog/RLOG-RILC: [0] PCC  alloc one command p_record
05-23 11:29:31.595   182   758 D use-Rlog/RLOG-RILC: [0] PCB request code 91 token 882
05-23 11:29:31.595   182   758 D use-Rlog/RLOG-RILC: [0] [0882]> GSM_SMS_BROADCAST_ACTIVATION (0)
05-23 11:29:31.595   182   758 D use-Rlog/RLOG-RIL: [0] onRequest: GSM_SMS_BROADCAST_ACTIVATION sState=4
05-23 11:29:31.595   182   758 D use-Rlog/RLOG-RIL: [0] channel1 state: '0' 
05-23 11:29:31.595   182   758 D use-Rlog/RLOG-RIL: [0] get Channel ID '1'
05-23 11:29:31.595   182   758 I use-Rlog/RLOG-RIL: [0] Reference-ril. datalen: 4 ,active 0
05-23 11:29:31.595   182   758 D use-Rlog/RLOG-AT: [0] Channel1: AT> AT+CSCB=0
05-23 11:29:31.595   925   925 W SignalStrength: getLTELevel - rsrp:-77 snr:2147483647 rsrpIconLevel:4 snrIconLevel:-1
05-23 11:29:31.605   182   238 D use-Rlog/RLOG-AT: [0] Channel1: AT< OK
05-23 11:29:31.605   182   758 I use-Rlog/RLOG-RIL: [0] requestSmsBroadcastActivation err 0 ,success 1
05-23 11:29:31.605   182   758 D use-Rlog/RLOG-RILC: [0] [0882]< GSM_SMS_BROADCAST_ACTIVATION
05-23 11:29:31.605   182   758 D use-Rlog/RLOG-RIL: [0] put Channel ID '1'
05-23 11:29:31.605   182   758 I use-Rlog/RLOG-RILC: [0] -->CommandThread [758] free one command
05-23 11:29:31.605   700   751 D RILJ    : [0][4530]< RIL_REQUEST_GSM_BROADCAST_ACTIVATION 
05-23 11:29:31.605   671   671 W SignalStrength: getLTELevel - rsrp:-77 snr:2147483647 rsrpIconLevel:4 snrIconLevel:-1
05-23 11:29:31.605   671   671 W SignalStrength: getLTELevel - rsrp:-77 snr:2147483647 rsrpIconLevel:4 snrIconLevel:-1
05-23 11:29:31.615   671   671 W SignalStrength: getLTELevel - rsrp:-77 snr:2147483647 rsrpIconLevel:4 snrIconLevel:-1
05-23 11:29:31.615   671   671 W SignalStrength: getLevel=4
05-23 11:29:31.615   925   925 W SignalStrength: getLevel=4
05-23 11:29:31.945   700   934 D TD      : switchWIFI in TDPhone.java
05-23 11:29:31.945   700   934 D RILJ    : [0]switchWIFI in RILJ!
05-23 11:29:31.945   700   934 D RILJ    : [0][4531]> RIL_REQUEST_SWITCH_WIFI
05-23 11:29:31.945   182   226 I use-Rlog/RLOG-RILC: [0] enter processCommandsCallback, socket type = 0
05-23 11:29:31.945   182   226 I use-Rlog/RLOG-RILC: [0] enter processCommandsCallback, socket type = 0
05-23 11:29:31.945   182   226 I use-Rlog/RLOG-RILC: [0] PCC  alloc one command p_record
05-23 11:29:31.945   182   941 D use-Rlog/RLOG-RILC: [0] PCB request code 5062 token 883
05-23 11:29:31.945   182   941 D use-Rlog/RLOG-RILC: [0] [0883]> SWITCH_WIFI (1)
05-23 11:29:31.945   182   941 D use-Rlog/RLOG-RIL: [0] onRequest: SWITCH_WIFI sState=4
05-23 11:29:31.945   182   941 D use-Rlog/RLOG-RIL: [0] channel1 state: '0' 
05-23 11:29:31.945   182   941 D use-Rlog/RLOG-RIL: [0] get Channel ID '1'
05-23 11:29:31.945   182   941 D use-Rlog/RLOG-RIL: [0] enter to handle event: RIL_REQUEST_SWITCH_WIFI
05-23 11:29:31.945   182   941 D use-Rlog/RLOG-RIL: [0] RIL_REQUEST_SWITCH_3_WIRE to data value: 5
05-23 11:29:31.945   182   941 D use-Rlog/RLOG-AT: [0] Channel1: AT> AT+SPCLB=5
05-23 11:29:31.955   182   238 D use-Rlog/RLOG-AT: [0] Channel1: AT< OK
05-23 11:29:31.955   182   941 D use-Rlog/RLOG-RIL: [0] response of RIL_REQUEST_SWITCH_WIFI: success!
05-23 11:29:31.955   182   941 D use-Rlog/RLOG-RILC: [0] [0883]< SWITCH_WIFI
