05-23 11:29:29.573   671   942 W SignalStrength: Size of signalstrength parcel:168
05-23 11:29:29.573   592  1401 W SignalStrength: getLTELevel - rsrp:-78 snr:2147483647 rsrpIconLevel:4 snrIconLevel:-1
05-23 11:29:29.573   592  1401 W SignalStrength: getLevel=4
05-23 11:29:29.573   671   671 W SignalStrength: getLTELevel - rsrp:-78 snr:2147483647 rsrpIconLevel:4 snrIconLevel:-1
05-23 11:29:29.573   671   671 W SignalStrength: getLevel=4
05-23 11:29:29.573   671   671 W SignalStrength: getLTELevel - rsrp:-78 snr:2147483647 rsrpIconLevel:4 snrIconLevel:-1
05-23 11:29:29.573   925   958 W SignalStrength: Size of signalstrength parcel:168
05-23 11:29:29.583   925   925 W SignalStrength: getLTELevel - rsrp:-78 snr:2147483647 rsrpIconLevel:4 snrIconLevel:-1
05-23 11:29:29.623   925   925 W SignalStrength: getLevel=4
05-23 11:29:29.633   671   671 W SignalStrength: getLTELevel - rsrp:-78 snr:2147483647 rsrpIconLevel:4 snrIconLevel:-1
05-23 11:29:29.633   671   671 W SignalStrength: getLevel=4
05-23 11:29:29.633   671   671 W SignalStrength: getLTELevel - rsrp:-78 snr:2147483647 rsrpIconLevel:4 snrIconLevel:-1
05-23 11:29:29.633   671   671 W SignalStrength: getLTELevel - rsrp:-78 snr:2147483647 rsrpIconLevel:4 snrIconLevel:-1
05-23 11:29:29.643   671   671 W SignalStrength: getLTELevel - rsrp:-78 snr:2147483647 rsrpIconLevel:4 snrIconLevel:-1
05-23 11:29:29.643   671   671 W SignalStrength: getLTELevel - rsrp:-78 snr:2147483647 rsrpIconLevel:4 snrIconLevel:-1
05-23 11:29:29.643   671   671 W SignalStrength: getLevel=4
05-23 11:29:29.903   700  1261 D TD      : switchWIFI in TDPhone.java
05-23 11:29:29.903   700  1261 D RILJ    : [0]switchWIFI in RILJ!
05-23 11:29:29.903   700  1261 D RILJ    : [0][4516]> RIL_REQUEST_SWITCH_WIFI
05-23 11:29:29.913   182   226 I use-Rlog/RLOG-RILC: [0] enter processCommandsCallback, socket type = 0
05-23 11:29:29.913   182   226 I use-Rlog/RLOG-RILC: [0] enter processCommandsCallback, socket type = 0
05-23 11:29:29.913   182   226 I use-Rlog/RLOG-RILC: [0] PCC  alloc one command p_record
05-23 11:29:29.913   182   758 D use-Rlog/RLOG-RILC: [0] PCB request code 5062 token 868
05-23 11:29:29.913   182   758 D use-Rlog/RLOG-RILC: [0] [0868]> SWITCH_WIFI (0)
05-23 11:29:29.913   182   758 D use-Rlog/RLOG-RIL: [0] onRequest: SWITCH_WIFI sState=4
05-23 11:29:29.913   182   758 D use-Rlog/RLOG-RIL: [0] channel1 state: '0' 
05-23 11:29:29.913   182   758 D use-Rlog/RLOG-RIL: [0] get Channel ID '1'
05-23 11:29:29.913   182   758 D use-Rlog/RLOG-RIL: [0] enter to handle event: RIL_REQUEST_SWITCH_WIFI
05-23 11:29:29.913   182   758 D use-Rlog/RLOG-RIL: [0] RIL_REQUEST_SWITCH_3_WIRE to data value: 4
05-23 11:29:29.913   182   758 D use-Rlog/RLOG-AT: [0] Channel1: AT> AT+SPCLB=4
05-23 11:29:29.913   182   238 D use-Rlog/RLOG-AT: [0] Channel1: AT< OK
05-23 11:29:29.913   182   758 D use-Rlog/RLOG-RIL: [0] response of RIL_REQUEST_SWITCH_WIFI: success!
05-23 11:29:29.913   182   758 D use-Rlog/RLOG-RILC: [0] [0868]< SWITCH_WIFI
05-23 11:29:29.913   182   758 D use-Rlog/RLOG-RIL: [0] put Channel ID '1'
05-23 11:29:29.913   182   758 I use-Rlog/RLOG-RILC: [0] -->CommandThread [758] free one command
05-23 11:29:29.913   700   751 D RILJ    : [0][4516]< RIL_REQUEST_SWITCH_WIFI 
05-23 11:29:30.003   700   700 D CAT     : StkDialogActivity: onPause, sim id: 0
05-23 11:29:30.003   700   700 D CAT     : com.android.stk.StkAppService: NOT CUCC
05-23 11:29:30.133   700   700 D CAT     : StkDialogActivity: onSaveInstanceState
05-23 11:29:30.133   700   700 D CAT     : StkDialogActivity: onStop - before Send CONFIRM false mIsResponseSent[false], sim id: 0
05-23 11:29:30.133   700   700 D CAT     : StkAppService$StkContext: setPendingDialogInstance act : 0, com.android.stk.StkDialogActivity@422c2a60
05-23 11:29:30.143   700  1027 D CAT     : com.android.stk.StkAppService: handleMessage opcode[9], sim id[0]
05-23 11:29:30.143   700  1027 D CAT     : com.android.stk.StkAppService: Set dialog instance. android.app.Activity@4235a7f8
05-23 11:29:30.424   700   700 D DCT     : [DcT(0)] updateDataActivity: curTxRxSum={txSum=92 rxSum=60} preTxRxSum={txSum=92 rxSum=60}
05-23 11:29:30.424   700   700 D DCT     : [DcT(0)] updateDataActivity: sent=0 received=0
05-23 11:29:30.564   182   238 D use-Rlog/RLOG-AT: [0] Channel0: AT< +CESQ: 99,99,255,255,30,78
05-23 11:29:30.564   182   238 D use-Rlog/RLOG-RIL: [0] [unsl] +CESQ enter
05-23 11:29:30.574   182   238 D use-Rlog/RLOG-RILC: [0] [UNSL]< UNSOL_SIGNAL_STRENGTH {[signalStrength=99,bitErrorRate=-1,                CDMA_SS.dbm=-1,CDMA_SSecio=-1,                EVDO_SS.dbm=-1,EVDO_SS.ecio=-1,                EVDO_SS.signalNoiseRatio=-1,                LTE_SS.signalStrength=99,LTE_SS.rsrp=78,LTE_SS.rsrq=2147483647,                LTE_SS.rssnr=2147483647,LTE_SS.cqi=2147483647,TDSCDMA_SS.rscp=0]}
05-23 11:29:30.574   700   751 W SignalStrength: Size of signalstrength parcel:60
05-23 11:29:30.574   700   751 V RILJ    : [0][UNSL]< [0]UNSOL_SIGNAL_STRENGTH SignalStrength: 99 -1 -1 -1 -1 -1 -1 99 78 2147483647 2147483647 2147483647 gsm|lte
05-23 11:29:30.574   700   700 W SignalStrength: Signal before validate=SignalStrength: 99 -1 -1 -1 -1 -1 -1 99 78 2147483647 2147483647 2147483647 gsm|lte
05-23 11:29:30.574   700   700 W SignalStrength: Signal after validate=SignalStrength: 99 -1 -120 -160 -120 -1 -1 99 -78 2147483647 2147483647 2147483647 gsm|lte
05-23 11:29:30.574   592   686 W SignalStrength: Size of signalstrength parcel:164
05-23 11:29:30.574   592   686 W SignalStrength: getLTELevel - rsrp:-78 snr:2147483647 rsrpIconLevel:4 snrIconLevel:-1
05-23 11:29:30.574   671   942 W SignalStrength: Size of signalstrength parcel:168
05-23 11:29:30.574   925   957 W SignalStrength: Size of signalstrength parcel:168
05-23 11:29:30.574   671   671 W SignalStrength: getLTELevel - rsrp:-78 snr:2147483647 rsrpIconLevel:4 snrIconLevel:-1
05-23 11:29:30.574   671   671 W SignalStrength: getLevel=4
05-23 11:29:30.574   671   671 W SignalStrength: getLTELevel - rsrp:-78 snr:2147483647 rsrpIconLevel:4 snrIconLevel:-1
05-23 11:29:30.574   592   686 W SignalStrength: getLevel=4
05-23 11:29:30.584   671   671 W SignalStrength: getLTELevel - rsrp:-78 snr:2147483647 rsrpIconLevel:4 snrIconLevel:-1
05-23 11:29:30.584   671   671 W SignalStrength: getLevel=4
05-23 11:29:30.584   671   671 W SignalStrength: getLTELevel - rsrp:-78 snr:2147483647 rsrpIconLevel:4 snrIconLevel:-1
05-23 11:29:30.584   671   671 W SignalStrength: getLTELevel - rsrp:-78 snr:2147483647 rsrpIconLevel:4 snrIconLevel:-1
05-23 11:29:30.584   671   671 W SignalStrength: getLTELevel - rsrp:-78 snr:2147483647 rsrpIconLevel:4 snrIconLevel:-1
05-23 11:29:30.584   671   671 W SignalStrength: getLTELevel - rsrp:-78 snr:2147483647 rsrpIconLevel:4 snrIconLevel:-1
05-23 11:29:30.584   671   671 W SignalStrength: getLevel=4
05-23 11:29:30.584   925   925 W SignalStrength: getLTELevel - rsrp:-78 snr:2147483647 rsrpIconLevel:4 snrIconLevel:-1
05-23 11:29:30.594   925   925 W SignalStrength: getLevel=4
05-23 11:29:30.594   700   700 D CAT     : BootCompletedReceiver: action:android.intent.action.SERVICE_STATE
05-23 11:29:30.594   700   700 D CAT     : com.android.stk.StkAppService: NOT CUCC
05-23 11:29:30.594   700   700 D CAT     : BootCompletedReceiver: isCUCC: false and isAirPlaneModeOn: false
05-23 11:29:30.594   700   700 D CAT     : BootCompletedReceiver: simCount: 2
05-23 11:29:30.604   700   700 D CAT     : BootCompletedReceiver: SIM 0 isStandby = true
05-23 11:29:30.604   700   700 D CAT     : BootCompletedReceiver: SIM 0 is inserted.
05-23 11:29:30.604   700   700 D CAT     : BootCompletedReceiver: mTm.hasIccCard() =true
05-23 11:29:30.604   700   700 D CAT     : BootCompletedReceiver: appservice =com.android.stk.StkAppService@423898f0
05-23 11:29:30.604   700   700 D CAT     : BootCompletedReceiver: SIM 0 is ready.
05-23 11:29:30.604   700   700 D CAT     : StkAppInstaller: [setAppState] === install
05-23 11:29:30.604   700   700 D CAT     : StkAppInstaller: cName = ComponentInfo{com.android.stk/com.android.stk.StkMain}
05-23 11:29:30.604   700   700 D CAT     : StkAppInstaller: state = 1
05-23 11:29:30.604   700   700 D CAT     : StkAppInstaller: context = android.app.ReceiverRestrictedContext@422f8b78
05-23 11:29:30.604   700   700 D CAT     : StkAppInstaller: Do not need to change STK app state
05-23 11:29:30.604   700   700 D CAT     : StkAppInstaller: [setAppState]-
05-23 11:29:31.084   700   713 D RILJ    : [0][4517]> RIL_REQUEST_GSM_SET_BROADCAST_CONFIG with 1 configs : 
05-23 11:29:31.084   700   713 D RILJ    : [0]SmsBroadcastConfigInfo: Id [4352,4354] Code [0,255] ENABLED
05-23 11:29:31.084   182   226 I use-Rlog/RLOG-RILC: [0] enter processCommandsCallback, socket type = 0
05-23 11:29:31.084   182   226 I use-Rlog/RLOG-RILC: [0] enter processCommandsCallback, socket type = 0
05-23 11:29:31.084   182   226 I use-Rlog/RLOG-RILC: [0] PCC  alloc one command p_record
05-23 11:29:31.084   182   941 D use-Rlog/RLOG-RILC: [0] PCB request code 90 token 869
05-23 11:29:31.094   182   941 D use-Rlog/RLOG-RIL: [0] onRequest: GSM_SET_BROADCAST_SMS_CONFIG sState=4
05-23 11:29:31.094   182   941 D use-Rlog/RLOG-RIL: [0] channel1 state: '0' 
05-23 11:29:31.094   182   941 D use-Rlog/RLOG-RIL: [0] get Channel ID '1'
05-23 11:29:31.094   182   941 D use-Rlog/RLOG-RIL: [0] Reference-ril. requestSetSmsBroadcastConfig 4 ,count 1
05-23 11:29:31.094   182   941 I use-Rlog/RLOG-RIL: [0] Reference-ril. setSmsBroadcastConfigValue value 4352
05-23 11:29:31.094   182   941 I use-Rlog/RLOG-RIL: [0] Reference-ril. setSmsBroadcastConfigValue value 4352
05-23 11:29:31.094   182   941 I use-Rlog/RLOG-RIL: [0] Reference-ril. setSmsBroadcastConfigValue out_value 4352
05-23 11:29:31.104   182   941 I use-Rlog/RLOG-RIL: [0] Reference-ril. setSmsBroadcastConfigData  
05-23 11:29:31.104   182   941 I use-Rlog/RLOG-RIL: [0] Reference-ril. setSmsBroadcastConfigData (1) 
05-23 11:29:31.104   182   941 I use-Rlog/RLOG-RIL: [0] Reference-ril. setSmsBroadcastConfigData  ret_char "4352 , len 5
05-23 11:29:31.104   182   941 I use-Rlog/RLOG-RIL: [0] Reference-ril. requestSetSmsBroadcastConfig channel "4352 ,5 
05-23 11:29:31.104   182   941 I use-Rlog/RLOG-RIL: [0] Reference-ril. setSmsBroadcastConfigValue value 4354
05-23 11:29:31.104   182   941 I use-Rlog/RLOG-RIL: [0] Reference-ril. setSmsBroadcastConfigValue value 4354
05-23 11:29:31.104   182   941 I use-Rlog/RLOG-RIL: [0] Reference-ril. setSmsBroadcastConfigValue out_value 4354
05-23 11:29:31.104   182   941 I use-Rlog/RLOG-RIL: [0] Reference-ril. setSmsBroadcastConfigData  
05-23 11:29:31.104   182   941 I use-Rlog/RLOG-RIL: [0] Reference-ril. setSmsBroadcastConfigData (1) 
05-23 11:29:31.104   182   941 I use-Rlog/RLOG-RIL: [0] Reference-ril. setSmsBroadcastConfigData  ret_char -4354 , len 5
05-23 11:29:31.104   182   941 I use-Rlog/RLOG-RIL: [0] Reference-ril. requestSetSmsBroadcastConfig channel "4352-4354 ,10
05-23 11:29:31.104   182   941 I use-Rlog/RLOG-RIL: [0] Reference-ril. setSmsBroadcastConfigValue value 0
05-23 11:29:31.104   182   941 I use-Rlog/RLOG-RIL: [0] Reference-ril. setSmsBroadcastConfigValue value 0
05-23 11:29:31.104   182   941 I use-Rlog/RLOG-RIL: [0] Reference-ril. setSmsBroadcastConfigValue out_value 0
05-23 11:29:31.104   182   941 I use-Rlog/RLOG-RIL: [0] Reference-ril. setSmsBroadcastConfigData  
05-23 11:29:31.104   182   941 I use-Rlog/RLOG-RIL: [0] Reference-ril. setSmsBroadcastConfigData (1) 
05-23 11:29:31.104   182   941 I use-Rlog/RLOG-RIL: [0] Reference-ril. setSmsBroadcastConfigData  ret_char "0 , len 2
05-23 11:29:31.104   182   941 I use-Rlog/RLOG-RIL: [0] Reference-ril. requestSetSmsBroadcastConfig lang "0, 2
05-23 11:29:31.104   182   941 I use-Rlog/RLOG-RIL: [0] Reference-ril. setSmsBroadcastConfigValue value 255
05-23 11:29:31.104   182   941 I use-Rlog/RLOG-RIL: [0] Reference-ril. setSmsBroadcastConfigValue value 255
05-23 11:29:31.104   182   941 I use-Rlog/RLOG-RIL: [0] Reference-ril. setSmsBroadcastConfigValue out_value 255
05-23 11:29:31.104   182   941 I use-Rlog/RLOG-RIL: [0] Reference-ril. setSmsBroadcastConfigData  
05-23 11:29:31.104   182   941 I use-Rlog/RLOG-RIL: [0] Reference-ril. setSmsBroadcastConfigData (1) 
05-23 11:29:31.104   182   941 I use-Rlog/RLOG-RIL: [0] Reference-ril. setSmsBroadcastConfigData  ret_char -255 , len 4
05-23 11:29:31.104   182   941 I use-Rlog/RLOG-RIL: [0] Reference-ril. requestSetSmsBroadcastConfig lang "0-255, 6
05-23 11:29:31.104   182   941 I use-Rlog/RLOG-RIL: [0] Reference-ril. requestSetSmsBroadcastConfig cmd AT+CSCB=0,"4352-4354","0-255"
05-23 11:29:31.104   182   941 D use-Rlog/RLOG-AT: [0] Channel1: AT> AT+CSCB=0,"4352-4354","0-255"
05-23 11:29:31.104   182   238 D use-Rlog/RLOG-AT: [0] Channel1: AT< OK
05-23 11:29:31.104   182   941 I use-Rlog/RLOG-RIL: [0] requestSetSmsBroadcastConfig err 0 ,success 1
05-23 11:29:31.104   182   941 D use-Rlog/RLOG-RILC: [0] [0869]< GSM_SET_BROADCAST_SMS_CONFIG
05-23 11:29:31.104   182   941 D RIL     : requestSetSmsBroadcastConfig enable 0
05-23 11:29:31.104   182   941 D RIL     : requestSetSmsBroadcastConfig channel1[j] = 4352
05-23 11:29:31.104   182   941 D use-Rlog/RLOG-RIL: [0] put Channel ID '1'
05-23 11:29:31.104   182   941 I use-Rlog/RLOG-RILC: [0] -->CommandThread [941] free one command
05-23 11:29:31.114   700   751 D RILJ    : [0][4517]< RIL_REQUEST_GSM_SET_BROADCAST_CONFIG 
05-23 11:29:31.164   700   713 D RILJ    : [0][4518]> RIL_REQUEST_GSM_BROADCAST_ACTIVATION
05-23 11:29:31.164   182   226 I use-Rlog/RLOG-RILC: [0] enter processCommandsCallback, socket type = 0
05-23 11:29:31.164   182   226 I use-Rlog/RLOG-RILC: [0] PCC  alloc one command p_record
05-23 11:29:31.164   182   758 D use-Rlog/RLOG-RILC: [0] PCB request code 91 token 870
05-23 11:29:31.164   182   758 D use-Rlog/RLOG-RILC: [0] [0870]> GSM_SMS_BROADCAST_ACTIVATION (0)
05-23 11:29:31.164   182   758 D use-Rlog/RLOG-RIL: [0] onRequest: GSM_SMS_BROADCAST_ACTIVATION sState=4
05-23 11:29:31.164   182   758 D use-Rlog/RLOG-RIL: [0] channel1 state: '0' 
05-23 11:29:31.164   182   758 D use-Rlog/RLOG-RIL: [0] get Channel ID '1'
05-23 11:29:31.164   182   758 I use-Rlog/RLOG-RIL: [0] Reference-ril. datalen: 4 ,active 0
05-23 11:29:31.164   182   758 D use-Rlog/RLOG-AT: [0] Channel1: AT> AT+CSCB=0
05-23 11:29:31.405   182   238 D use-Rlog/RLOG-AT: [0] Channel1: AT< OK
05-23 11:29:31.405   182   758 I use-Rlog/RLOG-RIL: [0] requestSmsBroadcastActivation err 0 ,success 1
05-23 11:29:31.405   182   758 D use-Rlog/RLOG-RILC: [0] [0870]< GSM_SMS_BROADCAST_ACTIVATION
05-23 11:29:31.405   182   758 D use-Rlog/RLOG-RIL: [0] put Channel ID '1'
05-23 11:29:31.405   182   758 I use-Rlog/RLOG-RILC: [0] -->CommandThread [758] free one command
05-23 11:29:31.405   700   751 D RILJ    : [0][4518]< RIL_REQUEST_GSM_BROADCAST_ACTIVATION 
05-23 11:29:31.415   700   934 D RILJ    : [0][4519]> RIL_REQUEST_GSM_SET_BROADCAST_CONFIG with 2 configs : 
05-23 11:29:31.415   700   934 D RILJ    : [0]SmsBroadcastConfigInfo: Id [4352,4354] Code [0,255] ENABLED
05-23 11:29:31.415   700   934 D RILJ    : [0]SmsBroadcastConfigInfo: Id [4356,4356] Code [0,255] ENABLED
05-23 11:29:31.415   182   226 I use-Rlog/RLOG-RILC: [0] enter processCommandsCallback, socket type = 0
05-23 11:29:31.415   182   226 I use-Rlog/RLOG-RILC: [0] enter processCommandsCallback, socket type = 0
05-23 11:29:31.415   182   226 I use-Rlog/RLOG-RILC: [0] PCC  alloc one command p_record
05-23 11:29:31.415   182   941 D use-Rlog/RLOG-RILC: [0] PCB request code 90 token 871
05-23 11:29:31.415   182   941 D use-Rlog/RLOG-RIL: [0] onRequest: GSM_SET_BROADCAST_SMS_CONFIG sState=4
05-23 11:29:31.415   182   941 D use-Rlog/RLOG-RIL: [0] channel1 state: '0' 
05-23 11:29:31.415   182   941 D use-Rlog/RLOG-RIL: [0] get Channel ID '1'
05-23 11:29:31.415   182   941 D use-Rlog/RLOG-RIL: [0] Reference-ril. requestSetSmsBroadcastConfig 8 ,count 2
05-23 11:29:31.415   182   941 I use-Rlog/RLOG-RIL: [0] Reference-ril. setSmsBroadcastConfigValue value 4352
05-23 11:29:31.415   182   941 I use-Rlog/RLOG-RIL: [0] Reference-ril. setSmsBroadcastConfigValue value 4352
05-23 11:29:31.415   182   941 I use-Rlog/RLOG-RIL: [0] Reference-ril. setSmsBroadcastConfigValue out_value 4352
05-23 11:29:31.415   182   941 I use-Rlog/RLOG-RIL: [0] Reference-ril. setSmsBroadcastConfigData  
05-23 11:29:31.415   182   941 I use-Rlog/RLOG-RIL: [0] Reference-ril. setSmsBroadcastConfigData (1) 
05-23 11:29:31.415   182   941 I use-Rlog/RLOG-RIL: [0] Reference-ril. setSmsBroadcastConfigData  ret_char "4352 , len 5
05-23 11:29:31.415   182   941 I use-Rlog/RLOG-RIL: [0] Reference-ril. requestSetSmsBroadcastConfig channel "4352 ,5 
05-23 11:29:31.415   182   941 I use-Rlog/RLOG-RIL: [0] Reference-ril. setSmsBroadcastConfigValue value 4354
05-23 11:29:31.415   182   941 I use-Rlog/RLOG-RIL: [0] Reference-ril. setSmsBroadcastConfigValue value 4354
05-23 11:29:31.415   182   941 I use-Rlog/RLOG-RIL: [0] Reference-ril. setSmsBroadcastConfigValue out_value 4354
05-23 11:29:31.415   182   941 I use-Rlog/RLOG-RIL: [0] Reference-ril. setSmsBroadcastConfigData  
05-23 11:29:31.415   182   941 I use-Rlog/RLOG-RIL: [0] Reference-ril. setSmsBroadcastConfigData (1) 
05-23 11:29:31.415   182   941 I use-Rlog/RLOG-RIL: [0] Reference-ril. setSmsBroadcastConfigData  ret_char -4354 , len 5
05-23 11:29:31.415   182   941 I use-Rlog/RLOG-RIL: [0] Reference-ril. requestSetSmsBroadcastConfig channel "4352-4354 ,10
05-23 11:29:31.415   182   941 I use-Rlog/RLOG-RIL: [0] Reference-ril. setSmsBroadcastConfigValue value 0
05-23 11:29:31.415   182   941 I use-Rlog/RLOG-RIL: [0] Reference-ril. setSmsBroadcastConfigValue value 0
05-23 11:29:31.415   182   941 I use-Rlog/RLOG-RIL: [0] Reference-ril. setSmsBroadcastConfigValue out_value 0
05-23 11:29:31.415   182   941 I use-Rlog/RLOG-RIL: [0] Reference-ril. setSmsBroadcastConfigData  
05-23 11:29:31.415   182   941 I use-Rlog/RLOG-RIL: [0] Reference-ril. setSmsBroadcastConfigData (1) 
05-23 11:29:31.415   182   941 I use-Rlog/RLOG-RIL: [0] Reference-ril. setSmsBroadcastConfigData  ret_char "0 , len 2
05-23 11:29:31.415   182   941 I use-Rlog/RLOG-RIL: [0] Reference-ril. requestSetSmsBroadcastConfig lang "0, 2
05-23 11:29:31.415   182   941 I use-Rlog/RLOG-RIL: [0] Reference-ril. setSmsBroadcastConfigValue value 255
05-23 11:29:31.415   182   941 I use-Rlog/RLOG-RIL: [0] Reference-ril. setSmsBroadcastConfigValue value 255
05-23 11:29:31.415   182   941 I use-Rlog/RLOG-RIL: [0] Reference-ril. setSmsBroadcastConfigValue out_value 255
05-23 11:29:31.415   182   941 I use-Rlog/RLOG-RIL: [0] Reference-ril. setSmsBroadcastConfigData  
05-23 11:29:31.415   182   941 I use-Rlog/RLOG-RIL: [0] Reference-ril. setSmsBroadcastConfigData (1) 
05-23 11:29:31.415   182   941 I use-Rlog/RLOG-RIL: [0] Reference-ril. setSmsBroadcastConfigData  ret_char -255 , len 4
05-23 11:29:31.415   182   941 I use-Rlog/RLOG-RIL: [0] Reference-ril. requestSetSmsBroadcastConfig lang "0-255, 6
05-23 11:29:31.415   182   941 I use-Rlog/RLOG-RIL: [0] Reference-ril. setSmsBroadcastConfigValue value 4356
05-23 11:29:31.415   182   941 I use-Rlog/RLOG-RIL: [0] Reference-ril. setSmsBroadcastConfigValue value 4356
05-23 11:29:31.415   182   941 I use-Rlog/RLOG-RIL: [0] Reference-ril. setSmsBroadcastConfigValue out_value 4356
05-23 11:29:31.415   182   941 I use-Rlog/RLOG-RIL: [0] Reference-ril. setSmsBroadcastConfigData  
05-23 11:29:31.415   182   941 I use-Rlog/RLOG-RIL: [0] Reference-ril. setSmsBroadcastConfigData (1) 
05-23 11:29:31.415   182   941 I use-Rlog/RLOG-RIL: [0] Reference-ril. setSmsBroadcastConfigData  ret_char ,4356 , len 5
05-23 11:29:31.415   182   941 I use-Rlog/RLOG-RIL: [0] Reference-ril. requestSetSmsBroadcastConfig channel "4352-4354,4356 ,15 
05-23 11:29:31.415   182   941 I use-Rlog/RLOG-RIL: [0] Reference-ril. setSmsBroadcastConfigValue value 0
05-23 11:29:31.415   182   941 I use-Rlog/RLOG-RIL: [0] Reference-ril. setSmsBroadcastConfigValue value 0
05-23 11:29:31.415   182   941 I use-Rlog/RLOG-RIL: [0] Reference-ril. setSmsBroadcastConfigValue out_value 0
05-23 11:29:31.415   182   941 I use-Rlog/RLOG-RIL: [0] Reference-ril. setSmsBroadcastConfigData  
05-23 11:29:31.415   182   941 I use-Rlog/RLOG-RIL: [0] Reference-ril. setSmsBroadcastConfigData (1) 
05-23 11:29:31.415   182   941 I use-Rlog/RLOG-RIL: [0] Reference-ril. setSmsBroadcastConfigData  ret_char ,0 , len 2
05-23 11:29:31.415   182   941 I use-Rlog/RLOG-RIL: [0] Reference-ril. requestSetSmsBroadcastConfig lang "0-255,0, 8
05-23 11:29:31.415   182   941 I use-Rlog/RLOG-RIL: [0] Reference-ril. setSmsBroadcastConfigValue value 255
05-23 11:29:31.415   182   941 I use-Rlog/RLOG-RIL: [0] Reference-ril. setSmsBroadcastConfigValue value 255
05-23 11:29:31.415   182   941 I use-Rlog/RLOG-RIL: [0] Reference-ril. setSmsBroadcastConfigValue out_value 255
05-23 11:29:31.415   182   941 I use-Rlog/RLOG-RIL: [0] Reference-ril. setSmsBroadcastConfigData  
05-23 11:29:31.415   182   941 I use-Rlog/RLOG-RIL: [0] Reference-ril. setSmsBroadcastConfigData (1) 
05-23 11:29:31.415   182   941 I use-Rlog/RLOG-RIL: [0] Reference-ril. setSmsBroadcastConfigData  ret_char -255 , len 4
05-23 11:29:31.415   182   941 I use-Rlog/RLOG-RIL: [0] Reference-ril. requestSetSmsBroadcastConfig lang "0-255,0-255, 12
05-23 11:29:31.415   182   941 I use-Rlog/RLOG-RIL: [0] Reference-ril. requestSetSmsBroadcastConfig cmd AT+CSCB=0,"4352-4354,4356","0-255,0-255"
05-23 11:29:31.415   182   941 D use-Rlog/RLOG-AT: [0] Channel1: AT> AT+CSCB=0,"4352-4354,4356","0-255,0-255"
05-23 11:29:31.415   182   238 D use-Rlog/RLOG-AT: [0] Channel1: AT< OK
05-23 11:29:31.425   182   941 I use-Rlog/RLOG-RIL: [0] requestSetSmsBroadcastConfig err 0 ,success 1
05-23 11:29:31.425   182   941 D use-Rlog/RLOG-RILC: [0] [0871]< GSM_SET_BROADCAST_SMS_CONFIG
05-23 11:29:31.425   182   941 D RIL     : requestSetSmsBroadcastConfig enable 0
05-23 11:29:31.425   182   941 D RIL     : requestSetSmsBroadcastConfig channel1[j] = 4352
05-23 11:29:31.425   182   941 D use-Rlog/RLOG-RIL: [0] put Channel ID '1'
05-23 11:29:31.425   182   941 I use-Rlog/RLOG-RILC: [0] -->CommandThread [941] free one command
05-23 11:29:31.425   700   751 D RILJ    : [0][4519]< RIL_REQUEST_GSM_SET_BROADCAST_CONFIG 
05-23 11:29:31.425   700   700 D DCT     : [DcT(0)] updateDataActivity: curTxRxSum={txSum=92 rxSum=60} preTxRxSum={txSum=92 rxSum=60}
05-23 11:29:31.425   700   700 D DCT     : [DcT(0)] updateDataActivity: sent=0 received=0
05-23 11:29:31.425   700   934 D RILJ    : [0][4520]> RIL_REQUEST_GSM_BROADCAST_ACTIVATION
05-23 11:29:31.435   182   226 I use-Rlog/RLOG-RILC: [0] enter processCommandsCallback, socket type = 0
05-23 11:29:31.435   182   226 I use-Rlog/RLOG-RILC: [0] enter processCommandsCallback, socket type = 0
05-23 11:29:31.435   182   226 I use-Rlog/RLOG-RILC: [0] PCC  alloc one command p_record
05-23 11:29:31.435   182   758 D use-Rlog/RLOG-RILC: [0] PCB request code 91 token 872
05-23 11:29:31.435   182   758 D use-Rlog/RLOG-RILC: [0] [0872]> GSM_SMS_BROADCAST_ACTIVATION (0)
05-23 11:29:31.435   182   758 D use-Rlog/RLOG-RIL: [0] onRequest: GSM_SMS_BROADCAST_ACTIVATION sState=4
05-23 11:29:31.435   182   758 D use-Rlog/RLOG-RIL: [0] channel1 state: '0' 
05-23 11:29:31.435   182   758 D use-Rlog/RLOG-RIL: [0] get Channel ID '1'
05-23 11:29:31.435   182   758 I use-Rlog/RLOG-RIL: [0] Reference-ril. datalen: 4 ,active 0
05-23 11:29:31.435   182   758 D use-Rlog/RLOG-AT: [0] Channel1: AT> AT+CSCB=0
05-23 11:29:31.435   182   238 D use-Rlog/RLOG-AT: [0] Channel1: AT< OK
05-23 11:29:31.435   182   758 I use-Rlog/RLOG-RIL: [0] requestSmsBroadcastActivation err 0 ,success 1
05-23 11:29:31.435   182   758 D use-Rlog/RLOG-RILC: [0] [0872]< GSM_SMS_BROADCAST_ACTIVATION
05-23 11:29:31.435   182   758 D use-Rlog/RLOG-RIL: [0] put Channel ID '1'
05-23 11:29:31.435   182   758 I use-Rlog/RLOG-RILC: [0] -->CommandThread [758] free one command
05-23 11:29:31.435   700   751 D RILJ    : [0][4520]< RIL_REQUEST_GSM_BROADCAST_ACTIVATION 
05-23 11:29:31.445   700   710 D RILJ    : [0][4521]> RIL_REQUEST_GSM_SET_BROADCAST_CONFIG with 3 configs : 
05-23 11:29:31.445   700   710 D RILJ    : [0]SmsBroadcastConfigInfo: Id [4352,4354] Code [0,255] ENABLED
05-23 11:29:31.445   700   710 D RILJ    : [0]SmsBroadcastConfigInfo: Id [4356,4356] Code [0,255] ENABLED
05-23 11:29:31.445   700   710 D RILJ    : [0]SmsBroadcastConfigInfo: Id [4371,4372] Code [0,255] ENABLED
05-23 11:29:31.445   182   226 I use-Rlog/RLOG-RILC: [0] enter processCommandsCallback, socket type = 0
05-23 11:29:31.445   182   226 I use-Rlog/RLOG-RILC: [0] enter processCommandsCallback, socket type = 0
05-23 11:29:31.445   182   226 I use-Rlog/RLOG-RILC: [0] PCC  alloc one command p_record
05-23 11:29:31.445   182   941 D use-Rlog/RLOG-RILC: [0] PCB request code 90 token 873
05-23 11:29:31.445   182   941 D use-Rlog/RLOG-RIL: [0] onRequest: GSM_SET_BROADCAST_SMS_CONFIG sState=4
05-23 11:29:31.445   182   941 D use-Rlog/RLOG-RIL: [0] channel1 state: '0' 
05-23 11:29:31.445   182   941 D use-Rlog/RLOG-RIL: [0] get Channel ID '1'
05-23 11:29:31.445   182   941 D use-Rlog/RLOG-RIL: [0] Reference-ril. requestSetSmsBroadcastConfig 12 ,count 3
05-23 11:29:31.445   182   941 I use-Rlog/RLOG-RIL: [0] Reference-ril. setSmsBroadcastConfigValue value 4352
05-23 11:29:31.445   182   941 I use-Rlog/RLOG-RIL: [0] Reference-ril. setSmsBroadcastConfigValue value 4352
05-23 11:29:31.445   182   941 I use-Rlog/RLOG-RIL: [0] Reference-ril. setSmsBroadcastConfigValue out_value 4352
05-23 11:29:31.445   182   941 I use-Rlog/RLOG-RIL: [0] Reference-ril. setSmsBroadcastConfigData  
05-23 11:29:31.445   182   941 I use-Rlog/RLOG-RIL: [0] Reference-ril. setSmsBroadcastConfigData (1) 
05-23 11:29:31.445   182   941 I use-Rlog/RLOG-RIL: [0] Reference-ril. setSmsBroadcastConfigData  ret_char "4352 , len 5
05-23 11:29:31.445   182   941 I use-Rlog/RLOG-RIL: [0] Reference-ril. requestSetSmsBroadcastConfig channel "4352 ,5 
05-23 11:29:31.445   182   941 I use-Rlog/RLOG-RIL: [0] Reference-ril. setSmsBroadcastConfigValue value 4354
05-23 11:29:31.445   182   941 I use-Rlog/RLOG-RIL: [0] Reference-ril. setSmsBroadcastConfigValue value 4354
05-23 11:29:31.445   182   941 I use-Rlog/RLOG-RIL: [0] Reference-ril. setSmsBroadcastConfigValue out_value 4354
05-23 11:29:31.445   182   941 I use-Rlog/RLOG-RIL: [0] Reference-ril. setSmsBroadcastConfigData  
05-23 11:29:31.445   182   941 I use-Rlog/RLOG-RIL: [0] Reference-ril. setSmsBroadcastConfigData (1) 
05-23 11:29:31.445   182   941 I use-Rlog/RLOG-RIL: [0] Reference-ril. setSmsBroadcastConfigData  ret_char -4354 , len 5
05-23 11:29:31.445   182   941 I use-Rlog/RLOG-RIL: [0] Reference-ril. requestSetSmsBroadcastConfig channel "4352-4354 ,10
05-23 11:29:31.445   182   941 I use-Rlog/RLOG-RIL: [0] Reference-ril. setSmsBroadcastConfigValue value 0
05-23 11:29:31.445   182   941 I use-Rlog/RLOG-RIL: [0] Reference-ril. setSmsBroadcastConfigValue value 0
05-23 11:29:31.445   182   941 I use-Rlog/RLOG-RIL: [0] Reference-ril. setSmsBroadcastConfigValue out_value 0
05-23 11:29:31.445   182   941 I use-Rlog/RLOG-RIL: [0] Reference-ril. setSmsBroadcastConfigData  
05-23 11:29:31.445   182   941 I use-Rlog/RLOG-RIL: [0] Reference-ril. setSmsBroadcastConfigData (1) 
05-23 11:29:31.445   182   941 I use-Rlog/RLOG-RIL: [0] Reference-ril. setSmsBroadcastConfigData  ret_char "0 , len 2
05-23 11:29:31.445   182   941 I use-Rlog/RLOG-RIL: [0] Reference-ril. requestSetSmsBroadcastConfig lang "0, 2
05-23 11:29:31.445   182   941 I use-Rlog/RLOG-RIL: [0] Reference-ril. setSmsBroadcastConfigValue value 255
05-23 11:29:31.445   182   941 I use-Rlog/RLOG-RIL: [0] Reference-ril. setSmsBroadcastConfigValue value 255
05-23 11:29:31.445   182   941 I use-Rlog/RLOG-RIL: [0] Reference-ril. setSmsBroadcastConfigValue out_value 255
05-23 11:29:31.445   182   941 I use-Rlog/RLOG-RIL: [0] Reference-ril. setSmsBroadcastConfigData  
05-23 11:29:31.445   182   941 I use-Rlog/RLOG-RIL: [0] Reference-ril. setSmsBroadcastConfigData (1) 
05-23 11:29:31.445   182   941 I use-Rlog/RLOG-RIL: [0] Reference-ril. setSmsBroadcastConfigData  ret_char -255 , len 4
05-23 11:29:31.445   182   941 I use-Rlog/RLOG-RIL: [0] Reference-ril. requestSetSmsBroadcastConfig lang "0-255, 6
05-23 11:29:31.445   182   941 I use-Rlog/RLOG-RIL: [0] Reference-ril. setSmsBroadcastConfigValue value 4356
05-23 11:29:31.445   182   941 I use-Rlog/RLOG-RIL: [0] Reference-ril. setSmsBroadcastConfigValue value 4356
05-23 11:29:31.445   182   941 I use-Rlog/RLOG-RIL: [0] Reference-ril. setSmsBroadcastConfigValue out_value 4356
05-23 11:29:31.445   182   941 I use-Rlog/RLOG-RIL: [0] Reference-ril. setSmsBroadcastConfigData  
05-23 11:29:31.445   182   941 I use-Rlog/RLOG-RIL: [0] Reference-ril. setSmsBroadcastConfigData (1) 
05-23 11:29:31.445   182   941 I use-Rlog/RLOG-RIL: [0] Reference-ril. setSmsBroadcastConfigData  ret_char ,4356 , len 5
05-23 11:29:31.445   182   941 I use-Rlog/RLOG-RIL: [0] Reference-ril. requestSetSmsBroadcastConfig channel "4352-4354,4356 ,15 
05-23 11:29:31.445   182   941 I use-Rlog/RLOG-RIL: [0] Reference-ril. setSmsBroadcastConfigValue value 0
05-23 11:29:31.445   182   941 I use-Rlog/RLOG-RIL: [0] Reference-ril. setSmsBroadcastConfigValue value 0
05-23 11:29:31.445   182   941 I use-Rlog/RLOG-RIL: [0] Reference-ril. setSmsBroadcastConfigValue out_value 0
05-23 11:29:31.445   182   941 I use-Rlog/RLOG-RIL: [0] Reference-ril. setSmsBroadcastConfigData  
05-23 11:29:31.445   182   941 I use-Rlog/RLOG-RIL: [0] Reference-ril. setSmsBroadcastConfigData (1) 
05-23 11:29:31.445   182   941 I use-Rlog/RLOG-RIL: [0] Reference-ril. setSmsBroadcastConfigData  ret_char ,0 , len 2
05-23 11:29:31.445   182   941 I use-Rlog/RLOG-RIL: [0] Reference-ril. requestSetSmsBroadcastConfig lang "0-255,0, 8
05-23 11:29:31.445   182   941 I use-Rlog/RLOG-RIL: [0] Reference-ril. setSmsBroadcastConfigValue value 255
05-23 11:29:31.445   182   941 I use-Rlog/RLOG-RIL: [0] Reference-ril. setSmsBroadcastConfigValue value 255
05-23 11:29:31.445   182   941 I use-Rlog/RLOG-RIL: [0] Reference-ril. setSmsBroadcastConfigValue out_value 255
05-23 11:29:31.445   182   941 I use-Rlog/RLOG-RIL: [0] Reference-ril. setSmsBroadcastConfigData  
05-23 11:29:31.445   182   941 I use-Rlog/RLOG-RIL: [0] Reference-ril. setSmsBroadcastConfigData (1) 
05-23 11:29:31.445   182   941 I use-Rlog/RLOG-RIL: [0] Reference-ril. setSmsBroadcastConfigData  ret_char -255 , len 4
05-23 11:29:31.445   182   941 I use-Rlog/RLOG-RIL: [0] Reference-ril. requestSetSmsBroadcastConfig lang "0-255,0-255, 12
05-23 11:29:31.445   182   941 I use-Rlog/RLOG-RIL: [0] Reference-ril. setSmsBroadcastConfigValue value 4371
05-23 11:29:31.445   182   941 I use-Rlog/RLOG-RIL: [0] Reference-ril. setSmsBroadcastConfigValue value 4371
05-23 11:29:31.445   182   941 I use-Rlog/RLOG-RIL: [0] Reference-ril. setSmsBroadcastConfigValue out_value 4371
05-23 11:29:31.445   182   941 I use-Rlog/RLOG-RIL: [0] Reference-ril. setSmsBroadcastConfigData  
05-23 11:29:31.445   182   941 I use-Rlog/RLOG-RIL: [0] Reference-ril. setSmsBroadcastConfigData (1) 
05-23 11:29:31.445   182   941 I use-Rlog/RLOG-RIL: [0] Reference-ril. setSmsBroadcastConfigData  ret_char ,4371 , len 5
05-23 11:29:31.445   182   941 I use-Rlog/RLOG-RIL: [0] Reference-ril. requestSetSmsBroadcastConfig channel "4352-4354,4356,4371 ,20 
05-23 11:29:31.445   182   941 I use-Rlog/RLOG-RIL: [0] Reference-ril. setSmsBroadcastConfigValue value 4372
05-23 11:29:31.445   182   941 I use-Rlog/RLOG-RIL: [0] Reference-ril. setSmsBroadcastConfigValue value 4372
05-23 11:29:31.445   182   941 I use-Rlog/RLOG-RIL: [0] Reference-ril. setSmsBroadcastConfigValue out_value 4372
05-23 11:29:31.445   182   941 I use-Rlog/RLOG-RIL: [0] Reference-ril. setSmsBroadcastConfigData  
05-23 11:29:31.445   182   941 I use-Rlog/RLOG-RIL: [0] Reference-ril. setSmsBroadcastConfigData (1) 
05-23 11:29:31.445   182   941 I use-Rlog/RLOG-RIL: [0] Reference-ril. setSmsBroadcastConfigData  ret_char -4372 , len 5
05-23 11:29:31.445   182   941 I use-Rlog/RLOG-RIL: [0] Reference-ril. requestSetSmsBroadcastConfig channel "4352-4354,4356,4371-4372 ,25
05-23 11:29:31.445   182   941 I use-Rlog/RLOG-RIL: [0] Reference-ril. setSmsBroadcastConfigValue value 0
05-23 11:29:31.445   182   941 I use-Rlog/RLOG-RIL: [0] Reference-ril. setSmsBroadcastConfigValue value 0
05-23 11:29:31.445   182   941 I use-Rlog/RLOG-RIL: [0] Reference-ril. setSmsBroadcastConfigValue out_value 0
05-23 11:29:31.445   182   941 I use-Rlog/RLOG-RIL: [0] Reference-ril. setSmsBroadcastConfigData  
05-23 11:29:31.445   182   941 I use-Rlog/RLOG-RIL: [0] Reference-ril. setSmsBroadcastConfigData (1) 
05-23 11:29:31.445   182   941 I use-Rlog/RLOG-RIL: [0] Reference-ril. setSmsBroadcastConfigData  ret_char ,0 , len 2
05-23 11:29:31.445   182   941 I use-Rlog/RLOG-RIL: [0] Reference-ril. requestSetSmsBroadcastConfig lang "0-255,0-255,0, 14
05-23 11:29:31.445   182   941 I use-Rlog/RLOG-RIL: [0] Reference-ril. setSmsBroadcastConfigValue value 255
05-23 11:29:31.445   182   941 I use-Rlog/RLOG-RIL: [0] Reference-ril. setSmsBroadcastConfigValue value 255
05-23 11:29:31.445   182   941 I use-Rlog/RLOG-RIL: [0] Reference-ril. setSmsBroadcastConfigValue out_value 255
05-23 11:29:31.445   182   941 I use-Rlog/RLOG-RIL: [0] Reference-ril. setSmsBroadcastConfigData  
05-23 11:29:31.445   182   941 I use-Rlog/RLOG-RIL: [0] Reference-ril. setSmsBroadcastConfigData (1) 
05-23 11:29:31.445   182   941 I use-Rlog/RLOG-RIL: [0] Reference-ril. setSmsBroadcastConfigData  ret_char -255 , len 4
05-23 11:29:31.445   182   941 I use-Rlog/RLOG-RIL: [0] Reference-ril. requestSetSmsBroadcastConfig lang "0-255,0-255,0-255, 18
05-23 11:29:31.445   182   941 I use-Rlog/RLOG-RIL: [0] Reference-ril. requestSetSmsBroadcastConfig cmd AT+CSCB=0,"4352-4354,4356,4371-4372","0-255,0-255,0-255"
05-23 11:29:31.445   182   941 D use-Rlog/RLOG-AT: [0] Channel1: AT> AT+CSCB=0,"4352-4354,4356,4371-4372","0-255,0-255,0-255"
05-23 11:29:31.445   182   238 D use-Rlog/RLOG-AT: [0] Channel1: AT< OK
05-23 11:29:31.445   182   941 I use-Rlog/RLOG-RIL: [0] requestSetSmsBroadcastConfig err 0 ,success 1
05-23 11:29:31.445   182   941 D use-Rlog/RLOG-RILC: [0] [0873]< GSM_SET_BROADCAST_SMS_CONFIG
05-23 11:29:31.445   182   941 D RIL     : requestSetSmsBroadcastConfig enable 0
05-23 11:29:31.445   182   941 D RIL     : requestSetSmsBroadcastConfig channel1[j] = 4352
05-23 11:29:31.445   182   941 D use-Rlog/RLOG-RIL: [0] put Channel ID '1'
05-23 11:29:31.445   182   941 I use-Rlog/RLOG-RILC: [0] -->CommandThread [941] free one command
05-23 11:29:31.445   700   751 D RILJ    : [0][4521]< RIL_REQUEST_GSM_SET_BROADCAST_CONFIG 
05-23 11:29:31.445   700   710 D RILJ    : [0][4522]> RIL_REQUEST_GSM_BROADCAST_ACTIVATION
05-23 11:29:31.455   182   226 I use-Rlog/RLOG-RILC: [0] enter processCommandsCallback, socket type = 0
05-23 11:29:31.455   182   226 I use-Rlog/RLOG-RILC: [0] enter processCommandsCallback, socket type = 0
05-23 11:29:31.455   182   226 I use-Rlog/RLOG-RILC: [0] PCC  alloc one command p_record
05-23 11:29:31.455   182   758 D use-Rlog/RLOG-RILC: [0] PCB request code 91 token 874
05-23 11:29:31.455   182   758 D use-Rlog/RLOG-RILC: [0] [0874]> GSM_SMS_BROADCAST_ACTIVATION (0)
05-23 11:29:31.455   182   758 D use-Rlog/RLOG-RIL: [0] onRequest: GSM_SMS_BROADCAST_ACTIVATION sState=4
05-23 11:29:31.455   182   758 D use-Rlog/RLOG-RIL: [0] channel1 state: '0' 
05-23 11:29:31.455   182   758 D use-Rlog/RLOG-RIL: [0] get Channel ID '1'
05-23 11:29:31.455   182   758 I use-Rlog/RLOG-RIL: [0] Reference-ril. datalen: 4 ,active 0
05-23 11:29:31.455   182   758 D use-Rlog/RLOG-AT: [0] Channel1: AT> AT+CSCB=0
05-23 11:29:31.455   182   238 D use-Rlog/RLOG-AT: [0] Channel1: AT< OK
05-23 11:29:31.455   182   758 I use-Rlog/RLOG-RIL: [0] requestSmsBroadcastActivation err 0 ,success 1
05-23 11:29:31.455   182   758 D use-Rlog/RLOG-RILC: [0] [0874]< GSM_SMS_BROADCAST_ACTIVATION
05-23 11:29:31.455   182   758 D use-Rlog/RLOG-RIL: [0] put Channel ID '1'
05-23 11:29:31.455   182   758 I use-Rlog/RLOG-RILC: [0] -->CommandThread [758] free one command
05-23 11:29:31.465   700   751 D RILJ    : [0][4522]< RIL_REQUEST_GSM_BROADCAST_ACTIVATION 
05-23 11:29:31.465   700   713 D RILJ    : [0][4523]> RIL_REQUEST_GSM_SET_BROADCAST_CONFIG with 4 configs : 
05-23 11:29:31.465   700   713 D RILJ    : [0]SmsBroadcastConfigInfo: Id [4352,4354] Code [0,255] ENABLED
05-23 11:29:31.465   700   713 D RILJ    : [0]SmsBroadcastConfigInfo: Id [4356,4356] Code [0,255] ENABLED
05-23 11:29:31.465   700   713 D RILJ    : [0]SmsBroadcastConfigInfo: Id [4371,4372] Code [0,255] ENABLED
05-23 11:29:31.465   700   713 D RILJ    : [0]SmsBroadcastConfigInfo: Id [4373,4378] Code [0,255] ENABLED
05-23 11:29:31.475   182   226 I use-Rlog/RLOG-RILC: [0] enter processCommandsCallback, socket type = 0
05-23 11:29:31.475   182   226 I use-Rlog/RLOG-RILC: [0] enter processCommandsCallback, socket type = 0
05-23 11:29:31.475   182   226 I use-Rlog/RLOG-RILC: [0] PCC  alloc one command p_record
05-23 11:29:31.475   182   941 D use-Rlog/RLOG-RILC: [0] PCB request code 90 token 875
05-23 11:29:31.475   182   941 D use-Rlog/RLOG-RIL: [0] onRequest: GSM_SET_BROADCAST_SMS_CONFIG sState=4
05-23 11:29:31.475   182   941 D use-Rlog/RLOG-RIL: [0] channel1 state: '0' 
05-23 11:29:31.475   182   941 D use-Rlog/RLOG-RIL: [0] get Channel ID '1'
05-23 11:29:31.475   182   941 D use-Rlog/RLOG-RIL: [0] Reference-ril. requestSetSmsBroadcastConfig 16 ,count 4
05-23 11:29:31.475   182   941 I use-Rlog/RLOG-RIL: [0] Reference-ril. setSmsBroadcastConfigValue value 4352
05-23 11:29:31.475   182   941 I use-Rlog/RLOG-RIL: [0] Reference-ril. setSmsBroadcastConfigValue value 4352
05-23 11:29:31.475   182   941 I use-Rlog/RLOG-RIL: [0] Reference-ril. setSmsBroadcastConfigValue out_value 4352
05-23 11:29:31.475   182   941 I use-Rlog/RLOG-RIL: [0] Reference-ril. setSmsBroadcastConfigData  
05-23 11:29:31.475   182   941 I use-Rlog/RLOG-RIL: [0] Reference-ril. setSmsBroadcastConfigData (1) 
05-23 11:29:31.475   182   941 I use-Rlog/RLOG-RIL: [0] Reference-ril. setSmsBroadcastConfigData  ret_char "4352 , len 5
05-23 11:29:31.475   182   941 I use-Rlog/RLOG-RIL: [0] Reference-ril. requestSetSmsBroadcastConfig channel "4352 ,5 
05-23 11:29:31.475   182   941 I use-Rlog/RLOG-RIL: [0] Reference-ril. setSmsBroadcastConfigValue value 4354
05-23 11:29:31.475   182   941 I use-Rlog/RLOG-RIL: [0] Reference-ril. setSmsBroadcastConfigValue value 4354
05-23 11:29:31.475   182   941 I use-Rlog/RLOG-RIL: [0] Reference-ril. setSmsBroadcastConfigValue out_value 4354
05-23 11:29:31.475   182   941 I use-Rlog/RLOG-RIL: [0] Reference-ril. setSmsBroadcastConfigData  
05-23 11:29:31.475   182   941 I use-Rlog/RLOG-RIL: [0] Reference-ril. setSmsBroadcastConfigData (1) 
05-23 11:29:31.475   182   941 I use-Rlog/RLOG-RIL: [0] Reference-ril. setSmsBroadcastConfigData  ret_char -4354 , len 5
05-23 11:29:31.475   182   941 I use-Rlog/RLOG-RIL: [0] Reference-ril. requestSetSmsBroadcastConfig channel "4352-4354 ,10
05-23 11:29:31.475   182   941 I use-Rlog/RLOG-RIL: [0] Reference-ril. setSmsBroadcastConfigValue value 0
05-23 11:29:31.475   182   941 I use-Rlog/RLOG-RIL: [0] Reference-ril. setSmsBroadcastConfigValue value 0
05-23 11:29:31.475   182   941 I use-Rlog/RLOG-RIL: [0] Reference-ril. setSmsBroadcastConfigValue out_value 0
05-23 11:29:31.475   182   941 I use-Rlog/RLOG-RIL: [0] Reference-ril. setSmsBroadcastConfigData  
05-23 11:29:31.475   182   941 I use-Rlog/RLOG-RIL: [0] Reference-ril. setSmsBroadcastConfigData (1) 
05-23 11:29:31.475   182   941 I use-Rlog/RLOG-RIL: [0] Reference-ril. setSmsBroadcastConfigData  ret_char "0 , len 2
05-23 11:29:31.475   182   941 I use-Rlog/RLOG-RIL: [0] Reference-ril. requestSetSmsBroadcastConfig lang "0, 2
05-23 11:29:31.475   182   941 I use-Rlog/RLOG-RIL: [0] Reference-ril. setSmsBroadcastConfigValue value 255
05-23 11:29:31.475   182   941 I use-Rlog/RLOG-RIL: [0] Reference-ril. setSmsBroadcastConfigValue value 255
05-23 11:29:31.475   182   941 I use-Rlog/RLOG-RIL: [0] Reference-ril. setSmsBroadcastConfigValue out_value 255
05-23 11:29:31.475   182   941 I use-Rlog/RLOG-RIL: [0] Reference-ril. setSmsBroadcastConfigData  
05-23 11:29:31.475   182   941 I use-Rlog/RLOG-RIL: [0] Reference-ril. setSmsBroadcastConfigData (1) 
05-23 11:29:31.475   182   941 I use-Rlog/RLOG-RIL: [0] Reference-ril. setSmsBroadcastConfigData  ret_char -255 , len 4
05-23 11:29:31.475   182   941 I use-Rlog/RLOG-RIL: [0] Reference-ril. requestSetSmsBroadcastConfig lang "0-255, 6
05-23 11:29:31.475   182   941 I use-Rlog/RLOG-RIL: [0] Reference-ril. setSmsBroadcastConfigValue value 4356
05-23 11:29:31.475   182   941 I use-Rlog/RLOG-RIL: [0] Reference-ril. setSmsBroadcastConfigValue value 4356
05-23 11:29:31.475   182   941 I use-Rlog/RLOG-RIL: [0] Reference-ril. setSmsBroadcastConfigValue out_value 4356
05-23 11:29:31.475   182   941 I use-Rlog/RLOG-RIL: [0] Reference-ril. setSmsBroadcastConfigData  
05-23 11:29:31.475   182   941 I use-Rlog/RLOG-RIL: [0] Reference-ril. setSmsBroadcastConfigData (1) 
05-23 11:29:31.475   182   941 I use-Rlog/RLOG-RIL: [0] Reference-ril. setSmsBroadcastConfigData  ret_char ,4356 , len 5
05-23 11:29:31.475   182   941 I use-Rlog/RLOG-RIL: [0] Reference-ril. requestSetSmsBroadcastConfig channel "4352-4354,4356 ,15 
05-23 11:29:31.475   182   941 I use-Rlog/RLOG-RIL: [0] Reference-ril. setSmsBroadcastConfigValue value 0
05-23 11:29:31.475   182   941 I use-Rlog/RLOG-RIL: [0] Reference-ril. setSmsBroadcastConfigValue value 0
05-23 11:29:31.475   182   941 I use-Rlog/RLOG-RIL: [0] Reference-ril. setSmsBroadcastConfigValue out_value 0
05-23 11:29:31.475   182   941 I use-Rlog/RLOG-RIL: [0] Reference-ril. setSmsBroadcastConfigData  
05-23 11:29:31.475   182   941 I use-Rlog/RLOG-RIL: [0] Reference-ril. setSmsBroadcastConfigData (1) 
05-23 11:29:31.475   182   941 I use-Rlog/RLOG-RIL: [0] Reference-ril. setSmsBroadcastConfigData  ret_char ,0 , len 2
05-23 11:29:31.475   182   941 I use-Rlog/RLOG-RIL: [0] Reference-ril. requestSetSmsBroadcastConfig lang "0-255,0, 8
05-23 11:29:31.475   182   941 I use-Rlog/RLOG-RIL: [0] Reference-ril. setSmsBroadcastConfigValue value 255
05-23 11:29:31.475   182   941 I use-Rlog/RLOG-RIL: [0] Reference-ril. setSmsBroadcastConfigValue value 255
05-23 11:29:31.475   182   941 I use-Rlog/RLOG-RIL: [0] Reference-ril. setSmsBroadcastConfigValue out_value 255
05-23 11:29:31.475   182   941 I use-Rlog/RLOG-RIL: [0] Reference-ril. setSmsBroadcastConfigData  
05-23 11:29:31.475   182   941 I use-Rlog/RLOG-RIL: [0] Reference-ril. setSmsBroadcastConfigData (1) 
05-23 11:29:31.475   182   941 I use-Rlog/RLOG-RIL: [0] Reference-ril. setSmsBroadcastConfigData  ret_char -255 , len 4
05-23 11:29:31.475   182   941 I use-Rlog/RLOG-RIL: [0] Reference-ril. requestSetSmsBroadcastConfig lang "0-255,0-255, 12
05-23 11:29:31.475   182   941 I use-Rlog/RLOG-RIL: [0] Reference-ril. setSmsBroadcastConfigValue value 4371
05-23 11:29:31.475   182   941 I use-Rlog/RLOG-RIL: [0] Reference-ril. setSmsBroadcastConfigValue value 4371
05-23 11:29:31.475   182   941 I use-Rlog/RLOG-RIL: [0] Reference-ril. setSmsBroadcastConfigValue out_value 4371
05-23 11:29:31.475   182   941 I use-Rlog/RLOG-RIL: [0] Reference-ril. setSmsBroadcastConfigData  
05-23 11:29:31.475   182   941 I use-Rlog/RLOG-RIL: [0] Reference-ril. setSmsBroadcastConfigData (1) 
05-23 11:29:31.475   182   941 I use-Rlog/RLOG-RIL: [0] Reference-ril. setSmsBroadcastConfigData  ret_char ,4371 , len 5
05-23 11:29:31.475   182   941 I use-Rlog/RLOG-RIL: [0] Reference-ril. requestSetSmsBroadcastConfig channel "4352-4354,4356,4371 ,20 
05-23 11:29:31.475   182   941 I use-Rlog/RLOG-RIL: [0] Reference-ril. setSmsBroadcastConfigValue value 4372
05-23 11:29:31.475   182   941 I use-Rlog/RLOG-RIL: [0] Reference-ril. setSmsBroadcastConfigValue value 4372
05-23 11:29:31.475   182   941 I use-Rlog/RLOG-RIL: [0] Reference-ril. setSmsBroadcastConfigValue out_value 4372
05-23 11:29:31.475   182   941 I use-Rlog/RLOG-RIL: [0] Reference-ril. setSmsBroadcastConfigData  
05-23 11:29:31.475   182   941 I use-Rlog/RLOG-RIL: [0] Reference-ril. setSmsBroadcastConfigData (1) 
05-23 11:29:31.475   182   941 I use-Rlog/RLOG-RIL: [0] Reference-ril. setSmsBroadcastConfigData  ret_char -4372 , len 5
05-23 11:29:31.475   182   941 I use-Rlog/RLOG-RIL: [0] Reference-ril. requestSetSmsBroadcastConfig channel "4352-4354,4356,4371-4372 ,25
05-23 11:29:31.475   182   941 I use-Rlog/RLOG-RIL: [0] Reference-ril. setSmsBroadcastConfigValue value 0
05-23 11:29:31.475   182   941 I use-Rlog/RLOG-RIL: [0] Reference-ril. setSmsBroadcastConfigValue value 0
05-23 11:29:31.475   182   941 I use-Rlog/RLOG-RIL: [0] Reference-ril. setSmsBroadcastConfigValue out_value 0
05-23 11:29:31.475   182   941 I use-Rlog/RLOG-RIL: [0] Reference-ril. setSmsBroadcastConfigData  
05-23 11:29:31.475   182   941 I use-Rlog/RLOG-RIL: [0] Reference-ril. setSmsBroadcastConfigData (1) 
05-23 11:29:31.475   182   941 I use-Rlog/RLOG-RIL: [0] Reference-ril. setSmsBroadcastConfigData  ret_char ,0 , len 2
05-23 11:29:31.475   182   941 I use-Rlog/RLOG-RIL: [0] Reference-ril. requestSetSmsBroadcastConfig lang "0-255,0-255,0, 14
05-23 11:29:31.475   182   941 I use-Rlog/RLOG-RIL: [0] Reference-ril. setSmsBroadcastConfigValue value 255
05-23 11:29:31.475   182   941 I use-Rlog/RLOG-RIL: [0] Reference-ril. setSmsBroadcastConfigValue value 255
05-23 11:29:31.475   182   941 I use-Rlog/RLOG-RIL: [0] Reference-ril. setSmsBroadcastConfigValue out_value 255
05-23 11:29:31.475   182   941 I use-Rlog/RLOG-RIL: [0] Reference-ril. setSmsBroadcastConfigData  
05-23 11:29:31.475   182   941 I use-Rlog/RLOG-RIL: [0] Reference-ril. setSmsBroadcastConfigData (1) 
05-23 11:29:31.475   182   941 I use-Rlog/RLOG-RIL: [0] Reference-ril. setSmsBroadcastConfigData  ret_char -255 , len 4
05-23 11:29:31.475   182   941 I use-Rlog/RLOG-RIL: [0] Reference-ril. requestSetSmsBroadcastConfig lang "0-255,0-255,0-255, 18
05-23 11:29:31.475   182   941 I use-Rlog/RLOG-RIL: [0] Reference-ril. setSmsBroadcastConfigValue value 4373
05-23 11:29:31.475   182   941 I use-Rlog/RLOG-RIL: [0] Reference-ril. setSmsBroadcastConfigValue value 4373
05-23 11:29:31.475   182   941 I use-Rlog/RLOG-RIL: [0] Reference-ril. setSmsBroadcastConfigValue out_value 4373
05-23 11:29:31.475   182   941 I use-Rlog/RLOG-RIL: [0] Reference-ril. setSmsBroadcastConfigData  
05-23 11:29:31.475   182   941 I use-Rlog/RLOG-RIL: [0] Reference-ril. setSmsBroadcastConfigData (1) 
05-23 11:29:31.475   182   941 I use-Rlog/RLOG-RIL: [0] Reference-ril. setSmsBroadcastConfigData  ret_char ,4373 , len 5
05-23 11:29:31.475   182   941 I use-Rlog/RLOG-RIL: [0] Reference-ril. requestSetSmsBroadcastConfig channel "4352-4354,4356,4371-4372,4373 ,30 
05-23 11:29:31.475   182   941 I use-Rlog/RLOG-RIL: [0] Reference-ril. setSmsBroadcastConfigValue value 4378
05-23 11:29:31.475   182   941 I use-Rlog/RLOG-RIL: [0] Reference-ril. setSmsBroadcastConfigValue value 4378
05-23 11:29:31.475   182   941 I use-Rlog/RLOG-RIL: [0] Reference-ril. setSmsBroadcastConfigValue out_value 4378
05-23 11:29:31.475   182   941 I use-Rlog/RLOG-RIL: [0] Reference-ril. setSmsBroadcastConfigData  
05-23 11:29:31.475   182   941 I use-Rlog/RLOG-RIL: [0] Reference-ril. setSmsBroadcastConfigData (1) 
05-23 11:29:31.475   182   941 I use-Rlog/RLOG-RIL: [0] Reference-ril. setSmsBroadcastConfigData  ret_char -4378 , len 5
05-23 11:29:31.475   182   941 I use-Rlog/RLOG-RIL: [0] Reference-ril. requestSetSmsBroadcastConfig channel "4352-4354,4356,4371-4372,4373-4378 ,35
05-23 11:29:31.475   182   941 I use-Rlog/RLOG-RIL: [0] Reference-ril. setSmsBroadcastConfigValue value 0
05-23 11:29:31.475   182   941 I use-Rlog/RLOG-RIL: [0] Reference-ril. setSmsBroadcastConfigValue value 0
05-23 11:29:31.475   182   941 I use-Rlog/RLOG-RIL: [0] Reference-ril. setSmsBroadcastConfigValue out_value 0
05-23 11:29:31.475   182   941 I use-Rlog/RLOG-RIL: [0] Reference-ril. setSmsBroadcastConfigData  
05-23 11:29:31.475   182   941 I use-Rlog/RLOG-RIL: [0] Reference-ril. setSmsBroadcastConfigData (1) 
05-23 11:29:31.475   182   941 I use-Rlog/RLOG-RIL: [0] Reference-ril. setSmsBroadcastConfigData  ret_char ,0 , len 2
05-23 11:29:31.475   182   941 I use-Rlog/RLOG-RIL: [0] Reference-ril. requestSetSmsBroadcastConfig lang "0-255,0-255,0-255,0, 20
05-23 11:29:31.475   182   941 I use-Rlog/RLOG-RIL: [0] Reference-ril. setSmsBroadcastConfigValue value 255
05-23 11:29:31.475   182   941 I use-Rlog/RLOG-RIL: [0] Reference-ril. setSmsBroadcastConfigValue value 255
05-23 11:29:31.475   182   941 I use-Rlog/RLOG-RIL: [0] Reference-ril. setSmsBroadcastConfigValue out_value 255
05-23 11:29:31.475   182   941 I use-Rlog/RLOG-RIL: [0] Reference-ril. setSmsBroadcastConfigData  
05-23 11:29:31.475   182   941 I use-Rlog/RLOG-RIL: [0] Reference-ril. setSmsBroadcastConfigData (1) 
05-23 11:29:31.475   182   941 I use-Rlog/RLOG-RIL: [0] Reference-ril. setSmsBroadcastConfigData  ret_char -255 , len 4
05-23 11:29:31.475   182   941 I use-Rlog/RLOG-RIL: [0] Reference-ril. requestSetSmsBroadcastConfig lang "0-255,0-255,0-255,0-255, 24
05-23 11:29:31.475   182   941 I use-Rlog/RLOG-RIL: [0] Reference-ril. requestSetSmsBroadcastConfig cmd AT+CSCB=0,"4352-4354,4356,4371-4372,4373-4378","0-255,0-255,0-255,0-255"
05-23 11:29:31.475   182   941 D use-Rlog/RLOG-AT: [0] Channel1: AT> AT+CSCB=0,"4352-4354,4356,4371-4372,4373-4378","0-255,0-255,0-255,0-255"
05-23 11:29:31.475   182   238 D use-Rlog/RLOG-AT: [0] Channel1: AT< OK
05-23 11:29:31.475   182   941 I use-Rlog/RLOG-RIL: [0] requestSetSmsBroadcastConfig err 0 ,success 1
05-23 11:29:31.475   182   941 D use-Rlog/RLOG-RILC: [0] [0875]< GSM_SET_BROADCAST_SMS_CONFIG
05-23 11:29:31.475   182   941 D RIL     : requestSetSmsBroadcastConfig enable 0
05-23 11:29:31.475   182   941 D RIL     : requestSetSmsBroadcastConfig channel1[j] = 4352
05-23 11:29:31.475   182   941 D use-Rlog/RLOG-RIL: [0] put Channel ID '1'
