05-23 11:27:55.386   592   821 I TelephonyRegistry: notifyDataConnection: state=0 isDataConnectivityPossible=false reason='simLoaded' apn='null' apnType=hipri networkType=0 mRecords.size()=10 mRecords=[{pkgForDebug=android callerUid=0 events=1c1}, {pkgForDebug=android callerUid=0 events=20}, {pkgForDebug=com.android.systemui callerUid=0 events=41e1}, {pkgForDebug=com.android.systemui callerUid=0 events=4000}, {pkgForDebug=com.android.phone callerUid=0 events=c}, {pkgForDebug=com.android.phone callerUid=0 events=1}, {pkgForDebug=com.android.phone callerUid=0 events=9}, {pkgForDebug=android callerUid=0 events=1}, {pkgForDebug=com.iflytek.inputmethod callerUid=0 events=20}, {pkgForDebug=com.android.keyguard callerUid=0 events=1}] linkProperties: null
05-23 11:27:55.396   592   821 D BroadcastQueue: Schedule broadcasts [background]: current=true
05-23 11:27:55.396   592   603 I TelephonyRegistry: notifyDataConnection: state=0 isDataConnectivityPossible=false reason='simLoaded' apn='null' apnType=ims networkType=0 mRecords.size()=10 mRecords=[{pkgForDebug=android callerUid=0 events=1c1}, {pkgForDebug=android callerUid=0 events=20}, {pkgForDebug=com.android.systemui callerUid=0 events=41e1}, {pkgForDebug=com.android.systemui callerUid=0 events=4000}, {pkgForDebug=com.android.phone callerUid=0 events=c}, {pkgForDebug=com.android.phone callerUid=0 events=1}, {pkgForDebug=com.android.phone callerUid=0 events=9}, {pkgForDebug=android callerUid=0 events=1}, {pkgForDebug=com.iflytek.inputmethod callerUid=0 events=20}, {pkgForDebug=com.android.keyguard callerUid=0 events=1}] linkProperties: null
05-23 11:27:55.396   592   603 D BroadcastQueue: Schedule broadcasts [background]: current=true
05-23 11:27:55.396   592   592 D MobileDataStateTracker: wap0: wap setting isAvailable to true
05-23 11:27:55.396   592   592 D MobileDataStateTracker: wap0: Received state=DISCONNECTED, old=DISCONNECTED, reason=simLoaded
05-23 11:27:55.396   592   607 D BroadcastQueue: Received BROADCAST_INTENT_MSG
05-23 11:27:55.396   592   592 D MobileDataStateTracker: null0: receive android.intent.action.ANY_DATA_STATE
05-23 11:27:55.396   592   592 D MobileDataStateTracker: null0: Broadcast received: ACTION_ANY_DATA_CONNECTION_STATE_CHANGEDmApnType=null != received apnType=wap
05-23 11:27:55.396   592   592 D MobileDataStateTracker: xcap0: receive android.intent.action.ANY_DATA_STATE
05-23 11:27:55.396   592   995 I TelephonyRegistry: notifyDataConnection: state=0 isDataConnectivityPossible=false reason='simLoaded' apn='null' apnType=default networkType=0 mRecords.size()=10 mRecords=[{pkgForDebug=android callerUid=0 events=1c1}, {pkgForDebug=android callerUid=0 events=20}, {pkgForDebug=com.android.systemui callerUid=0 events=41e1}, {pkgForDebug=com.android.systemui callerUid=0 events=4000}, {pkgForDebug=com.android.phone callerUid=0 events=c}, {pkgForDebug=com.android.phone callerUid=0 events=1}, {pkgForDebug=com.android.phone callerUid=0 events=9}, {pkgForDebug=android callerUid=0 events=1}, {pkgForDebug=com.iflytek.inputmethod callerUid=0 events=20}, {pkgForDebug=com.android.keyguard callerUid=0 events=1}] linkProperties: null
05-23 11:27:55.406   592   592 D MobileDataStateTracker: xcap0: Broadcast received: ACTION_ANY_DATA_CONNECTION_STATE_CHANGEDmApnType=xcap != received apnType=wap
05-23 11:27:55.406   592   592 D MobileDataStateTracker: dm0: receive android.intent.action.ANY_DATA_STATE
05-23 11:27:55.406   592   592 D MobileDataStateTracker: dm0: Broadcast received: ACTION_ANY_DATA_CONNECTION_STATE_CHANGEDmApnType=dm != received apnType=wap
05-23 11:27:55.406   592   592 D MobileDataStateTracker: hipri0: receive android.intent.action.ANY_DATA_STATE
05-23 11:27:55.406   592   592 D MobileDataStateTracker: hipri0: Broadcast received: ACTION_ANY_DATA_CONNECTION_STATE_CHANGEDmApnType=hipri != received apnType=wap
05-23 11:27:55.406   592   592 D MobileDataStateTracker: cbs0: receive android.intent.action.ANY_DATA_STATE
05-23 11:27:55.416   592   592 D MobileDataStateTracker: cbs0: Broadcast received: ACTION_ANY_DATA_CONNECTION_STATE_CHANGEDmApnType=cbs != received apnType=wap
05-23 11:27:55.416   592   592 D MobileDataStateTracker: ims0: receive android.intent.action.ANY_DATA_STATE
05-23 11:27:55.426   592   592 D MobileDataStateTracker: ims0: Broadcast received: ACTION_ANY_DATA_CONNECTION_STATE_CHANGEDmApnType=ims != received apnType=wap
05-23 11:27:55.426   592   592 D MobileDataStateTracker: fota0: receive android.intent.action.ANY_DATA_STATE
05-23 11:27:55.426   592   592 D MobileDataStateTracker: fota0: Broadcast received: ACTION_ANY_DATA_CONNECTION_STATE_CHANGEDmApnType=fota != received apnType=wap
05-23 11:27:55.426   592   592 D MobileDataStateTracker: supl0: receive android.intent.action.ANY_DATA_STATE
05-23 11:27:55.426   592   592 D MobileDataStateTracker: supl0: Broadcast received: ACTION_ANY_DATA_CONNECTION_STATE_CHANGEDmApnType=supl != received apnType=wap
05-23 11:27:55.426   592   592 D MobileDataStateTracker: mms0: receive android.intent.action.ANY_DATA_STATE
05-23 11:27:55.426   592   592 D MobileDataStateTracker: mms0: Broadcast received: ACTION_ANY_DATA_CONNECTION_STATE_CHANGEDmApnType=mms != received apnType=wap
05-23 11:27:55.436   592   592 D MobileDataStateTracker: default0: receive android.intent.action.ANY_DATA_STATE
05-23 11:27:55.436   592   592 D MobileDataStateTracker: default0: Broadcast received: ACTION_ANY_DATA_CONNECTION_STATE_CHANGEDmApnType=default != received apnType=wap
05-23 11:27:55.436   592   592 D MobileDataStateTracker: wap0: receive android.intent.action.ANY_DATA_STATE
05-23 11:27:55.436   592   592 D MobileDataStateTracker: wap0: Broadcast received: ACTION_ANY_DATA_CONNECTION_STATE_CHANGEDmApnType=wap != received apnType=fota
05-23 11:27:55.436   592   592 D MobileDataStateTracker: null0: receive android.intent.action.ANY_DATA_STATE
05-23 11:27:55.436   592   592 D MobileDataStateTracker: null0: Broadcast received: ACTION_ANY_DATA_CONNECTION_STATE_CHANGEDmApnType=null != received apnType=fota
05-23 11:27:55.436   592   592 D MobileDataStateTracker: xcap0: receive android.intent.action.ANY_DATA_STATE
05-23 11:27:55.436   592   592 D MobileDataStateTracker: xcap0: Broadcast received: ACTION_ANY_DATA_CONNECTION_STATE_CHANGEDmApnType=xcap != received apnType=fota
05-23 11:27:55.436   592   592 D MobileDataStateTracker: dm0: receive android.intent.action.ANY_DATA_STATE
05-23 11:27:55.436   592   592 D MobileDataStateTracker: dm0: Broadcast received: ACTION_ANY_DATA_CONNECTION_STATE_CHANGEDmApnType=dm != received apnType=fota
05-23 11:27:55.436   592   592 D MobileDataStateTracker: hipri0: receive android.intent.action.ANY_DATA_STATE
05-23 11:27:55.446   592   592 D MobileDataStateTracker: hipri0: Broadcast received: ACTION_ANY_DATA_CONNECTION_STATE_CHANGEDmApnType=hipri != received apnType=fota
05-23 11:27:55.446   592   592 D MobileDataStateTracker: cbs0: receive android.intent.action.ANY_DATA_STATE
05-23 11:27:55.446   592   592 D MobileDataStateTracker: cbs0: Broadcast received: ACTION_ANY_DATA_CONNECTION_STATE_CHANGEDmApnType=cbs != received apnType=fota
05-23 11:27:55.446   592   592 D MobileDataStateTracker: ims0: receive android.intent.action.ANY_DATA_STATE
05-23 11:27:55.446   592   592 D MobileDataStateTracker: ims0: Broadcast received: ACTION_ANY_DATA_CONNECTION_STATE_CHANGEDmApnType=ims != received apnType=fota
05-23 11:27:55.446   592   607 D BroadcastQueue: processNextBroadcast(background) called when not idle (state=1)
05-23 11:27:55.446   592   995 D BroadcastQueue: Schedule broadcasts [background]: current=false
05-23 11:27:55.446   592   821 I TelephonyRegistry: notifyDataConnection: state=0 isDataConnectivityPossible=false reason='simLoaded' apn='null' apnType=mms networkType=0 mRecords.size()=10 mRecords=[{pkgForDebug=android callerUid=0 events=1c1}, {pkgForDebug=android callerUid=0 events=20}, {pkgForDebug=com.android.systemui callerUid=0 events=41e1}, {pkgForDebug=com.android.systemui callerUid=0 events=4000}, {pkgForDebug=com.android.phone callerUid=0 events=c}, {pkgForDebug=com.android.phone callerUid=0 events=1}, {pkgForDebug=com.android.phone callerUid=0 events=9}, {pkgForDebug=android callerUid=0 events=1}, {pkgForDebug=com.iflytek.inputmethod callerUid=0 events=20}, {pkgForDebug=com.android.keyguard callerUid=0 events=1}] linkProperties: null
05-23 11:27:55.446   592   821 D BroadcastQueue: Schedule broadcasts [background]: current=true
05-23 11:27:55.456   592   592 D MobileDataStateTracker: fota0: receive android.intent.action.ANY_DATA_STATE
05-23 11:27:55.456   592   607 D BroadcastQueue: Received BROADCAST_INTENT_MSG
05-23 11:27:55.456   592   592 D MobileDataStateTracker: fota0: Broadcast received: ACTION_ANY_DATA_CONNECTION_STATE_CHANGEDmApnType=fota == received apnType=fota
05-23 11:27:55.456   592   592 D MobileDataStateTracker: fota0: Broadcast received: android.intent.action.ANY_DATA_STATE apnType=fota
05-23 11:27:55.516   592   806 I TelephonyRegistry: notifyDataConnection: state=0 isDataConnectivityPossible=false reason='simLoaded' apn='null' apnType=cbs networkType=0 mRecords.size()=10 mRecords=[{pkgForDebug=android callerUid=0 events=1c1}, {pkgForDebug=android callerUid=0 events=20}, {pkgForDebug=com.android.systemui callerUid=0 events=41e1}, {pkgForDebug=com.android.systemui callerUid=0 events=4000}, {pkgForDebug=com.android.phone callerUid=0 events=c}, {pkgForDebug=com.android.phone callerUid=0 events=1}, {pkgForDebug=com.android.phone callerUid=0 events=9}, {pkgForDebug=android callerUid=0 events=1}, {pkgForDebug=com.iflytek.inputmethod callerUid=0 events=20}, {pkgForDebug=com.android.keyguard callerUid=0 events=1}] linkProperties: null
05-23 11:27:55.576   592   592 D MobileDataStateTracker: fota0: fota setting isAvailable to true
05-23 11:27:55.576   592   592 D MobileDataStateTracker: fota0: Received state=DISCONNECTED, old=DISCONNECTED, reason=simLoaded
05-23 11:27:55.576   592   592 D MobileDataStateTracker: supl0: receive android.intent.action.ANY_DATA_STATE
05-23 11:27:55.576   592   592 D MobileDataStateTracker: supl0: Broadcast received: ACTION_ANY_DATA_CONNECTION_STATE_CHANGEDmApnType=supl != received apnType=fota
05-23 11:27:55.576   592   592 D MobileDataStateTracker: mms0: receive android.intent.action.ANY_DATA_STATE
05-23 11:27:55.576   592   592 D MobileDataStateTracker: mms0: Broadcast received: ACTION_ANY_DATA_CONNECTION_STATE_CHANGEDmApnType=mms != received apnType=fota
05-23 11:27:55.576   592   592 D MobileDataStateTracker: default0: receive android.intent.action.ANY_DATA_STATE
05-23 11:27:55.586   592   592 D MobileDataStateTracker: default0: Broadcast received: ACTION_ANY_DATA_CONNECTION_STATE_CHANGEDmApnType=default != received apnType=fota
05-23 11:27:55.586   592   607 D BroadcastQueue: processNextBroadcast(background) called when not idle (state=1)
05-23 11:27:55.586   592   592 D MobileDataStateTracker: wap0: receive android.intent.action.ANY_DATA_STATE
05-23 11:27:55.586   592   592 D MobileDataStateTracker: wap0: Broadcast received: ACTION_ANY_DATA_CONNECTION_STATE_CHANGEDmApnType=wap != received apnType=supl
05-23 11:27:55.596   592   592 D MobileDataStateTracker: null0: receive android.intent.action.ANY_DATA_STATE
05-23 11:27:55.596   592   592 D MobileDataStateTracker: null0: Broadcast received: ACTION_ANY_DATA_CONNECTION_STATE_CHANGEDmApnType=null != received apnType=supl
05-23 11:27:55.596   592   806 D BroadcastQueue: Schedule broadcasts [background]: current=false
05-23 11:27:55.596   592   995 I TelephonyRegistry: notifyDataConnection: state=0 isDataConnectivityPossible=false reason='simLoaded' apn='null' apnType=xcap networkType=0 mRecords.size()=10 mRecords=[{pkgForDebug=android callerUid=0 events=1c1}, {pkgForDebug=android callerUid=0 events=20}, {pkgForDebug=com.android.systemui callerUid=0 events=41e1}, {pkgForDebug=com.android.systemui callerUid=0 events=4000}, {pkgForDebug=com.android.phone callerUid=0 events=c}, {pkgForDebug=com.android.phone callerUid=0 events=1}, {pkgForDebug=com.android.phone callerUid=0 events=9}, {pkgForDebug=android callerUid=0 events=1}, {pkgForDebug=com.iflytek.inputmethod callerUid=0 events=20}, {pkgForDebug=com.android.keyguard callerUid=0 events=1}] linkProperties: null
05-23 11:27:55.606   592   995 D BroadcastQueue: Schedule broadcasts [background]: current=true
05-23 11:27:55.606   592   592 D MobileDataStateTracker: xcap0: receive android.intent.action.ANY_DATA_STATE
05-23 11:27:55.606   592   607 D BroadcastQueue: Received BROADCAST_INTENT_MSG
05-23 11:27:55.616   592   592 D MobileDataStateTracker: xcap0: Broadcast received: ACTION_ANY_DATA_CONNECTION_STATE_CHANGEDmApnType=xcap != received apnType=supl
05-23 11:27:55.616   592   592 D MobileDataStateTracker: dm0: receive android.intent.action.ANY_DATA_STATE
05-23 11:27:55.616   592   592 D MobileDataStateTracker: dm0: Broadcast received: ACTION_ANY_DATA_CONNECTION_STATE_CHANGEDmApnType=dm != received apnType=supl
05-23 11:27:55.626   592   592 D MobileDataStateTracker: hipri0: receive android.intent.action.ANY_DATA_STATE
05-23 11:27:55.626   592   592 D MobileDataStateTracker: hipri0: Broadcast received: ACTION_ANY_DATA_CONNECTION_STATE_CHANGEDmApnType=hipri != received apnType=supl
05-23 11:27:55.626   592   592 D MobileDataStateTracker: cbs0: receive android.intent.action.ANY_DATA_STATE
05-23 11:27:55.626   592   592 D MobileDataStateTracker: cbs0: Broadcast received: ACTION_ANY_DATA_CONNECTION_STATE_CHANGEDmApnType=cbs != received apnType=supl
05-23 11:27:55.626   592   592 D MobileDataStateTracker: ims0: receive android.intent.action.ANY_DATA_STATE
05-23 11:27:55.626   592   592 D MobileDataStateTracker: ims0: Broadcast received: ACTION_ANY_DATA_CONNECTION_STATE_CHANGEDmApnType=ims != received apnType=supl
05-23 11:27:55.626   592   592 D MobileDataStateTracker: fota0: receive android.intent.action.ANY_DATA_STATE
05-23 11:27:55.626   592   592 D MobileDataStateTracker: fota0: Broadcast received: ACTION_ANY_DATA_CONNECTION_STATE_CHANGEDmApnType=fota != received apnType=supl
05-23 11:27:55.626   592   592 D MobileDataStateTracker: supl0: receive android.intent.action.ANY_DATA_STATE
05-23 11:27:55.626   592   592 D MobileDataStateTracker: supl0: Broadcast received: ACTION_ANY_DATA_CONNECTION_STATE_CHANGEDmApnType=supl == received apnType=supl
05-23 11:27:55.626   592   592 D MobileDataStateTracker: supl0: Broadcast received: android.intent.action.ANY_DATA_STATE apnType=supl
05-23 11:27:55.626   592   607 D BroadcastQueue: processNextBroadcast(background) called when not idle (state=1)
05-23 11:27:55.636   592   592 D MobileDataStateTracker: supl0: supl setting isAvailable to true
05-23 11:27:55.636   592   592 D MobileDataStateTracker: supl0: Received state=DISCONNECTED, old=DISCONNECTED, reason=simLoaded
05-23 11:27:55.636   592   592 D MobileDataStateTracker: mms0: receive android.intent.action.ANY_DATA_STATE
05-23 11:27:55.636   592   592 D MobileDataStateTracker: mms0: Broadcast received: ACTION_ANY_DATA_CONNECTION_STATE_CHANGEDmApnType=mms != received apnType=supl
05-23 11:27:55.636   592   592 D MobileDataStateTracker: default0: receive android.intent.action.ANY_DATA_STATE
05-23 11:27:55.636   592   592 D MobileDataStateTracker: default0: Broadcast received: ACTION_ANY_DATA_CONNECTION_STATE_CHANGEDmApnType=default != received apnType=supl
05-23 11:27:55.636   592   592 D MobileDataStateTracker: wap0: receive android.intent.action.ANY_DATA_STATE
05-23 11:27:55.636   592   592 D MobileDataStateTracker: wap0: Broadcast received: ACTION_ANY_DATA_CONNECTION_STATE_CHANGEDmApnType=wap != received apnType=hipri
05-23 11:27:55.636   592   592 D MobileDataStateTracker: null0: receive android.intent.action.ANY_DATA_STATE
05-23 11:27:55.646   592   592 D MobileDataStateTracker: null0: Broadcast received: ACTION_ANY_DATA_CONNECTION_STATE_CHANGEDmApnType=null != received apnType=hipri
05-23 11:27:55.646   592   592 D MobileDataStateTracker: xcap0: receive android.intent.action.ANY_DATA_STATE
05-23 11:27:55.646   592   592 D MobileDataStateTracker: xcap0: Broadcast received: ACTION_ANY_DATA_CONNECTION_STATE_CHANGEDmApnType=xcap != received apnType=hipri
05-23 11:27:55.646   592   592 D MobileDataStateTracker: dm0: receive android.intent.action.ANY_DATA_STATE
05-23 11:27:55.646   592   592 D MobileDataStateTracker: dm0: Broadcast received: ACTION_ANY_DATA_CONNECTION_STATE_CHANGEDmApnType=dm != received apnType=hipri
05-23 11:27:55.646   592   592 D MobileDataStateTracker: hipri0: receive android.intent.action.ANY_DATA_STATE
05-23 11:27:55.646   592   592 D MobileDataStateTracker: hipri0: Broadcast received: ACTION_ANY_DATA_CONNECTION_STATE_CHANGEDmApnType=hipri == received apnType=hipri
05-23 11:27:55.646   592   592 D MobileDataStateTracker: hipri0: Broadcast received: android.intent.action.ANY_DATA_STATE apnType=hipri
05-23 11:27:55.646   592   806 D BroadcastQueue: Schedule broadcasts [background]: current=false
05-23 11:27:55.656   592   607 D BroadcastQueue: Received BROADCAST_INTENT_MSG
05-23 11:27:55.656   592   607 D BroadcastQueue: processNextBroadcast(background) called when not idle (state=1)
05-23 11:27:55.656   592   592 D MobileDataStateTracker: hipri0: hipri setting isAvailable to true
05-23 11:27:55.656   592   592 D MobileDataStateTracker: hipri0: Received state=DISCONNECTED, old=DISCONNECTED, reason=simLoaded
05-23 11:27:55.656   592   602 D BroadcastQueue: Schedule broadcasts [background]: current=false
05-23 11:27:55.656   592   592 D MobileDataStateTracker: cbs0: receive android.intent.action.ANY_DATA_STATE
05-23 11:27:55.656   592   607 D BroadcastQueue: Received BROADCAST_INTENT_MSG
05-23 11:27:55.656   592   607 D BroadcastQueue: processNextBroadcast(background) called when not idle (state=1)
05-23 11:27:55.656   592   592 D MobileDataStateTracker: cbs0: Broadcast received: ACTION_ANY_DATA_CONNECTION_STATE_CHANGEDmApnType=cbs != received apnType=hipri
05-23 11:27:55.656   592   592 D MobileDataStateTracker: ims0: receive android.intent.action.ANY_DATA_STATE
05-23 11:27:55.656   592   592 D MobileDataStateTracker: ims0: Broadcast received: ACTION_ANY_DATA_CONNECTION_STATE_CHANGEDmApnType=ims != received apnType=hipri
05-23 11:27:55.656   592   592 D MobileDataStateTracker: fota0: receive android.intent.action.ANY_DATA_STATE
05-23 11:27:55.656   592   592 D MobileDataStateTracker: fota0: Broadcast received: ACTION_ANY_DATA_CONNECTION_STATE_CHANGEDmApnType=fota != received apnType=hipri
05-23 11:27:55.656   592   592 D MobileDataStateTracker: supl0: receive android.intent.action.ANY_DATA_STATE
05-23 11:27:55.656   592   592 D MobileDataStateTracker: supl0: Broadcast received: ACTION_ANY_DATA_CONNECTION_STATE_CHANGEDmApnType=supl != received apnType=hipri
05-23 11:27:55.666   592   592 D MobileDataStateTracker: mms0: receive android.intent.action.ANY_DATA_STATE
05-23 11:27:55.666   592   592 D MobileDataStateTracker: mms0: Broadcast received: ACTION_ANY_DATA_CONNECTION_STATE_CHANGEDmApnType=mms != received apnType=hipri
05-23 11:27:55.666   592   592 D MobileDataStateTracker: default0: receive android.intent.action.ANY_DATA_STATE
05-23 11:27:55.666   592   592 D MobileDataStateTracker: default0: Broadcast received: ACTION_ANY_DATA_CONNECTION_STATE_CHANGEDmApnType=default != received apnType=hipri
05-23 11:27:55.666   592   592 D MobileDataStateTracker: wap0: receive android.intent.action.ANY_DATA_STATE
05-23 11:27:55.666   592   592 D MobileDataStateTracker: wap0: Broadcast received: ACTION_ANY_DATA_CONNECTION_STATE_CHANGEDmApnType=wap != received apnType=ims
05-23 11:27:55.666   592   592 D MobileDataStateTracker: null0: receive android.intent.action.ANY_DATA_STATE
05-23 11:27:55.666   592   592 D MobileDataStateTracker: null0: Broadcast received: ACTION_ANY_DATA_CONNECTION_STATE_CHANGEDmApnType=null != received apnType=ims
05-23 11:27:55.666   592   592 D MobileDataStateTracker: xcap0: receive android.intent.action.ANY_DATA_STATE
05-23 11:27:55.666   592   592 D MobileDataStateTracker: xcap0: Broadcast received: ACTION_ANY_DATA_CONNECTION_STATE_CHANGEDmApnType=xcap != received apnType=ims
05-23 11:27:55.666   592   592 D MobileDataStateTracker: dm0: receive android.intent.action.ANY_DATA_STATE
05-23 11:27:55.666   592   592 D MobileDataStateTracker: dm0: Broadcast received: ACTION_ANY_DATA_CONNECTION_STATE_CHANGEDmApnType=dm != received apnType=ims
05-23 11:27:55.666   592   592 D MobileDataStateTracker: hipri0: receive android.intent.action.ANY_DATA_STATE
05-23 11:27:55.666   592   592 D MobileDataStateTracker: hipri0: Broadcast received: ACTION_ANY_DATA_CONNECTION_STATE_CHANGEDmApnType=hipri != received apnType=ims
05-23 11:27:55.666   592   592 D MobileDataStateTracker: cbs0: receive android.intent.action.ANY_DATA_STATE
05-23 11:27:55.666   592   592 D MobileDataStateTracker: cbs0: Broadcast received: ACTION_ANY_DATA_CONNECTION_STATE_CHANGEDmApnType=cbs != received apnType=ims
05-23 11:27:55.666   592   592 D MobileDataStateTracker: ims0: receive android.intent.action.ANY_DATA_STATE
05-23 11:27:55.666   592   592 D MobileDataStateTracker: ims0: Broadcast received: ACTION_ANY_DATA_CONNECTION_STATE_CHANGEDmApnType=ims == received apnType=ims
05-23 11:27:55.666   592   592 D MobileDataStateTracker: ims0: Broadcast received: android.intent.action.ANY_DATA_STATE apnType=ims
05-23 11:27:55.677   592   592 D MobileDataStateTracker: ims0: ims setting isAvailable to true
05-23 11:27:55.677   592   592 D MobileDataStateTracker: ims0: Received state=DISCONNECTED, old=DISCONNECTED, reason=simLoaded
05-23 11:27:55.677   592   592 D MobileDataStateTracker: fota0: receive android.intent.action.ANY_DATA_STATE
05-23 11:27:55.677   592   592 D MobileDataStateTracker: fota0: Broadcast received: ACTION_ANY_DATA_CONNECTION_STATE_CHANGEDmApnType=fota != received apnType=ims
05-23 11:27:55.677   592   592 D MobileDataStateTracker: supl0: receive android.intent.action.ANY_DATA_STATE
05-23 11:27:55.677   592   592 D MobileDataStateTracker: supl0: Broadcast received: ACTION_ANY_DATA_CONNECTION_STATE_CHANGEDmApnType=supl != received apnType=ims
05-23 11:27:55.677   592   592 D MobileDataStateTracker: mms0: receive android.intent.action.ANY_DATA_STATE
05-23 11:27:55.677   592   592 D MobileDataStateTracker: mms0: Broadcast received: ACTION_ANY_DATA_CONNECTION_STATE_CHANGEDmApnType=mms != received apnType=ims
05-23 11:27:55.677   592   592 D MobileDataStateTracker: default0: receive android.intent.action.ANY_DATA_STATE
05-23 11:27:55.677   592   592 D MobileDataStateTracker: default0: Broadcast received: ACTION_ANY_DATA_CONNECTION_STATE_CHANGEDmApnType=default != received apnType=ims
05-23 11:27:55.677   592   592 D MobileDataStateTracker: wap0: receive android.intent.action.ANY_DATA_STATE
05-23 11:27:55.677   592   592 D MobileDataStateTracker: wap0: Broadcast received: ACTION_ANY_DATA_CONNECTION_STATE_CHANGEDmApnType=wap != received apnType=default
05-23 11:27:55.677   592   592 D MobileDataStateTracker: null0: receive android.intent.action.ANY_DATA_STATE
05-23 11:27:55.677   592   592 D MobileDataStateTracker: null0: Broadcast received: ACTION_ANY_DATA_CONNECTION_STATE_CHANGEDmApnType=null != received apnType=default
05-23 11:27:55.677   592   592 D MobileDataStateTracker: xcap0: receive android.intent.action.ANY_DATA_STATE
05-23 11:27:55.677   592   592 D MobileDataStateTracker: xcap0: Broadcast received: ACTION_ANY_DATA_CONNECTION_STATE_CHANGEDmApnType=xcap != received apnType=default
05-23 11:27:55.677   592   592 D MobileDataStateTracker: dm0: receive android.intent.action.ANY_DATA_STATE
05-23 11:27:55.677   592   592 D MobileDataStateTracker: dm0: Broadcast received: ACTION_ANY_DATA_CONNECTION_STATE_CHANGEDmApnType=dm != received apnType=default
05-23 11:27:55.687   592   592 D MobileDataStateTracker: hipri0: receive android.intent.action.ANY_DATA_STATE
05-23 11:27:55.687   592   592 D MobileDataStateTracker: hipri0: Broadcast received: ACTION_ANY_DATA_CONNECTION_STATE_CHANGEDmApnType=hipri != received apnType=default
05-23 11:27:55.687   592   592 D MobileDataStateTracker: cbs0: receive android.intent.action.ANY_DATA_STATE
05-23 11:27:55.687   592   592 D MobileDataStateTracker: cbs0: Broadcast received: ACTION_ANY_DATA_CONNECTION_STATE_CHANGEDmApnType=cbs != received apnType=default
05-23 11:27:55.687   592   592 D MobileDataStateTracker: ims0: receive android.intent.action.ANY_DATA_STATE
05-23 11:27:55.687   592   592 D MobileDataStateTracker: ims0: Broadcast received: ACTION_ANY_DATA_CONNECTION_STATE_CHANGEDmApnType=ims != received apnType=default
05-23 11:27:55.687   592   592 D MobileDataStateTracker: fota0: receive android.intent.action.ANY_DATA_STATE
05-23 11:27:55.687   592   592 D MobileDataStateTracker: fota0: Broadcast received: ACTION_ANY_DATA_CONNECTION_STATE_CHANGEDmApnType=fota != received apnType=default
05-23 11:27:55.687   592   592 D MobileDataStateTracker: supl0: receive android.intent.action.ANY_DATA_STATE
05-23 11:27:55.687   592   592 D MobileDataStateTracker: supl0: Broadcast received: ACTION_ANY_DATA_CONNECTION_STATE_CHANGEDmApnType=supl != received apnType=default
05-23 11:27:55.687   592   592 D MobileDataStateTracker: mms0: receive android.intent.action.ANY_DATA_STATE
05-23 11:27:55.687   592   592 D MobileDataStateTracker: mms0: Broadcast received: ACTION_ANY_DATA_CONNECTION_STATE_CHANGEDmApnType=mms != received apnType=default
05-23 11:27:55.687   592   592 D MobileDataStateTracker: default0: receive android.intent.action.ANY_DATA_STATE
05-23 11:27:55.687   592   592 D MobileDataStateTracker: default0: Broadcast received: ACTION_ANY_DATA_CONNECTION_STATE_CHANGEDmApnType=default == received apnType=default
05-23 11:27:55.687   592   592 D MobileDataStateTracker: default0: Broadcast received: android.intent.action.ANY_DATA_STATE apnType=default
05-23 11:27:55.697   592   592 D MobileDataStateTracker: default0: default setting isAvailable to true
05-23 11:27:55.697   592   592 D MobileDataStateTracker: default0: Received state=DISCONNECTED, old=DISCONNECTED, reason=simLoaded
05-23 11:27:55.697   592   592 D MobileDataStateTracker: wap0: receive android.intent.action.ANY_DATA_STATE
05-23 11:27:55.697   592   592 D MobileDataStateTracker: wap0: Broadcast received: ACTION_ANY_DATA_CONNECTION_STATE_CHANGEDmApnType=wap != received apnType=mms
05-23 11:27:55.697   592   592 D MobileDataStateTracker: null0: receive android.intent.action.ANY_DATA_STATE
05-23 11:27:55.697   592   592 D MobileDataStateTracker: null0: Broadcast received: ACTION_ANY_DATA_CONNECTION_STATE_CHANGEDmApnType=null != received apnType=mms
05-23 11:27:55.697   592   592 D MobileDataStateTracker: xcap0: receive android.intent.action.ANY_DATA_STATE
05-23 11:27:55.697   592   592 D MobileDataStateTracker: xcap0: Broadcast received: ACTION_ANY_DATA_CONNECTION_STATE_CHANGEDmApnType=xcap != received apnType=mms
05-23 11:27:55.707   592   592 D MobileDataStateTracker: dm0: receive android.intent.action.ANY_DATA_STATE
05-23 11:27:55.707   592   592 D MobileDataStateTracker: dm0: Broadcast received: ACTION_ANY_DATA_CONNECTION_STATE_CHANGEDmApnType=dm != received apnType=mms
05-23 11:27:55.707   592   592 D MobileDataStateTracker: hipri0: receive android.intent.action.ANY_DATA_STATE
05-23 11:27:55.707   592   592 D MobileDataStateTracker: hipri0: Broadcast received: ACTION_ANY_DATA_CONNECTION_STATE_CHANGEDmApnType=hipri != received apnType=mms
05-23 11:27:55.707   592   592 D MobileDataStateTracker: cbs0: receive android.intent.action.ANY_DATA_STATE
05-23 11:27:55.707   592   592 D MobileDataStateTracker: cbs0: Broadcast received: ACTION_ANY_DATA_CONNECTION_STATE_CHANGEDmApnType=cbs != received apnType=mms
05-23 11:27:55.707   592   592 D MobileDataStateTracker: ims0: receive android.intent.action.ANY_DATA_STATE
05-23 11:27:55.707   592   592 D MobileDataStateTracker: ims0: Broadcast received: ACTION_ANY_DATA_CONNECTION_STATE_CHANGEDmApnType=ims != received apnType=mms
05-23 11:27:55.707   592   592 D MobileDataStateTracker: fota0: receive android.intent.action.ANY_DATA_STATE
05-23 11:27:55.707   592   592 D MobileDataStateTracker: fota0: Broadcast received: ACTION_ANY_DATA_CONNECTION_STATE_CHANGEDmApnType=fota != received apnType=mms
05-23 11:27:55.707   592   592 D MobileDataStateTracker: supl0: receive android.intent.action.ANY_DATA_STATE
05-23 11:27:55.707   592   592 D MobileDataStateTracker: supl0: Broadcast received: ACTION_ANY_DATA_CONNECTION_STATE_CHANGEDmApnType=supl != received apnType=mms
05-23 11:27:55.707   592   592 D MobileDataStateTracker: mms0: receive android.intent.action.ANY_DATA_STATE
05-23 11:27:55.717   592   592 D MobileDataStateTracker: mms0: Broadcast received: ACTION_ANY_DATA_CONNECTION_STATE_CHANGEDmApnType=mms == received apnType=mms
05-23 11:27:55.717   592   592 D MobileDataStateTracker: mms0: Broadcast received: android.intent.action.ANY_DATA_STATE apnType=mms
05-23 11:27:55.727   592   592 D MobileDataStateTracker: mms0: mms setting isAvailable to true
05-23 11:27:55.727   592   592 D MobileDataStateTracker: mms0: Received state=DISCONNECTED, old=DISCONNECTED, reason=simLoaded
05-23 11:27:55.727   592   592 D MobileDataStateTracker: default0: receive android.intent.action.ANY_DATA_STATE
05-23 11:27:55.727   592   592 D MobileDataStateTracker: default0: Broadcast received: ACTION_ANY_DATA_CONNECTION_STATE_CHANGEDmApnType=default != received apnType=mms
05-23 11:27:55.727   592   592 D MobileDataStateTracker: wap0: receive android.intent.action.ANY_DATA_STATE
05-23 11:27:55.727   592   592 D MobileDataStateTracker: wap0: Broadcast received: ACTION_ANY_DATA_CONNECTION_STATE_CHANGEDmApnType=wap != received apnType=cbs
05-23 11:27:55.727   592   592 D MobileDataStateTracker: null0: receive android.intent.action.ANY_DATA_STATE
05-23 11:27:55.727   592   592 D MobileDataStateTracker: null0: Broadcast received: ACTION_ANY_DATA_CONNECTION_STATE_CHANGEDmApnType=null != received apnType=cbs
05-23 11:27:55.727   592   592 D MobileDataStateTracker: xcap0: receive android.intent.action.ANY_DATA_STATE
05-23 11:27:55.727   592   592 D MobileDataStateTracker: xcap0: Broadcast received: ACTION_ANY_DATA_CONNECTION_STATE_CHANGEDmApnType=xcap != received apnType=cbs
05-23 11:27:55.727   592   592 D MobileDataStateTracker: dm0: receive android.intent.action.ANY_DATA_STATE
05-23 11:27:55.727   592   592 D MobileDataStateTracker: dm0: Broadcast received: ACTION_ANY_DATA_CONNECTION_STATE_CHANGEDmApnType=dm != received apnType=cbs
05-23 11:27:55.727   592   592 D MobileDataStateTracker: hipri0: receive android.intent.action.ANY_DATA_STATE
05-23 11:27:55.727   592   592 D MobileDataStateTracker: hipri0: Broadcast received: ACTION_ANY_DATA_CONNECTION_STATE_CHANGEDmApnType=hipri != received apnType=cbs
05-23 11:27:55.727   592   592 D MobileDataStateTracker: cbs0: receive android.intent.action.ANY_DATA_STATE
05-23 11:27:55.727   592   592 D MobileDataStateTracker: cbs0: Broadcast received: ACTION_ANY_DATA_CONNECTION_STATE_CHANGEDmApnType=cbs == received apnType=cbs
05-23 11:27:55.727   592   592 D MobileDataStateTracker: cbs0: Broadcast received: android.intent.action.ANY_DATA_STATE apnType=cbs
05-23 11:27:55.737   592   592 D MobileDataStateTracker: cbs0: cbs setting isAvailable to true
05-23 11:27:55.737   592   592 D MobileDataStateTracker: cbs0: Received state=DISCONNECTED, old=DISCONNECTED, reason=simLoaded
05-23 11:27:55.737   592   592 D MobileDataStateTracker: ims0: receive android.intent.action.ANY_DATA_STATE
05-23 11:27:55.737   592   592 D MobileDataStateTracker: ims0: Broadcast received: ACTION_ANY_DATA_CONNECTION_STATE_CHANGEDmApnType=ims != received apnType=cbs
05-23 11:27:55.737   592   592 D MobileDataStateTracker: fota0: receive android.intent.action.ANY_DATA_STATE
05-23 11:27:55.737   592   592 D MobileDataStateTracker: fota0: Broadcast received: ACTION_ANY_DATA_CONNECTION_STATE_CHANGEDmApnType=fota != received apnType=cbs
05-23 11:27:55.737   592   592 D MobileDataStateTracker: supl0: receive android.intent.action.ANY_DATA_STATE
05-23 11:27:55.737   592   592 D MobileDataStateTracker: supl0: Broadcast received: ACTION_ANY_DATA_CONNECTION_STATE_CHANGEDmApnType=supl != received apnType=cbs
05-23 11:27:55.737   592   592 D MobileDataStateTracker: mms0: receive android.intent.action.ANY_DATA_STATE
05-23 11:27:55.737   592   592 D MobileDataStateTracker: mms0: Broadcast received: ACTION_ANY_DATA_CONNECTION_STATE_CHANGEDmApnType=mms != received apnType=cbs
05-23 11:27:55.737   592   592 D MobileDataStateTracker: default0: receive android.intent.action.ANY_DATA_STATE
05-23 11:27:55.737   592   592 D MobileDataStateTracker: default0: Broadcast received: ACTION_ANY_DATA_CONNECTION_STATE_CHANGEDmApnType=default != received apnType=cbs
05-23 11:27:55.737   592   592 D MobileDataStateTracker: wap0: receive android.intent.action.ANY_DATA_STATE
05-23 11:27:55.737   592   592 D MobileDataStateTracker: wap0: Broadcast received: ACTION_ANY_DATA_CONNECTION_STATE_CHANGEDmApnType=wap != received apnType=xcap
05-23 11:27:55.737   592   592 D MobileDataStateTracker: null0: receive android.intent.action.ANY_DATA_STATE
05-23 11:27:55.737   592   592 D MobileDataStateTracker: null0: Broadcast received: ACTION_ANY_DATA_CONNECTION_STATE_CHANGEDmApnType=null != received apnType=xcap
05-23 11:27:55.737   592   592 D MobileDataStateTracker: xcap0: receive android.intent.action.ANY_DATA_STATE
05-23 11:27:55.737   592   592 D MobileDataStateTracker: xcap0: Broadcast received: ACTION_ANY_DATA_CONNECTION_STATE_CHANGEDmApnType=xcap == received apnType=xcap
05-23 11:27:55.737   592   592 D MobileDataStateTracker: xcap0: Broadcast received: android.intent.action.ANY_DATA_STATE apnType=xcap
05-23 11:27:55.737   592   592 D MobileDataStateTracker: xcap0: xcap setting isAvailable to true
05-23 11:27:55.737   592   592 D MobileDataStateTracker: xcap0: Received state=DISCONNECTED, old=DISCONNECTED, reason=simLoaded
05-23 11:27:55.737   592   592 D MobileDataStateTracker: dm0: receive android.intent.action.ANY_DATA_STATE
05-23 11:27:55.737   592   592 D MobileDataStateTracker: dm0: Broadcast received: ACTION_ANY_DATA_CONNECTION_STATE_CHANGEDmApnType=dm != received apnType=xcap
05-23 11:27:55.737   592   592 D MobileDataStateTracker: hipri0: receive android.intent.action.ANY_DATA_STATE
05-23 11:27:55.737   592   592 D MobileDataStateTracker: hipri0: Broadcast received: ACTION_ANY_DATA_CONNECTION_STATE_CHANGEDmApnType=hipri != received apnType=xcap
05-23 11:27:55.737   592   592 D MobileDataStateTracker: cbs0: receive android.intent.action.ANY_DATA_STATE
05-23 11:27:55.737   592   592 D MobileDataStateTracker: cbs0: Broadcast received: ACTION_ANY_DATA_CONNECTION_STATE_CHANGEDmApnType=cbs != received apnType=xcap
05-23 11:27:55.747   592   592 D MobileDataStateTracker: ims0: receive android.intent.action.ANY_DATA_STATE
05-23 11:27:55.747   592   592 D MobileDataStateTracker: ims0: Broadcast received: ACTION_ANY_DATA_CONNECTION_STATE_CHANGEDmApnType=ims != received apnType=xcap
05-23 11:27:55.747   592   592 D MobileDataStateTracker: fota0: receive android.intent.action.ANY_DATA_STATE
05-23 11:27:55.747   592   592 D MobileDataStateTracker: fota0: Broadcast received: ACTION_ANY_DATA_CONNECTION_STATE_CHANGEDmApnType=fota != received apnType=xcap
05-23 11:27:55.747   592   592 D MobileDataStateTracker: supl0: receive android.intent.action.ANY_DATA_STATE
05-23 11:27:55.747   592   592 D MobileDataStateTracker: supl0: Broadcast received: ACTION_ANY_DATA_CONNECTION_STATE_CHANGEDmApnType=supl != received apnType=xcap
05-23 11:27:55.747   592   592 D MobileDataStateTracker: mms0: receive android.intent.action.ANY_DATA_STATE
05-23 11:27:55.747   592   592 D MobileDataStateTracker: mms0: Broadcast received: ACTION_ANY_DATA_CONNECTION_STATE_CHANGEDmApnType=mms != received apnType=xcap
05-23 11:27:55.747   592   592 D MobileDataStateTracker: default0: receive android.intent.action.ANY_DATA_STATE
05-23 11:27:55.747   592   592 D MobileDataStateTracker: default0: Broadcast received: ACTION_ANY_DATA_CONNECTION_STATE_CHANGEDmApnType=default != received apnType=xcap
05-23 11:27:56.047   592   603 D PowerManagerService: acquireWakeLockInternal: lock=1110262160, flags=0x1, tag="RILJ", ws=null, uid=1001, pid=700 pkg name:com.android.phone
05-23 11:27:56.047   592   603 V BatteryStatsImpl: startRunningLocked(): mNesting = 1
05-23 11:27:56.047   592   603 V BatteryStatsImpl: startRunningLocked before mTimerPool.size = 5
05-23 11:27:56.047   592   603 V BatteryStatsImpl: startRunningLocked after mTimerPool.size = 6
05-23 11:27:56.057   592   686 D PowerManagerService: releaseWakeLockInternal: lock=1110262160 [RILJ], flags=0x0 pkg name:com.android.phone
05-23 11:27:56.057   592   995 D BroadcastQueue: enqueueOrderedBroadcastLocked after add: BroadcastRecord{4262e0f0 u0 android.intent.action.stk.command} , the first order broadcast is:BroadcastRecord{4262e0f0 u0 android.intent.action.stk.command} size:1 is: foreground
05-23 11:27:56.057   592   995 D BroadcastQueue: Schedule broadcasts [foreground]: current=false
05-23 11:27:56.057   592   607 D BroadcastQueue: Received BROADCAST_INTENT_MSG
05-23 11:27:56.057   592   607 D BroadcastQueue: Processing ordered broadcast [foreground] BroadcastRecord{4262e0f0 u0 android.intent.action.stk.command}
05-23 11:27:56.057   592   607 D BroadcastQueue: Submitting BROADCAST_TIMEOUT_MSG [foreground] for BroadcastRecord{4262e0f0 u0 android.intent.action.stk.command} at 65806
05-23 11:27:56.307   592   995 D BroadcastQueue: Schedule broadcasts [background]: current=false
05-23 11:27:56.307   592   607 D BroadcastQueue: Received BROADCAST_INTENT_MSG
05-23 11:27:56.307   592   607 D BroadcastQueue: processNextBroadcast(background) called when not idle (state=1)
05-23 11:27:56.307   592   686 D BroadcastQueue: Cancelling BROADCAST_TIMEOUT_MSG
05-23 11:27:56.307   592   686 D BroadcastQueue: Finished with ordered broadcast BroadcastRecord{4262e0f0 u0 android.intent.action.stk.command}
05-23 11:27:56.307   592   686 D BroadcastQueue: Finished with ordered broadcast and remove index 0:BroadcastRecord{4262e0f0 u0 android.intent.action.stk.command} is: foreground remine 0
05-23 11:27:56.367   592   602 D TelephonyRegistry: listen: E pkg=com.android.keyguard events=0x0 myUid=0 callerUid=0
05-23 11:27:56.367   592   821 D TelephonyRegistry: listen: E pkg=com.android.keyguard events=0x0 myUid=0 callerUid=0
05-23 11:27:56.497   592   866 D PowerManagerService: acquireWakeLockInternal: lock=1110262160, flags=0x1, tag="RILJ", ws=null, uid=1001, pid=700 pkg name:com.android.phone
05-23 11:27:56.527   592   866 V BatteryStatsImpl: startRunningLocked(): mNesting = 1
05-23 11:27:56.537   592   866 V BatteryStatsImpl: startRunningLocked before mTimerPool.size = 5
05-23 11:27:56.537   592   866 V BatteryStatsImpl: startRunningLocked after mTimerPool.size = 6
05-23 11:27:56.557   592   866 D PowerManagerService: releaseWakeLockInternal: lock=1110262160 [RILJ], flags=0x0 pkg name:com.android.phone
05-23 11:27:56.557   592   821 D BroadcastQueue: enqueueOrderedBroadcastLocked after add: BroadcastRecord{4224b7b8 u0 android.intent.action.stk.command} , the first order broadcast is:BroadcastRecord{4224b7b8 u0 android.intent.action.stk.command} size:1 is: foreground
05-23 11:27:56.557   592   821 D BroadcastQueue: Schedule broadcasts [foreground]: current=false
05-23 11:27:56.557   592   607 D BroadcastQueue: Received BROADCAST_INTENT_MSG
05-23 11:27:56.557   592   607 D BroadcastQueue: Processing ordered broadcast [foreground] BroadcastRecord{4224b7b8 u0 android.intent.action.stk.command}
05-23 11:27:56.557   592   607 D BroadcastQueue: Submitting BROADCAST_TIMEOUT_MSG [foreground] for BroadcastRecord{4224b7b8 u0 android.intent.action.stk.command} at 66305
05-23 11:27:56.567   592   686 D BroadcastQueue: Cancelling BROADCAST_TIMEOUT_MSG
05-23 11:27:56.567   592   686 D BroadcastQueue: Finished with ordered broadcast BroadcastRecord{4224b7b8 u0 android.intent.action.stk.command}
05-23 11:27:56.567   592   686 D BroadcastQueue: Finished with ordered broadcast and remove index 0:BroadcastRecord{4224b7b8 u0 android.intent.action.stk.command} is: foreground remine 0
05-23 11:27:56.587   592   603 D BroadcastQueue: enqueueOrderedBroadcastLocked after add: BroadcastRecord{426ed680 u0 android.intent.action.stk.session_end} , the first order broadcast is:BroadcastRecord{4252c230 u-1 android.hardware.usb.action.USB_STATE} size:15 is: background
05-23 11:27:56.587   592   603 D BroadcastQueue: Schedule broadcasts [background]: current=false
05-23 11:27:56.587   592   607 D BroadcastQueue: Received BROADCAST_INTENT_MSG
05-23 11:27:56.587   592   607 D BroadcastQueue: processNextBroadcast(background) called when not idle (state=1)
05-23 11:27:56.587   592   602 W BackupManagerService: dataChanged but no participant pkg='com.android.providers.settings' uid=1001
05-23 11:27:56.607   592   866 D PowerManagerService: acquireWakeLockInternal: lock=1112638376, flags=0x1, tag="RadioInteractorCore", ws=null, uid=1001, pid=700 pkg name:com.android.phone
05-23 11:27:56.607   592   866 V BatteryStatsImpl: startRunningLocked(): mNesting = 1
05-23 11:27:56.607   592   866 V BatteryStatsImpl: startRunningLocked before mTimerPool.size = 5
05-23 11:27:56.607   592   866 V BatteryStatsImpl: startRunningLocked after mTimerPool.size = 6
05-23 11:27:56.607   592   821 D PowerManagerService: releaseWakeLockInternal: lock=1112638376 [RadioInteractorCore], flags=0x0 pkg name:com.android.phone
05-23 11:27:56.627   592   806 D PowerManagerService: acquireWakeLockInternal: lock=1110262160, flags=0x1, tag="RILJ", ws=null, uid=1001, pid=700 pkg name:com.android.phone
05-23 11:27:56.627   592   806 V BatteryStatsImpl: startRunningLocked(): mNesting = 1
05-23 11:27:56.627   592   806 V BatteryStatsImpl: startRunningLocked before mTimerPool.size = 5
05-23 11:27:56.627   592   806 V BatteryStatsImpl: startRunningLocked after mTimerPool.size = 6
05-23 11:27:56.637   592   806 D PowerManagerService: releaseWakeLockInternal: lock=1110262160 [RILJ], flags=0x0 pkg name:com.android.phone
05-23 11:27:56.728   592   592 W ContextImpl: Calling a method in the system process without a qualified user: android.app.ContextImpl.sendBroadcast:1173 android.sim.SimManagerService.sendSimsChangedBroadcast:141 android.sim.SimManagerService.access$800:47 android.sim.SimManagerService$SimLoadedReceiver.onReceive:304 android.app.LoadedApk$ReceiverDispatcher$Args.run:767 
05-23 11:27:56.728   592   592 D BroadcastQueue: Schedule broadcasts [background]: current=false
05-23 11:27:56.728   592   607 D BroadcastQueue: Received BROADCAST_INTENT_MSG
05-23 11:27:56.728   592   607 D BroadcastQueue: processNextBroadcast(background) called when not idle (state=1)
05-23 11:27:56.728   592   592 W ContextImpl: Calling a method in the system process without a qualified user: android.app.ContextImpl.sendBroadcast:1173 android.sim.SimManagerService.sendSimsCompletedLoadedBroadcast:150 android.sim.SimManagerService.access$900:47 android.sim.SimManagerService$SimLoadedReceiver.onReceive:309 android.app.LoadedApk$ReceiverDispatcher$Args.run:767 
05-23 11:27:56.738   592   592 D BroadcastQueue: Schedule broadcasts [background]: current=false
05-23 11:27:56.738   592   607 D BroadcastQueue: Received BROADCAST_INTENT_MSG
05-23 11:27:56.738   592   607 D BroadcastQueue: processNextBroadcast(background) called when not idle (state=1)
05-23 11:27:57.278   592   686 W BackupManagerService: dataChanged but no participant pkg='com.android.providers.settings' uid=1001
05-23 11:27:57.308   592   592 D LoadedApk: after onReceive:android.sim.SimManagerService$SimLoadedReceiver@423e69d0 intent:android.intent.action.SIM_STATE_CHANGED0 spend on onReceive:1272 ms, more than 300ms, please check
05-23 11:27:57.789   592   606 W WindowManager: Window freeze timeout expired.
05-23 11:27:57.789   592   995 D TelephonyRegistry: listen: E pkg=com.android.keyguard events=0x1 myUid=0 callerUid=0
05-23 11:27:57.789   592   821 D BroadcastQueue: Schedule broadcasts [background]: current=false
05-23 11:27:57.789   592   606 W WindowManager: Force clearing orientation change: Window{4263dad0 u0 Keyguard}
05-23 11:27:57.799   592   606 W WindowManager: Force clearing orientation change: Window{42658658 u0 com.android.settings/com.sprd.settings.SprdUsbSettings}
05-23 11:27:57.799   592   606 W WindowManager: Force clearing orientation change: Window{425b1b58 u0 com.android.systemui.ImageWallpaper}
05-23 11:27:57.799   592   995 I TelephonyRegistry: listen: add new record={pkgForDebug=com.android.keyguard callerUid=0 events=0}
05-23 11:27:57.799   592   607 D BroadcastQueue: Received BROADCAST_INTENT_MSG
05-23 11:27:57.799   592   607 D BroadcastQueue: processNextBroadcast(background) called when not idle (state=1)
05-23 11:27:57.949   592   995 D TelephonyRegistry: validateEventsAndUserLocked: valid=false r.callerUid=0 foregroundUser=0 r.events=1 events=16
05-23 11:27:57.949   592   995 D TelephonyRegistry: validateEventsAndUserLocked: valid=false r.callerUid=0 foregroundUser=0 r.events=1 events=1024
05-23 11:27:57.989   592   866 D TelephonyRegistry: listen: E pkg=com.android.keyguard events=0x1 myUid=0 callerUid=0
05-23 11:27:57.989   592   866 I TelephonyRegistry: listen: add new record={pkgForDebug=com.android.keyguard callerUid=0 events=0}
05-23 11:27:57.989   592   866 D TelephonyRegistry: validateEventsAndUserLocked: valid=false r.callerUid=0 foregroundUser=0 r.events=1 events=16
05-23 11:27:57.989   592   866 D TelephonyRegistry: validateEventsAndUserLocked: valid=false r.callerUid=0 foregroundUser=0 r.events=1 events=1024
05-23 11:27:57.989   592   995 D SettingsProvider: call_put(system:multi_sim_mms=0) for 0
05-23 11:27:57.999   592   606 I WindowManager: Screen frozen for +4s537ms due to AppWindowToken{426573a8 token=Token{4262f850 ActivityRecord{42528b50 u0 com.android.settings/com.sprd.settings.SprdUsbSettings t2}}}
05-23 11:27:58.009   592   603 D SettingsProvider: call_put(system:multi_sim_voice_call=0) for 0
05-23 11:27:58.019   592   821 D SettingsProvider: call_put(system:multi_sim_voice_call=0) for 0
05-23 11:27:58.059   592   603 D SettingsProvider: call_put(system:multi_sim_mms=0) for 0
05-23 11:27:58.059   592   821 D SettingsProvider: call_put(system:multi_sim_voice_call=0) for 0
05-23 11:27:58.279   592   866 D SettingsProvider: call_put(system:multi_sim_mms=0) for 0
05-23 11:27:58.289   592   602 D PowerManagerService: acquireWakeLockInternal: lock=1112638376, flags=0x1, tag="RadioInteractorCore", ws=null, uid=1001, pid=700 pkg name:com.android.phone
05-23 11:27:58.289   592   602 V BatteryStatsImpl: startRunningLocked(): mNesting = 1
05-23 11:27:58.289   592   602 V BatteryStatsImpl: startRunningLocked before mTimerPool.size = 5
05-23 11:27:58.289   592   602 V BatteryStatsImpl: startRunningLocked after mTimerPool.size = 6
05-23 11:27:58.299   592   603 D PowerManagerService: releaseWakeLockInternal: lock=1112638376 [RadioInteractorCore], flags=0x0 pkg name:com.android.phone
05-23 11:27:58.349   592   866 D PowerManagerService: acquireWakeLockInternal: lock=1110262160, flags=0x1, tag="RILJ", ws=null, uid=1001, pid=700 pkg name:com.android.phone
05-23 11:27:58.359   592   866 V BatteryStatsImpl: startRunningLocked(): mNesting = 1
05-23 11:27:58.359   592   866 V BatteryStatsImpl: startRunningLocked before mTimerPool.size = 5
05-23 11:27:58.359   592   866 V BatteryStatsImpl: startRunningLocked after mTimerPool.size = 6
05-23 11:27:58.379   592   602 D PowerManagerService: releaseWakeLockInternal: lock=1110262160 [RILJ], flags=0x0 pkg name:com.android.phone
05-23 11:27:58.379   592   806 D ConnectivityService: getMobileDataEnabled[0] returning true
05-23 11:27:58.389   592   603 D PowerManagerService: acquireWakeLockInternal: lock=1110262160, flags=0x1, tag="RILJ", ws=null, uid=1001, pid=700 pkg name:com.android.phone
05-23 11:27:58.389   592   603 V BatteryStatsImpl: startRunningLocked(): mNesting = 1
05-23 11:27:58.389   592   603 V BatteryStatsImpl: startRunningLocked before mTimerPool.size = 5
05-23 11:27:58.389   592   603 V BatteryStatsImpl: startRunningLocked after mTimerPool.size = 6
05-23 11:27:58.419   592   606 V WindowManager: Thawing input dispatching
05-23 11:27:58.419   592   606 D PowerManagerService: releaseWakeLockInternal: lock=1111773024 [SCREEN_FROZEN], flags=0x0 pkg name:android
05-23 11:27:58.539   150  1046 W SocketClient: write error (Broken pipe)
05-23 11:27:59.270   592   806 D PowerManagerService: releaseWakeLockInternal: lock=1109963848 [ActivityManager-Launch], flags=0x0 pkg name:android
05-23 11:27:59.280   592   806 D WindowManager: performEnableScreen: mDisplayEnabled=false mForceDisplayEnabled=false mShowingBootMessages=false mSystemBooted=true mOnlyCore=false
05-23 11:27:59.280   592   806 D WindowManager: performEnableScreen: window =Window{4263dad0 u0 Keyguard} and return
05-23 11:27:59.760   592   866 D PowerManagerService: releaseWakeLockInternal: lock=1110262160 [RILJ], flags=0x0 pkg name:com.android.phone
05-23 11:27:59.770   592   602 D PowerManagerService: acquireWakeLockInternal: lock=1110262160, flags=0x1, tag="RILJ", ws=null, uid=1001, pid=700 pkg name:com.android.phone
05-23 11:27:59.770   592   602 V BatteryStatsImpl: startRunningLocked(): mNesting = 1
05-23 11:27:59.770   592   602 V BatteryStatsImpl: startRunningLocked before mTimerPool.size = 3
05-23 11:27:59.770   592   602 V BatteryStatsImpl: startRunningLocked after mTimerPool.size = 4
05-23 11:27:59.781   592   821 D PowerManagerService: releaseWakeLockInternal: lock=1110262160 [RILJ], flags=0x0 pkg name:com.android.phone
05-23 11:27:59.781   592   866 D PowerManagerService: acquireWakeLockInternal: lock=1110262160, flags=0x1, tag="RILJ", ws=null, uid=1001, pid=700 pkg name:com.android.phone
05-23 11:27:59.781   592   866 V BatteryStatsImpl: startRunningLocked(): mNesting = 1
05-23 11:27:59.781   592   866 V BatteryStatsImpl: startRunningLocked before mTimerPool.size = 3
05-23 11:27:59.781   592   866 V BatteryStatsImpl: startRunningLocked after mTimerPool.size = 4
