05-23 11:27:50.572   592   592 D MobileDataStateTracker: ims0: Broadcast received: ACTION_ANY_DATA_CONNECTION_STATE_CHANGEDmApnType=ims == received apnType=ims
05-23 11:27:50.572   592   592 D MobileDataStateTracker: ims0: Broadcast received: android.intent.action.ANY_DATA_STATE apnType=ims
05-23 11:27:50.582   592   592 D MobileDataStateTracker: ims0: ims setting isAvailable to true
05-23 11:27:50.582   592   592 D MobileDataStateTracker: ims0: Received state=DISCONNECTED, old=DISCONNECTED, reason=roamingOff
05-23 11:27:50.582   592   592 D MobileDataStateTracker: fota0: receive android.intent.action.ANY_DATA_STATE
05-23 11:27:50.582   592   592 D MobileDataStateTracker: fota0: Broadcast received: ACTION_ANY_DATA_CONNECTION_STATE_CHANGEDmApnType=fota != received apnType=ims
05-23 11:27:50.582   592   592 D MobileDataStateTracker: supl0: receive android.intent.action.ANY_DATA_STATE
05-23 11:27:50.582   592   592 D MobileDataStateTracker: supl0: Broadcast received: ACTION_ANY_DATA_CONNECTION_STATE_CHANGEDmApnType=supl != received apnType=ims
05-23 11:27:50.582   592   592 D MobileDataStateTracker: mms0: receive android.intent.action.ANY_DATA_STATE
05-23 11:27:50.582   592   592 D MobileDataStateTracker: mms0: Broadcast received: ACTION_ANY_DATA_CONNECTION_STATE_CHANGEDmApnType=mms != received apnType=ims
05-23 11:27:50.582   592   592 D MobileDataStateTracker: default0: receive android.intent.action.ANY_DATA_STATE
05-23 11:27:50.582   592   592 D MobileDataStateTracker: default0: Broadcast received: ACTION_ANY_DATA_CONNECTION_STATE_CHANGEDmApnType=default != received apnType=ims
05-23 11:27:50.582   592   592 D MobileDataStateTracker: wap0: receive android.intent.action.ANY_DATA_STATE
05-23 11:27:50.582   592   592 D MobileDataStateTracker: wap0: Broadcast received: ACTION_ANY_DATA_CONNECTION_STATE_CHANGEDmApnType=wap != received apnType=default
05-23 11:27:50.582   592   592 D MobileDataStateTracker: null0: receive android.intent.action.ANY_DATA_STATE
05-23 11:27:50.582   592   592 D MobileDataStateTracker: null0: Broadcast received: ACTION_ANY_DATA_CONNECTION_STATE_CHANGEDmApnType=null != received apnType=default
05-23 11:27:50.582   592   592 D MobileDataStateTracker: xcap0: receive android.intent.action.ANY_DATA_STATE
05-23 11:27:50.582   592   592 D MobileDataStateTracker: xcap0: Broadcast received: ACTION_ANY_DATA_CONNECTION_STATE_CHANGEDmApnType=xcap != received apnType=default
05-23 11:27:50.582   592   592 D MobileDataStateTracker: dm0: receive android.intent.action.ANY_DATA_STATE
05-23 11:27:50.592   592   592 D MobileDataStateTracker: dm0: Broadcast received: ACTION_ANY_DATA_CONNECTION_STATE_CHANGEDmApnType=dm != received apnType=default
05-23 11:27:50.592   592   592 D MobileDataStateTracker: hipri0: receive android.intent.action.ANY_DATA_STATE
05-23 11:27:50.592   592   592 D MobileDataStateTracker: hipri0: Broadcast received: ACTION_ANY_DATA_CONNECTION_STATE_CHANGEDmApnType=hipri != received apnType=default
05-23 11:27:50.592   592   592 D MobileDataStateTracker: cbs0: receive android.intent.action.ANY_DATA_STATE
05-23 11:27:50.592   592   592 D MobileDataStateTracker: cbs0: Broadcast received: ACTION_ANY_DATA_CONNECTION_STATE_CHANGEDmApnType=cbs != received apnType=default
05-23 11:27:50.592   592   592 D MobileDataStateTracker: ims0: receive android.intent.action.ANY_DATA_STATE
05-23 11:27:50.592   592   592 D MobileDataStateTracker: ims0: Broadcast received: ACTION_ANY_DATA_CONNECTION_STATE_CHANGEDmApnType=ims != received apnType=default
05-23 11:27:50.592   592   592 D MobileDataStateTracker: fota0: receive android.intent.action.ANY_DATA_STATE
05-23 11:27:50.592   592   592 D MobileDataStateTracker: fota0: Broadcast received: ACTION_ANY_DATA_CONNECTION_STATE_CHANGEDmApnType=fota != received apnType=default
05-23 11:27:50.592   592   592 D MobileDataStateTracker: supl0: receive android.intent.action.ANY_DATA_STATE
05-23 11:27:50.592   592   592 D MobileDataStateTracker: supl0: Broadcast received: ACTION_ANY_DATA_CONNECTION_STATE_CHANGEDmApnType=supl != received apnType=default
05-23 11:27:50.592   592   592 D MobileDataStateTracker: mms0: receive android.intent.action.ANY_DATA_STATE
05-23 11:27:50.592   592   592 D MobileDataStateTracker: mms0: Broadcast received: ACTION_ANY_DATA_CONNECTION_STATE_CHANGEDmApnType=mms != received apnType=default
05-23 11:27:50.592   592   592 D MobileDataStateTracker: default0: receive android.intent.action.ANY_DATA_STATE
05-23 11:27:50.592   592   592 D MobileDataStateTracker: default0: Broadcast received: ACTION_ANY_DATA_CONNECTION_STATE_CHANGEDmApnType=default == received apnType=default
05-23 11:27:50.592   592   592 D MobileDataStateTracker: default0: Broadcast received: android.intent.action.ANY_DATA_STATE apnType=default
05-23 11:27:50.592   592   592 D MobileDataStateTracker: default0: default setting isAvailable to true
05-23 11:27:50.592   592   592 D MobileDataStateTracker: default0: Received state=DISCONNECTED, old=DISCONNECTED, reason=roamingOff
05-23 11:27:50.592   592   592 D MobileDataStateTracker: wap0: receive android.intent.action.ANY_DATA_STATE
05-23 11:27:50.592   592   592 D MobileDataStateTracker: wap0: Broadcast received: ACTION_ANY_DATA_CONNECTION_STATE_CHANGEDmApnType=wap != received apnType=mms
05-23 11:27:50.602   592   592 D MobileDataStateTracker: null0: receive android.intent.action.ANY_DATA_STATE
05-23 11:27:50.602   592   592 D MobileDataStateTracker: null0: Broadcast received: ACTION_ANY_DATA_CONNECTION_STATE_CHANGEDmApnType=null != received apnType=mms
05-23 11:27:50.602   592   592 D MobileDataStateTracker: xcap0: receive android.intent.action.ANY_DATA_STATE
05-23 11:27:50.602   592   592 D MobileDataStateTracker: xcap0: Broadcast received: ACTION_ANY_DATA_CONNECTION_STATE_CHANGEDmApnType=xcap != received apnType=mms
05-23 11:27:50.602   592   592 D MobileDataStateTracker: dm0: receive android.intent.action.ANY_DATA_STATE
05-23 11:27:50.622   592   592 D MobileDataStateTracker: dm0: Broadcast received: ACTION_ANY_DATA_CONNECTION_STATE_CHANGEDmApnType=dm != received apnType=mms
05-23 11:27:50.622   592   592 D MobileDataStateTracker: hipri0: receive android.intent.action.ANY_DATA_STATE
05-23 11:27:50.632   592   592 D MobileDataStateTracker: hipri0: Broadcast received: ACTION_ANY_DATA_CONNECTION_STATE_CHANGEDmApnType=hipri != received apnType=mms
05-23 11:27:50.632   592   592 D MobileDataStateTracker: cbs0: receive android.intent.action.ANY_DATA_STATE
05-23 11:27:50.642   592   592 D MobileDataStateTracker: cbs0: Broadcast received: ACTION_ANY_DATA_CONNECTION_STATE_CHANGEDmApnType=cbs != received apnType=mms
05-23 11:27:50.642   592   592 D MobileDataStateTracker: ims0: receive android.intent.action.ANY_DATA_STATE
05-23 11:27:50.642   592   592 D MobileDataStateTracker: ims0: Broadcast received: ACTION_ANY_DATA_CONNECTION_STATE_CHANGEDmApnType=ims != received apnType=mms
05-23 11:27:50.642   592   592 D MobileDataStateTracker: fota0: receive android.intent.action.ANY_DATA_STATE
05-23 11:27:50.642   592   592 D MobileDataStateTracker: fota0: Broadcast received: ACTION_ANY_DATA_CONNECTION_STATE_CHANGEDmApnType=fota != received apnType=mms
05-23 11:27:50.642   592   592 D MobileDataStateTracker: supl0: receive android.intent.action.ANY_DATA_STATE
05-23 11:27:50.642   592   592 D MobileDataStateTracker: supl0: Broadcast received: ACTION_ANY_DATA_CONNECTION_STATE_CHANGEDmApnType=supl != received apnType=mms
05-23 11:27:50.642   592   592 D MobileDataStateTracker: mms0: receive android.intent.action.ANY_DATA_STATE
05-23 11:27:50.642   592   592 D MobileDataStateTracker: mms0: Broadcast received: ACTION_ANY_DATA_CONNECTION_STATE_CHANGEDmApnType=mms == received apnType=mms
05-23 11:27:50.642   592   592 D MobileDataStateTracker: mms0: Broadcast received: android.intent.action.ANY_DATA_STATE apnType=mms
05-23 11:27:50.642   592   592 D MobileDataStateTracker: mms0: mms setting isAvailable to true
05-23 11:27:50.642   592   592 D MobileDataStateTracker: mms0: Received state=DISCONNECTED, old=DISCONNECTED, reason=roamingOff
05-23 11:27:50.642   592   592 D MobileDataStateTracker: default0: receive android.intent.action.ANY_DATA_STATE
05-23 11:27:50.642   592   592 D MobileDataStateTracker: default0: Broadcast received: ACTION_ANY_DATA_CONNECTION_STATE_CHANGEDmApnType=default != received apnType=mms
05-23 11:27:50.652   592   592 D MobileDataStateTracker: wap0: receive android.intent.action.ANY_DATA_STATE
05-23 11:27:50.652   592   592 D MobileDataStateTracker: wap0: Broadcast received: ACTION_ANY_DATA_CONNECTION_STATE_CHANGEDmApnType=wap != received apnType=cbs
05-23 11:27:50.652   592   592 D MobileDataStateTracker: null0: receive android.intent.action.ANY_DATA_STATE
05-23 11:27:50.652   592   592 D MobileDataStateTracker: null0: Broadcast received: ACTION_ANY_DATA_CONNECTION_STATE_CHANGEDmApnType=null != received apnType=cbs
05-23 11:27:50.652   592   592 D MobileDataStateTracker: xcap0: receive android.intent.action.ANY_DATA_STATE
05-23 11:27:50.652   592   592 D MobileDataStateTracker: xcap0: Broadcast received: ACTION_ANY_DATA_CONNECTION_STATE_CHANGEDmApnType=xcap != received apnType=cbs
05-23 11:27:50.652   592   592 D MobileDataStateTracker: dm0: receive android.intent.action.ANY_DATA_STATE
05-23 11:27:50.652   592   592 D MobileDataStateTracker: dm0: Broadcast received: ACTION_ANY_DATA_CONNECTION_STATE_CHANGEDmApnType=dm != received apnType=cbs
05-23 11:27:50.652   592   592 D MobileDataStateTracker: hipri0: receive android.intent.action.ANY_DATA_STATE
05-23 11:27:50.652   592   592 D MobileDataStateTracker: hipri0: Broadcast received: ACTION_ANY_DATA_CONNECTION_STATE_CHANGEDmApnType=hipri != received apnType=cbs
05-23 11:27:50.652   592   592 D MobileDataStateTracker: cbs0: receive android.intent.action.ANY_DATA_STATE
05-23 11:27:50.652   592   592 D MobileDataStateTracker: cbs0: Broadcast received: ACTION_ANY_DATA_CONNECTION_STATE_CHANGEDmApnType=cbs == received apnType=cbs
05-23 11:27:50.652   592   592 D MobileDataStateTracker: cbs0: Broadcast received: android.intent.action.ANY_DATA_STATE apnType=cbs
05-23 11:27:50.652   592   592 D MobileDataStateTracker: cbs0: cbs setting isAvailable to true
05-23 11:27:50.652   592   592 D MobileDataStateTracker: cbs0: Received state=DISCONNECTED, old=DISCONNECTED, reason=roamingOff
05-23 11:27:50.652   592   592 D MobileDataStateTracker: ims0: receive android.intent.action.ANY_DATA_STATE
05-23 11:27:50.652   592   592 D MobileDataStateTracker: ims0: Broadcast received: ACTION_ANY_DATA_CONNECTION_STATE_CHANGEDmApnType=ims != received apnType=cbs
05-23 11:27:50.652   592   592 D MobileDataStateTracker: fota0: receive android.intent.action.ANY_DATA_STATE
05-23 11:27:50.652   592   592 D MobileDataStateTracker: fota0: Broadcast received: ACTION_ANY_DATA_CONNECTION_STATE_CHANGEDmApnType=fota != received apnType=cbs
05-23 11:27:50.652   592   592 D MobileDataStateTracker: supl0: receive android.intent.action.ANY_DATA_STATE
05-23 11:27:50.652   592   592 D MobileDataStateTracker: supl0: Broadcast received: ACTION_ANY_DATA_CONNECTION_STATE_CHANGEDmApnType=supl != received apnType=cbs
05-23 11:27:50.662   592   592 D MobileDataStateTracker: mms0: receive android.intent.action.ANY_DATA_STATE
05-23 11:27:50.662   592   592 D MobileDataStateTracker: mms0: Broadcast received: ACTION_ANY_DATA_CONNECTION_STATE_CHANGEDmApnType=mms != received apnType=cbs
05-23 11:27:50.662   592   592 D MobileDataStateTracker: default0: receive android.intent.action.ANY_DATA_STATE
05-23 11:27:50.662   592   592 D MobileDataStateTracker: default0: Broadcast received: ACTION_ANY_DATA_CONNECTION_STATE_CHANGEDmApnType=default != received apnType=cbs
05-23 11:27:50.662   592   592 D MobileDataStateTracker: wap0: receive android.intent.action.ANY_DATA_STATE
05-23 11:27:50.662   592   592 D MobileDataStateTracker: wap0: Broadcast received: ACTION_ANY_DATA_CONNECTION_STATE_CHANGEDmApnType=wap != received apnType=xcap
05-23 11:27:50.662   592   592 D MobileDataStateTracker: null0: receive android.intent.action.ANY_DATA_STATE
05-23 11:27:50.662   592   592 D MobileDataStateTracker: null0: Broadcast received: ACTION_ANY_DATA_CONNECTION_STATE_CHANGEDmApnType=null != received apnType=xcap
05-23 11:27:50.662   592   592 D MobileDataStateTracker: xcap0: receive android.intent.action.ANY_DATA_STATE
05-23 11:27:50.662   592   592 D MobileDataStateTracker: xcap0: Broadcast received: ACTION_ANY_DATA_CONNECTION_STATE_CHANGEDmApnType=xcap == received apnType=xcap
05-23 11:27:50.662   592   592 D MobileDataStateTracker: xcap0: Broadcast received: android.intent.action.ANY_DATA_STATE apnType=xcap
05-23 11:27:50.662   592   592 D MobileDataStateTracker: xcap0: xcap setting isAvailable to true
05-23 11:27:50.662   592   592 D MobileDataStateTracker: xcap0: Received state=DISCONNECTED, old=DISCONNECTED, reason=roamingOff
05-23 11:27:50.662   592   592 D MobileDataStateTracker: dm0: receive android.intent.action.ANY_DATA_STATE
05-23 11:27:50.662   592   592 D MobileDataStateTracker: dm0: Broadcast received: ACTION_ANY_DATA_CONNECTION_STATE_CHANGEDmApnType=dm != received apnType=xcap
05-23 11:27:50.662   592   592 D MobileDataStateTracker: hipri0: receive android.intent.action.ANY_DATA_STATE
05-23 11:27:50.662   592   592 D MobileDataStateTracker: hipri0: Broadcast received: ACTION_ANY_DATA_CONNECTION_STATE_CHANGEDmApnType=hipri != received apnType=xcap
05-23 11:27:50.662   592   592 D MobileDataStateTracker: cbs0: receive android.intent.action.ANY_DATA_STATE
05-23 11:27:50.662   592   592 D MobileDataStateTracker: cbs0: Broadcast received: ACTION_ANY_DATA_CONNECTION_STATE_CHANGEDmApnType=cbs != received apnType=xcap
05-23 11:27:50.662   592   592 D MobileDataStateTracker: ims0: receive android.intent.action.ANY_DATA_STATE
05-23 11:27:50.662   592   592 D MobileDataStateTracker: ims0: Broadcast received: ACTION_ANY_DATA_CONNECTION_STATE_CHANGEDmApnType=ims != received apnType=xcap
05-23 11:27:50.662   592   592 D MobileDataStateTracker: fota0: receive android.intent.action.ANY_DATA_STATE
05-23 11:27:50.662   592   592 D MobileDataStateTracker: fota0: Broadcast received: ACTION_ANY_DATA_CONNECTION_STATE_CHANGEDmApnType=fota != received apnType=xcap
05-23 11:27:50.662   592   592 D MobileDataStateTracker: supl0: receive android.intent.action.ANY_DATA_STATE
05-23 11:27:50.672   592   592 D MobileDataStateTracker: supl0: Broadcast received: ACTION_ANY_DATA_CONNECTION_STATE_CHANGEDmApnType=supl != received apnType=xcap
05-23 11:27:50.672   592   592 D MobileDataStateTracker: mms0: receive android.intent.action.ANY_DATA_STATE
05-23 11:27:50.672   592   592 D MobileDataStateTracker: mms0: Broadcast received: ACTION_ANY_DATA_CONNECTION_STATE_CHANGEDmApnType=mms != received apnType=xcap
05-23 11:27:50.672   592   592 D MobileDataStateTracker: default0: receive android.intent.action.ANY_DATA_STATE
05-23 11:27:50.672   592   592 D MobileDataStateTracker: default0: Broadcast received: ACTION_ANY_DATA_CONNECTION_STATE_CHANGEDmApnType=default != received apnType=xcap
05-23 11:27:50.722   592   806 W BackupManagerService: dataChanged but no participant pkg='com.android.providers.settings' uid=1001
05-23 11:27:50.782   671   671 D LoadedApk: after onReceive:com.android.systemui.statusbar.policy.BatteryController@42260bb8 intent:android.intent.action.BATTERY_CHANGED spend on onReceive:536 ms, more than 300ms, please check
05-23 11:27:50.812   700   700 D LoadedApk: after onReceive:com.sprd.internal.telephony.GlobalConfigManager$1@42249690 intent:android.intent.action.SIM_STATE_CHANGED spend on onReceive:339 ms, more than 300ms, please check
05-23 11:27:51.062   592   606 W WindowManager: Focused window stay null too long, have a update!
05-23 11:27:51.062   592   606 V WindowManager: Looking for focus: 1 = Window{426a0500 u0 StatusBar} = null, flags=25428040, canReceive=false mViewVisibility=0 mHasSurface=true
05-23 11:27:51.062   592   606 V WindowManager: Looking for focus: 0 = Window{425dae88 u0 KeyguardScrim} = null, flags=1116416, canReceive=false mViewVisibility=8 mHasSurface=false
05-23 11:27:51.062   592   606 V WindowManager: findFocusedWindow: No focusable windows.
05-23 11:27:51.542   592   866 D BroadcastQueue: Schedule broadcasts [background]: current=false
05-23 11:27:51.542   592   607 D BroadcastQueue: Received BROADCAST_INTENT_MSG
05-23 11:27:51.552   592   607 D BroadcastQueue: processNextBroadcast(background) called when not idle (state=1)
05-23 11:27:51.552   592   602 D TelephonyRegistry: listen: E pkg=com.iflytek.inputmethod events=0x20 myUid=0 callerUid=0
05-23 11:27:51.552   592   602 I TelephonyRegistry: listen: add new record={pkgForDebug=com.iflytek.inputmethod callerUid=0 events=0}
05-23 11:27:51.562   592   602 D TelephonyRegistry: validateEventsAndUserLocked: valid=false r.callerUid=0 foregroundUser=0 r.events=32 events=16
05-23 11:27:51.562   592   602 D TelephonyRegistry: validateEventsAndUserLocked: valid=false r.callerUid=0 foregroundUser=0 r.events=32 events=1024
05-23 11:27:51.562   592   602 D TelephonyRegistry: listen: E pkg=com.iflytek.inputmethod events=0x20 myUid=0 callerUid=0
05-23 11:27:51.562   592   602 I TelephonyRegistry: listen: add new record={pkgForDebug=com.iflytek.inputmethod callerUid=0 events=0}
05-23 11:27:51.562   592   602 D TelephonyRegistry: validateEventsAndUserLocked: valid=false r.callerUid=0 foregroundUser=0 r.events=32 events=16
05-23 11:27:51.562   592   602 D TelephonyRegistry: validateEventsAndUserLocked: valid=false r.callerUid=0 foregroundUser=0 r.events=32 events=1024
05-23 11:27:51.703   592   602 V WindowManager: New client android.os.BinderProxy@42402328: window=Window{425b1b58 u0 com.android.systemui.ImageWallpaper}
05-23 11:27:51.743   592   686 I WallpaperService: Callback android.os.BinderProxy@425ff0f0 has registered
05-23 11:27:51.783   592   603 D PowerManagerService: acquireWakeLockInternal: lock=1110329968, flags=0x1, tag="RILJ", ws=null, uid=1001, pid=700 pkg name:com.android.phone
05-23 11:27:51.783   592   603 V BatteryStatsImpl: startRunningLocked(): mNesting = 1
05-23 11:27:51.783   592   603 V BatteryStatsImpl: startRunningLocked before mTimerPool.size = 3
05-23 11:27:51.783   592   603 V BatteryStatsImpl: startRunningLocked after mTimerPool.size = 4
05-23 11:27:51.793   592   821 D PowerManagerService: releaseWakeLockInternal: lock=1110329968 [RILJ], flags=0x0 pkg name:com.android.phone
05-23 11:27:51.863   592   686 D WindowManager: Input focus has changed to Window{4263dad0 u0 Keyguard}
05-23 11:27:51.863   592   686 V WindowManager: New client android.os.BinderProxy@42575998: window=Window{4263dad0 u0 Keyguard}
05-23 11:27:51.903   770   770 W ContextImpl: Calling a method in the system process without a qualified user: android.app.ContextImpl.startActivity:1070 android.content.ContextWrapper.startActivity:311 android.content.ContextWrapper.startActivity:311 com.sprd.settings.SprdUsbReceiver.recoverFunction:73 com.sprd.settings.SprdUsbReceiver.onReceive:37 
05-23 11:27:51.903   770   770 W ContextImpl: Calling a method in the system process without a qualified user: android.app.ContextImpl.startActivity:1082 android.app.ContextImpl.startActivity:1071 android.content.ContextWrapper.startActivity:311 android.content.ContextWrapper.startActivity:311 com.sprd.settings.SprdUsbReceiver.recoverFunction:73 
05-23 11:27:51.953   592   866 I ActivityManager: START u0 {act=com.sprd.settings.APPLICATION_SPRD_USB_SETTINGS flg=0x10200000 cmp=com.android.settings/com.sprd.settings.SprdUsbSettings} from pid 770
05-23 11:27:51.973   592   866 D PowerManagerService: acquireWakeLockInternal: lock=1109963848, flags=0x1, tag="ActivityManager-Launch", ws=null, uid=1000, pid=592 pkg name:android
05-23 11:27:51.983   592   866 V BatteryStatsImpl: startRunningLocked(): mNesting = 1
05-23 11:27:51.983   592   866 V BatteryStatsImpl: startRunningLocked before mTimerPool.size = 3
05-23 11:27:51.983   592   866 V BatteryStatsImpl: startRunningLocked after mTimerPool.size = 4
05-23 11:27:51.983   592   866 V WindowManager: Pausing WindowToken AppWindowToken{425a00d8 token=Token{423493e0 ActivityRecord{42563b20 u0 com.alading.launcher/.MainActivity t1}}}
05-23 11:27:51.983   592   866 D ActivityManager: setFocusedActivityLocked: r=ActivityRecord{42528b50 u0 com.android.settings/com.sprd.settings.SprdUsbSettings t2}
05-23 11:27:51.983   592   866 V WindowManager: Set focused app to: AppWindowToken{426573a8 token=Token{4262f850 ActivityRecord{42528b50 u0 com.android.settings/com.sprd.settings.SprdUsbSettings t2}}} old focus=AppWindowToken{425a00d8 token=Token{423493e0 ActivityRecord{42563b20 u0 com.alading.launcher/.MainActivity t1}}} moveFocusNow=true
05-23 11:27:52.073   770   770 W ActivityThread: Warning, It is so long to handle a broadcast with + ReceiverData{intent=Intent { act=android.hardware.usb.action.USB_STATE flg=0x20000010 cmp=com.android.settings/com.sprd.settings.SprdUsbReceiver (has extras) } packageName=com.android.settings resultCode=-1 resultData=null resultExtras=null}. It all cost 6855ms, with  6369ms before onReceive and  486ms really.
05-23 11:27:52.183   592   602 D PowerManagerService: acquireWakeLockInternal: lock=1113488568, flags=0x1, tag="RILJ", ws=null, uid=1001, pid=700 pkg name:com.android.phone
05-23 11:27:52.183   592   602 V BatteryStatsImpl: startRunningLocked(): mNesting = 1
05-23 11:27:52.193   592   602 V BatteryStatsImpl: startRunningLocked before mTimerPool.size = 4
05-23 11:27:52.193   592   602 V BatteryStatsImpl: startRunningLocked after mTimerPool.size = 5
05-23 11:27:52.203   592   821 I ActivityManager: Start proc android.process.media for broadcast com.android.providers.media/.MtpReceiver: pid=978 uid=10025 gids={50025, 1051, 1052, 1028, 1015, 1023, 1024, 2001, 3003, 3007}
05-23 11:27:52.203   592   806 D PowerManagerService: releaseWakeLockInternal: lock=1113488568 [RILJ], flags=0x0 pkg name:com.android.phone
05-23 11:27:52.323   592   821 V ActivityManager: Start activity on task size = 1, r = ActivityRecord{42528b50 u0 com.android.settings/com.sprd.settings.SprdUsbSettings t2}
05-23 11:27:52.583   592   634 D AlarmManager: waitForAlarm result:8
05-23 11:27:52.583   592   634 D AlarmManager: triggerList.add i = 0
05-23 11:27:52.583   592   634 D AlarmManager: break
05-23 11:27:52.583   592   634 D AlarmManager: sending alarm type:3 operation:PendingIntent{425bab68: PendingIntentRecord{425baac8 android broadcastIntent}}
05-23 11:27:52.583   592   603 D PowerManagerService: acquireWakeLockInternal: lock=1113488568, flags=0x1, tag="RILJ", ws=null, uid=1001, pid=700 pkg name:com.android.phone
05-23 11:27:52.583   592   603 V BatteryStatsImpl: startRunningLocked(): mNesting = 1
05-23 11:27:52.583   592   603 V BatteryStatsImpl: startRunningLocked before mTimerPool.size = 4
05-23 11:27:52.583   592   603 V BatteryStatsImpl: startRunningLocked after mTimerPool.size = 5
05-23 11:27:52.593   592   607 W ActivityManager: Activity pause timeout for ActivityRecord{42563b20 u0 com.alading.launcher/.MainActivity t1}
05-23 11:27:52.614   592   634 D BroadcastQueue: enqueueOrderedBroadcastLocked after add: BroadcastRecord{4263c0c0 u0 com.android.server.NetworkTimeUpdateService.action.POLL} , the first order broadcast is:BroadcastRecord{4252c230 u-1 android.hardware.usb.action.USB_STATE} size:13 is: background
05-23 11:27:52.614   592   634 D BroadcastQueue: Schedule broadcasts [background]: current=false
05-23 11:27:52.624   592   634 D PowerManagerService: acquireWakeLockInternal: lock=1110135432, flags=0x1, tag="AlarmManager", ws=WorkSource{1000}, uid=1000, pid=592 pkg name:android
05-23 11:27:52.624   592   634 V BatteryStatsImpl: startRunningLocked(): mNesting = 1
05-23 11:27:52.624   592   634 V BatteryStatsImpl: startRunningLocked before mTimerPool.size = 5
05-23 11:27:52.624   592   634 V BatteryStatsImpl: startRunningLocked after mTimerPool.size = 6
05-23 11:27:52.634   592   607 V BatteryStatsImpl: startRunningLocked(): mNesting = 1
05-23 11:27:52.644   592   607 V WindowManager: Resuming WindowToken AppWindowToken{425a00d8 token=Token{423493e0 ActivityRecord{42563b20 u0 com.alading.launcher/.MainActivity t1}}}
05-23 11:27:52.654   592   607 D BroadcastQueue: enqueueOrderedBroadcastLocked after add: BroadcastRecord{425e6530 u0 android.intent.action.BOOT_COMPLETED} , the first order broadcast is:BroadcastRecord{4252c230 u-1 android.hardware.usb.action.USB_STATE} size:14 is: background
05-23 11:27:52.654   592   607 D BroadcastQueue: Schedule broadcasts [background]: current=true
05-23 11:27:52.664   592   607 D BroadcastQueue: Received BROADCAST_INTENT_MSG
05-23 11:27:52.664   592   607 D BroadcastQueue: processNextBroadcast(background) called when not idle (state=1)
05-23 11:27:52.684   592   995 D PowerManagerService: acquireWakeLockInternal: lock=1112139304, flags=0x1, tag="RadioInteractorCore", ws=null, uid=1001, pid=700 pkg name:com.android.phone
05-23 11:27:52.684   592   995 V BatteryStatsImpl: startRunningLocked(): mNesting = 1
05-23 11:27:52.684   592   995 V BatteryStatsImpl: startRunningLocked before mTimerPool.size = 6
05-23 11:27:52.684   592   995 V BatteryStatsImpl: startRunningLocked after mTimerPool.size = 7
05-23 11:27:52.694   592   866 D PowerManagerService: releaseWakeLockInternal: lock=1112139304 [RadioInteractorCore], flags=0x0 pkg name:com.android.phone
05-23 11:27:52.734   592   821 D BroadcastQueue: Schedule broadcasts [background]: current=false
05-23 11:27:52.734   592   607 D BroadcastQueue: Received BROADCAST_INTENT_MSG
05-23 11:27:52.734   592   607 D BroadcastQueue: processNextBroadcast(background) called when not idle (state=1)
05-23 11:27:52.754   592   603 D SettingsProvider: call_put(system:multi_sim_voice_call=0) for 0
05-23 11:27:52.774   592   603 W BackupManagerService: dataChanged but no participant pkg='com.android.providers.settings' uid=1001
05-23 11:27:52.794   592   806 D SettingsProvider: call_put(system:multi_sim_video_call=0) for 0
05-23 11:27:52.814   592   806 W BackupManagerService: dataChanged but no participant pkg='com.android.providers.settings' uid=1001
05-23 11:27:52.814   592   866 D SettingsProvider: call_put(system:multi_sim_mms=0) for 0
05-23 11:27:53.014   592   866 W BackupManagerService: dataChanged but no participant pkg='com.android.providers.settings' uid=1001
05-23 11:27:53.024   592   806 D BroadcastQueue: Schedule broadcasts [background]: current=false
05-23 11:27:53.024   592   607 D BroadcastQueue: Received BROADCAST_INTENT_MSG
05-23 11:27:53.024   592   607 D BroadcastQueue: processNextBroadcast(background) called when not idle (state=1)
05-23 11:27:53.024   592   821 D BroadcastQueue: Schedule broadcasts [background]: current=false
05-23 11:27:53.024   592   607 D BroadcastQueue: Received BROADCAST_INTENT_MSG
05-23 11:27:53.024   592   607 D BroadcastQueue: processNextBroadcast(background) called when not idle (state=1)
05-23 11:27:53.044   592   602 D BroadcastQueue: Schedule broadcasts [background]: current=false
05-23 11:27:53.044   592   607 D BroadcastQueue: Received BROADCAST_INTENT_MSG
05-23 11:27:53.044   592   607 D BroadcastQueue: processNextBroadcast(background) called when not idle (state=1)
05-23 11:27:53.164   592   806 D SettingsProvider: call_put(system:multi_sim_voice_call=0) for 0
05-23 11:27:53.174   592   821 D SettingsProvider: call_put(system:multi_sim_video_call=0) for 0
05-23 11:27:53.174   592   866 D SettingsProvider: call_put(system:multi_sim_mms=0) for 0
05-23 11:27:53.174   592   602 D BroadcastQueue: Schedule broadcasts [background]: current=false
05-23 11:27:53.174   592   607 D BroadcastQueue: Received BROADCAST_INTENT_MSG
05-23 11:27:53.174   592   607 D BroadcastQueue: processNextBroadcast(background) called when not idle (state=1)
05-23 11:27:53.184   592   603 D BroadcastQueue: Schedule broadcasts [background]: current=false
05-23 11:27:53.184   592   607 D BroadcastQueue: Received BROADCAST_INTENT_MSG
05-23 11:27:53.194   592   607 D BroadcastQueue: processNextBroadcast(background) called when not idle (state=1)
05-23 11:27:53.254   592   806 D SettingsProvider: call_put(system:multi_sim_voice_call=0) for 0
05-23 11:27:53.254   592   821 D SettingsProvider: call_put(system:multi_sim_video_call=0) for 0
05-23 11:27:53.254   592   866 D SettingsProvider: call_put(system:multi_sim_mms=0) for 0
05-23 11:27:53.254   592   602 D BroadcastQueue: Schedule broadcasts [background]: current=false
05-23 11:27:53.254   592   607 D BroadcastQueue: Received BROADCAST_INTENT_MSG
05-23 11:27:53.264   592   607 D BroadcastQueue: processNextBroadcast(background) called when not idle (state=1)
05-23 11:27:53.264   592   603 D BroadcastQueue: Schedule broadcasts [background]: current=false
05-23 11:27:53.264   592   607 D BroadcastQueue: Received BROADCAST_INTENT_MSG
05-23 11:27:53.264   592   607 D BroadcastQueue: processNextBroadcast(background) called when not idle (state=1)
05-23 11:27:53.424   700   700 D MccTable: updateMccMncConfiguration: mcc=460, mnc=0
05-23 11:27:53.434   700   700 D MccTable: getLocaleFromMcc to zh_cn mcc=460
05-23 11:27:53.434   700   700 D MccTable: getLocaleForLanguageCountry: skipping already persisted
05-23 11:27:53.434   700   700 D MccTable: getLocaleForLanguageCountry: X locale=null
05-23 11:27:53.434   700   700 D MccTable: updateMccMncConfiguration updateConfig config={1.0 460mcc65535mnc ?locale ?layoutDir ?swdp ?wdp ?hdp ?density ?lsize ?long ?orien ?uimode ?night ?touch ?keyb/?/? ?nav/?}
05-23 11:27:53.434   592   603 I ActivityManager: Config changes=3 {1.0 460mcc65535mnc zh_CN ldltr sw320dp w320dp h320dp 120dpi smll port -touch -keyb/v/h -nav/h s.4}
05-23 11:27:53.464   592   603 D BroadcastQueue: Schedule broadcasts [foreground]: current=false
05-23 11:27:53.464   592   607 D BroadcastQueue: Received BROADCAST_INTENT_MSG
05-23 11:27:53.464   592   603 D PowerManagerService: acquireWakeLockInternal: lock=1111773024, flags=0x1, tag="SCREEN_FROZEN", ws=null, uid=1000, pid=592 pkg name:android
05-23 11:27:53.464   592   603 V BatteryStatsImpl: startRunningLocked(): mNesting = 1
05-23 11:27:53.464   592   603 V BatteryStatsImpl: startRunningLocked before mTimerPool.size = 6
05-23 11:27:53.464   592   603 V BatteryStatsImpl: startRunningLocked after mTimerPool.size = 7
05-23 11:27:53.464   592   603 V WindowManager: Freezing input dispatching
05-23 11:27:53.695   592   821 D PowerManagerService: releaseWakeLockInternal: lock=1113488568 [RILJ], flags=0x0 pkg name:com.android.phone
05-23 11:27:53.695   592   603 D TelephonyRegistry: listen: E pkg=com.android.keyguard events=0x1 myUid=0 callerUid=0
05-23 11:27:53.695   592   603 I TelephonyRegistry: listen: add new record={pkgForDebug=com.android.keyguard callerUid=0 events=0}
05-23 11:27:53.705   592   686 D PowerManagerService: acquireWakeLockInternal: lock=1113488568, flags=0x1, tag="RILJ", ws=null, uid=1001, pid=700 pkg name:com.android.phone
05-23 11:27:53.705   592   603 D TelephonyRegistry: validateEventsAndUserLocked: valid=false r.callerUid=0 foregroundUser=0 r.events=1 events=16
05-23 11:27:53.705   592   686 V BatteryStatsImpl: startRunningLocked(): mNesting = 1
05-23 11:27:53.705   592   686 V BatteryStatsImpl: startRunningLocked before mTimerPool.size = 6
05-23 11:27:53.705   592   603 D TelephonyRegistry: validateEventsAndUserLocked: valid=false r.callerUid=0 foregroundUser=0 r.events=1 events=1024
05-23 11:27:53.705   592   686 V BatteryStatsImpl: startRunningLocked after mTimerPool.size = 7
05-23 11:27:53.705   592   602 D TelephonyRegistry: listen: E pkg=com.android.keyguard events=0x1 myUid=0 callerUid=0
05-23 11:27:53.705   592   602 I TelephonyRegistry: listen: add new record={pkgForDebug=com.android.keyguard callerUid=0 events=0}
05-23 11:27:53.705   592   602 D TelephonyRegistry: validateEventsAndUserLocked: valid=false r.callerUid=0 foregroundUser=0 r.events=1 events=16
05-23 11:27:53.705   592   602 D TelephonyRegistry: validateEventsAndUserLocked: valid=false r.callerUid=0 foregroundUser=0 r.events=1 events=1024
05-23 11:27:53.855   592   686 W BackupManagerService: dataChanged but no participant pkg='com.android.providers.settings' uid=1001
05-23 11:27:53.975   592   603 D PowerManagerService: releaseWakeLockInternal: lock=1113488568 [RILJ], flags=0x0 pkg name:com.android.phone
05-23 11:27:53.985   592   806 D BroadcastQueue: Schedule broadcasts [background]: current=false
05-23 11:27:53.985   592   607 D BroadcastQueue: Received BROADCAST_INTENT_MSG
05-23 11:27:53.985   592   607 D BroadcastQueue: processNextBroadcast(background) called when not idle (state=1)
05-23 11:27:53.995   592   686 D PowerManagerService: acquireWakeLockInternal: lock=1113488568, flags=0x1, tag="RILJ", ws=null, uid=1001, pid=700 pkg name:com.android.phone
05-23 11:27:53.995   592   686 V BatteryStatsImpl: startRunningLocked(): mNesting = 1
05-23 11:27:53.995   592   686 V BatteryStatsImpl: startRunningLocked before mTimerPool.size = 6
05-23 11:27:53.995   592   686 V BatteryStatsImpl: startRunningLocked after mTimerPool.size = 7
05-23 11:27:54.025   592   866 D PowerManagerService: releaseWakeLockInternal: lock=1113488568 [RILJ], flags=0x0 pkg name:com.android.phone
05-23 11:27:54.025   700   700 D MccTable: updateMccMncConfiguration: mcc=460, mnc=0
05-23 11:27:54.025   592   603 D PowerManagerService: acquireWakeLockInternal: lock=1113488568, flags=0x1, tag="RILJ", ws=null, uid=1001, pid=700 pkg name:com.android.phone
05-23 11:27:54.025   700   700 D MccTable: getLocaleFromMcc to zh_cn mcc=460
05-23 11:27:54.025   700   700 D MccTable: getLocaleForLanguageCountry: skipping already persisted
05-23 11:27:54.025   700   700 D MccTable: getLocaleForLanguageCountry: X locale=null
05-23 11:27:54.025   700   700 D MccTable: updateMccMncConfiguration updateConfig config={1.0 460mcc65535mnc ?locale ?layoutDir ?swdp ?wdp ?hdp ?density ?lsize ?long ?orien ?uimode ?night ?touch ?keyb/?/? ?nav/?}
05-23 11:27:54.025   592   603 V BatteryStatsImpl: startRunningLocked(): mNesting = 1
05-23 11:27:54.035   592   603 V BatteryStatsImpl: startRunningLocked before mTimerPool.size = 6
05-23 11:27:54.035   592   603 V BatteryStatsImpl: startRunningLocked after mTimerPool.size = 7
05-23 11:27:54.055   592   602 D PowerManagerService: releaseWakeLockInternal: lock=1113488568 [RILJ], flags=0x0 pkg name:com.android.phone
05-23 11:27:54.055   592   995 D BroadcastQueue: Schedule broadcasts [background]: current=false
05-23 11:27:54.055   592   607 D BroadcastQueue: Received BROADCAST_INTENT_MSG
05-23 11:27:54.065   592   607 D BroadcastQueue: processNextBroadcast(background) called when not idle (state=1)
05-23 11:27:54.075   592   821 D BroadcastQueue: Schedule broadcasts [background]: current=false
05-23 11:27:54.075   592   607 D BroadcastQueue: Received BROADCAST_INTENT_MSG
05-23 11:27:54.075   592   607 D BroadcastQueue: processNextBroadcast(background) called when not idle (state=1)
05-23 11:27:54.215   592   603 D PowerManagerService: acquireWakeLockInternal: lock=1114582984, flags=0x1, tag="RILJ", ws=null, uid=1001, pid=700 pkg name:com.android.phone
05-23 11:27:54.215   592   603 V BatteryStatsImpl: startRunningLocked(): mNesting = 1
05-23 11:27:54.215   592   603 V BatteryStatsImpl: startRunningLocked before mTimerPool.size = 6
05-23 11:27:54.215   592   603 V BatteryStatsImpl: startRunningLocked after mTimerPool.size = 7
05-23 11:27:54.225   592   995 D PowerManagerService: releaseWakeLockInternal: lock=1114582984 [RILJ], flags=0x0 pkg name:com.android.phone
05-23 11:27:54.235   592   603 D BroadcastQueue: Schedule broadcasts [background]: current=false
05-23 11:27:54.235   592   607 D BroadcastQueue: Received BROADCAST_INTENT_MSG
05-23 11:27:54.235   592   607 D BroadcastQueue: processNextBroadcast(background) called when not idle (state=1)
05-23 11:27:54.235   592   602 D BroadcastQueue: enqueueOrderedBroadcastLocked after add: BroadcastRecord{42645378 u0 android.intent.action.stk.command} , the first order broadcast is:BroadcastRecord{42645378 u0 android.intent.action.stk.command} size:1 is: foreground
05-23 11:27:54.235   592   602 D BroadcastQueue: Schedule broadcasts [foreground]: current=false
05-23 11:27:54.245   592   607 D BroadcastQueue: Received BROADCAST_INTENT_MSG
05-23 11:27:54.245   592   607 D BroadcastQueue: Processing ordered broadcast [foreground] BroadcastRecord{42645378 u0 android.intent.action.stk.command}
05-23 11:27:54.245   592   607 D BroadcastQueue: Submitting BROADCAST_TIMEOUT_MSG [foreground] for BroadcastRecord{42645378 u0 android.intent.action.stk.command} at 63990
05-23 11:27:54.265   770   770 W ContextImpl: Calling a method in the system process without a qualified user: android.app.ContextImpl.sendBroadcast:1173 android.content.ContextWrapper.sendBroadcast:365 com.sprd.settings.SprdUsbSettings.onStart:292 android.app.Instrumentation.callActivityOnStart:1183 android.app.Activity.performStart:5273 
05-23 11:27:54.265   592   866 D BroadcastQueue: Schedule broadcasts [background]: current=false
05-23 11:27:54.275   592   607 D BroadcastQueue: Received BROADCAST_INTENT_MSG
05-23 11:27:54.275   592   607 D BroadcastQueue: processNextBroadcast(background) called when not idle (state=1)
05-23 11:27:54.275   592   603 D BroadcastQueue: Schedule broadcasts [background]: current=false
05-23 11:27:54.275   592   607 D BroadcastQueue: Received BROADCAST_INTENT_MSG
05-23 11:27:54.285   592   607 D BroadcastQueue: processNextBroadcast(background) called when not idle (state=1)
05-23 11:27:54.335   592   995 D BroadcastQueue: Schedule broadcasts [background]: current=false
05-23 11:27:54.335   592   607 D BroadcastQueue: Received BROADCAST_INTENT_MSG
05-23 11:27:54.335   592   607 D BroadcastQueue: processNextBroadcast(background) called when not idle (state=1)
05-23 11:27:54.375   592   592 D LoadedApk: after onReceive:com.android.server.AppWidgetService$2@425b8288 intent:android.intent.action.CONFIGURATION_CHANGED spend on onReceive:838 ms, more than 300ms, please check
05-23 11:27:54.475   592   866 V WindowManager: New client android.os.BinderProxy@422c1eb0: window=Window{42658378 u0 com.android.settings/com.sprd.settings.SprdUsbSettings}
05-23 11:27:54.485   592   686 D BroadcastQueue: Schedule broadcasts [foreground]: current=false
05-23 11:27:54.485   592   607 D BroadcastQueue: Received BROADCAST_INTENT_MSG
05-23 11:27:54.485   592   607 D BroadcastQueue: processNextBroadcast(foreground) called when not idle (state=1)
05-23 11:27:54.595   592   806 D PowerManagerService: releaseWakeLockInternal: lock=1111857848 [show keyguard], flags=0x0 pkg name:com.android.keyguard
05-23 11:27:54.666   592   603 D BroadcastQueue: Schedule broadcasts [background]: current=false
05-23 11:27:54.666   592   607 D BroadcastQueue: Received BROADCAST_INTENT_MSG
05-23 11:27:54.676   592   607 D BroadcastQueue: processNextBroadcast(background) called when not idle (state=1)
05-23 11:27:54.676   671   671 V KeyguardDisplayManager: show
05-23 11:27:54.686   592   995 I ActivityManager: Resumed activity; dropping state of: ActivityRecord{42528b50 u0 com.android.settings/com.sprd.settings.SprdUsbSettings t2}
05-23 11:27:54.746   700   700 W ActivityThread: Warning, It is so long to handle a broadcast with + ReceiverData{intent=Intent { act=android.intent.action.stk.command flg=0x10000010 cmp=com.android.stk/.StkCmdReceiver (has extras) } packageName=com.android.stk resultCode=-1 resultData=null resultExtras=null}. It all cost 505ms, with  385ms before onReceive and  120ms really.
05-23 11:27:54.756   592   806 D BroadcastQueue: Cancelling BROADCAST_TIMEOUT_MSG
05-23 11:27:54.766   592   806 D BroadcastQueue: Finished with ordered broadcast BroadcastRecord{42645378 u0 android.intent.action.stk.command}
05-23 11:27:54.766   592   806 D BroadcastQueue: Finished with ordered broadcast and remove index 0:BroadcastRecord{42645378 u0 android.intent.action.stk.command} is: foreground remine 0
05-23 11:27:54.766   592   603 D BroadcastQueue: Schedule broadcasts [background]: current=false
05-23 11:27:54.776   592   607 D BroadcastQueue: Received BROADCAST_INTENT_MSG
05-23 11:27:54.776   592   607 D BroadcastQueue: processNextBroadcast(background) called when not idle (state=1)
05-23 11:27:54.786   592   806 D BroadcastQueue: Schedule broadcasts [background]: current=false
05-23 11:27:54.796   592   607 D BroadcastQueue: Received BROADCAST_INTENT_MSG
05-23 11:27:54.796   592   607 D BroadcastQueue: processNextBroadcast(background) called when not idle (state=1)
05-23 11:27:55.026   592   806 D BroadcastQueue: Schedule broadcasts [background]: current=false
05-23 11:27:55.036   770   770 W ContextImpl: Calling a method in the system process without a qualified user: android.app.ContextImpl.sendBroadcast:1173 android.content.ContextWrapper.sendBroadcast:365 com.sprd.settings.SprdUsbSettings.onStart:292 android.app.Instrumentation.callActivityOnStart:1183 android.app.Activity.performStart:5273 
05-23 11:27:55.036   592   602 D BroadcastQueue: Schedule broadcasts [background]: current=true
05-23 11:27:55.046   592   866 D BroadcastQueue: Schedule broadcasts [background]: current=true
05-23 11:27:55.056   592   607 D BroadcastQueue: Received BROADCAST_INTENT_MSG
05-23 11:27:55.066   592   607 D BroadcastQueue: processNextBroadcast(background) called when not idle (state=1)
05-23 11:27:55.066   671   671 V KeyguardViewManager: send wm null token: not showing
05-23 11:27:55.076   592   821 V WindowManager: New client android.os.BinderProxy@4233bf40: window=Window{42658658 u0 com.android.settings/com.sprd.settings.SprdUsbSettings}
05-23 11:27:55.076   592   603 I ActivityManager: Resumed activity; dropping state of: ActivityRecord{42528b50 u0 com.android.settings/com.sprd.settings.SprdUsbSettings t2}
05-23 11:27:55.306   592   866 D PowerManagerService: acquireWakeLockInternal: lock=1110163936, flags=0x1, tag="RILJ", ws=null, uid=1001, pid=700 pkg name:com.android.phone
05-23 11:27:55.306   592   866 V BatteryStatsImpl: startRunningLocked(): mNesting = 1
05-23 11:27:55.306   592   866 V BatteryStatsImpl: startRunningLocked before mTimerPool.size = 5
05-23 11:27:55.306   592   866 V BatteryStatsImpl: startRunningLocked after mTimerPool.size = 6
05-23 11:27:55.316   592   821 I TelephonyRegistry: notifyDataConnection: state=0 isDataConnectivityPossible=false reason='simLoaded' apn='null' apnType=dm networkType=0 mRecords.size()=10 mRecords=[{pkgForDebug=android callerUid=0 events=1c1}, {pkgForDebug=android callerUid=0 events=20}, {pkgForDebug=com.android.systemui callerUid=0 events=41e1}, {pkgForDebug=com.android.systemui callerUid=0 events=4000}, {pkgForDebug=com.android.phone callerUid=0 events=c}, {pkgForDebug=com.android.phone callerUid=0 events=1}, {pkgForDebug=com.android.phone callerUid=0 events=9}, {pkgForDebug=android callerUid=0 events=1}, {pkgForDebug=com.iflytek.inputmethod callerUid=0 events=20}, {pkgForDebug=com.android.keyguard callerUid=0 events=1}] linkProperties: null
05-23 11:27:55.316   592   821 D BroadcastQueue: Schedule broadcasts [background]: current=false
05-23 11:27:55.326   592   607 D BroadcastQueue: Received BROADCAST_INTENT_MSG
05-23 11:27:55.326   592   592 D MobileDataStateTracker: wap0: receive android.intent.action.ANY_DATA_STATE
05-23 11:27:55.326   592   592 D MobileDataStateTracker: wap0: Broadcast received: ACTION_ANY_DATA_CONNECTION_STATE_CHANGEDmApnType=wap != received apnType=dm
05-23 11:27:55.326   592   592 D MobileDataStateTracker: null0: receive android.intent.action.ANY_DATA_STATE
05-23 11:27:55.326   592   592 D MobileDataStateTracker: null0: Broadcast received: ACTION_ANY_DATA_CONNECTION_STATE_CHANGEDmApnType=null != received apnType=dm
05-23 11:27:55.326   592   592 D MobileDataStateTracker: xcap0: receive android.intent.action.ANY_DATA_STATE
05-23 11:27:55.326   592   592 D MobileDataStateTracker: xcap0: Broadcast received: ACTION_ANY_DATA_CONNECTION_STATE_CHANGEDmApnType=xcap != received apnType=dm
05-23 11:27:55.336   592   592 D MobileDataStateTracker: dm0: receive android.intent.action.ANY_DATA_STATE
05-23 11:27:55.336   592   607 D BroadcastQueue: processNextBroadcast(background) called when not idle (state=1)
05-23 11:27:55.346   592   602 D PowerManagerService: releaseWakeLockInternal: lock=1110163936 [RILJ], flags=0x0 pkg name:com.android.phone
05-23 11:27:55.346   592   592 D MobileDataStateTracker: dm0: Broadcast received: ACTION_ANY_DATA_CONNECTION_STATE_CHANGEDmApnType=dm == received apnType=dm
05-23 11:27:55.346   592   592 D MobileDataStateTracker: dm0: Broadcast received: android.intent.action.ANY_DATA_STATE apnType=dm
05-23 11:27:55.346   592   603 I TelephonyRegistry: notifyDataConnection: state=0 isDataConnectivityPossible=false reason='simLoaded' apn='null' apnType=wap networkType=0 mRecords.size()=10 mRecords=[{pkgForDebug=android callerUid=0 events=1c1}, {pkgForDebug=android callerUid=0 events=20}, {pkgForDebug=com.android.systemui callerUid=0 events=41e1}, {pkgForDebug=com.android.systemui callerUid=0 events=4000}, {pkgForDebug=com.android.phone callerUid=0 events=c}, {pkgForDebug=com.android.phone callerUid=0 events=1}, {pkgForDebug=com.android.phone callerUid=0 events=9}, {pkgForDebug=android callerUid=0 events=1}, {pkgForDebug=com.iflytek.inputmethod callerUid=0 events=20}, {pkgForDebug=com.android.keyguard callerUid=0 events=1}] linkProperties: null
05-23 11:27:55.346   592   603 D BroadcastQueue: Schedule broadcasts [background]: current=false
05-23 11:27:55.356   592   592 D MobileDataStateTracker: dm0: dm setting isAvailable to true
05-23 11:27:55.356   592   592 D MobileDataStateTracker: dm0: Received state=DISCONNECTED, old=DISCONNECTED, reason=simLoaded
05-23 11:27:55.356   592   592 D MobileDataStateTracker: hipri0: receive android.intent.action.ANY_DATA_STATE
05-23 11:27:55.356   592   607 D BroadcastQueue: Received BROADCAST_INTENT_MSG
05-23 11:27:55.356   592   592 D MobileDataStateTracker: hipri0: Broadcast received: ACTION_ANY_DATA_CONNECTION_STATE_CHANGEDmApnType=hipri != received apnType=dm
05-23 11:27:55.356   592   995 I TelephonyRegistry: notifyDataConnection: state=0 isDataConnectivityPossible=false reason='simLoaded' apn='null' apnType=fota networkType=0 mRecords.size()=10 mRecords=[{pkgForDebug=android callerUid=0 events=1c1}, {pkgForDebug=android callerUid=0 events=20}, {pkgForDebug=com.android.systemui callerUid=0 events=41e1}, {pkgForDebug=com.android.systemui callerUid=0 events=4000}, {pkgForDebug=com.android.phone callerUid=0 events=c}, {pkgForDebug=com.android.phone callerUid=0 events=1}, {pkgForDebug=com.android.phone callerUid=0 events=9}, {pkgForDebug=android callerUid=0 events=1}, {pkgForDebug=com.iflytek.inputmethod callerUid=0 events=20}, {pkgForDebug=com.android.keyguard callerUid=0 events=1}] linkProperties: null
05-23 11:27:55.356   592   592 D MobileDataStateTracker: cbs0: receive android.intent.action.ANY_DATA_STATE
05-23 11:27:55.356   592   592 D MobileDataStateTracker: cbs0: Broadcast received: ACTION_ANY_DATA_CONNECTION_STATE_CHANGEDmApnType=cbs != received apnType=dm
05-23 11:27:55.356   592   592 D MobileDataStateTracker: ims0: receive android.intent.action.ANY_DATA_STATE
05-23 11:27:55.356   592   592 D MobileDataStateTracker: ims0: Broadcast received: ACTION_ANY_DATA_CONNECTION_STATE_CHANGEDmApnType=ims != received apnType=dm
05-23 11:27:55.356   592   592 D MobileDataStateTracker: fota0: receive android.intent.action.ANY_DATA_STATE
05-23 11:27:55.356   592   607 D BroadcastQueue: processNextBroadcast(background) called when not idle (state=1)
05-23 11:27:55.356   592   592 D MobileDataStateTracker: fota0: Broadcast received: ACTION_ANY_DATA_CONNECTION_STATE_CHANGEDmApnType=fota != received apnType=dm
05-23 11:27:55.366   592   592 D MobileDataStateTracker: supl0: receive android.intent.action.ANY_DATA_STATE
05-23 11:27:55.366   592   592 D MobileDataStateTracker: supl0: Broadcast received: ACTION_ANY_DATA_CONNECTION_STATE_CHANGEDmApnType=supl != received apnType=dm
05-23 11:27:55.366   592   592 D MobileDataStateTracker: mms0: receive android.intent.action.ANY_DATA_STATE
05-23 11:27:55.366   592   995 D BroadcastQueue: Schedule broadcasts [background]: current=false
05-23 11:27:55.366   592   607 D BroadcastQueue: Received BROADCAST_INTENT_MSG
05-23 11:27:55.366   592   592 D MobileDataStateTracker: mms0: Broadcast received: ACTION_ANY_DATA_CONNECTION_STATE_CHANGEDmApnType=mms != received apnType=dm
05-23 11:27:55.376   592   592 D MobileDataStateTracker: default0: receive android.intent.action.ANY_DATA_STATE
05-23 11:27:55.376   592   592 D MobileDataStateTracker: default0: Broadcast received: ACTION_ANY_DATA_CONNECTION_STATE_CHANGEDmApnType=default != received apnType=dm
05-23 11:27:55.376   592   592 D MobileDataStateTracker: wap0: receive android.intent.action.ANY_DATA_STATE
05-23 11:27:55.376   592   602 I TelephonyRegistry: notifyDataConnection: state=0 isDataConnectivityPossible=false reason='simLoaded' apn='null' apnType=supl networkType=0 mRecords.size()=10 mRecords=[{pkgForDebug=android callerUid=0 events=1c1}, {pkgForDebug=android callerUid=0 events=20}, {pkgForDebug=com.android.systemui callerUid=0 events=41e1}, {pkgForDebug=com.android.systemui callerUid=0 events=4000}, {pkgForDebug=com.android.phone callerUid=0 events=c}, {pkgForDebug=com.android.phone callerUid=0 events=1}, {pkgForDebug=com.android.phone callerUid=0 events=9}, {pkgForDebug=android callerUid=0 events=1}, {pkgForDebug=com.iflytek.inputmethod callerUid=0 events=20}, {pkgForDebug=com.android.keyguard callerUid=0 events=1}] linkProperties: null
05-23 11:27:55.376   592   592 D MobileDataStateTracker: wap0: Broadcast received: ACTION_ANY_DATA_CONNECTION_STATE_CHANGEDmApnType=wap == received apnType=wap
05-23 11:27:55.376   592   592 D MobileDataStateTracker: wap0: Broadcast received: android.intent.action.ANY_DATA_STATE apnType=wap
05-23 11:27:55.386   592   607 D BroadcastQueue: processNextBroadcast(background) called when not idle (state=1)
05-23 11:27:55.386   592   602 D BroadcastQueue: Schedule broadcasts [background]: current=false
