05-23 11:27:49.330   592   592 D MobileDataStateTracker: mms0: Broadcast received: ACTION_ANY_DATA_CONNECTION_STATE_CHANGEDmApnType=mms != received apnType=hipri
05-23 11:27:49.330   592   592 D MobileDataStateTracker: default0: receive android.intent.action.ANY_DATA_STATE
05-23 11:27:49.330   592   592 D MobileDataStateTracker: default0: Broadcast received: ACTION_ANY_DATA_CONNECTION_STATE_CHANGEDmApnType=default != received apnType=hipri
05-23 11:27:49.330   592   592 D MobileDataStateTracker: wap0: receive android.intent.action.ANY_DATA_STATE
05-23 11:27:49.340   592   592 D MobileDataStateTracker: wap0: Broadcast received: ACTION_ANY_DATA_CONNECTION_STATE_CHANGEDmApnType=wap != received apnType=ims
05-23 11:27:49.340   592   592 D MobileDataStateTracker: null0: receive android.intent.action.ANY_DATA_STATE
05-23 11:27:49.340   592   592 D MobileDataStateTracker: null0: Broadcast received: ACTION_ANY_DATA_CONNECTION_STATE_CHANGEDmApnType=null != received apnType=ims
05-23 11:27:49.340   592   592 D MobileDataStateTracker: xcap0: receive android.intent.action.ANY_DATA_STATE
05-23 11:27:49.340   592   592 D MobileDataStateTracker: xcap0: Broadcast received: ACTION_ANY_DATA_CONNECTION_STATE_CHANGEDmApnType=xcap != received apnType=ims
05-23 11:27:49.340   592   592 D MobileDataStateTracker: dm0: receive android.intent.action.ANY_DATA_STATE
05-23 11:27:49.340   592   592 D MobileDataStateTracker: dm0: Broadcast received: ACTION_ANY_DATA_CONNECTION_STATE_CHANGEDmApnType=dm != received apnType=ims
05-23 11:27:49.340   592   592 D MobileDataStateTracker: hipri0: receive android.intent.action.ANY_DATA_STATE
05-23 11:27:49.340   592   592 D MobileDataStateTracker: hipri0: Broadcast received: ACTION_ANY_DATA_CONNECTION_STATE_CHANGEDmApnType=hipri != received apnType=ims
05-23 11:27:49.340   592   592 D MobileDataStateTracker: cbs0: receive android.intent.action.ANY_DATA_STATE
05-23 11:27:49.340   592   592 D MobileDataStateTracker: cbs0: Broadcast received: ACTION_ANY_DATA_CONNECTION_STATE_CHANGEDmApnType=cbs != received apnType=ims
05-23 11:27:49.350   592   592 D MobileDataStateTracker: ims0: receive android.intent.action.ANY_DATA_STATE
05-23 11:27:49.350   592   592 D MobileDataStateTracker: ims0: Broadcast received: ACTION_ANY_DATA_CONNECTION_STATE_CHANGEDmApnType=ims == received apnType=ims
05-23 11:27:49.350   592   592 D MobileDataStateTracker: ims0: Broadcast received: android.intent.action.ANY_DATA_STATE apnType=ims
05-23 11:27:49.350   592   592 D MobileDataStateTracker: ims0: ims setting isAvailable to true
05-23 11:27:49.350   592   592 D MobileDataStateTracker: ims0: Received state=DISCONNECTED, old=DISCONNECTED, reason=radioTurnedOff
05-23 11:27:49.350   592   592 D MobileDataStateTracker: fota0: receive android.intent.action.ANY_DATA_STATE
05-23 11:27:49.350   592   592 D MobileDataStateTracker: fota0: Broadcast received: ACTION_ANY_DATA_CONNECTION_STATE_CHANGEDmApnType=fota != received apnType=ims
05-23 11:27:49.350   592   592 D MobileDataStateTracker: supl0: receive android.intent.action.ANY_DATA_STATE
05-23 11:27:49.350   592   592 D MobileDataStateTracker: supl0: Broadcast received: ACTION_ANY_DATA_CONNECTION_STATE_CHANGEDmApnType=supl != received apnType=ims
05-23 11:27:49.350   592   592 D MobileDataStateTracker: mms0: receive android.intent.action.ANY_DATA_STATE
05-23 11:27:49.350   592   592 D MobileDataStateTracker: mms0: Broadcast received: ACTION_ANY_DATA_CONNECTION_STATE_CHANGEDmApnType=mms != received apnType=ims
05-23 11:27:49.360   592   592 D MobileDataStateTracker: default0: receive android.intent.action.ANY_DATA_STATE
05-23 11:27:49.360   592   592 D MobileDataStateTracker: default0: Broadcast received: ACTION_ANY_DATA_CONNECTION_STATE_CHANGEDmApnType=default != received apnType=ims
05-23 11:27:49.360   592   592 D MobileDataStateTracker: wap0: receive android.intent.action.ANY_DATA_STATE
05-23 11:27:49.370   592   592 D MobileDataStateTracker: wap0: Broadcast received: ACTION_ANY_DATA_CONNECTION_STATE_CHANGEDmApnType=wap != received apnType=default
05-23 11:27:49.370   592   592 D MobileDataStateTracker: null0: receive android.intent.action.ANY_DATA_STATE
05-23 11:27:49.370   592   592 D MobileDataStateTracker: null0: Broadcast received: ACTION_ANY_DATA_CONNECTION_STATE_CHANGEDmApnType=null != received apnType=default
05-23 11:27:49.370   592   592 D MobileDataStateTracker: xcap0: receive android.intent.action.ANY_DATA_STATE
05-23 11:27:49.370   592   592 D MobileDataStateTracker: xcap0: Broadcast received: ACTION_ANY_DATA_CONNECTION_STATE_CHANGEDmApnType=xcap != received apnType=default
05-23 11:27:49.370   592   592 D MobileDataStateTracker: dm0: receive android.intent.action.ANY_DATA_STATE
05-23 11:27:49.370   592   592 D MobileDataStateTracker: dm0: Broadcast received: ACTION_ANY_DATA_CONNECTION_STATE_CHANGEDmApnType=dm != received apnType=default
05-23 11:27:49.370   592   592 D MobileDataStateTracker: hipri0: receive android.intent.action.ANY_DATA_STATE
05-23 11:27:49.370   592   592 D MobileDataStateTracker: hipri0: Broadcast received: ACTION_ANY_DATA_CONNECTION_STATE_CHANGEDmApnType=hipri != received apnType=default
05-23 11:27:49.370   592   592 D MobileDataStateTracker: cbs0: receive android.intent.action.ANY_DATA_STATE
05-23 11:27:49.370   592   592 D MobileDataStateTracker: cbs0: Broadcast received: ACTION_ANY_DATA_CONNECTION_STATE_CHANGEDmApnType=cbs != received apnType=default
05-23 11:27:49.370   592   592 D MobileDataStateTracker: ims0: receive android.intent.action.ANY_DATA_STATE
05-23 11:27:49.370   592   592 D MobileDataStateTracker: ims0: Broadcast received: ACTION_ANY_DATA_CONNECTION_STATE_CHANGEDmApnType=ims != received apnType=default
05-23 11:27:49.370   592   592 D MobileDataStateTracker: fota0: receive android.intent.action.ANY_DATA_STATE
05-23 11:27:49.370   592   592 D MobileDataStateTracker: fota0: Broadcast received: ACTION_ANY_DATA_CONNECTION_STATE_CHANGEDmApnType=fota != received apnType=default
05-23 11:27:49.370   592   592 D MobileDataStateTracker: supl0: receive android.intent.action.ANY_DATA_STATE
05-23 11:27:49.370   592   592 D MobileDataStateTracker: supl0: Broadcast received: ACTION_ANY_DATA_CONNECTION_STATE_CHANGEDmApnType=supl != received apnType=default
05-23 11:27:49.390   592   592 D MobileDataStateTracker: mms0: receive android.intent.action.ANY_DATA_STATE
05-23 11:27:49.390   592   592 D MobileDataStateTracker: mms0: Broadcast received: ACTION_ANY_DATA_CONNECTION_STATE_CHANGEDmApnType=mms != received apnType=default
05-23 11:27:49.390   592   592 D MobileDataStateTracker: default0: receive android.intent.action.ANY_DATA_STATE
05-23 11:27:49.390   592   592 D MobileDataStateTracker: default0: Broadcast received: ACTION_ANY_DATA_CONNECTION_STATE_CHANGEDmApnType=default == received apnType=default
05-23 11:27:49.390   592   592 D MobileDataStateTracker: default0: Broadcast received: android.intent.action.ANY_DATA_STATE apnType=default
05-23 11:27:49.390   592   592 D MobileDataStateTracker: default0: default setting isAvailable to true
05-23 11:27:49.390   592   592 D MobileDataStateTracker: default0: Received state=DISCONNECTED, old=DISCONNECTED, reason=radioTurnedOff
05-23 11:27:49.390   592   592 D MobileDataStateTracker: wap0: receive android.intent.action.ANY_DATA_STATE
05-23 11:27:49.390   592   592 D MobileDataStateTracker: wap0: Broadcast received: ACTION_ANY_DATA_CONNECTION_STATE_CHANGEDmApnType=wap != received apnType=mms
05-23 11:27:49.390   592   592 D MobileDataStateTracker: null0: receive android.intent.action.ANY_DATA_STATE
05-23 11:27:49.390   592   592 D MobileDataStateTracker: null0: Broadcast received: ACTION_ANY_DATA_CONNECTION_STATE_CHANGEDmApnType=null != received apnType=mms
05-23 11:27:49.400   592   592 D MobileDataStateTracker: xcap0: receive android.intent.action.ANY_DATA_STATE
05-23 11:27:49.400   592   592 D MobileDataStateTracker: xcap0: Broadcast received: ACTION_ANY_DATA_CONNECTION_STATE_CHANGEDmApnType=xcap != received apnType=mms
05-23 11:27:49.400   592   592 D MobileDataStateTracker: dm0: receive android.intent.action.ANY_DATA_STATE
05-23 11:27:49.400   592   592 D MobileDataStateTracker: dm0: Broadcast received: ACTION_ANY_DATA_CONNECTION_STATE_CHANGEDmApnType=dm != received apnType=mms
05-23 11:27:49.400   592   592 D MobileDataStateTracker: hipri0: receive android.intent.action.ANY_DATA_STATE
05-23 11:27:49.400   592   592 D MobileDataStateTracker: hipri0: Broadcast received: ACTION_ANY_DATA_CONNECTION_STATE_CHANGEDmApnType=hipri != received apnType=mms
05-23 11:27:49.400   592   592 D MobileDataStateTracker: cbs0: receive android.intent.action.ANY_DATA_STATE
05-23 11:27:49.400   592   592 D MobileDataStateTracker: cbs0: Broadcast received: ACTION_ANY_DATA_CONNECTION_STATE_CHANGEDmApnType=cbs != received apnType=mms
05-23 11:27:49.400   592   592 D MobileDataStateTracker: ims0: receive android.intent.action.ANY_DATA_STATE
05-23 11:27:49.400   592   592 D MobileDataStateTracker: ims0: Broadcast received: ACTION_ANY_DATA_CONNECTION_STATE_CHANGEDmApnType=ims != received apnType=mms
05-23 11:27:49.400   592   592 D MobileDataStateTracker: fota0: receive android.intent.action.ANY_DATA_STATE
05-23 11:27:49.400   592   592 D MobileDataStateTracker: fota0: Broadcast received: ACTION_ANY_DATA_CONNECTION_STATE_CHANGEDmApnType=fota != received apnType=mms
05-23 11:27:49.410   592   592 D MobileDataStateTracker: supl0: receive android.intent.action.ANY_DATA_STATE
05-23 11:27:49.410   592   592 D MobileDataStateTracker: supl0: Broadcast received: ACTION_ANY_DATA_CONNECTION_STATE_CHANGEDmApnType=supl != received apnType=mms
05-23 11:27:49.410   592   592 D MobileDataStateTracker: mms0: receive android.intent.action.ANY_DATA_STATE
05-23 11:27:49.410   592   592 D MobileDataStateTracker: mms0: Broadcast received: ACTION_ANY_DATA_CONNECTION_STATE_CHANGEDmApnType=mms == received apnType=mms
05-23 11:27:49.410   592   592 D MobileDataStateTracker: mms0: Broadcast received: android.intent.action.ANY_DATA_STATE apnType=mms
05-23 11:27:49.420   592   592 D MobileDataStateTracker: mms0: mms setting isAvailable to true
05-23 11:27:49.420   592   592 D MobileDataStateTracker: mms0: Received state=DISCONNECTED, old=DISCONNECTED, reason=radioTurnedOff
05-23 11:27:49.420   592   592 D MobileDataStateTracker: default0: receive android.intent.action.ANY_DATA_STATE
05-23 11:27:49.420   592   592 D MobileDataStateTracker: default0: Broadcast received: ACTION_ANY_DATA_CONNECTION_STATE_CHANGEDmApnType=default != received apnType=mms
05-23 11:27:49.420   592   592 D MobileDataStateTracker: wap0: receive android.intent.action.ANY_DATA_STATE
05-23 11:27:49.420   592   592 D MobileDataStateTracker: wap0: Broadcast received: ACTION_ANY_DATA_CONNECTION_STATE_CHANGEDmApnType=wap != received apnType=cbs
05-23 11:27:49.420   592   592 D MobileDataStateTracker: null0: receive android.intent.action.ANY_DATA_STATE
05-23 11:27:49.430   592   592 D MobileDataStateTracker: null0: Broadcast received: ACTION_ANY_DATA_CONNECTION_STATE_CHANGEDmApnType=null != received apnType=cbs
05-23 11:27:49.430   592   592 D MobileDataStateTracker: xcap0: receive android.intent.action.ANY_DATA_STATE
05-23 11:27:49.430   592   592 D MobileDataStateTracker: xcap0: Broadcast received: ACTION_ANY_DATA_CONNECTION_STATE_CHANGEDmApnType=xcap != received apnType=cbs
05-23 11:27:49.430   592   592 D MobileDataStateTracker: dm0: receive android.intent.action.ANY_DATA_STATE
05-23 11:27:49.430   592   592 D MobileDataStateTracker: dm0: Broadcast received: ACTION_ANY_DATA_CONNECTION_STATE_CHANGEDmApnType=dm != received apnType=cbs
05-23 11:27:49.430   592   592 D MobileDataStateTracker: hipri0: receive android.intent.action.ANY_DATA_STATE
05-23 11:27:49.430   592   592 D MobileDataStateTracker: hipri0: Broadcast received: ACTION_ANY_DATA_CONNECTION_STATE_CHANGEDmApnType=hipri != received apnType=cbs
05-23 11:27:49.430   592   592 D MobileDataStateTracker: cbs0: receive android.intent.action.ANY_DATA_STATE
05-23 11:27:49.430   592   592 D MobileDataStateTracker: cbs0: Broadcast received: ACTION_ANY_DATA_CONNECTION_STATE_CHANGEDmApnType=cbs == received apnType=cbs
05-23 11:27:49.430   592   592 D MobileDataStateTracker: cbs0: Broadcast received: android.intent.action.ANY_DATA_STATE apnType=cbs
05-23 11:27:49.430   592   592 D MobileDataStateTracker: cbs0: cbs setting isAvailable to true
05-23 11:27:49.440   592   592 D MobileDataStateTracker: cbs0: Received state=DISCONNECTED, old=DISCONNECTED, reason=radioTurnedOff
05-23 11:27:49.440   592   592 D MobileDataStateTracker: ims0: receive android.intent.action.ANY_DATA_STATE
05-23 11:27:49.440   592   592 D MobileDataStateTracker: ims0: Broadcast received: ACTION_ANY_DATA_CONNECTION_STATE_CHANGEDmApnType=ims != received apnType=cbs
05-23 11:27:49.450   592   592 D MobileDataStateTracker: fota0: receive android.intent.action.ANY_DATA_STATE
05-23 11:27:49.450   592   592 D MobileDataStateTracker: fota0: Broadcast received: ACTION_ANY_DATA_CONNECTION_STATE_CHANGEDmApnType=fota != received apnType=cbs
05-23 11:27:49.450   592   592 D MobileDataStateTracker: supl0: receive android.intent.action.ANY_DATA_STATE
05-23 11:27:49.450   592   592 D MobileDataStateTracker: supl0: Broadcast received: ACTION_ANY_DATA_CONNECTION_STATE_CHANGEDmApnType=supl != received apnType=cbs
05-23 11:27:49.450   592   592 D MobileDataStateTracker: mms0: receive android.intent.action.ANY_DATA_STATE
05-23 11:27:49.450   592   592 D MobileDataStateTracker: mms0: Broadcast received: ACTION_ANY_DATA_CONNECTION_STATE_CHANGEDmApnType=mms != received apnType=cbs
05-23 11:27:49.450   592   592 D MobileDataStateTracker: default0: receive android.intent.action.ANY_DATA_STATE
05-23 11:27:49.450   592   592 D MobileDataStateTracker: default0: Broadcast received: ACTION_ANY_DATA_CONNECTION_STATE_CHANGEDmApnType=default != received apnType=cbs
05-23 11:27:49.450   592   592 D MobileDataStateTracker: wap0: receive android.intent.action.ANY_DATA_STATE
05-23 11:27:49.450   592   592 D MobileDataStateTracker: wap0: Broadcast received: ACTION_ANY_DATA_CONNECTION_STATE_CHANGEDmApnType=wap != received apnType=xcap
05-23 11:27:49.450   592   592 D MobileDataStateTracker: null0: receive android.intent.action.ANY_DATA_STATE
05-23 11:27:49.450   592   592 D MobileDataStateTracker: null0: Broadcast received: ACTION_ANY_DATA_CONNECTION_STATE_CHANGEDmApnType=null != received apnType=xcap
05-23 11:27:49.450   592   592 D MobileDataStateTracker: xcap0: receive android.intent.action.ANY_DATA_STATE
05-23 11:27:49.450   592   592 D MobileDataStateTracker: xcap0: Broadcast received: ACTION_ANY_DATA_CONNECTION_STATE_CHANGEDmApnType=xcap == received apnType=xcap
05-23 11:27:49.450   592   592 D MobileDataStateTracker: xcap0: Broadcast received: android.intent.action.ANY_DATA_STATE apnType=xcap
05-23 11:27:49.450   592   607 D BroadcastQueue: processNextBroadcast(background) called when not idle (state=1)
05-23 11:27:49.460   592   603 D BroadcastQueue: Schedule broadcasts [background]: current=false
05-23 11:27:49.460   592   592 D MobileDataStateTracker: xcap0: xcap setting isAvailable to true
05-23 11:27:49.460   592   607 D BroadcastQueue: Received BROADCAST_INTENT_MSG
05-23 11:27:49.460   592   653 D ConnectivityService: onUidRulesChanged(uid=10050, uidRules=0)
05-23 11:27:49.470   592   592 D MobileDataStateTracker: xcap0: Received state=DISCONNECTED, old=DISCONNECTED, reason=radioTurnedOff
05-23 11:27:49.470   592   592 D MobileDataStateTracker: dm0: receive android.intent.action.ANY_DATA_STATE
05-23 11:27:49.470   592   602 I TelephonyRegistry: notifyDataConnection: state=0 isDataConnectivityPossible=false reason='roamingOff' apn='null' apnType=xcap networkType=0 mRecords.size()=8 mRecords=[{pkgForDebug=android callerUid=0 events=1c1}, {pkgForDebug=android callerUid=0 events=20}, {pkgForDebug=com.android.systemui callerUid=0 events=41e1}, {pkgForDebug=com.android.systemui callerUid=0 events=4000}, {pkgForDebug=com.android.phone callerUid=0 events=c}, {pkgForDebug=com.android.phone callerUid=0 events=1}, {pkgForDebug=com.android.phone callerUid=0 events=9}, {pkgForDebug=android callerUid=0 events=1}] linkProperties: null
05-23 11:27:49.470   592   592 D MobileDataStateTracker: dm0: Broadcast received: ACTION_ANY_DATA_CONNECTION_STATE_CHANGEDmApnType=dm != received apnType=xcap
05-23 11:27:49.470   592   592 D MobileDataStateTracker: hipri0: receive android.intent.action.ANY_DATA_STATE
05-23 11:27:49.470   592   592 D MobileDataStateTracker: hipri0: Broadcast received: ACTION_ANY_DATA_CONNECTION_STATE_CHANGEDmApnType=hipri != received apnType=xcap
05-23 11:27:49.470   592   592 D MobileDataStateTracker: cbs0: receive android.intent.action.ANY_DATA_STATE
05-23 11:27:49.470   592   592 D MobileDataStateTracker: cbs0: Broadcast received: ACTION_ANY_DATA_CONNECTION_STATE_CHANGEDmApnType=cbs != received apnType=xcap
05-23 11:27:49.470   592   592 D MobileDataStateTracker: ims0: receive android.intent.action.ANY_DATA_STATE
05-23 11:27:49.470   592   592 D MobileDataStateTracker: ims0: Broadcast received: ACTION_ANY_DATA_CONNECTION_STATE_CHANGEDmApnType=ims != received apnType=xcap
05-23 11:27:49.470   592   592 D MobileDataStateTracker: fota0: receive android.intent.action.ANY_DATA_STATE
05-23 11:27:49.480   592   592 D MobileDataStateTracker: fota0: Broadcast received: ACTION_ANY_DATA_CONNECTION_STATE_CHANGEDmApnType=fota != received apnType=xcap
05-23 11:27:49.480   592   592 D MobileDataStateTracker: supl0: receive android.intent.action.ANY_DATA_STATE
05-23 11:27:49.480   592   592 D MobileDataStateTracker: supl0: Broadcast received: ACTION_ANY_DATA_CONNECTION_STATE_CHANGEDmApnType=supl != received apnType=xcap
05-23 11:27:49.480   592   592 D MobileDataStateTracker: mms0: receive android.intent.action.ANY_DATA_STATE
05-23 11:27:49.480   592   592 D MobileDataStateTracker: mms0: Broadcast received: ACTION_ANY_DATA_CONNECTION_STATE_CHANGEDmApnType=mms != received apnType=xcap
05-23 11:27:49.480   592   592 D MobileDataStateTracker: default0: receive android.intent.action.ANY_DATA_STATE
05-23 11:27:49.480   592   592 D MobileDataStateTracker: default0: Broadcast received: ACTION_ANY_DATA_CONNECTION_STATE_CHANGEDmApnType=default != received apnType=xcap
05-23 11:27:49.480   592   592 D MobileDataStateTracker: wap0: receive android.intent.action.ANY_DATA_STATE
05-23 11:27:49.480   592   592 D MobileDataStateTracker: wap0: Broadcast received: ACTION_ANY_DATA_CONNECTION_STATE_CHANGEDmApnType=wap != received apnType=dm
05-23 11:27:49.480   592   592 D MobileDataStateTracker: null0: receive android.intent.action.ANY_DATA_STATE
05-23 11:27:49.480   592   592 D MobileDataStateTracker: null0: Broadcast received: ACTION_ANY_DATA_CONNECTION_STATE_CHANGEDmApnType=null != received apnType=dm
05-23 11:27:49.480   592   592 D MobileDataStateTracker: xcap0: receive android.intent.action.ANY_DATA_STATE
05-23 11:27:49.480   592   592 D MobileDataStateTracker: xcap0: Broadcast received: ACTION_ANY_DATA_CONNECTION_STATE_CHANGEDmApnType=xcap != received apnType=dm
05-23 11:27:49.480   592   592 D MobileDataStateTracker: dm0: receive android.intent.action.ANY_DATA_STATE
05-23 11:27:49.480   592   592 D MobileDataStateTracker: dm0: Broadcast received: ACTION_ANY_DATA_CONNECTION_STATE_CHANGEDmApnType=dm == received apnType=dm
05-23 11:27:49.480   592   592 D MobileDataStateTracker: dm0: Broadcast received: android.intent.action.ANY_DATA_STATE apnType=dm
05-23 11:27:49.490   592   607 D BroadcastQueue: processNextBroadcast(background) called when not idle (state=1)
05-23 11:27:49.490   592   602 D BroadcastQueue: Schedule broadcasts [background]: current=false
05-23 11:27:49.490   592   607 D BroadcastQueue: Received BROADCAST_INTENT_MSG
05-23 11:27:49.500   592   592 D MobileDataStateTracker: dm0: dm setting isAvailable to true
05-23 11:27:49.500   592   592 D MobileDataStateTracker: dm0: Received state=DISCONNECTED, old=DISCONNECTED, reason=radioTurnedOff
05-23 11:27:49.510   592   592 D MobileDataStateTracker: hipri0: receive android.intent.action.ANY_DATA_STATE
05-23 11:27:49.510   592   592 D MobileDataStateTracker: hipri0: Broadcast received: ACTION_ANY_DATA_CONNECTION_STATE_CHANGEDmApnType=hipri != received apnType=dm
05-23 11:27:49.510   592   592 D MobileDataStateTracker: cbs0: receive android.intent.action.ANY_DATA_STATE
05-23 11:27:49.510   592   592 D MobileDataStateTracker: cbs0: Broadcast received: ACTION_ANY_DATA_CONNECTION_STATE_CHANGEDmApnType=cbs != received apnType=dm
05-23 11:27:49.510   592   592 D MobileDataStateTracker: ims0: receive android.intent.action.ANY_DATA_STATE
05-23 11:27:49.510   592   592 D MobileDataStateTracker: ims0: Broadcast received: ACTION_ANY_DATA_CONNECTION_STATE_CHANGEDmApnType=ims != received apnType=dm
05-23 11:27:49.510   592   592 D MobileDataStateTracker: fota0: receive android.intent.action.ANY_DATA_STATE
05-23 11:27:49.510   592   592 D MobileDataStateTracker: fota0: Broadcast received: ACTION_ANY_DATA_CONNECTION_STATE_CHANGEDmApnType=fota != received apnType=dm
05-23 11:27:49.510   592   592 D MobileDataStateTracker: supl0: receive android.intent.action.ANY_DATA_STATE
05-23 11:27:49.510   592   592 D MobileDataStateTracker: supl0: Broadcast received: ACTION_ANY_DATA_CONNECTION_STATE_CHANGEDmApnType=supl != received apnType=dm
05-23 11:27:49.510   592   592 D MobileDataStateTracker: mms0: receive android.intent.action.ANY_DATA_STATE
05-23 11:27:49.510   592   592 D MobileDataStateTracker: mms0: Broadcast received: ACTION_ANY_DATA_CONNECTION_STATE_CHANGEDmApnType=mms != received apnType=dm
05-23 11:27:49.510   592   592 D MobileDataStateTracker: default0: receive android.intent.action.ANY_DATA_STATE
05-23 11:27:49.510   592   592 D MobileDataStateTracker: default0: Broadcast received: ACTION_ANY_DATA_CONNECTION_STATE_CHANGEDmApnType=default != received apnType=dm
05-23 11:27:49.520   592   592 D MobileDataStateTracker: wap0: receive android.intent.action.ANY_DATA_STATE
05-23 11:27:49.520   592   592 D MobileDataStateTracker: wap0: Broadcast received: ACTION_ANY_DATA_CONNECTION_STATE_CHANGEDmApnType=wap == received apnType=wap
05-23 11:27:49.520   592   592 D MobileDataStateTracker: wap0: Broadcast received: android.intent.action.ANY_DATA_STATE apnType=wap
05-23 11:27:49.520   592   592 D MobileDataStateTracker: wap0: wap setting isAvailable to true
05-23 11:27:49.520   592   592 D MobileDataStateTracker: wap0: Received state=DISCONNECTED, old=DISCONNECTED, reason=radioTurnedOff
05-23 11:27:49.520   592   592 D MobileDataStateTracker: null0: receive android.intent.action.ANY_DATA_STATE
05-23 11:27:49.520   592   592 D MobileDataStateTracker: null0: Broadcast received: ACTION_ANY_DATA_CONNECTION_STATE_CHANGEDmApnType=null != received apnType=wap
05-23 11:27:49.520   592   592 D MobileDataStateTracker: xcap0: receive android.intent.action.ANY_DATA_STATE
05-23 11:27:49.520   592   592 D MobileDataStateTracker: xcap0: Broadcast received: ACTION_ANY_DATA_CONNECTION_STATE_CHANGEDmApnType=xcap != received apnType=wap
05-23 11:27:49.520   592   592 D MobileDataStateTracker: dm0: receive android.intent.action.ANY_DATA_STATE
05-23 11:27:49.520   592   592 D MobileDataStateTracker: dm0: Broadcast received: ACTION_ANY_DATA_CONNECTION_STATE_CHANGEDmApnType=dm != received apnType=wap
05-23 11:27:49.520   592   592 D MobileDataStateTracker: hipri0: receive android.intent.action.ANY_DATA_STATE
05-23 11:27:49.531   592   592 D MobileDataStateTracker: hipri0: Broadcast received: ACTION_ANY_DATA_CONNECTION_STATE_CHANGEDmApnType=hipri != received apnType=wap
05-23 11:27:49.531   592   592 D MobileDataStateTracker: cbs0: receive android.intent.action.ANY_DATA_STATE
05-23 11:27:49.531   592   821 I TelephonyRegistry: notifyDataConnection: state=0 isDataConnectivityPossible=false reason='roamingOff' apn='null' apnType=dm networkType=0 mRecords.size()=8 mRecords=[{pkgForDebug=android callerUid=0 events=1c1}, {pkgForDebug=android callerUid=0 events=20}, {pkgForDebug=com.android.systemui callerUid=0 events=41e1}, {pkgForDebug=com.android.systemui callerUid=0 events=4000}, {pkgForDebug=com.android.phone callerUid=0 events=c}, {pkgForDebug=com.android.phone callerUid=0 events=1}, {pkgForDebug=com.android.phone callerUid=0 events=9}, {pkgForDebug=android callerUid=0 events=1}] linkProperties: null
05-23 11:27:49.531   592   592 D MobileDataStateTracker: cbs0: Broadcast received: ACTION_ANY_DATA_CONNECTION_STATE_CHANGEDmApnType=cbs != received apnType=wap
05-23 11:27:49.531   592   592 D MobileDataStateTracker: ims0: receive android.intent.action.ANY_DATA_STATE
05-23 11:27:49.531   592   592 D MobileDataStateTracker: ims0: Broadcast received: ACTION_ANY_DATA_CONNECTION_STATE_CHANGEDmApnType=ims != received apnType=wap
05-23 11:27:49.531   592   592 D MobileDataStateTracker: fota0: receive android.intent.action.ANY_DATA_STATE
05-23 11:27:49.531   592   592 D MobileDataStateTracker: fota0: Broadcast received: ACTION_ANY_DATA_CONNECTION_STATE_CHANGEDmApnType=fota != received apnType=wap
05-23 11:27:49.531   592   592 D MobileDataStateTracker: supl0: receive android.intent.action.ANY_DATA_STATE
05-23 11:27:49.531   592   592 D MobileDataStateTracker: supl0: Broadcast received: ACTION_ANY_DATA_CONNECTION_STATE_CHANGEDmApnType=supl != received apnType=wap
05-23 11:27:49.531   592   592 D MobileDataStateTracker: mms0: receive android.intent.action.ANY_DATA_STATE
05-23 11:27:49.531   592   592 D MobileDataStateTracker: mms0: Broadcast received: ACTION_ANY_DATA_CONNECTION_STATE_CHANGEDmApnType=mms != received apnType=wap
05-23 11:27:49.531   592   592 D MobileDataStateTracker: default0: receive android.intent.action.ANY_DATA_STATE
05-23 11:27:49.531   592   592 D MobileDataStateTracker: default0: Broadcast received: ACTION_ANY_DATA_CONNECTION_STATE_CHANGEDmApnType=default != received apnType=wap
05-23 11:27:49.541   592   592 D MobileDataStateTracker: wap0: receive android.intent.action.ANY_DATA_STATE
05-23 11:27:49.541   592   592 D MobileDataStateTracker: wap0: Broadcast received: ACTION_ANY_DATA_CONNECTION_STATE_CHANGEDmApnType=wap != received apnType=fota
05-23 11:27:49.541   592   592 D MobileDataStateTracker: null0: receive android.intent.action.ANY_DATA_STATE
05-23 11:27:49.541   592   592 D MobileDataStateTracker: null0: Broadcast received: ACTION_ANY_DATA_CONNECTION_STATE_CHANGEDmApnType=null != received apnType=fota
05-23 11:27:49.541   592   592 D MobileDataStateTracker: xcap0: receive android.intent.action.ANY_DATA_STATE
05-23 11:27:49.541   592   592 D MobileDataStateTracker: xcap0: Broadcast received: ACTION_ANY_DATA_CONNECTION_STATE_CHANGEDmApnType=xcap != received apnType=fota
05-23 11:27:49.541   592   592 D MobileDataStateTracker: dm0: receive android.intent.action.ANY_DATA_STATE
05-23 11:27:49.541   592   607 D BroadcastQueue: processNextBroadcast(background) called when not idle (state=1)
05-23 11:27:49.541   592   592 D MobileDataStateTracker: dm0: Broadcast received: ACTION_ANY_DATA_CONNECTION_STATE_CHANGEDmApnType=dm != received apnType=fota
05-23 11:27:49.541   592   821 D BroadcastQueue: Schedule broadcasts [background]: current=false
05-23 11:27:49.551   592   866 I TelephonyRegistry: notifyDataConnection: state=0 isDataConnectivityPossible=false reason='roamingOff' apn='null' apnType=wap networkType=0 mRecords.size()=8 mRecords=[{pkgForDebug=android callerUid=0 events=1c1}, {pkgForDebug=android callerUid=0 events=20}, {pkgForDebug=com.android.systemui callerUid=0 events=41e1}, {pkgForDebug=com.android.systemui callerUid=0 events=4000}, {pkgForDebug=com.android.phone callerUid=0 events=c}, {pkgForDebug=com.android.phone callerUid=0 events=1}, {pkgForDebug=com.android.phone callerUid=0 events=9}, {pkgForDebug=android callerUid=0 events=1}] linkProperties: null
05-23 11:27:49.551   592   866 D BroadcastQueue: Schedule broadcasts [background]: current=true
05-23 11:27:49.551   592   603 I TelephonyRegistry: notifyDataConnection: state=0 isDataConnectivityPossible=false reason='roamingOff' apn='null' apnType=fota networkType=0 mRecords.size()=8 mRecords=[{pkgForDebug=android callerUid=0 events=1c1}, {pkgForDebug=android callerUid=0 events=20}, {pkgForDebug=com.android.systemui callerUid=0 events=41e1}, {pkgForDebug=com.android.systemui callerUid=0 events=4000}, {pkgForDebug=com.android.phone callerUid=0 events=c}, {pkgForDebug=com.android.phone callerUid=0 events=1}, {pkgForDebug=com.android.phone callerUid=0 events=9}, {pkgForDebug=android callerUid=0 events=1}] linkProperties: null
05-23 11:27:49.551   592   603 D BroadcastQueue: Schedule broadcasts [background]: current=true
05-23 11:27:49.551   592   607 D BroadcastQueue: Received BROADCAST_INTENT_MSG
05-23 11:27:49.551   592   592 D MobileDataStateTracker: hipri0: receive android.intent.action.ANY_DATA_STATE
05-23 11:27:49.561   592   592 D MobileDataStateTracker: hipri0: Broadcast received: ACTION_ANY_DATA_CONNECTION_STATE_CHANGEDmApnType=hipri != received apnType=fota
05-23 11:27:49.561   592   592 D MobileDataStateTracker: cbs0: receive android.intent.action.ANY_DATA_STATE
05-23 11:27:49.561   592   592 D MobileDataStateTracker: cbs0: Broadcast received: ACTION_ANY_DATA_CONNECTION_STATE_CHANGEDmApnType=cbs != received apnType=fota
05-23 11:27:49.561   592   602 I TelephonyRegistry: notifyDataConnection: state=0 isDataConnectivityPossible=false reason='roamingOff' apn='null' apnType=supl networkType=0 mRecords.size()=8 mRecords=[{pkgForDebug=android callerUid=0 events=1c1}, {pkgForDebug=android callerUid=0 events=20}, {pkgForDebug=com.android.systemui callerUid=0 events=41e1}, {pkgForDebug=com.android.systemui callerUid=0 events=4000}, {pkgForDebug=com.android.phone callerUid=0 events=c}, {pkgForDebug=com.android.phone callerUid=0 events=1}, {pkgForDebug=com.android.phone callerUid=0 events=9}, {pkgForDebug=android callerUid=0 events=1}] linkProperties: null
05-23 11:27:49.571   592   592 D MobileDataStateTracker: ims0: receive android.intent.action.ANY_DATA_STATE
05-23 11:27:49.571   592   592 D MobileDataStateTracker: ims0: Broadcast received: ACTION_ANY_DATA_CONNECTION_STATE_CHANGEDmApnType=ims != received apnType=fota
05-23 11:27:49.571   592   592 D MobileDataStateTracker: fota0: receive android.intent.action.ANY_DATA_STATE
05-23 11:27:49.571   592   592 D MobileDataStateTracker: fota0: Broadcast received: ACTION_ANY_DATA_CONNECTION_STATE_CHANGEDmApnType=fota == received apnType=fota
05-23 11:27:49.571   592   592 D MobileDataStateTracker: fota0: Broadcast received: android.intent.action.ANY_DATA_STATE apnType=fota
05-23 11:27:49.571   592   592 D MobileDataStateTracker: fota0: fota setting isAvailable to true
05-23 11:27:49.571   592   592 D MobileDataStateTracker: fota0: Received state=DISCONNECTED, old=DISCONNECTED, reason=radioTurnedOff
05-23 11:27:49.571   592   592 D MobileDataStateTracker: supl0: receive android.intent.action.ANY_DATA_STATE
05-23 11:27:49.571   592   592 D MobileDataStateTracker: supl0: Broadcast received: ACTION_ANY_DATA_CONNECTION_STATE_CHANGEDmApnType=supl != received apnType=fota
05-23 11:27:49.571   592   592 D MobileDataStateTracker: mms0: receive android.intent.action.ANY_DATA_STATE
05-23 11:27:49.571   592   592 D MobileDataStateTracker: mms0: Broadcast received: ACTION_ANY_DATA_CONNECTION_STATE_CHANGEDmApnType=mms != received apnType=fota
05-23 11:27:49.581   592   592 D MobileDataStateTracker: default0: receive android.intent.action.ANY_DATA_STATE
05-23 11:27:49.581   592   592 D MobileDataStateTracker: default0: Broadcast received: ACTION_ANY_DATA_CONNECTION_STATE_CHANGEDmApnType=default != received apnType=fota
05-23 11:27:49.581   592   592 D MobileDataStateTracker: wap0: receive android.intent.action.ANY_DATA_STATE
05-23 11:27:49.581   592   592 D MobileDataStateTracker: wap0: Broadcast received: ACTION_ANY_DATA_CONNECTION_STATE_CHANGEDmApnType=wap != received apnType=supl
05-23 11:27:49.581   592   592 D MobileDataStateTracker: null0: receive android.intent.action.ANY_DATA_STATE
05-23 11:27:49.581   592   592 D MobileDataStateTracker: null0: Broadcast received: ACTION_ANY_DATA_CONNECTION_STATE_CHANGEDmApnType=null != received apnType=supl
05-23 11:27:49.581   592   592 D MobileDataStateTracker: xcap0: receive android.intent.action.ANY_DATA_STATE
05-23 11:27:49.581   592   592 D MobileDataStateTracker: xcap0: Broadcast received: ACTION_ANY_DATA_CONNECTION_STATE_CHANGEDmApnType=xcap != received apnType=supl
05-23 11:27:49.581   592   592 D MobileDataStateTracker: dm0: receive android.intent.action.ANY_DATA_STATE
05-23 11:27:49.581   592   592 D MobileDataStateTracker: dm0: Broadcast received: ACTION_ANY_DATA_CONNECTION_STATE_CHANGEDmApnType=dm != received apnType=supl
05-23 11:27:49.581   592   592 D MobileDataStateTracker: hipri0: receive android.intent.action.ANY_DATA_STATE
05-23 11:27:49.581   592   592 D MobileDataStateTracker: hipri0: Broadcast received: ACTION_ANY_DATA_CONNECTION_STATE_CHANGEDmApnType=hipri != received apnType=supl
05-23 11:27:49.581   592   592 D MobileDataStateTracker: cbs0: receive android.intent.action.ANY_DATA_STATE
05-23 11:27:49.581   592   592 D MobileDataStateTracker: cbs0: Broadcast received: ACTION_ANY_DATA_CONNECTION_STATE_CHANGEDmApnType=cbs != received apnType=supl
05-23 11:27:49.581   592   592 D MobileDataStateTracker: ims0: receive android.intent.action.ANY_DATA_STATE
05-23 11:27:49.581   592   592 D MobileDataStateTracker: ims0: Broadcast received: ACTION_ANY_DATA_CONNECTION_STATE_CHANGEDmApnType=ims != received apnType=supl
05-23 11:27:49.581   592   592 D MobileDataStateTracker: fota0: receive android.intent.action.ANY_DATA_STATE
05-23 11:27:49.581   592   592 D MobileDataStateTracker: fota0: Broadcast received: ACTION_ANY_DATA_CONNECTION_STATE_CHANGEDmApnType=fota != received apnType=supl
05-23 11:27:49.581   592   592 D MobileDataStateTracker: supl0: receive android.intent.action.ANY_DATA_STATE
05-23 11:27:49.581   592   592 D MobileDataStateTracker: supl0: Broadcast received: ACTION_ANY_DATA_CONNECTION_STATE_CHANGEDmApnType=supl == received apnType=supl
05-23 11:27:49.581   592   592 D MobileDataStateTracker: supl0: Broadcast received: android.intent.action.ANY_DATA_STATE apnType=supl
05-23 11:27:49.591   592   592 D MobileDataStateTracker: supl0: supl setting isAvailable to true
05-23 11:27:49.591   592   592 D MobileDataStateTracker: supl0: Received state=DISCONNECTED, old=DISCONNECTED, reason=radioTurnedOff
05-23 11:27:49.591   592   592 D MobileDataStateTracker: mms0: receive android.intent.action.ANY_DATA_STATE
05-23 11:27:49.591   592   592 D MobileDataStateTracker: mms0: Broadcast received: ACTION_ANY_DATA_CONNECTION_STATE_CHANGEDmApnType=mms != received apnType=supl
05-23 11:27:49.591   592   592 D MobileDataStateTracker: default0: receive android.intent.action.ANY_DATA_STATE
05-23 11:27:49.601   592   592 D MobileDataStateTracker: default0: Broadcast received: ACTION_ANY_DATA_CONNECTION_STATE_CHANGEDmApnType=default != received apnType=supl
05-23 11:27:49.601   592   592 D MobileDataStateTracker: wap0: receive android.intent.action.ANY_DATA_STATE
05-23 11:27:49.601   592   592 D MobileDataStateTracker: wap0: Broadcast received: ACTION_ANY_DATA_CONNECTION_STATE_CHANGEDmApnType=wap != received apnType=hipri
05-23 11:27:49.601   592   592 D MobileDataStateTracker: null0: receive android.intent.action.ANY_DATA_STATE
05-23 11:27:49.601   592   592 D MobileDataStateTracker: null0: Broadcast received: ACTION_ANY_DATA_CONNECTION_STATE_CHANGEDmApnType=null != received apnType=hipri
05-23 11:27:49.601   592   592 D MobileDataStateTracker: xcap0: receive android.intent.action.ANY_DATA_STATE
05-23 11:27:49.601   592   592 D MobileDataStateTracker: xcap0: Broadcast received: ACTION_ANY_DATA_CONNECTION_STATE_CHANGEDmApnType=xcap != received apnType=hipri
05-23 11:27:49.611   592   592 D MobileDataStateTracker: dm0: receive android.intent.action.ANY_DATA_STATE
05-23 11:27:49.611   592   592 D MobileDataStateTracker: dm0: Broadcast received: ACTION_ANY_DATA_CONNECTION_STATE_CHANGEDmApnType=dm != received apnType=hipri
05-23 11:27:49.611   592   592 D MobileDataStateTracker: hipri0: receive android.intent.action.ANY_DATA_STATE
05-23 11:27:49.611   592   592 D MobileDataStateTracker: hipri0: Broadcast received: ACTION_ANY_DATA_CONNECTION_STATE_CHANGEDmApnType=hipri == received apnType=hipri
05-23 11:27:49.611   592   592 D MobileDataStateTracker: hipri0: Broadcast received: android.intent.action.ANY_DATA_STATE apnType=hipri
05-23 11:27:49.611   592   592 D MobileDataStateTracker: hipri0: hipri setting isAvailable to true
05-23 11:27:49.611   592   592 D MobileDataStateTracker: hipri0: Received state=DISCONNECTED, old=DISCONNECTED, reason=radioTurnedOff
05-23 11:27:49.611   592   592 D MobileDataStateTracker: cbs0: receive android.intent.action.ANY_DATA_STATE
05-23 11:27:49.621   592   592 D MobileDataStateTracker: cbs0: Broadcast received: ACTION_ANY_DATA_CONNECTION_STATE_CHANGEDmApnType=cbs != received apnType=hipri
05-23 11:27:49.621   592   592 D MobileDataStateTracker: ims0: receive android.intent.action.ANY_DATA_STATE
05-23 11:27:49.621   592   592 D MobileDataStateTracker: ims0: Broadcast received: ACTION_ANY_DATA_CONNECTION_STATE_CHANGEDmApnType=ims != received apnType=hipri
05-23 11:27:49.621   592   592 D MobileDataStateTracker: fota0: receive android.intent.action.ANY_DATA_STATE
05-23 11:27:49.621   592   592 D MobileDataStateTracker: fota0: Broadcast received: ACTION_ANY_DATA_CONNECTION_STATE_CHANGEDmApnType=fota != received apnType=hipri
05-23 11:27:49.621   592   592 D MobileDataStateTracker: supl0: receive android.intent.action.ANY_DATA_STATE
05-23 11:27:49.621   592   592 D MobileDataStateTracker: supl0: Broadcast received: ACTION_ANY_DATA_CONNECTION_STATE_CHANGEDmApnType=supl != received apnType=hipri
05-23 11:27:49.621   592   592 D MobileDataStateTracker: mms0: receive android.intent.action.ANY_DATA_STATE
05-23 11:27:49.621   592   592 D MobileDataStateTracker: mms0: Broadcast received: ACTION_ANY_DATA_CONNECTION_STATE_CHANGEDmApnType=mms != received apnType=hipri
05-23 11:27:49.621   592   592 D MobileDataStateTracker: default0: receive android.intent.action.ANY_DATA_STATE
05-23 11:27:49.621   592   592 D MobileDataStateTracker: default0: Broadcast received: ACTION_ANY_DATA_CONNECTION_STATE_CHANGEDmApnType=default != received apnType=hipri
05-23 11:27:49.621   592   592 D MobileDataStateTracker: wap0: receive android.intent.action.ANY_DATA_STATE
05-23 11:27:49.621   592   592 D MobileDataStateTracker: wap0: Broadcast received: ACTION_ANY_DATA_CONNECTION_STATE_CHANGEDmApnType=wap != received apnType=ims
05-23 11:27:49.621   592   592 D MobileDataStateTracker: null0: receive android.intent.action.ANY_DATA_STATE
05-23 11:27:49.621   592   592 D MobileDataStateTracker: null0: Broadcast received: ACTION_ANY_DATA_CONNECTION_STATE_CHANGEDmApnType=null != received apnType=ims
05-23 11:27:49.621   592   592 D MobileDataStateTracker: xcap0: receive android.intent.action.ANY_DATA_STATE
05-23 11:27:49.621   592   592 D MobileDataStateTracker: xcap0: Broadcast received: ACTION_ANY_DATA_CONNECTION_STATE_CHANGEDmApnType=xcap != received apnType=ims
05-23 11:27:49.621   592   592 D MobileDataStateTracker: dm0: receive android.intent.action.ANY_DATA_STATE
05-23 11:27:49.621   592   592 D MobileDataStateTracker: dm0: Broadcast received: ACTION_ANY_DATA_CONNECTION_STATE_CHANGEDmApnType=dm != received apnType=ims
05-23 11:27:49.621   592   592 D MobileDataStateTracker: hipri0: receive android.intent.action.ANY_DATA_STATE
05-23 11:27:49.631   592   592 D MobileDataStateTracker: hipri0: Broadcast received: ACTION_ANY_DATA_CONNECTION_STATE_CHANGEDmApnType=hipri != received apnType=ims
05-23 11:27:49.631   592   592 D MobileDataStateTracker: cbs0: receive android.intent.action.ANY_DATA_STATE
05-23 11:27:49.631   592   592 D MobileDataStateTracker: cbs0: Broadcast received: ACTION_ANY_DATA_CONNECTION_STATE_CHANGEDmApnType=cbs != received apnType=ims
05-23 11:27:49.631   592   592 D MobileDataStateTracker: ims0: receive android.intent.action.ANY_DATA_STATE
05-23 11:27:49.631   592   592 D MobileDataStateTracker: ims0: Broadcast received: ACTION_ANY_DATA_CONNECTION_STATE_CHANGEDmApnType=ims == received apnType=ims
05-23 11:27:49.631   592   592 D MobileDataStateTracker: ims0: Broadcast received: android.intent.action.ANY_DATA_STATE apnType=ims
05-23 11:27:49.651   592   592 D MobileDataStateTracker: ims0: ims setting isAvailable to true
05-23 11:27:49.651   592   592 D MobileDataStateTracker: ims0: Received state=DISCONNECTED, old=DISCONNECTED, reason=radioTurnedOff
05-23 11:27:49.651   592   592 D MobileDataStateTracker: fota0: receive android.intent.action.ANY_DATA_STATE
05-23 11:27:49.651   592   592 D MobileDataStateTracker: fota0: Broadcast received: ACTION_ANY_DATA_CONNECTION_STATE_CHANGEDmApnType=fota != received apnType=ims
05-23 11:27:49.651   592   592 D MobileDataStateTracker: supl0: receive android.intent.action.ANY_DATA_STATE
05-23 11:27:49.651   592   592 D MobileDataStateTracker: supl0: Broadcast received: ACTION_ANY_DATA_CONNECTION_STATE_CHANGEDmApnType=supl != received apnType=ims
05-23 11:27:49.651   592   592 D MobileDataStateTracker: mms0: receive android.intent.action.ANY_DATA_STATE
05-23 11:27:49.651   592   592 D MobileDataStateTracker: mms0: Broadcast received: ACTION_ANY_DATA_CONNECTION_STATE_CHANGEDmApnType=mms != received apnType=ims
05-23 11:27:49.651   592   592 D MobileDataStateTracker: default0: receive android.intent.action.ANY_DATA_STATE
05-23 11:27:49.661   592   592 D MobileDataStateTracker: default0: Broadcast received: ACTION_ANY_DATA_CONNECTION_STATE_CHANGEDmApnType=default != received apnType=ims
05-23 11:27:49.661   592   592 D MobileDataStateTracker: wap0: receive android.intent.action.ANY_DATA_STATE
05-23 11:27:49.661   592   592 D MobileDataStateTracker: wap0: Broadcast received: ACTION_ANY_DATA_CONNECTION_STATE_CHANGEDmApnType=wap != received apnType=default
05-23 11:27:49.661   592   592 D MobileDataStateTracker: null0: receive android.intent.action.ANY_DATA_STATE
05-23 11:27:49.661   592   592 D MobileDataStateTracker: null0: Broadcast received: ACTION_ANY_DATA_CONNECTION_STATE_CHANGEDmApnType=null != received apnType=default
05-23 11:27:49.661   592   592 D MobileDataStateTracker: xcap0: receive android.intent.action.ANY_DATA_STATE
05-23 11:27:49.671   592   592 D MobileDataStateTracker: xcap0: Broadcast received: ACTION_ANY_DATA_CONNECTION_STATE_CHANGEDmApnType=xcap != received apnType=default
05-23 11:27:49.681   592   592 D MobileDataStateTracker: dm0: receive android.intent.action.ANY_DATA_STATE
05-23 11:27:49.681   592   592 D MobileDataStateTracker: dm0: Broadcast received: ACTION_ANY_DATA_CONNECTION_STATE_CHANGEDmApnType=dm != received apnType=default
05-23 11:27:49.681   592   592 D MobileDataStateTracker: hipri0: receive android.intent.action.ANY_DATA_STATE
05-23 11:27:49.681   592   592 D MobileDataStateTracker: hipri0: Broadcast received: ACTION_ANY_DATA_CONNECTION_STATE_CHANGEDmApnType=hipri != received apnType=default
05-23 11:27:49.681   592   592 D MobileDataStateTracker: cbs0: receive android.intent.action.ANY_DATA_STATE
05-23 11:27:49.681   592   592 D MobileDataStateTracker: cbs0: Broadcast received: ACTION_ANY_DATA_CONNECTION_STATE_CHANGEDmApnType=cbs != received apnType=default
05-23 11:27:49.681   592   592 D MobileDataStateTracker: ims0: receive android.intent.action.ANY_DATA_STATE
05-23 11:27:49.681   592   592 D MobileDataStateTracker: ims0: Broadcast received: ACTION_ANY_DATA_CONNECTION_STATE_CHANGEDmApnType=ims != received apnType=default
05-23 11:27:49.681   592   592 D MobileDataStateTracker: fota0: receive android.intent.action.ANY_DATA_STATE
05-23 11:27:49.681   592   592 D MobileDataStateTracker: fota0: Broadcast received: ACTION_ANY_DATA_CONNECTION_STATE_CHANGEDmApnType=fota != received apnType=default
05-23 11:27:49.681   592   592 D MobileDataStateTracker: supl0: receive android.intent.action.ANY_DATA_STATE
05-23 11:27:49.681   592   592 D MobileDataStateTracker: supl0: Broadcast received: ACTION_ANY_DATA_CONNECTION_STATE_CHANGEDmApnType=supl != received apnType=default
05-23 11:27:49.681   592   592 D MobileDataStateTracker: mms0: receive android.intent.action.ANY_DATA_STATE
05-23 11:27:49.681   592   592 D MobileDataStateTracker: mms0: Broadcast received: ACTION_ANY_DATA_CONNECTION_STATE_CHANGEDmApnType=mms != received apnType=default
05-23 11:27:49.681   592   592 D MobileDataStateTracker: default0: receive android.intent.action.ANY_DATA_STATE
05-23 11:27:49.681   592   592 D MobileDataStateTracker: default0: Broadcast received: ACTION_ANY_DATA_CONNECTION_STATE_CHANGEDmApnType=default == received apnType=default
05-23 11:27:49.681   592   592 D MobileDataStateTracker: default0: Broadcast received: android.intent.action.ANY_DATA_STATE apnType=default
05-23 11:27:49.691   592   592 D MobileDataStateTracker: default0: default setting isAvailable to true
05-23 11:27:49.701   592   592 D MobileDataStateTracker: default0: Received state=DISCONNECTED, old=DISCONNECTED, reason=radioTurnedOff
05-23 11:27:49.701   592   592 D MobileDataStateTracker: wap0: receive android.intent.action.ANY_DATA_STATE
05-23 11:27:49.701   592   592 D MobileDataStateTracker: wap0: Broadcast received: ACTION_ANY_DATA_CONNECTION_STATE_CHANGEDmApnType=wap != received apnType=mms
05-23 11:27:49.701   592   592 D MobileDataStateTracker: null0: receive android.intent.action.ANY_DATA_STATE
05-23 11:27:49.701   592   592 D MobileDataStateTracker: null0: Broadcast received: ACTION_ANY_DATA_CONNECTION_STATE_CHANGEDmApnType=null != received apnType=mms
05-23 11:27:49.701   592   592 D MobileDataStateTracker: xcap0: receive android.intent.action.ANY_DATA_STATE
05-23 11:27:49.701   592   592 D MobileDataStateTracker: xcap0: Broadcast received: ACTION_ANY_DATA_CONNECTION_STATE_CHANGEDmApnType=xcap != received apnType=mms
05-23 11:27:49.701   592   592 D MobileDataStateTracker: dm0: receive android.intent.action.ANY_DATA_STATE
05-23 11:27:49.701   592   592 D MobileDataStateTracker: dm0: Broadcast received: ACTION_ANY_DATA_CONNECTION_STATE_CHANGEDmApnType=dm != received apnType=mms
05-23 11:27:49.701   592   592 D MobileDataStateTracker: hipri0: receive android.intent.action.ANY_DATA_STATE
05-23 11:27:49.701   592   592 D MobileDataStateTracker: hipri0: Broadcast received: ACTION_ANY_DATA_CONNECTION_STATE_CHANGEDmApnType=hipri != received apnType=mms
05-23 11:27:49.701   592   592 D MobileDataStateTracker: cbs0: receive android.intent.action.ANY_DATA_STATE
05-23 11:27:49.701   592   592 D MobileDataStateTracker: cbs0: Broadcast received: ACTION_ANY_DATA_CONNECTION_STATE_CHANGEDmApnType=cbs != received apnType=mms
05-23 11:27:49.701   592   592 D MobileDataStateTracker: ims0: receive android.intent.action.ANY_DATA_STATE
05-23 11:27:49.711   592   592 D MobileDataStateTracker: ims0: Broadcast received: ACTION_ANY_DATA_CONNECTION_STATE_CHANGEDmApnType=ims != received apnType=mms
05-23 11:27:49.711   592   592 D MobileDataStateTracker: fota0: receive android.intent.action.ANY_DATA_STATE
05-23 11:27:49.711   592   592 D MobileDataStateTracker: fota0: Broadcast received: ACTION_ANY_DATA_CONNECTION_STATE_CHANGEDmApnType=fota != received apnType=mms
05-23 11:27:49.711   592   592 D MobileDataStateTracker: supl0: receive android.intent.action.ANY_DATA_STATE
05-23 11:27:49.711   592   592 D MobileDataStateTracker: supl0: Broadcast received: ACTION_ANY_DATA_CONNECTION_STATE_CHANGEDmApnType=supl != received apnType=mms
05-23 11:27:49.711   592   592 D MobileDataStateTracker: mms0: receive android.intent.action.ANY_DATA_STATE
05-23 11:27:49.711   592   592 D MobileDataStateTracker: mms0: Broadcast received: ACTION_ANY_DATA_CONNECTION_STATE_CHANGEDmApnType=mms == received apnType=mms
05-23 11:27:49.711   592   592 D MobileDataStateTracker: mms0: Broadcast received: android.intent.action.ANY_DATA_STATE apnType=mms
05-23 11:27:49.711   592   607 D BroadcastQueue: processNextBroadcast(background) called when not idle (state=1)
05-23 11:27:49.711   592   602 D BroadcastQueue: Schedule broadcasts [background]: current=false
05-23 11:27:49.721   592   806 I TelephonyRegistry: notifyDataConnection: state=0 isDataConnectivityPossible=false reason='roamingOff' apn='null' apnType=hipri networkType=0 mRecords.size()=8 mRecords=[{pkgForDebug=android callerUid=0 events=1c1}, {pkgForDebug=android callerUid=0 events=20}, {pkgForDebug=com.android.systemui callerUid=0 events=41e1}, {pkgForDebug=com.android.systemui callerUid=0 events=4000}, {pkgForDebug=com.android.phone callerUid=0 events=c}, {pkgForDebug=com.android.phone callerUid=0 events=1}, {pkgForDebug=com.android.phone callerUid=0 events=9}, {pkgForDebug=android callerUid=0 events=1}] linkProperties: null
05-23 11:27:49.721   592   806 D BroadcastQueue: Schedule broadcasts [background]: current=true
05-23 11:27:49.721   592   592 D MobileDataStateTracker: mms0: mms setting isAvailable to true
05-23 11:27:49.721   592   607 D BroadcastQueue: Received BROADCAST_INTENT_MSG
05-23 11:27:49.721   592   686 I TelephonyRegistry: notifyDataConnection: state=0 isDataConnectivityPossible=false reason='roamingOff' apn='null' apnType=ims networkType=0 mRecords.size()=8 mRecords=[{pkgForDebug=android callerUid=0 events=1c1}, {pkgForDebug=android callerUid=0 events=20}, {pkgForDebug=com.android.systemui callerUid=0 events=41e1}, {pkgForDebug=com.android.systemui callerUid=0 events=4000}, {pkgForDebug=com.android.phone callerUid=0 events=c}, {pkgForDebug=com.android.phone callerUid=0 events=1}, {pkgForDebug=com.android.phone callerUid=0 events=9}, {pkgForDebug=android callerUid=0 events=1}] linkProperties: null
05-23 11:27:49.721   592   592 D MobileDataStateTracker: mms0: Received state=DISCONNECTED, old=DISCONNECTED, reason=radioTurnedOff
05-23 11:27:49.721   592   592 D MobileDataStateTracker: default0: receive android.intent.action.ANY_DATA_STATE
05-23 11:27:49.721   592   686 D BroadcastQueue: Schedule broadcasts [background]: current=true
