05-23 11:28:44.619   592   655 D WifiStateMachine: handleMessage: X
05-23 11:28:44.619   592   655 D WifiStateMachine: handleMessage: E msg.what=147462
05-23 11:28:44.619   592   655 D WifiStateMachine: processMsg: SupplicantStoppingState
05-23 11:28:44.619   592   655 D WifiStateMachine: processMsg: DefaultState
05-23 11:28:44.619   592   655 D WifiStateMachine: handleMessage: X
05-23 11:28:44.619   925   925 I MainDialog: getRssi:-200
05-23 11:28:44.619   671   671 D Settings: newValuesVersion = 2
05-23 11:28:44.619   671   671 D Settings: mValues.get(name) = 0
05-23 11:28:44.619   671   671 D Settings: newValuesVersion = 6
05-23 11:28:44.619   671   671 D Settings: mValues.get(name) = null
05-23 11:28:44.619   671   671 D QuickSettingsModel: isStandby = true
05-23 11:28:44.619   671   671 D Settings: newValuesVersion = 6
05-23 11:28:44.619   671   671 D Settings: mValues.get(name) = null
05-23 11:28:44.619   671   671 D QuickSettingsModel: onVoWifiChanged multiModeSlot = 0 isVoWifiAvailable = false isStandby = true
05-23 11:28:44.629   167   167 E SLOGCP  : int MediaStorage::check_quota(): data large: 10492328/10M
05-23 11:28:44.629   167   167 E SLOGCP  : virtual void LogPipeHandler::process(int): CP cp_5mode save log error [16(Device or resource busy)]
05-23 11:28:44.629   592   658 D Settings: newValuesVersion = 5
05-23 11:28:44.629   592   658 D Settings: mValues.get(name) = null
05-23 11:28:44.639   592   592 D Tethering: Tethering got CONNECTIVITY_ACTION
05-23 11:28:44.649   671   671 D StatusBar.NetworkController: action: android.net.conn.CONNECTIVITY_CHANGE
05-23 11:28:44.649   671   671 D Settings: newValuesVersion = 6
05-23 11:28:44.649   671   671 D Settings: mValues.get(name) = null
05-23 11:28:44.649   671   671 D StatusBar.NetworkController: updateConnectivity: intent=Intent { act=android.net.conn.CONNECTIVITY_CHANGE flg=0x4000010 (has extras) }
05-23 11:28:44.649   592   806 D Settings: newValuesVersion = 6
05-23 11:28:44.649   592   806 D Settings: mValues.get(name) = null
05-23 11:28:44.659   671   671 D StatusBar.NetworkController: updateConnectivity: networkInfo=NetworkInfo: type: mobile[LTE], state: CONNECTED/CONNECTED, reason: connected, extra: cmnet, roaming: false, failover: false, isAvailable: true, phoneId: 0
05-23 11:28:44.659   671   671 D StatusBar.NetworkController: updateConnectivity: connectionStatus=0
05-23 11:28:44.659   671   671 D StatusBar.NetworkController: mHspaDataDistinguishable  true
05-23 11:28:44.659   671   671 E StatusBar.NetworkController: mServiceState[phoneId].getState(): 0
05-23 11:28:44.659   671   671 E StatusBar.NetworkController: mServiceState[phoneId].getDataRegState(): 0
05-23 11:28:44.659   671   671 D Settings: newValuesVersion = 6
05-23 11:28:44.659   671   671 D Settings: mValues.get(name) = null
05-23 11:28:44.669  1365  1365 D wpa_supplicant: wlan0: BSS: Remove id 0 BSSID 8c:ab:8e:bc:62:48 SSID 'ddr4' due to wpa_bss_flush
05-23 11:28:44.669  1365  1365 D wpa_supplicant: CTRL_IFACE monitor send - hexdump(len=39): 2f 64 61 74 61 2f 6d 69 73 63 2f 77 69 66 69 2f 73 6f 63 6b 65 74 73 2f 77 70 61 5f 63 74 72 6c ...
05-23 11:28:44.669  1365  1365 D wpa_supplicant: wlan0: BSS: Remove id 1 BSSID 00:23:68:4b:a9:d6 SSID 'CMCC' due to wpa_bss_flush
05-23 11:28:44.669  1365  1365 D wpa_supplicant: CTRL_IFACE monitor send - hexdump(len=39): 2f 64 61 74 61 2f 6d 69 73 63 2f 77 69 66 69 2f 73 6f 63 6b 65 74 73 2f 77 70 61 5f 63 74 72 6c ...
05-23 11:28:44.669  1365  1365 D wpa_supplicant: wlan0: BSS: Remove id 2 BSSID d4:ee:07:5a:08:52 SSID 'google' due to wpa_bss_flush
05-23 11:28:44.669  1365  1365 D wpa_supplicant: CTRL_IFACE monitor send - hexdump(len=39): 2f 64 61 74 61 2f 6d 69 73 63 2f 77 69 66 69 2f 73 6f 63 6b 65 74 73 2f 77 70 61 5f 63 74 72 6c ...
05-23 11:28:44.669  1365  1365 D wpa_supplicant: wlan0: BSS: Remove id 3 BSSID 88:1f:a1:3e:e1:52 SSID 'Airport' due to wpa_bss_flush
05-23 11:28:44.669  1365  1365 D wpa_supplicant: CTRL_IFACE monitor send - hexdump(len=39): 2f 64 61 74 61 2f 6d 69 73 63 2f 77 69 66 69 2f 73 6f 63 6b 65 74 73 2f 77 70 61 5f 63 74 72 6c ...
05-23 11:28:44.669  1365  1365 D wpa_supplicant: wlan0: BSS: Remove id 4 BSSID 00:07:26:43:1b:20 SSID 'dlink_test' due to wpa_bss_flush
05-23 11:28:44.669  1365  1365 D wpa_supplicant: CTRL_IFACE monitor send - hexdump(len=39): 2f 64 61 74 61 2f 6d 69 73 63 2f 77 69 66 69 2f 73 6f 63 6b 65 74 73 2f 77 70 61 5f 63 74 72 6c ...
05-23 11:28:44.669  1365  1365 D wpa_supplicant: wlan0: BSS: Remove id 5 BSSID 2c:fd:ab:3c:01:ca SSID 'Lenovo K320' due to wpa_bss_flush
05-23 11:28:44.669  1365  1365 D wpa_supplicant: CTRL_IFACE monitor send - hexdump(len=39): 2f 64 61 74 61 2f 6d 69 73 63 2f 77 69 66 69 2f 73 6f 63 6b 65 74 73 2f 77 70 61 5f 63 74 72 6c ...
05-23 11:28:44.669  1365  1365 D wpa_supplicant: wlan0: BSS: Remove id 6 BSSID f4:6a:92:07:7b:3c SSID 'xunrui01' due to wpa_bss_flush
05-23 11:28:44.669  1365  1365 D wpa_supplicant: CTRL_IFACE monitor send - hexdump(len=39): 2f 64 61 74 61 2f 6d 69 73 63 2f 77 69 66 69 2f 73 6f 63 6b 65 74 73 2f 77 70 61 5f 63 74 72 6c ...
05-23 11:28:44.669  1365  1365 D wpa_supplicant: wlan0: BSS: Remove id 7 BSSID f0:7d:68:46:8c:76 SSID 'MTBF_1' due to wpa_bss_flush
05-23 11:28:44.669  1365  1365 D wpa_supplicant: CTRL_IFACE monitor send - hexdump(len=39): 2f 64 61 74 61 2f 6d 69 73 63 2f 77 69 66 69 2f 73 6f 63 6b 65 74 73 2f 77 70 61 5f 63 74 72 6c ...
05-23 11:28:44.669  1365  1365 D wpa_supplicant: wlan0: BSS: Remove id 8 BSSID 24:05:0f:44:ab:a6 SSID 'A8' due to wpa_bss_flush
05-23 11:28:44.669  1365  1365 D wpa_supplicant: CTRL_IFACE monitor send - hexdump(len=39): 2f 64 61 74 61 2f 6d 69 73 63 2f 77 69 66 69 2f 73 6f 63 6b 65 74 73 2f 77 70 61 5f 63 74 72 6c ...
05-23 11:28:44.669  1365  1365 D wpa_supplicant: wlan0: BSS: Remove id 9 BSSID 00:27:15:08:2c:71 SSID 'VOTO V2i' due to wpa_bss_flush
05-23 11:28:44.669  1365  1365 D wpa_supplicant: CTRL_IFACE monitor send - hexdump(len=39): 2f 64 61 74 61 2f 6d 69 73 63 2f 77 69 66 69 2f 73 6f 63 6b 65 74 73 2f 77 70 61 5f 63 74 72 6c ...
05-23 11:28:44.669  1365  1365 D wpa_supplicant: wlan0: BSS: Remove id 10 BSSID ae:ed:5c:b1:22:2c SSID 'MR' due to wpa_bss_flush
05-23 11:28:44.669  1365  1365 D wpa_supplicant: CTRL_IFACE monitor send - hexdump(len=39): 2f 64 61 74 61 2f 6d 69 73 63 2f 77 69 66 69 2f 73 6f 63 6b 65 74 73 2f 77 70 61 5f 63 74 72 6c ...
05-23 11:28:44.669  1365  1365 D wpa_supplicant: wlan0: BSS: Remove id 11 BSSID 02:21:46:a4:33:bf SSID 'liu' due to wpa_bss_flush
05-23 11:28:44.669  1365  1365 D wpa_supplicant: CTRL_IFACE monitor send - hexdump(len=39): 2f 64 61 74 61 2f 6d 69 73 63 2f 77 69 66 69 2f 73 6f 63 6b 65 74 73 2f 77 70 61 5f 63 74 72 6c ...
05-23 11:28:44.669  1365  1365 D wpa_supplicant: wlan0: BSS: Remove id 12 BSSID 20:f4:1b:78:ee:56 SSID '' due to wpa_bss_flush
05-23 11:28:44.669  1365  1365 D wpa_supplicant: CTRL_IFACE monitor send - hexdump(len=39): 2f 64 61 74 61 2f 6d 69 73 63 2f 77 69 66 69 2f 73 6f 63 6b 65 74 73 2f 77 70 61 5f 63 74 72 6c ...
05-23 11:28:44.669  1365  1365 D wpa_supplicant: wlan0: BSS: Remove id 13 BSSID 5c:0e:8b:8f:66:02 SSID 'CMCC' due to wpa_bss_flush
05-23 11:28:44.669  1365  1365 D wpa_supplicant: CTRL_IFACE monitor send - hexdump(len=39): 2f 64 61 74 61 2f 6d 69 73 63 2f 77 69 66 69 2f 73 6f 63 6b 65 74 73 2f 77 70 61 5f 63 74 72 6c ...
05-23 11:28:44.669  1365  1365 D wpa_supplicant: wlan0: BSS: Remove id 14 BSSID ec:d9:d1:c1:35:61 SSID 'ST' due to wpa_bss_flush
05-23 11:28:44.669  1365  1365 D wpa_supplicant: CTRL_IFACE monitor send - hexdump(len=39): 2f 64 61 74 61 2f 6d 69 73 63 2f 77 69 66 69 2f 73 6f 63 6b 65 74 73 2f 77 70 61 5f 63 74 72 6c ...
05-23 11:28:44.669  1365  1365 D wpa_supplicant: wlan0: BSS: Remove id 15 BSSID b0:d5:9d:6d:7c:ef SSID 'VVER' due to wpa_bss_flush
05-23 11:28:44.669  1365  1365 D wpa_supplicant: CTRL_IFACE monitor send - hexdump(len=39): 2f 64 61 74 61 2f 6d 69 73 63 2f 77 69 66 69 2f 73 6f 63 6b 65 74 73 2f 77 70 61 5f 63 74 72 6c ...
05-23 11:28:44.669  1365  1365 D wpa_supplicant: wlan0: BSS: Remove id 16 BSSID 0e:a6:df:d1:a1:bd SSID '1901' due to wpa_bss_flush
05-23 11:28:44.669  1365  1365 D wpa_supplicant: CTRL_IFACE monitor send - hexdump(len=39): 2f 64 61 74 61 2f 6d 69 73 63 2f 77 69 66 69 2f 73 6f 63 6b 65 74 73 2f 77 70 61 5f 63 74 72 6c ...
05-23 11:28:44.669  1365  1365 D wpa_supplicant: wlan0: BSS: Remove id 17 BSSID 00:23:68:4b:a9:d4 SSID 'CMCC-WEB' due to wpa_bss_flush
05-23 11:28:44.669  1365  1365 D wpa_supplicant: CTRL_IFACE monitor send - hexdump(len=39): 2f 64 61 74 61 2f 6d 69 73 63 2f 77 69 66 69 2f 73 6f 63 6b 65 74 73 2f 77 70 61 5f 63 74 72 6c ...
05-23 11:28:44.669  1365  1365 D wpa_supplicant: wlan0: BSS: Remove id 18 BSSID 00:23:68:4b:a9:d5 SSID 'CMCC-FREE' due to wpa_bss_flush
05-23 11:28:44.669  1365  1365 D wpa_supplicant: CTRL_IFACE monitor send - hexdump(len=39): 2f 64 61 74 61 2f 6d 69 73 63 2f 77 69 66 69 2f 73 6f 63 6b 65 74 73 2f 77 70 61 5f 63 74 72 6c ...
05-23 11:28:44.669  1365  1365 D wpa_supplicant: wlan0: BSS: Remove id 19 BSSID 5c:0e:8b:8f:66:00 SSID 'CMCC-WEB' due to wpa_bss_flush
05-23 11:28:44.669  1365  1365 D wpa_supplicant: CTRL_IFACE monitor send - hexdump(len=39): 2f 64 61 74 61 2f 6d 69 73 63 2f 77 69 66 69 2f 73 6f 63 6b 65 74 73 2f 77 70 61 5f 63 74 72 6c ...
05-23 11:28:44.669  1365  1365 D wpa_supplicant: wlan0: BSS: Remove id 20 BSSID 5c:0e:8b:8f:66:01 SSID 'CMCC-FREE' due to wpa_bss_flush
05-23 11:28:44.669  1365  1365 D wpa_supplicant: CTRL_IFACE monitor send - hexdump(len=39): 2f 64 61 74 61 2f 6d 69 73 63 2f 77 69 66 69 2f 73 6f 63 6b 65 74 73 2f 77 70 61 5f 63 74 72 6c ...
05-23 11:28:44.669  1365  1365 D wpa_supplicant: wlan0: BSS: Remove id 21 BSSID 00:23:68:4b:b0:8c SSID 'CMCC-WEB' due to wpa_bss_flush
05-23 11:28:44.669  1365  1365 D wpa_supplicant: CTRL_IFACE monitor send - hexdump(len=39): 2f 64 61 74 61 2f 6d 69 73 63 2f 77 69 66 69 2f 73 6f 63 6b 65 74 73 2f 77 70 61 5f 63 74 72 6c ...
05-23 11:28:44.669  1365  1365 D wpa_supplicant: wlan0: Cancelling scan request
05-23 11:28:44.669  1365  1365 D wpa_supplicant: wlan0: P2P: Station mode scan operation not pending anymore (sta_scan_pending=0 p2p_cb_on_scan_complete=0)
05-23 11:28:44.669  1365  1365 D wpa_supplicant: wlan0: Cancelling authentication timeout
05-23 11:28:44.679   592  1366 D WifiMonitor: Event [IFNAME=wlan0 CTRL-EVENT-BSS-REMOVED 0 8c:ab:8e:bc:62:48]
05-23 11:28:44.679   592  1366 D WifiMonitor: BSS_REMOVED str = 8c:ab:8e:bc:62:48
05-23 11:28:44.679   592  1366 D WifiMonitor: Event [IFNAME=wlan0 CTRL-EVENT-BSS-REMOVED 1 00:23:68:4b:a9:d6]
05-23 11:28:44.679   592   655 D WifiStateMachine: handleMessage: E msg.what=147502
05-23 11:28:44.679   592   655 D WifiStateMachine: processMsg: SupplicantStoppingState
05-23 11:28:44.679   592   655 D WifiStateMachine: processMsg: DefaultState
05-23 11:28:44.679   592   655 E WifiStateMachine: Error! unhandled message{ when=-1ms what=147502 obj=8c:ab:8e:bc:62:48 target=com.android.internal.util.StateMachine$SmHandler }
05-23 11:28:44.679   592  1366 D WifiMonitor: BSS_REMOVED str = 00:23:68:4b:a9:d6
05-23 11:28:44.679   592   655 D WifiStateMachine: handleMessage: X
05-23 11:28:44.679   592   655 D WifiStateMachine: handleMessage: E msg.what=147502
05-23 11:28:44.679   592  1366 D WifiMonitor: Event [IFNAME=wlan0 CTRL-EVENT-BSS-REMOVED 2 d4:ee:07:5a:08:52]
05-23 11:28:44.679   592  1366 D WifiMonitor: BSS_REMOVED str = d4:ee:07:5a:08:52
05-23 11:28:44.679   592   655 D WifiStateMachine: processMsg: SupplicantStoppingState
05-23 11:28:44.679   592  1366 D WifiMonitor: Event [IFNAME=wlan0 CTRL-EVENT-BSS-REMOVED 3 88:1f:a1:3e:e1:52]
05-23 11:28:44.679   592   655 D WifiStateMachine: processMsg: DefaultState
05-23 11:28:44.679   592   655 E WifiStateMachine: Error! unhandled message{ when=-3ms what=147502 obj=00:23:68:4b:a9:d6 target=com.android.internal.util.StateMachine$SmHandler }
05-23 11:28:44.679   671   671 D StatusBar.NetworkController: mDataDirectionIconId end :7f0200c8  true
05-23 11:28:44.679   592  1366 D WifiMonitor: BSS_REMOVED str = 88:1f:a1:3e:e1:52
05-23 11:28:44.679   592   655 D WifiStateMachine: handleMessage: X
05-23 11:28:44.679   592  1366 D WifiMonitor: Event [IFNAME=wlan0 CTRL-EVENT-BSS-REMOVED 4 00:07:26:43:1b:20]
05-23 11:28:44.679   592   655 D WifiStateMachine: handleMessage: E msg.what=147502
05-23 11:28:44.689   592   655 D WifiStateMachine: processMsg: SupplicantStoppingState
05-23 11:28:44.689   592  1366 D WifiMonitor: BSS_REMOVED str = 00:07:26:43:1b:20
05-23 11:28:44.689   592   655 D WifiStateMachine: processMsg: DefaultState
05-23 11:28:44.689   592  1366 D WifiMonitor: Event [IFNAME=wlan0 CTRL-EVENT-BSS-REMOVED 5 2c:fd:ab:3c:01:ca]
05-23 11:28:44.689   592   655 E WifiStateMachine: Error! unhandled message{ when=-4ms what=147502 obj=d4:ee:07:5a:08:52 target=com.android.internal.util.StateMachine$SmHandler }
05-23 11:28:44.689   592  1366 D WifiMonitor: BSS_REMOVED str = 2c:fd:ab:3c:01:ca
05-23 11:28:44.689   167   167 E SLOGCP  : int MediaStorage::check_quota(): data large: 10492328/10M
05-23 11:28:44.689   592   655 D WifiStateMachine: handleMessage: X
05-23 11:28:44.689   167   167 E SLOGCP  : virtual void LogPipeHandler::process(int): CP cp_5mode save log error [16(Device or resource busy)]
05-23 11:28:44.689   592   655 D WifiStateMachine: handleMessage: E msg.what=147502
05-23 11:28:44.689   592  1366 D WifiMonitor: Event [IFNAME=wlan0 CTRL-EVENT-BSS-REMOVED 6 f4:6a:92:07:7b:3c]
05-23 11:28:44.689   592   655 D WifiStateMachine: processMsg: SupplicantStoppingState
05-23 11:28:44.689   592  1366 D WifiMonitor: BSS_REMOVED str = f4:6a:92:07:7b:3c
05-23 11:28:44.689   592   655 D WifiStateMachine: processMsg: DefaultState
05-23 11:28:44.689   592   655 E WifiStateMachine: Error! unhandled message{ when=-5ms what=147502 obj=88:1f:a1:3e:e1:52 target=com.android.internal.util.StateMachine$SmHandler }
05-23 11:28:44.689   671   671 D StatusBar.NetworkController: phoneid=0 isexist=true  5
05-23 11:28:44.689   592  1366 D WifiMonitor: Event [IFNAME=wlan0 CTRL-EVENT-BSS-REMOVED 7 f0:7d:68:46:8c:76]
05-23 11:28:44.689   592   655 D WifiStateMachine: handleMessage: X
05-23 11:28:44.689   592  1366 D WifiMonitor: BSS_REMOVED str = f0:7d:68:46:8c:76
05-23 11:28:44.689   592   655 D WifiStateMachine: handleMessage: E msg.what=147502
05-23 11:28:44.689   592   655 D WifiStateMachine: processMsg: SupplicantStoppingState
05-23 11:28:44.689   592  1366 D WifiMonitor: Event [IFNAME=wlan0 CTRL-EVENT-BSS-REMOVED 8 24:05:0f:44:ab:a6]
05-23 11:28:44.689   592   655 D WifiStateMachine: processMsg: DefaultState
05-23 11:28:44.689   592  1366 D WifiMonitor: BSS_REMOVED str = 24:05:0f:44:ab:a6
05-23 11:28:44.689   592   655 E WifiStateMachine: Error! unhandled message{ when=-7ms what=147502 obj=00:07:26:43:1b:20 target=com.android.internal.util.StateMachine$SmHandler }
05-23 11:28:44.689   592  1366 D WifiMonitor: Event [IFNAME=wlan0 CTRL-EVENT-BSS-REMOVED 9 00:27:15:08:2c:71]
05-23 11:28:44.689   592   655 D WifiStateMachine: handleMessage: X
05-23 11:28:44.689   592  1366 D WifiMonitor: BSS_REMOVED str = 00:27:15:08:2c:71
05-23 11:28:44.699   592   655 D WifiStateMachine: handleMessage: E msg.what=147502
05-23 11:28:44.699   592  1366 D WifiMonitor: Event [IFNAME=wlan0 CTRL-EVENT-BSS-REMOVED 10 ae:ed:5c:b1:22:2c]
05-23 11:28:44.699   592   655 D WifiStateMachine: processMsg: SupplicantStoppingState
05-23 11:28:44.699   592  1366 D WifiMonitor: BSS_REMOVED str = ae:ed:5c:b1:22:2c
05-23 11:28:44.699   592   655 D WifiStateMachine: processMsg: DefaultState
05-23 11:28:44.699   592   655 E WifiStateMachine: Error! unhandled message{ when=-9ms what=147502 obj=2c:fd:ab:3c:01:ca target=com.android.internal.util.StateMachine$SmHandler }
05-23 11:28:44.699   592   655 D WifiStateMachine: handleMessage: X
05-23 11:28:44.699   592  1366 D WifiMonitor: Event [IFNAME=wlan0 CTRL-EVENT-BSS-REMOVED 11 02:21:46:a4:33:bf]
05-23 11:28:44.699   592   655 D WifiStateMachine: handleMessage: E msg.what=147502
05-23 11:28:44.699   592   613 D Tethering: MasterInitialState.processMessage what=3
05-23 11:28:44.699   592  1366 D WifiMonitor: BSS_REMOVED str = 02:21:46:a4:33:bf
05-23 11:28:44.699   592   655 D WifiStateMachine: processMsg: SupplicantStoppingState
05-23 11:28:44.699   592   655 D WifiStateMachine: processMsg: DefaultState
05-23 11:28:44.699   592  1366 D WifiMonitor: Event [IFNAME=wlan0 CTRL-EVENT-BSS-REMOVED 12 20:f4:1b:78:ee:56]
05-23 11:28:44.699   592   655 E WifiStateMachine: Error! unhandled message{ when=-12ms what=147502 obj=f4:6a:92:07:7b:3c target=com.android.internal.util.StateMachine$SmHandler }
05-23 11:28:44.699   592   592 D Settings: newValuesVersion = 6
05-23 11:28:44.699   592  1366 D WifiMonitor: BSS_REMOVED str = 20:f4:1b:78:ee:56
05-23 11:28:44.709   592   655 D WifiStateMachine: handleMessage: X
05-23 11:28:44.709   592   655 D WifiStateMachine: handleMessage: E msg.what=147502
05-23 11:28:44.709   592  1366 D WifiMonitor: Event [IFNAME=wlan0 CTRL-EVENT-BSS-REMOVED 13 5c:0e:8b:8f:66:02]
05-23 11:28:44.709   592   592 D Settings: mValues.get(name) = null
05-23 11:28:44.709   592   655 D WifiStateMachine: processMsg: SupplicantStoppingState
05-23 11:28:44.709   592   655 D WifiStateMachine: processMsg: DefaultState
05-23 11:28:44.709   592  1366 D WifiMonitor: BSS_REMOVED str = 5c:0e:8b:8f:66:02
05-23 11:28:44.709   592  1366 D WifiMonitor: Event [IFNAME=wlan0 CTRL-EVENT-BSS-REMOVED 14 ec:d9:d1:c1:35:61]
05-23 11:28:44.709   592   760 D CaptivePortalTracker: NoActiveNetworkState{ when=-3ms what=1 obj=NetworkInfo: type: WIFI[], state: DISCONNECTED/DISCONNECTED, reason: (unspecified), extra: <unknown ssid>, roaming: false, failover: false, isAvailable: false, phoneId: 0 target=com.android.internal.util.StateMachine$SmHandler }
05-23 11:28:44.709   592   655 E WifiStateMachine: Error! unhandled message{ when=-19ms what=147502 obj=f0:7d:68:46:8c:76 target=com.android.internal.util.StateMachine$SmHandler }
05-23 11:28:44.709   592  1366 D WifiMonitor: BSS_REMOVED str = ec:d9:d1:c1:35:61
05-23 11:28:44.709   592  1366 D WifiMonitor: Event [IFNAME=wlan0 CTRL-EVENT-BSS-REMOVED 15 b0:d5:9d:6d:7c:ef]
05-23 11:28:44.709   592   655 D WifiStateMachine: handleMessage: X
05-23 11:28:44.709   592   655 D WifiStateMachine: handleMessage: E msg.what=147502
05-23 11:28:44.709   592   655 D WifiStateMachine: processMsg: SupplicantStoppingState
05-23 11:28:44.719  1365  1365 D wpa_supplicant: netlink: Operstate: linkmode=0, operstate=6
05-23 11:28:44.719   592  1366 D WifiMonitor: BSS_REMOVED str = b0:d5:9d:6d:7c:ef
05-23 11:28:44.719  1365  1365 D wpa_supplicant: nl80211: Set mode ifindex 11 iftype 2 (STATION)
05-23 11:28:44.719  1365  1365 D wpa_supplicant: nl80211: Unsubscribe mgmt frames handle 0xb70fcbe0 (mode change)
05-23 11:28:44.719  1365  1365 I wpa_supplicant: wlan0: CTRL-EVENT-TERMINATING 
05-23 11:28:44.719  1365  1365 D wpa_supplicant: CTRL_IFACE monitor send - hexdump(len=39): 2f 64 61 74 61 2f 6d 69 73 63 2f 77 69 66 69 2f 73 6f 63 6b 65 74 73 2f 77 70 61 5f 63 74 72 6c ...
05-23 11:28:44.719   592   611 D Tethering: interfaceLinkStateChanged wlan0, true
05-23 11:28:44.719   592   611 D Tethering: interfaceStatusChanged wlan0, true
05-23 11:28:44.719   592   611 D Tethering: interfaceLinkStateChanged wlan0, false
05-23 11:28:44.719   592   611 D Tethering: interfaceStatusChanged wlan0, false
05-23 11:28:44.719   592   655 D WifiStateMachine: processMsg: DefaultState
05-23 11:28:44.719   671   671 D StatusBar.NetworkController: isSupportLTE = false  isCardAbsent = false
05-23 11:28:44.719   671   671 D Settings: newValuesVersion = 6
05-23 11:28:44.719   671   671 D Settings: mValues.get(name) = null
05-23 11:28:44.719  1365  1365 D wpa_supplicant: Control interface directory not empty - leaving it behind
05-23 11:28:44.719   592   655 E WifiStateMachine: Error! unhandled message{ when=-31ms what=147502 obj=24:05:0f:44:ab:a6 target=com.android.internal.util.StateMachine$SmHandler }
05-23 11:28:44.719   671   671 E StatusBar.NetworkController: mServiceState[phoneId].getState(): 0
05-23 11:28:44.719   671   671 E StatusBar.NetworkController: mServiceState[phoneId].getDataRegState(): 0
05-23 11:28:44.729   671   671 D TelephonyManager: getRadioFeatures: phoneId=0
05-23 11:28:44.729   671   671 D TelephonyManager: getRadioCapbility: ssdaMode=tdd-csfb
05-23 11:28:44.729   671   671 D TelephonyManager: getRadioFeatures: rCapbility=TDD_CSFB, testMode=8
05-23 11:28:44.729   592   592 D Settings: newValuesVersion = 6
05-23 11:28:44.729   592   592 D Settings: mValues.get(name) = null
05-23 11:28:44.729   592   592 D Tethering: Tethering got CONNECTIVITY_ACTION
05-23 11:28:44.729   592   592 D Settings: newValuesVersion = 6
05-23 11:28:44.729   592   613 D Tethering: MasterInitialState.processMessage what=3
05-23 11:28:44.729   671   671 D StatusBar.NetworkController: phoneId = 0 colorIndex = 0 mInetCondition=0 iconLevel=4
05-23 11:28:44.729   592   592 D Settings: mValues.get(name) = null
05-23 11:28:44.729   592   760 D CaptivePortalTracker: NoActiveNetworkState{ when=-1ms what=1 obj=NetworkInfo: type: mobile[LTE], state: CONNECTED/CONNECTED, reason: connected, extra: cmnet, roaming: false, failover: false, isAvailable: true, phoneId: 0 target=com.android.internal.util.StateMachine$SmHandler }
05-23 11:28:44.729   592   760 D CaptivePortalTracker: NoActiveNetworkState not a wifi connectivity change, ignore
05-23 11:28:44.729   167   167 E SLOGCP  : int MediaStorage::check_quota(): data large: 10492328/10M
05-23 11:28:44.729   167   167 E SLOGCP  : virtual void LogPipeHandler::process(int): CP cp_5mode save log error [16(Device or resource busy)]
05-23 11:28:44.729   671   671 D TelephonyManager: getRadioFeatures: phoneId=0
05-23 11:28:44.729   671   671 D TelephonyManager: getRadioCapbility: ssdaMode=tdd-csfb
05-23 11:28:44.729   671   671 D TelephonyManager: getRadioFeatures: rCapbility=TDD_CSFB, testMode=8
05-23 11:28:44.729   671   671 D TelephonyManager: getRadioFeatures: phoneId=0
05-23 11:28:44.729   592   592 D Settings: newValuesVersion = 6
05-23 11:28:44.739   592   592 D Settings: mValues.get(name) = null
05-23 11:28:44.739   671   671 D TelephonyManager: getRadioCapbility: ssdaMode=tdd-csfb
05-23 11:28:44.739   592  1366 D WifiMonitor: Event [IFNAME=wlan0 CTRL-EVENT-BSS-REMOVED 16 0e:a6:df:d1:a1:bd]
05-23 11:28:44.739   592  1366 D WifiMonitor: BSS_REMOVED str = 0e:a6:df:d1:a1:bd
05-23 11:28:44.739   592   655 D WifiStateMachine: handleMessage: X
05-23 11:28:44.739   592  1366 D WifiMonitor: Event [IFNAME=wlan0 CTRL-EVENT-BSS-REMOVED 17 00:23:68:4b:a9:d4]
05-23 11:28:44.739   592   655 D WifiStateMachine: handleMessage: E msg.what=147502
05-23 11:28:44.739   592   655 D WifiStateMachine: processMsg: SupplicantStoppingState
05-23 11:28:44.739   592  1366 D WifiMonitor: BSS_REMOVED str = 00:23:68:4b:a9:d4
05-23 11:28:44.739   592   655 D WifiStateMachine: processMsg: DefaultState
05-23 11:28:44.739   592  1366 D WifiMonitor: Event [IFNAME=wlan0 CTRL-EVENT-BSS-REMOVED 18 00:23:68:4b:a9:d5]
05-23 11:28:44.739   592   655 E WifiStateMachine: Error! unhandled message{ when=-43ms what=147502 obj=00:27:15:08:2c:71 target=com.android.internal.util.StateMachine$SmHandler }
05-23 11:28:44.739   592  1366 D WifiMonitor: BSS_REMOVED str = 00:23:68:4b:a9:d5
05-23 11:28:44.739   592   655 D WifiStateMachine: handleMessage: X
05-23 11:28:44.739   592   655 D WifiStateMachine: handleMessage: E msg.what=147502
05-23 11:28:44.739   592  1366 D WifiMonitor: Event [IFNAME=wlan0 CTRL-EVENT-BSS-REMOVED 19 5c:0e:8b:8f:66:00]
05-23 11:28:44.739   592   655 D WifiStateMachine: processMsg: SupplicantStoppingState
05-23 11:28:44.739   592  1366 D WifiMonitor: BSS_REMOVED str = 5c:0e:8b:8f:66:00
05-23 11:28:44.739   592   655 D WifiStateMachine: processMsg: DefaultState
05-23 11:28:44.739   592   655 E WifiStateMachine: Error! unhandled message{ when=-42ms what=147502 obj=ae:ed:5c:b1:22:2c target=com.android.internal.util.StateMachine$SmHandler }
05-23 11:28:44.739   592  1366 D WifiMonitor: Event [IFNAME=wlan0 CTRL-EVENT-BSS-REMOVED 20 5c:0e:8b:8f:66:01]
05-23 11:28:44.739   592   655 D WifiStateMachine: handleMessage: X
05-23 11:28:44.739   592  1366 D WifiMonitor: BSS_REMOVED str = 5c:0e:8b:8f:66:01
05-23 11:28:44.739   592   655 D WifiStateMachine: handleMessage: E msg.what=147502
05-23 11:28:44.739   592  1366 D WifiMonitor: Event [IFNAME=wlan0 CTRL-EVENT-BSS-REMOVED 21 00:23:68:4b:b0:8c]
05-23 11:28:44.739   592   655 D WifiStateMachine: processMsg: SupplicantStoppingState
05-23 11:28:44.739   592   655 D WifiStateMachine: processMsg: DefaultState
05-23 11:28:44.739   592  1366 D WifiMonitor: BSS_REMOVED str = 00:23:68:4b:b0:8c
05-23 11:28:44.739   592   655 E WifiStateMachine: Error! unhandled message{ when=-40ms what=147502 obj=02:21:46:a4:33:bf target=com.android.internal.util.StateMachine$SmHandler }
05-23 11:28:44.739   592  1366 D WifiMonitor: Event [IFNAME=wlan0 CTRL-EVENT-TERMINATING ]
05-23 11:28:44.739   592   655 D WifiStateMachine: handleMessage: X
05-23 11:28:44.739   671   671 D TelephonyManager: getRadioFeatures: rCapbility=TDD_CSFB, testMode=8
05-23 11:28:44.739   592   655 D WifiStateMachine: handleMessage: E msg.what=147502
05-23 11:28:44.739   592   655 D WifiStateMachine: processMsg: SupplicantStoppingState
05-23 11:28:44.739   592   655 D WifiStateMachine: processMsg: DefaultState
05-23 11:28:44.739   592   655 E WifiStateMachine: Error! unhandled message{ when=-38ms what=147502 obj=20:f4:1b:78:ee:56 target=com.android.internal.util.StateMachine$SmHandler }
05-23 11:28:44.739   592   655 D WifiStateMachine: handleMessage: X
05-23 11:28:44.739   592   655 D WifiStateMachine: handleMessage: E msg.what=147502
05-23 11:28:44.739   592   655 D WifiStateMachine: processMsg: SupplicantStoppingState
05-23 11:28:44.739   592   655 D WifiStateMachine: processMsg: DefaultState
05-23 11:28:44.739   592   655 E WifiStateMachine: Error! unhandled message{ when=-33ms what=147502 obj=5c:0e:8b:8f:66:02 target=com.android.internal.util.StateMachine$SmHandler }
05-23 11:28:44.739   592   655 D WifiStateMachine: handleMessage: X
05-23 11:28:44.739   592   655 D WifiStateMachine: handleMessage: E msg.what=147502
05-23 11:28:44.739   592   655 D WifiStateMachine: processMsg: SupplicantStoppingState
05-23 11:28:44.739   592   655 D WifiStateMachine: processMsg: DefaultState
05-23 11:28:44.739   592   655 E WifiStateMachine: Error! unhandled message{ when=-32ms what=147502 obj=ec:d9:d1:c1:35:61 target=com.android.internal.util.StateMachine$SmHandler }
05-23 11:28:44.739   592   655 D WifiStateMachine: handleMessage: X
05-23 11:28:44.739   592   655 D WifiStateMachine: handleMessage: E msg.what=147502
05-23 11:28:44.739   592   655 D WifiStateMachine: processMsg: SupplicantStoppingState
05-23 11:28:44.739   592   655 D WifiStateMachine: processMsg: DefaultState
05-23 11:28:44.749   592   655 E WifiStateMachine: Error! unhandled message{ when=-29ms what=147502 obj=b0:d5:9d:6d:7c:ef target=com.android.internal.util.StateMachine$SmHandler }
05-23 11:28:44.749   592   655 D WifiStateMachine: handleMessage: X
05-23 11:28:44.749   592   655 D WifiStateMachine: handleMessage: E msg.what=147502
05-23 11:28:44.749   592   655 D WifiStateMachine: processMsg: SupplicantStoppingState
05-23 11:28:44.749   671   671 D StatusBar.NetworkController: phoneId: 0  refreshViews:   mAirplaneMode=false emergencyOnly=false no_wifi no_wifi mWifiIconId=0x0 mQSWifiIconId=0x0 wifiLabel= mHasMobileDataFeature=true mShowPhoneRSSIForData=false mPhoneSignalIconId=0x7f020107 mDataSignalIconId=0x7f020105/com.android.systemui:drawable/stat_sys_signal_4_sprd Phone_Signal_Level=4 GPRS &NetworkRoaming=false mMobileActivityIconId=0x7f0200c0(mDataActivity=0) mDataTypeIconId=0x7f0200c8/com.android.systemui:drawable/stat_sys_data_fully_connected_4g_ex   combinedSignalIconId=0x7f020105/com.android.systemui:drawable/stat_sys_signal_4_ex mobileLabel=中国移动4G combinedLabel=中国移动4G mLastDataDirectionOverlayIconId=0x7f0200c0
05-23 11:28:44.749   592   655 D WifiStateMachine: processMsg: DefaultState
05-23 11:28:44.749   592   655 E WifiStateMachine: Error! unhandled message{ when=-10ms what=147502 obj=0e:a6:df:d1:a1:bd target=com.android.internal.util.StateMachine$SmHandler }
05-23 11:28:44.749   592   655 D WifiStateMachine: handleMessage: X
05-23 11:28:44.749   592   655 D WifiStateMachine: handleMessage: E msg.what=147502
05-23 11:28:44.749   592   655 D WifiStateMachine: processMsg: SupplicantStoppingState
05-23 11:28:44.749   592   655 D WifiStateMachine: processMsg: DefaultState
05-23 11:28:44.749   592   655 E WifiStateMachine: Error! unhandled message{ when=-9ms what=147502 obj=00:23:68:4b:a9:d4 target=com.android.internal.util.StateMachine$SmHandler }
05-23 11:28:44.749   592   655 D WifiStateMachine: handleMessage: X
05-23 11:28:44.749   592   655 D WifiStateMachine: handleMessage: E msg.what=147502
05-23 11:28:44.749   592   655 D WifiStateMachine: processMsg: SupplicantStoppingState
05-23 11:28:44.749   592   655 D WifiStateMachine: processMsg: DefaultState
05-23 11:28:44.749   671   671 D Settings: newValuesVersion = 2
05-23 11:28:44.749   592   655 E WifiStateMachine: Error! unhandled message{ when=-9ms what=147502 obj=00:23:68:4b:a9:d5 target=com.android.internal.util.StateMachine$SmHandler }
05-23 11:28:44.749   592   655 D WifiStateMachine: handleMessage: X
05-23 11:28:44.749   671   671 D Settings: mValues.get(name) = 0
05-23 11:28:44.749   592   655 D WifiStateMachine: handleMessage: E msg.what=147502
05-23 11:28:44.749   592   655 D WifiStateMachine: processMsg: SupplicantStoppingState
05-23 11:28:44.749   592   655 D WifiStateMachine: processMsg: DefaultState
05-23 11:28:44.749   671   671 D Settings: newValuesVersion = 6
05-23 11:28:44.749   671   671 D Settings: mValues.get(name) = null
05-23 11:28:44.749   671   671 D QuickSettingsModel: isStandby = true
05-23 11:28:44.749   671   671 D Settings: newValuesVersion = 6
05-23 11:28:44.749   671   671 D Settings: mValues.get(name) = null
05-23 11:28:44.749   671   671 D QuickSettingsModel: onVoWifiChanged multiModeSlot = 0 isVoWifiAvailable = false isStandby = true
05-23 11:28:44.749   592   655 E WifiStateMachine: Error! unhandled message{ when=-9ms what=147502 obj=5c:0e:8b:8f:66:00 target=com.android.internal.util.StateMachine$SmHandler }
05-23 11:28:44.749   592   655 D WifiStateMachine: handleMessage: X
05-23 11:28:44.749   592   655 D WifiStateMachine: handleMessage: E msg.what=147502
05-23 11:28:44.749   592   655 D WifiStateMachine: processMsg: SupplicantStoppingState
05-23 11:28:44.749   592   655 D WifiStateMachine: processMsg: DefaultState
05-23 11:28:44.749   592   655 E WifiStateMachine: Error! unhandled message{ when=-9ms what=147502 obj=5c:0e:8b:8f:66:01 target=com.android.internal.util.StateMachine$SmHandler }
05-23 11:28:44.749   592   655 D WifiStateMachine: handleMessage: X
05-23 11:28:44.749   671   671 D StatusBar.NetworkController: action: android.net.conn.CONNECTIVITY_CHANGE
05-23 11:28:44.749   592   655 D WifiStateMachine: handleMessage: E msg.what=147502
05-23 11:28:44.749   592   655 D WifiStateMachine: processMsg: SupplicantStoppingState
05-23 11:28:44.749   592   655 D WifiStateMachine: processMsg: DefaultState
05-23 11:28:44.749   592   655 E WifiStateMachine: Error! unhandled message{ when=-10ms what=147502 obj=00:23:68:4b:b0:8c target=com.android.internal.util.StateMachine$SmHandler }
05-23 11:28:44.749   671   671 D Settings: newValuesVersion = 6
05-23 11:28:44.749   592   655 D WifiStateMachine: handleMessage: X
05-23 11:28:44.749   671   671 D Settings: mValues.get(name) = null
05-23 11:28:44.749   592   655 D WifiStateMachine: handleMessage: E msg.what=147458
05-23 11:28:44.749   592   655 D WifiStateMachine: processMsg: SupplicantStoppingState
05-23 11:28:44.749   592   655 D WifiStateMachine: Supplicant connection lost
05-23 11:28:44.749   592   655 D WifiMonitor: WifiMonitorSingleton gotten
05-23 11:28:44.749   671   671 D StatusBar.NetworkController: updateConnectivity: intent=Intent { act=android.net.conn.CONNECTIVITY_CHANGE flg=0x4000010 (has extras) }
05-23 11:28:44.749   592   995 D Settings: newValuesVersion = 6
05-23 11:28:44.749   592   995 D Settings: mValues.get(name) = null
05-23 11:28:44.759   671   671 D StatusBar.NetworkController: updateConnectivity: networkInfo=NetworkInfo: type: mobile[LTE], state: CONNECTED/CONNECTED, reason: connected, extra: cmnet, roaming: false, failover: false, isAvailable: true, phoneId: 0
05-23 11:28:44.759   671   671 D StatusBar.NetworkController: updateConnectivity: connectionStatus=0
05-23 11:28:44.759   671   671 D StatusBar.NetworkController: mHspaDataDistinguishable  true
05-23 11:28:44.759   671   671 E StatusBar.NetworkController: mServiceState[phoneId].getState(): 0
05-23 11:28:44.759   671   671 E StatusBar.NetworkController: mServiceState[phoneId].getDataRegState(): 0
05-23 11:28:44.759   671   671 D Settings: newValuesVersion = 6
05-23 11:28:44.759   671   671 D Settings: mValues.get(name) = null
05-23 11:28:44.759   671   671 D StatusBar.NetworkController: mDataDirectionIconId end :7f0200c8  true
05-23 11:28:44.759   592   655 D WifiStateMachine: setWifiState: disabled
05-23 11:28:44.769   592   603 D Settings: newValuesVersion = 6
05-23 11:28:44.769   592   603 D Settings: mValues.get(name) = null
05-23 11:28:44.769   592   655 D WifiStateMachine: transitionTo: destState=InitialState
05-23 11:28:44.769   592   655 D WifiStateMachine: handleMessage: new destination call exit/enter
05-23 11:28:44.769   592   655 D WifiStateMachine: setupTempStateStackWithStatesToEnter: X mTempStateStackCount=1,curStateInfo: state=DefaultState,active=true,parent=null
05-23 11:28:44.769   592   655 D WifiStateMachine: invokeExitMethods: SupplicantStoppingState
05-23 11:28:44.769   592   655 D WifiStateMachine: moveTempStackToStateStack: i=0,j=1
05-23 11:28:44.769   592   655 D WifiStateMachine: moveTempStackToStateStack: X mStateStackTop=1,startingIndex=1,Top=InitialState
05-23 11:28:44.769   592   655 D WifiStateMachine: invokeEnterMethods: InitialState
05-23 11:28:44.769   671   671 D StatusBar.NetworkController: phoneid=0 isexist=true  5
05-23 11:28:44.779   925   925 I MainDialog: getRssi:-200
05-23 11:28:44.779   167   167 E SLOGCP  : int MediaStorage::check_quota(): data large: 10492328/10M
05-23 11:28:44.779   167   167 E SLOGCP  : virtual void LogPipeHandler::process(int): CP cp_5mode save log error [16(Device or resource busy)]
05-23 11:28:44.779   671   671 D StatusBar.NetworkController: isSupportLTE = false  isCardAbsent = false
05-23 11:28:44.779   671   671 D Settings: newValuesVersion = 6
05-23 11:28:44.779   671   671 D Settings: mValues.get(name) = null
05-23 11:28:44.779   671   671 E StatusBar.NetworkController: mServiceState[phoneId].getState(): 0
05-23 11:28:44.779   671   671 E StatusBar.NetworkController: mServiceState[phoneId].getDataRegState(): 0
05-23 11:28:44.779   671   671 D TelephonyManager: getRadioFeatures: phoneId=0
05-23 11:28:44.779   671   671 D TelephonyManager: getRadioCapbility: ssdaMode=tdd-csfb
05-23 11:28:44.779   671   671 D TelephonyManager: getRadioFeatures: rCapbility=TDD_CSFB, testMode=8
05-23 11:28:44.779   671   671 D StatusBar.NetworkController: phoneId = 0 colorIndex = 0 mInetCondition=0 iconLevel=4
05-23 11:28:44.779   671   671 D TelephonyManager: getRadioFeatures: phoneId=0
05-23 11:28:44.779   671   671 D TelephonyManager: getRadioCapbility: ssdaMode=tdd-csfb
05-23 11:28:44.779   671   671 D TelephonyManager: getRadioFeatures: rCapbility=TDD_CSFB, testMode=8
05-23 11:28:44.779   671   671 D TelephonyManager: getRadioFeatures: phoneId=0
05-23 11:28:44.779   671   671 D TelephonyManager: getRadioCapbility: ssdaMode=tdd-csfb
05-23 11:28:44.779   671   671 D TelephonyManager: getRadioFeatures: rCapbility=TDD_CSFB, testMode=8
05-23 11:28:44.779   671   671 D StatusBar.NetworkController: phoneId: 0  refreshViews:   mAirplaneMode=false emergencyOnly=false no_wifi no_wifi mWifiIconId=0x0 mQSWifiIconId=0x0 wifiLabel= mHasMobileDataFeature=true mShowPhoneRSSIForData=false mPhoneSignalIconId=0x7f020107 mDataSignalIconId=0x7f020105/com.android.systemui:drawable/stat_sys_signal_4_sprd Phone_Signal_Level=4 GPRS &NetworkRoaming=false mMobileActivityIconId=0x7f0200c0(mDataActivity=0) mDataTypeIconId=0x7f0200c8/com.android.systemui:drawable/stat_sys_data_fully_connected_4g_ex   combinedSignalIconId=0x7f020105/com.android.systemui:drawable/stat_sys_signal_4_ex mobileLabel=中国移动4G combinedLabel=中国移动4G mLastDataDirectionOverlayIconId=0x7f0200c0
05-23 11:28:44.779   671   671 D Settings: newValuesVersion = 2
05-23 11:28:44.779   671   671 D Settings: mValues.get(name) = 0
05-23 11:28:44.789   671   671 D Settings: newValuesVersion = 6
05-23 11:28:44.789   671   671 D Settings: mValues.get(name) = null
05-23 11:28:44.789   671   671 D QuickSettingsModel: isStandby = true
05-23 11:28:44.789   671   671 D Settings: newValuesVersion = 6
05-23 11:28:44.789   671   671 D Settings: mValues.get(name) = null
05-23 11:28:44.789   671   671 D QuickSettingsModel: onVoWifiChanged multiModeSlot = 0 isVoWifiAvailable = false isStandby = true
05-23 11:28:44.789   671   671 D StatusBar.NetworkController: action: android.net.wifi.WIFI_STATE_CHANGED
05-23 11:28:44.789   671   671 D Settings: newValuesVersion = 6
05-23 11:28:44.789   671   671 D Settings: mValues.get(name) = null
05-23 11:28:44.789   671   671 D TelephonyManager: getRadioFeatures: phoneId=0
05-23 11:28:44.789   671   671 D TelephonyManager: getRadioCapbility: ssdaMode=tdd-csfb
05-23 11:28:44.789   671   671 D TelephonyManager: getRadioFeatures: rCapbility=TDD_CSFB, testMode=8
05-23 11:28:44.789   671   671 D StatusBar.NetworkController: phoneId: 0  refreshViews:   mAirplaneMode=false emergencyOnly=false no_wifi no_wifi mWifiIconId=0x0 mQSWifiIconId=0x0 wifiLabel= mHasMobileDataFeature=true mShowPhoneRSSIForData=false mPhoneSignalIconId=0x7f020107 mDataSignalIconId=0x7f020105/com.android.systemui:drawable/stat_sys_signal_4_sprd Phone_Signal_Level=4 GPRS &NetworkRoaming=false mMobileActivityIconId=0x7f0200c0(mDataActivity=0) mDataTypeIconId=0x7f0200c8/com.android.systemui:drawable/stat_sys_data_fully_connected_4g_ex   combinedSignalIconId=0x7f020105/com.android.systemui:drawable/stat_sys_signal_4_ex mobileLabel=中国移动4G combinedLabel=中国移动4G mLastDataDirectionOverlayIconId=0x7f0200c0
05-23 11:28:44.789   671   671 D Settings: newValuesVersion = 2
05-23 11:28:44.789   671   671 D Settings: mValues.get(name) = 0
05-23 11:28:44.789   671   671 D Settings: newValuesVersion = 6
05-23 11:28:44.789   671   671 D Settings: mValues.get(name) = null
05-23 11:28:44.789   671   671 D QuickSettingsModel: isStandby = true
05-23 11:28:44.789   671   671 D Settings: newValuesVersion = 6
05-23 11:28:44.789   671   671 D Settings: mValues.get(name) = null
05-23 11:28:44.789   671   671 D QuickSettingsModel: onVoWifiChanged multiModeSlot = 0 isVoWifiAvailable = false isStandby = true
05-23 11:28:44.789   592  1006 D LIBGPS  : watchdog_open PowerState:GE2 CP SLEEP,readcount:0
05-23 11:28:44.799   592   651 D Settings: newValuesVersion = 5
05-23 11:28:44.799   592   651 D Settings: name = netstats_sample_enabled, value = null
05-23 11:28:44.799   592   651 D Settings: newValuesVersion = 6
05-23 11:28:44.799   592   651 D Settings: mValues.get(name) = null
05-23 11:28:44.809   592   608 D Settings: newValuesVersion = 6
05-23 11:28:44.809   592   608 D Settings: mValues.get(name) = null
05-23 11:28:44.809   592   651 D Settings: newValuesVersion = 6
05-23 11:28:44.809   592   651 D Settings: mValues.get(name) = null
05-23 11:28:44.809   592   651 D Settings: newValuesVersion = 6
05-23 11:28:44.809   592   651 D Settings: mValues.get(name) = null
05-23 11:28:44.809   592   651 D Settings: newValuesVersion = 6
05-23 11:28:44.809   592   651 D Settings: mValues.get(name) = null
05-23 11:28:44.809   592   651 D Settings: newValuesVersion = 6
05-23 11:28:44.809   592   651 D Settings: mValues.get(name) = null
05-23 11:28:44.809   592   651 D Settings: newValuesVersion = 6
05-23 11:28:44.819   592   651 D Settings: mValues.get(name) = null
05-23 11:28:44.819   592   651 D Settings: newValuesVersion = 6
05-23 11:28:44.819   592   651 D Settings: mValues.get(name) = null
05-23 11:28:44.819   592   651 D Settings: newValuesVersion = 6
05-23 11:28:44.819   592   651 D Settings: mValues.get(name) = null
05-23 11:28:44.819   592   651 D Settings: newValuesVersion = 6
05-23 11:28:44.819   592   651 D Settings: mValues.get(name) = null
05-23 11:28:44.819   592   651 D Settings: newValuesVersion = 6
05-23 11:28:44.819   592   651 D Settings: mValues.get(name) = null
05-23 11:28:44.819   592   651 D Settings: newValuesVersion = 6
05-23 11:28:44.819   592   651 D Settings: mValues.get(name) = null
05-23 11:28:44.839   592   602 D Settings: newValuesVersion = 6
05-23 11:28:44.839   592   602 D Settings: mValues.get(name) = null
05-23 11:28:44.839   592   602 D Settings: newValuesVersion = 6
05-23 11:28:44.839   592   602 D Settings: mValues.get(name) = null
05-23 11:28:44.839   592   602 D Settings: newValuesVersion = 6
05-23 11:28:44.839   167   167 E SLOGCP  : int MediaStorage::check_quota(): data large: 10492328/10M
05-23 11:28:44.839   167   167 E SLOGCP  : virtual void LogPipeHandler::process(int): CP cp_5mode save log error [16(Device or resource busy)]
05-23 11:28:44.839   592   602 D Settings: mValues.get(name) = null
05-23 11:28:44.839   592   602 D Settings: newValuesVersion = 6
05-23 11:28:44.839   592   602 D Settings: mValues.get(name) = null
05-23 11:28:44.849   592   602 D Settings: newValuesVersion = 6
05-23 11:28:44.849   592   602 D Settings: mValues.get(name) = null
05-23 11:28:44.849   592   602 D Settings: newValuesVersion = 6
05-23 11:28:44.849   592   602 D Settings: mValues.get(name) = null
05-23 11:28:44.849   592   602 D Settings: newValuesVersion = 6
05-23 11:28:44.849   592   602 D Settings: mValues.get(name) = null
05-23 11:28:44.849   592   602 D Settings: newValuesVersion = 6
05-23 11:28:44.849   592   602 D Settings: mValues.get(name) = null
05-23 11:28:44.849   592   602 D Settings: newValuesVersion = 6
05-23 11:28:44.849   592   602 D Settings: mValues.get(name) = null
05-23 11:28:44.849   592   602 D Settings: newValuesVersion = 6
05-23 11:28:44.849   592   602 D Settings: mValues.get(name) = null
05-23 11:28:44.849   592   602 D Settings: newValuesVersion = 6
05-23 11:28:44.849   592   602 D Settings: mValues.get(name) = null
05-23 11:28:44.849   592   651 D Settings: newValuesVersion = 6
05-23 11:28:44.849   592   651 D Settings: mValues.get(name) = null
05-23 11:28:44.869   592   608 D Settings: newValuesVersion = 6
05-23 11:28:44.869   592   651 D Settings: newValuesVersion = 5
05-23 11:28:44.869   592   651 D Settings: mValues.get(name) = null
05-23 11:28:44.879   592   651 D Settings: newValuesVersion = 6
05-23 11:28:44.879   592   651 D Settings: mValues.get(name) = null
05-23 11:28:44.879   592   608 D Settings: mValues.get(name) = null
05-23 11:28:44.879   592   651 D Settings: newValuesVersion = 6
05-23 11:28:44.879   592   651 D Settings: mValues.get(name) = null
05-23 11:28:44.889   700   819 D TelephonyProvider: query match_convert=5 match=5  table_name=carriers0
05-23 11:28:44.889   592   651 D Settings: newValuesVersion = 6
05-23 11:28:44.889   592   651 D Settings: mValues.get(name) = null
05-23 11:28:44.889   592   651 D Settings: newValuesVersion = 6
05-23 11:28:44.889   592   651 D Settings: mValues.get(name) = null
05-23 11:28:44.889   167   167 E SLOGCP  : int MediaStorage::check_quota(): data large: 10492328/10M
05-23 11:28:44.889   167   167 E SLOGCP  : virtual void LogPipeHandler::process(int): CP cp_5mode save log error [16(Device or resource busy)]
05-23 11:28:44.899   592   651 D Settings: newValuesVersion = 6
05-23 11:28:44.899   592   651 D Settings: mValues.get(name) = null
05-23 11:28:44.899   700   819 E DatabaseUtils: Writing exception to parcel
05-23 11:28:44.899   700   819 E DatabaseUtils: java.lang.SecurityException: No permission to write APN settings: Neither user 10047 nor current process has android.permission.WRITE_APN_SETTINGS.
05-23 11:28:44.899   700   819 E DatabaseUtils: 	at android.app.ContextImpl.enforce(ContextImpl.java:1735)
05-23 11:28:44.899   700   819 E DatabaseUtils: 	at android.app.ContextImpl.enforceCallingOrSelfPermission(ContextImpl.java:1764)
05-23 11:28:44.899   700   819 E DatabaseUtils: 	at com.android.providers.telephony.TelephonyProvider.checkPermission(TelephonyProvider.java:1028)
05-23 11:28:44.899   700   819 E DatabaseUtils: 	at com.android.providers.telephony.TelephonyProvider.query(TelephonyProvider.java:637)
05-23 11:28:44.899   700   819 E DatabaseUtils: 	at android.content.ContentProvider.query(ContentProvider.java:864)
05-23 11:28:44.899   700   819 E DatabaseUtils: 	at android.content.ContentProvider$Transport.query(ContentProvider.java:200)
05-23 11:28:44.899   700   819 E DatabaseUtils: 	at android.content.ContentProviderNative.onTransact(ContentProviderNative.java:139)
05-23 11:28:44.899   700   819 E DatabaseUtils: 	at android.os.Binder.execTransact(Binder.java:427)
05-23 11:28:44.899   700   819 E DatabaseUtils: 	at dalvik.system.NativeStart.run(Native Method)
05-23 11:28:44.899   592   866 D Settings: newValuesVersion = 6
05-23 11:28:44.899   592   866 D Settings: mValues.get(name) = null
05-23 11:28:44.899   592   651 D Settings: newValuesVersion = 6
05-23 11:28:44.899   592   651 D Settings: mValues.get(name) = null
05-23 11:28:44.899   592   651 D Settings: newValuesVersion = 6
05-23 11:28:44.899   592   651 D Settings: mValues.get(name) = null
05-23 11:28:44.899   592   651 D Settings: newValuesVersion = 6
05-23 11:28:44.899   592   651 D Settings: mValues.get(name) = null
05-23 11:28:44.899   592   651 D Settings: newValuesVersion = 6
05-23 11:28:44.899   592   651 D Settings: mValues.get(name) = null
05-23 11:28:44.899   592   651 D Settings: newValuesVersion = 6
05-23 11:28:44.899   592   651 D Settings: mValues.get(name) = null
05-23 11:28:44.909   592   651 D Settings: newValuesVersion = 6
05-23 11:28:44.909   592   651 D Settings: mValues.get(name) = null
05-23 11:28:44.929   592   608 D Settings: newValuesVersion = 6
05-23 11:28:44.929   592   608 D Settings: mValues.get(name) = null
05-23 11:28:44.929   592   608 D GpsLocationProvider: updateNetworkState available info: NetworkInfo: type: WIFI[], state: DISCONNECTED/DISCONNECTED, reason: (unspecified), extra: <unknown ssid>, roaming: false, failover: false, isAvailable: false, phoneId: 0
05-23 11:28:44.929   592   608 D Settings: newValuesVersion = 5
05-23 11:28:44.929   592   608 D SettingsProvider: value = 1
05-23 11:28:44.929   592   821 D Settings: newValuesVersion = 6
05-23 11:28:44.929   592   821 D Settings: mValues.get(name) = null
05-23 11:28:44.929   592   821 D Settings: newValuesVersion = 6
05-23 11:28:44.929   592   608 D Settings: name = mobile_data, value = 1
05-23 11:28:44.929   592   821 D Settings: mValues.get(name) = null
05-23 11:28:44.929   592   821 D Settings: newValuesVersion = 6
05-23 11:28:44.939   700   819 D TelephonyProvider: query match_convert=5 match=5  table_name=carriers0
05-23 11:28:44.939   592   821 D Settings: mValues.get(name) = null
05-23 11:28:44.939   592   821 D Settings: newValuesVersion = 6
05-23 11:28:44.939   592   821 D Settings: mValues.get(name) = null
05-23 11:28:44.939   592   821 D Settings: newValuesVersion = 6
05-23 11:28:44.939   592   821 D Settings: mValues.get(name) = null
05-23 11:28:44.939   592   821 D Settings: newValuesVersion = 6
05-23 11:28:44.939   592   821 D Settings: mValues.get(name) = null
05-23 11:28:44.939   592   821 D Settings: newValuesVersion = 6
05-23 11:28:44.939   592   821 D Settings: mValues.get(name) = null
05-23 11:28:44.939   592   821 D Settings: newValuesVersion = 6
05-23 11:28:44.939   592   821 D Settings: mValues.get(name) = null
05-23 11:28:44.939   592   821 D Settings: newValuesVersion = 6
05-23 11:28:44.939   592   821 D Settings: mValues.get(name) = null
05-23 11:28:44.939   592   821 D Settings: newValuesVersion = 6
05-23 11:28:44.939   592   821 D Settings: mValues.get(name) = null
05-23 11:28:44.939   592   821 D Settings: newValuesVersion = 6
05-23 11:28:44.939   592   821 D Settings: mValues.get(name) = null
05-23 11:28:44.939   592   651 D Settings: newValuesVersion = 6
05-23 11:28:44.939   592   651 D Settings: mValues.get(name) = null
05-23 11:28:44.959   592   608 D LIBGPS  : agps update network state,connected=0,type=1,roaming=0, exter:<unknown ssid>
05-23 11:28:44.959   592   608 D LCS_UP  : enter RXN_psStatus
05-23 11:28:44.969   592   602 D Settings: newValuesVersion = 6
05-23 11:28:44.969   592   602 D Settings: mValues.get(name) = null
05-23 11:28:44.969   592   602 D Settings: newValuesVersion = 6
05-23 11:28:44.969   592   602 D Settings: mValues.get(name) = null
05-23 11:28:44.969   592   602 D Settings: newValuesVersion = 6
05-23 11:28:44.969   592   602 D Settings: mValues.get(name) = null
05-23 11:28:44.969   592   602 D Settings: newValuesVersion = 6
05-23 11:28:44.969   592   602 D Settings: mValues.get(name) = null
05-23 11:28:44.969   592   602 D Settings: newValuesVersion = 6
05-23 11:28:44.969   592   602 D Settings: mValues.get(name) = null
05-23 11:28:44.969   592   602 D Settings: newValuesVersion = 6
05-23 11:28:44.969   592   602 D Settings: mValues.get(name) = null
05-23 11:28:44.969   592   602 D Settings: newValuesVersion = 6
05-23 11:28:44.969   592   602 D Settings: mValues.get(name) = null
05-23 11:28:44.969   592   602 D Settings: newValuesVersion = 6
05-23 11:28:44.969   592   602 D Settings: mValues.get(name) = null
05-23 11:28:44.969   592   602 D Settings: newValuesVersion = 6
05-23 11:28:44.969   592   602 D Settings: mValues.get(name) = null
05-23 11:28:44.969   592   602 D Settings: newValuesVersion = 6
05-23 11:28:44.969   592   602 D Settings: mValues.get(name) = null
