05-23 11:28:44.969   592   602 D Settings: newValuesVersion = 6
05-23 11:28:44.969   592   602 D Settings: mValues.get(name) = null
05-23 11:28:44.969   592   608 D LCS_UP  : enter supl_RXN_psStatus, psIsConnected=0
05-23 11:28:44.969   592   608 D LIBGPS  : assist_ril_update_network_availability: avaiable=0,apn=cmnet
05-23 11:28:44.969   592  1047 D LCS_UP  : supl_task, event=1
05-23 11:28:44.969   592  1047 D LCS_UP  : enter supl_psStatus
05-23 11:28:44.969   592  1047 D LCS_UP  : enter supl_psDisconnected
05-23 11:28:44.969   592   608 D GpsLocationProvider: updateNetworkState available info: NetworkInfo: type: mobile[LTE], state: CONNECTED/CONNECTED, reason: connected, extra: cmnet, roaming: false, failover: false, isAvailable: true, phoneId: 0
05-23 11:28:44.979   592   608 D Settings: newValuesVersion = 5
05-23 11:28:44.979   592   608 D Settings: mValues.get(name) = 1
05-23 11:28:44.979   700   934 D TelephonyProvider: query match_convert=5 match=5  table_name=carriers0
05-23 11:28:44.979   592  1047 D LCS_UP  : enter supl_freeAllConn
05-23 11:28:44.979   592  1047 D LCS_UP  : supl_task, free msg addr: 0x4d4f64e4
05-23 11:28:44.999   592   608 D LIBGPS  : agps update network state,connected=1,type=0,roaming=0, exter:cmnet
05-23 11:28:44.999   592   608 D LCS_UP  : enter RXN_psStatus
05-23 11:28:44.999   592   608 D LCS_UP  : enter supl_RXN_psStatus, psIsConnected=1
05-23 11:28:44.999   592   608 D LIBGPS  : assist_ril_update_network_availability: avaiable=1,apn=cmnet
05-23 11:28:44.999   592  1047 D LCS_UP  : supl_task, event=1
05-23 11:28:44.999   592  1047 D LCS_UP  : enter supl_psStatus
05-23 11:28:44.999   592  1047 D LCS_UP  : enter supl_psConnected
05-23 11:28:45.009   592  1047 D LCS_UP  : enter supl_isTriggeredSession, sessionType = 0
05-23 11:28:45.009   592  1047 D LCS_UP  : enter supl_isTriggeredSession, sessionType = 0
05-23 11:28:45.009   592  1047 D LCS_UP  : enter supl_isTriggeredSession, sessionType = 0
05-23 11:28:45.009   167   167 E SLOGCP  : int MediaStorage::check_quota(): data large: 10492328/10M
05-23 11:28:45.009   167   167 E SLOGCP  : virtual void LogPipeHandler::process(int): CP cp_5mode save log error [16(Device or resource busy)]
05-23 11:28:45.009   592  1047 D LCS_UP  : supl_task, free msg addr: 0x4d4f6530
05-23 11:28:45.049   181   308 D ENGPC   : parse_event: event { 'remove', '/devices/platform/sc2331.0/net/wlan0/queues/rx-0', 'queues', '' }
05-23 11:28:45.049   150   579 W Netd    : No subsystem found in netlink event
05-23 11:28:45.049   269   276 D ENGPC   : parse_event: event { 'remove', '/devices/platform/sc2331.0/net/wlan0/queues/rx-0', 'queues', '' }
05-23 11:28:45.049   181   308 D ENGPC   : parse_event: event { 'remove', '/devices/platform/sc2331.0/net/wlan0/queues/tx-0', 'queues', '' }
05-23 11:28:45.049   269   276 D ENGPC   : parse_event: event { 'remove', '/devices/platform/sc2331.0/net/wlan0/queues/tx-0', 'queues', '' }
05-23 11:28:45.049   592   611 D Tethering: interfaceRemoved wlan0
05-23 11:28:45.049   181   308 D ENGPC   : parse_event: event { 'remove', '/devices/platform/sc2331.0/net/wlan0', 'net', '' }
05-23 11:28:45.049   269   276 D ENGPC   : parse_event: event { 'remove', '/devices/platform/sc2331.0/net/wlan0', 'net', '' }
05-23 11:28:45.049   592   611 E Tethering: attempting to remove unknown iface (wlan0), ignoring
05-23 11:28:45.160   785   785 D dalvikvm: GC_FOR_ALLOC freed 2256K, 33% free 5133K/7568K, paused 140ms, total 140ms
05-23 11:28:45.170   592   603 D Settings: newValuesVersion = 6
05-23 11:28:45.170   592   603 D Settings: mValues.get(name) = null
05-23 11:28:45.170   592   603 D Settings: newValuesVersion = 6
05-23 11:28:45.170   592   603 D Settings: mValues.get(name) = null
05-23 11:28:45.170   592   603 D Settings: newValuesVersion = 6
05-23 11:28:45.170   592   603 D Settings: mValues.get(name) = null
05-23 11:28:45.170   592   603 D Settings: newValuesVersion = 6
05-23 11:28:45.170   592   603 D Settings: mValues.get(name) = null
05-23 11:28:45.170   592   603 D Settings: newValuesVersion = 6
05-23 11:28:45.170   592   603 D Settings: mValues.get(name) = null
05-23 11:28:45.170   592   603 D Settings: newValuesVersion = 6
05-23 11:28:45.170   592   603 D Settings: mValues.get(name) = null
05-23 11:28:45.170   592   603 D Settings: newValuesVersion = 6
05-23 11:28:45.170   592   603 D Settings: mValues.get(name) = null
05-23 11:28:45.170   592   603 D Settings: newValuesVersion = 6
05-23 11:28:45.170   592   603 D Settings: mValues.get(name) = null
05-23 11:28:45.170   592   603 D Settings: newValuesVersion = 6
05-23 11:28:45.170   592   603 D Settings: mValues.get(name) = null
05-23 11:28:45.170   592   603 D Settings: newValuesVersion = 6
05-23 11:28:45.170   592   603 D Settings: mValues.get(name) = null
05-23 11:28:45.170   592   603 D Settings: newValuesVersion = 6
05-23 11:28:45.170   592   603 D Settings: mValues.get(name) = null
05-23 11:28:45.190   150   579 W Netd    : No subsystem found in netlink event
05-23 11:28:45.190   181   308 D ENGPC   : parse_event: event { 'remove', '/devices/platform/sc2331.0/net/p2p0/queues/rx-0', 'queues', '' }
05-23 11:28:45.190   269   276 D ENGPC   : parse_event: event { 'remove', '/devices/platform/sc2331.0/net/p2p0/queues/rx-0', 'queues', '' }
05-23 11:28:45.190   181   308 D ENGPC   : parse_event: event { 'remove', '/devices/platform/sc2331.0/net/p2p0/queues/tx-0', 'queues', '' }
05-23 11:28:45.190   269   276 D ENGPC   : parse_event: event { 'remove', '/devices/platform/sc2331.0/net/p2p0/queues/tx-0', 'queues', '' }
05-23 11:28:45.190   181   308 D ENGPC   : parse_event: event { 'remove', '/devices/platform/sc2331.0/net/p2p0', 'net', '' }
05-23 11:28:45.190   269   276 D ENGPC   : parse_event: event { 'remove', '/devices/platform/sc2331.0/net/p2p0', 'net', '' }
05-23 11:28:45.190   592   611 D Tethering: interfaceRemoved p2p0
05-23 11:28:45.190   592   611 E Tethering: attempting to remove unknown iface (p2p0), ignoring
05-23 11:28:45.200   592   866 D Settings: newValuesVersion = 6
05-23 11:28:45.200   592   866 D Settings: mValues.get(name) = null
05-23 11:28:45.200   592   821 D Settings: newValuesVersion = 6
05-23 11:28:45.200   592   821 D Settings: mValues.get(name) = null
05-23 11:28:45.200   592   821 D Settings: newValuesVersion = 6
05-23 11:28:45.200   592   821 D Settings: mValues.get(name) = null
05-23 11:28:45.200   592   821 D Settings: newValuesVersion = 6
05-23 11:28:45.200   592   821 D Settings: mValues.get(name) = null
05-23 11:28:45.210   592   821 D Settings: newValuesVersion = 6
05-23 11:28:45.210   592   821 D Settings: mValues.get(name) = null
05-23 11:28:45.210   592   821 D Settings: newValuesVersion = 6
05-23 11:28:45.210   592   821 D Settings: mValues.get(name) = null
05-23 11:28:45.210   592   821 D Settings: newValuesVersion = 6
05-23 11:28:45.210   592   821 D Settings: mValues.get(name) = null
05-23 11:28:45.210   592   821 D Settings: newValuesVersion = 6
05-23 11:28:45.210   592   821 D Settings: mValues.get(name) = null
05-23 11:28:45.210   592   821 D Settings: newValuesVersion = 6
05-23 11:28:45.210   592   821 D Settings: mValues.get(name) = null
05-23 11:28:45.210   592   821 D Settings: newValuesVersion = 6
05-23 11:28:45.210   592   821 D Settings: mValues.get(name) = null
05-23 11:28:45.210   592   821 D Settings: newValuesVersion = 6
05-23 11:28:45.210   592   821 D Settings: mValues.get(name) = null
05-23 11:28:45.210   592   821 D Settings: newValuesVersion = 6
05-23 11:28:45.210   592   821 D Settings: mValues.get(name) = null
05-23 11:28:45.220   700   710 D TelephonyProvider: query match_convert=5 match=5  table_name=carriers0
05-23 11:28:45.220   700   710 E DatabaseUtils: Writing exception to parcel
05-23 11:28:45.220   700   710 E DatabaseUtils: java.lang.SecurityException: No permission to write APN settings: Neither user 10047 nor current process has android.permission.WRITE_APN_SETTINGS.
05-23 11:28:45.220   700   710 E DatabaseUtils: 	at android.app.ContextImpl.enforce(ContextImpl.java:1735)
05-23 11:28:45.220   700   710 E DatabaseUtils: 	at android.app.ContextImpl.enforceCallingOrSelfPermission(ContextImpl.java:1764)
05-23 11:28:45.220   700   710 E DatabaseUtils: 	at com.android.providers.telephony.TelephonyProvider.checkPermission(TelephonyProvider.java:1028)
05-23 11:28:45.220   700   710 E DatabaseUtils: 	at com.android.providers.telephony.TelephonyProvider.query(TelephonyProvider.java:637)
05-23 11:28:45.220   700   710 E DatabaseUtils: 	at android.content.ContentProvider.query(ContentProvider.java:864)
05-23 11:28:45.220   700   710 E DatabaseUtils: 	at android.content.ContentProvider$Transport.query(ContentProvider.java:200)
05-23 11:28:45.220   700   710 E DatabaseUtils: 	at android.content.ContentProviderNative.onTransact(ContentProviderNative.java:139)
05-23 11:28:45.220   700   710 E DatabaseUtils: 	at android.os.Binder.execTransact(Binder.java:427)
05-23 11:28:45.220   700   710 E DatabaseUtils: 	at dalvik.system.NativeStart.run(Native Method)
05-23 11:28:45.220   592   602 D Settings: newValuesVersion = 6
05-23 11:28:45.220   592   602 D Settings: mValues.get(name) = null
05-23 11:28:45.230   592   686 D Settings: newValuesVersion = 6
05-23 11:28:45.230   592   686 D Settings: mValues.get(name) = null
05-23 11:28:45.230   592   686 D Settings: newValuesVersion = 6
05-23 11:28:45.230   592   686 D Settings: mValues.get(name) = null
05-23 11:28:45.230   592   686 D Settings: newValuesVersion = 6
05-23 11:28:45.230   592   686 D Settings: mValues.get(name) = null
05-23 11:28:45.230   592   686 D Settings: newValuesVersion = 6
05-23 11:28:45.230   592   686 D Settings: mValues.get(name) = null
05-23 11:28:45.230   592   686 D Settings: newValuesVersion = 6
05-23 11:28:45.230   592   686 D Settings: mValues.get(name) = null
05-23 11:28:45.230   592   686 D Settings: newValuesVersion = 6
05-23 11:28:45.230   592   686 D Settings: mValues.get(name) = null
05-23 11:28:45.230   592   686 D Settings: newValuesVersion = 6
05-23 11:28:45.230   592   686 D Settings: mValues.get(name) = null
05-23 11:28:45.230   592   686 D Settings: newValuesVersion = 6
05-23 11:28:45.230   592   686 D Settings: mValues.get(name) = null
05-23 11:28:45.230   592   686 D Settings: newValuesVersion = 6
05-23 11:28:45.230   592   686 D Settings: mValues.get(name) = null
05-23 11:28:45.230   592   686 D Settings: newValuesVersion = 6
05-23 11:28:45.230   592   686 D Settings: mValues.get(name) = null
05-23 11:28:45.230   592   686 D Settings: newValuesVersion = 6
05-23 11:28:45.230   592   686 D Settings: mValues.get(name) = null
05-23 11:28:45.240   181   308 D ENGPC   : parse_event: event { 'remove', '/devices/platform/sc2331.0/ieee80211/phy0/rfkill0', 'rfkill', '' }
05-23 11:28:45.240   269   276 D ENGPC   : parse_event: event { 'remove', '/devices/platform/sc2331.0/ieee80211/phy0/rfkill0', 'rfkill', '' }
05-23 11:28:45.250   592   995 D Settings: newValuesVersion = 6
05-23 11:28:45.250   592   995 D Settings: mValues.get(name) = null
05-23 11:28:45.250   592   995 D Settings: newValuesVersion = 6
05-23 11:28:45.250   592   995 D Settings: mValues.get(name) = null
05-23 11:28:45.250   592   995 D Settings: newValuesVersion = 6
05-23 11:28:45.250   592   995 D Settings: mValues.get(name) = null
05-23 11:28:45.250   592   995 D Settings: newValuesVersion = 6
05-23 11:28:45.250   592   995 D Settings: mValues.get(name) = null
05-23 11:28:45.250   592   995 D Settings: newValuesVersion = 6
05-23 11:28:45.250   592   995 D Settings: mValues.get(name) = null
05-23 11:28:45.250   592   995 D Settings: newValuesVersion = 6
05-23 11:28:45.250   592   995 D Settings: mValues.get(name) = null
05-23 11:28:45.250   592   995 D Settings: newValuesVersion = 6
05-23 11:28:45.250   592   995 D Settings: mValues.get(name) = null
05-23 11:28:45.250   592   995 D Settings: newValuesVersion = 6
05-23 11:28:45.260   592   995 D Settings: mValues.get(name) = null
05-23 11:28:45.260   592   995 D Settings: newValuesVersion = 6
05-23 11:28:45.260   592   995 D Settings: mValues.get(name) = null
05-23 11:28:45.260   592   995 D Settings: newValuesVersion = 6
05-23 11:28:45.260   592   995 D Settings: mValues.get(name) = null
05-23 11:28:45.260   592   995 D Settings: newValuesVersion = 6
05-23 11:28:45.260   592   995 D Settings: mValues.get(name) = null
05-23 11:28:45.290   181   308 D ENGPC   : parse_event: event { 'remove', '/devices/platform/sc2331.0/ieee80211/phy0', 'ieee80211', '' }
05-23 11:28:45.290   269   276 D ENGPC   : parse_event: event { 'remove', '/devices/platform/sc2331.0/ieee80211/phy0', 'ieee80211', '' }
05-23 11:28:45.300   181   308 D ENGPC   : parse_event: event { 'remove', '/bus/platform/drivers/sc2331', 'drivers', '' }
05-23 11:28:45.300   269   276 D ENGPC   : parse_event: event { 'remove', '/bus/platform/drivers/sc2331', 'drivers', '' }
05-23 11:28:45.300   181   308 D ENGPC   : parse_event: event { 'remove', '/devices/platform/sc2331.0', 'platform', '' }
05-23 11:28:45.310   269   276 D ENGPC   : parse_event: event { 'remove', '/devices/platform/sc2331.0', 'platform', '' }
05-23 11:28:45.310   181   308 D ENGPC   : parse_event: event { 'remove', '/module/sprdwl', 'module', '' }
05-23 11:28:45.310   269   276 D ENGPC   : parse_event: event { 'remove', '/module/sprdwl', 'module', '' }
05-23 11:28:45.320   785   785 D dalvikvm: GC_FOR_ALLOC freed 997K, 33% free 5132K/7568K, paused 40ms, total 40ms
05-23 11:28:45.320   592   603 D Settings: newValuesVersion = 6
05-23 11:28:45.320   592   603 D Settings: mValues.get(name) = null
05-23 11:28:45.320   592   603 D Settings: newValuesVersion = 6
05-23 11:28:45.320   592   603 D Settings: mValues.get(name) = null
05-23 11:28:45.320   592   603 D Settings: newValuesVersion = 6
05-23 11:28:45.320   592   603 D Settings: mValues.get(name) = null
05-23 11:28:45.320   592   603 D Settings: newValuesVersion = 6
05-23 11:28:45.320   592   603 D Settings: mValues.get(name) = null
05-23 11:28:45.320   592   603 D Settings: newValuesVersion = 6
05-23 11:28:45.320   592   603 D Settings: mValues.get(name) = null
05-23 11:28:45.320   592   603 D Settings: newValuesVersion = 6
05-23 11:28:45.320   592   603 D Settings: mValues.get(name) = null
05-23 11:28:45.320   592   603 D Settings: newValuesVersion = 6
05-23 11:28:45.320   592   603 D Settings: mValues.get(name) = null
05-23 11:28:45.320   592   603 D Settings: newValuesVersion = 6
05-23 11:28:45.320   592   603 D Settings: mValues.get(name) = null
05-23 11:28:45.320   592   603 D Settings: newValuesVersion = 6
05-23 11:28:45.320   592   603 D Settings: mValues.get(name) = null
05-23 11:28:45.320   592   603 D Settings: newValuesVersion = 6
05-23 11:28:45.320   592   603 D Settings: mValues.get(name) = null
05-23 11:28:45.320   592   603 D Settings: newValuesVersion = 6
05-23 11:28:45.320   592   603 D Settings: mValues.get(name) = null
05-23 11:28:45.330   167   167 E SLOGCP  : int MediaStorage::check_quota(): data large: 10492328/10M
05-23 11:28:45.330   167   167 E SLOGCP  : virtual void LogPipeHandler::process(int): CP cp_5mode save log error [16(Device or resource busy)]
05-23 11:28:45.440   700   700 D Settings: newValuesVersion = 5
05-23 11:28:45.440   700   700 D Settings: mValues.get(name) = null
05-23 11:28:45.540   180   214 D phoneserver: rsrp[0]=82,rscp[0]=255,rxlev[0]=99 ind_str= 
05-23 11:28:45.540   180   214 D phoneserver: +CESQ: 99,99,255,255,30,82
05-23 11:28:45.540   671   671 D StatusBar.NetworkController: onSignalStrengthsChanged on phoneId0signalStrength=SignalStrength: 99 -1 -120 -160 -120 -1 -1 99 -82 2147483647 2147483647 2147483647 gsm|lte level=4LTELevel=4
05-23 11:28:45.550   671   671 D StatusBar.NetworkController: phoneid=0 isexist=true  5
05-23 11:28:45.550   671   671 D StatusBar.NetworkController: isSupportLTE = false  isCardAbsent = false
05-23 11:28:45.550   671   671 D Settings: newValuesVersion = 6
05-23 11:28:45.550   671   671 D Settings: mValues.get(name) = null
05-23 11:28:45.560   671   671 E StatusBar.NetworkController: mServiceState[phoneId].getState(): 0
05-23 11:28:45.560   671   671 E StatusBar.NetworkController: mServiceState[phoneId].getDataRegState(): 0
05-23 11:28:45.560   671   671 D TelephonyManager: getRadioFeatures: phoneId=0
05-23 11:28:45.560   671   671 D TelephonyManager: getRadioCapbility: ssdaMode=tdd-csfb
05-23 11:28:45.560   671   671 D TelephonyManager: getRadioFeatures: rCapbility=TDD_CSFB, testMode=8
05-23 11:28:45.560   671   671 D StatusBar.NetworkController: phoneId = 0 colorIndex = 0 mInetCondition=0 iconLevel=4
05-23 11:28:45.560   671   671 D TelephonyManager: getRadioFeatures: phoneId=0
05-23 11:28:45.570   671   671 D TelephonyManager: getRadioCapbility: ssdaMode=tdd-csfb
05-23 11:28:45.570   671   671 D TelephonyManager: getRadioFeatures: rCapbility=TDD_CSFB, testMode=8
05-23 11:28:45.570   671   671 D TelephonyManager: getRadioFeatures: phoneId=0
05-23 11:28:45.570   671   671 D TelephonyManager: getRadioCapbility: ssdaMode=tdd-csfb
05-23 11:28:45.570   671   671 D TelephonyManager: getRadioFeatures: rCapbility=TDD_CSFB, testMode=8
05-23 11:28:45.570   671   671 D StatusBar.NetworkController: phoneId: 0  refreshViews:   mAirplaneMode=false emergencyOnly=false no_wifi no_wifi mWifiIconId=0x0 mQSWifiIconId=0x0 wifiLabel= mHasMobileDataFeature=true mShowPhoneRSSIForData=false mPhoneSignalIconId=0x7f020107 mDataSignalIconId=0x7f020105/com.android.systemui:drawable/stat_sys_signal_4_sprd Phone_Signal_Level=4 GPRS &NetworkRoaming=false mMobileActivityIconId=0x7f0200c0(mDataActivity=0) mDataTypeIconId=0x7f0200c8/com.android.systemui:drawable/stat_sys_data_fully_connected_4g_ex   combinedSignalIconId=0x7f020105/com.android.systemui:drawable/stat_sys_signal_4_ex mobileLabel=中国移动4G combinedLabel=中国移动4G mLastDataDirectionOverlayIconId=0x7f0200c0
05-23 11:28:45.570   671   671 D Settings: newValuesVersion = 2
05-23 11:28:45.580   671   671 D Settings: mValues.get(name) = 0
05-23 11:28:45.580   671   671 D Settings: newValuesVersion = 6
05-23 11:28:45.580   671   671 D Settings: mValues.get(name) = null
05-23 11:28:45.580   671   671 D QuickSettingsModel: isStandby = true
05-23 11:28:45.580   671   671 D Settings: newValuesVersion = 6
05-23 11:28:45.580   592  1022 D LCS_Agent: [agent_task]: event=16
05-23 11:28:45.580   671   671 D Settings: mValues.get(name) = null
05-23 11:28:45.580   671   671 D QuickSettingsModel: onVoWifiChanged multiModeSlot = 0 isVoWifiAvailable = false isStandby = true
05-23 11:28:45.590   592  1022 D LCS_Agent: [agent_task]:recv timer event = 16!
05-23 11:28:45.590   592  1022 D LCS_Agent: [agent_recv_timer_evt]: Entry point
05-23 11:28:45.590   925   925 D MainDialog:  oldLevel = 4 level = 4 isSimAvail = true
05-23 11:28:45.630   167   167 E SLOGCP  : int MediaStorage::check_quota(): data large: 10492328/10M
05-23 11:28:45.630   167   167 E SLOGCP  : virtual void LogPipeHandler::process(int): CP cp_5mode save log error [16(Device or resource busy)]
05-23 11:28:45.810   592   655 D WifiHW  : stop_cp2: send wcn WIFI-CLOSE to wcnd
05-23 11:28:45.810   147   266 D WCND    : dispatch_command2: arg[0] = 'wcn'
05-23 11:28:45.810   147   266 D WCND    : dispatch_command2: arg[1] = 'WIFI-CLOSE'
05-23 11:28:45.810   147   266 D WCND    : wcnd_runcommand: arg[0] = 'WIFI-CLOSE'
05-23 11:28:45.810   147   266 D WCND    : Current State: 0, receive event: 0x8!!
05-23 11:28:45.810   147   266 D WCND    : BT/WIFI are all closed, start shutdown CP2
05-23 11:28:45.810   147   266 D WCND    : Enter WCND_STATE_CP2_STOPPING from WCND_STATE_CP2_STARTED
05-23 11:28:45.810   147   266 D WCND    : listen_fd = 7, max=16
05-23 11:28:45.810   147   266 D WCND    : dispatch_command2: arg[0] = 'wcn'
05-23 11:28:45.810   147   266 D WCND    : dispatch_command2: arg[1] = 'stopcp2'
05-23 11:28:45.810   147   266 D WCND    : wcnd_runcommand: arg[0] = 'stopcp2'
05-23 11:28:45.810   147   266 D WCND    : wcnd_stop_cp2
05-23 11:28:45.810   147   266 D WCND    : do_download_cmd: waiting for download (external_wcn)
05-23 11:28:45.810   143   155 D DOWNLOAD: external_wcn got 12 from accept
05-23 11:28:45.810   143   156 D DOWNLOAD: download_entry
05-23 11:28:45.810   143   156 D DOWNLOAD: send_notify_to_client:stopwcn-ok
05-23 11:28:45.810   143   156 D DOWNLOAD: client_fds[0].sockfd=13
05-23 11:28:45.810   143   156 D DOWNLOAD: client_fds[1].sockfd=12
05-23 11:28:45.810   143   156 E DOWNLOAD: close wcnd client_fds[1]=-1
05-23 11:28:45.810   143   156 D DOWNLOAD: client_fds[2].sockfd=-1
05-23 11:28:45.810   143   156 D DOWNLOAD: client_fds[3].sockfd=-1
05-23 11:28:45.810   143   156 D DOWNLOAD: client_fds[4].sockfd=-1
05-23 11:28:45.810   143   156 D DOWNLOAD: client_fds[5].sockfd=-1
05-23 11:28:45.810   143   156 D DOWNLOAD: client_fds[6].sockfd=-1
05-23 11:28:45.810   143   156 D DOWNLOAD: client_fds[7].sockfd=-1
05-23 11:28:45.810   143   156 D DOWNLOAD: client_fds[8].sockfd=-1
05-23 11:28:45.810   143   156 D DOWNLOAD: client_fds[9].sockfd=-1
05-23 11:28:45.810   147   266 D WCND    : do_download_cmd: get 11 bytes stopwcn-ok
05-23 11:28:45.810   147   266 D WCND    : Current State: 3, receive event: 0x40!!
05-23 11:28:45.810   147   266 D WCND    : send_notify_to_client (type:16)
05-23 11:28:45.810   147   266 D WCND    : clients[0].sockfd = 11, type = 16
05-23 11:28:45.810   147   266 D WCND    : send WCNBTWIFI-CMD OK to client_fd:11
05-23 11:28:45.810   147   266 D WCND    : clients[1].sockfd = 14, type = 0
05-23 11:28:45.810   147   266 D WCND    : clients[2].sockfd = 15, type = 0
05-23 11:28:45.810   147   266 D WCND    : clients[3].sockfd = 16, type = 0
05-23 11:28:45.810   147   266 D WCND    : clients[4].sockfd = -1, type = 0
05-23 11:28:45.810   147   266 D WCND    : clients[5].sockfd = -1, type = 0
05-23 11:28:45.810   147   266 D WCND    : clients[6].sockfd = -1, type = 0
05-23 11:28:45.810   147   266 D WCND    : clients[7].sockfd = -1, type = 0
05-23 11:28:45.810   147   266 D WCND    : clients[8].sockfd = -1, type = 0
05-23 11:28:45.810   147   266 D WCND    : clients[9].sockfd = -1, type = 0
05-23 11:28:45.810   147   266 D WCND    : Enter WCND_STATE_CP2_STOPPED from WCND_STATE_CP2_STOPPING
05-23 11:28:45.810   147   266 D WCND    : listen_fd = 7, max=16
05-23 11:28:45.820   592   655 D WifiHW  : stop_cp2: waiting for server wcnd
05-23 11:28:45.820   592   655 D WifiHW  : stop_cp2: get 17 bytes WCNBTWIFI-CMD OK
05-23 11:28:45.820   592   655 D WifiStateMachine: Tell LTE WIFI closed!
05-23 11:28:45.820   167   167 E SLOGCP  : int MediaStorage::check_quota(): data large: 10492328/10M
05-23 11:28:45.820   167   167 E SLOGCP  : virtual void LogPipeHandler::process(int): CP cp_5mode save log error [16(Device or resource busy)]
05-23 11:28:45.830   700   713 D CompositePhoneInterfaceManager: switchWIFI in CompositeSprdPhoneInterfaceManager
05-23 11:28:45.830   700   713 D TelephonyManager: getRadioFeatures: phoneId=0
05-23 11:28:45.830   700   713 D TelephonyManager: getRadioCapbility: ssdaMode=tdd-csfb
05-23 11:28:45.830   700   713 D TelephonyManager: getRadioFeatures: rCapbility=TDD_CSFB, testMode=8
05-23 11:28:45.840   592   655 D WifiStateMachine: Tell LTE WIFI closed END!
05-23 11:28:45.850   592   655 D WifiStateMachine: moveDeferredMessageAtFrontOfQueue; what=131162
05-23 11:28:45.850   592   655 D WifiStateMachine: moveDeferredMessageAtFrontOfQueue; what=131152
05-23 11:28:45.850   592   655 D WifiStateMachine: handleMessage: X
05-23 11:28:45.850   592   655 D WifiStateMachine: handleMessage: E msg.what=131152
05-23 11:28:45.850   592   655 D WifiStateMachine: processMsg: InitialState
05-23 11:28:45.850   592   655 D WifiStateMachine: processMsg: DefaultState
05-23 11:28:45.850   592   655 D WifiStateMachine: handleMessage: X
05-23 11:28:45.850   592   655 D WifiStateMachine: handleMessage: E msg.what=131162
05-23 11:28:45.850   592   655 D WifiStateMachine: processMsg: InitialState
05-23 11:28:45.850   592   655 D WifiStateMachine: processMsg: DefaultState
05-23 11:28:45.860   592   655 D WifiStateMachine: handleMessage: X
05-23 11:28:46.111   167   167 E SLOGCP  : int MediaStorage::check_quota(): data large: 10492328/10M
05-23 11:28:46.111   167   167 E SLOGCP  : virtual void LogPipeHandler::process(int): CP cp_5mode save log error [16(Device or resource busy)]
05-23 11:28:46.141   167   167 E SLOGCP  : int MediaStorage::check_quota(): data large: 10492328/10M
05-23 11:28:46.141   167   167 E SLOGCP  : virtual void LogPipeHandler::process(int): CP cp_5mode save log error [16(Device or resource busy)]
05-23 11:28:46.211   167   167 E SLOGCP  : int MediaStorage::check_quota(): data large: 10492328/10M
05-23 11:28:46.211   167   167 E SLOGCP  : virtual void LogPipeHandler::process(int): CP cp_5mode save log error [16(Device or resource busy)]
05-23 11:28:46.261   167   167 E SLOGCP  : int MediaStorage::check_quota(): data large: 10492328/10M
05-23 11:28:46.261   167   167 E SLOGCP  : virtual void LogPipeHandler::process(int): CP cp_5mode save log error [16(Device or resource busy)]
05-23 11:28:46.301   167   167 E SLOGCP  : int MediaStorage::check_quota(): data large: 10492328/10M
05-23 11:28:46.301   167   167 E SLOGCP  : virtual void LogPipeHandler::process(int): CP cp_5mode save log error [16(Device or resource busy)]
05-23 11:28:46.451   700   700 D Settings: newValuesVersion = 5
05-23 11:28:46.451   700   700 D Settings: mValues.get(name) = null
05-23 11:28:46.541   180   214 D phoneserver: rsrp[0]=82,rscp[0]=255,rxlev[0]=99 ind_str= 
05-23 11:28:46.541   180   214 D phoneserver: +CESQ: 99,99,255,255,30,82
05-23 11:28:46.541   671   671 D StatusBar.NetworkController: onSignalStrengthsChanged on phoneId0signalStrength=SignalStrength: 99 -1 -120 -160 -120 -1 -1 99 -82 2147483647 2147483647 2147483647 gsm|lte level=4LTELevel=4
05-23 11:28:46.541   671   671 D StatusBar.NetworkController: phoneid=0 isexist=true  5
05-23 11:28:46.551   671   671 D StatusBar.NetworkController: isSupportLTE = false  isCardAbsent = false
05-23 11:28:46.551   671   671 D Settings: newValuesVersion = 6
05-23 11:28:46.551   671   671 D Settings: mValues.get(name) = null
05-23 11:28:46.551   671   671 E StatusBar.NetworkController: mServiceState[phoneId].getState(): 0
05-23 11:28:46.551   671   671 E StatusBar.NetworkController: mServiceState[phoneId].getDataRegState(): 0
05-23 11:28:46.561   671   671 D TelephonyManager: getRadioFeatures: phoneId=0
05-23 11:28:46.561   671   671 D TelephonyManager: getRadioCapbility: ssdaMode=tdd-csfb
05-23 11:28:46.561   671   671 D TelephonyManager: getRadioFeatures: rCapbility=TDD_CSFB, testMode=8
05-23 11:28:46.561   671   671 D StatusBar.NetworkController: phoneId = 0 colorIndex = 0 mInetCondition=0 iconLevel=4
05-23 11:28:46.561   671   671 D TelephonyManager: getRadioFeatures: phoneId=0
05-23 11:28:46.561   671   671 D TelephonyManager: getRadioCapbility: ssdaMode=tdd-csfb
05-23 11:28:46.561   671   671 D TelephonyManager: getRadioFeatures: rCapbility=TDD_CSFB, testMode=8
05-23 11:28:46.571   671   671 D TelephonyManager: getRadioFeatures: phoneId=0
05-23 11:28:46.571   671   671 D TelephonyManager: getRadioCapbility: ssdaMode=tdd-csfb
05-23 11:28:46.571   671   671 D TelephonyManager: getRadioFeatures: rCapbility=TDD_CSFB, testMode=8
05-23 11:28:46.571   671   671 D StatusBar.NetworkController: phoneId: 0  refreshViews:   mAirplaneMode=false emergencyOnly=false no_wifi no_wifi mWifiIconId=0x0 mQSWifiIconId=0x0 wifiLabel= mHasMobileDataFeature=true mShowPhoneRSSIForData=false mPhoneSignalIconId=0x7f020107 mDataSignalIconId=0x7f020105/com.android.systemui:drawable/stat_sys_signal_4_sprd Phone_Signal_Level=4 GPRS &NetworkRoaming=false mMobileActivityIconId=0x7f0200c0(mDataActivity=0) mDataTypeIconId=0x7f0200c8/com.android.systemui:drawable/stat_sys_data_fully_connected_4g_ex   combinedSignalIconId=0x7f020105/com.android.systemui:drawable/stat_sys_signal_4_ex mobileLabel=中国移动4G combinedLabel=中国移动4G mLastDataDirectionOverlayIconId=0x7f0200c0
05-23 11:28:46.571   671   671 D Settings: newValuesVersion = 2
05-23 11:28:46.581   671   671 D Settings: mValues.get(name) = 0
05-23 11:28:46.581   671   671 D Settings: newValuesVersion = 6
05-23 11:28:46.581   671   671 D Settings: mValues.get(name) = null
05-23 11:28:46.581   671   671 D QuickSettingsModel: isStandby = true
05-23 11:28:46.581   671   671 D Settings: newValuesVersion = 6
05-23 11:28:46.581   671   671 D Settings: mValues.get(name) = null
05-23 11:28:46.581   671   671 D QuickSettingsModel: onVoWifiChanged multiModeSlot = 0 isVoWifiAvailable = false isStandby = true
05-23 11:28:46.591   592  1022 D LCS_Agent: [agent_task]: event=16
05-23 11:28:46.591   592  1022 D LCS_Agent: [agent_task]:recv timer event = 16!
05-23 11:28:46.591   592  1022 D LCS_Agent: [agent_recv_timer_evt]: Entry point
05-23 11:28:46.591   925   925 D MainDialog:  oldLevel = 4 level = 4 isSimAvail = true
05-23 11:28:46.611   167   167 E SLOGCP  : int MediaStorage::check_quota(): data large: 10492328/10M
05-23 11:28:46.611   167   167 E SLOGCP  : virtual void LogPipeHandler::process(int): CP cp_5mode save log error [16(Device or resource busy)]
05-23 11:28:46.741   925   925 D RegisterService: --------handleMessage------start initcmccWatchSDK
05-23 11:28:46.741   925   925 D RegisterService: start initcmccWatchSDK
05-23 11:28:46.741   925   925 W PushClient_PushManager: startPushService
05-23 11:28:46.751   925   925 W PushClient_PushManager: startWork && sendBroadCast done
05-23 11:28:46.751   925   925 W PushClient_PushSDK: setHeartbeatInterval 55000
05-23 11:28:46.751   925   925 W PushClient_PushSDK: cancelAlarm
05-23 11:28:46.761   925   925 W PushClient_PushSettings: {com.iflytek.pushclient.1st_bind_after_install=success, appId=59a92a75, heart_rate=55000}
05-23 11:28:46.761   925   925 W PushClient_PushSDK: getInterval 55000
05-23 11:28:46.781   925   925 W PushClient_PushSDK: setHeartbeatAlarm | next alarm time = 2018-05-23 11:29:41.771
05-23 11:28:46.781   167   167 E SLOGCP  : int MediaStorage::check_quota(): data large: 10492328/10M
05-23 11:28:46.781   167   167 E SLOGCP  : virtual void LogPipeHandler::process(int): CP cp_5mode save log error [16(Device or resource busy)]
05-23 11:28:46.781   925   925 D RegisterService: start RegisterState
05-23 11:28:46.791   592   821 D SettingsProvider: oldValue = 0, value = 1
05-23 11:28:46.791   592  1006 D LIBGPS  : watchdog_open PowerState:GE2 CP SLEEP,readcount:0
05-23 11:28:46.811   592  1371 D Settings: newValuesVersion = 6
05-23 11:28:46.811   592   657 D WifiStateMachine: setting operational mode to 1
05-23 11:28:46.811   592   655 D WifiStateMachine: handleMessage: E msg.what=131083
05-23 11:28:46.811   592   655 D WifiStateMachine: processMsg: InitialState
05-23 11:28:46.811   592   655 D WifiStateMachine: Tell LTE WIFI opened!
05-23 11:28:46.811   592  1371 D Settings: name = dropbox_age_seconds, value = null
05-23 11:28:46.811   592  1371 D Settings: newValuesVersion = 6
05-23 11:28:46.811   592  1371 D Settings: name = dropbox_max_files, value = null
05-23 11:28:46.811   592  1371 D Settings: newValuesVersion = 6
05-23 11:28:46.811   592  1371 D Settings: name = dropbox_quota_percent, value = null
05-23 11:28:46.811   592  1371 D Settings: newValuesVersion = 6
05-23 11:28:46.811   592  1371 D Settings: name = dropbox_reserve_percent, value = null
05-23 11:28:46.811   700   934 D CompositePhoneInterfaceManager: switchWIFI in CompositeSprdPhoneInterfaceManager
05-23 11:28:46.811   592  1371 D Settings: newValuesVersion = 6
05-23 11:28:46.811   700   934 D TelephonyManager: getRadioFeatures: phoneId=0
05-23 11:28:46.811   592  1371 D Settings: name = dropbox_quota_kb, value = null
05-23 11:28:46.821   700   934 D TelephonyManager: getRadioCapbility: ssdaMode=tdd-csfb
05-23 11:28:46.821   700   934 D TelephonyManager: getRadioFeatures: rCapbility=TDD_CSFB, testMode=8
05-23 11:28:46.821   592   655 D WifiStateMachine: Tell LTE WIFI opened END!
05-23 11:28:46.821   592   686 D SettingsProvider: oldValue = 1, value = 0
05-23 11:28:46.821   592   655 D WifiHW  : start_cp2: send wcn WIFI-OPEN to wcnd
05-23 11:28:46.821   147   266 D WCND    : dispatch_command2: arg[0] = 'wcn'
05-23 11:28:46.821   147   266 D WCND    : dispatch_command2: arg[1] = 'WIFI-OPEN'
05-23 11:28:46.821   147   266 D WCND    : wcnd_runcommand: arg[0] = 'WIFI-OPEN'
05-23 11:28:46.821   147   266 D WCND    : Current State: 2, receive event: 0x2!!
05-23 11:28:46.821   147   266 D WCND    : Enter WCND_STATE_CP2_STARTING from WCND_STATE_CP2_STOPPED
05-23 11:28:46.821   147   266 D WCND    : listen_fd = 7, max=16
05-23 11:28:46.821   147   266 D WCND    : dispatch_command2: arg[0] = 'wcn'
05-23 11:28:46.821   147   266 D WCND    : dispatch_command2: arg[1] = 'startcp2'
05-23 11:28:46.821   147   266 D WCND    : wcnd_runcommand: arg[0] = 'startcp2'
05-23 11:28:46.821   147   266 D WCND    : wcnd_start_cp2
05-23 11:28:46.821   147   266 D WCND    : do_download_cmd: waiting for download (external_wcn)
05-23 11:28:46.821   143   155 D DOWNLOAD: external_wcn got 12 from accept
05-23 11:28:46.821   143   156 D DOWNLOAD: download_entry
05-23 11:28:46.831   143   156 D DOWNLOAD: send_notify_to_client:startwcn-ok
05-23 11:28:46.831   143   156 D DOWNLOAD: client_fds[0].sockfd=13
05-23 11:28:46.831   143   156 D DOWNLOAD: client_fds[1].sockfd=12
05-23 11:28:46.831   143   156 E DOWNLOAD: close wcnd client_fds[1]=-1
05-23 11:28:46.831   143   156 D DOWNLOAD: client_fds[2].sockfd=-1
05-23 11:28:46.831   143   156 D DOWNLOAD: client_fds[3].sockfd=-1
05-23 11:28:46.831   143   156 D DOWNLOAD: client_fds[4].sockfd=-1
05-23 11:28:46.831   143   156 D DOWNLOAD: client_fds[5].sockfd=-1
05-23 11:28:46.831   143   156 D DOWNLOAD: client_fds[6].sockfd=-1
05-23 11:28:46.831   143   156 D DOWNLOAD: client_fds[7].sockfd=-1
05-23 11:28:46.831   143   156 D DOWNLOAD: client_fds[8].sockfd=-1
05-23 11:28:46.831   143   156 D DOWNLOAD: client_fds[9].sockfd=-1
05-23 11:28:46.831   147   266 D WCND    : do_download_cmd: get 12 bytes startwcn-ok
05-23 11:28:46.831   147   266 D WCND    : is_cp2_alive_ok: open polling interface: /proc/mdbg/loopcheck, fd = 17
05-23 11:28:46.831   592   655 D WifiHW  : start_cp2: waiting for server wcnd
05-23 11:28:46.841   592  1372 D Settings: newValuesVersion = 7
05-23 11:28:46.841   592  1372 D Settings: name = dropbox_age_seconds, value = null
05-23 11:28:46.841   592   602 D Settings: newValuesVersion = 6
05-23 11:28:46.841   592   602 D Settings: mValues.get(name) = null
05-23 11:28:46.841   925  1370 D Settings: newValuesVersion = 6
05-23 11:28:46.841   925  1370 D Settings: mValues.get(name) = null
05-23 11:28:46.841   925  1370 I BaseHttpRequest: sendHttpPostRequest path:  http://cmcctpwatch.openspeech.cn/device/register
05-23 11:28:46.851   925  1370 D BaseHttpRequest: 请求数据:netstate=4&bluthmac=00:00:00:00:00:00&phone=&factory_type=CMCC&fw_version=L267A_WATCH_V2.0_20171207&imei=864923032144493&product_type=W7&factory_reg=1&checkcode=f632c2574040278b924056810273100a&device_plat=1&watchid=4b3169f3ff0a45e8b27dd2dfd7eb2a68&wifimac=40:45:da:44:f0:6c&imsi=89860043191747266158&pushid=
05-23 11:28:46.851   925  1370 D BaseHttpRequest: 数据太大:308，需要压缩
05-23 11:28:46.851   592  1372 D Settings: newValuesVersion = 7
05-23 11:28:46.851   592  1372 D Settings: name = dropbox_max_files, value = null
05-23 11:28:46.851   592  1372 D Settings: newValuesVersion = 7
05-23 11:28:46.851   592  1372 D Settings: name = dropbox_quota_percent, value = null
05-23 11:28:46.851   592  1372 D Settings: newValuesVersion = 7
05-23 11:28:46.851   592  1372 D Settings: name = dropbox_reserve_percent, value = null
05-23 11:28:46.851   592  1372 D Settings: newValuesVersion = 7
05-23 11:28:46.851   592  1372 D Settings: name = dropbox_quota_kb, value = null
05-23 11:28:46.851   925  1370 I CBCUtil : CBC加密结果D9FD815399B58805C6461EBD27421C0E766C0AB81CD7D61BBB995BDDC3F596623BDF45FC78AB61EDD491BC71A476FDD2D5C2581AEBD093522BC5DF587BE4F359A6FA6455392941423F8F2D391E0BAEEA2568332F24C67E9790124D43216FB81ED862EFE3DB88B31062B34CC162DE6D41EC2C46CDA449B1E2ACEB91B81F346E86D4E12A4AF375B7D8FDFB51464655CBA4E4BD1EDB3239501524876668209942545E5DB62C35807E3FC5C225C007316D34528307833AAFA0E7E2E1E0640527A1DA37E8C498C196EB2C112ACE2CA4CE00D38E228FB0F914AB4E807FE2B55C9357770C00EEDB95693CAC2AB3D7F62FDAF789447248AD7B4E2B9CA16EEEAA68779F25
05-23 11:28:46.851   925  1370 D DNS_EAI_NODATA: android_getaddrinfo_proxy [430]: cmcctpwatch.openspeech.cn ^ 1024 0 1 0 ^
05-23 11:28:46.911   167   167 E SLOGCP  : int MediaStorage::check_quota(): data large: 10492328/10M
05-23 11:28:46.911   167   167 E SLOGCP  : virtual void LogPipeHandler::process(int): CP cp_5mode save log error [16(Device or resource busy)]
05-23 11:28:46.931   147   266 D WCND    : is_cp2_alive_ok: loop: /proc/mdbg/loopcheck is OK
05-23 11:28:46.931   147   266 D WCND    : Current State: 1, receive event: 0x10!!
05-23 11:28:46.931   147   266 D WCND    : send_notify_to_client (type:16)
05-23 11:28:46.931   147   266 D WCND    : clients[0].sockfd = 11, type = 16
05-23 11:28:46.931   147   266 D WCND    : send WCNBTWIFI-CMD OK to client_fd:11
05-23 11:28:46.931   147   266 D WCND    : clients[1].sockfd = 14, type = 0
05-23 11:28:46.931   147   266 D WCND    : clients[2].sockfd = 15, type = 0
05-23 11:28:46.931   147   266 D WCND    : clients[3].sockfd = 16, type = 0
05-23 11:28:46.931   147   266 D WCND    : clients[4].sockfd = -1, type = 0
05-23 11:28:46.931   147   266 D WCND    : clients[5].sockfd = -1, type = 0
05-23 11:28:46.931   147   266 D WCND    : clients[6].sockfd = -1, type = 0
05-23 11:28:46.931   147   266 D WCND    : clients[7].sockfd = -1, type = 0
05-23 11:28:46.931   147   266 D WCND    : clients[8].sockfd = -1, type = 0
05-23 11:28:46.931   147   266 D WCND    : clients[9].sockfd = -1, type = 0
05-23 11:28:46.931   147   266 D WCND    : send_notify_to_client (type:32)
05-23 11:28:46.931   147   266 D WCND    : clients[0].sockfd = 11, type = 48
05-23 11:28:46.931   147   266 D WCND    : clients[1].sockfd = 14, type = 0
05-23 11:28:46.931   147   266 D WCND    : clients[2].sockfd = 15, type = 0
05-23 11:28:46.931   147   266 D WCND    : clients[3].sockfd = 16, type = 0
05-23 11:28:46.931   147   266 D WCND    : clients[4].sockfd = -1, type = 0
05-23 11:28:46.931   147   266 D WCND    : clients[5].sockfd = -1, type = 0
05-23 11:28:46.931   147   266 D WCND    : clients[6].sockfd = -1, type = 0
05-23 11:28:46.931   147   266 D WCND    : clients[7].sockfd = -1, type = 0
05-23 11:28:46.931   147   266 D WCND    : clients[8].sockfd = -1, type = 0
05-23 11:28:46.931   147   266 D WCND    : clients[9].sockfd = -1, type = 0
05-23 11:28:46.931   147   266 D WCND    : Enter WCND_STATE_CP2_STARTED from WCND_STATE_CP2_STARTING
05-23 11:28:46.931   147   266 D WCND    : wcnd_open_cp2: config CP2 bootup after open CP2 !!
05-23 11:28:46.931   147   266 D WCND    : wcnd_process_atcmd: Receive AT CMD: AT+ARMLOG=0, len = 12
05-23 11:28:46.931   147   266 D WCND    : wcnd_process_atcmd: open at cmd interface: /proc/mdbg/at_cmd, fd = 17
05-23 11:28:46.931   592   655 D WifiHW  : start_cp2: get 17 bytes WCNBTWIFI-CMD OK
05-23 11:28:46.971   167   167 E SLOGCP  : int MediaStorage::check_quota(): data large: 10492328/10M
05-23 11:28:46.971   167   167 E SLOGCP  : virtual void LogPipeHandler::process(int): CP cp_5mode save log error [16(Device or resource busy)]
05-23 11:28:46.991   181   308 D ENGPC   : parse_event: event { 'add', '/module/sprdwl', 'module', '' }
05-23 11:28:46.991   269   276 D ENGPC   : parse_event: event { 'add', '/module/sprdwl', 'module', '' }
05-23 11:28:47.001   269   276 D ENGPC   : parse_event: event { 'add', '/devices/platform/sc2331.0', 'platform', '' }
05-23 11:28:47.001   181   308 D ENGPC   : parse_event: event { 'add', '/devices/platform/sc2331.0', 'platform', '' }
05-23 11:28:47.021   167   167 E SLOGCP  : int MediaStorage::check_quota(): data large: 10492328/10M
05-23 11:28:47.021   167   167 E SLOGCP  : virtual void LogPipeHandler::process(int): CP cp_5mode save log error [16(Device or resource busy)]
05-23 11:28:47.031   147   266 D WCND    : wcnd_process_atcmd: Wait ATcmd to return
05-23 11:28:47.031   147   266 D WCND    : wcnd_process_atcmd: ATcmd to /proc/mdbg/at_cmd return: 'OK'
05-23 11:28:47.031   147   266 E WCND    : Write 'OK' to Invalid client_fd, ret_value: 0
05-23 11:28:47.031   147   266 D WCND    : listen_fd = 7, max=16
05-23 11:28:47.041   181   308 D ENGPC   : parse_event: event { 'add', '/devices/platform/sc2331.0/ieee80211/phy1', 'ieee80211', '' }
05-23 11:28:47.041   269   276 D ENGPC   : parse_event: event { 'add', '/devices/platform/sc2331.0/ieee80211/phy1', 'ieee80211', '' }
05-23 11:28:47.041   181   308 D ENGPC   : parse_event: event { 'add', '/devices/platform/sc2331.0/ieee80211/phy1/rfkill1', 'rfkill', '' }
05-23 11:28:47.041   269   276 D ENGPC   : parse_event: event { 'add', '/devices/platform/sc2331.0/ieee80211/phy1/rfkill1', 'rfkill', '' }
05-23 11:28:47.041   592   611 D Tethering: interfaceAdded wlan0
05-23 11:28:47.041   592   611 D Tethering: wlan0 is not a tetherable iface, ignoring
05-23 11:28:47.041   181   308 D ENGPC   : parse_event: event { 'add', '/devices/platform/sc2331.0/net/wlan0', 'net', '' }
05-23 11:28:47.041   269   276 D ENGPC   : parse_event: event { 'add', '/devices/platform/sc2331.0/net/wlan0', 'net', '' }
05-23 11:28:47.051   269   276 D ENGPC   : parse_event: event { 'add', '/devices/platform/sc2331.0/net/wlan0/queues/rx-0', 'queues', '' }
05-23 11:28:47.051   181   308 D ENGPC   : parse_event: event { 'add', '/devices/platform/sc2331.0/net/wlan0/queues/rx-0', 'queues', '' }
05-23 11:28:47.051   269   276 D ENGPC   : parse_event: event { 'add', '/devices/platform/sc2331.0/net/wlan0/queues/tx-0', 'queues', '' }
05-23 11:28:47.051   181   308 D ENGPC   : parse_event: event { 'add', '/devices/platform/sc2331.0/net/wlan0/queues/tx-0', 'queues', '' }
05-23 11:28:47.051   592   611 D Tethering: interfaceLinkStateChanged wlan0, false
05-23 11:28:47.051   592   611 D Tethering: interfaceStatusChanged wlan0, false
05-23 11:28:47.061   181   308 D ENGPC   : parse_event: event { 'add', '/devices/platform/sc2331.0/net/p2p0', 'net', '' }
05-23 11:28:47.061   269   276 D ENGPC   : parse_event: event { 'add', '/devices/platform/sc2331.0/net/p2p0', 'net', '' }
05-23 11:28:47.061   181   308 D ENGPC   : parse_event: event { 'add', '/devices/platform/sc2331.0/net/p2p0/queues/rx-0', 'queues', '' }
05-23 11:28:47.061   269   276 D ENGPC   : parse_event: event { 'add', '/devices/platform/sc2331.0/net/p2p0/queues/rx-0', 'queues', '' }
05-23 11:28:47.061   592   611 D Tethering: interfaceAdded p2p0
05-23 11:28:47.061   181   308 D ENGPC   : parse_event: event { 'add', '/devices/platform/sc2331.0/net/p2p0/queues/tx-0', 'queues', '' }
05-23 11:28:47.061   269   276 D ENGPC   : parse_event: event { 'add', '/devices/platform/sc2331.0/net/p2p0/queues/tx-0', 'queues', '' }
05-23 11:28:47.061   592   611 D Tethering: p2p0 is not a tetherable iface, ignoring
05-23 11:28:47.061   167   167 E SLOGCP  : int MediaStorage::check_quota(): data large: 10492328/10M
05-23 11:28:47.061   167   167 E SLOGCP  : virtual void LogPipeHandler::process(int): CP cp_5mode save log error [16(Device or resource busy)]
05-23 11:28:47.061   592   611 D Tethering: interfaceLinkStateChanged p2p0, false
05-23 11:28:47.061   592   611 D Tethering: interfaceStatusChanged p2p0, false
05-23 11:28:47.091   181   308 D ENGPC   : parse_event: event { 'add', '/bus/platform/drivers/sc2331', 'drivers', '' }
05-23 11:28:47.091   269   276 D ENGPC   : parse_event: event { 'add', '/bus/platform/drivers/sc2331', 'drivers', '' }
05-23 11:28:47.091   150   584 D SoftapController: Softap fwReload - Ok
05-23 11:28:47.101   150   584 D CommandListener: Setting iface cfg
05-23 11:28:47.101   150   584 D CommandListener: Trying to bring down wlan0
05-23 11:28:47.101   592   655 D WifiMonitor: WifiMonitorSingleton gotten
05-23 11:28:47.112   167   167 E SLOGCP  : int MediaStorage::check_quota(): data large: 10492328/10M
05-23 11:28:47.112   167   167 E SLOGCP  : virtual void LogPipeHandler::process(int): CP cp_5mode save log error [16(Device or resource busy)]
05-23 11:28:47.122  1376  1376 D wpa_supplicant: wpa_supplicant v2.1-devel-4.4.4
05-23 11:28:47.122  1376  1376 D wpa_supplicant: random: Trying to read entropy from /dev/random
05-23 11:28:47.122  1376  1376 D wpa_supplicant: Global control interface '@android:wpa_wlan0'
05-23 11:28:47.122  1376  1376 D wpa_supplicant: Using Android control socket 'wpa_wlan0'
05-23 11:28:47.122  1376  1376 I wpa_supplicant: Successfully initialized wpa_supplicant
05-23 11:28:47.122  1376  1376 D wpa_supplicant: Initializing interface 'wlan0' conf '/data/misc/wifi/wpa_supplicant.conf' driver 'nl80211' ctrl_interface 'N/A' bridge 'N/A'
05-23 11:28:47.122  1376  1376 D wpa_supplicant: Configuration file '/data/misc/wifi/wpa_supplicant.conf' -> '/data/misc/wifi/wpa_supplicant.conf'
05-23 11:28:47.122  1376  1376 D wpa_supplicant: Reading configuration file '/data/misc/wifi/wpa_supplicant.conf'
05-23 11:28:47.122  1376  1376 D wpa_supplicant: ctrl_interface='DIR=/data/misc/wifi/sockets'
05-23 11:28:47.122  1376  1376 D wpa_supplicant: update_config=1
05-23 11:28:47.122  1376  1376 D wpa_supplicant: device_name='sp9820a_c110_tds'
05-23 11:28:47.122  1376  1376 D wpa_supplicant: manufacturer='SPRD'
05-23 11:28:47.122  1376  1376 D wpa_supplicant: model_name='Best sonny B1'
05-23 11:28:47.132  1376  1376 D wpa_supplicant: model_number='Best sonny B1'
05-23 11:28:47.132  1376  1376 D wpa_supplicant: serial_number='02463484782052123279'
05-23 11:28:47.132  1376  1376 D wpa_supplicant: config_methods='physical_display virtual_push_button'
05-23 11:28:47.132  1376  1376 D wpa_supplicant: p2p_disabled=1
05-23 11:28:47.132  1376  1376 D wpa_supplicant: country='CN'
05-23 11:28:47.132  1376  1376 D wpa_supplicant: bss_expiration_age=90
05-23 11:28:47.132  1376  1376 D wpa_supplicant: bgscan='learn:300:-75:400:/data/misc/wifi/wpa_supplicant/network1.bgscan'
05-23 11:28:47.132  1376  1376 D wpa_supplicant: Line: 15 - start of a new network block
05-23 11:28:47.132  1376  1376 D wpa_supplicant: ssid - hexdump(len=6): 50 65 72 6c 61 6e
05-23 11:28:47.132  1376  1376 D wpa_supplicant: PSK (ASCII passphrase) - hexdump(len=8): [REMOVED]
05-23 11:28:47.132  1376  1376 D wpa_supplicant: key_mgmt: 0x2
05-23 11:28:47.132  1376  1376 D wpa_supplicant: priority=1 (0x1)
05-23 11:28:47.172   167   167 E SLOGCP  : int MediaStorage::check_quota(): data large: 10492328/10M
05-23 11:28:47.172   167   167 E SLOGCP  : virtual void LogPipeHandler::process(int): CP cp_5mode save log error [16(Device or resource busy)]
05-23 11:28:47.172   925  1370 I BaseHttpRequest: sendHttpPostRequest code:  200
05-23 11:28:47.172   925  1370 I CBCUtil : 解密结果：{"pushid":null,"dcode":null,"time":null,"smsportal":null,"w-token":null,"factoryreset":0,"reg_errmsg":"factory_type or product_type not ok","errmsg":"did Invalid,plat:AndroidEmbedded,pushid:","result":90001,"server_time":1527046128}
05-23 11:28:47.182   925  1370 I BaseHttpRequest: 不需要解压 contentEncoding = null
05-23 11:28:47.182   925  1370 I BaseHttpRequest: 解压后的数据
05-23 11:28:47.182   925  1370 I BaseHttpRequest: sendHttpPostRequest response:  {"pushid":null,"dcode":null,"time":null,"smsportal":null,"w-token":null,"factoryreset":0,"reg_errmsg":"factory_type or product_type not ok","errmsg":"did Invalid,plat:AndroidEmbedded,pushid:","result":90001,"server_time":1527046128}
05-23 11:28:47.182   925  1370 D RegisterService: notifyRequestFail
05-23 11:28:47.202   592   655 D WifiStateMachine: setWifiState: enabling
05-23 11:28:47.202   592   655 D WifiStateMachine: Supplicant start successful
05-23 11:28:47.212   671   671 D StatusBar.NetworkController: action: android.net.wifi.WIFI_STATE_CHANGED
05-23 11:28:47.212   671   671 D Settings: newValuesVersion = 6
05-23 11:28:47.212   671   671 D Settings: mValues.get(name) = null
05-23 11:28:47.212   592   655 D WifiMonitor: WifiMonitorSingleton gotten
05-23 11:28:47.212   592   655 D WifiMonitor: startMonitoring(wlan0) with mConnected = false
05-23 11:28:47.212   167   167 E SLOGCP  : int MediaStorage::check_quota(): data large: 10492328/10M
05-23 11:28:47.212   167   167 E SLOGCP  : virtual void LogPipeHandler::process(int): CP cp_5mode save log error [16(Device or resource busy)]
05-23 11:28:47.222   592   655 D WifiMonitor: connecting to supplicant
05-23 11:28:47.222   671   671 D TelephonyManager: getRadioFeatures: phoneId=0
05-23 11:28:47.222   671   671 D TelephonyManager: getRadioCapbility: ssdaMode=tdd-csfb
05-23 11:28:47.222   671   671 D TelephonyManager: getRadioFeatures: rCapbility=TDD_CSFB, testMode=8
05-23 11:28:47.222   671   671 D StatusBar.NetworkController: phoneId: 0  refreshViews:   mAirplaneMode=false emergencyOnly=false no_wifi no_wifi mWifiIconId=0x0 mQSWifiIconId=0x0 wifiLabel= mHasMobileDataFeature=true mShowPhoneRSSIForData=false mPhoneSignalIconId=0x7f020107 mDataSignalIconId=0x7f020105/com.android.systemui:drawable/stat_sys_signal_4_sprd Phone_Signal_Level=4 GPRS &NetworkRoaming=false mMobileActivityIconId=0x7f0200c0(mDataActivity=0) mDataTypeIconId=0x7f0200c8/com.android.systemui:drawable/stat_sys_data_fully_connected_4g_ex   combinedSignalIconId=0x7f020105/com.android.systemui:drawable/stat_sys_signal_4_ex mobileLabel=中国移动4G combinedLabel=中国移动4G mLastDataDirectionOverlayIconId=0x7f0200c0
05-23 11:28:47.222   671   671 D Settings: newValuesVersion = 2
05-23 11:28:47.222   671   671 D Settings: mValues.get(name) = 0
05-23 11:28:47.222   671   671 D Settings: newValuesVersion = 6
05-23 11:28:47.222   671   671 D Settings: mValues.get(name) = null
05-23 11:28:47.222   671   671 D QuickSettingsModel: isStandby = true
05-23 11:28:47.222   671   671 D Settings: newValuesVersion = 6
05-23 11:28:47.222   671   671 D Settings: mValues.get(name) = null
05-23 11:28:47.222   671   671 D QuickSettingsModel: onVoWifiChanged multiModeSlot = 0 isVoWifiAvailable = false isStandby = true
