05-23 11:28:42.547   181   308 D ENGPC   : parse_event: event { 'add', '/devices/platform/sc2331.0/net/wlan0/queues/rx-0', 'queues', '' }
05-23 11:28:42.547   269   276 D ENGPC   : parse_event: event { 'add', '/devices/platform/sc2331.0/net/wlan0/queues/rx-0', 'queues', '' }
05-23 11:28:42.547   269   276 D ENGPC   : parse_event: event { 'add', '/devices/platform/sc2331.0/net/wlan0/queues/tx-0', 'queues', '' }
05-23 11:28:42.547   181   308 D ENGPC   : parse_event: event { 'add', '/devices/platform/sc2331.0/net/wlan0/queues/tx-0', 'queues', '' }
05-23 11:28:42.547   671   671 D StatusBar.NetworkController: onSignalStrengthsChanged on phoneId0signalStrength=SignalStrength: 99 -1 -120 -160 -120 -1 -1 99 -80 2147483647 2147483647 2147483647 gsm|lte level=4LTELevel=4
05-23 11:28:42.547   671   671 D StatusBar.NetworkController: phoneid=0 isexist=true  5
05-23 11:28:42.547   671   671 D StatusBar.NetworkController: isSupportLTE = false  isCardAbsent = false
05-23 11:28:42.547   671   671 D Settings: newValuesVersion = 6
05-23 11:28:42.547   671   671 D Settings: mValues.get(name) = null
05-23 11:28:42.547   671   671 E StatusBar.NetworkController: mServiceState[phoneId].getState(): 0
05-23 11:28:42.547   671   671 E StatusBar.NetworkController: mServiceState[phoneId].getDataRegState(): 0
05-23 11:28:42.547   671   671 D TelephonyManager: getRadioFeatures: phoneId=0
05-23 11:28:42.547   671   671 D TelephonyManager: getRadioCapbility: ssdaMode=tdd-csfb
05-23 11:28:42.547   671   671 D TelephonyManager: getRadioFeatures: rCapbility=TDD_CSFB, testMode=8
05-23 11:28:42.547   671   671 D StatusBar.NetworkController: phoneId = 0 colorIndex = 0 mInetCondition=0 iconLevel=4
05-23 11:28:42.547   592   611 D Tethering: interfaceAdded wlan0
05-23 11:28:42.547   592   611 D Tethering: wlan0 is not a tetherable iface, ignoring
05-23 11:28:42.547   671   671 D TelephonyManager: getRadioFeatures: phoneId=0
05-23 11:28:42.547   671   671 D TelephonyManager: getRadioCapbility: ssdaMode=tdd-csfb
05-23 11:28:42.547   671   671 D TelephonyManager: getRadioFeatures: rCapbility=TDD_CSFB, testMode=8
05-23 11:28:42.547   671   671 D TelephonyManager: getRadioFeatures: phoneId=0
05-23 11:28:42.547   671   671 D TelephonyManager: getRadioCapbility: ssdaMode=tdd-csfb
05-23 11:28:42.547   671   671 D TelephonyManager: getRadioFeatures: rCapbility=TDD_CSFB, testMode=8
05-23 11:28:42.557   671   671 D StatusBar.NetworkController: phoneId: 0  refreshViews:   mAirplaneMode=false emergencyOnly=false no_wifi no_wifi mWifiIconId=0x0 mQSWifiIconId=0x0 wifiLabel= mHasMobileDataFeature=true mShowPhoneRSSIForData=false mPhoneSignalIconId=0x7f020107 mDataSignalIconId=0x7f020105/com.android.systemui:drawable/stat_sys_signal_4_sprd Phone_Signal_Level=4 GPRS &NetworkRoaming=false mMobileActivityIconId=0x7f0200c0(mDataActivity=0) mDataTypeIconId=0x7f0200c8/com.android.systemui:drawable/stat_sys_data_fully_connected_4g_ex   combinedSignalIconId=0x7f020105/com.android.systemui:drawable/stat_sys_signal_4_ex mobileLabel=中国移动4G combinedLabel=中国移动4G mLastDataDirectionOverlayIconId=0x7f0200c0
05-23 11:28:42.557   671   671 D Settings: newValuesVersion = 2
05-23 11:28:42.557   592   611 D Tethering: interfaceLinkStateChanged wlan0, false
05-23 11:28:42.557   592   611 D Tethering: interfaceStatusChanged wlan0, false
05-23 11:28:42.557   671   671 D Settings: mValues.get(name) = 0
05-23 11:28:42.557   671   671 D Settings: newValuesVersion = 6
05-23 11:28:42.557   671   671 D Settings: mValues.get(name) = null
05-23 11:28:42.557   671   671 D QuickSettingsModel: isStandby = true
05-23 11:28:42.557   671   671 D Settings: newValuesVersion = 6
05-23 11:28:42.557   671   671 D Settings: mValues.get(name) = null
05-23 11:28:42.557   671   671 D QuickSettingsModel: onVoWifiChanged multiModeSlot = 0 isVoWifiAvailable = false isStandby = true
05-23 11:28:42.567   925   925 D MainDialog:  oldLevel = 4 level = 4 isSimAvail = true
05-23 11:28:42.567   181   308 D ENGPC   : parse_event: event { 'add', '/devices/platform/sc2331.0/net/p2p0', 'net', '' }
05-23 11:28:42.567   269   276 D ENGPC   : parse_event: event { 'add', '/devices/platform/sc2331.0/net/p2p0', 'net', '' }
05-23 11:28:42.567   592   611 D Tethering: interfaceAdded p2p0
05-23 11:28:42.567   592   611 D Tethering: p2p0 is not a tetherable iface, ignoring
05-23 11:28:42.567   269   276 D ENGPC   : parse_event: event { 'add', '/devices/platform/sc2331.0/net/p2p0/queues/rx-0', 'queues', '' }
05-23 11:28:42.567   181   308 D ENGPC   : parse_event: event { 'add', '/devices/platform/sc2331.0/net/p2p0/queues/rx-0', 'queues', '' }
05-23 11:28:42.567   269   276 D ENGPC   : parse_event: event { 'add', '/devices/platform/sc2331.0/net/p2p0/queues/tx-0', 'queues', '' }
05-23 11:28:42.567   181   308 D ENGPC   : parse_event: event { 'add', '/devices/platform/sc2331.0/net/p2p0/queues/tx-0', 'queues', '' }
05-23 11:28:42.577   592   611 D Tethering: interfaceLinkStateChanged p2p0, false
05-23 11:28:42.577   592   611 D Tethering: interfaceStatusChanged p2p0, false
05-23 11:28:42.597   181   308 D ENGPC   : parse_event: event { 'add', '/bus/platform/drivers/sc2331', 'drivers', '' }
05-23 11:28:42.597   269   276 D ENGPC   : parse_event: event { 'add', '/bus/platform/drivers/sc2331', 'drivers', '' }
05-23 11:28:42.607   925  1359 D DNS_EAI_NODATA: android_getaddrinfo_proxy [430]: cmcctpwatch.openspeech.cn ^ 1024 0 1 0 ^
05-23 11:28:42.607   150   584 D SoftapController: Softap fwReload - Ok
05-23 11:28:42.627   150   584 D CommandListener: Setting iface cfg
05-23 11:28:42.627   150   584 D CommandListener: Trying to bring down wlan0
05-23 11:28:42.637   592   655 D WifiMonitor: WifiMonitorSingleton gotten
05-23 11:28:42.657   167   167 E SLOGCP  : int MediaStorage::check_quota(): data large: 10492328/10M
05-23 11:28:42.657   167   167 E SLOGCP  : virtual void LogPipeHandler::process(int): CP cp_5mode save log error [16(Device or resource busy)]
05-23 11:28:42.677   167   167 E SLOGCP  : int MediaStorage::check_quota(): data large: 10492328/10M
05-23 11:28:42.677   167   167 E SLOGCP  : virtual void LogPipeHandler::process(int): CP cp_5mode save log error [16(Device or resource busy)]
05-23 11:28:42.707   167   167 E SLOGCP  : int MediaStorage::check_quota(): data large: 10492328/10M
05-23 11:28:42.707   167   167 E SLOGCP  : virtual void LogPipeHandler::process(int): CP cp_5mode save log error [16(Device or resource busy)]
05-23 11:28:42.737   167   167 E SLOGCP  : int MediaStorage::check_quota(): data large: 10492328/10M
05-23 11:28:42.737   167   167 E SLOGCP  : virtual void LogPipeHandler::process(int): CP cp_5mode save log error [16(Device or resource busy)]
05-23 11:28:42.747   592   655 D WifiStateMachine: setWifiState: enabling
05-23 11:28:42.757   671   671 D StatusBar.NetworkController: action: android.net.wifi.WIFI_STATE_CHANGED
05-23 11:28:42.757   925   925 I MainDialog: getRssi:-9999
05-23 11:28:42.757   671   671 D Settings: newValuesVersion = 6
05-23 11:28:42.757   671   671 D Settings: mValues.get(name) = null
05-23 11:28:42.757   592   655 D WifiStateMachine: Supplicant start successful
05-23 11:28:42.757   592   655 D WifiMonitor: WifiMonitorSingleton gotten
05-23 11:28:42.757   592   655 D WifiMonitor: startMonitoring(wlan0) with mConnected = false
05-23 11:28:42.767   592   655 D WifiMonitor: connecting to supplicant
05-23 11:28:42.777   167   167 E SLOGCP  : int MediaStorage::check_quota(): data large: 10492328/10M
05-23 11:28:42.777   167   167 E SLOGCP  : virtual void LogPipeHandler::process(int): CP cp_5mode save log error [16(Device or resource busy)]
05-23 11:28:42.797   592  1006 D LIBGPS  : watchdog_open PowerState:GE2 CP SLEEP,readcount:0
05-23 11:28:42.807   671   671 D TelephonyManager: getRadioFeatures: phoneId=0
05-23 11:28:42.807   671   671 D TelephonyManager: getRadioCapbility: ssdaMode=tdd-csfb
05-23 11:28:42.807   671   671 D TelephonyManager: getRadioFeatures: rCapbility=TDD_CSFB, testMode=8
05-23 11:28:42.807   671   671 D StatusBar.NetworkController: phoneId: 0  refreshViews:   mAirplaneMode=false emergencyOnly=false no_wifi no_wifi mWifiIconId=0x0 mQSWifiIconId=0x0 wifiLabel= mHasMobileDataFeature=true mShowPhoneRSSIForData=false mPhoneSignalIconId=0x7f020107 mDataSignalIconId=0x7f020105/com.android.systemui:drawable/stat_sys_signal_4_sprd Phone_Signal_Level=4 GPRS &NetworkRoaming=false mMobileActivityIconId=0x7f0200c0(mDataActivity=0) mDataTypeIconId=0x7f0200c8/com.android.systemui:drawable/stat_sys_data_fully_connected_4g_ex   combinedSignalIconId=0x7f020105/com.android.systemui:drawable/stat_sys_signal_4_ex mobileLabel=中国移动4G combinedLabel=中国移动4G mLastDataDirectionOverlayIconId=0x7f0200c0
05-23 11:28:42.817   671   671 D Settings: newValuesVersion = 2
05-23 11:28:42.817   671   671 D Settings: mValues.get(name) = 0
05-23 11:28:42.817   671   671 D Settings: newValuesVersion = 6
05-23 11:28:42.817   671   671 D Settings: mValues.get(name) = null
05-23 11:28:42.817   671   671 D QuickSettingsModel: isStandby = true
05-23 11:28:42.817   671   671 D Settings: newValuesVersion = 6
05-23 11:28:42.817   671   671 D Settings: mValues.get(name) = null
05-23 11:28:42.817   671   671 D QuickSettingsModel: onVoWifiChanged multiModeSlot = 0 isVoWifiAvailable = false isStandby = true
05-23 11:28:42.817   167   167 E SLOGCP  : int MediaStorage::check_quota(): data large: 10492328/10M
05-23 11:28:42.817   167   167 E SLOGCP  : virtual void LogPipeHandler::process(int): CP cp_5mode save log error [16(Device or resource busy)]
05-23 11:28:42.867   167   167 E SLOGCP  : int MediaStorage::check_quota(): data large: 10492328/10M
05-23 11:28:42.867   167   167 E SLOGCP  : virtual void LogPipeHandler::process(int): CP cp_5mode save log error [16(Device or resource busy)]
05-23 11:28:42.927   167   167 E SLOGCP  : int MediaStorage::check_quota(): data large: 10492328/10M
05-23 11:28:42.927   167   167 E SLOGCP  : virtual void LogPipeHandler::process(int): CP cp_5mode save log error [16(Device or resource busy)]
05-23 11:28:42.977   167   167 E SLOGCP  : int MediaStorage::check_quota(): data large: 10492328/10M
05-23 11:28:42.977   167   167 E SLOGCP  : virtual void LogPipeHandler::process(int): CP cp_5mode save log error [16(Device or resource busy)]
05-23 11:28:43.007  1365  1365 D wpa_supplicant: wpa_supplicant v2.1-devel-4.4.4
05-23 11:28:43.007  1365  1365 D wpa_supplicant: random: Trying to read entropy from /dev/random
05-23 11:28:43.007  1365  1365 D wpa_supplicant: Global control interface '@android:wpa_wlan0'
05-23 11:28:43.018  1365  1365 D wpa_supplicant: Using Android control socket 'wpa_wlan0'
05-23 11:28:43.018  1365  1365 I wpa_supplicant: Successfully initialized wpa_supplicant
05-23 11:28:43.018  1365  1365 D wpa_supplicant: Initializing interface 'wlan0' conf '/data/misc/wifi/wpa_supplicant.conf' driver 'nl80211' ctrl_interface 'N/A' bridge 'N/A'
05-23 11:28:43.018  1365  1365 D wpa_supplicant: Configuration file '/data/misc/wifi/wpa_supplicant.conf' -> '/data/misc/wifi/wpa_supplicant.conf'
05-23 11:28:43.018  1365  1365 D wpa_supplicant: Reading configuration file '/data/misc/wifi/wpa_supplicant.conf'
05-23 11:28:43.018  1365  1365 D wpa_supplicant: ctrl_interface='DIR=/data/misc/wifi/sockets'
05-23 11:28:43.018  1365  1365 D wpa_supplicant: update_config=1
05-23 11:28:43.018  1365  1365 D wpa_supplicant: device_name='sp9820a_c110_tds'
05-23 11:28:43.018  1365  1365 D wpa_supplicant: manufacturer='SPRD'
05-23 11:28:43.018  1365  1365 D wpa_supplicant: model_name='Best sonny B1'
05-23 11:28:43.018  1365  1365 D wpa_supplicant: model_number='Best sonny B1'
05-23 11:28:43.018  1365  1365 D wpa_supplicant: serial_number='02463484782052123279'
05-23 11:28:43.018  1365  1365 D wpa_supplicant: config_methods='physical_display virtual_push_button'
05-23 11:28:43.018  1365  1365 D wpa_supplicant: p2p_disabled=1
05-23 11:28:43.018  1365  1365 D wpa_supplicant: country='CN'
05-23 11:28:43.018  1365  1365 D wpa_supplicant: bss_expiration_age=90
05-23 11:28:43.018  1365  1365 D wpa_supplicant: bgscan='learn:300:-75:400:/data/misc/wifi/wpa_supplicant/network1.bgscan'
05-23 11:28:43.018  1365  1365 D wpa_supplicant: Line: 15 - start of a new network block
05-23 11:28:43.018  1365  1365 D wpa_supplicant: ssid - hexdump(len=6): 50 65 72 6c 61 6e
05-23 11:28:43.018  1365  1365 D wpa_supplicant: PSK (ASCII passphrase) - hexdump(len=8): [REMOVED]
05-23 11:28:43.018  1365  1365 D wpa_supplicant: key_mgmt: 0x2
05-23 11:28:43.018  1365  1365 D wpa_supplicant: priority=1 (0x1)
05-23 11:28:43.028   167   167 E SLOGCP  : int MediaStorage::check_quota(): data large: 10492328/10M
05-23 11:28:43.028   167   167 E SLOGCP  : virtual void LogPipeHandler::process(int): CP cp_5mode save log error [16(Device or resource busy)]
05-23 11:28:43.078   167   167 E SLOGCP  : int MediaStorage::check_quota(): data large: 10492328/10M
05-23 11:28:43.078   167   167 E SLOGCP  : virtual void LogPipeHandler::process(int): CP cp_5mode save log error [16(Device or resource busy)]
05-23 11:28:43.118  1365  1365 D wpa_supplicant: PSK (from passphrase) - hexdump(len=32): [REMOVED]
05-23 11:28:43.118  1365  1365 D wpa_supplicant: Priority group 1
05-23 11:28:43.118  1365  1365 D wpa_supplicant:    id=0 ssid='Perlan'
05-23 11:28:43.118  1365  1365 D wpa_supplicant: WAPI:  WIFI_lib_init 
05-23 11:28:43.128   167   167 E SLOGCP  : int MediaStorage::check_quota(): data large: 10492328/10M
05-23 11:28:43.128   167   167 E SLOGCP  : virtual void LogPipeHandler::process(int): CP cp_5mode save log error [16(Device or resource busy)]
05-23 11:28:43.128  1365  1365 I wpa_supplicant: rfkill: Cannot open RFKILL control device
05-23 11:28:43.128  1365  1365 D wpa_supplicant: nl80211: RFKILL status not available
05-23 11:28:43.138  1365  1365 D wpa_supplicant: nl80211: Disable use_monitor with device_ap_sme since no monitor mode support detected
05-23 11:28:43.138  1365  1365 D wpa_supplicant: nl80211: interface wlan0 in phy phy0
05-23 11:28:43.138  1365  1365 D wpa_supplicant: nl80211: Set mode ifindex 11 iftype 2 (STATION)
05-23 11:28:43.148  1365  1365 D wpa_supplicant: nl80211: Subscribe to mgmt frames with non-AP handle 0xb70fcbe0
05-23 11:28:43.148  1365  1365 D wpa_supplicant: nl80211: Register frame type=0xd0 nl_handle=0xb70fcbe0
05-23 11:28:43.148  1365  1365 D wpa_supplicant: nl80211: Register frame match - hexdump(len=2): 04 0a
05-23 11:28:43.148  1365  1365 D wpa_supplicant: nl80211: Register frame type=0xd0 nl_handle=0xb70fcbe0
05-23 11:28:43.148  1365  1365 D wpa_supplicant: nl80211: Register frame match - hexdump(len=2): 04 0b
05-23 11:28:43.148  1365  1365 D wpa_supplicant: nl80211: Register frame type=0xd0 nl_handle=0xb70fcbe0
05-23 11:28:43.148  1365  1365 D wpa_supplicant: nl80211: Register frame match - hexdump(len=2): 04 0c
05-23 11:28:43.148  1365  1365 D wpa_supplicant: nl80211: Register frame type=0xd0 nl_handle=0xb70fcbe0
05-23 11:28:43.148  1365  1365 D wpa_supplicant: nl80211: Register frame match - hexdump(len=2): 04 0d
05-23 11:28:43.148  1365  1365 D wpa_supplicant: nl80211: Register frame type=0xd0 nl_handle=0xb70fcbe0
05-23 11:28:43.148  1365  1365 D wpa_supplicant: nl80211: Register frame match - hexdump(len=6): 04 09 50 6f 9a 09
05-23 11:28:43.148  1365  1365 D wpa_supplicant: nl80211: Register frame type=0xd0 nl_handle=0xb70fcbe0
05-23 11:28:43.148  1365  1365 D wpa_supplicant: nl80211: Register frame match - hexdump(len=5): 7f 50 6f 9a 09
05-23 11:28:43.148  1365  1365 D wpa_supplicant: nl80211: Register frame type=0xd0 nl_handle=0xb70fcbe0
05-23 11:28:43.148  1365  1365 D wpa_supplicant: nl80211: Register frame match - hexdump(len=1): 06
05-23 11:28:43.148  1365  1365 D wpa_supplicant: nl80211: Register frame type=0xd0 nl_handle=0xb70fcbe0
05-23 11:28:43.148  1365  1365 D wpa_supplicant: nl80211: Register frame match - hexdump(len=2): 0a 07
05-23 11:28:43.148  1365  1365 D wpa_supplicant: nl80211: Register frame type=0xd0 nl_handle=0xb70fcbe0
05-23 11:28:43.148  1365  1365 D wpa_supplicant: nl80211: Register frame match - hexdump(len=2): 0a 11
05-23 11:28:43.148   592   611 D Tethering: interfaceLinkStateChanged wlan0, true
05-23 11:28:43.148   592   611 D Tethering: interfaceStatusChanged wlan0, true
05-23 11:28:43.148  1365  1365 D wpa_supplicant: netlink: Operstate: linkmode=1, operstate=5
05-23 11:28:43.148  1365  1365 D wpa_supplicant: nl80211: driver param='(null)'
05-23 11:28:43.148   592   611 D Tethering: interfaceLinkStateChanged wlan0, true
05-23 11:28:43.148   592   611 D Tethering: interfaceStatusChanged wlan0, true
05-23 11:28:43.158  1365  1365 D wpa_supplicant: nl80211: Regulatory information - country=00
05-23 11:28:43.158  1365  1365 D wpa_supplicant: nl80211: 2402-2472 @ 40 MHz
05-23 11:28:43.158  1365  1365 D wpa_supplicant: nl80211: 2457-2482 @ 40 MHz
05-23 11:28:43.158  1365  1365 D wpa_supplicant: nl80211: 2474-2494 @ 20 MHz
05-23 11:28:43.158  1365  1365 D wpa_supplicant: nl80211: 5170-5250 @ 80 MHz
05-23 11:28:43.158  1365  1365 D wpa_supplicant: nl80211: 5735-5835 @ 80 MHz
05-23 11:28:43.158  1365  1365 D wpa_supplicant: nl80211: 57240-63720 @ 2160 MHz
05-23 11:28:43.158  1365  1365 D wpa_supplicant: nl80211: Added 802.11b mode based on 802.11g information
05-23 11:28:43.178   167   167 E SLOGCP  : int MediaStorage::check_quota(): data large: 10492328/10M
05-23 11:28:43.178   167   167 E SLOGCP  : virtual void LogPipeHandler::process(int): CP cp_5mode save log error [16(Device or resource busy)]
05-23 11:28:43.208  1365  1365 D wpa_supplicant: WAPI: Create layer2 socket for WAI TX/RX 
05-23 11:28:43.218   925  1359 I BaseHttpRequest: sendHttpPostRequest code:  200
05-23 11:28:43.218   167   167 E SLOGCP  : int MediaStorage::check_quota(): data large: 10492328/10M
05-23 11:28:43.218   167   167 E SLOGCP  : virtual void LogPipeHandler::process(int): CP cp_5mode save log error [16(Device or resource busy)]
05-23 11:28:43.228   925  1359 I CBCUtil : 解密结果：{"pushid":null,"dcode":null,"time":null,"smsportal":null,"w-token":null,"factoryreset":0,"reg_errmsg":"factory_type or product_type not ok","errmsg":"did Invalid,plat:AndroidEmbedded,pushid:","result":90001,"server_time":1527046124}
05-23 11:28:43.228   925  1359 I BaseHttpRequest: 不需要解压 contentEncoding = null
05-23 11:28:43.228   925  1359 I BaseHttpRequest: 解压后的数据
05-23 11:28:43.228   925  1359 I BaseHttpRequest: sendHttpPostRequest response:  {"pushid":null,"dcode":null,"time":null,"smsportal":null,"w-token":null,"factoryreset":0,"reg_errmsg":"factory_type or product_type not ok","errmsg":"did Invalid,plat:AndroidEmbedded,pushid:","result":90001,"server_time":1527046124}
05-23 11:28:43.228   925  1359 D RegisterService: notifyRequestFail
05-23 11:28:43.248  1365  1365 D wpa_supplicant: wlan0: Own MAC address: 40:45:da:44:f0:6c
05-23 11:28:43.248  1365  1365 D wpa_supplicant: wpa_driver_nl80211_set_key: ifindex=11 (wlan0) alg=0 addr=0x0 key_idx=0 set_tx=0 seq_len=0 key_len=0
05-23 11:28:43.248  1365  1365 D wpa_supplicant: wpa_driver_nl80211_set_key: ifindex=11 (wlan0) alg=0 addr=0x0 key_idx=1 set_tx=0 seq_len=0 key_len=0
05-23 11:28:43.248  1365  1365 D wpa_supplicant: wpa_driver_nl80211_set_key: ifindex=11 (wlan0) alg=0 addr=0x0 key_idx=2 set_tx=0 seq_len=0 key_len=0
05-23 11:28:43.248  1365  1365 D wpa_supplicant: wpa_driver_nl80211_set_key: ifindex=11 (wlan0) alg=0 addr=0x0 key_idx=3 set_tx=0 seq_len=0 key_len=0
05-23 11:28:43.248  1365  1365 D wpa_supplicant: wlan0: RSN: flushing PMKID list in the driver
05-23 11:28:43.248  1365  1365 D wpa_supplicant: nl80211: Flush PMKIDs
05-23 11:28:43.248  1365  1365 D wpa_supplicant: wlan0: Setting scan request: 0 sec 100000 usec
05-23 11:28:43.248  1365  1365 I wpa_supplicant: nl80211: Enable WOWLAN succeed
05-23 11:28:43.268   167   167 E SLOGCP  : int MediaStorage::check_quota(): data large: 10492328/10M
05-23 11:28:43.268   167   167 E SLOGCP  : virtual void LogPipeHandler::process(int): CP cp_5mode save log error [16(Device or resource busy)]
05-23 11:28:43.278  1365  1365 D wpa_supplicant: TDLS: TDLS operation not supported by driver
05-23 11:28:43.278  1365  1365 D wpa_supplicant: TDLS: Driver uses internal link setup
05-23 11:28:43.278  1365  1365 D wpa_supplicant: WPS: Set UUID for interface wlan0
05-23 11:28:43.278  1365  1365 D wpa_supplicant: WPS: UUID based on MAC address - hexdump(len=16): da 67 2f e8 27 e9 56 e6 93 36 da 8d 95 8a 8d 1e
05-23 11:28:43.308  1365  1365 D wpa_supplicant: EAPOL: SUPP_PAE entering state DISCONNECTED
05-23 11:28:43.308  1365  1365 D wpa_supplicant: EAPOL: Supplicant port status: Unauthorized
05-23 11:28:43.308  1365  1365 D wpa_supplicant: nl80211: Set supplicant port unauthorized for 00:00:00:00:00:00
05-23 11:28:43.308  1365  1365 D wpa_supplicant: EAPOL: KEY_RX entering state NO_KEY_RECEIVE
05-23 11:28:43.308  1365  1365 D wpa_supplicant: EAPOL: SUPP_BE entering state INITIALIZE
05-23 11:28:43.308  1365  1365 D wpa_supplicant: EAP: EAP entering state DISABLED
05-23 11:28:43.308  1365  1365 D wpa_supplicant: EAPOL: Supplicant port status: Unauthorized
05-23 11:28:43.308  1365  1365 D wpa_supplicant: nl80211: Set supplicant port unauthorized for 00:00:00:00:00:00
05-23 11:28:43.308  1365  1365 D wpa_supplicant: EAPOL: Supplicant port status: Unauthorized
05-23 11:28:43.308  1365  1365 D wpa_supplicant: nl80211: Set supplicant port unauthorized for 00:00:00:00:00:00
05-23 11:28:43.308  1365  1365 D wpa_supplicant: Using existing control interface directory.
05-23 11:28:43.318   167   167 E SLOGCP  : int MediaStorage::check_quota(): data large: 10492328/10M
05-23 11:28:43.318   167   167 E SLOGCP  : virtual void LogPipeHandler::process(int): CP cp_5mode save log error [16(Device or resource busy)]
05-23 11:28:43.318  1365  1365 D wpa_supplicant: wlan0: Added interface wlan0
05-23 11:28:43.318  1365  1365 D wpa_supplicant: wlan0: State: DISCONNECTED -> DISCONNECTED
05-23 11:28:43.318  1365  1365 D wpa_supplicant: wpa_driver_nl80211_set_operstate: operstate 0->0 (DORMANT)
05-23 11:28:43.318  1365  1365 D wpa_supplicant: netlink: Operstate: linkmode=-1, operstate=5
05-23 11:28:43.318  1365  1365 D wpa_supplicant: random: Got 18/20 bytes from /dev/random
05-23 11:28:43.318  1365  1365 D wpa_supplicant: CTRL_IFACE monitor attached - hexdump(len=39): 2f 64 61 74 61 2f 6d 69 73 63 2f 77 69 66 69 2f 73 6f 63 6b 65 74 73 2f 77 70 61 5f 63 74 72 6c ...
05-23 11:28:43.328  1365  1365 D wpa_supplicant: RTM_NEWLINK: operstate=0 ifi_flags=0x11043 ([UP][RUNNING][LOWER_UP])
05-23 11:28:43.328  1365  1365 D wpa_supplicant: RTM_NEWLINK, IFLA_IFNAME: Interface 'wlan0' added
05-23 11:28:43.328  1365  1365 D wpa_supplicant: nl80211: if_removed already cleared - ignore event
05-23 11:28:43.328  1365  1365 D wpa_supplicant: RTM_NEWLINK: operstate=0 ifi_flags=0x11003 ([UP][LOWER_UP])
05-23 11:28:43.328  1365  1365 D wpa_supplicant: RTM_NEWLINK, IFLA_IFNAME: Interface 'wlan0' added
05-23 11:28:43.328  1365  1365 D wpa_supplicant: nl80211: if_removed already cleared - ignore event
05-23 11:28:43.338   592   655 D WifiStateMachine: transitionTo: destState=SupplicantStartingState
05-23 11:28:43.338   592   655 D WifiStateMachine: handleMessage: new destination call exit/enter
05-23 11:28:43.338   592   655 D WifiStateMachine: setupTempStateStackWithStatesToEnter: X mTempStateStackCount=1,curStateInfo: state=DefaultState,active=true,parent=null
05-23 11:28:43.338   592   655 D WifiStateMachine: invokeExitMethods: InitialState
05-23 11:28:43.338   592   655 D WifiStateMachine: moveTempStackToStateStack: i=0,j=1
05-23 11:28:43.338   592   655 D WifiStateMachine: moveTempStackToStateStack: X mStateStackTop=1,startingIndex=1,Top=SupplicantStartingState
05-23 11:28:43.338   592   655 D WifiStateMachine: invokeEnterMethods: SupplicantStartingState
05-23 11:28:43.338   592   655 D WifiStateMachine: handleMessage: X
05-23 11:28:43.338   592   655 D WifiStateMachine: handleMessage: E msg.what=131144
05-23 11:28:43.338  1365  1365 D wpa_supplicant: wlan0: State: DISCONNECTED -> SCANNING
05-23 11:28:43.338  1365  1365 D wpa_supplicant: CTRL_IFACE monitor send - hexdump(len=39): 2f 64 61 74 61 2f 6d 69 73 63 2f 77 69 66 69 2f 73 6f 63 6b 65 74 73 2f 77 70 61 5f 63 74 72 6c ...
05-23 11:28:43.338  1365  1365 D wpa_supplicant: wlan0: Starting AP scan for wildcard SSID
05-23 11:28:43.338   592   655 D WifiStateMachine: processMsg: SupplicantStartingState
05-23 11:28:43.338   592  1366 D WifiMonitor: Event [IFNAME=wlan0 CTRL-EVENT-STATE-CHANGE id=-1 state=3 BSSID=00:00:00:00:00:00 SSID=]
05-23 11:28:43.348  1365  1365 D wpa_supplicant: wlan0: nl80211: scan request
05-23 11:28:43.348  1365  1365 D wpa_supplicant: nl80211: Scan SSID - hexdump(len=0): [NULL]
05-23 11:28:43.348   592   655 D WifiStateMachine: deferMessage: msg=131144
05-23 11:28:43.348   592   655 D WifiStateMachine: handleMessage: X
05-23 11:28:43.348   592   655 D WifiStateMachine: handleMessage: E msg.what=131085
05-23 11:28:43.348   592   655 D WifiStateMachine: processMsg: SupplicantStartingState
05-23 11:28:43.348   592   655 D WifiStateMachine: deferMessage: msg=131085
05-23 11:28:43.348   592   655 D WifiStateMachine: handleMessage: X
05-23 11:28:43.348   592   655 D WifiStateMachine: handleMessage: E msg.what=131149
05-23 11:28:43.348   592   655 D WifiStateMachine: processMsg: SupplicantStartingState
05-23 11:28:43.348   592   655 D WifiStateMachine: processMsg: DefaultState
05-23 11:28:43.358   592   655 D WifiStateMachine: setSuspendOptimizations: 2 true
05-23 11:28:43.358   592   655 D WifiStateMachine: mSuspendOptNeedsDisabled 0
05-23 11:28:43.358   592   655 D WifiStateMachine: handleMessage: X
05-23 11:28:43.358   592   655 D WifiStateMachine: handleMessage: E msg.what=131084
05-23 11:28:43.358   592   655 D WifiStateMachine: processMsg: SupplicantStartingState
05-23 11:28:43.358   592   655 D WifiStateMachine: deferMessage: msg=131084
05-23 11:28:43.358   592   655 D WifiStateMachine: handleMessage: X
05-23 11:28:43.358   592   655 D WifiStateMachine: handleMessage: E msg.what=147457
05-23 11:28:43.358   592   655 D WifiStateMachine: processMsg: SupplicantStartingState
05-23 11:28:43.358   592   655 D WifiStateMachine: Supplicant connection established
05-23 11:28:43.368   592   655 D WifiStateMachine: setWifiState: enabled
05-23 11:28:43.368   592   655 D WifiNative-wlan0: doString: DRIVER MACADDR
05-23 11:28:43.368   671   671 D StatusBar.NetworkController: action: android.net.wifi.WIFI_STATE_CHANGED
05-23 11:28:43.368   671   671 D Settings: newValuesVersion = 6
05-23 11:28:43.368   671   671 D Settings: mValues.get(name) = null
05-23 11:28:43.378   925   925 I MainDialog: getRssi:-9999
05-23 11:28:43.378   671   671 D TelephonyManager: getRadioFeatures: phoneId=0
05-23 11:28:43.378   671   671 D TelephonyManager: getRadioCapbility: ssdaMode=tdd-csfb
05-23 11:28:43.378   671   671 D TelephonyManager: getRadioFeatures: rCapbility=TDD_CSFB, testMode=8
05-23 11:28:43.378   671   671 D StatusBar.NetworkController: phoneId: 0  refreshViews:   mAirplaneMode=false emergencyOnly=false wifi_enabled no_wifi mWifiIconId=0x7f020124 mQSWifiIconId=0x7f020073 wifiLabel= mHasMobileDataFeature=true mShowPhoneRSSIForData=false mPhoneSignalIconId=0x7f020107 mDataSignalIconId=0x7f020105/com.android.systemui:drawable/stat_sys_signal_4_sprd Phone_Signal_Level=4 GPRS &NetworkRoaming=false mMobileActivityIconId=0x7f0200c0(mDataActivity=0) mDataTypeIconId=0x7f0200c8/com.android.systemui:drawable/stat_sys_data_fully_connected_4g_ex   combinedSignalIconId=0x7f020105/com.android.systemui:drawable/stat_sys_signal_4_ex mobileLabel=中国移动4G combinedLabel=中国移动4G mLastDataDirectionOverlayIconId=0x7f0200c0
05-23 11:28:43.378   167   167 E SLOGCP  : int MediaStorage::check_quota(): data large: 10492328/10M
05-23 11:28:43.378   167   167 E SLOGCP  : virtual void LogPipeHandler::process(int): CP cp_5mode save log error [16(Device or resource busy)]
05-23 11:28:43.388   671   671 D Settings: newValuesVersion = 2
05-23 11:28:43.388   671   671 D Settings: mValues.get(name) = 0
05-23 11:28:43.388   671   671 D Settings: newValuesVersion = 6
05-23 11:28:43.388   671   671 D Settings: mValues.get(name) = null
05-23 11:28:43.388   671   671 D QuickSettingsModel: isStandby = true
05-23 11:28:43.388   671   671 D Settings: newValuesVersion = 6
05-23 11:28:43.388   671   671 D Settings: mValues.get(name) = null
05-23 11:28:43.388   671   671 D QuickSettingsModel: onVoWifiChanged multiModeSlot = 0 isVoWifiAvailable = false isStandby = true
05-23 11:28:43.388   671   671 D Settings: newValuesVersion = 2
05-23 11:28:43.388   671   671 D Settings: mValues.get(name) = 0
05-23 11:28:43.388   671   671 D Settings: newValuesVersion = 6
05-23 11:28:43.388   671   671 D Settings: mValues.get(name) = null
05-23 11:28:43.388   671   671 D QuickSettingsModel: isStandby = true
05-23 11:28:43.398   671   671 D Settings: newValuesVersion = 6
05-23 11:28:43.398   671   671 D Settings: mValues.get(name) = null
05-23 11:28:43.398   671   671 D QuickSettingsModel: onVoWifiChanged multiModeSlot = 0 isVoWifiAvailable = false isStandby = true
05-23 11:28:43.408   700   700 D Settings: newValuesVersion = 5
05-23 11:28:43.408   700   700 D Settings: mValues.get(name) = null
05-23 11:28:43.418   167   167 E SLOGCP  : int MediaStorage::check_quota(): data large: 10492328/10M
05-23 11:28:43.418   167   167 E SLOGCP  : virtual void LogPipeHandler::process(int): CP cp_5mode save log error [16(Device or resource busy)]
05-23 11:28:43.418   671   671 D StatusBar.NetworkController: onDataActivity: direction=3 phoneId=0
05-23 11:28:43.418   671   671 D StatusBar.NetworkController: mDataDirectionIconId end :7f0200c8  true
05-23 11:28:43.418   671   671 D TelephonyManager: getRadioFeatures: phoneId=0
05-23 11:28:43.418   671   671 D TelephonyManager: getRadioCapbility: ssdaMode=tdd-csfb
05-23 11:28:43.418   671   671 D TelephonyManager: getRadioFeatures: rCapbility=TDD_CSFB, testMode=8
05-23 11:28:43.418   671   671 D StatusBar.NetworkController: phoneId: 0  refreshViews:   mAirplaneMode=false emergencyOnly=false wifi_enabled no_wifi mWifiIconId=0x7f020124 mQSWifiIconId=0x7f020073 wifiLabel= mHasMobileDataFeature=true mShowPhoneRSSIForData=false mPhoneSignalIconId=0x7f020107 mDataSignalIconId=0x7f020105/com.android.systemui:drawable/stat_sys_signal_4_sprd Phone_Signal_Level=4 GPRS &NetworkRoaming=false mMobileActivityIconId=0x7f0200dc(mDataActivity=3) mDataTypeIconId=0x7f0200c8/com.android.systemui:drawable/stat_sys_data_fully_connected_4g_ex   combinedSignalIconId=0x7f020105/com.android.systemui:drawable/stat_sys_signal_4_ex mobileLabel=中国移动4G combinedLabel=中国移动4G mLastDataDirectionOverlayIconId=0x7f0200c0
05-23 11:28:43.418   671   671 D Settings: newValuesVersion = 2
05-23 11:28:43.418   671   671 D Settings: mValues.get(name) = 0
05-23 11:28:43.418   671   671 D Settings: newValuesVersion = 6
05-23 11:28:43.418   671   671 D Settings: mValues.get(name) = null
05-23 11:28:43.418   671   671 D QuickSettingsModel: isStandby = true
05-23 11:28:43.418   671   671 D Settings: newValuesVersion = 6
05-23 11:28:43.418   671   671 D Settings: mValues.get(name) = null
05-23 11:28:43.418   671   671 D QuickSettingsModel: onVoWifiChanged multiModeSlot = 0 isVoWifiAvailable = false isStandby = true
05-23 11:28:43.428   671   671 D Settings: newValuesVersion = 2
05-23 11:28:43.428   671   671 D Settings: mValues.get(name) = 0
05-23 11:28:43.428   671   671 D Settings: newValuesVersion = 6
05-23 11:28:43.428   671   671 D Settings: mValues.get(name) = null
05-23 11:28:43.428   671   671 D QuickSettingsModel: isStandby = true
05-23 11:28:43.428   671   671 D Settings: newValuesVersion = 6
05-23 11:28:43.428   671   671 D Settings: mValues.get(name) = null
05-23 11:28:43.428   671   671 D QuickSettingsModel: onVoWifiChanged multiModeSlot = 0 isVoWifiAvailable = false isStandby = true
05-23 11:28:43.428   671   671 D StatusBar.NetworkController: changing data overlay icon id to 2130837724
05-23 11:28:43.518   592  1022 D LCS_Agent: [agent_task]: event=16
05-23 11:28:43.518   592  1022 D LCS_Agent: [agent_task]:recv timer event = 16!
05-23 11:28:43.528   592  1022 D LCS_Agent: [agent_recv_timer_evt]: Entry point
05-23 11:28:43.528   180   214 D phoneserver: rsrp[0]=80,rscp[0]=255,rxlev[0]=99 ind_str= 
05-23 11:28:43.528   180   214 D phoneserver: +CESQ: 99,99,255,255,29,80
05-23 11:28:43.538   671   671 D StatusBar.NetworkController: onSignalStrengthsChanged on phoneId0signalStrength=SignalStrength: 99 -1 -120 -160 -120 -1 -1 99 -80 2147483647 2147483647 2147483647 gsm|lte level=4LTELevel=4
05-23 11:28:43.538   925   925 D MainDialog:  oldLevel = 4 level = 4 isSimAvail = true
05-23 11:28:43.538   671   671 D StatusBar.NetworkController: phoneid=0 isexist=true  5
05-23 11:28:43.538   671   671 D StatusBar.NetworkController: isSupportLTE = false  isCardAbsent = false
05-23 11:28:43.538   671   671 D Settings: newValuesVersion = 6
05-23 11:28:43.538   671   671 D Settings: mValues.get(name) = null
05-23 11:28:43.538   671   671 E StatusBar.NetworkController: mServiceState[phoneId].getState(): 0
05-23 11:28:43.548   671   671 E StatusBar.NetworkController: mServiceState[phoneId].getDataRegState(): 0
05-23 11:28:43.548   671   671 D TelephonyManager: getRadioFeatures: phoneId=0
05-23 11:28:43.548   671   671 D TelephonyManager: getRadioCapbility: ssdaMode=tdd-csfb
05-23 11:28:43.548   671   671 D TelephonyManager: getRadioFeatures: rCapbility=TDD_CSFB, testMode=8
05-23 11:28:43.548   671   671 D StatusBar.NetworkController: phoneId = 0 colorIndex = 0 mInetCondition=0 iconLevel=4
05-23 11:28:43.548   671   671 D TelephonyManager: getRadioFeatures: phoneId=0
05-23 11:28:43.548   671   671 D TelephonyManager: getRadioCapbility: ssdaMode=tdd-csfb
05-23 11:28:43.548   671   671 D TelephonyManager: getRadioFeatures: rCapbility=TDD_CSFB, testMode=8
05-23 11:28:43.548   671   671 D TelephonyManager: getRadioFeatures: phoneId=0
05-23 11:28:43.548   671   671 D TelephonyManager: getRadioCapbility: ssdaMode=tdd-csfb
05-23 11:28:43.548   671   671 D TelephonyManager: getRadioFeatures: rCapbility=TDD_CSFB, testMode=8
05-23 11:28:43.548   671   671 D StatusBar.NetworkController: phoneId: 0  refreshViews:   mAirplaneMode=false emergencyOnly=false wifi_enabled no_wifi mWifiIconId=0x7f020124 mQSWifiIconId=0x7f020073 wifiLabel= mHasMobileDataFeature=true mShowPhoneRSSIForData=false mPhoneSignalIconId=0x7f020107 mDataSignalIconId=0x7f020105/com.android.systemui:drawable/stat_sys_signal_4_sprd Phone_Signal_Level=4 GPRS &NetworkRoaming=false mMobileActivityIconId=0x7f0200dc(mDataActivity=3) mDataTypeIconId=0x7f0200c8/com.android.systemui:drawable/stat_sys_data_fully_connected_4g_ex   combinedSignalIconId=0x7f020105/com.android.systemui:drawable/stat_sys_signal_4_ex mobileLabel=中国移动4G combinedLabel=中国移动4G mLastDataDirectionOverlayIconId=0x7f0200dc
05-23 11:28:43.548   671   671 D Settings: newValuesVersion = 2
05-23 11:28:43.548   671   671 D Settings: mValues.get(name) = 0
05-23 11:28:43.548   671   671 D Settings: newValuesVersion = 6
05-23 11:28:43.548   671   671 D Settings: mValues.get(name) = null
05-23 11:28:43.548   671   671 D QuickSettingsModel: isStandby = true
05-23 11:28:43.548   671   671 D Settings: newValuesVersion = 6
05-23 11:28:43.548   671   671 D Settings: mValues.get(name) = null
05-23 11:28:43.548   671   671 D QuickSettingsModel: onVoWifiChanged multiModeSlot = 0 isVoWifiAvailable = false isStandby = true
05-23 11:28:43.878   167   167 E SLOGCP  : int MediaStorage::check_quota(): data large: 10492328/10M
05-23 11:28:43.878   167   167 E SLOGCP  : virtual void LogPipeHandler::process(int): CP cp_5mode save log error [16(Device or resource busy)]
05-23 11:28:44.049   167   167 E SLOGCP  : int MediaStorage::check_quota(): data large: 10492328/10M
05-23 11:28:44.049   167   167 E SLOGCP  : virtual void LogPipeHandler::process(int): CP cp_5mode save log error [16(Device or resource busy)]
05-23 11:28:44.149  1365  1365 D wpa_supplicant: Scan requested (ret=0) - scan timeout 10 seconds
05-23 11:28:44.159  1365  1365 D wpa_supplicant: RX ctrl_iface - hexdump(len=14): 44 52 49 56 45 52 20 4d 41 43 41 44 44 52
05-23 11:28:44.159  1365  1365 D wpa_supplicant: wlan0: Control interface command 'DRIVER MACADDR'
05-23 11:28:44.159   592   655 D WifiNative-wlan0:    returned Macaddr = 40:45:da:44:f0:6c
05-23 11:28:44.159   592   655 D WifiConfigStore: Loading config and enabling all networks
05-23 11:28:44.159   592   655 D WifiNative-wlan0: doString: LIST_NETWORKS
05-23 11:28:44.159  1365  1365 D wpa_supplicant: nl80211: Event message available
05-23 11:28:44.159  1365  1365 D wpa_supplicant: nl80211: Drv Event 33 (NL80211_CMD_TRIGGER_SCAN) received for wlan0
05-23 11:28:44.169  1365  1365 D wpa_supplicant: wlan0: nl80211: Scan trigger
05-23 11:28:44.169  1365  1365 D wpa_supplicant: RX ctrl_iface - hexdump(len=13): 4c 49 53 54 5f 4e 45 54 57 4f 52 4b 53
05-23 11:28:44.169  1365  1365 D wpa_supplicant: wlan0: Control interface command 'LIST_NETWORKS'
05-23 11:28:44.169   592   655 D WifiNative-wlan0:    returned network id / ssid / bssid / flags
05-23 11:28:44.169   592   655 D WifiNative-wlan0: 0	Perlan	any	
05-23 11:28:44.169   592   655 D WifiNative-wlan0: doString: GET_NETWORK 0 ssid
05-23 11:28:44.189  1365  1365 D wpa_supplicant: RX ctrl_iface - hexdump(len=18): 47 45 54 5f 4e 45 54 57 4f 52 4b 20 30 20 73 73 69 64
05-23 11:28:44.189  1365  1365 D wpa_supplicant: wlan0: Control interface command 'GET_NETWORK 0 ssid'
05-23 11:28:44.189  1365  1365 D wpa_supplicant: CTRL_IFACE: GET_NETWORK id=0 name='ssid'
05-23 11:28:44.189   592   655 D WifiNative-wlan0: doString: GET_NETWORK 0 bssid
05-23 11:28:44.189  1365  1365 D wpa_supplicant: RX ctrl_iface - hexdump(len=19): 47 45 54 5f 4e 45 54 57 4f 52 4b 20 30 20 62 73 73 69 64
05-23 11:28:44.189  1365  1365 D wpa_supplicant: wlan0: Control interface command 'GET_NETWORK 0 bssid'
05-23 11:28:44.189  1365  1365 D wpa_supplicant: CTRL_IFACE: GET_NETWORK id=0 name='bssid'
05-23 11:28:44.189  1365  1365 D wpa_supplicant: CTRL_IFACE: Failed to get network variable 'bssid'
05-23 11:28:44.189   592   655 D WifiNative-wlan0: doString: GET_NETWORK 0 priority
05-23 11:28:44.199  1365  1365 D wpa_supplicant: RX ctrl_iface - hexdump(len=22): 47 45 54 5f 4e 45 54 57 4f 52 4b 20 30 20 70 72 69 6f 72 69 74 79
05-23 11:28:44.199  1365  1365 D wpa_supplicant: wlan0: Control interface command 'GET_NETWORK 0 priority'
05-23 11:28:44.199  1365  1365 D wpa_supplicant: CTRL_IFACE: GET_NETWORK id=0 name='priority'
05-23 11:28:44.199   592   655 D WifiNative-wlan0: doString: GET_NETWORK 0 eap_sim_slot
05-23 11:28:44.199  1365  1365 D wpa_supplicant: RX ctrl_iface - hexdump(len=26): 47 45 54 5f 4e 45 54 57 4f 52 4b 20 30 20 65 61 70 5f 73 69 6d 5f 73 6c 6f 74
05-23 11:28:44.199  1365  1365 D wpa_supplicant: wlan0: Control interface command 'GET_NETWORK 0 eap_sim_slot'
05-23 11:28:44.199  1365  1365 D wpa_supplicant: CTRL_IFACE: GET_NETWORK id=0 name='eap_sim_slot'
05-23 11:28:44.199   592   655 D WifiNative-wlan0: doString: GET_NETWORK 0 scan_ssid
05-23 11:28:44.209  1365  1365 D wpa_supplicant: RX ctrl_iface - hexdump(len=23): 47 45 54 5f 4e 45 54 57 4f 52 4b 20 30 20 73 63 61 6e 5f 73 73 69 64
05-23 11:28:44.209  1365  1365 D wpa_supplicant: wlan0: Control interface command 'GET_NETWORK 0 scan_ssid'
05-23 11:28:44.209  1365  1365 D wpa_supplicant: CTRL_IFACE: GET_NETWORK id=0 name='scan_ssid'
05-23 11:28:44.209   592   655 D WifiNative-wlan0: doString: GET_NETWORK 0 wep_tx_keyidx
05-23 11:28:44.209  1365  1365 D wpa_supplicant: RX ctrl_iface - hexdump(len=27): 47 45 54 5f 4e 45 54 57 4f 52 4b 20 30 20 77 65 70 5f 74 78 5f 6b 65 79 69 64 78
05-23 11:28:44.209  1365  1365 D wpa_supplicant: wlan0: Control interface command 'GET_NETWORK 0 wep_tx_keyidx'
05-23 11:28:44.209  1365  1365 D wpa_supplicant: CTRL_IFACE: GET_NETWORK id=0 name='wep_tx_keyidx'
05-23 11:28:44.209   592   655 D WifiNative-wlan0: doString: GET_NETWORK 0 wep_key0
05-23 11:28:44.209  1365  1365 D wpa_supplicant: RX ctrl_iface - hexdump(len=22): 47 45 54 5f 4e 45 54 57 4f 52 4b 20 30 20 77 65 70 5f 6b 65 79 30
05-23 11:28:44.209  1365  1365 D wpa_supplicant: wlan0: Control interface command 'GET_NETWORK 0 wep_key0'
05-23 11:28:44.209  1365  1365 D wpa_supplicant: CTRL_IFACE: GET_NETWORK id=0 name='wep_key0'
05-23 11:28:44.209  1365  1365 D wpa_supplicant: CTRL_IFACE: Failed to get network variable 'wep_key0'
05-23 11:28:44.209   592   655 D WifiNative-wlan0: doString: GET_NETWORK 0 wep_key1
05-23 11:28:44.209  1365  1365 D wpa_supplicant: RX ctrl_iface - hexdump(len=22): 47 45 54 5f 4e 45 54 57 4f 52 4b 20 30 20 77 65 70 5f 6b 65 79 31
05-23 11:28:44.209  1365  1365 D wpa_supplicant: wlan0: Control interface command 'GET_NETWORK 0 wep_key1'
05-23 11:28:44.209  1365  1365 D wpa_supplicant: CTRL_IFACE: GET_NETWORK id=0 name='wep_key1'
05-23 11:28:44.209  1365  1365 D wpa_supplicant: CTRL_IFACE: Failed to get network variable 'wep_key1'
05-23 11:28:44.209   592   655 D WifiNative-wlan0: doString: GET_NETWORK 0 wep_key2
05-23 11:28:44.219  1365  1365 D wpa_supplicant: RX ctrl_iface - hexdump(len=22): 47 45 54 5f 4e 45 54 57 4f 52 4b 20 30 20 77 65 70 5f 6b 65 79 32
05-23 11:28:44.219  1365  1365 D wpa_supplicant: wlan0: Control interface command 'GET_NETWORK 0 wep_key2'
05-23 11:28:44.219  1365  1365 D wpa_supplicant: CTRL_IFACE: GET_NETWORK id=0 name='wep_key2'
05-23 11:28:44.219  1365  1365 D wpa_supplicant: CTRL_IFACE: Failed to get network variable 'wep_key2'
05-23 11:28:44.219   592   655 D WifiNative-wlan0: doString: GET_NETWORK 0 wep_key3
05-23 11:28:44.239   167   167 E SLOGCP  : int MediaStorage::check_quota(): data large: 10492328/10M
05-23 11:28:44.239   167   167 E SLOGCP  : virtual void LogPipeHandler::process(int): CP cp_5mode save log error [16(Device or resource busy)]
05-23 11:28:44.239  1365  1365 D wpa_supplicant: RX ctrl_iface - hexdump(len=22): 47 45 54 5f 4e 45 54 57 4f 52 4b 20 30 20 77 65 70 5f 6b 65 79 33
05-23 11:28:44.239  1365  1365 D wpa_supplicant: wlan0: Control interface command 'GET_NETWORK 0 wep_key3'
05-23 11:28:44.239  1365  1365 D wpa_supplicant: CTRL_IFACE: GET_NETWORK id=0 name='wep_key3'
05-23 11:28:44.239  1365  1365 D wpa_supplicant: CTRL_IFACE: Failed to get network variable 'wep_key3'
05-23 11:28:44.239   592   655 D WifiNative-wlan0: doString: GET_NETWORK 0 psk
05-23 11:28:44.239  1365  1365 D wpa_supplicant: RX ctrl_iface - hexdump(len=17): 47 45 54 5f 4e 45 54 57 4f 52 4b 20 30 20 70 73 6b
05-23 11:28:44.239  1365  1365 D wpa_supplicant: wlan0: Control interface command 'GET_NETWORK 0 psk'
05-23 11:28:44.239  1365  1365 D wpa_supplicant: CTRL_IFACE: GET_NETWORK id=0 name='psk'
05-23 11:28:44.239  1365  1365 D wpa_supplicant: Do not allow key_data field to be exposed
05-23 11:28:44.239   592   655 D WifiNative-wlan0: doString: GET_NETWORK 0 proto
05-23 11:28:44.239  1365  1365 D wpa_supplicant: RX ctrl_iface - hexdump(len=19): 47 45 54 5f 4e 45 54 57 4f 52 4b 20 30 20 70 72 6f 74 6f
05-23 11:28:44.239  1365  1365 D wpa_supplicant: wlan0: Control interface command 'GET_NETWORK 0 proto'
05-23 11:28:44.239  1365  1365 D wpa_supplicant: CTRL_IFACE: GET_NETWORK id=0 name='proto'
05-23 11:28:44.239   592   655 D WifiNative-wlan0: doString: GET_NETWORK 0 key_mgmt
05-23 11:28:44.239  1365  1365 D wpa_supplicant: RX ctrl_iface - hexdump(len=22): 47 45 54 5f 4e 45 54 57 4f 52 4b 20 30 20 6b 65 79 5f 6d 67 6d 74
05-23 11:28:44.239  1365  1365 D wpa_supplicant: wlan0: Control interface command 'GET_NETWORK 0 key_mgmt'
05-23 11:28:44.239  1365  1365 D wpa_supplicant: CTRL_IFACE: GET_NETWORK id=0 name='key_mgmt'
05-23 11:28:44.249   592   655 D WifiNative-wlan0: doString: GET_NETWORK 0 auth_alg
05-23 11:28:44.249  1365  1365 D wpa_supplicant: RX ctrl_iface - hexdump(len=22): 47 45 54 5f 4e 45 54 57 4f 52 4b 20 30 20 61 75 74 68 5f 61 6c 67
05-23 11:28:44.249  1365  1365 D wpa_supplicant: wlan0: Control interface command 'GET_NETWORK 0 auth_alg'
05-23 11:28:44.249  1365  1365 D wpa_supplicant: CTRL_IFACE: GET_NETWORK id=0 name='auth_alg'
05-23 11:28:44.249   592   655 D WifiNative-wlan0: doString: GET_NETWORK 0 pairwise
05-23 11:28:44.249  1365  1365 D wpa_supplicant: RX ctrl_iface - hexdump(len=22): 47 45 54 5f 4e 45 54 57 4f 52 4b 20 30 20 70 61 69 72 77 69 73 65
05-23 11:28:44.249  1365  1365 D wpa_supplicant: wlan0: Control interface command 'GET_NETWORK 0 pairwise'
05-23 11:28:44.249  1365  1365 D wpa_supplicant: CTRL_IFACE: GET_NETWORK id=0 name='pairwise'
05-23 11:28:44.249   592   655 D WifiNative-wlan0: doString: GET_NETWORK 0 group
05-23 11:28:44.259  1365  1365 D wpa_supplicant: RX ctrl_iface - hexdump(len=19): 47 45 54 5f 4e 45 54 57 4f 52 4b 20 30 20 67 72 6f 75 70
05-23 11:28:44.259  1365  1365 D wpa_supplicant: wlan0: Control interface command 'GET_NETWORK 0 group'
05-23 11:28:44.259  1365  1365 D wpa_supplicant: CTRL_IFACE: GET_NETWORK id=0 name='group'
05-23 11:28:44.259   592   655 D WifiNative-wlan0: doString: GET_NETWORK 0 eap
05-23 11:28:44.259  1365  1365 D wpa_supplicant: RX ctrl_iface - hexdump(len=17): 47 45 54 5f 4e 45 54 57 4f 52 4b 20 30 20 65 61 70
05-23 11:28:44.259  1365  1365 D wpa_supplicant: wlan0: Control interface command 'GET_NETWORK 0 eap'
05-23 11:28:44.259  1365  1365 D wpa_supplicant: CTRL_IFACE: GET_NETWORK id=0 name='eap'
05-23 11:28:44.259  1365  1365 D wpa_supplicant: CTRL_IFACE: Failed to get network variable 'eap'
05-23 11:28:44.259   592   655 D WifiNative-wlan0: doString: GET_NETWORK 0 phase2
05-23 11:28:44.269  1365  1365 D wpa_supplicant: RX ctrl_iface - hexdump(len=20): 47 45 54 5f 4e 45 54 57 4f 52 4b 20 30 20 70 68 61 73 65 32
05-23 11:28:44.269  1365  1365 D wpa_supplicant: wlan0: Control interface command 'GET_NETWORK 0 phase2'
05-23 11:28:44.269  1365  1365 D wpa_supplicant: CTRL_IFACE: GET_NETWORK id=0 name='phase2'
05-23 11:28:44.269  1365  1365 D wpa_supplicant: CTRL_IFACE: Failed to get network variable 'phase2'
05-23 11:28:44.269   592   655 D WifiNative-wlan0: doString: GET_NETWORK 0 identity
05-23 11:28:44.269  1365  1365 D wpa_supplicant: RX ctrl_iface - hexdump(len=22): 47 45 54 5f 4e 45 54 57 4f 52 4b 20 30 20 69 64 65 6e 74 69 74 79
05-23 11:28:44.269  1365  1365 D wpa_supplicant: wlan0: Control interface command 'GET_NETWORK 0 identity'
05-23 11:28:44.269  1365  1365 D wpa_supplicant: CTRL_IFACE: GET_NETWORK id=0 name='identity'
05-23 11:28:44.269  1365  1365 D wpa_supplicant: CTRL_IFACE: Failed to get network variable 'identity'
05-23 11:28:44.269   592   655 D WifiNative-wlan0: doString: GET_NETWORK 0 anonymous_identity
05-23 11:28:44.269  1365  1365 D wpa_supplicant: RX ctrl_iface - hexdump(len=32): 47 45 54 5f 4e 45 54 57 4f 52 4b 20 30 20 61 6e 6f 6e 79 6d 6f 75 73 5f 69 64 65 6e 74 69 74 79
05-23 11:28:44.269  1365  1365 D wpa_supplicant: wlan0: Control interface command 'GET_NETWORK 0 anonymous_identity'
05-23 11:28:44.269  1365  1365 D wpa_supplicant: CTRL_IFACE: GET_NETWORK id=0 name='anonymous_identity'
05-23 11:28:44.269  1365  1365 D wpa_supplicant: CTRL_IFACE: Failed to get network variable 'anonymous_identity'
05-23 11:28:44.269   592   655 D WifiNative-wlan0: doString: GET_NETWORK 0 password
05-23 11:28:44.279  1365  1365 D wpa_supplicant: RX ctrl_iface - hexdump(len=22): 47 45 54 5f 4e 45 54 57 4f 52 4b 20 30 20 70 61 73 73 77 6f 72 64
05-23 11:28:44.279  1365  1365 D wpa_supplicant: wlan0: Control interface command 'GET_NETWORK 0 password'
05-23 11:28:44.279  1365  1365 D wpa_supplicant: CTRL_IFACE: GET_NETWORK id=0 name='password'
05-23 11:28:44.279  1365  1365 D wpa_supplicant: CTRL_IFACE: Failed to get network variable 'password'
05-23 11:28:44.279   592   655 D WifiNative-wlan0: doString: GET_NETWORK 0 client_cert
05-23 11:28:44.279  1365  1365 D wpa_supplicant: RX ctrl_iface - hexdump(len=25): 47 45 54 5f 4e 45 54 57 4f 52 4b 20 30 20 63 6c 69 65 6e 74 5f 63 65 72 74
05-23 11:28:44.279  1365  1365 D wpa_supplicant: wlan0: Control interface command 'GET_NETWORK 0 client_cert'
05-23 11:28:44.279  1365  1365 D wpa_supplicant: CTRL_IFACE: GET_NETWORK id=0 name='client_cert'
05-23 11:28:44.279  1365  1365 D wpa_supplicant: CTRL_IFACE: Failed to get network variable 'client_cert'
05-23 11:28:44.279   592   655 D WifiNative-wlan0: doString: GET_NETWORK 0 ca_cert
05-23 11:28:44.279  1365  1365 D wpa_supplicant: RX ctrl_iface - hexdump(len=21): 47 45 54 5f 4e 45 54 57 4f 52 4b 20 30 20 63 61 5f 63 65 72 74
05-23 11:28:44.279  1365  1365 D wpa_supplicant: wlan0: Control interface command 'GET_NETWORK 0 ca_cert'
05-23 11:28:44.279  1365  1365 D wpa_supplicant: CTRL_IFACE: GET_NETWORK id=0 name='ca_cert'
05-23 11:28:44.279  1365  1365 D wpa_supplicant: CTRL_IFACE: Failed to get network variable 'ca_cert'
05-23 11:28:44.279   592   655 D WifiNative-wlan0: doString: GET_NETWORK 0 subject_match
05-23 11:28:44.289  1365  1365 D wpa_supplicant: RX ctrl_iface - hexdump(len=27): 47 45 54 5f 4e 45 54 57 4f 52 4b 20 30 20 73 75 62 6a 65 63 74 5f 6d 61 74 63 68
05-23 11:28:44.289  1365  1365 D wpa_supplicant: wlan0: Control interface command 'GET_NETWORK 0 subject_match'
05-23 11:28:44.289  1365  1365 D wpa_supplicant: CTRL_IFACE: GET_NETWORK id=0 name='subject_match'
05-23 11:28:44.289  1365  1365 D wpa_supplicant: CTRL_IFACE: Failed to get network variable 'subject_match'
05-23 11:28:44.289   592   655 D WifiNative-wlan0: doString: GET_NETWORK 0 engine
05-23 11:28:44.289  1365  1365 D wpa_supplicant: RX ctrl_iface - hexdump(len=20): 47 45 54 5f 4e 45 54 57 4f 52 4b 20 30 20 65 6e 67 69 6e 65
05-23 11:28:44.289  1365  1365 D wpa_supplicant: wlan0: Control interface command 'GET_NETWORK 0 engine'
05-23 11:28:44.289  1365  1365 D wpa_supplicant: CTRL_IFACE: GET_NETWORK id=0 name='engine'
05-23 11:28:44.289   592   655 D WifiNative-wlan0: doString: GET_NETWORK 0 engine_id
05-23 11:28:44.289  1365  1365 D wpa_supplicant: RX ctrl_iface - hexdump(len=23): 47 45 54 5f 4e 45 54 57 4f 52 4b 20 30 20 65 6e 67 69 6e 65 5f 69 64
05-23 11:28:44.289  1365  1365 D wpa_supplicant: wlan0: Control interface command 'GET_NETWORK 0 engine_id'
