05-23 11:28:47.232   925   925 I MainDialog: getRssi:-200
05-23 11:28:47.232  1376  1376 D wpa_supplicant: PSK (from passphrase) - hexdump(len=32): [REMOVED]
05-23 11:28:47.232  1376  1376 D wpa_supplicant: Priority group 1
05-23 11:28:47.232  1376  1376 D wpa_supplicant:    id=0 ssid='Perlan'
05-23 11:28:47.232  1376  1376 D wpa_supplicant: WAPI:  WIFI_lib_init 
05-23 11:28:47.232  1376  1376 I wpa_supplicant: rfkill: Cannot open RFKILL control device
05-23 11:28:47.232  1376  1376 D wpa_supplicant: nl80211: RFKILL status not available
05-23 11:28:47.232  1376  1376 D wpa_supplicant: nl80211: Disable use_monitor with device_ap_sme since no monitor mode support detected
05-23 11:28:47.232  1376  1376 D wpa_supplicant: nl80211: interface wlan0 in phy phy1
05-23 11:28:47.232  1376  1376 D wpa_supplicant: nl80211: Set mode ifindex 13 iftype 2 (STATION)
05-23 11:28:47.242  1376  1376 D wpa_supplicant: nl80211: Subscribe to mgmt frames with non-AP handle 0xb7b49be0
05-23 11:28:47.242  1376  1376 D wpa_supplicant: nl80211: Register frame type=0xd0 nl_handle=0xb7b49be0
05-23 11:28:47.242  1376  1376 D wpa_supplicant: nl80211: Register frame match - hexdump(len=2): 04 0a
05-23 11:28:47.242  1376  1376 D wpa_supplicant: nl80211: Register frame type=0xd0 nl_handle=0xb7b49be0
05-23 11:28:47.242  1376  1376 D wpa_supplicant: nl80211: Register frame match - hexdump(len=2): 04 0b
05-23 11:28:47.242  1376  1376 D wpa_supplicant: nl80211: Register frame type=0xd0 nl_handle=0xb7b49be0
05-23 11:28:47.242  1376  1376 D wpa_supplicant: nl80211: Register frame match - hexdump(len=2): 04 0c
05-23 11:28:47.242  1376  1376 D wpa_supplicant: nl80211: Register frame type=0xd0 nl_handle=0xb7b49be0
05-23 11:28:47.252  1376  1376 D wpa_supplicant: nl80211: Register frame match - hexdump(len=2): 04 0d
05-23 11:28:47.252  1376  1376 D wpa_supplicant: nl80211: Register frame type=0xd0 nl_handle=0xb7b49be0
05-23 11:28:47.252  1376  1376 D wpa_supplicant: nl80211: Register frame match - hexdump(len=6): 04 09 50 6f 9a 09
05-23 11:28:47.252  1376  1376 D wpa_supplicant: nl80211: Register frame type=0xd0 nl_handle=0xb7b49be0
05-23 11:28:47.252  1376  1376 D wpa_supplicant: nl80211: Register frame match - hexdump(len=5): 7f 50 6f 9a 09
05-23 11:28:47.252  1376  1376 D wpa_supplicant: nl80211: Register frame type=0xd0 nl_handle=0xb7b49be0
05-23 11:28:47.252  1376  1376 D wpa_supplicant: nl80211: Register frame match - hexdump(len=1): 06
05-23 11:28:47.252  1376  1376 D wpa_supplicant: nl80211: Register frame type=0xd0 nl_handle=0xb7b49be0
05-23 11:28:47.252  1376  1376 D wpa_supplicant: nl80211: Register frame match - hexdump(len=2): 0a 07
05-23 11:28:47.252  1376  1376 D wpa_supplicant: nl80211: Register frame type=0xd0 nl_handle=0xb7b49be0
05-23 11:28:47.252  1376  1376 D wpa_supplicant: nl80211: Register frame match - hexdump(len=2): 0a 11
05-23 11:28:47.252   592   611 D Tethering: interfaceLinkStateChanged wlan0, true
05-23 11:28:47.252   592   611 D Tethering: interfaceStatusChanged wlan0, true
05-23 11:28:47.252  1376  1376 D wpa_supplicant: netlink: Operstate: linkmode=1, operstate=5
05-23 11:28:47.252   592   611 D Tethering: interfaceLinkStateChanged wlan0, true
05-23 11:28:47.252   592   611 D Tethering: interfaceStatusChanged wlan0, true
05-23 11:28:47.252  1376  1376 D wpa_supplicant: nl80211: driver param='(null)'
05-23 11:28:47.252  1376  1376 D wpa_supplicant: nl80211: Regulatory information - country=00
05-23 11:28:47.262  1376  1376 D wpa_supplicant: nl80211: 2402-2472 @ 40 MHz
05-23 11:28:47.262  1376  1376 D wpa_supplicant: nl80211: 2457-2482 @ 40 MHz
05-23 11:28:47.262  1376  1376 D wpa_supplicant: nl80211: 2474-2494 @ 20 MHz
05-23 11:28:47.262  1376  1376 D wpa_supplicant: nl80211: 5170-5250 @ 80 MHz
05-23 11:28:47.262  1376  1376 D wpa_supplicant: nl80211: 5735-5835 @ 80 MHz
05-23 11:28:47.262  1376  1376 D wpa_supplicant: nl80211: 57240-63720 @ 2160 MHz
05-23 11:28:47.262  1376  1376 D wpa_supplicant: nl80211: Added 802.11b mode based on 802.11g information
05-23 11:28:47.262   167   167 E SLOGCP  : int MediaStorage::check_quota(): data large: 10492328/10M
05-23 11:28:47.262   167   167 E SLOGCP  : virtual void LogPipeHandler::process(int): CP cp_5mode save log error [16(Device or resource busy)]
05-23 11:28:47.322  1376  1376 D wpa_supplicant: WAPI: Create layer2 socket for WAI TX/RX 
05-23 11:28:47.322   167   167 E SLOGCP  : int MediaStorage::check_quota(): data large: 10492328/10M
05-23 11:28:47.322   167   167 E SLOGCP  : virtual void LogPipeHandler::process(int): CP cp_5mode save log error [16(Device or resource busy)]
05-23 11:28:47.382   167   167 E SLOGCP  : int MediaStorage::check_quota(): data large: 10492328/10M
05-23 11:28:47.382   167   167 E SLOGCP  : virtual void LogPipeHandler::process(int): CP cp_5mode save log error [16(Device or resource busy)]
05-23 11:28:47.382  1376  1376 D wpa_supplicant: wlan0: Own MAC address: 40:45:da:44:f0:6c
05-23 11:28:47.382  1376  1376 D wpa_supplicant: wpa_driver_nl80211_set_key: ifindex=13 (wlan0) alg=0 addr=0x0 key_idx=0 set_tx=0 seq_len=0 key_len=0
05-23 11:28:47.382  1376  1376 D wpa_supplicant: wpa_driver_nl80211_set_key: ifindex=13 (wlan0) alg=0 addr=0x0 key_idx=1 set_tx=0 seq_len=0 key_len=0
05-23 11:28:47.382  1376  1376 D wpa_supplicant: wpa_driver_nl80211_set_key: ifindex=13 (wlan0) alg=0 addr=0x0 key_idx=2 set_tx=0 seq_len=0 key_len=0
05-23 11:28:47.382  1376  1376 D wpa_supplicant: wpa_driver_nl80211_set_key: ifindex=13 (wlan0) alg=0 addr=0x0 key_idx=3 set_tx=0 seq_len=0 key_len=0
05-23 11:28:47.382  1376  1376 D wpa_supplicant: wlan0: RSN: flushing PMKID list in the driver
05-23 11:28:47.382  1376  1376 D wpa_supplicant: nl80211: Flush PMKIDs
05-23 11:28:47.382  1376  1376 D wpa_supplicant: wlan0: Setting scan request: 0 sec 100000 usec
05-23 11:28:47.382  1376  1376 I wpa_supplicant: nl80211: Enable WOWLAN succeed
05-23 11:28:47.422  1376  1376 D wpa_supplicant: TDLS: TDLS operation not supported by driver
05-23 11:28:47.422  1376  1376 D wpa_supplicant: TDLS: Driver uses internal link setup
05-23 11:28:47.422  1376  1376 D wpa_supplicant: WPS: Set UUID for interface wlan0
05-23 11:28:47.422  1376  1376 D wpa_supplicant: WPS: UUID based on MAC address - hexdump(len=16): da 67 2f e8 27 e9 56 e6 93 36 da 8d 95 8a 8d 1e
05-23 11:28:47.432  1376  1376 D wpa_supplicant: EAPOL: SUPP_PAE entering state DISCONNECTED
05-23 11:28:47.432  1376  1376 D wpa_supplicant: EAPOL: Supplicant port status: Unauthorized
05-23 11:28:47.442  1376  1376 D wpa_supplicant: nl80211: Set supplicant port unauthorized for 00:00:00:00:00:00
05-23 11:28:47.442  1376  1376 D wpa_supplicant: EAPOL: KEY_RX entering state NO_KEY_RECEIVE
05-23 11:28:47.442  1376  1376 D wpa_supplicant: EAPOL: SUPP_BE entering state INITIALIZE
05-23 11:28:47.442  1376  1376 D wpa_supplicant: EAP: EAP entering state DISABLED
05-23 11:28:47.442  1376  1376 D wpa_supplicant: EAPOL: Supplicant port status: Unauthorized
05-23 11:28:47.442  1376  1376 D wpa_supplicant: nl80211: Set supplicant port unauthorized for 00:00:00:00:00:00
05-23 11:28:47.442  1376  1376 D wpa_supplicant: EAPOL: Supplicant port status: Unauthorized
05-23 11:28:47.442  1376  1376 D wpa_supplicant: nl80211: Set supplicant port unauthorized for 00:00:00:00:00:00
05-23 11:28:47.452  1376  1376 D wpa_supplicant: Using existing control interface directory.
05-23 11:28:47.452  1376  1376 D wpa_supplicant: wlan0: Added interface wlan0
05-23 11:28:47.462   671   671 D StatusBar.NetworkController: onDataActivity: direction=3 phoneId=0
05-23 11:28:47.462   671   671 D StatusBar.NetworkController: mDataDirectionIconId end :7f0200c8  true
05-23 11:28:47.462   671   671 D TelephonyManager: getRadioFeatures: phoneId=0
05-23 11:28:47.462  1376  1376 D wpa_supplicant: wlan0: State: DISCONNECTED -> DISCONNECTED
05-23 11:28:47.462   671   671 D TelephonyManager: getRadioCapbility: ssdaMode=tdd-csfb
05-23 11:28:47.462  1376  1376 D wpa_supplicant: wpa_driver_nl80211_set_operstate: operstate 0->0 (DORMANT)
05-23 11:28:47.462  1376  1376 D wpa_supplicant: netlink: Operstate: linkmode=-1, operstate=5
05-23 11:28:47.462  1376  1376 D wpa_supplicant: random: Got 9/20 bytes from /dev/random
05-23 11:28:47.472   671   671 D TelephonyManager: getRadioFeatures: rCapbility=TDD_CSFB, testMode=8
05-23 11:28:47.472  1376  1376 D wpa_supplicant: CTRL_IFACE monitor attached - hexdump(len=39): 2f 64 61 74 61 2f 6d 69 73 63 2f 77 69 66 69 2f 73 6f 63 6b 65 74 73 2f 77 70 61 5f 63 74 72 6c ...
05-23 11:28:47.472  1376  1376 D wpa_supplicant: RTM_NEWLINK: operstate=0 ifi_flags=0x11043 ([UP][RUNNING][LOWER_UP])
05-23 11:28:47.472  1376  1376 D wpa_supplicant: RTM_NEWLINK, IFLA_IFNAME: Interface 'wlan0' added
05-23 11:28:47.472  1376  1376 D wpa_supplicant: nl80211: if_removed already cleared - ignore event
05-23 11:28:47.472  1376  1376 D wpa_supplicant: RTM_NEWLINK: operstate=0 ifi_flags=0x11003 ([UP][LOWER_UP])
05-23 11:28:47.472  1376  1376 D wpa_supplicant: RTM_NEWLINK, IFLA_IFNAME: Interface 'wlan0' added
05-23 11:28:47.482  1376  1376 D wpa_supplicant: nl80211: if_removed already cleared - ignore event
05-23 11:28:47.482   671   671 D StatusBar.NetworkController: phoneId: 0  refreshViews:   mAirplaneMode=false emergencyOnly=false no_wifi no_wifi mWifiIconId=0x0 mQSWifiIconId=0x0 wifiLabel= mHasMobileDataFeature=true mShowPhoneRSSIForData=false mPhoneSignalIconId=0x7f020107 mDataSignalIconId=0x7f020105/com.android.systemui:drawable/stat_sys_signal_4_sprd Phone_Signal_Level=4 GPRS &NetworkRoaming=false mMobileActivityIconId=0x7f0200dc(mDataActivity=3) mDataTypeIconId=0x7f0200c8/com.android.systemui:drawable/stat_sys_data_fully_connected_4g_ex   combinedSignalIconId=0x7f020105/com.android.systemui:drawable/stat_sys_signal_4_ex mobileLabel=中国移动4G combinedLabel=中国移动4G mLastDataDirectionOverlayIconId=0x7f0200c0
05-23 11:28:47.482   700   700 D Settings: newValuesVersion = 7
05-23 11:28:47.482  1376  1376 D wpa_supplicant: wlan0: State: DISCONNECTED -> SCANNING
05-23 11:28:47.482  1376  1376 D wpa_supplicant: CTRL_IFACE monitor send - hexdump(len=39): 2f 64 61 74 61 2f 6d 69 73 63 2f 77 69 66 69 2f 73 6f 63 6b 65 74 73 2f 77 70 61 5f 63 74 72 6c ...
05-23 11:28:47.482  1376  1376 D wpa_supplicant: wlan0: Starting AP scan for wildcard SSID
05-23 11:28:47.482  1376  1376 D wpa_supplicant: wlan0: nl80211: scan request
05-23 11:28:47.482  1376  1376 D wpa_supplicant: nl80211: Scan SSID - hexdump(len=0): [NULL]
05-23 11:28:47.502   592   655 D WifiStateMachine: transitionTo: destState=SupplicantStartingState
05-23 11:28:47.502   592   655 D WifiStateMachine: handleMessage: new destination call exit/enter
05-23 11:28:47.502   592   655 D WifiStateMachine: setupTempStateStackWithStatesToEnter: X mTempStateStackCount=1,curStateInfo: state=DefaultState,active=true,parent=null
05-23 11:28:47.502   592   655 D WifiStateMachine: invokeExitMethods: InitialState
05-23 11:28:47.502   592   655 D WifiStateMachine: moveTempStackToStateStack: i=0,j=1
05-23 11:28:47.502   592   655 D WifiStateMachine: moveTempStackToStateStack: X mStateStackTop=1,startingIndex=1,Top=SupplicantStartingState
05-23 11:28:47.502   592   655 D WifiStateMachine: invokeEnterMethods: SupplicantStartingState
05-23 11:28:47.502   592   655 D WifiStateMachine: handleMessage: X
05-23 11:28:47.502   592   655 D WifiStateMachine: handleMessage: E msg.what=131144
05-23 11:28:47.502   592   655 D WifiStateMachine: processMsg: SupplicantStartingState
05-23 11:28:47.502   592   655 D WifiStateMachine: deferMessage: msg=131144
05-23 11:28:47.502   592   655 D WifiStateMachine: handleMessage: X
05-23 11:28:47.502   700   700 D Settings: name = pdp_watchdog_poll_interval_ms, value = null
05-23 11:28:47.502   592   655 D WifiStateMachine: handleMessage: E msg.what=131085
05-23 11:28:47.502   592   655 D WifiStateMachine: processMsg: SupplicantStartingState
05-23 11:28:47.512   592   655 D WifiStateMachine: deferMessage: msg=131085
05-23 11:28:47.512   592   655 D WifiStateMachine: handleMessage: X
05-23 11:28:47.512   592   655 D WifiStateMachine: handleMessage: E msg.what=131149
05-23 11:28:47.512   592   655 D WifiStateMachine: processMsg: SupplicantStartingState
05-23 11:28:47.512   592   655 D WifiStateMachine: processMsg: DefaultState
05-23 11:28:47.512   592   655 D WifiStateMachine: setSuspendOptimizations: 2 true
05-23 11:28:47.512   592   655 D WifiStateMachine: mSuspendOptNeedsDisabled 4
05-23 11:28:47.512   592   655 D WifiStateMachine: handleMessage: X
05-23 11:28:47.512   592   655 D WifiStateMachine: handleMessage: E msg.what=131084
05-23 11:28:47.512   592   655 D WifiStateMachine: processMsg: SupplicantStartingState
05-23 11:28:47.512   592   655 D WifiStateMachine: deferMessage: msg=131084
05-23 11:28:47.512   592   655 D WifiStateMachine: handleMessage: X
05-23 11:28:47.512   592   655 D WifiStateMachine: handleMessage: E msg.what=147457
05-23 11:28:47.512   592   655 D WifiStateMachine: processMsg: SupplicantStartingState
05-23 11:28:47.512   592   655 D WifiStateMachine: Supplicant connection established
05-23 11:28:47.512   592   655 D WifiStateMachine: setWifiState: enabled
05-23 11:28:47.522   592   655 D WifiNative-wlan0: doString: DRIVER MACADDR
05-23 11:28:47.522   671   671 D Settings: newValuesVersion = 2
05-23 11:28:47.522   671   671 D Settings: mValues.get(name) = 0
05-23 11:28:47.522   671   671 D Settings: newValuesVersion = 6
05-23 11:28:47.522   592  1377 D WifiMonitor: Event [IFNAME=wlan0 CTRL-EVENT-STATE-CHANGE id=-1 state=3 BSSID=00:00:00:00:00:00 SSID=]
05-23 11:28:47.522   671   671 D Settings: mValues.get(name) = null
05-23 11:28:47.522   671   671 D QuickSettingsModel: isStandby = true
05-23 11:28:47.522   925   925 I MainDialog: getRssi:-200
05-23 11:28:47.532   671   671 D Settings: newValuesVersion = 6
05-23 11:28:47.532   671   671 D Settings: mValues.get(name) = null
05-23 11:28:47.532   671   671 D QuickSettingsModel: onVoWifiChanged multiModeSlot = 0 isVoWifiAvailable = false isStandby = true
05-23 11:28:47.532   671   671 D Settings: newValuesVersion = 2
05-23 11:28:47.532   671   671 D Settings: mValues.get(name) = 0
05-23 11:28:47.532   671   671 D Settings: newValuesVersion = 6
05-23 11:28:47.532   671   671 D Settings: mValues.get(name) = null
05-23 11:28:47.532   671   671 D QuickSettingsModel: isStandby = true
05-23 11:28:47.532   671   671 D Settings: newValuesVersion = 6
05-23 11:28:47.532   671   671 D Settings: mValues.get(name) = null
05-23 11:28:47.532   671   671 D QuickSettingsModel: onVoWifiChanged multiModeSlot = 0 isVoWifiAvailable = false isStandby = true
05-23 11:28:47.532   671   671 D StatusBar.NetworkController: changing data overlay icon id to 2130837724
05-23 11:28:47.532   671   671 D StatusBar.NetworkController: action: android.net.wifi.WIFI_STATE_CHANGED
05-23 11:28:47.532   671   671 D Settings: newValuesVersion = 6
05-23 11:28:47.532   671   671 D Settings: mValues.get(name) = null
05-23 11:28:47.532   671   671 D TelephonyManager: getRadioFeatures: phoneId=0
05-23 11:28:47.532   671   671 D TelephonyManager: getRadioCapbility: ssdaMode=tdd-csfb
05-23 11:28:47.532   671   671 D TelephonyManager: getRadioFeatures: rCapbility=TDD_CSFB, testMode=8
05-23 11:28:47.542   671   671 D StatusBar.NetworkController: phoneId: 0  refreshViews:   mAirplaneMode=false emergencyOnly=false wifi_enabled no_wifi mWifiIconId=0x7f020124 mQSWifiIconId=0x7f020073 wifiLabel= mHasMobileDataFeature=true mShowPhoneRSSIForData=false mPhoneSignalIconId=0x7f020107 mDataSignalIconId=0x7f020105/com.android.systemui:drawable/stat_sys_signal_4_sprd Phone_Signal_Level=4 GPRS &NetworkRoaming=false mMobileActivityIconId=0x7f0200dc(mDataActivity=3) mDataTypeIconId=0x7f0200c8/com.android.systemui:drawable/stat_sys_data_fully_connected_4g_ex   combinedSignalIconId=0x7f020105/com.android.systemui:drawable/stat_sys_signal_4_ex mobileLabel=中国移动4G combinedLabel=中国移动4G mLastDataDirectionOverlayIconId=0x7f0200dc
05-23 11:28:47.542   180   214 D phoneserver: rsrp[0]=79,rscp[0]=255,rxlev[0]=99 ind_str= 
05-23 11:28:47.542   180   214 D phoneserver: +CESQ: 99,99,255,255,30,79
05-23 11:28:47.542   925   925 D MainDialog:  oldLevel = 4 level = 4 isSimAvail = true
05-23 11:28:47.542   671   671 D Settings: newValuesVersion = 2
05-23 11:28:47.542   671   671 D Settings: mValues.get(name) = 0
05-23 11:28:47.542   671   671 D Settings: newValuesVersion = 6
05-23 11:28:47.542   671   671 D Settings: mValues.get(name) = null
05-23 11:28:47.542   671   671 D QuickSettingsModel: isStandby = true
05-23 11:28:47.542   671   671 D Settings: newValuesVersion = 6
05-23 11:28:47.542   671   671 D Settings: mValues.get(name) = null
05-23 11:28:47.542   671   671 D QuickSettingsModel: onVoWifiChanged multiModeSlot = 0 isVoWifiAvailable = false isStandby = true
05-23 11:28:47.552   671   671 D Settings: newValuesVersion = 2
05-23 11:28:47.552   671   671 D Settings: mValues.get(name) = 0
05-23 11:28:47.552   671   671 D Settings: newValuesVersion = 6
05-23 11:28:47.552   671   671 D Settings: mValues.get(name) = null
05-23 11:28:47.552   671   671 D QuickSettingsModel: isStandby = true
05-23 11:28:47.552   671   671 D Settings: newValuesVersion = 6
05-23 11:28:47.552   671   671 D Settings: mValues.get(name) = null
05-23 11:28:47.552   671   671 D QuickSettingsModel: onVoWifiChanged multiModeSlot = 0 isVoWifiAvailable = false isStandby = true
05-23 11:28:47.552   671   671 D StatusBar.NetworkController: onSignalStrengthsChanged on phoneId0signalStrength=SignalStrength: 99 -1 -120 -160 -120 -1 -1 99 -79 2147483647 2147483647 2147483647 gsm|lte level=4LTELevel=4
05-23 11:28:47.552   671   671 D StatusBar.NetworkController: phoneid=0 isexist=true  5
05-23 11:28:47.552   671   671 D StatusBar.NetworkController: isSupportLTE = false  isCardAbsent = false
05-23 11:28:47.562   671   671 D Settings: newValuesVersion = 6
05-23 11:28:47.562   671   671 D Settings: mValues.get(name) = null
05-23 11:28:47.562   671   671 E StatusBar.NetworkController: mServiceState[phoneId].getState(): 0
05-23 11:28:47.562   671   671 E StatusBar.NetworkController: mServiceState[phoneId].getDataRegState(): 0
05-23 11:28:47.562   671   671 D TelephonyManager: getRadioFeatures: phoneId=0
05-23 11:28:47.562   671   671 D TelephonyManager: getRadioCapbility: ssdaMode=tdd-csfb
05-23 11:28:47.562   671   671 D TelephonyManager: getRadioFeatures: rCapbility=TDD_CSFB, testMode=8
05-23 11:28:47.562   671   671 D StatusBar.NetworkController: phoneId = 0 colorIndex = 0 mInetCondition=0 iconLevel=4
05-23 11:28:47.562   671   671 D TelephonyManager: getRadioFeatures: phoneId=0
05-23 11:28:47.562   671   671 D TelephonyManager: getRadioCapbility: ssdaMode=tdd-csfb
05-23 11:28:47.562   671   671 D TelephonyManager: getRadioFeatures: rCapbility=TDD_CSFB, testMode=8
05-23 11:28:47.562   671   671 D TelephonyManager: getRadioFeatures: phoneId=0
05-23 11:28:47.562   671   671 D TelephonyManager: getRadioCapbility: ssdaMode=tdd-csfb
05-23 11:28:47.562   671   671 D TelephonyManager: getRadioFeatures: rCapbility=TDD_CSFB, testMode=8
05-23 11:28:47.562   671   671 D StatusBar.NetworkController: phoneId: 0  refreshViews:   mAirplaneMode=false emergencyOnly=false wifi_enabled no_wifi mWifiIconId=0x7f020124 mQSWifiIconId=0x7f020073 wifiLabel= mHasMobileDataFeature=true mShowPhoneRSSIForData=false mPhoneSignalIconId=0x7f020107 mDataSignalIconId=0x7f020105/com.android.systemui:drawable/stat_sys_signal_4_sprd Phone_Signal_Level=4 GPRS &NetworkRoaming=false mMobileActivityIconId=0x7f0200dc(mDataActivity=3) mDataTypeIconId=0x7f0200c8/com.android.systemui:drawable/stat_sys_data_fully_connected_4g_ex   combinedSignalIconId=0x7f020105/com.android.systemui:drawable/stat_sys_signal_4_ex mobileLabel=中国移动4G combinedLabel=中国移动4G mLastDataDirectionOverlayIconId=0x7f0200dc
05-23 11:28:47.562   671   671 D Settings: newValuesVersion = 2
05-23 11:28:47.562   671   671 D Settings: mValues.get(name) = 0
05-23 11:28:47.562   671   671 D Settings: newValuesVersion = 6
05-23 11:28:47.562   671   671 D Settings: mValues.get(name) = null
05-23 11:28:47.562   671   671 D QuickSettingsModel: isStandby = true
05-23 11:28:47.562   671   671 D Settings: newValuesVersion = 6
05-23 11:28:47.562   671   671 D Settings: mValues.get(name) = null
05-23 11:28:47.562   671   671 D QuickSettingsModel: onVoWifiChanged multiModeSlot = 0 isVoWifiAvailable = false isStandby = true
05-23 11:28:47.572   167   167 E SLOGCP  : int MediaStorage::check_quota(): data large: 10492328/10M
05-23 11:28:47.572   167   167 E SLOGCP  : virtual void LogPipeHandler::process(int): CP cp_5mode save log error [16(Device or resource busy)]
05-23 11:28:47.592   592  1022 D LCS_Agent: [agent_task]: event=16
05-23 11:28:47.592   592  1022 D LCS_Agent: [agent_task]:recv timer event = 16!
05-23 11:28:47.592   592  1022 D LCS_Agent: [agent_recv_timer_evt]: Entry point
05-23 11:28:47.892   167   167 E SLOGCP  : int MediaStorage::check_quota(): data large: 10492328/10M
05-23 11:28:47.892   167   167 E SLOGCP  : virtual void LogPipeHandler::process(int): CP cp_5mode save log error [16(Device or resource busy)]
05-23 11:28:47.932   167   167 E SLOGCP  : int MediaStorage::check_quota(): data large: 10492328/10M
05-23 11:28:47.932   167   167 E SLOGCP  : virtual void LogPipeHandler::process(int): CP cp_5mode save log error [16(Device or resource busy)]
05-23 11:28:47.982   167   167 E SLOGCP  : int MediaStorage::check_quota(): data large: 10492328/10M
05-23 11:28:47.982   167   167 E SLOGCP  : virtual void LogPipeHandler::process(int): CP cp_5mode save log error [16(Device or resource busy)]
05-23 11:28:48.032   167   167 E SLOGCP  : int MediaStorage::check_quota(): data large: 10492328/10M
05-23 11:28:48.032   167   167 E SLOGCP  : virtual void LogPipeHandler::process(int): CP cp_5mode save log error [16(Device or resource busy)]
05-23 11:28:48.213   167   167 E SLOGCP  : int MediaStorage::check_quota(): data large: 10492328/10M
05-23 11:28:48.213   167   167 E SLOGCP  : virtual void LogPipeHandler::process(int): CP cp_5mode save log error [16(Device or resource busy)]
05-23 11:28:48.303  1376  1376 D wpa_supplicant: Scan requested (ret=0) - scan timeout 10 seconds
05-23 11:28:48.303  1376  1376 D wpa_supplicant: RX ctrl_iface - hexdump(len=14): 44 52 49 56 45 52 20 4d 41 43 41 44 44 52
05-23 11:28:48.303  1376  1376 D wpa_supplicant: wlan0: Control interface command 'DRIVER MACADDR'
05-23 11:28:48.303  1376  1376 D wpa_supplicant: nl80211: Event message available
05-23 11:28:48.303  1376  1376 D wpa_supplicant: nl80211: Drv Event 33 (NL80211_CMD_TRIGGER_SCAN) received for wlan0
05-23 11:28:48.303  1376  1376 D wpa_supplicant: wlan0: nl80211: Scan trigger
05-23 11:28:48.303   592   655 D WifiNative-wlan0:    returned Macaddr = 40:45:da:44:f0:6c
05-23 11:28:48.313   592   655 D WifiConfigStore: Loading config and enabling all networks
05-23 11:28:48.313   592   655 D WifiNative-wlan0: doString: LIST_NETWORKS
05-23 11:28:48.313  1376  1376 D wpa_supplicant: RX ctrl_iface - hexdump(len=13): 4c 49 53 54 5f 4e 45 54 57 4f 52 4b 53
05-23 11:28:48.313  1376  1376 D wpa_supplicant: wlan0: Control interface command 'LIST_NETWORKS'
05-23 11:28:48.313   592   655 D WifiNative-wlan0:    returned network id / ssid / bssid / flags
05-23 11:28:48.313   592   655 D WifiNative-wlan0: 0	Perlan	any	
05-23 11:28:48.313   592   655 D WifiNative-wlan0: doString: GET_NETWORK 0 ssid
05-23 11:28:48.323  1376  1376 D wpa_supplicant: RX ctrl_iface - hexdump(len=18): 47 45 54 5f 4e 45 54 57 4f 52 4b 20 30 20 73 73 69 64
05-23 11:28:48.323  1376  1376 D wpa_supplicant: wlan0: Control interface command 'GET_NETWORK 0 ssid'
05-23 11:28:48.323  1376  1376 D wpa_supplicant: CTRL_IFACE: GET_NETWORK id=0 name='ssid'
05-23 11:28:48.323   592   655 D WifiNative-wlan0: doString: GET_NETWORK 0 bssid
05-23 11:28:48.323  1376  1376 D wpa_supplicant: RX ctrl_iface - hexdump(len=19): 47 45 54 5f 4e 45 54 57 4f 52 4b 20 30 20 62 73 73 69 64
05-23 11:28:48.323  1376  1376 D wpa_supplicant: wlan0: Control interface command 'GET_NETWORK 0 bssid'
05-23 11:28:48.323  1376  1376 D wpa_supplicant: CTRL_IFACE: GET_NETWORK id=0 name='bssid'
05-23 11:28:48.323  1376  1376 D wpa_supplicant: CTRL_IFACE: Failed to get network variable 'bssid'
05-23 11:28:48.323   592   655 D WifiNative-wlan0: doString: GET_NETWORK 0 priority
05-23 11:28:48.323  1376  1376 D wpa_supplicant: RX ctrl_iface - hexdump(len=22): 47 45 54 5f 4e 45 54 57 4f 52 4b 20 30 20 70 72 69 6f 72 69 74 79
05-23 11:28:48.323  1376  1376 D wpa_supplicant: wlan0: Control interface command 'GET_NETWORK 0 priority'
05-23 11:28:48.323  1376  1376 D wpa_supplicant: CTRL_IFACE: GET_NETWORK id=0 name='priority'
05-23 11:28:48.333   592   655 D WifiNative-wlan0: doString: GET_NETWORK 0 eap_sim_slot
05-23 11:28:48.333  1376  1376 D wpa_supplicant: RX ctrl_iface - hexdump(len=26): 47 45 54 5f 4e 45 54 57 4f 52 4b 20 30 20 65 61 70 5f 73 69 6d 5f 73 6c 6f 74
05-23 11:28:48.333  1376  1376 D wpa_supplicant: wlan0: Control interface command 'GET_NETWORK 0 eap_sim_slot'
05-23 11:28:48.333  1376  1376 D wpa_supplicant: CTRL_IFACE: GET_NETWORK id=0 name='eap_sim_slot'
05-23 11:28:48.333   592   655 D WifiNative-wlan0: doString: GET_NETWORK 0 scan_ssid
05-23 11:28:48.333  1376  1376 D wpa_supplicant: RX ctrl_iface - hexdump(len=23): 47 45 54 5f 4e 45 54 57 4f 52 4b 20 30 20 73 63 61 6e 5f 73 73 69 64
05-23 11:28:48.333  1376  1376 D wpa_supplicant: wlan0: Control interface command 'GET_NETWORK 0 scan_ssid'
05-23 11:28:48.333  1376  1376 D wpa_supplicant: CTRL_IFACE: GET_NETWORK id=0 name='scan_ssid'
05-23 11:28:48.333   592   655 D WifiNative-wlan0: doString: GET_NETWORK 0 wep_tx_keyidx
05-23 11:28:48.333  1376  1376 D wpa_supplicant: RX ctrl_iface - hexdump(len=27): 47 45 54 5f 4e 45 54 57 4f 52 4b 20 30 20 77 65 70 5f 74 78 5f 6b 65 79 69 64 78
05-23 11:28:48.333  1376  1376 D wpa_supplicant: wlan0: Control interface command 'GET_NETWORK 0 wep_tx_keyidx'
05-23 11:28:48.333  1376  1376 D wpa_supplicant: CTRL_IFACE: GET_NETWORK id=0 name='wep_tx_keyidx'
05-23 11:28:48.333   592   655 D WifiNative-wlan0: doString: GET_NETWORK 0 wep_key0
05-23 11:28:48.343  1376  1376 D wpa_supplicant: RX ctrl_iface - hexdump(len=22): 47 45 54 5f 4e 45 54 57 4f 52 4b 20 30 20 77 65 70 5f 6b 65 79 30
05-23 11:28:48.343  1376  1376 D wpa_supplicant: wlan0: Control interface command 'GET_NETWORK 0 wep_key0'
05-23 11:28:48.343  1376  1376 D wpa_supplicant: CTRL_IFACE: GET_NETWORK id=0 name='wep_key0'
05-23 11:28:48.343  1376  1376 D wpa_supplicant: CTRL_IFACE: Failed to get network variable 'wep_key0'
05-23 11:28:48.353   592   655 D WifiNative-wlan0: doString: GET_NETWORK 0 wep_key1
05-23 11:28:48.353  1376  1376 D wpa_supplicant: RX ctrl_iface - hexdump(len=22): 47 45 54 5f 4e 45 54 57 4f 52 4b 20 30 20 77 65 70 5f 6b 65 79 31
05-23 11:28:48.353  1376  1376 D wpa_supplicant: wlan0: Control interface command 'GET_NETWORK 0 wep_key1'
05-23 11:28:48.353  1376  1376 D wpa_supplicant: CTRL_IFACE: GET_NETWORK id=0 name='wep_key1'
05-23 11:28:48.353  1376  1376 D wpa_supplicant: CTRL_IFACE: Failed to get network variable 'wep_key1'
05-23 11:28:48.353   592   655 D WifiNative-wlan0: doString: GET_NETWORK 0 wep_key2
05-23 11:28:48.353  1376  1376 D wpa_supplicant: RX ctrl_iface - hexdump(len=22): 47 45 54 5f 4e 45 54 57 4f 52 4b 20 30 20 77 65 70 5f 6b 65 79 32
05-23 11:28:48.353  1376  1376 D wpa_supplicant: wlan0: Control interface command 'GET_NETWORK 0 wep_key2'
05-23 11:28:48.353  1376  1376 D wpa_supplicant: CTRL_IFACE: GET_NETWORK id=0 name='wep_key2'
05-23 11:28:48.353  1376  1376 D wpa_supplicant: CTRL_IFACE: Failed to get network variable 'wep_key2'
05-23 11:28:48.353   592   655 D WifiNative-wlan0: doString: GET_NETWORK 0 wep_key3
05-23 11:28:48.363  1376  1376 D wpa_supplicant: RX ctrl_iface - hexdump(len=22): 47 45 54 5f 4e 45 54 57 4f 52 4b 20 30 20 77 65 70 5f 6b 65 79 33
05-23 11:28:48.363  1376  1376 D wpa_supplicant: wlan0: Control interface command 'GET_NETWORK 0 wep_key3'
05-23 11:28:48.363  1376  1376 D wpa_supplicant: CTRL_IFACE: GET_NETWORK id=0 name='wep_key3'
05-23 11:28:48.363  1376  1376 D wpa_supplicant: CTRL_IFACE: Failed to get network variable 'wep_key3'
05-23 11:28:48.363   592   655 D WifiNative-wlan0: doString: GET_NETWORK 0 psk
05-23 11:28:48.363  1376  1376 D wpa_supplicant: RX ctrl_iface - hexdump(len=17): 47 45 54 5f 4e 45 54 57 4f 52 4b 20 30 20 70 73 6b
05-23 11:28:48.363  1376  1376 D wpa_supplicant: wlan0: Control interface command 'GET_NETWORK 0 psk'
05-23 11:28:48.363  1376  1376 D wpa_supplicant: CTRL_IFACE: GET_NETWORK id=0 name='psk'
05-23 11:28:48.363  1376  1376 D wpa_supplicant: Do not allow key_data field to be exposed
05-23 11:28:48.363   592   655 D WifiNative-wlan0: doString: GET_NETWORK 0 proto
05-23 11:28:48.363  1376  1376 D wpa_supplicant: RX ctrl_iface - hexdump(len=19): 47 45 54 5f 4e 45 54 57 4f 52 4b 20 30 20 70 72 6f 74 6f
05-23 11:28:48.363  1376  1376 D wpa_supplicant: wlan0: Control interface command 'GET_NETWORK 0 proto'
05-23 11:28:48.363  1376  1376 D wpa_supplicant: CTRL_IFACE: GET_NETWORK id=0 name='proto'
05-23 11:28:48.373   592   655 D WifiNative-wlan0: doString: GET_NETWORK 0 key_mgmt
05-23 11:28:48.373  1376  1376 D wpa_supplicant: RX ctrl_iface - hexdump(len=22): 47 45 54 5f 4e 45 54 57 4f 52 4b 20 30 20 6b 65 79 5f 6d 67 6d 74
05-23 11:28:48.373  1376  1376 D wpa_supplicant: wlan0: Control interface command 'GET_NETWORK 0 key_mgmt'
05-23 11:28:48.373  1376  1376 D wpa_supplicant: CTRL_IFACE: GET_NETWORK id=0 name='key_mgmt'
05-23 11:28:48.373   592   655 D WifiNative-wlan0: doString: GET_NETWORK 0 auth_alg
05-23 11:28:48.373  1376  1376 D wpa_supplicant: RX ctrl_iface - hexdump(len=22): 47 45 54 5f 4e 45 54 57 4f 52 4b 20 30 20 61 75 74 68 5f 61 6c 67
05-23 11:28:48.373  1376  1376 D wpa_supplicant: wlan0: Control interface command 'GET_NETWORK 0 auth_alg'
05-23 11:28:48.373  1376  1376 D wpa_supplicant: CTRL_IFACE: GET_NETWORK id=0 name='auth_alg'
05-23 11:28:48.373   592   655 D WifiNative-wlan0: doString: GET_NETWORK 0 pairwise
05-23 11:28:48.373  1376  1376 D wpa_supplicant: RX ctrl_iface - hexdump(len=22): 47 45 54 5f 4e 45 54 57 4f 52 4b 20 30 20 70 61 69 72 77 69 73 65
05-23 11:28:48.373  1376  1376 D wpa_supplicant: wlan0: Control interface command 'GET_NETWORK 0 pairwise'
05-23 11:28:48.373  1376  1376 D wpa_supplicant: CTRL_IFACE: GET_NETWORK id=0 name='pairwise'
05-23 11:28:48.373   592   655 D WifiNative-wlan0: doString: GET_NETWORK 0 group
05-23 11:28:48.373  1376  1376 D wpa_supplicant: RX ctrl_iface - hexdump(len=19): 47 45 54 5f 4e 45 54 57 4f 52 4b 20 30 20 67 72 6f 75 70
05-23 11:28:48.373  1376  1376 D wpa_supplicant: wlan0: Control interface command 'GET_NETWORK 0 group'
05-23 11:28:48.373  1376  1376 D wpa_supplicant: CTRL_IFACE: GET_NETWORK id=0 name='group'
05-23 11:28:48.373   592   655 D WifiNative-wlan0: doString: GET_NETWORK 0 eap
05-23 11:28:48.373  1376  1376 D wpa_supplicant: RX ctrl_iface - hexdump(len=17): 47 45 54 5f 4e 45 54 57 4f 52 4b 20 30 20 65 61 70
05-23 11:28:48.373  1376  1376 D wpa_supplicant: wlan0: Control interface command 'GET_NETWORK 0 eap'
05-23 11:28:48.373  1376  1376 D wpa_supplicant: CTRL_IFACE: GET_NETWORK id=0 name='eap'
05-23 11:28:48.373  1376  1376 D wpa_supplicant: CTRL_IFACE: Failed to get network variable 'eap'
05-23 11:28:48.373   592   655 D WifiNative-wlan0: doString: GET_NETWORK 0 phase2
05-23 11:28:48.373  1376  1376 D wpa_supplicant: RX ctrl_iface - hexdump(len=20): 47 45 54 5f 4e 45 54 57 4f 52 4b 20 30 20 70 68 61 73 65 32
05-23 11:28:48.373  1376  1376 D wpa_supplicant: wlan0: Control interface command 'GET_NETWORK 0 phase2'
05-23 11:28:48.373  1376  1376 D wpa_supplicant: CTRL_IFACE: GET_NETWORK id=0 name='phase2'
05-23 11:28:48.373  1376  1376 D wpa_supplicant: CTRL_IFACE: Failed to get network variable 'phase2'
05-23 11:28:48.373   592   655 D WifiNative-wlan0: doString: GET_NETWORK 0 identity
05-23 11:28:48.373  1376  1376 D wpa_supplicant: RX ctrl_iface - hexdump(len=22): 47 45 54 5f 4e 45 54 57 4f 52 4b 20 30 20 69 64 65 6e 74 69 74 79
05-23 11:28:48.373  1376  1376 D wpa_supplicant: wlan0: Control interface command 'GET_NETWORK 0 identity'
05-23 11:28:48.373  1376  1376 D wpa_supplicant: CTRL_IFACE: GET_NETWORK id=0 name='identity'
05-23 11:28:48.373  1376  1376 D wpa_supplicant: CTRL_IFACE: Failed to get network variable 'identity'
05-23 11:28:48.373   592   655 D WifiNative-wlan0: doString: GET_NETWORK 0 anonymous_identity
05-23 11:28:48.373  1376  1376 D wpa_supplicant: RX ctrl_iface - hexdump(len=32): 47 45 54 5f 4e 45 54 57 4f 52 4b 20 30 20 61 6e 6f 6e 79 6d 6f 75 73 5f 69 64 65 6e 74 69 74 79
05-23 11:28:48.373  1376  1376 D wpa_supplicant: wlan0: Control interface command 'GET_NETWORK 0 anonymous_identity'
05-23 11:28:48.373  1376  1376 D wpa_supplicant: CTRL_IFACE: GET_NETWORK id=0 name='anonymous_identity'
05-23 11:28:48.373  1376  1376 D wpa_supplicant: CTRL_IFACE: Failed to get network variable 'anonymous_identity'
05-23 11:28:48.373   592   655 D WifiNative-wlan0: doString: GET_NETWORK 0 password
05-23 11:28:48.373  1376  1376 D wpa_supplicant: RX ctrl_iface - hexdump(len=22): 47 45 54 5f 4e 45 54 57 4f 52 4b 20 30 20 70 61 73 73 77 6f 72 64
05-23 11:28:48.373  1376  1376 D wpa_supplicant: wlan0: Control interface command 'GET_NETWORK 0 password'
05-23 11:28:48.373  1376  1376 D wpa_supplicant: CTRL_IFACE: GET_NETWORK id=0 name='password'
05-23 11:28:48.373  1376  1376 D wpa_supplicant: CTRL_IFACE: Failed to get network variable 'password'
05-23 11:28:48.393   592   655 D WifiNative-wlan0: doString: GET_NETWORK 0 client_cert
05-23 11:28:48.393  1376  1376 D wpa_supplicant: RX ctrl_iface - hexdump(len=25): 47 45 54 5f 4e 45 54 57 4f 52 4b 20 30 20 63 6c 69 65 6e 74 5f 63 65 72 74
05-23 11:28:48.393  1376  1376 D wpa_supplicant: wlan0: Control interface command 'GET_NETWORK 0 client_cert'
05-23 11:28:48.393  1376  1376 D wpa_supplicant: CTRL_IFACE: GET_NETWORK id=0 name='client_cert'
05-23 11:28:48.393  1376  1376 D wpa_supplicant: CTRL_IFACE: Failed to get network variable 'client_cert'
05-23 11:28:48.393   592   655 D WifiNative-wlan0: doString: GET_NETWORK 0 ca_cert
05-23 11:28:48.393  1376  1376 D wpa_supplicant: RX ctrl_iface - hexdump(len=21): 47 45 54 5f 4e 45 54 57 4f 52 4b 20 30 20 63 61 5f 63 65 72 74
05-23 11:28:48.393  1376  1376 D wpa_supplicant: wlan0: Control interface command 'GET_NETWORK 0 ca_cert'
05-23 11:28:48.393  1376  1376 D wpa_supplicant: CTRL_IFACE: GET_NETWORK id=0 name='ca_cert'
05-23 11:28:48.393  1376  1376 D wpa_supplicant: CTRL_IFACE: Failed to get network variable 'ca_cert'
05-23 11:28:48.393   592   655 D WifiNative-wlan0: doString: GET_NETWORK 0 subject_match
05-23 11:28:48.393  1376  1376 D wpa_supplicant: RX ctrl_iface - hexdump(len=27): 47 45 54 5f 4e 45 54 57 4f 52 4b 20 30 20 73 75 62 6a 65 63 74 5f 6d 61 74 63 68
05-23 11:28:48.393  1376  1376 D wpa_supplicant: wlan0: Control interface command 'GET_NETWORK 0 subject_match'
05-23 11:28:48.393  1376  1376 D wpa_supplicant: CTRL_IFACE: GET_NETWORK id=0 name='subject_match'
05-23 11:28:48.393  1376  1376 D wpa_supplicant: CTRL_IFACE: Failed to get network variable 'subject_match'
05-23 11:28:48.393   592   655 D WifiNative-wlan0: doString: GET_NETWORK 0 engine
05-23 11:28:48.393  1376  1376 D wpa_supplicant: RX ctrl_iface - hexdump(len=20): 47 45 54 5f 4e 45 54 57 4f 52 4b 20 30 20 65 6e 67 69 6e 65
05-23 11:28:48.393  1376  1376 D wpa_supplicant: wlan0: Control interface command 'GET_NETWORK 0 engine'
05-23 11:28:48.393  1376  1376 D wpa_supplicant: CTRL_IFACE: GET_NETWORK id=0 name='engine'
05-23 11:28:48.393   592   655 D WifiNative-wlan0: doString: GET_NETWORK 0 engine_id
05-23 11:28:48.393  1376  1376 D wpa_supplicant: RX ctrl_iface - hexdump(len=23): 47 45 54 5f 4e 45 54 57 4f 52 4b 20 30 20 65 6e 67 69 6e 65 5f 69 64
05-23 11:28:48.393  1376  1376 D wpa_supplicant: wlan0: Control interface command 'GET_NETWORK 0 engine_id'
05-23 11:28:48.393  1376  1376 D wpa_supplicant: CTRL_IFACE: GET_NETWORK id=0 name='engine_id'
05-23 11:28:48.393  1376  1376 D wpa_supplicant: CTRL_IFACE: Failed to get network variable 'engine_id'
05-23 11:28:48.393   592   655 D WifiNative-wlan0: doString: GET_NETWORK 0 key_id
05-23 11:28:48.393  1376  1376 D wpa_supplicant: RX ctrl_iface - hexdump(len=20): 47 45 54 5f 4e 45 54 57 4f 52 4b 20 30 20 6b 65 79 5f 69 64
05-23 11:28:48.393  1376  1376 D wpa_supplicant: wlan0: Control interface command 'GET_NETWORK 0 key_id'
05-23 11:28:48.393  1376  1376 D wpa_supplicant: CTRL_IFACE: GET_NETWORK id=0 name='key_id'
05-23 11:28:48.393  1376  1376 D wpa_supplicant: CTRL_IFACE: Failed to get network variable 'key_id'
05-23 11:28:48.393   592   655 D WifiNative-wlan0: doString: GET_NETWORK 0 private_key
05-23 11:28:48.393  1376  1376 D wpa_supplicant: RX ctrl_iface - hexdump(len=25): 47 45 54 5f 4e 45 54 57 4f 52 4b 20 30 20 70 72 69 76 61 74 65 5f 6b 65 79
05-23 11:28:48.393  1376  1376 D wpa_supplicant: wlan0: Control interface command 'GET_NETWORK 0 private_key'
05-23 11:28:48.393  1376  1376 D wpa_supplicant: CTRL_IFACE: GET_NETWORK id=0 name='private_key'
05-23 11:28:48.393  1376  1376 D wpa_supplicant: CTRL_IFACE: Failed to get network variable 'private_key'
05-23 11:28:48.393   592   655 E WifiConfigStore: Error parsing configurationjava.io.FileNotFoundException: /data/misc/wifi/ipconfig.txt: open failed: ENOENT (No such file or directory)
05-23 11:28:48.393   592   655 D WifiNative-wlan0: doBoolean: SET device_name sp9820a_c110_tds
05-23 11:28:48.393  1376  1376 D wpa_supplicant: RX ctrl_iface - hexdump(len=32): 53 45 54 20 64 65 76 69 63 65 5f 6e 61 6d 65 20 73 70 39 38 32 30 61 5f 63 31 31 30 5f 74 64 73
05-23 11:28:48.393  1376  1376 D wpa_supplicant: wlan0: Control interface command 'SET device_name sp9820a_c110_tds'
05-23 11:28:48.393  1376  1376 D wpa_supplicant: CTRL_IFACE SET 'device_name'='sp9820a_c110_tds'
05-23 11:28:48.393  1376  1376 D wpa_supplicant: device_name='sp9820a_c110_tds'
05-23 11:28:48.403   592   655 D WifiNative-wlan0:    returned true
05-23 11:28:48.403   592   655 D WifiNative-wlan0: doBoolean: SET manufacturer SPRD
05-23 11:28:48.403  1376  1376 D wpa_supplicant: RX ctrl_iface - hexdump(len=21): 53 45 54 20 6d 61 6e 75 66 61 63 74 75 72 65 72 20 53 50 52 44
05-23 11:28:48.403  1376  1376 D wpa_supplicant: wlan0: Control interface command 'SET manufacturer SPRD'
05-23 11:28:48.403  1376  1376 D wpa_supplicant: CTRL_IFACE SET 'manufacturer'='SPRD'
05-23 11:28:48.403  1376  1376 D wpa_supplicant: manufacturer='SPRD'
05-23 11:28:48.403   592   655 D WifiNative-wlan0:    returned true
05-23 11:28:48.403   592   655 D WifiNative-wlan0: doBoolean: SET model_name Best sonny B1
05-23 11:28:48.403  1376  1376 D wpa_supplicant: RX ctrl_iface - hexdump(len=28): 53 45 54 20 6d 6f 64 65 6c 5f 6e 61 6d 65 20 42 65 73 74 20 73 6f 6e 6e 79 20 42 31
05-23 11:28:48.403  1376  1376 D wpa_supplicant: wlan0: Control interface command 'SET model_name Best sonny B1'
05-23 11:28:48.403  1376  1376 D wpa_supplicant: CTRL_IFACE SET 'model_name'='Best sonny B1'
05-23 11:28:48.403  1376  1376 D wpa_supplicant: model_name='Best sonny B1'
05-23 11:28:48.403   592   655 D WifiNative-wlan0:    returned true
05-23 11:28:48.403   592   655 D WifiNative-wlan0: doBoolean: SET model_number Best sonny B1
05-23 11:28:48.403  1376  1376 D wpa_supplicant: RX ctrl_iface - hexdump(len=30): 53 45 54 20 6d 6f 64 65 6c 5f 6e 75 6d 62 65 72 20 42 65 73 74 20 73 6f 6e 6e 79 20 42 31
05-23 11:28:48.403  1376  1376 D wpa_supplicant: wlan0: Control interface command 'SET model_number Best sonny B1'
05-23 11:28:48.403  1376  1376 D wpa_supplicant: CTRL_IFACE SET 'model_number'='Best sonny B1'
05-23 11:28:48.403  1376  1376 D wpa_supplicant: model_number='Best sonny B1'
05-23 11:28:48.403   592   655 D WifiNative-wlan0:    returned true
05-23 11:28:48.403   592   655 D WifiNative-wlan0: doBoolean: SET serial_number 02463484782052123279
05-23 11:28:48.403  1376  1376 D wpa_supplicant: RX ctrl_iface - hexdump(len=38): 53 45 54 20 73 65 72 69 61 6c 5f 6e 75 6d 62 65 72 20 30 32 34 36 33 34 38 34 37 38 32 30 35 32 ...
05-23 11:28:48.403  1376  1376 D wpa_supplicant: wlan0: Control interface command 'SET serial_number 02463484782052123279'
05-23 11:28:48.403  1376  1376 D wpa_supplicant: CTRL_IFACE SET 'serial_number'='02463484782052123279'
05-23 11:28:48.403  1376  1376 D wpa_supplicant: serial_number='02463484782052123279'
05-23 11:28:48.403   592   655 D WifiNative-wlan0:    returned true
05-23 11:28:48.403   592   655 D WifiNative-wlan0: doBoolean: SET config_methods physical_display virtual_push_button
05-23 11:28:48.403  1376  1376 D wpa_supplicant: RX ctrl_iface - hexdump(len=55): 53 45 54 20 63 6f 6e 66 69 67 5f 6d 65 74 68 6f 64 73 20 70 68 79 73 69 63 61 6c 5f 64 69 73 70 ...
05-23 11:28:48.403  1376  1376 D wpa_supplicant: wlan0: Control interface command 'SET config_methods physical_display virtual_push_button'
05-23 11:28:48.403  1376  1376 D wpa_supplicant: CTRL_IFACE SET 'config_methods'='physical_display virtual_push_button'
05-23 11:28:48.403  1376  1376 D wpa_supplicant: config_methods='physical_display virtual_push_button'
05-23 11:28:48.403   592   655 D WifiNative-wlan0:    returned true
05-23 11:28:48.403   592   655 D WifiNative-wlan0: doBoolean: SET device_type 10-0050F204-5
05-23 11:28:48.403  1376  1376 D wpa_supplicant: RX ctrl_iface - hexdump(len=29): 53 45 54 20 64 65 76 69 63 65 5f 74 79 70 65 20 31 30 2d 30 30 35 30 46 32 30 34 2d 35
05-23 11:28:48.403  1376  1376 D wpa_supplicant: wlan0: Control interface command 'SET device_type 10-0050F204-5'
05-23 11:28:48.403  1376  1376 D wpa_supplicant: CTRL_IFACE SET 'device_type'='10-0050F204-5'
05-23 11:28:48.403   592   655 D WifiNative-wlan0:    returned true
05-23 11:28:48.403   592   655 D WifiStateMachine: transitionTo: destState=DriverStartedState
05-23 11:28:48.423   592   655 D WifiStateMachine: handleMessage: new destination call exit/enter
05-23 11:28:48.423   592   655 D WifiStateMachine: setupTempStateStackWithStatesToEnter: X mTempStateStackCount=2,curStateInfo: state=DefaultState,active=true,parent=null
05-23 11:28:48.423   592   655 D WifiStateMachine: invokeExitMethods: SupplicantStartingState
05-23 11:28:48.423   592   655 D WifiStateMachine: moveTempStackToStateStack: i=1,j=1
05-23 11:28:48.423   592   655 D WifiStateMachine: moveTempStackToStateStack: i=0,j=2
05-23 11:28:48.423   592   655 D WifiStateMachine: moveTempStackToStateStack: X mStateStackTop=2,startingIndex=1,Top=DriverStartedState
05-23 11:28:48.423   592   655 D WifiStateMachine: invokeEnterMethods: SupplicantStartedState
05-23 11:28:48.423   592   655 D Settings: newValuesVersion = 7
05-23 11:28:48.423   592   655 D Settings: name = wifi_supplicant_scan_interval_ms, value = null
05-23 11:28:48.423   592   655 D WifiNative-wlan0: doBoolean: SCAN_INTERVAL 15
05-23 11:28:48.423  1376  1376 D wpa_supplicant: RX ctrl_iface - hexdump(len=16): 53 43 41 4e 5f 49 4e 54 45 52 56 41 4c 20 31 35
05-23 11:28:48.423  1376  1376 D wpa_supplicant: wlan0: Control interface command 'SCAN_INTERVAL 15'
05-23 11:28:48.423  1376  1376 D wpa_supplicant: wlan0: Setting scan interval: 15 sec
05-23 11:28:48.423   592   655 D WifiNative-wlan0:    returned true
05-23 11:28:48.423   592   655 D WifiStateMachine: invokeEnterMethods: DriverStartedState
05-23 11:28:48.423   592   655 D WifiNative-wlan0: doBoolean: DRIVER BTCOEXSCAN-STOP
05-23 11:28:48.423  1376  1376 D wpa_supplicant: RX ctrl_iface - hexdump(len=22): 44 52 49 56 45 52 20 42 54 43 4f 45 58 53 43 41 4e 2d 53 54 4f 50
05-23 11:28:48.423  1376  1376 D wpa_supplicant: wlan0: Control interface command 'DRIVER BTCOEXSCAN-STOP'
05-23 11:28:48.423   592   655 D WifiNative-wlan0:    returned true
05-23 11:28:48.423   592   655 D Settings: newValuesVersion = 7
05-23 11:28:48.423   592   655 D Settings: name = wifi_frequency_band, value = null
05-23 11:28:48.423   592   655 D WifiStateMachine: setDetailed state, old =DISCONNECTED and new state=DISCONNECTED
05-23 11:28:48.423   592   655 D WifiNative-wlan0: doBoolean: DRIVER RXFILTER-STOP
05-23 11:28:48.423  1376  1376 D wpa_supplicant: RX ctrl_iface - hexdump(len=20): 44 52 49 56 45 52 20 52 58 46 49 4c 54 45 52 2d 53 54 4f 50
05-23 11:28:48.423  1376  1376 D wpa_supplicant: wlan0: Control interface command 'DRIVER RXFILTER-STOP'
05-23 11:28:48.423   592   655 D WifiNative-wlan0:    returned true
05-23 11:28:48.423   592   655 D WifiNative-wlan0: doBoolean: DRIVER RXFILTER-ADD 3
05-23 11:28:48.423  1376  1376 D wpa_supplicant: RX ctrl_iface - hexdump(len=21): 44 52 49 56 45 52 20 52 58 46 49 4c 54 45 52 2d 41 44 44 20 33
05-23 11:28:48.423  1376  1376 D wpa_supplicant: wlan0: Control interface command 'DRIVER RXFILTER-ADD 3'
05-23 11:28:48.423   592   655 D WifiNative-wlan0:    returned true
05-23 11:28:48.423   592   655 D WifiNative-wlan0: doBoolean: DRIVER RXFILTER-START
05-23 11:28:48.423  1376  1376 D wpa_supplicant: RX ctrl_iface - hexdump(len=21): 44 52 49 56 45 52 20 52 58 46 49 4c 54 45 52 2d 53 54 41 52 54
05-23 11:28:48.423  1376  1376 D wpa_supplicant: wlan0: Control interface command 'DRIVER RXFILTER-START'
05-23 11:28:48.423   592   655 D WifiNative-wlan0:    returned true
05-23 11:28:48.423   592   655 D WifiNative-wlan0: doBoolean: DRIVER RXFILTER-STOP
05-23 11:28:48.423  1376  1376 D wpa_supplicant: RX ctrl_iface - hexdump(len=20): 44 52 49 56 45 52 20 52 58 46 49 4c 54 45 52 2d 53 54 4f 50
05-23 11:28:48.423  1376  1376 D wpa_supplicant: wlan0: Control interface command 'DRIVER RXFILTER-STOP'
05-23 11:28:48.423   592   655 D WifiNative-wlan0:    returned true
05-23 11:28:48.423   592   655 D WifiNative-wlan0: doBoolean: DRIVER RXFILTER-REMOVE 2
05-23 11:28:48.423  1376  1376 D wpa_supplicant: RX ctrl_iface - hexdump(len=24): 44 52 49 56 45 52 20 52 58 46 49 4c 54 45 52 2d 52 45 4d 4f 56 45 20 32
05-23 11:28:48.423  1376  1376 D wpa_supplicant: wlan0: Control interface command 'DRIVER RXFILTER-REMOVE 2'
05-23 11:28:48.423   592   655 D WifiNative-wlan0:    returned true
05-23 11:28:48.423   592   655 D WifiNative-wlan0: doBoolean: DRIVER RXFILTER-START
05-23 11:28:48.423  1376  1376 D wpa_supplicant: RX ctrl_iface - hexdump(len=21): 44 52 49 56 45 52 20 52 58 46 49 4c 54 45 52 2d 53 54 41 52 54
05-23 11:28:48.423  1376  1376 D wpa_supplicant: wlan0: Control interface command 'DRIVER RXFILTER-START'
05-23 11:28:48.423   592   655 D WifiNative-wlan0:    returned true
05-23 11:28:48.443   592   655 D WifiStateMachine: Attempting to reconnect to wifi network ..
05-23 11:28:48.443   592   655 D WifiNative-wlan0: doBoolean: RECONNECT
05-23 11:28:48.443  1376  1376 D wpa_supplicant: RX ctrl_iface - hexdump(len=9): 52 45 43 4f 4e 4e 45 43 54
05-23 11:28:48.443  1376  1376 D wpa_supplicant: wlan0: Control interface command 'RECONNECT'
05-23 11:28:48.443   592   655 D WifiNative-wlan0:    returned true
05-23 11:28:48.443   592   655 D WifiNative-wlan0: doString: STATUS
05-23 11:28:48.443  1376  1376 D wpa_supplicant: RX ctrl_iface - hexdump(len=6): 53 54 41 54 55 53
05-23 11:28:48.443  1376  1376 D wpa_supplicant: wlan0: Control interface command 'STATUS'
05-23 11:28:48.443  1376  1376 D wpa_supplicant: CTRL_IFACE monitor send - hexdump(len=39): 2f 64 61 74 61 2f 6d 69 73 63 2f 77 69 66 69 2f 73 6f 63 6b 65 74 73 2f 77 70 61 5f 63 74 72 6c ...
05-23 11:28:48.443   592  1377 D WifiMonitor: Event [IFNAME=wlan0 CTRL-EVENT-STATE-CHANGE id=-1 state=3 BSSID=00:00:00:00:00:00 SSID=]
05-23 11:28:48.443   592   655 D WifiNative-wlan0:    returned wpa_state=SCANNING
05-23 11:28:48.443   592   655 D WifiNative-wlan0: address=40:45:da:44:f0:6c
05-23 11:28:48.443   592   655 D WifiStateMachine: transitionTo: destState=DisconnectedState
05-23 11:28:48.443   592   655 D WifiNative-wlan0: doBoolean: SET ps 1
05-23 11:28:48.443  1376  1376 D wpa_supplicant: RX ctrl_iface - hexdump(len=8): 53 45 54 20 70 73 20 31
05-23 11:28:48.443  1376  1376 D wpa_supplicant: wlan0: Control interface command 'SET ps 1'
05-23 11:28:48.443  1376  1376 D wpa_supplicant: CTRL_IFACE SET 'ps'='1'
05-23 11:28:48.443  1376  1376 D wpa_supplicant: nl80211: set_p2p_powersave (legacy_ps=1 opp_ps=-1 ctwindow=-1)
05-23 11:28:48.443   592   655 D WifiNative-wlan0:    returned false
05-23 11:28:48.443   592   655 D WifiStateMachine: moveDeferredMessageAtFrontOfQueue; what=131084
05-23 11:28:48.443   592   655 D WifiStateMachine: moveDeferredMessageAtFrontOfQueue; what=131085
05-23 11:28:48.443   592   655 D WifiStateMachine: moveDeferredMessageAtFrontOfQueue; what=131144
05-23 11:28:48.443   592   655 D WifiStateMachine: handleMessage: new destination call exit/enter
05-23 11:28:48.443   592   655 D WifiStateMachine: setupTempStateStackWithStatesToEnter: X mTempStateStackCount=2,curStateInfo: state=DriverStartedState,active=true,parent=SupplicantStartedState
05-23 11:28:48.443   592   655 D WifiStateMachine: moveTempStackToStateStack: i=1,j=3
05-23 11:28:48.443   592   655 D WifiStateMachine: moveTempStackToStateStack: i=0,j=4
05-23 11:28:48.443   592   655 D WifiStateMachine: moveTempStackToStateStack: X mStateStackTop=4,startingIndex=3,Top=DisconnectedState
05-23 11:28:48.443   592   655 D WifiStateMachine: invokeEnterMethods: ConnectModeState
05-23 11:28:48.443   592   655 D WifiStateMachine: invokeEnterMethods: DisconnectedState
05-23 11:28:48.443   592   655 D Settings: newValuesVersion = 7
05-23 11:28:48.443   592   655 D Settings: name = wifi_framework_scan_interval_ms, value = null
05-23 11:28:48.443   592   655 D WifiStateMachine: handleMessage: X
05-23 11:28:48.443   592   655 D WifiStateMachine: handleMessage: E msg.what=131144
05-23 11:28:48.443   592   655 D WifiStateMachine: processMsg: DisconnectedState
05-23 11:28:48.443   592   655 D WifiStateMachine: handleMessage: X
05-23 11:28:48.443  1376  1376 D wpa_supplicant: EAPOL: disable timer tick
05-23 11:28:48.443  1376  1376 D wpa_supplicant: EAPOL: Supplicant port status: Unauthorized
05-23 11:28:48.443  1376  1376 D wpa_supplicant: nl80211: Set supplicant port unauthorized for 00:00:00:00:00:00
