05-23 11:27:55.316   700   700 D use-Rlog/RLOG-GSM: [MsmsDcTrackerProxy]isAnotherCardVoiceing phoneId: 0 sVoicePhoneId: -1 result: false
05-23 11:27:55.316   700   700 D DCT     : [DcT(0)] isDataAllowed: not allowed due to - Attached= false
05-23 11:27:55.316   700   700 D DCT     : [DcT(0)] isDataPossible(dm): possible=false isDataAllowed=false apnTypePossible=true apnContextisEnabled=false apnContextState()=IDLE
05-23 11:27:55.316   700   700 D DCT     : [DcT(0)] get active apn string for type:dm
05-23 11:27:55.316   700   700 D DCT     : [ApnContext:dm] getApnSetting: apnSetting=null
05-23 11:27:55.316   182   238 D use-Rlog/RLOG-AT: [0] Channel1: AT< +CGACT:1,0
05-23 11:27:55.316   182   238 D use-Rlog/RLOG-AT: [0] Channel1: AT< +CGACT:2,0
05-23 11:27:55.316   182   238 D use-Rlog/RLOG-AT: [0] Channel1: AT< +CGACT:3,0
05-23 11:27:55.316   182   238 D use-Rlog/RLOG-AT: [0] Channel1: AT< +CGACT:4,0
05-23 11:27:55.316   182   238 D use-Rlog/RLOG-AT: [0] Channel1: AT< +CGACT:5,0
05-23 11:27:55.316   182   238 D use-Rlog/RLOG-AT: [0] Channel1: AT< +CGACT:6,0
05-23 11:27:55.316   182   238 D use-Rlog/RLOG-AT: [0] Channel1: AT< +CGACT:7,0
05-23 11:27:55.316   182   238 D use-Rlog/RLOG-AT: [0] Channel1: AT< +CGACT:8,0
05-23 11:27:55.316   182   238 D use-Rlog/RLOG-AT: [0] Channel1: AT< +CGACT:9,0
05-23 11:27:55.316   182   238 D use-Rlog/RLOG-AT: [0] Channel1: AT< +CGACT:10,0
05-23 11:27:55.316   182   238 D use-Rlog/RLOG-AT: [0] Channel1: AT< +CGACT:11,0
05-23 11:27:55.316   182   238 D use-Rlog/RLOG-AT: [0] Channel1: AT< OK
05-23 11:27:55.316   182   941 I use-Rlog/RLOG-RIL: [0] queryAllActivePDN activePDN= 0
05-23 11:27:55.316   182   941 D use-Rlog/RLOG-AT: [0] Channel1: AT> AT+CGDCONT?
05-23 11:27:55.326   182   238 D use-Rlog/RLOG-AT: [0] Channel1: AT< +CGDCONT:1,"IP","cmnet","0.0.0.0",0,0,"0.0.0.0","0.0.0.0"
05-23 11:27:55.326   182   238 D use-Rlog/RLOG-AT: [0] Channel1: AT< +CGDCONT:2,"IP","cmnet","0.0.0.0",0,0,"0.0.0.0","0.0.0.0"
05-23 11:27:55.326   182   238 D use-Rlog/RLOG-AT: [0] Channel1: AT< +CGDCONT:3,"IP","cmnet","0.0.0.0",0,0,"0.0.0.0","0.0.0.0"
05-23 11:27:55.326   182   238 D use-Rlog/RLOG-AT: [0] Channel1: AT< +CGDCONT:4,"IP","cmnet","0.0.0.0",0,0,"0.0.0.0","0.0.0.0"
05-23 11:27:55.326   182   238 D use-Rlog/RLOG-AT: [0] Channel1: AT< +CGDCONT:5,"IP","cmnet","0.0.0.0",0,0,"0.0.0.0","0.0.0.0"
05-23 11:27:55.326   182   238 D use-Rlog/RLOG-AT: [0] Channel1: AT< +CGDCONT:6,"IP","cmnet","0.0.0.0",0,0,"0.0.0.0","0.0.0.0"
05-23 11:27:55.326   182   238 D use-Rlog/RLOG-AT: [0] Channel1: AT< +CGDCONT:7,"IP","cmnet","0.0.0.0",0,0,"0.0.0.0","0.0.0.0"
05-23 11:27:55.326   182   238 D use-Rlog/RLOG-AT: [0] Channel1: AT< +CGDCONT:8,"IP","cmnet","0.0.0.0",0,0,"0.0.0.0","0.0.0.0"
05-23 11:27:55.326   182   238 D use-Rlog/RLOG-AT: [0] Channel1: AT< +CGDCONT:9,"IP","cmnet","0.0.0.0",0,0,"0.0.0.0","0.0.0.0"
05-23 11:27:55.326   182   238 D use-Rlog/RLOG-AT: [0] Channel1: AT< +CGDCONT:10,"IP","cmnet","0.0.0.0",0,0,"0.0.0.0","0.0.0.0"
05-23 11:27:55.326   182   238 D use-Rlog/RLOG-AT: [0] Channel1: AT< +CGDCONT:11,"IPV4V6","IMS","0.0.0.0",0,0,"0.0.0.0","0.0.0.0"
05-23 11:27:55.326   182   238 D use-Rlog/RLOG-AT: [0] Channel1: AT< OK
05-23 11:27:55.336   182   941 D use-Rlog/RLOG-AT: [0] Channel1: AT> AT+CGDCONT=1,"IPV4V6","cmnet","",0,0
05-23 11:27:55.336   182   238 D use-Rlog/RLOG-AT: [0] Channel1: AT< OK
05-23 11:27:55.336   182   941 D use-Rlog/RLOG-AT: [0] Channel1: AT> AT+CGPCO=0,"","(null)",1,-1
05-23 11:27:55.336   182   238 D use-Rlog/RLOG-AT: [0] Channel1: AT< +CME ERROR: 65536014
05-23 11:27:55.336   182   941 D use-Rlog/RLOG-AT: [0] Channel1: AT> AT+CGEQREQ=1,2,0,0,0,0,2,0,"1e4","0e0",3,0,0
05-23 11:27:55.336   700   700 D DCT     : [DcT(0)] notifyOffApnOfAvailability type:wap
05-23 11:27:55.336   182   238 D use-Rlog/RLOG-AT: [0] Channel1: AT< OK
05-23 11:27:55.336   182   941 D use-Rlog/RLOG-RILC: [0] [0065]< RIL_REQUEST_SET_INITIAL_ATTACH_APN
05-23 11:27:55.336   182   941 D use-Rlog/RLOG-RIL: [0] put Channel ID '1'
05-23 11:27:55.336   182   941 I use-Rlog/RLOG-RILC: [0] -->CommandThread [941] free one command
05-23 11:27:55.336   700   700 D use-Rlog/RLOG-GSM: [MsmsDcTrackerProxy]isAnotherCardVoiceing phoneId: 0 sVoicePhoneId: -1 result: false
05-23 11:27:55.336   700   751 D RILJ    : [0][3713]< RIL_REQUEST_SET_INITIAL_ATTACH_APN 
05-23 11:27:55.346   700   700 D DCT     : [DcT(0)] isDataAllowed: not allowed due to - Attached= false
05-23 11:27:55.346   700   700 D DCT     : [DcT(0)] isDataPossible(wap): possible=false isDataAllowed=false apnTypePossible=true apnContextisEnabled=false apnContextState()=IDLE
05-23 11:27:55.346   700   700 D DCT     : [DcT(0)] get active apn string for type:wap
05-23 11:27:55.346   700   700 D DCT     : [ApnContext:wap] getApnSetting: apnSetting=null
05-23 11:27:55.356   700   700 D DCT     : [DcT(0)] notifyOffApnOfAvailability type:fota
05-23 11:27:55.356   700   700 D use-Rlog/RLOG-GSM: [MsmsDcTrackerProxy]isAnotherCardVoiceing phoneId: 0 sVoicePhoneId: -1 result: false
05-23 11:27:55.356   700   700 D DCT     : [DcT(0)] isDataAllowed: not allowed due to - Attached= false
05-23 11:27:55.356   700   700 D DCT     : [DcT(0)] isDataPossible(fota): possible=false isDataAllowed=false apnTypePossible=true apnContextisEnabled=false apnContextState()=IDLE
05-23 11:27:55.356   700   700 D DCT     : [DcT(0)] get active apn string for type:fota
05-23 11:27:55.356   700   700 D DCT     : [ApnContext:fota] getApnSetting: apnSetting=null
05-23 11:27:55.366   700   700 D DCT     : [DcT(0)] notifyOffApnOfAvailability type:supl
05-23 11:27:55.366   700   700 D use-Rlog/RLOG-GSM: [MsmsDcTrackerProxy]isAnotherCardVoiceing phoneId: 0 sVoicePhoneId: -1 result: false
05-23 11:27:55.366   700   700 D DCT     : [DcT(0)] isDataAllowed: not allowed due to - Attached= false
05-23 11:27:55.366   700   700 D DCT     : [DcT(0)] isDataPossible(supl): possible=false isDataAllowed=false apnTypePossible=true apnContextisEnabled=false apnContextState()=IDLE
05-23 11:27:55.366   700   700 D DCT     : [DcT(0)] get active apn string for type:supl
05-23 11:27:55.366   700   700 D DCT     : [ApnContext:supl] getApnSetting: apnSetting=null
05-23 11:27:55.386   700   700 D DCT     : [DcT(0)] notifyOffApnOfAvailability type:hipri
05-23 11:27:55.386   700   700 D use-Rlog/RLOG-GSM: [MsmsDcTrackerProxy]isAnotherCardVoiceing phoneId: 0 sVoicePhoneId: -1 result: false
05-23 11:27:55.386   700   700 D DCT     : [DcT(0)] isDataAllowed: not allowed due to - Attached= false
05-23 11:27:55.386   700   700 D DCT     : [DcT(0)] isDataPossible(hipri): possible=false isDataAllowed=false apnTypePossible=true apnContextisEnabled=false apnContextState()=IDLE
05-23 11:27:55.386   700   700 D DCT     : [DcT(0)] get active apn string for type:hipri
05-23 11:27:55.386   700   700 D DCT     : [ApnContext:hipri] getApnSetting: apnSetting=null
05-23 11:27:55.396   700   700 D DCT     : [DcT(0)] notifyOffApnOfAvailability type:ims
05-23 11:27:55.396   700   700 D use-Rlog/RLOG-GSM: [MsmsDcTrackerProxy]isAnotherCardVoiceing phoneId: 0 sVoicePhoneId: -1 result: false
05-23 11:27:55.396   700   700 D DCT     : [DcT(0)] isDataAllowed: not allowed due to - Attached= false
05-23 11:27:55.396   700   700 D DCT     : [DcT(0)] isDataPossible(ims): possible=false isDataAllowed=false apnTypePossible=true apnContextisEnabled=false apnContextState()=IDLE
05-23 11:27:55.396   700   700 D DCT     : [DcT(0)] get active apn string for type:ims
05-23 11:27:55.396   700   700 D DCT     : [ApnContext:ims] getApnSetting: apnSetting=null
05-23 11:27:55.396   700   700 D DCT     : [DcT(0)] notifyOffApnOfAvailability type:default
05-23 11:27:55.396   700   700 D use-Rlog/RLOG-GSM: [MsmsDcTrackerProxy]isAnotherCardVoiceing phoneId: 0 sVoicePhoneId: -1 result: false
05-23 11:27:55.396   700   700 D DCT     : [DcT(0)] isDataAllowed: not allowed due to - Attached= false
05-23 11:27:55.396   700   700 D DCT     : [DcT(0)] isDataPossible(default): possible=false isDataAllowed=false apnTypePossible=true apnContextisEnabled=true apnContextState()=IDLE
05-23 11:27:55.396   700   700 D DCT     : [DcT(0)] get active apn string for type:default
05-23 11:27:55.396   700   700 D DCT     : [ApnContext:default] getApnSetting: apnSetting=null
05-23 11:27:55.446   700   700 D DCT     : [DcT(0)] notifyOffApnOfAvailability type:mms
05-23 11:27:55.446   700   700 D use-Rlog/RLOG-GSM: [MsmsDcTrackerProxy]isAnotherCardVoiceing phoneId: 0 sVoicePhoneId: -1 result: false
05-23 11:27:55.446   700   700 D DCT     : [DcT(0)] isDataAllowed: not allowed due to - Attached= false
05-23 11:27:55.446   700   700 D DCT     : [DcT(0)] isDataPossible(mms): possible=false isDataAllowed=false apnTypePossible=true apnContextisEnabled=false apnContextState()=IDLE
05-23 11:27:55.446   700   700 D DCT     : [DcT(0)] get active apn string for type:mms
05-23 11:27:55.446   700   700 D DCT     : [ApnContext:mms] getApnSetting: apnSetting=null
05-23 11:27:55.456   700   700 D DCT     : [DcT(0)] notifyOffApnOfAvailability type:cbs
05-23 11:27:55.456   700   700 D use-Rlog/RLOG-GSM: [MsmsDcTrackerProxy]isAnotherCardVoiceing phoneId: 0 sVoicePhoneId: -1 result: false
05-23 11:27:55.456   700   700 D DCT     : [DcT(0)] isDataAllowed: not allowed due to - Attached= false
05-23 11:27:55.456   700   700 D DCT     : [DcT(0)] isDataPossible(cbs): possible=false isDataAllowed=false apnTypePossible=true apnContextisEnabled=false apnContextState()=IDLE
05-23 11:27:55.456   700   700 D DCT     : [DcT(0)] get active apn string for type:cbs
05-23 11:27:55.456   700   700 D DCT     : [ApnContext:cbs] getApnSetting: apnSetting=null
05-23 11:27:55.596   700   700 D DCT     : [DcT(0)] notifyOffApnOfAvailability type:xcap
05-23 11:27:55.596   700   700 D use-Rlog/RLOG-GSM: [MsmsDcTrackerProxy]isAnotherCardVoiceing phoneId: 0 sVoicePhoneId: -1 result: false
05-23 11:27:55.596   700   700 D DCT     : [DcT(0)] isDataAllowed: not allowed due to - Attached= false
05-23 11:27:55.596   700   700 D DCT     : [DcT(0)] isDataPossible(xcap): possible=false isDataAllowed=false apnTypePossible=true apnContextisEnabled=false apnContextState()=IDLE
05-23 11:27:55.596   700   700 D DCT     : [DcT(0)] get active apn string for type:xcap
05-23 11:27:55.596   700   700 D DCT     : [ApnContext:xcap] getApnSetting: apnSetting=null
05-23 11:27:55.606   700   700 D DCT     : [DcT(0)] trySetupData: X apnContext not 'ready' retValue=false
05-23 11:27:55.606   700   700 D DCT     : [DcT(0)] setupDataOnConnectableApns: apnContext {mApnType=mms mState=IDLE mWaitingApns={null} mWaitingApnsPermanentFailureCountDown=0 mApnSetting={null} mReason=radioTurnedOff mDataEnabled=false mDependencyMet=true}
05-23 11:27:55.606   700   700 D DCT     : [DcT(0)] setupDataOnConnectableApns: apnContext {mApnType=fota mState=IDLE mWaitingApns={null} mWaitingApnsPermanentFailureCountDown=0 mApnSetting={null} mReason=radioTurnedOff mDataEnabled=false mDependencyMet=true}
05-23 11:27:55.646   700   700 D IccCardProxy: [0]Broadcasting intent ACTION_SIM_STATE_CHANGED LOADED reason null
05-23 11:27:56.037   700   700 D CAT     : CatService: handleMessage[10]
05-23 11:27:56.037   700   700 D CAT     : CatService: SET_UP_MENU
05-23 11:27:56.037   700   700 D CAT     : CatService: encodeOptionalTags() Unsupported Cmd details=CmdDetails: compRequired=true commandNumber=1 typeOfCommand=37 commandQualifier=0
05-23 11:27:56.037   700   700 D RILJ    : [0][3714]> REQUEST_STK_SEND_TERMINAL_RESPONSE
05-23 11:27:56.047   182   226 I use-Rlog/RLOG-RILC: [0] enter processCommandsCallback, socket type = 0
05-23 11:27:56.047   182   226 I use-Rlog/RLOG-RILC: [0] enter processCommandsCallback, socket type = 0
05-23 11:27:56.047   182   226 I use-Rlog/RLOG-RILC: [0] PCC  alloc one command p_record
05-23 11:27:56.047   182   758 D use-Rlog/RLOG-RILC: [0] PCB request code 70 token 66
05-23 11:27:56.047   182   758 D use-Rlog/RLOG-RILC: [0] [0066]> STK_SEND_TERMINAL_RESPONSE (810301250082028281830100)
05-23 11:27:56.047   182   758 D use-Rlog/RLOG-RIL: [0] onRequest: STK_SEND_TERMINAL_RESPONSE sState=0
05-23 11:27:56.047   182   758 D use-Rlog/RLOG-RIL: [0] channel1 state: '0' 
05-23 11:27:56.047   182   758 D use-Rlog/RLOG-RIL: [0] get Channel ID '1'
05-23 11:27:56.047   182   758 D use-Rlog/RLOG-AT: [0] Channel1: AT> AT+SPUSATTERMINAL="810301250082028281830100"
05-23 11:27:56.047   700   700 D CAT     : CatService: broadcastCatCmdIntent isStkAppInstalled: true
05-23 11:27:56.047   182   238 D use-Rlog/RLOG-AT: [0] Channel1: AT< +SPUSATTERMINAL: 0
05-23 11:27:56.047   182   238 D use-Rlog/RLOG-AT: [0] Channel1: AT< OK
05-23 11:27:56.047   182   758 D use-Rlog/RLOG-RILC: [0] [0066]< STK_SEND_TERMINAL_RESPONSE
05-23 11:27:56.047   182   758 D use-Rlog/RLOG-RIL: [0] put Channel ID '1'
05-23 11:27:56.047   182   758 I use-Rlog/RLOG-RILC: [0] -->CommandThread [758] free one command
05-23 11:27:56.057   700   751 D RILJ    : [0][3714]< REQUEST_STK_SEND_TERMINAL_RESPONSE 
05-23 11:27:56.057   700   700 D CAT     : CatService: Sending CmdMsg: com.android.internal.telephony.cat.CatCmdMessage@423864b8 on slotid:0
05-23 11:27:56.067   700   700 D CAT     : com.android.stk.StkAppService: onCreate()+
05-23 11:27:56.067   700   700 D CAT     : com.android.stk.StkAppService: simCount: 2
05-23 11:27:56.087   700   700 D CAT     : com.android.stk.StkAppService: slotId: 0
05-23 11:27:56.087   700   700 D CAT     : com.android.stk.StkAppService: slotId: 1
05-23 11:27:56.097   700   700 D CAT     : com.android.stk.StkAppService: NOT CUCC
05-23 11:27:56.097   700   700 D CAT     : com.android.stk.StkAppService: StkAppService onStart is cucc: false
05-23 11:27:56.117   182   238 D use-Rlog/RLOG-AT: [0] Channel0: AT< +SPUSATPROCMDIND:D00D8103010500820281829902090A
05-23 11:27:56.117   182   238 D use-Rlog/RLOG-RIL: [0] [stk unsl]RIL_UNSOL_STK_PROACTIVE_COMMAND
05-23 11:27:56.117   182   238 D use-Rlog/RLOG-RILC: [0] [UNSL]< UNSOL_STK_PROACTIVE_COMMAND {D00D8103010500820281829902090A}
05-23 11:27:56.127   700   751 D RILJ    : [0][UNSL]< [0]UNSOL_STK_PROACTIVE_COMMAND D00D8103010500820281829902090A
05-23 11:27:56.127   700   700 D CAT     : com.android.stk.StkAppService: onStart sim id: 0, op: 1, *****
05-23 11:27:56.127   700   700 D CAT     : StkAppService: init mPhone
05-23 11:27:56.127   700   700 D PhoneProxy: [PhoneProxy] phoneObjectUpdater: newVoiceRadioTech=0
05-23 11:27:56.127   700   700 D PhoneProxy: [PhoneProxy] phoneObjectUpdater: Unknown rat ignore,  newVoiceRadioTech=Unknown. mActivePhone=TD
05-23 11:27:56.127   700  1027 D CAT     : com.android.stk.StkAppService: handleMessage opcode[1], sim id[0]
05-23 11:27:56.127   700  1027 D CAT     : com.android.stk.StkAppService: cmdName[SET_UP_MENU]
05-23 11:27:56.127   700  1027 D CAT     : com.android.stk.StkAppService: [OP_CMD]
05-23 11:27:56.127   700  1027 D CAT     : com.android.stk.StkAppService: [handleCmd]SET_UP_MENU
05-23 11:27:56.127   700  1027 D CAT     : com.android.stk.StkAppService: SET_UP_MENU [false]
05-23 11:27:56.127   700  1027 D CAT     : com.android.stk.StkAppService: install App
05-23 11:27:56.127   700  1027 D CAT     : com.android.stk.StkAppService: NOT CUCC
05-23 11:27:56.127   700  1027 D CAT     : StkAppInstaller: [setAppState] === install
05-23 11:27:56.127   700  1027 D CAT     : StkAppInstaller: cName = ComponentInfo{com.android.stk/com.android.stk.StkMain}
05-23 11:27:56.127   700  1027 D CAT     : StkAppInstaller: state = 1
05-23 11:27:56.127   700  1027 D CAT     : StkAppInstaller: context = android.app.ContextImpl@42389cb8
05-23 11:27:56.127   700  1027 D CAT     : StkAppInstaller: Change app state[true]
05-23 11:27:56.127   700  1027 D CAT     : com.android.stk.StkAppService: isShowSetupMenuTitle count=1 id=0
05-23 11:27:56.127   700  1027 D CAT     : StkAppInstaller: setComponentEnabledSetting:1
05-23 11:27:56.247   700   700 D DCT     : [DcT(0)] getDataOnRoamingEnabled, settingValue: 0
05-23 11:27:56.247   700   700 D DCT     : [DcT(0)] isDataRoamingEnabled=false
05-23 11:27:56.257   700   700 D DCT     : [DcT(0)] getDataOnRoamingEnabled, settingValue: 0
05-23 11:27:56.257   700   700 D DCT     : [DcT(0)] isDataRoamingEnabled=false
05-23 11:27:56.257   700   700 D DCT     : [DcT(0)] getDataOnRoamingEnabled, settingValue: 0
05-23 11:27:56.257   700   700 D DCT     : [DcT(0)] isDataRoamingEnabled=false
05-23 11:27:56.267   700   700 D DCT     : [DcT(0)] getDataOnRoamingEnabled, settingValue: 0
05-23 11:27:56.267   700   700 D DCT     : [DcT(0)] isDataRoamingEnabled=false
05-23 11:27:56.267   700   700 D DCT     : [DcT(0)] getDataOnRoamingEnabled, settingValue: 0
05-23 11:27:56.267   700   700 D DCT     : [DcT(0)] isDataRoamingEnabled=false
05-23 11:27:56.267   700   700 D DCT     : [DcT(0)] getDataOnRoamingEnabled, settingValue: 0
05-23 11:27:56.267   700   700 D DCT     : [DcT(0)] isDataRoamingEnabled=false
05-23 11:27:56.277   700   700 D DCT     : [DcT(0)] getDataOnRoamingEnabled, settingValue: 0
05-23 11:27:56.277   700   700 D DCT     : [DcT(0)] isDataRoamingEnabled=false
05-23 11:27:56.277   700   700 D DCT     : [DcT(0)] getDataOnRoamingEnabled, settingValue: 0
05-23 11:27:56.277   700   700 D DCT     : [DcT(0)] isDataRoamingEnabled=false
05-23 11:27:56.277   700   700 D DCT     : [DcT(0)] getDataOnRoamingEnabled, settingValue: 0
05-23 11:27:56.277   700   700 D DCT     : [DcT(0)] isDataRoamingEnabled=false
05-23 11:27:56.287   700   700 D DCT     : [DcT(0)] getDataOnRoamingEnabled, settingValue: 0
05-23 11:27:56.287   700   700 D DCT     : [DcT(0)] isDataRoamingEnabled=false
05-23 11:27:56.307   700   700 D CAT     : StkCmdReceiver: handleAction, op: 1args: Bundle[{SLOT_ID=0, cmd message=com.android.internal.telephony.cat.CatCmdMessage@422e9308, op=1}], slot id: 0
05-23 11:27:56.307   700   700 D CAT     : CatService: handleMessage[2]
05-23 11:27:56.307   700   700 D CAT     : CatService: ril message arrived,slotid:0
05-23 11:27:56.317   700   974 D CAT     : RilMessageDecoder: [stk]ril msg = 2 mData =D00D8103010500820281829902090A
05-23 11:27:56.317   700   974 D CAT     : RilMessageDecoder: [stk]rawData length15
05-23 11:27:56.317   700   974 D CAT     : CommandParamsFactory: process SetUpEventList
05-23 11:27:56.317   700  1027 D CAT     : StkAppInstaller: [setAppState]-
05-23 11:27:56.497   700   700 D CAT     : com.android.stk.StkAppService: NOT CUCC
05-23 11:27:56.497   700   700 D CAT     : com.android.stk.StkAppService: StkAppService onStart is cucc: false
05-23 11:27:56.497   700   700 D CAT     : com.android.stk.StkAppService: onStart sim id: 0, op: 1, *****
05-23 11:27:56.497   700   700 D CAT     : StkAppService: init mPhone
05-23 11:27:56.497   700   700 D CAT     : CatService: handleMessage[10]
05-23 11:27:56.497   700  1027 D CAT     : com.android.stk.StkAppService: handleMessage opcode[1], sim id[0]
05-23 11:27:56.497   700  1027 D CAT     : com.android.stk.StkAppService: cmdName[SET_UP_MENU]
05-23 11:27:56.497   700  1027 D CAT     : com.android.stk.StkAppService: [OP_CMD]
05-23 11:27:56.497   700  1027 D CAT     : com.android.stk.StkAppService: [handleCmd]SET_UP_MENU
05-23 11:27:56.497   700  1027 D CAT     : com.android.stk.StkAppService: SET_UP_MENU [false]
05-23 11:27:56.497   700  1027 D CAT     : com.android.stk.StkAppService: install App
05-23 11:27:56.497   700  1027 D CAT     : com.android.stk.StkAppService: NOT CUCC
05-23 11:27:56.497   700  1027 D CAT     : StkAppInstaller: [setAppState] === install
05-23 11:27:56.497   700  1027 D CAT     : StkAppInstaller: cName = ComponentInfo{com.android.stk/com.android.stk.StkMain}
05-23 11:27:56.497   700  1027 D CAT     : StkAppInstaller: state = 1
05-23 11:27:56.497   700  1027 D CAT     : StkAppInstaller: context = android.app.ContextImpl@42389cb8
05-23 11:27:56.497   700   700 D CAT     : CatService: SET_UP_EVENT_LIST
05-23 11:27:56.497   700  1027 D CAT     : StkAppInstaller: Do not need to change STK app state
05-23 11:27:56.497   700  1027 D CAT     : StkAppInstaller: [setAppState]-
05-23 11:27:56.497   700   700 D CAT     : CatService: Event: 0
05-23 11:27:56.497   700   700 D CAT     : CatService: Event: 0
05-23 11:27:56.497   700   700 D CAT     : CatService: encodeOptionalTags() Unsupported Cmd details=CmdDetails: compRequired=true commandNumber=1 typeOfCommand=5 commandQualifier=0
05-23 11:27:56.497   700   700 D RILJ    : [0][3715]> REQUEST_STK_SEND_TERMINAL_RESPONSE
05-23 11:27:56.547   182   226 I use-Rlog/RLOG-RILC: [0] enter processCommandsCallback, socket type = 0
05-23 11:27:56.547   182   226 I use-Rlog/RLOG-RILC: [0] enter processCommandsCallback, socket type = 0
05-23 11:27:56.547   182   226 I use-Rlog/RLOG-RILC: [0] PCC  alloc one command p_record
05-23 11:27:56.547   182   941 D use-Rlog/RLOG-RILC: [0] PCB request code 70 token 67
05-23 11:27:56.547   182   941 D use-Rlog/RLOG-RILC: [0] [0067]> STK_SEND_TERMINAL_RESPONSE (810301050082028281830100)
05-23 11:27:56.547   182   941 D use-Rlog/RLOG-RIL: [0] onRequest: STK_SEND_TERMINAL_RESPONSE sState=0
05-23 11:27:56.547   182   941 D use-Rlog/RLOG-RIL: [0] channel1 state: '0' 
05-23 11:27:56.547   182   941 D use-Rlog/RLOG-RIL: [0] get Channel ID '1'
05-23 11:27:56.547   182   941 D use-Rlog/RLOG-AT: [0] Channel1: AT> AT+SPUSATTERMINAL="810301050082028281830100"
05-23 11:27:56.547   182   238 D use-Rlog/RLOG-AT: [0] Channel1: AT< +SPUSATTERMINAL: 0
05-23 11:27:56.547   182   238 D use-Rlog/RLOG-AT: [0] Channel1: AT< OK
05-23 11:27:56.547   182   941 D use-Rlog/RLOG-RILC: [0] [0067]< STK_SEND_TERMINAL_RESPONSE
05-23 11:27:56.547   182   941 D use-Rlog/RLOG-RIL: [0] put Channel ID '1'
05-23 11:27:56.547   182   941 I use-Rlog/RLOG-RILC: [0] -->CommandThread [941] free one command
05-23 11:27:56.547   700   751 D RILJ    : [0][3715]< REQUEST_STK_SEND_TERMINAL_RESPONSE 
05-23 11:27:56.557   700   700 D CAT     : CatService: broadcastCatCmdIntent isStkAppInstalled: true
05-23 11:27:56.557   700   700 D CAT     : CatService: Sending CmdMsg: com.android.internal.telephony.cat.CatCmdMessage@423353e8 on slotid:0
05-23 11:27:56.557   700   700 D CAT     : StkCmdReceiver: handleAction, op: 1args: Bundle[{SLOT_ID=0, cmd message=com.android.internal.telephony.cat.CatCmdMessage@42289d70, op=1}], slot id: 0
05-23 11:27:56.567   700   700 D CAT     : com.android.stk.StkAppService: NOT CUCC
05-23 11:27:56.567   700   700 D CAT     : com.android.stk.StkAppService: StkAppService onStart is cucc: false
05-23 11:27:56.567   700   700 D CAT     : com.android.stk.StkAppService: onStart sim id: 0, op: 1, *****
05-23 11:27:56.567   700   700 D CAT     : StkAppService: init mPhone
05-23 11:27:56.567   700  1027 D CAT     : com.android.stk.StkAppService: handleMessage opcode[1], sim id[0]
05-23 11:27:56.567   700  1027 D CAT     : com.android.stk.StkAppService: cmdName[SET_UP_EVENT_LIST]
05-23 11:27:56.567   700  1027 D CAT     : com.android.stk.StkAppService: [OP_CMD]
05-23 11:27:56.567   700  1027 D CAT     : com.android.stk.StkAppService: [handleCmd]SET_UP_EVENT_LIST
05-23 11:27:56.577   182   238 D use-Rlog/RLOG-AT: [0] Channel0: AT< +SPUSATENDSESSIONIND
05-23 11:27:56.577   182   238 D use-Rlog/RLOG-RIL: [0] [stk unsl]RIL_UNSOL_STK_SESSION_END
05-23 11:27:56.577   182   238 D use-Rlog/RLOG-RILC: [0] [UNSL]< UNSOL_STK_SESSION_END 
05-23 11:27:56.577   700   751 D RILJ    : [0][UNSL]< [0]UNSOL_STK_SESSION_END
05-23 11:27:56.577   700   700 D CAT     : CatService: handleMessage[1]
05-23 11:27:56.577   700   700 D CAT     : CatService: ril message arrived,slotid:0
05-23 11:27:56.577   700   700 D CAT     : CatService: handleMessage[10]
05-23 11:27:56.577   700   700 D CAT     : CatService: SESSION END on 0
05-23 11:27:56.597   700  1031 D RadioInteractor: [RadioInteractor] RadioInteractorFactory:  com.android.sprd.telephony.RadioInteractorFactory@4221a658  RadioInteractorFactory class 1109803912
05-23 11:27:56.607   700  1031 D RadioInteractor: [3649]> REQUEST_SET_SMS_BEARER [SUB0]
05-23 11:27:56.607   182   226 I use-Rlog/RLOG-RILC: [0] enter processCommandsCallback, socket type = 2
05-23 11:27:56.607   182   226 I use-Rlog/RLOG-RILC: [0] PCC  alloc one command p_record
05-23 11:27:56.607   182   758 D use-Rlog/RLOG-RILC: [0] PCB request code 5512 token 1
05-23 11:27:56.607   182   758 D use-Rlog/RLOG-RILC: [0] [0001]> SET_SMS_BEARER (1)
05-23 11:27:56.607   182   758 D use-Rlog/RLOG-RIL: [0] onRequest: SET_SMS_BEARER sState=0
05-23 11:27:56.607   182   758 D use-Rlog/RLOG-RILC: [0] [0001]< SET_SMS_BEARER fails by E_RADIO_NOT_AVAILABLE
05-23 11:27:56.607   182   758 I use-Rlog/RLOG-RILC: [0] -->CommandThread [758] free one command
05-23 11:27:56.607   700   855 D RadioInteractor: [RIRequest] [3649]< REQUEST_SET_SMS_BEARER error: com.android.sprd.telephony.CommandException: RADIO_NOT_AVAILABLE ret=
05-23 11:27:56.607   700   859 D RadioInteractor: [RadioInteractorHandler]  handleMessage msg.what:16
05-23 11:27:56.607   700   859 D RadioInteractor: [RadioInteractorHandler] handleMessage EVENT_SET_SMS_BEARER_DONE
05-23 11:27:56.607   700   859 E RadioInteractor: [RadioInteractorHandler] set sms bearer:fail
05-23 11:27:56.617   700  1031 D RILJ    : [0][3716]> OEM_HOOK_STRINGS
05-23 11:27:56.627   700  1031 D use-Rlog/RLOG-PHONE: wait for done
05-23 11:27:56.627   182   226 I use-Rlog/RLOG-RILC: [0] enter processCommandsCallback, socket type = 0
05-23 11:27:56.627   182   226 I use-Rlog/RLOG-RILC: [0] enter processCommandsCallback, socket type = 0
05-23 11:27:56.627   182   226 I use-Rlog/RLOG-RILC: [0] PCC  alloc one command p_record
05-23 11:27:56.627   182   941 D use-Rlog/RLOG-RILC: [0] PCB request code 60 token 68
05-23 11:27:56.627   182   941 D use-Rlog/RLOG-RILC: [0] [0068]> OEM_HOOK_STRINGS (AT+SPOPRCAP=1,1,0)
05-23 11:27:56.627   182   941 D use-Rlog/RLOG-RIL: [0] onRequest: OEM_HOOK_STRINGS sState=0
05-23 11:27:56.627   182   941 D use-Rlog/RLOG-RIL: [0] channel1 state: '0' 
05-23 11:27:56.627   182   941 D use-Rlog/RLOG-RIL: [0] get Channel ID '1'
05-23 11:27:56.627   182   941 D use-Rlog/RLOG-RIL: [0] got OEM_HOOK_STRINGS: 0x0xb673bce0 4
05-23 11:27:56.627   182   941 D use-Rlog/RLOG-RIL: [0] > 'AT+SPOPRCAP=1,1,0'
05-23 11:27:56.627   182   941 D use-Rlog/RLOG-RIL: [0] >>> 'AT+SPOPRCAP=1,1,0'
05-23 11:27:56.627   182   941 D use-Rlog/RLOG-AT: [0] Channel1: AT> AT+SPOPRCAP=1,1,0
05-23 11:27:56.627   182   238 D use-Rlog/RLOG-AT: [0] Channel1: AT< OK
05-23 11:27:56.627   182   941 D use-Rlog/RLOG-RILC: [0] [0068]< OEM_HOOK_STRINGS {OK
05-23 11:27:56.627   182   941 D use-Rlog/RLOG-RILC: }
05-23 11:27:56.627   182   941 D use-Rlog/RLOG-RIL: [0] put Channel ID '1'
05-23 11:27:56.627   182   941 I use-Rlog/RLOG-RILC: [0] -->CommandThread [941] free one command
05-23 11:27:56.627   700   751 D RILJ    : [0][3716]< OEM_HOOK_STRINGS {OK
05-23 11:27:56.627   700   751 D RILJ    : }
05-23 11:27:56.637   700  1033 D use-Rlog/RLOG-PHONE: SEND_AT_COMPLETE
05-23 11:27:56.637   700  1031 D use-Rlog/RLOG-PHONE: done
05-23 11:27:56.888   700  1035 D TelephonyManager: setRadioBusy true
05-23 11:27:57.979   700  1035 D TelephonyManager: getSettingDefaultSim:phoneIdKey sim_card_favorite_voicephoneId:-1
05-23 11:27:57.989   700  1035 D TelephonyManager: setDefaultSim:phoneIdKey multi_sim_mms phoneId 0
05-23 11:27:57.999   700  1035 D TelephonyManager: setDefaultSim:phoneIdKey multi_sim_voice_call phoneId 0
05-23 11:27:58.009   700  1035 D TelephonyManager: setDefaultSim:phoneIdKey multi_sim_voice_call phoneId 0
05-23 11:27:58.029   700  1035 D TelephonyManager: getSettingDefaultSim:phoneIdKey sim_card_favorite_mmsphoneId:-1
05-23 11:27:58.049   700  1035 D TelephonyManager: setDefaultSim:phoneIdKey multi_sim_mms phoneId 0
05-23 11:27:58.059   700  1035 D TelephonyManager: setDefaultSim:phoneIdKey multi_sim_voice_call phoneId 0
05-23 11:27:58.059   700  1035 D TelephonyManager: setDefaultSim:phoneIdKey multi_sim_mms phoneId 0
05-23 11:27:58.289   700  1043 D RadioInteractor: [RadioInteractor] RadioInteractorFactory:  com.android.sprd.telephony.RadioInteractorFactory@4221a658  RadioInteractorFactory class 1109803912
05-23 11:27:58.289   700  1043 D RadioInteractor: [3650]> REQUEST_SET_SMS_BEARER [SUB0]
05-23 11:27:58.299   182   226 I use-Rlog/RLOG-RILC: [0] enter processCommandsCallback, socket type = 2
05-23 11:27:58.299   182   226 I use-Rlog/RLOG-RILC: [0] enter processCommandsCallback, socket type = 2
05-23 11:27:58.299   182   226 I use-Rlog/RLOG-RILC: [0] PCC  alloc one command p_record
05-23 11:27:58.299   182   758 D use-Rlog/RLOG-RILC: [0] PCB request code 5512 token 2
05-23 11:27:58.299   182   758 D use-Rlog/RLOG-RILC: [0] [0002]> SET_SMS_BEARER (1)
05-23 11:27:58.299   182   758 D use-Rlog/RLOG-RIL: [0] onRequest: SET_SMS_BEARER sState=0
05-23 11:27:58.299   182   758 D use-Rlog/RLOG-RILC: [0] [0002]< SET_SMS_BEARER fails by E_RADIO_NOT_AVAILABLE
05-23 11:27:58.299   182   758 I use-Rlog/RLOG-RILC: [0] -->CommandThread [758] free one command
05-23 11:27:58.299   700   855 D RadioInteractor: [RIRequest] [3650]< REQUEST_SET_SMS_BEARER error: com.android.sprd.telephony.CommandException: RADIO_NOT_AVAILABLE ret=
05-23 11:27:58.299   700   859 D RadioInteractor: [RadioInteractorHandler]  handleMessage msg.what:16
05-23 11:27:58.299   700   859 D RadioInteractor: [RadioInteractorHandler] handleMessage EVENT_SET_SMS_BEARER_DONE
05-23 11:27:58.299   700   859 E RadioInteractor: [RadioInteractorHandler] set sms bearer:fail
05-23 11:27:58.329   700  1043 D RILJ    : [0][3717]> OEM_HOOK_STRINGS
05-23 11:27:58.359   700  1044 D GsmSST  : setPowerStateToDesired phone=0 mDesiredPowerState=true cm.getRadioState().isOn=false
05-23 11:27:58.359   700  1044 D GsmSST  : canSetRadioPower getIccCardState() = READY
05-23 11:27:58.359   700  1044 D GsmSST  : canSetRadioPower phoneCount = 2
05-23 11:27:58.359   700  1044 D GsmSST  : canSetRadioPower simPresent = true
05-23 11:27:58.359   700  1044 D GsmSST  : setPowerStateToDesired: setRadioPower force = true,state = 1
05-23 11:27:58.359   700  1043 D use-Rlog/RLOG-PHONE: wait for done
05-23 11:27:58.359   182   226 I use-Rlog/RLOG-RILC: [0] enter processCommandsCallback, socket type = 0
05-23 11:27:58.359   182   226 I use-Rlog/RLOG-RILC: [0] enter processCommandsCallback, socket type = 0
05-23 11:27:58.359   182   226 I use-Rlog/RLOG-RILC: [0] PCC  alloc one command p_record
05-23 11:27:58.369   182   941 D use-Rlog/RLOG-RILC: [0] PCB request code 60 token 69
05-23 11:27:58.369   182   941 D use-Rlog/RLOG-RILC: [0] [0069]> OEM_HOOK_STRINGS (AT+SPOPRCAP=1,1,0)
05-23 11:27:58.369   182   941 D use-Rlog/RLOG-RIL: [0] onRequest: OEM_HOOK_STRINGS sState=0
05-23 11:27:58.369   182   941 D use-Rlog/RLOG-RIL: [0] channel1 state: '0' 
05-23 11:27:58.369   182   941 D use-Rlog/RLOG-RIL: [0] get Channel ID '1'
05-23 11:27:58.369   182   941 D use-Rlog/RLOG-RIL: [0] got OEM_HOOK_STRINGS: 0x0xb673bce0 4
05-23 11:27:58.369   182   941 D use-Rlog/RLOG-RIL: [0] > 'AT+SPOPRCAP=1,1,0'
05-23 11:27:58.369   182   941 D use-Rlog/RLOG-RIL: [0] >>> 'AT+SPOPRCAP=1,1,0'
05-23 11:27:58.369   182   941 D use-Rlog/RLOG-AT: [0] Channel1: AT> AT+SPOPRCAP=1,1,0
05-23 11:27:58.369   182   238 D use-Rlog/RLOG-AT: [0] Channel1: AT< OK
05-23 11:27:58.369   182   941 D use-Rlog/RLOG-RILC: [0] [0069]< OEM_HOOK_STRINGS {OK
05-23 11:27:58.369   182   941 D use-Rlog/RLOG-RILC: }
05-23 11:27:58.369   182   941 D use-Rlog/RLOG-RIL: [0] put Channel ID '1'
05-23 11:27:58.369   182   941 I use-Rlog/RLOG-RILC: [0] -->CommandThread [941] free one command
05-23 11:27:58.379   700   751 D RILJ    : [0][3717]< OEM_HOOK_STRINGS {OK
05-23 11:27:58.379   700   751 D RILJ    : }
05-23 11:27:58.379   700  1045 D use-Rlog/RLOG-PHONE: SEND_AT_COMPLETE
05-23 11:27:58.379   700  1043 D use-Rlog/RLOG-PHONE: done
05-23 11:27:58.379   700  1044 D RILJ    : [0][3718]> RADIO_POWER on
05-23 11:27:58.389   182   226 I use-Rlog/RLOG-RILC: [0] enter processCommandsCallback, socket type = 0
05-23 11:27:58.389   182   226 D use-Rlog/RLOG-RILC: [0] Add 'RADIO_POWER' to call_cmd_list
05-23 11:27:58.389   182   240 I use-Rlog/RLOG-RILC: [0] -->Normal Dispatch call list
05-23 11:27:58.389   182   240 D use-Rlog/RLOG-RILC: [0] PCB request code 23 token 70
05-23 11:27:58.389   182   240 D use-Rlog/RLOG-RILC: [0] [0070]> RADIO_POWER (1,1,1)
05-23 11:27:58.389   182   240 D use-Rlog/RLOG-RIL: [0] onRequest: RADIO_POWER sState=0
05-23 11:27:58.389   182   240 D use-Rlog/RLOG-RIL: [0] channel1 state: '0' 
05-23 11:27:58.389   182   240 D use-Rlog/RLOG-RIL: [0] get Channel ID '1'
05-23 11:27:58.389   182   240 D use-Rlog/RLOG-RIL: [0] sim1.
05-23 11:27:58.389   182   240 D use-Rlog/RLOG-RIL: [0] getHasSimInner subscription = 0
05-23 11:27:58.389   182   240 D use-Rlog/RLOG-RIL: [0] getHasInner: 1
05-23 11:27:58.389   182   240 D use-Rlog/RLOG-RIL: [0] getTestMode
05-23 11:27:58.389   182   240 D use-Rlog/RLOG-RIL: [0] getTestModeInner subscription = 0
05-23 11:27:58.389   182   240 D use-Rlog/RLOG-RIL: [0] getTestModeInner: 8
05-23 11:27:58.389   182   240 D use-Rlog/RLOG-RIL: [0] initSIMPresentState
05-23 11:27:58.389   182   240 D use-Rlog/RLOG-RIL: [0] getHasSimInner subscription = 0
05-23 11:27:58.389   182   240 D use-Rlog/RLOG-RIL: [0] getHasInner: 1
05-23 11:27:58.389   182   240 D use-Rlog/RLOG-RIL: [0] getHasSimInner subscription = 1
05-23 11:27:58.389   182   240 D use-Rlog/RLOG-RIL: [0] getHasInner prop key: ril.has_sim1
05-23 11:27:58.389   182   240 D use-Rlog/RLOG-RIL: [0] getHasInner: 0
05-23 11:27:58.389   182   240 D use-Rlog/RLOG-RIL: [0] is CSFB 
05-23 11:27:58.389   182   240 D use-Rlog/RLOG-RIL: [0] buildTestModeCmd cmdsize = 128
05-23 11:27:58.389   182   240 D use-Rlog/RLOG-RIL: [0] getTestModeInner subscription = 0
05-23 11:27:58.389   182   240 D use-Rlog/RLOG-RIL: [0] getTestModeInner: 8
05-23 11:27:58.389   182   240 D use-Rlog/RLOG-RIL: [0] buildTestModeCmd cmd: AT+SPTESTMODEM=8
05-23 11:27:58.389   182   240 D use-Rlog/RLOG-RIL: [0] getTestModeInner subscription = 1
05-23 11:27:58.389   182   240 D use-Rlog/RLOG-RIL: [0] getTestModeInner prop key: persist.radio.ssda.testmode1
05-23 11:27:58.389   182   240 D use-Rlog/RLOG-RIL: [0] getTestModeInner: 10
05-23 11:27:58.389   182   240 D use-Rlog/RLOG-RIL: [0] buildTestModeCmd cmd1: AT+SPTESTMODEM=8,10
05-23 11:27:58.389   182   240 D use-Rlog/RLOG-AT: [0] Channel1: AT> AT+SPTESTMODEM=8,10
05-23 11:27:58.399   182   238 D use-Rlog/RLOG-AT: [0] Channel1: AT< OK
05-23 11:27:58.399   182   240 D use-Rlog/RLOG-RIL: [0] ssda mode: tdd-csfb
05-23 11:27:58.399   182   240 D use-Rlog/RLOG-AT: [0] Channel1: AT> AT+CEMODE=1
05-23 11:27:58.399   182   238 D use-Rlog/RLOG-AT: [0] Channel1: AT< OK
05-23 11:27:58.399   182   240 D use-Rlog/RLOG-AT: [0] Channel1: AT> AT+CIMI
05-23 11:27:58.399   182   238 D use-Rlog/RLOG-AT: [0] Channel1: AT< 460004702156121
05-23 11:27:58.399   182   238 D use-Rlog/RLOG-AT: [0] Channel1: AT< OK
05-23 11:27:58.399   182   240 D use-Rlog/RLOG-RIL: [0] requestRadioPower--IMSI:[460004702156121]
05-23 11:27:58.399   182   240 D use-Rlog/RLOG-RIL: [0] ssda mode: tdd-csfb
05-23 11:27:58.399   182   240 D use-Rlog/RLOG-RIL: [0] isn't svlte
05-23 11:27:58.399   182   240 D use-Rlog/RLOG-RIL: [0] is CSFB 
05-23 11:27:58.399   182   240 D use-Rlog/RLOG-AT: [0] Channel1: AT> AT+SAUTOATT=1
05-23 11:27:58.399   182   238 D use-Rlog/RLOG-AT: [0] Channel1: AT< OK
05-23 11:27:58.399   182   240 D use-Rlog/RLOG-RIL: [0] ssda mode: tdd-csfb
05-23 11:27:58.399   182   240 D use-Rlog/RLOG-RIL: [0] isn't svlte
05-23 11:27:58.399   182   240 D use-Rlog/RLOG-AT: [0] Channel1: AT> AT+SFUN=4
05-23 11:27:59.720   182   238 D use-Rlog/RLOG-AT: [0] Channel1: AT< OK
05-23 11:27:59.720   182   240 D use-Rlog/RLOG-RILC: [0] [UNSL]< UNSOL_VOICE_RADIO_TECH_CHANGED {3}
05-23 11:27:59.720   182   240 D use-Rlog/RLOG-RILC: [0] [UNSL]< UNSOL_VOICE_RADIO_TECH_CHANGED {3} {RADIO_SIM_NOT_READY}
05-23 11:27:59.720   182   240 D use-Rlog/RLOG-RILC: [0] [UNSL]< UNSOL_RESPONSE_SIM_STATUS_CHANGED 
05-23 11:27:59.720   182   240 D use-Rlog/RLOG-AT: [0] Channel1: AT> AT+CTZR=1
05-23 11:27:59.720   700   751 D RILJ    : [0][UNSL]< [0]UNSOL_VOICE_RADIO_TECH_CHANGED {3}
05-23 11:27:59.720   182   238 D use-Rlog/RLOG-AT: [0] Channel1: AT< OK
05-23 11:27:59.720   182   240 D use-Rlog/RLOG-AT: [0] Channel1: AT> AT+CPIN?
05-23 11:27:59.720   700   751 D RILJ    : [0][UNSL]< [0]UNSOL_RESPONSE_RADIO_STATE_CHANGED RADIO_ON
05-23 11:27:59.720   182   238 D use-Rlog/RLOG-AT: [0] Channel1: AT< +CPIN: READY
05-23 11:27:59.720   700   700 D PhoneProxy: [PhoneProxy] EVENT_VOICE_RADIO_TECH_CHANGED: newVoiceTech=3
05-23 11:27:59.720   182   238 D use-Rlog/RLOG-AT: [0] Channel1: AT< OK
05-23 11:27:59.720   182   240 D use-Rlog/RLOG-RIL: [0] setHasSim hasSim = 1
05-23 11:27:59.720   700   700 D PhoneProxy: [PhoneProxy] phoneObjectUpdater: newVoiceRadioTech=3
05-23 11:27:59.720   700   700 D PhoneProxy: [PhoneProxy] phoneObjectUpdater: No change ignore, newVoiceRadioTech=3 mActivePhone=TD
05-23 11:27:59.720   182   240 I RIL     : SIM_READY
05-23 11:27:59.720   182   240 D use-Rlog/RLOG-RILC: [0] [UNSL]< UNSOL_RESPONSE_SIM_STATUS_CHANGED 
05-23 11:27:59.720   182   240 D use-Rlog/RLOG-RILC: [0] [UNSL]< UNSOL_RESPONSE_SIM_STATUS_CHANGED  {RADIO_SIM_READY}
05-23 11:27:59.720   182   240 D use-Rlog/RLOG-RILC: [0] [UNSL]< UNSOL_RESPONSE_SIM_STATUS_CHANGED 
05-23 11:27:59.720   182   240 D use-Rlog/RLOG-AT: [0] Channel1: AT> AT+CSMS=1
05-23 11:27:59.720   182   238 D use-Rlog/RLOG-AT: [0] Channel1: AT< +CSMS: 1,1,0
05-23 11:27:59.720   182   238 D use-Rlog/RLOG-AT: [0] Channel1: AT< OK
05-23 11:27:59.720   182   240 D use-Rlog/RLOG-AT: [0] Channel1: AT> AT+CNMI=3,2,2,1,1
05-23 11:27:59.720   700   700 D RILJ    : [0]mPreferredNetworkType: 0
05-23 11:27:59.720   182   238 D use-Rlog/RLOG-AT: [0] Channel1: AT< OK
05-23 11:27:59.720   182   240 D use-Rlog/RLOG-AT: [0] Channel1: AT> AT+CSCA?
05-23 11:27:59.720   700   700 D RILJ    : [0][3719]> REQUEST_SET_PREFERRED_NETWORK_TYPE : 0
05-23 11:27:59.720   182   238 D use-Rlog/RLOG-AT: [0] Channel1: AT< +CSCA: "2B38363133383030373535353030",145
05-23 11:27:59.720   182   238 D use-Rlog/RLOG-AT: [0] Channel1: AT< OK
05-23 11:27:59.720   182   240 D use-Rlog/RLOG-AT: [0] Channel1: AT> AT^CARDMODE
05-23 11:27:59.730   700   751 D RILJ    : [0][UNSL]< [0]UNSOL_RESPONSE_SIM_STATUS_CHANGED
05-23 11:27:59.730   700   751 D RILJ    : [0][UNSL]< [0]UNSOL_RESPONSE_SIM_STATUS_CHANGED
05-23 11:27:59.730   700   751 D RILJ    : [0][UNSL]< [0]UNSOL_RESPONSE_RADIO_STATE_CHANGED RADIO_ON
05-23 11:27:59.730   700   751 D RILJ    : [0][UNSL]< [0]UNSOL_RESPONSE_SIM_STATUS_CHANGED
05-23 11:27:59.730   700   700 D RILJ    : SPRDRILOPERATOR
05-23 11:27:59.730   182   226 I use-Rlog/RLOG-RILC: [0] enter processCommandsCallback, socket type = 0
05-23 11:27:59.730   182   226 I use-Rlog/RLOG-RILC: [0] enter processCommandsCallback, socket type = 0
05-23 11:27:59.730   182   226 I use-Rlog/RLOG-RILC: [0] PCC  alloc one command p_record
05-23 11:27:59.730   182   758 D use-Rlog/RLOG-RILC: [0] PCB request code 73 token 71
05-23 11:27:59.730   182   758 D use-Rlog/RLOG-RILC: [0] [0071]> SET_PREFERRED_NETWORK_TYPE (0)
05-23 11:27:59.730   182   758 D use-Rlog/RLOG-RIL: [0] onRequest: SET_PREFERRED_NETWORK_TYPE sState=4
05-23 11:27:59.730   182   758 D use-Rlog/RLOG-RIL: [0] channel2 state: '0' 
05-23 11:27:59.730   182   758 D use-Rlog/RLOG-RIL: [0] get Channel ID '2'
05-23 11:27:59.730   182   758 D use-Rlog/RLOG-RIL: [0] ssda mode: tdd-csfb
05-23 11:27:59.730   182   758 D use-Rlog/RLOG-RILC: [0] [0071]< SET_PREFERRED_NETWORK_TYPE fails by E_GENERIC_FAILURE
05-23 11:27:59.730   182   758 D use-Rlog/RLOG-RIL: [0] put Channel ID '2'
05-23 11:27:59.730   182   758 I use-Rlog/RLOG-RILC: [0] -->CommandThread [758] free one command
05-23 11:27:59.730   182   238 D use-Rlog/RLOG-AT: [0] Channel1: AT< ^CARDMODE: 2
05-23 11:27:59.730   182   238 D use-Rlog/RLOG-AT: [0] Channel1: AT< OK
05-23 11:27:59.730   182   240 D use-Rlog/RLOG-RIL: [0] onSimPresent simMode = 2
05-23 11:27:59.730   182   240 D use-Rlog/RLOG-RIL: [0] onSimPresent isTest = 0
05-23 11:27:59.730   182   240 D use-Rlog/RLOG-RILC: [0] [0070]< RADIO_POWER
05-23 11:27:59.730   182   240 D use-Rlog/RLOG-RIL: [0] put Channel ID '1'
05-23 11:27:59.730   182   240 I use-Rlog/RLOG-RILC: [0] -->Normal Dispatch [240] free one command
05-23 11:27:59.730   700   700 D RILJ    : [0][3720]> OPERATOR
05-23 11:27:59.740   700   751 D RilRequest: [3719]< REQUEST_SET_PREFERRED_NETWORK_TYPE error: com.android.internal.telephony.CommandException: GENERIC_FAILURE
05-23 11:27:59.740   182   226 I use-Rlog/RLOG-RILC: [0] enter processCommandsCallback, socket type = 0
05-23 11:27:59.740   182   226 I use-Rlog/RLOG-RILC: [0] PCC  alloc one command p_record
05-23 11:27:59.740   182   941 D use-Rlog/RLOG-RILC: [0] PCB request code 22 token 72
05-23 11:27:59.740   182   941 D use-Rlog/RLOG-RILC: [0] [0072]> OPERATOR 
05-23 11:27:59.740   182   941 D use-Rlog/RLOG-RIL: [0] onRequest: OPERATOR sState=4
05-23 11:27:59.740   700   700 D RILJ    : [0][3721]> DATA_REGISTRATION_STATE
05-23 11:27:59.740   182   941 D use-Rlog/RLOG-RIL: [0] channel1 state: '0' 
05-23 11:27:59.740   182   941 D use-Rlog/RLOG-RIL: [0] get Channel ID '1'
05-23 11:27:59.740   182   941 D use-Rlog/RLOG-AT: [0] Channel1: AT> AT+COPS=3,0;+COPS?;+COPS=3,1;+COPS?;+COPS=3,2;+COPS?
05-23 11:27:59.740   182   226 I use-Rlog/RLOG-RILC: [0] enter processCommandsCallback, socket type = 0
05-23 11:27:59.740   182   226 I use-Rlog/RLOG-RILC: [0] enter processCommandsCallback, socket type = 0
05-23 11:27:59.740   182   226 I use-Rlog/RLOG-RILC: [0] PCC  alloc one command p_record
05-23 11:27:59.740   182   758 D use-Rlog/RLOG-RILC: [0] PCB request code 21 token 73
05-23 11:27:59.740   182   758 D use-Rlog/RLOG-RILC: [0] [0073]> DATA_REGISTRATION_STATE 
05-23 11:27:59.740   182   758 D use-Rlog/RLOG-RIL: [0] onRequest: DATA_REGISTRATION_STATE sState=4
05-23 11:27:59.740   182   758 D use-Rlog/RLOG-RIL: [0] channel2 state: '0' 
05-23 11:27:59.740   182   758 D use-Rlog/RLOG-RIL: [0] get Channel ID '2'
05-23 11:27:59.740   182   758 D use-Rlog/RLOG-RIL: [0] ssda mode: tdd-csfb
05-23 11:27:59.740   182   758 D use-Rlog/RLOG-AT: [0] Channel2: AT> AT+CEREG?
05-23 11:27:59.740   700   700 D RILJ    : [0][3722]> VOICE_REGISTRATION_STATE
05-23 11:27:59.740   182   238 D use-Rlog/RLOG-AT: [0] Channel1: AT< +COPS: 0
05-23 11:27:59.740   182   238 D use-Rlog/RLOG-AT: [0] Channel1: AT< +COPS: 0
05-23 11:27:59.740   182   238 D use-Rlog/RLOG-AT: [0] Channel2: AT< +CEREG: 2,2
05-23 11:27:59.740   182   238 D use-Rlog/RLOG-AT: [0] Channel2: AT< OK
05-23 11:27:59.740   182   758 D use-Rlog/RLOG-RILC: [0] [0073]< DATA_REGISTRATION_STATE {2,(null),(null),(null),(null),3}
05-23 11:27:59.740   182   758 D use-Rlog/RLOG-RIL: [0] put Channel ID '2'
05-23 11:27:59.740   182   758 I use-Rlog/RLOG-RILC: [0] -->CommandThread [758] free one command
05-23 11:27:59.740   182   238 D use-Rlog/RLOG-AT: [0] Channel1: AT< +COPS: 0
05-23 11:27:59.740   182   238 D use-Rlog/RLOG-AT: [0] Channel1: AT< OK
05-23 11:27:59.740   182   941 D use-Rlog/RLOG-RILC: [0] [0072]< OPERATOR {(null),(null),(null)}
05-23 11:27:59.740   182   941 D use-Rlog/RLOG-RIL: [0] put Channel ID '1'
05-23 11:27:59.740   182   941 I use-Rlog/RLOG-RILC: [0] -->CommandThread [941] free one command
05-23 11:27:59.740   182   226 I use-Rlog/RLOG-RILC: [0] enter processCommandsCallback, socket type = 0
05-23 11:27:59.740   182   226 I use-Rlog/RLOG-RILC: [0] enter processCommandsCallback, socket type = 0
05-23 11:27:59.740   182   226 I use-Rlog/RLOG-RILC: [0] PCC  alloc one command p_record
05-23 11:27:59.740   182   758 D use-Rlog/RLOG-RILC: [0] PCB request code 20 token 74
05-23 11:27:59.740   182   758 D use-Rlog/RLOG-RILC: [0] [0074]> VOICE_REGISTRATION_STATE 
05-23 11:27:59.740   182   758 D use-Rlog/RLOG-RIL: [0] onRequest: VOICE_REGISTRATION_STATE sState=4
05-23 11:27:59.740   182   758 D use-Rlog/RLOG-RIL: [0] channel1 state: '0' 
05-23 11:27:59.740   182   758 D use-Rlog/RLOG-RIL: [0] get Channel ID '1'
05-23 11:27:59.740   182   758 D use-Rlog/RLOG-RIL: [0] ssda mode: tdd-csfb
05-23 11:27:59.740   182   758 D use-Rlog/RLOG-AT: [0] Channel1: AT> AT+CREG?
05-23 11:27:59.740   700   700 D RILJ    : [0][3723]> QUERY_NETWORK_SELECTION_MODE
05-23 11:27:59.740   182   238 D use-Rlog/RLOG-AT: [0] Channel1: AT< +CREG: 2,2
05-23 11:27:59.740   182   238 D use-Rlog/RLOG-AT: [0] Channel1: AT< OK
05-23 11:27:59.740   182   758 D use-Rlog/RLOG-RILC: [0] [0074]< VOICE_REGISTRATION_STATE {2,(null),(null),(null),(null),(null),(null),0,(null),(null),(null),(null),(null),(null),(null)}
05-23 11:27:59.740   182   758 D use-Rlog/RLOG-RIL: [0] put Channel ID '1'
05-23 11:27:59.740   182   758 I use-Rlog/RLOG-RILC: [0] -->CommandThread [758] free one command
05-23 11:27:59.740   700   751 D RILJ    : [0][3718]< RADIO_POWER 
05-23 11:27:59.740   700   751 D RILJ    : [0][3721]< DATA_REGISTRATION_STATE {2, null, null, null, null, 3}
05-23 11:27:59.740   700   751 D RILJ    : sprdRil before responseOperatorString():response[0]= null response[1]= null response[2]= null
05-23 11:27:59.750   182   226 I use-Rlog/RLOG-RILC: [0] enter processCommandsCallback, socket type = 0
05-23 11:27:59.750   182   226 I use-Rlog/RLOG-RILC: [0] enter processCommandsCallback, socket type = 0
05-23 11:27:59.750   182   226 I use-Rlog/RLOG-RILC: [0] PCC  alloc one command p_record
05-23 11:27:59.750   182   941 D use-Rlog/RLOG-RILC: [0] PCB request code 45 token 75
05-23 11:27:59.750   182   941 D use-Rlog/RLOG-RILC: [0] [0075]> QUERY_NETWORK_SELECTION_MODE 
05-23 11:27:59.750   182   941 D use-Rlog/RLOG-RIL: [0] onRequest: QUERY_NETWORK_SELECTION_MODE sState=4
05-23 11:27:59.750   182   941 D use-Rlog/RLOG-RIL: [0] channel1 state: '0' 
05-23 11:27:59.750   182   941 D use-Rlog/RLOG-RIL: [0] get Channel ID '1'
05-23 11:27:59.750   182   941 D use-Rlog/RLOG-AT: [0] Channel1: AT> AT+COPS?
05-23 11:27:59.750   700   700 D UiccController: [0]Received EVENT_ICC_STATUS_CHANGED, calling getIccCardStatus
05-23 11:27:59.750   700   700 D RILJ    : [0][3724]> GET_SIM_STATUS
05-23 11:27:59.750   182   238 D use-Rlog/RLOG-AT: [0] Channel1: AT< +COPS: 0
05-23 11:27:59.750   182   238 D use-Rlog/RLOG-AT: [0] Channel1: AT< OK
05-23 11:27:59.750   182   941 D use-Rlog/RLOG-RILC: [0] [0075]< QUERY_NETWORK_SELECTION_MODE {0}
05-23 11:27:59.750   182   941 D use-Rlog/RLOG-RIL: [0] put Channel ID '1'
05-23 11:27:59.750   182   941 I use-Rlog/RLOG-RILC: [0] -->CommandThread [941] free one command
05-23 11:27:59.750   700   751 D RILJ    : after responseOperatorString():response[0]nullresponse[1]=nullresponse[2]=null
05-23 11:27:59.750   700   751 D RILJ    : [0][3720]< OPERATOR {null, null, null}
05-23 11:27:59.750   700   751 D RILJ    : [0]SprdRIL:processSolicited: [3720]< send result: 6
05-23 11:27:59.750   182   226 I use-Rlog/RLOG-RILC: [0] enter processCommandsCallback, socket type = 0
05-23 11:27:59.750   182   226 I use-Rlog/RLOG-RILC: [0] enter processCommandsCallback, socket type = 0
05-23 11:27:59.750   182   226 I use-Rlog/RLOG-RILC: [0] PCC  alloc one command p_record
05-23 11:27:59.750   182   758 D use-Rlog/RLOG-RILC: [0] PCB request code 1 token 76
05-23 11:27:59.750   182   758 D use-Rlog/RLOG-RILC: [0] [0076]> GET_SIM_STATUS 
05-23 11:27:59.750   182   758 D use-Rlog/RLOG-RIL: [0] onRequest: GET_SIM_STATUS sState=4
05-23 11:27:59.750   182   758 D use-Rlog/RLOG-RIL: [0] channel1 state: '0' 
05-23 11:27:59.750   182   758 D use-Rlog/RLOG-RIL: [0] get Channel ID '1'
05-23 11:27:59.750   182   758 D use-Rlog/RLOG-AT: [0] Channel1: AT> AT+CPIN?
05-23 11:27:59.750   182   238 D use-Rlog/RLOG-AT: [0] Channel1: AT< +CPIN: READY
05-23 11:27:59.750   182   238 D use-Rlog/RLOG-AT: [0] Channel1: AT< OK
05-23 11:27:59.750   182   758 D use-Rlog/RLOG-RIL: [0] setHasSim hasSim = 1
05-23 11:27:59.750   182   758 D use-Rlog/RLOG-AT: [0] Channel1: AT> AT+EUICC?
05-23 11:27:59.760   182   238 D use-Rlog/RLOG-AT: [0] Channel1: AT< +EUICC: 0,2,1
05-23 11:27:59.760   182   238 D use-Rlog/RLOG-AT: [0] Channel1: AT< OK
05-23 11:27:59.760   700   751 D RILJ    : [0][3722]< VOICE_REGISTRATION_STATE {2, null, null, null, null, null, null, 0, null, null, null, null, null, null, null}
05-23 11:27:59.760   182   758 D use-Rlog/RLOG-RIL: [0] getSimType: +EUICC: 0,2,1
05-23 11:27:59.760   182   758 D use-Rlog/RLOG-RIL: [0] app type 2
05-23 11:27:59.760   182   758 D RIL     : app type 0
05-23 11:27:59.760   182   758 D use-Rlog/RLOG-RILC: [0] [0076]< GET_SIM_STATUS {[app_type=2,app_state=5,perso_substate=2,                    aid_ptr=(null),app_label_ptr=(null),pin1_replaced=0,pin1=0,pin2=0],}
05-23 11:27:59.760   700   751 D RILJ    : [0][3723]< QUERY_NETWORK_SELECTION_MODE {0}
05-23 11:27:59.760   182   758 D use-Rlog/RLOG-RIL: [0] put Channel ID '1'
05-23 11:27:59.760   182   758 I use-Rlog/RLOG-RILC: [0] -->CommandThread [758] free one command
05-23 11:27:59.760   700   751 D RILJ    : [0][3724]< GET_SIM_STATUS IccCardState {CARDSTATE_PRESENT,PINSTATE_UNKNOWN,num_apps=1,gsm_id=0{APPTYPE_USIM,APPSTATE_READY,pin1=PINSTATE_UNKNOWN,pin2=PINSTATE_UNKNOWN},cdma_id=8,ims_id=8}
05-23 11:27:59.760   700   700 D RILJ    : [0][3725]> GET_CURRENT_CALLS
05-23 11:27:59.770   182   226 I use-Rlog/RLOG-RILC: [0] enter processCommandsCallback, socket type = 0
05-23 11:27:59.770   182   226 I use-Rlog/RLOG-RILC: [0] enter processCommandsCallback, socket type = 0
05-23 11:27:59.770   182   226 D use-Rlog/RLOG-RILC: [0] Add 'GET_CURRENT_CALLS' to call_cmd_list
05-23 11:27:59.770   182   240 I use-Rlog/RLOG-RILC: [0] -->Normal Dispatch call list
05-23 11:27:59.770   182   240 D use-Rlog/RLOG-RILC: [0] PCB request code 9 token 77
05-23 11:27:59.770   182   240 D use-Rlog/RLOG-RILC: [0] [0077]> GET_CURRENT_CALLS 
05-23 11:27:59.770   182   240 D use-Rlog/RLOG-RIL: [0] onRequest: GET_CURRENT_CALLS sState=4
05-23 11:27:59.770   182   240 D use-Rlog/RLOG-RIL: [0] channel1 state: '0' 
05-23 11:27:59.770   182   240 D use-Rlog/RLOG-RIL: [0] get Channel ID '1'
05-23 11:27:59.770   182   240 D use-Rlog/RLOG-AT: [0] Channel1: AT> AT+CLCC
