05-23 11:27:53.574   700   700 D GsmSST  : [GsmSST-phoneId0] Poll ServiceState done:  oldSS=[3 3 home null null null  Unknown Unknown CSS not supported -1 -1 RoamInd=-1 DefRoamInd=-1 EmergOnly=false mImsRegistration = false mSrvccState = -1] newSS=[3 3 home null null null  Unknown Unknown CSS not supported -1 -1 RoamInd=-1 DefRoamInd=-1 EmergOnly=false mImsRegistration = false mSrvccState = -1] oldMaxDataCalls=1 mNewMaxDataCalls=1 oldReasonDataDenied=-1 mNewReasonDataDenied=-1
05-23 11:27:53.574   700   700 D PHONE   : [ServiceState] setNullState=1
05-23 11:27:53.695   700   700 D CAT     : CatService: handleMessage[2]
05-23 11:27:53.695   700   700 D CAT     : CatService: ril message arrived,slotid:0
05-23 11:27:53.705   700   700 D SIMRecords: [SIMRecords] onRecordLoaded 18 requested: true
05-23 11:27:53.705   700   700 D SIMRecords: [SIMRecords] onRecordLoaded 17 requested: true
05-23 11:27:53.705   700   974 D CAT     : RilMessageDecoder: [stk]ril msg = 2 mData =D0819481030125008202818285138000280055002900530049004D53615E9475288F0A01806211768454C1724C8F0A808000530049004D76FE8F10818000530049004D5FEB6377786E8BA48F0A0280670D52A152A974068F0A038065E07EBF57CE5E028F0A048079FB52A87CBE54C18F0A05804E1A52A18D855E028F0A4C805E9475287BA174068F0A4D804E0B8F7D8BBE7F6E18022121
05-23 11:27:53.705   700   974 D CAT     : RilMessageDecoder: [stk]rawData length151
05-23 11:27:53.705   700   700 D RILJ    : [0][3700]> iccIO: SIM_IO 0xc0 0x6fb7  path: 3F007FFF,0,0,15 aid: null
05-23 11:27:53.705   182   226 I use-Rlog/RLOG-RILC: [0] enter processCommandsCallback, socket type = 0
05-23 11:27:53.705   182   226 I use-Rlog/RLOG-RILC: [0] enter processCommandsCallback, socket type = 0
05-23 11:27:53.705   182   226 D use-Rlog/RLOG-RILC: [0] Add 'SIM_IO' to sim_cmd_list
05-23 11:27:53.705   182   240 I use-Rlog/RLOG-RILC: [0] -->Normal Dispatch sim list
05-23 11:27:53.705   182   240 D use-Rlog/RLOG-RILC: [0] PCB request code 28 token 51
05-23 11:27:53.705   182   240 D use-Rlog/RLOG-RILC: [0] [0051]> SIM_IO (cmd=0xB2,efid=0x6FB7,path=3F007FFF,2,4,18,(null),pin2=(null),aid=(null))
05-23 11:27:53.705   182   240 D use-Rlog/RLOG-RIL: [0] onRequest: SIM_IO sState=0
05-23 11:27:53.705   182   240 D use-Rlog/RLOG-RIL: [0] channel1 state: '0' 
05-23 11:27:53.705   182   240 D use-Rlog/RLOG-RIL: [0] get Channel ID '1'
05-23 11:27:53.705   182   240 D use-Rlog/RLOG-AT: [0] Channel1: AT> AT+CRSM=178,28599,2,4,18,0,"3F007FFF"
05-23 11:27:53.715   182   226 I use-Rlog/RLOG-RILC: [0] enter processCommandsCallback, socket type = 0
05-23 11:27:53.715   182   226 I use-Rlog/RLOG-RILC: [0] enter processCommandsCallback, socket type = 0
05-23 11:27:53.715   182   226 D use-Rlog/RLOG-RILC: [0] Add 'SIM_IO' to sim_cmd_list
05-23 11:27:53.715   182   238 D use-Rlog/RLOG-AT: [0] Channel1: AT< +CRSM: 144,0,FFFFFFFFFFFFFFFFFFFFFFFFFFFFFFFFFFFF
05-23 11:27:53.715   182   238 D use-Rlog/RLOG-AT: [0] Channel1: AT< OK
05-23 11:27:53.715   182   240 D use-Rlog/RLOG-AT: [0] Channel1: AT> AT+EUICC?
05-23 11:27:53.715   182   238 D use-Rlog/RLOG-AT: [0] Channel1: AT< +EUICC: 0,2,1
05-23 11:27:53.715   182   238 D use-Rlog/RLOG-AT: [0] Channel1: AT< OK
05-23 11:27:53.715   182   240 D use-Rlog/RLOG-RIL: [0] getSimType: +EUICC: 0,2,1
05-23 11:27:53.715   182   240 D use-Rlog/RLOG-RILC: [0] [0051]< SIM_IO {sw1=0x90,sw2=0x0,FFFFFFFFFFFFFFFFFFFFFFFFFFFFFFFFFFFF}
05-23 11:27:53.715   182   240 D use-Rlog/RLOG-RIL: [0] put Channel ID '1'
05-23 11:27:53.715   182   240 I use-Rlog/RLOG-RILC: [0] -->Normal Dispatch [240] free one command
05-23 11:27:53.715   182   240 I use-Rlog/RLOG-RILC: [0] -->Normal Dispatch sim list
05-23 11:27:53.715   182   240 D use-Rlog/RLOG-RILC: [0] PCB request code 28 token 52
05-23 11:27:53.715   182   240 D use-Rlog/RLOG-RILC: [0] [0052]> SIM_IO (cmd=0xC0,efid=0x6FB7,path=3F007FFF,0,0,15,(null),pin2=(null),aid=(null))
05-23 11:27:53.715   182   240 D use-Rlog/RLOG-RIL: [0] onRequest: SIM_IO sState=0
05-23 11:27:53.715   182   240 D use-Rlog/RLOG-RIL: [0] channel1 state: '0' 
05-23 11:27:53.715   182   240 D use-Rlog/RLOG-RIL: [0] get Channel ID '1'
05-23 11:27:53.715   182   240 D use-Rlog/RLOG-AT: [0] Channel1: AT> AT+CRSM=192,28599,0,0,15,0,"3F007FFF"
05-23 11:27:53.715   700   751 D RILJ    : [0]< iccIO:  0x90 0x0 FFFFFFFFFFFFFFFFFFFFFFFFFFFFFFFFFFFF
05-23 11:27:53.715   700   751 D RILJ    : [0][3699]< SIM_IO IccIoResponse sw1:0x90 sw2:0x0
05-23 11:27:53.715   700   774 D RILJ    : [0][3701]> iccIO: SIM_IO 0xb2 0x6fb7  path: 3F007FFF,3,4,18 aid: null
05-23 11:27:53.715   182   238 D use-Rlog/RLOG-AT: [0] Channel1: AT< +CRSM: 144,0,621A8205422100120483026FB78A01058B036F060780020048880108
05-23 11:27:53.715   182   238 D use-Rlog/RLOG-AT: [0] Channel1: AT< OK
05-23 11:27:53.715   182   240 D use-Rlog/RLOG-AT: [0] Channel1: AT> AT+EUICC?
05-23 11:27:53.725   182   238 D use-Rlog/RLOG-AT: [0] Channel1: AT< +EUICC: 0,2,1
05-23 11:27:53.725   182   238 D use-Rlog/RLOG-AT: [0] Channel1: AT< OK
05-23 11:27:53.725   182   240 D use-Rlog/RLOG-RIL: [0] getSimType: +EUICC: 0,2,1
05-23 11:27:53.725   182   240 E use-Rlog/RLOG-RIL: [0] usim card, change to sim format
05-23 11:27:53.725   182   240 E use-Rlog/RLOG-RIL: [0] sr.simResponse NOT NULL, convert to sim
05-23 11:27:53.725   182   240 E use-Rlog/RLOG-RIL: [0] TYPE_FCP_DES index = 2 
05-23 11:27:53.725   182   240 E use-Rlog/RLOG-RIL: [0] TYPE_FCP_SIZE index = 21 
05-23 11:27:53.725   182   240 E use-Rlog/RLOG-RIL: [0] EF_TYPE_LINEAR_FIXED
05-23 11:27:53.725   182   240 D use-Rlog/RLOG-RIL: [0] convert to sim done, return:000000480000040000000000000112
05-23 11:27:53.725   182   240 D use-Rlog/RLOG-RILC: [0] [0052]< SIM_IO {sw1=0x90,sw2=0x0,000000480000040000000000000112}
05-23 11:27:53.725   182   240 D use-Rlog/RLOG-RIL: [0] put Channel ID '1'
05-23 11:27:53.725   182   240 I use-Rlog/RLOG-RILC: [0] -->Normal Dispatch [240] free one command
05-23 11:27:53.725   182   226 I use-Rlog/RLOG-RILC: [0] enter processCommandsCallback, socket type = 0
05-23 11:27:53.725   182   226 I use-Rlog/RLOG-RILC: [0] enter processCommandsCallback, socket type = 0
05-23 11:27:53.725   182   226 D use-Rlog/RLOG-RILC: [0] Add 'SIM_IO' to sim_cmd_list
05-23 11:27:53.725   182   240 I use-Rlog/RLOG-RILC: [0] -->Normal Dispatch sim list
05-23 11:27:53.725   182   240 D use-Rlog/RLOG-RILC: [0] PCB request code 28 token 53
05-23 11:27:53.725   182   240 D use-Rlog/RLOG-RILC: [0] [0053]> SIM_IO (cmd=0xB2,efid=0x6FB7,path=3F007FFF,3,4,18,(null),pin2=(null),aid=(null))
05-23 11:27:53.725   182   240 D use-Rlog/RLOG-RIL: [0] onRequest: SIM_IO sState=0
05-23 11:27:53.725   182   240 D use-Rlog/RLOG-RIL: [0] channel1 state: '0' 
05-23 11:27:53.725   182   240 D use-Rlog/RLOG-RIL: [0] get Channel ID '1'
05-23 11:27:53.725   182   240 D use-Rlog/RLOG-AT: [0] Channel1: AT> AT+CRSM=178,28599,3,4,18,0,"3F007FFF"
05-23 11:27:53.725   700   751 D RILJ    : [0]< iccIO:  0x90 0x0 000000480000040000000000000112
05-23 11:27:53.725   700   751 D RILJ    : [0][3700]< SIM_IO IccIoResponse sw1:0x90 sw2:0x0
05-23 11:27:53.725   700   774 D SPRDUSIMFileHandler: [SPRDUSIMFileHandler] msg.what = 6
05-23 11:27:53.725   700   774 D RILJ    : [0][3702]> iccIO: SIM_IO 0xb2 0x6fb7  path: 3F007FFF,1,4,18 aid: null
05-23 11:27:53.725   182   226 I use-Rlog/RLOG-RILC: [0] enter processCommandsCallback, socket type = 0
05-23 11:27:53.725   182   226 I use-Rlog/RLOG-RILC: [0] enter processCommandsCallback, socket type = 0
05-23 11:27:53.725   182   226 D use-Rlog/RLOG-RILC: [0] Add 'SIM_IO' to sim_cmd_list
05-23 11:27:53.735   182   238 D use-Rlog/RLOG-AT: [0] Channel1: AT< +CRSM: 144,0,FFFFFFFFFFFFFFFFFFFFFFFFFFFFFFFFFFFF
05-23 11:27:53.735   182   238 D use-Rlog/RLOG-AT: [0] Channel1: AT< OK
05-23 11:27:53.735   182   240 D use-Rlog/RLOG-AT: [0] Channel1: AT> AT+EUICC?
05-23 11:27:53.735   182   238 D use-Rlog/RLOG-AT: [0] Channel1: AT< +EUICC: 0,2,1
05-23 11:27:53.735   182   238 D use-Rlog/RLOG-AT: [0] Channel1: AT< OK
05-23 11:27:53.735   182   240 D use-Rlog/RLOG-RIL: [0] getSimType: +EUICC: 0,2,1
05-23 11:27:53.735   182   240 D use-Rlog/RLOG-RILC: [0] [0053]< SIM_IO {sw1=0x90,sw2=0x0,FFFFFFFFFFFFFFFFFFFFFFFFFFFFFFFFFFFF}
05-23 11:27:53.735   182   240 D use-Rlog/RLOG-RIL: [0] put Channel ID '1'
05-23 11:27:53.735   182   240 I use-Rlog/RLOG-RILC: [0] -->Normal Dispatch [240] free one command
05-23 11:27:53.735   182   240 I use-Rlog/RLOG-RILC: [0] -->Normal Dispatch sim list
05-23 11:27:53.735   182   240 D use-Rlog/RLOG-RILC: [0] PCB request code 28 token 54
05-23 11:27:53.735   182   240 D use-Rlog/RLOG-RILC: [0] [0054]> SIM_IO (cmd=0xB2,efid=0x6FB7,path=3F007FFF,1,4,18,(null),pin2=(null),aid=(null))
05-23 11:27:53.735   182   240 D use-Rlog/RLOG-RIL: [0] onRequest: SIM_IO sState=0
05-23 11:27:53.735   182   240 D use-Rlog/RLOG-RIL: [0] channel1 state: '0' 
05-23 11:27:53.735   182   240 D use-Rlog/RLOG-RIL: [0] get Channel ID '1'
05-23 11:27:53.735   182   240 D use-Rlog/RLOG-AT: [0] Channel1: AT> AT+CRSM=178,28599,1,4,18,0,"3F007FFF"
05-23 11:27:53.735   700   751 D RILJ    : [0]< iccIO:  0x90 0x0 FFFFFFFFFFFFFFFFFFFFFFFFFFFFFFFFFFFF
05-23 11:27:53.735   700   751 D RILJ    : [0][3701]< SIM_IO IccIoResponse sw1:0x90 sw2:0x0
05-23 11:27:53.735   700   774 D RILJ    : [0][3703]> iccIO: SIM_IO 0xb2 0x6fb7  path: 3F007FFF,4,4,18 aid: null
05-23 11:27:53.745   182   226 I use-Rlog/RLOG-RILC: [0] enter processCommandsCallback, socket type = 0
05-23 11:27:53.745   182   226 I use-Rlog/RLOG-RILC: [0] enter processCommandsCallback, socket type = 0
05-23 11:27:53.745   182   226 D use-Rlog/RLOG-RILC: [0] Add 'SIM_IO' to sim_cmd_list
05-23 11:27:53.745   182   238 D use-Rlog/RLOG-AT: [0] Channel1: AT< +CRSM: 144,0,FFFFFFFFFFFFFFFFFFFFFFFFFFFFFFFFFFFF
05-23 11:27:53.745   182   238 D use-Rlog/RLOG-AT: [0] Channel1: AT< OK
05-23 11:27:53.745   182   240 D use-Rlog/RLOG-AT: [0] Channel1: AT> AT+EUICC?
05-23 11:27:53.745   182   238 D use-Rlog/RLOG-AT: [0] Channel1: AT< +EUICC: 0,2,1
05-23 11:27:53.745   182   238 D use-Rlog/RLOG-AT: [0] Channel1: AT< OK
05-23 11:27:53.745   182   240 D use-Rlog/RLOG-RIL: [0] getSimType: +EUICC: 0,2,1
05-23 11:27:53.745   182   240 D use-Rlog/RLOG-RILC: [0] [0054]< SIM_IO {sw1=0x90,sw2=0x0,FFFFFFFFFFFFFFFFFFFFFFFFFFFFFFFFFFFF}
05-23 11:27:53.745   182   240 D use-Rlog/RLOG-RIL: [0] put Channel ID '1'
05-23 11:27:53.745   182   240 I use-Rlog/RLOG-RILC: [0] -->Normal Dispatch [240] free one command
05-23 11:27:53.745   182   240 I use-Rlog/RLOG-RILC: [0] -->Normal Dispatch sim list
05-23 11:27:53.745   182   240 D use-Rlog/RLOG-RILC: [0] PCB request code 28 token 55
05-23 11:27:53.745   182   240 D use-Rlog/RLOG-RILC: [0] [0055]> SIM_IO (cmd=0xB2,efid=0x6FB7,path=3F007FFF,4,4,18,(null),pin2=(null),aid=(null))
05-23 11:27:53.745   182   240 D use-Rlog/RLOG-RIL: [0] onRequest: SIM_IO sState=0
05-23 11:27:53.745   182   240 D use-Rlog/RLOG-RIL: [0] channel1 state: '0' 
05-23 11:27:53.745   182   240 D use-Rlog/RLOG-RIL: [0] get Channel ID '1'
05-23 11:27:53.745   182   240 D use-Rlog/RLOG-AT: [0] Channel1: AT> AT+CRSM=178,28599,4,4,18,0,"3F007FFF"
05-23 11:27:53.755   700   751 D RILJ    : [0]< iccIO:  0x90 0x0 FFFFFFFFFFFFFFFFFFFFFFFFFFFFFFFFFFFF
05-23 11:27:53.755   700   751 D RILJ    : [0][3702]< SIM_IO IccIoResponse sw1:0x90 sw2:0x0
05-23 11:27:53.755   700   774 D RILJ    : [0][3704]> iccIO: SIM_IO 0xb2 0x6fb7  path: 3F007FFF,2,4,18 aid: null
05-23 11:27:53.755   182   226 I use-Rlog/RLOG-RILC: [0] enter processCommandsCallback, socket type = 0
05-23 11:27:53.755   182   226 I use-Rlog/RLOG-RILC: [0] enter processCommandsCallback, socket type = 0
05-23 11:27:53.755   182   226 D use-Rlog/RLOG-RILC: [0] Add 'SIM_IO' to sim_cmd_list
05-23 11:27:53.755   182   238 D use-Rlog/RLOG-AT: [0] Channel1: AT< +CRSM: 144,0,FFFFFFFFFFFFFFFFFFFFFFFFFFFFFFFFFFFF
05-23 11:27:53.755   182   238 D use-Rlog/RLOG-AT: [0] Channel1: AT< OK
05-23 11:27:53.755   182   240 D use-Rlog/RLOG-AT: [0] Channel1: AT> AT+EUICC?
05-23 11:27:53.765   182   238 D use-Rlog/RLOG-AT: [0] Channel1: AT< +EUICC: 0,2,1
05-23 11:27:53.765   182   238 D use-Rlog/RLOG-AT: [0] Channel1: AT< OK
05-23 11:27:53.765   182   240 D use-Rlog/RLOG-RIL: [0] getSimType: +EUICC: 0,2,1
05-23 11:27:53.765   182   240 D use-Rlog/RLOG-RILC: [0] [0055]< SIM_IO {sw1=0x90,sw2=0x0,FFFFFFFFFFFFFFFFFFFFFFFFFFFFFFFFFFFF}
05-23 11:27:53.765   182   240 D use-Rlog/RLOG-RIL: [0] put Channel ID '1'
05-23 11:27:53.765   182   240 I use-Rlog/RLOG-RILC: [0] -->Normal Dispatch [240] free one command
05-23 11:27:53.765   182   240 I use-Rlog/RLOG-RILC: [0] -->Normal Dispatch sim list
05-23 11:27:53.765   182   240 D use-Rlog/RLOG-RILC: [0] PCB request code 28 token 56
05-23 11:27:53.765   182   240 D use-Rlog/RLOG-RILC: [0] [0056]> SIM_IO (cmd=0xB2,efid=0x6FB7,path=3F007FFF,2,4,18,(null),pin2=(null),aid=(null))
05-23 11:27:53.765   182   240 D use-Rlog/RLOG-RIL: [0] onRequest: SIM_IO sState=0
05-23 11:27:53.765   182   240 D use-Rlog/RLOG-RIL: [0] channel1 state: '0' 
05-23 11:27:53.765   182   240 D use-Rlog/RLOG-RIL: [0] get Channel ID '1'
05-23 11:27:53.765   182   240 D use-Rlog/RLOG-AT: [0] Channel1: AT> AT+CRSM=178,28599,2,4,18,0,"3F007FFF"
05-23 11:27:53.765   700   751 D RILJ    : [0]< iccIO:  0x90 0x0 FFFFFFFFFFFFFFFFFFFFFFFFFFFFFFFFFFFF
05-23 11:27:53.765   700   751 D RILJ    : [0][3703]< SIM_IO IccIoResponse sw1:0x90 sw2:0x0
05-23 11:27:53.765   700   700 D SIMRecords: [SIMRecords] onRecordLoaded 16 requested: true
05-23 11:27:53.765   700   700 I SPRDUSIMFileHandler: loadEFTransparent fileid 2fe2
05-23 11:27:53.765   700   700 D RILJ    : [0][3705]> iccIO: SIM_IO 0xc0 0x2fe2  path: 3F00,0,0,15 aid: null
05-23 11:27:53.775   182   238 D use-Rlog/RLOG-AT: [0] Channel1: AT< +CRSM: 144,0,FFFFFFFFFFFFFFFFFFFFFFFFFFFFFFFFFFFF
05-23 11:27:53.775   182   238 D use-Rlog/RLOG-AT: [0] Channel1: AT< OK
05-23 11:27:53.775   182   240 D use-Rlog/RLOG-AT: [0] Channel1: AT> AT+EUICC?
05-23 11:27:53.775   182   238 D use-Rlog/RLOG-AT: [0] Channel1: AT< +EUICC: 0,2,1
05-23 11:27:53.775   182   238 D use-Rlog/RLOG-AT: [0] Channel1: AT< OK
05-23 11:27:53.775   182   240 D use-Rlog/RLOG-RIL: [0] getSimType: +EUICC: 0,2,1
05-23 11:27:53.775   182   240 D use-Rlog/RLOG-RILC: [0] [0056]< SIM_IO {sw1=0x90,sw2=0x0,FFFFFFFFFFFFFFFFFFFFFFFFFFFFFFFFFFFF}
05-23 11:27:53.775   182   240 D use-Rlog/RLOG-RIL: [0] put Channel ID '1'
05-23 11:27:53.775   182   240 I use-Rlog/RLOG-RILC: [0] -->Normal Dispatch [240] free one command
05-23 11:27:53.775   700   751 D RILJ    : [0]< iccIO:  0x90 0x0 FFFFFFFFFFFFFFFFFFFFFFFFFFFFFFFFFFFF
05-23 11:27:53.775   700   751 D RILJ    : [0][3704]< SIM_IO IccIoResponse sw1:0x90 sw2:0x0
05-23 11:27:53.775   700   774 D RILJ    : [0][3706]> iccIO: SIM_IO 0xb2 0x6fb7  path: 3F007FFF,3,4,18 aid: null
05-23 11:27:53.785   700   700 D SIMRecords: [SIMRecords] onRecordLoaded 16 requested: true
05-23 11:27:53.785   700   700 D SIMRecords: [SIMRecords] Load ons false
05-23 11:27:53.785   700   700 I SPRDUSIMFileHandler: loadEFTransparent fileid 6f18
05-23 11:27:53.785   700   700 D RILJ    : [0][3707]> iccIO: SIM_IO 0xc0 0x6f18  path: 3F007F20,0,0,15 aid: null
05-23 11:27:53.785   182   226 I use-Rlog/RLOG-RILC: [0] enter processCommandsCallback, socket type = 0
05-23 11:27:53.785   182   226 I use-Rlog/RLOG-RILC: [0] enter processCommandsCallback, socket type = 0
05-23 11:27:53.785   182   226 D use-Rlog/RLOG-RILC: [0] Add 'SIM_IO' to sim_cmd_list
05-23 11:27:53.785   182   240 I use-Rlog/RLOG-RILC: [0] -->Normal Dispatch sim list
05-23 11:27:53.785   182   240 D use-Rlog/RLOG-RILC: [0] PCB request code 28 token 57
05-23 11:27:53.785   182   240 D use-Rlog/RLOG-RILC: [0] [0057]> SIM_IO (cmd=0xC0,efid=0x2FE2,path=3F00,0,0,15,(null),pin2=(null),aid=(null))
05-23 11:27:53.785   182   240 D use-Rlog/RLOG-RIL: [0] onRequest: SIM_IO sState=0
05-23 11:27:53.785   182   240 D use-Rlog/RLOG-RIL: [0] channel1 state: '0' 
05-23 11:27:53.785   182   240 D use-Rlog/RLOG-RIL: [0] get Channel ID '1'
05-23 11:27:53.785   182   240 D use-Rlog/RLOG-AT: [0] Channel1: AT> AT+CRSM=192,12258,0,0,15,0,"3F00"
05-23 11:27:53.785   182   226 I use-Rlog/RLOG-RILC: [0] enter processCommandsCallback, socket type = 0
05-23 11:27:53.785   182   226 I use-Rlog/RLOG-RILC: [0] enter processCommandsCallback, socket type = 0
05-23 11:27:53.785   182   226 D use-Rlog/RLOG-RILC: [0] Add 'SIM_IO' to sim_cmd_list
05-23 11:27:53.785   182   226 I use-Rlog/RLOG-RILC: [0] enter processCommandsCallback, socket type = 0
05-23 11:27:53.785   182   226 I use-Rlog/RLOG-RILC: [0] enter processCommandsCallback, socket type = 0
05-23 11:27:53.785   182   226 D use-Rlog/RLOG-RILC: [0] Add 'SIM_IO' to sim_cmd_list
05-23 11:27:53.785   700   700 D SIMRecords: [SIMRecords] onRecordLoaded 16 requested: true
05-23 11:27:53.785   700   700 D SIMRecords: [SIMRecords] onRecordLoaded 15 requested: true
05-23 11:27:53.785   700   700 D SIMRecords: [SIMRecords] onRecordLoaded 14 requested: true
05-23 11:27:53.815   700   974 D CAT     : CommandParamsFactory: process SelectItem
05-23 11:27:53.835   182   238 D use-Rlog/RLOG-AT: [0] Channel1: AT< +CRSM: 144,0,62178202412183022FE28A01058B032F06078002000A880110
05-23 11:27:53.835   182   238 D use-Rlog/RLOG-AT: [0] Channel1: AT< OK
05-23 11:27:53.835   182   240 D use-Rlog/RLOG-AT: [0] Channel1: AT> AT+EUICC?
05-23 11:27:53.835   182   238 D use-Rlog/RLOG-AT: [0] Channel1: AT< +EUICC: 0,2,1
05-23 11:27:53.835   182   238 D use-Rlog/RLOG-AT: [0] Channel1: AT< OK
05-23 11:27:53.835   182   240 D use-Rlog/RLOG-RIL: [0] getSimType: +EUICC: 0,2,1
05-23 11:27:53.835   182   240 E use-Rlog/RLOG-RIL: [0] usim card, change to sim format
05-23 11:27:53.835   182   240 E use-Rlog/RLOG-RIL: [0] sr.simResponse NOT NULL, convert to sim
05-23 11:27:53.835   182   240 E use-Rlog/RLOG-RIL: [0] TYPE_FCP_DES index = 2 
05-23 11:27:53.835   182   240 E use-Rlog/RLOG-RIL: [0] TYPE_FCP_SIZE index = 18 
05-23 11:27:53.835   182   240 E use-Rlog/RLOG-RIL: [0] EF_TYPE_TRANSPARENT
05-23 11:27:53.835   182   240 D use-Rlog/RLOG-RIL: [0] convert to sim done, return:0000000A0000040000000000000000
05-23 11:27:53.835   182   240 D use-Rlog/RLOG-RILC: [0] [0057]< SIM_IO {sw1=0x90,sw2=0x0,0000000A0000040000000000000000}
05-23 11:27:53.835   182   240 D use-Rlog/RLOG-RIL: [0] put Channel ID '1'
05-23 11:27:53.835   182   240 I use-Rlog/RLOG-RILC: [0] -->Normal Dispatch [240] free one command
05-23 11:27:53.835   182   240 I use-Rlog/RLOG-RILC: [0] -->Normal Dispatch sim list
05-23 11:27:53.835   182   240 D use-Rlog/RLOG-RILC: [0] PCB request code 28 token 59
05-23 11:27:53.835   182   240 D use-Rlog/RLOG-RILC: [0] [0059]> SIM_IO (cmd=0xC0,efid=0x6F18,path=3F007F20,0,0,15,(null),pin2=(null),aid=(null))
05-23 11:27:53.835   182   240 D use-Rlog/RLOG-RIL: [0] onRequest: SIM_IO sState=0
05-23 11:27:53.835   182   240 D use-Rlog/RLOG-RIL: [0] channel1 state: '0' 
05-23 11:27:53.835   182   240 D use-Rlog/RLOG-RIL: [0] get Channel ID '1'
05-23 11:27:53.835   182   240 D use-Rlog/RLOG-AT: [0] Channel1: AT> AT+CRSM=192,28440,0,0,15,0,"3F007F20"
05-23 11:27:53.835   700   751 D RILJ    : [0]< iccIO:  0x90 0x0 0000000A0000040000000000000000
05-23 11:27:53.835   700   751 D RILJ    : [0][3705]< SIM_IO IccIoResponse sw1:0x90 sw2:0x0
05-23 11:27:53.835   700   774 D SPRDUSIMFileHandler: [SPRDUSIMFileHandler] EVENT_GET_BINARY_SIZE_DONE
05-23 11:27:53.835   700   774 D RILJ    : [0][3708]> iccIO: SIM_IO 0xb0 0x2fe2  path: 3F00,0,0,10 aid: null
05-23 11:27:53.835   182   226 I use-Rlog/RLOG-RILC: [0] enter processCommandsCallback, socket type = 0
05-23 11:27:53.835   182   226 I use-Rlog/RLOG-RILC: [0] enter processCommandsCallback, socket type = 0
05-23 11:27:53.835   182   226 D use-Rlog/RLOG-RILC: [0] Add 'SIM_IO' to sim_cmd_list
05-23 11:27:53.865   182   238 D use-Rlog/RLOG-AT: [0] Channel1: AT< +CRSM: 106,130
05-23 11:27:53.865   182   238 D use-Rlog/RLOG-AT: [0] Channel1: AT< OK
05-23 11:27:53.865   182   240 D use-Rlog/RLOG-AT: [0] Channel1: AT> AT+EUICC?
05-23 11:27:53.865   182   238 D use-Rlog/RLOG-AT: [0] Channel1: AT< +EUICC: 0,2,1
05-23 11:27:53.865   182   238 D use-Rlog/RLOG-AT: [0] Channel1: AT< OK
05-23 11:27:53.865   182   240 D use-Rlog/RLOG-RIL: [0] getSimType: +EUICC: 0,2,1
05-23 11:27:53.865   182   240 E use-Rlog/RLOG-RIL: [0] usim card, change to sim format
05-23 11:27:53.865   182   240 D use-Rlog/RLOG-RILC: [0] [0059]< SIM_IO {sw1=0x6A,sw2=0x82,(null)}
05-23 11:27:53.865   182   240 D use-Rlog/RLOG-RIL: [0] put Channel ID '1'
05-23 11:27:53.865   182   240 I use-Rlog/RLOG-RILC: [0] -->Normal Dispatch [240] free one command
05-23 11:27:53.865   182   240 I use-Rlog/RLOG-RILC: [0] -->Normal Dispatch sim list
05-23 11:27:53.865   182   240 D use-Rlog/RLOG-RILC: [0] PCB request code 28 token 58
05-23 11:27:53.865   182   240 D use-Rlog/RLOG-RILC: [0] [0058]> SIM_IO (cmd=0xB2,efid=0x6FB7,path=3F007FFF,3,4,18,(null),pin2=(null),aid=(null))
05-23 11:27:53.865   182   240 D use-Rlog/RLOG-RIL: [0] onRequest: SIM_IO sState=0
05-23 11:27:53.865   182   240 D use-Rlog/RLOG-RIL: [0] channel1 state: '0' 
05-23 11:27:53.865   182   240 D use-Rlog/RLOG-RIL: [0] get Channel ID '1'
05-23 11:27:53.865   182   240 D use-Rlog/RLOG-AT: [0] Channel1: AT> AT+CRSM=178,28599,3,4,18,0,"3F007FFF"
05-23 11:27:53.865   700   751 D RILJ    : [0]< iccIO:  0x6a 0x82 null
05-23 11:27:53.865   700   751 D RILJ    : [0][3707]< SIM_IO IccIoResponse sw1:0x6a sw2:0x82
05-23 11:27:53.865   700   774 D SPRDUSIMFileHandler: [SPRDUSIMFileHandler] EVENT_GET_BINARY_SIZE_DONE
05-23 11:27:53.865   700   774 I SPRDUSIMFileHandler: isFinishLoadFile  fileId 28440, pathNum 0
05-23 11:27:53.865   700   774 I SPRDUSIMFileHandler: isDualMapFile  fileId 28440 mDualMapFileList {20272=3F007F105F3A, 28476=3F007FFF}
05-23 11:27:53.885   700   700 D SIMRecords: [SIMRecords] onRecordLoaded 13 requested: true
05-23 11:27:53.885   700   700 D SIMRecords: [SIMRecords] onRecordLoaded 12 requested: true
05-23 11:27:53.885   182   238 D use-Rlog/RLOG-AT: [0] Channel1: AT< +CRSM: 144,0,FFFFFFFFFFFFFFFFFFFFFFFFFFFFFFFFFFFF
05-23 11:27:53.885   182   238 D use-Rlog/RLOG-AT: [0] Channel1: AT< OK
05-23 11:27:53.885   182   240 D use-Rlog/RLOG-AT: [0] Channel1: AT> AT+EUICC?
05-23 11:27:53.885   182   238 D use-Rlog/RLOG-AT: [0] Channel1: AT< +EUICC: 0,2,1
05-23 11:27:53.885   182   238 D use-Rlog/RLOG-AT: [0] Channel1: AT< OK
05-23 11:27:53.885   182   240 D use-Rlog/RLOG-RIL: [0] getSimType: +EUICC: 0,2,1
05-23 11:27:53.885   182   240 D use-Rlog/RLOG-RILC: [0] [0058]< SIM_IO {sw1=0x90,sw2=0x0,FFFFFFFFFFFFFFFFFFFFFFFFFFFFFFFFFFFF}
05-23 11:27:53.885   182   240 D use-Rlog/RLOG-RIL: [0] put Channel ID '1'
05-23 11:27:53.885   182   240 I use-Rlog/RLOG-RILC: [0] -->Normal Dispatch [240] free one command
05-23 11:27:53.885   182   240 I use-Rlog/RLOG-RILC: [0] -->Normal Dispatch sim list
05-23 11:27:53.885   182   240 D use-Rlog/RLOG-RILC: [0] PCB request code 28 token 60
05-23 11:27:53.885   182   240 D use-Rlog/RLOG-RILC: [0] [0060]> SIM_IO (cmd=0xB0,efid=0x2FE2,path=3F00,0,0,10,(null),pin2=(null),aid=(null))
05-23 11:27:53.885   182   240 D use-Rlog/RLOG-RIL: [0] onRequest: SIM_IO sState=0
05-23 11:27:53.885   182   240 D use-Rlog/RLOG-RIL: [0] channel1 state: '0' 
05-23 11:27:53.885   182   240 D use-Rlog/RLOG-RIL: [0] get Channel ID '1'
05-23 11:27:53.885   182   240 D use-Rlog/RLOG-AT: [0] Channel1: AT> AT+CRSM=176,12258,0,0,10,0,"3F00"
05-23 11:27:53.895   700   751 D RILJ    : [0]< iccIO:  0x90 0x0 FFFFFFFFFFFFFFFFFFFFFFFFFFFFFFFFFFFF
05-23 11:27:53.895   700   751 D RILJ    : [0][3706]< SIM_IO IccIoResponse sw1:0x90 sw2:0x0
05-23 11:27:53.895   700   774 D RILJ    : [0][3709]> iccIO: SIM_IO 0xb2 0x6fb7  path: 3F007FFF,4,4,18 aid: null
05-23 11:27:53.895   182   226 I use-Rlog/RLOG-RILC: [0] enter processCommandsCallback, socket type = 0
05-23 11:27:53.895   182   226 D use-Rlog/RLOG-RILC: [0] Add 'SIM_IO' to sim_cmd_list
05-23 11:27:53.905   700   700 D SIMRecords: [SIMRecords] onRecordLoaded 11 requested: true
05-23 11:27:53.935   182   238 D use-Rlog/RLOG-AT: [0] Channel1: AT< +CRSM: 144,0,98680034917174621685
05-23 11:27:53.935   182   238 D use-Rlog/RLOG-AT: [0] Channel1: AT< OK
05-23 11:27:53.935   182   240 D use-Rlog/RLOG-AT: [0] Channel1: AT> AT+EUICC?
05-23 11:27:53.935   182   238 D use-Rlog/RLOG-AT: [0] Channel1: AT< +EUICC: 0,2,1
05-23 11:27:53.935   182   238 D use-Rlog/RLOG-AT: [0] Channel1: AT< OK
05-23 11:27:53.935   182   240 D use-Rlog/RLOG-RIL: [0] getSimType: +EUICC: 0,2,1
05-23 11:27:53.935   182   240 D use-Rlog/RLOG-RILC: [0] [0060]< SIM_IO {sw1=0x90,sw2=0x0,98680034917174621685}
05-23 11:27:53.935   182   240 D use-Rlog/RLOG-RIL: [0] put Channel ID '1'
05-23 11:27:53.935   182   240 I use-Rlog/RLOG-RILC: [0] -->Normal Dispatch [240] free one command
05-23 11:27:53.935   182   240 I use-Rlog/RLOG-RILC: [0] -->Normal Dispatch sim list
05-23 11:27:53.935   182   240 D use-Rlog/RLOG-RILC: [0] PCB request code 28 token 61
05-23 11:27:53.935   182   240 D use-Rlog/RLOG-RILC: [0] [0061]> SIM_IO (cmd=0xB2,efid=0x6FB7,path=3F007FFF,4,4,18,(null),pin2=(null),aid=(null))
05-23 11:27:53.935   182   240 D use-Rlog/RLOG-RIL: [0] onRequest: SIM_IO sState=0
05-23 11:27:53.935   182   240 D use-Rlog/RLOG-RIL: [0] channel1 state: '0' 
05-23 11:27:53.935   182   240 D use-Rlog/RLOG-RIL: [0] get Channel ID '1'
05-23 11:27:53.935   182   240 D use-Rlog/RLOG-AT: [0] Channel1: AT> AT+CRSM=178,28599,4,4,18,0,"3F007FFF"
05-23 11:27:53.935   700   751 D RILJ    : [0]< iccIO:  0x90 0x0 98680034917174621685
05-23 11:27:53.935   700   751 D RILJ    : [0][3708]< SIM_IO IccIoResponse sw1:0x90 sw2:0x0
05-23 11:27:53.965   182   238 D use-Rlog/RLOG-AT: [0] Channel1: AT< +CRSM: 144,0,FFFFFFFFFFFFFFFFFFFFFFFFFFFFFFFFFFFF
05-23 11:27:53.965   182   238 D use-Rlog/RLOG-AT: [0] Channel1: AT< OK
05-23 11:27:53.965   182   240 D use-Rlog/RLOG-AT: [0] Channel1: AT> AT+EUICC?
05-23 11:27:53.965   182   238 D use-Rlog/RLOG-AT: [0] Channel1: AT< +EUICC: 0,2,1
05-23 11:27:53.965   182   238 D use-Rlog/RLOG-AT: [0] Channel1: AT< OK
05-23 11:27:53.965   182   240 D use-Rlog/RLOG-RIL: [0] getSimType: +EUICC: 0,2,1
05-23 11:27:53.965   182   240 D use-Rlog/RLOG-RILC: [0] [0061]< SIM_IO {sw1=0x90,sw2=0x0,FFFFFFFFFFFFFFFFFFFFFFFFFFFFFFFFFFFF}
05-23 11:27:53.965   182   240 D use-Rlog/RLOG-RIL: [0] put Channel ID '1'
05-23 11:27:53.965   182   240 I use-Rlog/RLOG-RILC: [0] -->Normal Dispatch [240] free one command
05-23 11:27:53.965   700   751 D RILJ    : [0]< iccIO:  0x90 0x0 FFFFFFFFFFFFFFFFFFFFFFFFFFFFFFFFFFFF
05-23 11:27:53.965   700   751 D RILJ    : [0][3709]< SIM_IO IccIoResponse sw1:0x90 sw2:0x0
05-23 11:27:53.965   700   700 E SIMRecords: [SIMRecords] Exception in fetching EF_CSP data com.android.internal.telephony.uicc.IccException: sw1:106 sw2:130
05-23 11:27:53.965   700   700 D SIMRecords: [SIMRecords] onRecordLoaded 10 requested: true
05-23 11:27:53.965   700   700 E SIMRecords: [SIMRecords] Exception in get GID1 com.android.internal.telephony.uicc.IccException: sw1:106 sw2:130
05-23 11:27:53.975   700   700 D SIMRecords: [SIMRecords] onRecordLoaded 9 requested: true
05-23 11:27:53.975   700   700 D SIMRecords: [SIMRecords] iccid: 89860043191747266158
05-23 11:27:53.975   700   700 D PhoneFactory: setSystemProperty >>>>>>  value = 89860043191747266158
05-23 11:27:53.985   700   700 D SIMRecords: [SIMRecords] onRecordLoaded 8 requested: true
05-23 11:27:53.995   700   700 D SIMRecords: [SIMRecords] MSISDN: 
05-23 11:27:53.995   700   700 D SIMRecords: [SIMRecords] onRecordLoaded 7 requested: true
05-23 11:27:53.995   700   700 D SIMRecords: [SIMRecords] EF_MBI: 0100000000
05-23 11:27:53.995   700   700 D SIMRecords: [SIMRecords] Got valid mailbox number for MBDN
05-23 11:27:53.995   700   700 D RILJ    : [0][3710]> iccIO: SIM_IO 0xc0 0x6fc7  path: 3F007FFF,0,0,15 aid: null
05-23 11:27:53.995   182   226 I use-Rlog/RLOG-RILC: [0] enter processCommandsCallback, socket type = 0
05-23 11:27:53.995   182   226 D use-Rlog/RLOG-RILC: [0] Add 'SIM_IO' to sim_cmd_list
05-23 11:27:53.995   182   240 I use-Rlog/RLOG-RILC: [0] -->Normal Dispatch sim list
05-23 11:27:53.995   182   240 D use-Rlog/RLOG-RILC: [0] PCB request code 28 token 62
05-23 11:27:53.995   182   240 D use-Rlog/RLOG-RILC: [0] [0062]> SIM_IO (cmd=0xC0,efid=0x6FC7,path=3F007FFF,0,0,15,(null),pin2=(null),aid=(null))
05-23 11:27:53.995   182   240 D use-Rlog/RLOG-RIL: [0] onRequest: SIM_IO sState=0
05-23 11:27:53.995   182   240 D use-Rlog/RLOG-RIL: [0] channel1 state: '0' 
05-23 11:27:53.995   182   240 D use-Rlog/RLOG-RIL: [0] get Channel ID '1'
05-23 11:27:53.995   182   240 D use-Rlog/RLOG-AT: [0] Channel1: AT> AT+CRSM=192,28615,0,0,15,0,"3F007FFF"
05-23 11:27:54.005   700   700 D SIMRecords: [SIMRecords] onRecordLoaded 7 requested: true
05-23 11:27:54.015   700   700 D SIMRecords: [SIMRecords] EF_AD: 00000002
05-23 11:27:54.015   182   238 D use-Rlog/RLOG-AT: [0] Channel1: AT< +CRSM: 144,0,621982054221001C0A83026FC78A01058B036F0604800201188800
05-23 11:27:54.015   182   238 D use-Rlog/RLOG-AT: [0] Channel1: AT< OK
05-23 11:27:54.015   182   240 D use-Rlog/RLOG-AT: [0] Channel1: AT> AT+EUICC?
05-23 11:27:54.025   182   238 D use-Rlog/RLOG-AT: [0] Channel1: AT< +EUICC: 0,2,1
05-23 11:27:54.025   182   238 D use-Rlog/RLOG-AT: [0] Channel1: AT< OK
05-23 11:27:54.025   182   240 D use-Rlog/RLOG-RIL: [0] getSimType: +EUICC: 0,2,1
05-23 11:27:54.025   182   240 E use-Rlog/RLOG-RIL: [0] usim card, change to sim format
05-23 11:27:54.025   182   240 E use-Rlog/RLOG-RIL: [0] sr.simResponse NOT NULL, convert to sim
05-23 11:27:54.025   182   240 E use-Rlog/RLOG-RIL: [0] TYPE_FCP_DES index = 2 
05-23 11:27:54.025   182   240 E use-Rlog/RLOG-RIL: [0] TYPE_FCP_SIZE index = 21 
05-23 11:27:54.025   182   240 E use-Rlog/RLOG-RIL: [0] EF_TYPE_LINEAR_FIXED
05-23 11:27:54.025   182   240 D use-Rlog/RLOG-RIL: [0] convert to sim done, return:00000118000004000000000000011C
05-23 11:27:54.025   182   240 D use-Rlog/RLOG-RILC: [0] [0062]< SIM_IO {sw1=0x90,sw2=0x0,00000118000004000000000000011C}
05-23 11:27:54.025   182   240 D use-Rlog/RLOG-RIL: [0] put Channel ID '1'
05-23 11:27:54.025   182   240 I use-Rlog/RLOG-RILC: [0] -->Normal Dispatch [240] free one command
05-23 11:27:54.025   700   751 D RILJ    : [0]< iccIO:  0x90 0x0 00000118000004000000000000011C
05-23 11:27:54.025   700   751 D RILJ    : [0][3710]< SIM_IO IccIoResponse sw1:0x90 sw2:0x0
05-23 11:27:54.025   700   774 D SPRDUSIMFileHandler: [SPRDUSIMFileHandler] msg.what = 6
05-23 11:27:54.025   700   774 D RILJ    : [0][3711]> iccIO: SIM_IO 0xb2 0x6fc7  path: 3F007FFF,1,4,28 aid: null
05-23 11:27:54.035   182   226 I use-Rlog/RLOG-RILC: [0] enter processCommandsCallback, socket type = 0
05-23 11:27:54.035   182   226 D use-Rlog/RLOG-RILC: [0] Add 'SIM_IO' to sim_cmd_list
05-23 11:27:54.035   182   240 I use-Rlog/RLOG-RILC: [0] -->Normal Dispatch sim list
05-23 11:27:54.035   182   240 D use-Rlog/RLOG-RILC: [0] PCB request code 28 token 63
05-23 11:27:54.035   182   240 D use-Rlog/RLOG-RILC: [0] [0063]> SIM_IO (cmd=0xB2,efid=0x6FC7,path=3F007FFF,1,4,28,(null),pin2=(null),aid=(null))
05-23 11:27:54.035   182   240 D use-Rlog/RLOG-RIL: [0] onRequest: SIM_IO sState=0
05-23 11:27:54.035   182   240 D use-Rlog/RLOG-RIL: [0] channel1 state: '0' 
05-23 11:27:54.035   182   240 D use-Rlog/RLOG-RIL: [0] get Channel ID '1'
05-23 11:27:54.035   182   240 D use-Rlog/RLOG-AT: [0] Channel1: AT> AT+CRSM=178,28615,1,4,28,0,"3F007FFF"
05-23 11:27:54.045   700   700 D SIMRecords: [SIMRecords] onRecordLoaded 6 requested: true
05-23 11:27:54.045   700   700 D SIMRecords: [SIMRecords] Load spn false
05-23 11:27:54.045   700   700 D SIMRecords: [SIMRecords] Load EF_SPN: CMCC spnDisplayCondition: 0
05-23 11:27:54.045   700   700 D PhoneFactory: setSystemProperty >>>>>>  value = CMCC
05-23 11:27:54.045   182   238 D use-Rlog/RLOG-AT: [0] Channel1: AT< +CRSM: 144,0,3132353939FFFFFFFFFFFFFFFFFF07818185090227F9FFFFFFFFFFFF
05-23 11:27:54.045   182   238 D use-Rlog/RLOG-AT: [0] Channel1: AT< OK
05-23 11:27:54.045   182   240 D use-Rlog/RLOG-AT: [0] Channel1: AT> AT+EUICC?
05-23 11:27:54.045   182   238 D use-Rlog/RLOG-AT: [0] Channel1: AT< +EUICC: 0,2,1
05-23 11:27:54.045   182   238 D use-Rlog/RLOG-AT: [0] Channel1: AT< OK
05-23 11:27:54.045   182   240 D use-Rlog/RLOG-RIL: [0] getSimType: +EUICC: 0,2,1
05-23 11:27:54.045   182   240 D use-Rlog/RLOG-RILC: [0] [0063]< SIM_IO {sw1=0x90,sw2=0x0,3132353939FFFFFFFFFFFFFFFFFF07818185090227F9FFFFFFFFFFFF}
05-23 11:27:54.045   182   240 D use-Rlog/RLOG-RIL: [0] put Channel ID '1'
05-23 11:27:54.045   182   240 I use-Rlog/RLOG-RILC: [0] -->Normal Dispatch [240] free one command
05-23 11:27:54.045   700   751 D RILJ    : [0]< iccIO:  0x90 0x0 3132353939FFFFFFFFFFFFFFFFFF07818185090227F9FFFFFFFFFFFF
05-23 11:27:54.045   700   751 D RILJ    : [0][3711]< SIM_IO IccIoResponse sw1:0x90 sw2:0x0
05-23 11:27:54.055   700   774 D AdnRecordLoader: ADN EF: 0x6fc7:1
05-23 11:27:54.055   700   774 D AdnRecordLoader: 3132353939ffffffffffffffffff07818185090227f9ffffffffffff
05-23 11:27:54.055   700   700 D SIMRecords: [SIMRecords] onRecordLoaded 5 requested: true
05-23 11:27:54.055   700   700 D IccCardProxy: [0]Broadcasting intent ACTION_SIM_STATE_CHANGED IMSI reason null
05-23 11:27:54.135   700   700 D SIMRecords: [SIMRecords] SST: UsimServiceTable[88]={ FDN, FDN_EXTENSION, OUTGOING_CALL_INFO, INCOMING_CALL_INFO, SM_STORAGE, SM_STATUS_REPORTS, SM_SERVICE_PARAMS, ADVICE_OF_CHARGE, CAP_CONFIG_PARAMS_2, CB_MESSAGE_ID, GROUP_ID_LEVEL_1, GROUP_ID_LEVEL_2, SPN, USER_PLMN_SELECT, MSISDN, GSM_ACCESS, DATA_DL_VIA_SMS_PP, DATA_DL_VIA_SMS_CB, IGNORED_1, ENABLED_SERVICES_TABLE, GSM_SECURITY_CONTEXT, OPERATOR_PLMN_SELECT, HPLMN_SELECT, EXTENSION_5, MBDN, EQUIVALENT_HPLMN, EPS_MOBILITY_MANAGEMENT_INFO, CALL_CONTROL_ON_EPS_PDN_CONNECTION_BY_USIM }
05-23 11:27:54.135   700   700 D SIMRecords: [SIMRecords] onRecordLoaded 4 requested: true
05-23 11:27:54.135   700   700 D PHONE   : [ServiceState] setNullState=3
05-23 11:27:54.145   700   700 D GsmSST  : [GsmSST-phoneId0] Poll ServiceState done:  oldSS=[3 3 home null null null  Unknown Unknown CSS not supported -1 -1 RoamInd=-1 DefRoamInd=-1 EmergOnly=false mImsRegistration = false mSrvccState = -1] newSS=[3 3 home null null null  Unknown Unknown CSS not supported -1 -1 RoamInd=-1 DefRoamInd=-1 EmergOnly=false mImsRegistration = false mSrvccState = -1] oldMaxDataCalls=1 mNewMaxDataCalls=1 oldReasonDataDenied=-1 mNewReasonDataDenied=-1
05-23 11:27:54.145   700   700 D PHONE   : [ServiceState] setNullState=1
05-23 11:27:54.145   700   700 D SIMRecords: [SIMRecords] EVENT_GET_ECC_DONE handleEcc 
05-23 11:27:54.145   700   700 D SIMRecords: [SIMRecords] ECC: ffffffffffffffffffffffffffffffffffff
05-23 11:27:54.145   700   700 D SIMRecords: [SIMRecords] ECC number: 
05-23 11:27:54.145   700   700 D SIMRecords: [SIMRecords] ECC: ffffffffffffffffffffffffffffffffffff
05-23 11:27:54.145   700   700 D SIMRecords: [SIMRecords] ECC number: 
05-23 11:27:54.145   700   700 D SIMRecords: [SIMRecords] ECC: ffffffffffffffffffffffffffffffffffff
05-23 11:27:54.145   700   700 D SIMRecords: [SIMRecords] ECC number: 
05-23 11:27:54.145   700   700 D SIMRecords: [SIMRecords] ECC: ffffffffffffffffffffffffffffffffffff
05-23 11:27:54.145   700   700 D SIMRecords: [SIMRecords] ECC number: 
05-23 11:27:54.155   700   700 D SIMRecords: [SIMRecords] ECC List: 
05-23 11:27:54.155   700   700 D SIMRecords: [SIMRecords] onRecordLoaded 3 requested: true
05-23 11:27:54.155   700   700 D PHONE   : [ServiceState] setNullState=3
05-23 11:27:54.155   700   700 D GsmSST  : [GsmSST-phoneId1] Poll ServiceState done:  oldSS=[3 3 home null null null  Unknown Unknown CSS not supported -1 -1 RoamInd=-1 DefRoamInd=-1 EmergOnly=false mImsRegistration = false mSrvccState = -1] newSS=[3 3 home null null null  Unknown Unknown CSS not supported -1 -1 RoamInd=-1 DefRoamInd=-1 EmergOnly=false mImsRegistration = false mSrvccState = -1] oldMaxDataCalls=1 mNewMaxDataCalls=1 oldReasonDataDenied=-1 mNewReasonDataDenied=-1
05-23 11:27:54.155   700   700 D PHONE   : [ServiceState] setNullState=1
05-23 11:27:54.155   700   700 D CAT     : CatService: handleMessage[10]
05-23 11:27:54.155   700   700 D CAT     : CatService: SET_UP_MENU
05-23 11:27:54.185   700   700 D CAT     : CatService: encodeOptionalTags() Unsupported Cmd details=CmdDetails: compRequired=true commandNumber=1 typeOfCommand=37 commandQualifier=0
05-23 11:27:54.195   700   700 D RILJ    : [0][3712]> REQUEST_STK_SEND_TERMINAL_RESPONSE
05-23 11:27:54.215   182   226 I use-Rlog/RLOG-RILC: [0] enter processCommandsCallback, socket type = 0
05-23 11:27:54.215   182   226 I use-Rlog/RLOG-RILC: [0] PCC  alloc one command p_record
05-23 11:27:54.215   182   758 D use-Rlog/RLOG-RILC: [0] PCB request code 70 token 64
05-23 11:27:54.215   182   758 D use-Rlog/RLOG-RILC: [0] [0064]> STK_SEND_TERMINAL_RESPONSE (810301250082028281830100)
05-23 11:27:54.215   182   758 D use-Rlog/RLOG-RIL: [0] onRequest: STK_SEND_TERMINAL_RESPONSE sState=0
05-23 11:27:54.215   182   758 D use-Rlog/RLOG-RIL: [0] channel1 state: '0' 
05-23 11:27:54.215   182   758 D use-Rlog/RLOG-RIL: [0] get Channel ID '1'
05-23 11:27:54.215   182   758 D use-Rlog/RLOG-AT: [0] Channel1: AT> AT+SPUSATTERMINAL="810301250082028281830100"
05-23 11:27:54.225   182   238 D use-Rlog/RLOG-AT: [0] Channel1: AT< +SPUSATTERMINAL: 0
05-23 11:27:54.225   182   238 D use-Rlog/RLOG-AT: [0] Channel0: AT< +SPUSATPROCMDIND:D0819481030125008202818285138000280055002900530049004D53615E9475288F0A01806211768454C1724C8F0A808000530049004D76FE8F10818000530049004D5FEB6377786E8BA48F0A0280670D52A152A974068F0A038065E07EBF57CE5E028F0A048079FB52A87CBE54C18F0A05804E1A52A18D855E028F0A4C805E9475287BA174068F0A4D804E0B8F7D8BBE7F6E18022121
05-23 11:27:54.225   182   238 D use-Rlog/RLOG-RIL: [0] [stk unsl]RIL_UNSOL_STK_PROACTIVE_COMMAND
05-23 11:27:54.225   182   238 D use-Rlog/RLOG-RILC: [0] [UNSL]< UNSOL_STK_PROACTIVE_COMMAND {D0819481030125008202818285138000280055002900530049004D53615E9475288F0A01806211768454C1724C8F0A808000530049004D76FE8F10818000530049004D5FEB6377786E8BA48F0A0280670D52A152A974068F0A038065E07EBF57CE5E028F0A048079FB52A87CBE54C18F0A05804E1A52A18D855E028F0A4C805E9475287BA174068F0A4D804E0B8F7D8BBE7F6E18022121}
05-23 11:27:54.225   182   238 D use-Rlog/RLOG-AT: [0] Channel1: AT< OK
05-23 11:27:54.225   700   751 D RILJ    : [0][UNSL]< [0]UNSOL_STK_PROACTIVE_COMMAND D0819481030125008202818285138000280055002900530049004D53615E9475288F0A01806211768454C1724C8F0A808000530049004D76FE8F10818000530049004D5FEB6377786E8BA48F0A0280670D52A152A974068F0A038065E07EBF57CE5E028F0A048079FB52A87CBE54C18F0A05804E1A52A18D855E028F0A4C805E9475287BA174068F0A4D804E0B8F7D8BBE7F6E18022121
05-23 11:27:54.225   182   758 D use-Rlog/RLOG-RILC: [0] [0064]< STK_SEND_TERMINAL_RESPONSE
05-23 11:27:54.225   182   758 D use-Rlog/RLOG-RIL: [0] put Channel ID '1'
05-23 11:27:54.225   182   758 I use-Rlog/RLOG-RILC: [0] -->CommandThread [758] free one command
05-23 11:27:54.225   700   751 D RILJ    : [0][3712]< REQUEST_STK_SEND_TERMINAL_RESPONSE 
05-23 11:27:54.225   700   700 D CAT     : CatService: broadcastCatCmdIntent isStkAppInstalled: true
05-23 11:27:54.225   700   700 D CAT     : CatService: Sending CmdMsg: com.android.internal.telephony.cat.CatCmdMessage@42366358 on slotid:0
05-23 11:27:54.245   700   700 D SIMRecords: [SIMRecords] Load ons false
05-23 11:27:54.245   700   700 D SIMRecords: [SIMRecords] Load EF_SPN_SHORT_CPHS Failure
05-23 11:27:54.245   700   700 D SIMRecords: [SIMRecords] onRecordLoaded 2 requested: true
05-23 11:27:54.255   700   700 D SIMRecords: [SIMRecords] iccid: 89860043191747266158
05-23 11:27:54.255   700   700 D PhoneFactory: setSystemProperty >>>>>>  value = 89860043191747266158
05-23 11:27:54.275   700   700 D SIMRecords: [SIMRecords] onRecordLoaded 1 requested: true
05-23 11:27:54.365   700   700 D SIMRecords: [SIMRecords] VM: ADN Record '12599' '18589020729 null' EF[MBDN]
05-23 11:27:54.365   700   700 D SIMRecords: [SIMRecords] onRecordLoaded 0 requested: true
05-23 11:27:54.365   700   700 D SIMRecords: [SIMRecords] record load complete
05-23 11:27:54.365   700   700 D SIMRecords: [SIMRecords] onAllRecordsLoaded set 'gsm.sim.operator.numeric' to operator='46000'
05-23 11:27:54.365   700   700 D PhoneFactory: setSystemProperty >>>>>>  value = 46000
05-23 11:27:54.375   700   700 D SIMRecords: [SIMRecords] onAllRecordsLoaded set mcc imsi=460004702156121
05-23 11:27:54.375   700   700 D PhoneFactory: setSystemProperty >>>>>>  value = cn
05-23 11:27:54.375   700   700 D SIMRecords: [SIMRecords] setSpnFromConfig = China Mobile
05-23 11:27:54.375   700   700 D PhoneFactory: setSystemProperty >>>>>>  value = China Mobile
05-23 11:27:54.395   700   700 D CAT     : CatService: handleMessage[2]
05-23 11:27:54.395   700   700 D CAT     : CatService: ril message arrived,slotid:0
05-23 11:27:54.405   700   974 D CAT     : RilMessageDecoder: [stk]ril msg = 2 mData =D0819481030125008202818285138000280055002900530049004D53615E9475288F0A01806211768454C1724C8F0A808000530049004D76FE8F10818000530049004D5FEB6377786E8BA48F0A0280670D52A152A974068F0A038065E07EBF57CE5E028F0A048079FB52A87CBE54C18F0A05804E1A52A18D855E028F0A4C805E9475287BA174068F0A4D804E0B8F7D8BBE7F6E18022121
05-23 11:27:54.405   700   974 D CAT     : RilMessageDecoder: [stk]rawData length151
05-23 11:27:54.405   700   974 D CAT     : CommandParamsFactory: process SelectItem
05-23 11:27:54.635   700   700 D CAT     : StkCmdReceiver: handleAction, op: 1args: Bundle[{SLOT_ID=0, cmd message=com.android.internal.telephony.cat.CatCmdMessage@42299548, op=1}], slot id: 0
05-23 11:27:54.756   700   700 D CAT     : CatService: handleMessage[20]
05-23 11:27:54.756   700   700 D GsmSST  : [GsmSST-phoneId0] EVENT_SIM_RECORDS_LOADED: what=16
05-23 11:27:54.756   700   700 D PhoneProxy: [PhoneProxy] updatePhoneObject: radioTechnology=0
05-23 11:27:54.756   700   700 D GsmSST  : [GsmSST-phoneId0] updateSpnDisplay: radio is off w/ showPlmn=false plmn=
05-23 11:27:54.756   700   700 D GsmSST  : [GsmSST-phoneId0] updateSpnDisplay: changed sending intent rule=2 showPlmn='true' plmn='' showSpn='false' spn='China Mobile'
05-23 11:27:54.796   700   700 D DCT     : [DcT(0)] handleMessage msg={ when=-413ms what=270338 obj=android.os.AsyncResult@42323758 target=com.android.internal.telephony.dataconnection.MsmsDcTracker }
05-23 11:27:54.796   700   700 D DCT     : [DcT(0)] handleMessage msg={ when=-415ms what=270338 obj=android.os.AsyncResult@42323758 target=com.android.internal.telephony.dataconnection.MsmsDcTracker }
05-23 11:27:54.796   700   700 D DCT     : [DcT(0)] onRecordsLoaded: createAllApnList
05-23 11:27:54.796   700   700 D DCT     : [DcT(0)] createAllApnList: selection=numeric = '46000' and carrier_enabled = 1
05-23 11:27:55.206   700   700 D DCT     : [DcT(0)] createApnList: X result=[[ApnSettingV2] CMNET, 1, 46000, cmnet, , , , , , -1, default | xcap | hipri | supl, IPV4V6, IPV4V6, true, 0, [ApnSettingV2] CMCC DM, 4, 46000, cmwap, 10.0.0.172, , , , 80, -1, dm, IPV4V6, IPV4V6, true, 0, [ApnSettingV2] CMWAP, 3, 46000, cmwap, 10.0.0.172, http://mmsc.monternet.com, 10.0.0.172, 80, 80, -1, default | mms | hipri | supl | wap, IPV4V6, IPV4V6, true, 0, [ApnSettingV2] CMCC IMS, 2, 46000, ims, , , , , , -1, ims, IPV4V6, IPV4V6, true, 0]
05-23 11:27:55.306   700   700 D DCT     : [DcT(0)] getPreferredApn: mRequestedApnType=default cursor=android.content.ContentResolver$CursorWrapperInner@423130b0 cursor.count=1
05-23 11:27:55.306   700   700 D DCT     : [DcT(0)] getPreferredApn: apnSetting=[ApnSettingV2] CMNET, 1, 46000, cmnet, , , , , , -1, default | xcap | hipri | supl, IPV4V6, IPV4V6, true, 0
05-23 11:27:55.306   700   700 D DCT     : [DcT(0)] getPreferredApn: X found apnSetting[ApnSettingV2] CMNET, 1, 46000, cmnet, , , , , , -1, default | xcap | hipri | supl, IPV4V6, IPV4V6, true, 0
05-23 11:27:55.306   700   700 D DCT     : [DcT(0)] createAllApnList: mPreferredApn=[ApnSettingV2] CMNET, 1, 46000, cmnet, , , , , , -1, default | xcap | hipri | supl, IPV4V6, IPV4V6, true, 0
05-23 11:27:55.306   700   700 D DCT     : [DcT(0)] createAllApnList: X mAllApnSettings=[[ApnSettingV2] CMNET, 1, 46000, cmnet, , , , , , -1, default | xcap | hipri | supl, IPV4V6, IPV4V6, true, 0, [ApnSettingV2] CMCC DM, 4, 46000, cmwap, 10.0.0.172, , , , 80, -1, dm, IPV4V6, IPV4V6, true, 0, [ApnSettingV2] CMWAP, 3, 46000, cmwap, 10.0.0.172, http://mmsc.monternet.com, 10.0.0.172, 80, 80, -1, default | mms | hipri | supl | wap, IPV4V6, IPV4V6, true, 0, [ApnSettingV2] CMCC IMS, 2, 46000, ims, , , , , , -1, ims, IPV4V6, IPV4V6, true, 0]
05-23 11:27:55.306   700   700 D DCT     : [DcT(0)] setInitialApn: E mPreferredApn=[ApnSettingV2] CMNET, 1, 46000, cmnet, , , , , , -1, default | xcap | hipri | supl, IPV4V6, IPV4V6, true, 0
05-23 11:27:55.306   700   700 D DCT     : [DcT(0)] setInitialApn: firstApnSetting=[ApnSettingV2] CMNET, 1, 46000, cmnet, , , , , , -1, default | xcap | hipri | supl, IPV4V6, IPV4V6, true, 0
05-23 11:27:55.306   700   700 D DCT     : [DcT(0)] setInitialApn: defaultApnSetting=[ApnSettingV2] CMNET, 1, 46000, cmnet, , , , , , -1, default | xcap | hipri | supl, IPV4V6, IPV4V6, true, 0
05-23 11:27:55.306   700   700 D DCT     : [DcT(0)] setInitialAttachApn: using mPreferredApn
05-23 11:27:55.306   700   700 D DCT     : [DcT(0)] setInitialAttachApn: initialAttachApnSetting.types contains stk : false
05-23 11:27:55.306   700   700 D DCT     : [DcT(0)] setInitialAttachApn: X selected Apn=[ApnSettingV2] CMNET, 1, 46000, cmnet, , , , , , -1, default | xcap | hipri | supl, IPV4V6, IPV4V6, true, 0
05-23 11:27:55.306   700   700 D RILJ    : [0]Set RIL_REQUEST_SET_INITIAL_ATTACH_APN
05-23 11:27:55.306   700   700 D RILJ    : [0][3713]> RIL_REQUEST_SET_INITIAL_ATTACH_APN, apn:cmnet, protocol:IPV4V6, authType:-1, username:, password:null
05-23 11:27:55.316   700   700 D DCT     : [DcT(0)] setupDataOnConnectableApns: simLoaded
05-23 11:27:55.316   182   226 I use-Rlog/RLOG-RILC: [0] enter processCommandsCallback, socket type = 0
05-23 11:27:55.316   182   226 I use-Rlog/RLOG-RILC: [0] enter processCommandsCallback, socket type = 0
05-23 11:27:55.316   182   226 I use-Rlog/RLOG-RILC: [0] PCC  alloc one command p_record
05-23 11:27:55.316   182   941 D use-Rlog/RLOG-RILC: [0] PCB request code 111 token 65
05-23 11:27:55.316   700   700 D DCT     : [DcT(0)] setupDataOnConnectableApns: apnContext {mApnType=wap mState=IDLE mWaitingApns={null} mWaitingApnsPermanentFailureCountDown=0 mApnSetting={null} mReason=radioTurnedOff mDataEnabled=false mDependencyMet=true}
05-23 11:27:55.316   700   700 D DCT     : [DcT(0)] setupDataOnConnectableApns: apnContext {mApnType=hipri mState=IDLE mWaitingApns={null} mWaitingApnsPermanentFailureCountDown=0 mApnSetting={null} mReason=radioTurnedOff mDataEnabled=false mDependencyMet=true}
05-23 11:27:55.316   700   700 D DCT     : [DcT(0)] setupDataOnConnectableApns: apnContext {mApnType=supl mState=IDLE mWaitingApns={null} mWaitingApnsPermanentFailureCountDown=0 mApnSetting={null} mReason=radioTurnedOff mDataEnabled=false mDependencyMet=true}
05-23 11:27:55.316   700   700 D DCT     : [DcT(0)] setupDataOnConnectableApns: apnContext {mApnType=xcap mState=IDLE mWaitingApns={null} mWaitingApnsPermanentFailureCountDown=0 mApnSetting={null} mReason=radioTurnedOff mDataEnabled=false mDependencyMet=true}
05-23 11:27:55.316   700   700 D DCT     : [DcT(0)] setupDataOnConnectableApns: apnContext {mApnType=dm mState=IDLE mWaitingApns={null} mWaitingApnsPermanentFailureCountDown=0 mApnSetting={null} mReason=radioTurnedOff mDataEnabled=false mDependencyMet=true}
05-23 11:27:55.316   700   700 D DCT     : [DcT(0)] setupDataOnConnectableApns: apnContext {mApnType=ims mState=IDLE mWaitingApns={null} mWaitingApnsPermanentFailureCountDown=0 mApnSetting={null} mReason=radioTurnedOff mDataEnabled=false mDependencyMet=true}
05-23 11:27:55.316   700   700 D DCT     : [DcT(0)] setupDataOnConnectableApns: apnContext {mApnType=cbs mState=IDLE mWaitingApns={null} mWaitingApnsPermanentFailureCountDown=0 mApnSetting={null} mReason=radioTurnedOff mDataEnabled=false mDependencyMet=true}
05-23 11:27:55.316   700   700 D DCT     : [DcT(0)] setupDataOnConnectableApns: apnContext {mApnType=default mState=IDLE mWaitingApns={null} mWaitingApnsPermanentFailureCountDown=0 mApnSetting={null} mReason=roamingOff mDataEnabled=true mDependencyMet=true}
05-23 11:27:55.316   700   700 D DCT     : [DcT(0)] setupDataOnConnectableApns: isConnectable() call trySetupData
05-23 11:27:55.316   700   700 D DCT     : [ApnContext:default] set reason as simLoaded,current state IDLE
05-23 11:27:55.316   700   700 D DCT     : [DcT(0)] trySetupData for type:default due to simLoaded apnContext={mApnType=default mState=IDLE mWaitingApns={null} mWaitingApnsPermanentFailureCountDown=0 mApnSetting={null} mReason=simLoaded mDataEnabled=true mDependencyMet=true}
05-23 11:27:55.316   700   700 D DCT     : [DcT(0)] trySetupData with mIsPsRestricted=false
05-23 11:27:55.316   700   700 D DCT     : [DcT(0)] isServiceStateAllowed: not allowed due to Non-GSM-ONLY - [csAllowed] state: 3 - [psAllowed] gprs: 3, mAutoAttachOnCreation: false - [ltePsAllowed] isLteReady: false, isTDReady: false, gprsState: 3
05-23 11:27:55.316   700   700 D DCT     : [DcT(0)] isDataAllowed: not allowed due to serviceStateAllowed =false
05-23 11:27:55.316   182   941 D use-Rlog/RLOG-RILC: [0] [0065]> RIL_REQUEST_SET_INITIAL_ATTACH_APN (apn=cmnet, protocol=IPV4V6, authtype=-1, username=, password=(null))
05-23 11:27:55.316   182   941 D use-Rlog/RLOG-RIL: [0] onRequest: RIL_REQUEST_SET_INITIAL_ATTACH_APN sState=0
05-23 11:27:55.316   182   941 D use-Rlog/RLOG-RIL: [0] channel1 state: '0' 
05-23 11:27:55.316   182   941 D use-Rlog/RLOG-RIL: [0] get Channel ID '1'
05-23 11:27:55.316   182   941 D use-Rlog/RLOG-RIL: [0] ssda mode: tdd-csfb
05-23 11:27:55.316   182   941 D use-Rlog/RLOG-RIL: [0] INITIAL_ATTACH_APN apn = cmnet, protocol = IPV4V6
05-23 11:27:55.316   182   941 D use-Rlog/RLOG-AT: [0] Channel1: AT> AT+CGACT?
05-23 11:27:55.316   700   700 D DCT     : [DcT(0)] notifyOffApnOfAvailability type:dm
