05-23 11:28:00.031   182   226 I use-Rlog/RLOG-RILC: [0] enter processCommandsCallback, socket type = 0
05-23 11:28:00.031   182   226 I use-Rlog/RLOG-RILC: [0] enter processCommandsCallback, socket type = 0
05-23 11:28:00.031   182   226 I use-Rlog/RLOG-RILC: [0] PCC  alloc one command p_record
05-23 11:28:00.031   182   758 D use-Rlog/RLOG-RILC: [0] PCB request code 21 token 101
05-23 11:28:00.031   182   758 D use-Rlog/RLOG-RILC: [0] [0101]> DATA_REGISTRATION_STATE 
05-23 11:28:00.031   182   758 D use-Rlog/RLOG-RIL: [0] onRequest: DATA_REGISTRATION_STATE sState=4
05-23 11:28:00.031   182   758 D use-Rlog/RLOG-RIL: [0] channel1 state: '0' 
05-23 11:28:00.031   182   758 D use-Rlog/RLOG-RIL: [0] get Channel ID '1'
05-23 11:28:00.031   182   758 D use-Rlog/RLOG-RIL: [0] ssda mode: tdd-csfb
05-23 11:28:00.031   182   758 D use-Rlog/RLOG-AT: [0] Channel1: AT> AT+CEREG?
05-23 11:28:00.041   182   238 D use-Rlog/RLOG-AT: [0] Channel1: AT< +CEREG: 2,2
05-23 11:28:00.041   182   238 D use-Rlog/RLOG-AT: [0] Channel1: AT< OK
05-23 11:28:00.041   182   758 D use-Rlog/RLOG-RILC: [0] [0101]< DATA_REGISTRATION_STATE {2,(null),(null),(null),(null),3}
05-23 11:28:00.041   182   758 D use-Rlog/RLOG-RIL: [0] put Channel ID '1'
05-23 11:28:00.041   182   758 I use-Rlog/RLOG-RILC: [0] -->CommandThread [758] free one command
05-23 11:28:00.041   700   700 D RILJ    : [0][3750]> VOICE_REGISTRATION_STATE
05-23 11:28:00.041   182   226 I use-Rlog/RLOG-RILC: [0] enter processCommandsCallback, socket type = 0
05-23 11:28:00.041   182   226 I use-Rlog/RLOG-RILC: [0] enter processCommandsCallback, socket type = 0
05-23 11:28:00.041   182   226 I use-Rlog/RLOG-RILC: [0] PCC  alloc one command p_record
05-23 11:28:00.041   182   941 D use-Rlog/RLOG-RILC: [0] PCB request code 20 token 102
05-23 11:28:00.041   182   941 D use-Rlog/RLOG-RILC: [0] [0102]> VOICE_REGISTRATION_STATE 
05-23 11:28:00.041   182   941 D use-Rlog/RLOG-RIL: [0] onRequest: VOICE_REGISTRATION_STATE sState=4
05-23 11:28:00.041   182   941 D use-Rlog/RLOG-RIL: [0] channel1 state: '0' 
05-23 11:28:00.041   182   941 D use-Rlog/RLOG-RIL: [0] get Channel ID '1'
05-23 11:28:00.041   182   941 D use-Rlog/RLOG-RIL: [0] ssda mode: tdd-csfb
05-23 11:28:00.041   182   941 D use-Rlog/RLOG-AT: [0] Channel1: AT> AT+CREG?
05-23 11:28:00.041   182   238 D use-Rlog/RLOG-AT: [0] Channel1: AT< +CREG: 2,2
05-23 11:28:00.041   182   238 D use-Rlog/RLOG-AT: [0] Channel1: AT< OK
05-23 11:28:00.041   182   941 D use-Rlog/RLOG-RILC: [0] [0102]< VOICE_REGISTRATION_STATE {2,(null),(null),(null),(null),(null),(null),0,(null),(null),(null),(null),(null),(null),(null)}
05-23 11:28:00.041   182   941 D use-Rlog/RLOG-RIL: [0] put Channel ID '1'
05-23 11:28:00.041   182   941 I use-Rlog/RLOG-RILC: [0] -->CommandThread [941] free one command
05-23 11:28:00.041   700   700 D RILJ    : [0][3751]> QUERY_NETWORK_SELECTION_MODE
05-23 11:28:00.051   182   226 I use-Rlog/RLOG-RILC: [0] enter processCommandsCallback, socket type = 0
05-23 11:28:00.051   182   226 I use-Rlog/RLOG-RILC: [0] enter processCommandsCallback, socket type = 0
05-23 11:28:00.051   182   226 I use-Rlog/RLOG-RILC: [0] PCC  alloc one command p_record
05-23 11:28:00.051   182   758 D use-Rlog/RLOG-RILC: [0] PCB request code 45 token 103
05-23 11:28:00.051   182   758 D use-Rlog/RLOG-RILC: [0] [0103]> QUERY_NETWORK_SELECTION_MODE 
05-23 11:28:00.051   182   758 D use-Rlog/RLOG-RIL: [0] onRequest: QUERY_NETWORK_SELECTION_MODE sState=4
05-23 11:28:00.051   182   758 D use-Rlog/RLOG-RIL: [0] channel1 state: '0' 
05-23 11:28:00.051   182   758 D use-Rlog/RLOG-RIL: [0] get Channel ID '1'
05-23 11:28:00.051   182   758 D use-Rlog/RLOG-AT: [0] Channel1: AT> AT+COPS?
05-23 11:28:00.051   182   238 D use-Rlog/RLOG-AT: [0] Channel1: AT< +COPS: 0
05-23 11:28:00.051   182   238 D use-Rlog/RLOG-AT: [0] Channel1: AT< OK
05-23 11:28:00.051   182   758 D use-Rlog/RLOG-RILC: [0] [0103]< QUERY_NETWORK_SELECTION_MODE {0}
05-23 11:28:00.051   182   758 D use-Rlog/RLOG-RIL: [0] put Channel ID '1'
05-23 11:28:00.051   182   758 I use-Rlog/RLOG-RILC: [0] -->CommandThread [758] free one command
05-23 11:28:00.051   700   700 D UiccCardApplication: Query facility FDN : FDN service available: true enabled: false
05-23 11:28:00.051   700   700 D UiccCardApplication: Query facility lock : 0
05-23 11:28:00.051   700   700 D UiccCardApplication: Ignoring: pin1state=PINSTATE_UNKNOWN
05-23 11:28:00.051   700   700 D DCT     : [DcT(0)] handleMessage msg={ when=-133ms what=270369 obj=android.os.AsyncResult@4233c3f8 target=com.android.internal.telephony.dataconnection.MsmsDcTracker }
05-23 11:28:00.051   700   700 D DCT     : [DcT(0)] handleMessage msg={ when=-136ms what=270369 obj=android.os.AsyncResult@4233c3f8 target=com.android.internal.telephony.dataconnection.MsmsDcTracker }
05-23 11:28:00.061   700   700 D IccCardProxy: [0] phoneid 0 misFirstStartfalse
05-23 11:28:00.061   700   751 D RILJ    : after responseOperatorString():response[0]nullresponse[1]=nullresponse[2]=null
05-23 11:28:00.061   700   700 D CAT     : CatService: handleMessage[8]
05-23 11:28:00.061   700   751 D RILJ    : [0][3748]< OPERATOR {null, null, null}
05-23 11:28:00.061   700   700 D CAT     : CatService: MSG_ID_ICC_CHANGED
05-23 11:28:00.061   700   751 D RILJ    : [0]SprdRIL:processSolicited: [3748]< send result: 6
05-23 11:28:00.061   700   700 D CAT     : CatService: New Card State = CARDSTATE_PRESENT Old Card State = CARDSTATE_PRESENT
05-23 11:28:00.061   700   751 D RILJ    : [0][3749]< DATA_REGISTRATION_STATE {2, null, null, null, null, 3}
05-23 11:28:00.061   700   700 E GsmSST  : [GsmSST-phoneId0] Exception while polling service state. Probably malformed RIL response.java.lang.NullPointerException
05-23 11:28:00.061   700   751 D RILJ    : [0][3750]< VOICE_REGISTRATION_STATE {2, null, null, null, null, null, null, 0, null, null, null, null, null, null, null}
05-23 11:28:00.061   700   700 D PHONE   : [ServiceState] setDataRegState=1
05-23 11:28:00.061   700   700 D PHONE   : [ServiceState] setDataRadioTechnology=0
05-23 11:28:00.061   700   700 D GsmSST  : [GsmSST-phoneId0] handlPollStateResultMessage: GsmSST setDataRegState=1 regState=2 dataRadioTechnology=0
05-23 11:28:00.061   700   751 D RILJ    : [0][3751]< QUERY_NETWORK_SELECTION_MODE {0}
05-23 11:28:00.061   700   700 D PHONE   : [ServiceState] setVoiceRegState=1
05-23 11:28:00.061   700   700 E PHONE   : [ServiceState] setState deprecated use setVoiceRegState()
05-23 11:28:00.071   700   700 D GsmSST  : [GsmSST-phoneId0] Poll ServiceState done:  oldSS=[1 1 home null null null  Unknown Unknown CSS not supported -1 -1 RoamInd=-1 DefRoamInd=-1 EmergOnly=false mImsRegistration = false mSrvccState = -1] newSS=[1 1 home null null null  Unknown Unknown CSS not supported -1 -1 RoamInd=-1 DefRoamInd=-1 EmergOnly=false mImsRegistration = false mSrvccState = -1] oldMaxDataCalls=3 mNewMaxDataCalls=3 oldReasonDataDenied=-1 mNewReasonDataDenied=-1
05-23 11:28:00.071   700   700 D PHONE   : [ServiceState] setNullState=1
05-23 11:28:00.121   671   671 W SignalStrength: getLTELevel - rsrp:2147483647 snr:2147483647 rsrpIconLevel:-1 snrIconLevel:-1
05-23 11:28:00.121   671   671 W SignalStrength: getLTELevel - rssi:99 rssiIconLevel:0
05-23 11:28:00.121   671   671 W SignalStrength: getGsmLevel=0
05-23 11:28:00.121   671   671 W SignalStrength: getLevel=0
05-23 11:28:00.381   182   238 D use-Rlog/RLOG-AT: [0] Channel0: AT< +CEN1: 1,460,00F
05-23 11:28:00.381   182   238 D use-Rlog/RLOG-AT: [0] Channel0: AT< +CGREG: 2
05-23 11:28:00.381   182   238 D use-Rlog/RLOG-RILC: [0] [UNSL]< UNSOL_RESPONSE_VOICE_NETWORK_STATE_CHANGED 
05-23 11:28:00.401   182  1049 D use-Rlog/RLOG-RIL: [0] channel1 state: '0' 
05-23 11:28:00.401   182  1049 D use-Rlog/RLOG-RIL: [0] get Channel ID '1'
05-23 11:28:00.401   182  1049 D use-Rlog/RLOG-AT: [0] Channel1: AT> AT+CEN?
05-23 11:28:00.401   182   238 D use-Rlog/RLOG-AT: [0] Channel1: AT< +CEN1: 1,460,00F
05-23 11:28:00.401   182   238 D use-Rlog/RLOG-AT: [0] Channel1: AT< OK
05-23 11:28:00.401   182  1049 D use-Rlog/RLOG-RIL: [0] put Channel ID '1'
05-23 11:28:00.461   182   238 D use-Rlog/RLOG-AT: [0] Channel0: AT< +CSQ: 99,28
05-23 11:28:00.461   182   238 D use-Rlog/RLOG-RIL: [0] [unsl] +CSQ enter
05-23 11:28:00.461   182   238 D use-Rlog/RLOG-RIL: [0] for +CSQ, current is lte ril,do nothing
05-23 11:28:00.461   182   238 D use-Rlog/RLOG-AT: [0] Channel0: AT< +CESQ: 99,99,255,255,28,78
05-23 11:28:00.461   182   238 D use-Rlog/RLOG-RIL: [0] [unsl] +CESQ enter
05-23 11:28:00.461   182   238 D use-Rlog/RLOG-RILC: [0] [UNSL]< UNSOL_SIGNAL_STRENGTH {[signalStrength=99,bitErrorRate=-1,                CDMA_SS.dbm=-1,CDMA_SSecio=-1,                EVDO_SS.dbm=-1,EVDO_SS.ecio=-1,                EVDO_SS.signalNoiseRatio=-1,                LTE_SS.signalStrength=99,LTE_SS.rsrp=78,LTE_SS.rsrq=2147483647,                LTE_SS.rssnr=2147483647,LTE_SS.cqi=2147483647,TDSCDMA_SS.rscp=0]}
05-23 11:28:00.461   182   238 D use-Rlog/RLOG-AT: [0] Channel0: AT< +SPPCI: 0000018C
05-23 11:28:00.461   182   238 D use-Rlog/RLOG-RIL: [0] RIL_UNSOL_PHY_CELL_ID
05-23 11:28:00.461   182   238 D use-Rlog/RLOG-RIL: [0] pci 2396
05-23 11:28:00.461   182   238 D use-Rlog/RLOG-RILC: [0] [UNSL]< UNSOL_OEM_HOOK_RAW
05-23 11:28:00.661   182   238 D use-Rlog/RLOG-AT: [0] Channel0: AT< +CESQ: 99,99,255,255,28,79
05-23 11:28:00.661   182   238 D use-Rlog/RLOG-RIL: [0] [unsl] +CESQ enter
05-23 11:28:00.661   182   238 D use-Rlog/RLOG-RILC: [0] [UNSL]< UNSOL_SIGNAL_STRENGTH {[signalStrength=99,bitErrorRate=-1,                CDMA_SS.dbm=-1,CDMA_SSecio=-1,                EVDO_SS.dbm=-1,EVDO_SS.ecio=-1,                EVDO_SS.signalNoiseRatio=-1,                LTE_SS.signalStrength=99,LTE_SS.rsrp=79,LTE_SS.rsrq=2147483647,                LTE_SS.rssnr=2147483647,LTE_SS.cqi=2147483647,TDSCDMA_SS.rscp=0]}
05-23 11:28:01.072   700   751 D RILJ    : [0][UNSL]< [0]UNSOL_RESPONSE_VOICE_NETWORK_STATE_CHANGED
05-23 11:28:01.072   700   751 W SignalStrength: Size of signalstrength parcel:60
05-23 11:28:01.072   700   751 V RILJ    : [0][UNSL]< [0]UNSOL_SIGNAL_STRENGTH SignalStrength: 99 -1 -1 -1 -1 -1 -1 99 78 2147483647 2147483647 2147483647 gsm|lte
05-23 11:28:01.072   700   751 V RILJ    : [0][UNSL]< [0]UNSOL_OEM_HOOK_RAW 3233393600
05-23 11:28:01.072   700   751 W SignalStrength: Size of signalstrength parcel:60
05-23 11:28:01.072   700   751 V RILJ    : [0][UNSL]< [0]UNSOL_SIGNAL_STRENGTH SignalStrength: 99 -1 -1 -1 -1 -1 -1 99 79 2147483647 2147483647 2147483647 gsm|lte
05-23 11:28:01.072   700   700 D RILJ    : SPRDRILOPERATOR
05-23 11:28:01.072   700   700 D RILJ    : [0][3752]> OPERATOR
05-23 11:28:01.082   700  1035 D TelephonyManager: setRadioBusy false
05-23 11:28:01.092   700   700 D RILJ    : [0][3753]> DATA_REGISTRATION_STATE
05-23 11:28:01.092   182   226 I use-Rlog/RLOG-RILC: [0] enter processCommandsCallback, socket type = 0
05-23 11:28:01.092   182   226 I use-Rlog/RLOG-RILC: [0] enter processCommandsCallback, socket type = 0
05-23 11:28:01.092   182   226 I use-Rlog/RLOG-RILC: [0] PCC  alloc one command p_record
05-23 11:28:01.092   182   941 D use-Rlog/RLOG-RILC: [0] PCB request code 22 token 104
05-23 11:28:01.092   182   941 D use-Rlog/RLOG-RILC: [0] [0104]> OPERATOR 
05-23 11:28:01.092   182   941 D use-Rlog/RLOG-RIL: [0] onRequest: OPERATOR sState=4
05-23 11:28:01.092   182   941 D use-Rlog/RLOG-RIL: [0] channel1 state: '0' 
05-23 11:28:01.092   182   941 D use-Rlog/RLOG-RIL: [0] get Channel ID '1'
05-23 11:28:01.092   182   941 D use-Rlog/RLOG-AT: [0] Channel1: AT> AT+COPS=3,0;+COPS?;+COPS=3,1;+COPS?;+COPS=3,2;+COPS?
05-23 11:28:01.092   182   238 D use-Rlog/RLOG-AT: [0] Channel1: AT< +COPS: 0
05-23 11:28:01.092   182   238 D use-Rlog/RLOG-AT: [0] Channel1: AT< +COPS: 0
05-23 11:28:01.092   182   238 D use-Rlog/RLOG-AT: [0] Channel1: AT< +COPS: 0
05-23 11:28:01.092   182   238 D use-Rlog/RLOG-AT: [0] Channel1: AT< OK
05-23 11:28:01.092   182   941 D use-Rlog/RLOG-RILC: [0] [0104]< OPERATOR {(null),(null),(null)}
05-23 11:28:01.092   182   941 D use-Rlog/RLOG-RIL: [0] put Channel ID '1'
05-23 11:28:01.092   182   941 I use-Rlog/RLOG-RILC: [0] -->CommandThread [941] free one command
05-23 11:28:01.092   700   751 D RILJ    : sprdRil before responseOperatorString():response[0]= null response[1]= null response[2]= null
05-23 11:28:01.092   700   751 D RILJ    : after responseOperatorString():response[0]nullresponse[1]=nullresponse[2]=null
05-23 11:28:01.092   700   751 D RILJ    : [0][3752]< OPERATOR {null, null, null}
05-23 11:28:01.092   700   751 D RILJ    : [0]SprdRIL:processSolicited: [3752]< send result: 6
05-23 11:28:01.092   700   700 D RILJ    : [0][3754]> VOICE_REGISTRATION_STATE
05-23 11:28:01.092   182   226 I use-Rlog/RLOG-RILC: [0] enter processCommandsCallback, socket type = 0
05-23 11:28:01.092   182   226 I use-Rlog/RLOG-RILC: [0] enter processCommandsCallback, socket type = 0
05-23 11:28:01.092   182   226 I use-Rlog/RLOG-RILC: [0] PCC  alloc one command p_record
05-23 11:28:01.102   182   758 D use-Rlog/RLOG-RILC: [0] PCB request code 21 token 105
05-23 11:28:01.102   182   758 D use-Rlog/RLOG-RILC: [0] [0105]> DATA_REGISTRATION_STATE 
05-23 11:28:01.102   182   758 D use-Rlog/RLOG-RIL: [0] onRequest: DATA_REGISTRATION_STATE sState=4
05-23 11:28:01.102   182   758 D use-Rlog/RLOG-RIL: [0] channel1 state: '0' 
05-23 11:28:01.102   182   758 D use-Rlog/RLOG-RIL: [0] get Channel ID '1'
05-23 11:28:01.102   182   758 D use-Rlog/RLOG-RIL: [0] ssda mode: tdd-csfb
05-23 11:28:01.102   182   758 D use-Rlog/RLOG-AT: [0] Channel1: AT> AT+CEREG?
05-23 11:28:01.102   182   238 D use-Rlog/RLOG-AT: [0] Channel1: AT< +CEREG: 2,2
05-23 11:28:01.102   182   238 D use-Rlog/RLOG-AT: [0] Channel1: AT< OK
05-23 11:28:01.102   182   758 D use-Rlog/RLOG-RILC: [0] [0105]< DATA_REGISTRATION_STATE {2,(null),(null),(null),(null),3}
05-23 11:28:01.102   182   758 D use-Rlog/RLOG-RIL: [0] put Channel ID '1'
05-23 11:28:01.102   182   758 I use-Rlog/RLOG-RILC: [0] -->CommandThread [758] free one command
05-23 11:28:01.102   700   700 D RILJ    : [0][3755]> QUERY_NETWORK_SELECTION_MODE
05-23 11:28:01.102   182   226 I use-Rlog/RLOG-RILC: [0] enter processCommandsCallback, socket type = 0
05-23 11:28:01.102   182   226 I use-Rlog/RLOG-RILC: [0] enter processCommandsCallback, socket type = 0
05-23 11:28:01.102   182   226 I use-Rlog/RLOG-RILC: [0] PCC  alloc one command p_record
05-23 11:28:01.102   182   941 D use-Rlog/RLOG-RILC: [0] PCB request code 20 token 106
05-23 11:28:01.102   182   941 D use-Rlog/RLOG-RILC: [0] [0106]> VOICE_REGISTRATION_STATE 
05-23 11:28:01.102   182   941 D use-Rlog/RLOG-RIL: [0] onRequest: VOICE_REGISTRATION_STATE sState=4
05-23 11:28:01.102   182   941 D use-Rlog/RLOG-RIL: [0] channel1 state: '0' 
05-23 11:28:01.102   182   941 D use-Rlog/RLOG-RIL: [0] get Channel ID '1'
05-23 11:28:01.102   182   941 D use-Rlog/RLOG-RIL: [0] ssda mode: tdd-csfb
05-23 11:28:01.102   182   941 D use-Rlog/RLOG-AT: [0] Channel1: AT> AT+CREG?
05-23 11:28:01.102   182   238 D use-Rlog/RLOG-AT: [0] Channel1: AT< +CREG: 2,2
05-23 11:28:01.102   182   238 D use-Rlog/RLOG-AT: [0] Channel1: AT< OK
05-23 11:28:01.102   182   941 D use-Rlog/RLOG-RILC: [0] [0106]< VOICE_REGISTRATION_STATE {2,(null),(null),(null),(null),(null),(null),0,(null),(null),(null),(null),(null),(null),(null)}
05-23 11:28:01.102   182   941 D use-Rlog/RLOG-RIL: [0] put Channel ID '1'
05-23 11:28:01.102   182   941 I use-Rlog/RLOG-RILC: [0] -->CommandThread [941] free one command
05-23 11:28:01.102   700   700 W SignalStrength: Signal before validate=SignalStrength: 99 -1 -1 -1 -1 -1 -1 99 78 2147483647 2147483647 2147483647 gsm|lte
05-23 11:28:01.102   700   700 W SignalStrength: Signal after validate=SignalStrength: 99 -1 -120 -160 -120 -1 -1 99 -78 2147483647 2147483647 2147483647 gsm|lte
05-23 11:28:01.102   182   226 I use-Rlog/RLOG-RILC: [0] enter processCommandsCallback, socket type = 0
05-23 11:28:01.102   182   226 I use-Rlog/RLOG-RILC: [0] enter processCommandsCallback, socket type = 0
05-23 11:28:01.102   182   226 I use-Rlog/RLOG-RILC: [0] PCC  alloc one command p_record
05-23 11:28:01.102   182   758 D use-Rlog/RLOG-RILC: [0] PCB request code 45 token 107
05-23 11:28:01.102   182   758 D use-Rlog/RLOG-RILC: [0] [0107]> QUERY_NETWORK_SELECTION_MODE 
05-23 11:28:01.102   182   758 D use-Rlog/RLOG-RIL: [0] onRequest: QUERY_NETWORK_SELECTION_MODE sState=4
05-23 11:28:01.102   182   758 D use-Rlog/RLOG-RIL: [0] channel1 state: '0' 
05-23 11:28:01.102   182   758 D use-Rlog/RLOG-RIL: [0] get Channel ID '1'
05-23 11:28:01.102   182   758 D use-Rlog/RLOG-AT: [0] Channel1: AT> AT+COPS?
05-23 11:28:01.102   182   238 D use-Rlog/RLOG-AT: [0] Channel1: AT< +COPS: 0
05-23 11:28:01.102   182   238 D use-Rlog/RLOG-AT: [0] Channel1: AT< OK
05-23 11:28:01.102   182   758 D use-Rlog/RLOG-RILC: [0] [0107]< QUERY_NETWORK_SELECTION_MODE {0}
05-23 11:28:01.102   182   758 D use-Rlog/RLOG-RIL: [0] put Channel ID '1'
05-23 11:28:01.102   182   758 I use-Rlog/RLOG-RILC: [0] -->CommandThread [758] free one command
05-23 11:28:01.102   700   751 D RILJ    : [0][3753]< DATA_REGISTRATION_STATE {2, null, null, null, null, 3}
05-23 11:28:01.102   700   751 D RILJ    : [0][3754]< VOICE_REGISTRATION_STATE {2, null, null, null, null, null, null, 0, null, null, null, null, null, null, null}
05-23 11:28:01.102   700   751 D RILJ    : [0][3755]< QUERY_NETWORK_SELECTION_MODE {0}
05-23 11:28:01.112   671   671 W SignalStrength: getLTELevel - rsrp:2147483647 snr:2147483647 rsrpIconLevel:-1 snrIconLevel:-1
05-23 11:28:01.112   671   671 W SignalStrength: getLTELevel - rssi:99 rssiIconLevel:0
05-23 11:28:01.112   671   671 W SignalStrength: getGsmLevel=0
05-23 11:28:01.112   671   671 W SignalStrength: getLevel=0
05-23 11:28:01.122   182   238 D use-Rlog/RLOG-AT: [0] Channel0: AT< +CGEV: NW PDN ACT 1
05-23 11:28:01.122   183   237 D use-Rlog/RLOG-AT: [1] Channel3: AT< +CTZV: "18/05/23,03:28:00+32,0"
05-23 11:28:01.132   183   237 D use-Rlog/RLOG-RILC: [1] [UNSL]< UNSOL_NITZ_TIME_RECEIVED {18/05/23,03:28:00+32,0}
05-23 11:28:01.132   182   238 D use-Rlog/RLOG-RIL: [0] update cid 1 
05-23 11:28:01.132   182   238 D use-Rlog/RLOG-AT: [0] Channel0: AT< ^CONN: 11,2,2
05-23 11:28:01.132   182   238 D use-Rlog/RLOG-RIL: [0] onUnsolicited(), CONN:, cid: 11, active: 2
05-23 11:28:01.132   182   238 D use-Rlog/RLOG-RILC: [0] [UNSL]< RIL_UNSOL_RESPONS_IMS_CONN_ENABLE {2}
05-23 11:28:01.132   182   238 D use-Rlog/RLOG-AT: [0] Channel0: AT< +CGREG: 1,"247C","02CF8905",7,"0000"
05-23 11:28:01.132   182   238 D use-Rlog/RLOG-RILC: [0] [UNSL]< UNSOL_RESPONSE_VOICE_NETWORK_STATE_CHANGED 
05-23 11:28:01.132   182   238 D use-Rlog/RLOG-AT: [0] Channel0: AT< +CREG: 1,"247C","02CF8905",7
05-23 11:28:01.132   182   238 D use-Rlog/RLOG-RILC: [0] [UNSL]< UNSOL_RESPONSE_VOICE_NETWORK_STATE_CHANGED 
05-23 11:28:01.132   182   238 D use-Rlog/RLOG-AT: [0] Channel0: AT< +CEREG: 1,"247C","02CF8905",7
05-23 11:28:01.132   182   238 D use-Rlog/RLOG-RIL: [0] ssda mode: tdd-csfb
05-23 11:28:01.132   182   238 D use-Rlog/RLOG-RIL: [0] isn't svlte
05-23 11:28:01.132   182   238 D use-Rlog/RLOG-RIL: [0] is CSFB 
05-23 11:28:01.132   182   238 D use-Rlog/RLOG-RIL: [0] requestRegistration net_type is 7
05-23 11:28:01.132   182   238 D use-Rlog/RLOG-RIL: [0] requestRegistrationState  s_PSRegState is IN SERVICE
05-23 11:28:01.132   182   238 D use-Rlog/RLOG-RILC: [0] [UNSL]< UNSOL_RESPONSE_VOICE_NETWORK_STATE_CHANGED 
05-23 11:28:01.132   182   238 D use-Rlog/RLOG-AT: [0] Channel0: AT< +SIND: 11
05-23 11:28:01.132   182   238 D use-Rlog/RLOG-AT: [0] Channel0: AT< +CTZV: "18/05/23,03:28:00+32,0"
05-23 11:28:01.132   182   238 D use-Rlog/RLOG-RILC: [0] [UNSL]< UNSOL_NITZ_TIME_RECEIVED {18/05/23,03:28:00+32,0}
05-23 11:28:01.132   700   755 D RILJ    : [1][UNSL]< [1]UNSOL_NITZ_TIME_RECEIVED 18/05/23,03:28:00+32,0
05-23 11:28:01.142   700   751 D RILJ    : [0][UNSL]< [0]UNSOL_CONN_IMSEN
05-23 11:28:01.142   700   751 D RILJ    : [0][UNSL]< [0]UNSOL_RESPONSE_VOICE_NETWORK_STATE_CHANGED
05-23 11:28:01.142   700   751 D RILJ    : [0][UNSL]< [0]UNSOL_RESPONSE_VOICE_NETWORK_STATE_CHANGED
05-23 11:28:01.142   700   751 D RILJ    : [0][UNSL]< [0]UNSOL_RESPONSE_VOICE_NETWORK_STATE_CHANGED
05-23 11:28:01.142   700   751 D RILJ    : [0][UNSL]< [0]UNSOL_NITZ_TIME_RECEIVED 18/05/23,03:28:00+32,0
05-23 11:28:01.142   671   671 W SignalStrength: getLTELevel - rsrp:2147483647 snr:2147483647 rsrpIconLevel:-1 snrIconLevel:-1
05-23 11:28:01.142   671   671 W SignalStrength: getLTELevel - rssi:99 rssiIconLevel:0
05-23 11:28:01.142   671   671 W SignalStrength: getGsmLevel=0
05-23 11:28:01.142   671   671 W SignalStrength: getLevel=0
05-23 11:28:01.222   592   821 W SignalStrength: Size of signalstrength parcel:164
05-23 11:28:01.222   592   821 W SignalStrength: getLTELevel - rsrp:-78 snr:2147483647 rsrpIconLevel:4 snrIconLevel:-1
05-23 11:28:01.222   592   821 W SignalStrength: getLevel=4
05-23 11:28:01.222   671   687 W SignalStrength: Size of signalstrength parcel:168
05-23 11:28:01.242   700   700 W SignalStrength: Signal before validate=SignalStrength: 99 -1 -1 -1 -1 -1 -1 99 79 2147483647 2147483647 2147483647 gsm|lte
05-23 11:28:01.242   700   700 W SignalStrength: Signal after validate=SignalStrength: 99 -1 -120 -160 -120 -1 -1 99 -79 2147483647 2147483647 2147483647 gsm|lte
05-23 11:28:01.242   592   866 W SignalStrength: Size of signalstrength parcel:164
05-23 11:28:01.242   592   866 W SignalStrength: getLTELevel - rsrp:-79 snr:2147483647 rsrpIconLevel:4 snrIconLevel:-1
05-23 11:28:01.242   671   684 W SignalStrength: Size of signalstrength parcel:168
05-23 11:28:01.242   592   866 W SignalStrength: getLevel=4
05-23 11:28:01.252   700   700 D GsmSMSDispatcher: onChange getPrimaryCard():0getPhoneId():0
05-23 11:28:01.302   700   700 D GsmSMSDispatcher: onChange getPrimaryCard():0getPhoneId():1
05-23 11:28:01.312   700   700 E GsmSST  : [GsmSST-phoneId0] Exception while polling service state. Probably malformed RIL response.java.lang.NullPointerException
05-23 11:28:01.312   700   700 D PHONE   : [ServiceState] setDataRegState=1
05-23 11:28:01.312   700   700 D PHONE   : [ServiceState] setDataRadioTechnology=0
05-23 11:28:01.312   700   700 D GsmSST  : [GsmSST-phoneId0] handlPollStateResultMessage: GsmSST setDataRegState=1 regState=2 dataRadioTechnology=0
05-23 11:28:01.312   700   700 D PHONE   : [ServiceState] setVoiceRegState=1
05-23 11:28:01.312   700   700 E PHONE   : [ServiceState] setState deprecated use setVoiceRegState()
05-23 11:28:01.312   700   700 D GsmSST  : [GsmSST-phoneId0] Poll ServiceState done:  oldSS=[1 1 home null null null  Unknown Unknown CSS not supported -1 -1 RoamInd=-1 DefRoamInd=-1 EmergOnly=false mImsRegistration = false mSrvccState = -1] newSS=[1 1 home null null null  Unknown Unknown CSS not supported -1 -1 RoamInd=-1 DefRoamInd=-1 EmergOnly=false mImsRegistration = false mSrvccState = -1] oldMaxDataCalls=3 mNewMaxDataCalls=3 oldReasonDataDenied=-1 mNewReasonDataDenied=-1
05-23 11:28:01.312   700   700 D PHONE   : [ServiceState] setNullState=1
05-23 11:28:01.312   700   700 D GsmSST  : [GsmSST-phoneId1] NITZ: 18/05/23,03:28:00+32,0,60880 start=61061 delay=181
05-23 11:28:01.312   700   700 D GsmSST  : [GsmSST-phoneId1] sign = true; tzOffset = 32; dst = 0
05-23 11:28:01.312   700   700 D GsmSST  : [GsmSST-phoneId1] iso = 
05-23 11:28:01.362   182   238 D use-Rlog/RLOG-AT: [0] Channel0: AT< ^CONN: 11,2,1
05-23 11:28:01.362   182   238 D use-Rlog/RLOG-RIL: [0] onUnsolicited(), CONN:, cid: 11, active: 1
05-23 11:28:01.362   182   238 D use-Rlog/RLOG-RILC: [0] [UNSL]< RIL_UNSOL_RESPONS_IMS_CONN_ENABLE {1}
05-23 11:28:01.362   182   238 D use-Rlog/RLOG-AT: [0] Channel0: AT< +IMSHOLTEINFU:5,"46000247c2cf8905"
05-23 11:28:01.362   182   238 D RIL     : onUnsolicited(),IMS_NETWORK_INFO_CHANGE status: 0, info: (null)
05-23 11:28:01.362   182   238 D use-Rlog/RLOG-RILC: [0] responseImsNetworkInfo: type=5, info=46000247c2cf8905}
05-23 11:28:01.362   700   751 D RILJ    : [0][UNSL]< [0]UNSOL_CONN_IMSEN
05-23 11:28:01.382   671   671 W SignalStrength: getLTELevel - rsrp:2147483647 snr:2147483647 rsrpIconLevel:-1 snrIconLevel:-1
05-23 11:28:01.382   671   671 W SignalStrength: getLTELevel - rssi:99 rssiIconLevel:0
05-23 11:28:01.382   671   671 W SignalStrength: getLTELevel - rsrp:2147483647 snr:2147483647 rsrpIconLevel:-1 snrIconLevel:-1
05-23 11:28:01.382   671   671 W SignalStrength: getLTELevel - rssi:99 rssiIconLevel:0
05-23 11:28:01.382   671   671 W SignalStrength: getGsmLevel=0
05-23 11:28:01.382   671   671 W SignalStrength: getLevel=0
05-23 11:28:01.502   671   671 W SignalStrength: getLTELevel - rsrp:2147483647 snr:2147483647 rsrpIconLevel:-1 snrIconLevel:-1
05-23 11:28:01.502   671   671 W SignalStrength: getLTELevel - rssi:99 rssiIconLevel:0
05-23 11:28:01.502   671   671 W SignalStrength: getGsmLevel=0
05-23 11:28:01.502   671   671 W SignalStrength: getLevel=0
05-23 11:28:01.572   671   671 W SignalStrength: getLTELevel - rsrp:2147483647 snr:2147483647 rsrpIconLevel:-1 snrIconLevel:-1
05-23 11:28:01.572   671   671 W SignalStrength: getLTELevel - rssi:99 rssiIconLevel:0
05-23 11:28:01.572   671   671 W SignalStrength: getGsmLevel=0
05-23 11:28:01.572   671   671 W SignalStrength: getLevel=0
05-23 11:28:01.652   671   671 W SignalStrength: getLTELevel - rsrp:2147483647 snr:2147483647 rsrpIconLevel:-1 snrIconLevel:-1
05-23 11:28:01.652   671   671 W SignalStrength: getLTELevel - rssi:99 rssiIconLevel:0
05-23 11:28:01.652   671   671 W SignalStrength: getGsmLevel=0
05-23 11:28:01.652   671   671 W SignalStrength: getLevel=0
05-23 11:28:01.762   671   671 W SignalStrength: getLTELevel - rsrp:2147483647 snr:2147483647 rsrpIconLevel:-1 snrIconLevel:-1
05-23 11:28:01.762   671   671 W SignalStrength: getLTELevel - rssi:99 rssiIconLevel:0
05-23 11:28:01.762   671   671 W SignalStrength: getLTELevel - rsrp:2147483647 snr:2147483647 rsrpIconLevel:-1 snrIconLevel:-1
05-23 11:28:01.762   671   671 W SignalStrength: getLTELevel - rssi:99 rssiIconLevel:0
05-23 11:28:01.762   671   671 W SignalStrength: getGsmLevel=0
05-23 11:28:01.762   671   671 W SignalStrength: getLevel=0
05-23 11:28:01.782   671   671 W SignalStrength: getLTELevel - rsrp:2147483647 snr:2147483647 rsrpIconLevel:-1 snrIconLevel:-1
05-23 11:28:01.782   671   671 W SignalStrength: getLTELevel - rssi:99 rssiIconLevel:0
05-23 11:28:01.782   671   671 W SignalStrength: getGsmLevel=0
05-23 11:28:01.792   671   671 W SignalStrength: getLevel=0
05-23 11:28:01.792   671   671 W SignalStrength: getLTELevel - rsrp:2147483647 snr:2147483647 rsrpIconLevel:-1 snrIconLevel:-1
05-23 11:28:01.792   671   671 W SignalStrength: getLTELevel - rssi:99 rssiIconLevel:0
05-23 11:28:01.792   671   671 W SignalStrength: getGsmLevel=0
05-23 11:28:01.792   671   671 W SignalStrength: getLevel=0
05-23 11:28:01.903   700   700 D GsmSST  : [GsmSST-phoneId1] NITZ: Setting time of day to Wed May 23 11:28:00 GMT+08:00 2018 NITZ receive delay(ms): 229 gained(ms): -1682 from 18/05/23,03:28:00+32,0
05-23 11:28:01.903   700   700 D GsmSST  : [GsmSST-phoneId1] setAndBroadcastNetworkSetTime: time=1527046080229ms
05-23 11:28:00.379   700   700 I GsmSST  : NITZ: after Setting time of day
05-23 11:28:00.389   700   700 D RILJ    : SPRDRILOPERATOR
05-23 11:28:00.389   700   700 D RILJ    : [0][3756]> OPERATOR
05-23 11:28:00.399   700   700 D RILJ    : [0][3757]> DATA_REGISTRATION_STATE
05-23 11:28:00.399   182   226 I use-Rlog/RLOG-RILC: [0] enter processCommandsCallback, socket type = 0
05-23 11:28:00.399   182   226 I use-Rlog/RLOG-RILC: [0] enter processCommandsCallback, socket type = 0
05-23 11:28:00.399   182   226 I use-Rlog/RLOG-RILC: [0] PCC  alloc one command p_record
05-23 11:28:00.399   182   941 D use-Rlog/RLOG-RILC: [0] PCB request code 22 token 108
05-23 11:28:00.399   182   941 D use-Rlog/RLOG-RILC: [0] [0108]> OPERATOR 
05-23 11:28:00.399   182   941 D use-Rlog/RLOG-RIL: [0] onRequest: OPERATOR sState=4
05-23 11:28:00.399   182   941 D use-Rlog/RLOG-RIL: [0] channel1 state: '0' 
05-23 11:28:00.399   182   941 D use-Rlog/RLOG-RIL: [0] get Channel ID '1'
05-23 11:28:00.399   182   941 D use-Rlog/RLOG-AT: [0] Channel1: AT> AT+COPS=3,0;+COPS?;+COPS=3,1;+COPS?;+COPS=3,2;+COPS?
05-23 11:28:00.399   700   700 D RILJ    : [0][3758]> VOICE_REGISTRATION_STATE
05-23 11:28:00.399   182   226 I use-Rlog/RLOG-RILC: [0] enter processCommandsCallback, socket type = 0
05-23 11:28:00.399   182   226 I use-Rlog/RLOG-RILC: [0] enter processCommandsCallback, socket type = 0
05-23 11:28:00.399   182   226 I use-Rlog/RLOG-RILC: [0] PCC  alloc one command p_record
05-23 11:28:00.399   182   758 D use-Rlog/RLOG-RILC: [0] PCB request code 21 token 109
05-23 11:28:00.399   182   758 D use-Rlog/RLOG-RILC: [0] [0109]> DATA_REGISTRATION_STATE 
05-23 11:28:00.399   182   758 D use-Rlog/RLOG-RIL: [0] onRequest: DATA_REGISTRATION_STATE sState=4
05-23 11:28:00.399   182   758 D use-Rlog/RLOG-RIL: [0] channel2 state: '0' 
05-23 11:28:00.399   182   758 D use-Rlog/RLOG-RIL: [0] get Channel ID '2'
05-23 11:28:00.399   182   758 D use-Rlog/RLOG-RIL: [0] ssda mode: tdd-csfb
05-23 11:28:00.399   182   758 D use-Rlog/RLOG-AT: [0] Channel2: AT> AT+CEREG?
05-23 11:28:00.399   182   238 D use-Rlog/RLOG-AT: [0] Channel1: AT< +COPS: 0,0,"CHINA MOBILE",7
05-23 11:28:00.399   182   238 D use-Rlog/RLOG-AT: [0] Channel1: AT< +COPS: 0,1,"CMCC",7
05-23 11:28:00.399   182   238 D use-Rlog/RLOG-AT: [0] Channel1: AT< +COPS: 0,2,"46000",7
05-23 11:28:00.399   182   238 D use-Rlog/RLOG-AT: [0] Channel1: AT< OK
05-23 11:28:00.399   182   238 D use-Rlog/RLOG-AT: [0] Channel2: AT< +CEREG: 2,1,"247C","02CF8905",7
05-23 11:28:00.399   182   238 D use-Rlog/RLOG-AT: [0] Channel2: AT< OK
05-23 11:28:00.399   182   941 D use-Rlog/RLOG-RILC: [0] [0108]< OPERATOR {CHINA MOBILE,CMCC,46000}
05-23 11:28:00.399   182   941 D use-Rlog/RLOG-RIL: [0] put Channel ID '1'
05-23 11:28:00.399   182   941 I use-Rlog/RLOG-RILC: [0] -->CommandThread [941] free one command
05-23 11:28:00.399   182   758 D use-Rlog/RLOG-RILC: [0] [0109]< DATA_REGISTRATION_STATE {1,247c,2cf8905,14,(null),3}
05-23 11:28:00.399   182   758 D use-Rlog/RLOG-RIL: [0] put Channel ID '2'
05-23 11:28:00.399   182   758 I use-Rlog/RLOG-RILC: [0] -->CommandThread [758] free one command
05-23 11:28:00.399   700   751 D RILJ    : sprdRil before responseOperatorString():response[0]= CHINA MOBILE response[1]= CMCC response[2]= 46000
05-23 11:28:00.399   700   700 D RILJ    : [0][3759]> QUERY_NETWORK_SELECTION_MODE
05-23 11:28:00.399   182   226 I use-Rlog/RLOG-RILC: [0] enter processCommandsCallback, socket type = 0
05-23 11:28:00.399   182   226 I use-Rlog/RLOG-RILC: [0] PCC  alloc one command p_record
05-23 11:28:00.399   182   941 D use-Rlog/RLOG-RILC: [0] PCB request code 20 token 110
05-23 11:28:00.399   182   941 D use-Rlog/RLOG-RILC: [0] [0110]> VOICE_REGISTRATION_STATE 
05-23 11:28:00.399   182   941 D use-Rlog/RLOG-RIL: [0] onRequest: VOICE_REGISTRATION_STATE sState=4
05-23 11:28:00.399   182   941 D use-Rlog/RLOG-RIL: [0] channel1 state: '0' 
05-23 11:28:00.399   182   941 D use-Rlog/RLOG-RIL: [0] get Channel ID '1'
05-23 11:28:00.399   182   941 D use-Rlog/RLOG-RIL: [0] ssda mode: tdd-csfb
05-23 11:28:00.399   182   941 D use-Rlog/RLOG-AT: [0] Channel1: AT> AT+CREG?
05-23 11:28:00.409   182   238 D use-Rlog/RLOG-AT: [0] Channel1: AT< +CREG: 2,1,"247C","02CF8905",7
05-23 11:28:00.409   182   238 D use-Rlog/RLOG-AT: [0] Channel1: AT< OK
05-23 11:28:00.409   182   941 D use-Rlog/RLOG-RILC: [0] [0110]< VOICE_REGISTRATION_STATE {1,247c,2cf8905,14,(null),(null),(null),0,(null),(null),(null),(null),(null),(null),(null)}
05-23 11:28:00.409   182   941 D use-Rlog/RLOG-RIL: [0] put Channel ID '1'
05-23 11:28:00.409   182   941 I use-Rlog/RLOG-RILC: [0] -->CommandThread [941] free one command
05-23 11:28:00.409   700   700 D RILJ    : SPRDRILOPERATOR
05-23 11:28:00.409   182   226 I use-Rlog/RLOG-RILC: [0] enter processCommandsCallback, socket type = 0
05-23 11:28:00.409   182   226 I use-Rlog/RLOG-RILC: [0] PCC  alloc one command p_record
05-23 11:28:00.409   182   758 D use-Rlog/RLOG-RILC: [0] PCB request code 45 token 111
05-23 11:28:00.409   182   758 D use-Rlog/RLOG-RILC: [0] [0111]> QUERY_NETWORK_SELECTION_MODE 
05-23 11:28:00.409   182   758 D use-Rlog/RLOG-RIL: [0] onRequest: QUERY_NETWORK_SELECTION_MODE sState=4
05-23 11:28:00.409   182   758 D use-Rlog/RLOG-RIL: [0] channel1 state: '0' 
05-23 11:28:00.409   182   758 D use-Rlog/RLOG-RIL: [0] get Channel ID '1'
05-23 11:28:00.409   182   758 D use-Rlog/RLOG-AT: [0] Channel1: AT> AT+COPS?
05-23 11:28:00.409   700   700 D RILJ    : [0][3760]> OPERATOR
05-23 11:28:00.409   700   700 D RILJ    : [0][3761]> DATA_REGISTRATION_STATE
05-23 11:28:00.409   182   226 I use-Rlog/RLOG-RILC: [0] enter processCommandsCallback, socket type = 0
05-23 11:28:00.409   182   226 I use-Rlog/RLOG-RILC: [0] PCC  alloc one command p_record
05-23 11:28:00.409   182   941 D use-Rlog/RLOG-RILC: [0] PCB request code 22 token 112
05-23 11:28:00.409   182   941 D use-Rlog/RLOG-RILC: [0] [0112]> OPERATOR 
05-23 11:28:00.409   182   941 D use-Rlog/RLOG-RIL: [0] onRequest: OPERATOR sState=4
05-23 11:28:00.409   182   941 D use-Rlog/RLOG-RIL: [0] channel2 state: '0' 
05-23 11:28:00.409   182   941 D use-Rlog/RLOG-RIL: [0] get Channel ID '2'
05-23 11:28:00.409   182   941 D use-Rlog/RLOG-AT: [0] Channel2: AT> AT+COPS=3,0;+COPS?;+COPS=3,1;+COPS?;+COPS=3,2;+COPS?
05-23 11:28:00.409   182   238 D use-Rlog/RLOG-AT: [0] Channel1: AT< +COPS: 0,2,"46000",7
05-23 11:28:00.409   182   238 D use-Rlog/RLOG-AT: [0] Channel1: AT< OK
05-23 11:28:00.409   182   758 D use-Rlog/RLOG-RILC: [0] [0111]< QUERY_NETWORK_SELECTION_MODE {0}
05-23 11:28:00.409   182   758 D use-Rlog/RLOG-RIL: [0] put Channel ID '1'
05-23 11:28:00.409   182   758 I use-Rlog/RLOG-RILC: [0] -->CommandThread [758] free one command
05-23 11:28:00.409   182   238 D use-Rlog/RLOG-AT: [0] Channel2: AT< +COPS: 0,0,"CHINA MOBILE",7
05-23 11:28:00.409   182   238 D use-Rlog/RLOG-AT: [0] Channel2: AT< +COPS: 0,1,"CMCC",7
05-23 11:28:00.409   182   238 D use-Rlog/RLOG-AT: [0] Channel2: AT< +COPS: 0,2,"46000",7
05-23 11:28:00.409   182   238 D use-Rlog/RLOG-AT: [0] Channel2: AT< OK
05-23 11:28:00.409   182   941 D use-Rlog/RLOG-RILC: [0] [0112]< OPERATOR {CHINA MOBILE,CMCC,46000}
05-23 11:28:00.409   182   941 D use-Rlog/RLOG-RIL: [0] put Channel ID '2'
05-23 11:28:00.409   182   941 I use-Rlog/RLOG-RILC: [0] -->CommandThread [941] free one command
05-23 11:28:00.409   182   226 I use-Rlog/RLOG-RILC: [0] enter processCommandsCallback, socket type = 0
05-23 11:28:00.409   182   226 I use-Rlog/RLOG-RILC: [0] PCC  alloc one command p_record
05-23 11:28:00.409   182   758 D use-Rlog/RLOG-RILC: [0] PCB request code 21 token 113
05-23 11:28:00.409   182   758 D use-Rlog/RLOG-RILC: [0] [0113]> DATA_REGISTRATION_STATE 
05-23 11:28:00.409   182   758 D use-Rlog/RLOG-RIL: [0] onRequest: DATA_REGISTRATION_STATE sState=4
05-23 11:28:00.409   182   758 D use-Rlog/RLOG-RIL: [0] channel1 state: '0' 
05-23 11:28:00.409   182   758 D use-Rlog/RLOG-RIL: [0] get Channel ID '1'
05-23 11:28:00.409   182   758 D use-Rlog/RLOG-RIL: [0] ssda mode: tdd-csfb
05-23 11:28:00.409   182   758 D use-Rlog/RLOG-AT: [0] Channel1: AT> AT+CEREG?
05-23 11:28:00.409   700   700 D RILJ    : [0][3762]> VOICE_REGISTRATION_STATE
05-23 11:28:00.409   182   238 D use-Rlog/RLOG-AT: [0] Channel1: AT< +CEREG: 2,1,"247C","02CF8905",7
05-23 11:28:00.409   182   238 D use-Rlog/RLOG-AT: [0] Channel1: AT< OK
05-23 11:28:00.409   182   758 D use-Rlog/RLOG-RILC: [0] [0113]< DATA_REGISTRATION_STATE {1,247c,2cf8905,14,(null),3}
05-23 11:28:00.409   182   758 D use-Rlog/RLOG-RIL: [0] put Channel ID '1'
05-23 11:28:00.409   182   758 I use-Rlog/RLOG-RILC: [0] -->CommandThread [758] free one command
05-23 11:28:00.419   700   700 D RILJ    : [0][3763]> QUERY_NETWORK_SELECTION_MODE
05-23 11:28:00.419   182   226 I use-Rlog/RLOG-RILC: [0] enter processCommandsCallback, socket type = 0
05-23 11:28:00.419   182   226 I use-Rlog/RLOG-RILC: [0] PCC  alloc one command p_record
05-23 11:28:00.419   182   941 D use-Rlog/RLOG-RILC: [0] PCB request code 20 token 114
05-23 11:28:00.419   182   941 D use-Rlog/RLOG-RILC: [0] [0114]> VOICE_REGISTRATION_STATE 
05-23 11:28:00.419   182   941 D use-Rlog/RLOG-RIL: [0] onRequest: VOICE_REGISTRATION_STATE sState=4
05-23 11:28:00.419   182   941 D use-Rlog/RLOG-RIL: [0] channel1 state: '0' 
05-23 11:28:00.419   182   941 D use-Rlog/RLOG-RIL: [0] get Channel ID '1'
05-23 11:28:00.419   182   941 D use-Rlog/RLOG-RIL: [0] ssda mode: tdd-csfb
05-23 11:28:00.419   182   941 D use-Rlog/RLOG-AT: [0] Channel1: AT> AT+CREG?
05-23 11:28:00.419   700   700 D RILJ    : SPRDRILOPERATOR
05-23 11:28:00.419   182   226 I use-Rlog/RLOG-RILC: [0] enter processCommandsCallback, socket type = 0
05-23 11:28:00.419   182   226 I use-Rlog/RLOG-RILC: [0] PCC  alloc one command p_record
05-23 11:28:00.419   182   758 D use-Rlog/RLOG-RILC: [0] PCB request code 45 token 115
05-23 11:28:00.419   182   758 D use-Rlog/RLOG-RILC: [0] [0115]> QUERY_NETWORK_SELECTION_MODE 
05-23 11:28:00.419   182   758 D use-Rlog/RLOG-RIL: [0] onRequest: QUERY_NETWORK_SELECTION_MODE sState=4
05-23 11:28:00.419   182   758 D use-Rlog/RLOG-RIL: [0] channel2 state: '0' 
05-23 11:28:00.419   182   758 D use-Rlog/RLOG-RIL: [0] get Channel ID '2'
05-23 11:28:00.419   182   758 D use-Rlog/RLOG-AT: [0] Channel2: AT> AT+COPS?
05-23 11:28:00.419   700   700 D RILJ    : [0][3764]> OPERATOR
05-23 11:28:00.419   182   238 D use-Rlog/RLOG-AT: [0] Channel1: AT< +CREG: 2,1,"247C","02CF8905",7
05-23 11:28:00.419   182   238 D use-Rlog/RLOG-AT: [0] Channel1: AT< OK
05-23 11:28:00.419   182   238 D use-Rlog/RLOG-AT: [0] Channel2: AT< +COPS: 0,2,"46000",7
05-23 11:28:00.419   182   238 D use-Rlog/RLOG-AT: [0] Channel2: AT< OK
05-23 11:28:00.419   182   941 D use-Rlog/RLOG-RILC: [0] [0114]< VOICE_REGISTRATION_STATE {1,247c,2cf8905,14,(null),(null),(null),0,(null),(null),(null),(null),(null),(null),(null)}
05-23 11:28:00.419   182   941 D use-Rlog/RLOG-RIL: [0] put Channel ID '1'
05-23 11:28:00.419   182   941 I use-Rlog/RLOG-RILC: [0] -->CommandThread [941] free one command
05-23 11:28:00.419   182   758 D use-Rlog/RLOG-RILC: [0] [0115]< QUERY_NETWORK_SELECTION_MODE {0}
05-23 11:28:00.419   182   758 D use-Rlog/RLOG-RIL: [0] put Channel ID '2'
05-23 11:28:00.419   182   758 I use-Rlog/RLOG-RILC: [0] -->CommandThread [758] free one command
05-23 11:28:00.419   700   700 D RILJ    : [0][3765]> DATA_REGISTRATION_STATE
05-23 11:28:00.419   182   226 I use-Rlog/RLOG-RILC: [0] enter processCommandsCallback, socket type = 0
05-23 11:28:00.419   182   226 I use-Rlog/RLOG-RILC: [0] PCC  alloc one command p_record
05-23 11:28:00.419   182   941 D use-Rlog/RLOG-RILC: [0] PCB request code 22 token 116
05-23 11:28:00.419   182   941 D use-Rlog/RLOG-RILC: [0] [0116]> OPERATOR 
05-23 11:28:00.419   182   941 D use-Rlog/RLOG-RIL: [0] onRequest: OPERATOR sState=4
05-23 11:28:00.419   182   941 D use-Rlog/RLOG-RIL: [0] channel1 state: '0' 
05-23 11:28:00.419   182   941 D use-Rlog/RLOG-RIL: [0] get Channel ID '1'
05-23 11:28:00.419   182   941 D use-Rlog/RLOG-AT: [0] Channel1: AT> AT+COPS=3,0;+COPS?;+COPS=3,1;+COPS?;+COPS=3,2;+COPS?
05-23 11:28:00.419   700   700 D RILJ    : [0][3766]> VOICE_REGISTRATION_STATE
05-23 11:28:00.419   182   226 I use-Rlog/RLOG-RILC: [0] enter processCommandsCallback, socket type = 0
05-23 11:28:00.419   182   226 I use-Rlog/RLOG-RILC: [0] PCC  alloc one command p_record
05-23 11:28:00.419   182   758 D use-Rlog/RLOG-RILC: [0] PCB request code 21 token 117
05-23 11:28:00.419   182   758 D use-Rlog/RLOG-RILC: [0] [0117]> DATA_REGISTRATION_STATE 
05-23 11:28:00.419   182   758 D use-Rlog/RLOG-RIL: [0] onRequest: DATA_REGISTRATION_STATE sState=4
05-23 11:28:00.419   182   758 D use-Rlog/RLOG-RIL: [0] channel2 state: '0' 
05-23 11:28:00.419   182   758 D use-Rlog/RLOG-RIL: [0] get Channel ID '2'
05-23 11:28:00.419   182   758 D use-Rlog/RLOG-RIL: [0] ssda mode: tdd-csfb
05-23 11:28:00.419   182   758 D use-Rlog/RLOG-AT: [0] Channel2: AT> AT+CEREG?
05-23 11:28:00.419   182   238 D use-Rlog/RLOG-AT: [0] Channel1: AT< +COPS: 0,0,"CHINA MOBILE",7
05-23 11:28:00.419   182   238 D use-Rlog/RLOG-AT: [0] Channel1: AT< +COPS: 0,1,"CMCC",7
05-23 11:28:00.419   182   238 D use-Rlog/RLOG-AT: [0] Channel1: AT< +COPS: 0,2,"46000",7
05-23 11:28:00.419   182   238 D use-Rlog/RLOG-AT: [0] Channel1: AT< OK
05-23 11:28:00.419   182   941 D use-Rlog/RLOG-RILC: [0] [0116]< OPERATOR {CHINA MOBILE,CMCC,46000}
05-23 11:28:00.419   182   941 D use-Rlog/RLOG-RIL: [0] put Channel ID '1'
05-23 11:28:00.419   182   941 I use-Rlog/RLOG-RILC: [0] -->CommandThread [941] free one command
05-23 11:28:00.419   182   238 D use-Rlog/RLOG-AT: [0] Channel2: AT< +CEREG: 2,1,"247C","02CF8905",7
05-23 11:28:00.419   182   238 D use-Rlog/RLOG-AT: [0] Channel2: AT< OK
05-23 11:28:00.419   182   758 D use-Rlog/RLOG-RILC: [0] [0117]< DATA_REGISTRATION_STATE {1,247c,2cf8905,14,(null),3}
05-23 11:28:00.419   182   758 D use-Rlog/RLOG-RIL: [0] put Channel ID '2'
05-23 11:28:00.419   182   758 I use-Rlog/RLOG-RILC: [0] -->CommandThread [758] free one command
05-23 11:28:00.419   700   700 D RILJ    : [0][3767]> QUERY_NETWORK_SELECTION_MODE
05-23 11:28:00.419   182   226 I use-Rlog/RLOG-RILC: [0] enter processCommandsCallback, socket type = 0
05-23 11:28:00.419   182   226 I use-Rlog/RLOG-RILC: [0] PCC  alloc one command p_record
05-23 11:28:00.419   182   941 D use-Rlog/RLOG-RILC: [0] PCB request code 20 token 118
05-23 11:28:00.419   182   941 D use-Rlog/RLOG-RILC: [0] [0118]> VOICE_REGISTRATION_STATE 
05-23 11:28:00.419   182   941 D use-Rlog/RLOG-RIL: [0] onRequest: VOICE_REGISTRATION_STATE sState=4
05-23 11:28:00.419   182   941 D use-Rlog/RLOG-RIL: [0] channel1 state: '0' 
05-23 11:28:00.419   182   941 D use-Rlog/RLOG-RIL: [0] get Channel ID '1'
05-23 11:28:00.419   182   941 D use-Rlog/RLOG-RIL: [0] ssda mode: tdd-csfb
05-23 11:28:00.419   182   941 D use-Rlog/RLOG-AT: [0] Channel1: AT> AT+CREG?
05-23 11:28:00.429   182   238 D use-Rlog/RLOG-AT: [0] Channel1: AT< +CREG: 2,1,"247C","02CF8905",7
05-23 11:28:00.429   182   238 D use-Rlog/RLOG-AT: [0] Channel1: AT< OK
05-23 11:28:00.429   182   941 D use-Rlog/RLOG-RILC: [0] [0118]< VOICE_REGISTRATION_STATE {1,247c,2cf8905,14,(null),(null),(null),0,(null),(null),(null),(null),(null),(null),(null)}
05-23 11:28:00.429   182   941 D use-Rlog/RLOG-RIL: [0] put Channel ID '1'
05-23 11:28:00.429   182   941 I use-Rlog/RLOG-RILC: [0] -->CommandThread [941] free one command
05-23 11:28:00.429   700   700 D GsmSST  : [GsmSST-phoneId0] NITZ: 18/05/23,03:28:00+32,0,60881 start=61862 delay=981
05-23 11:28:00.429   182   226 I use-Rlog/RLOG-RILC: [0] enter processCommandsCallback, socket type = 0
05-23 11:28:00.429   182   226 I use-Rlog/RLOG-RILC: [0] PCC  alloc one command p_record
05-23 11:28:00.429   182   758 D use-Rlog/RLOG-RILC: [0] PCB request code 45 token 119
05-23 11:28:00.429   182   758 D use-Rlog/RLOG-RILC: [0] [0119]> QUERY_NETWORK_SELECTION_MODE 
05-23 11:28:00.429   182   758 D use-Rlog/RLOG-RIL: [0] onRequest: QUERY_NETWORK_SELECTION_MODE sState=4
05-23 11:28:00.429   182   758 D use-Rlog/RLOG-RIL: [0] channel1 state: '0' 
05-23 11:28:00.429   182   758 D use-Rlog/RLOG-RIL: [0] get Channel ID '1'
05-23 11:28:00.429   182   758 D use-Rlog/RLOG-AT: [0] Channel1: AT> AT+COPS?
05-23 11:28:00.429   700   700 D GsmSST  : [GsmSST-phoneId0] sign = true; tzOffset = 32; dst = 0
05-23 11:28:00.429   700   700 D GsmSST  : [GsmSST-phoneId0] iso = 
05-23 11:28:00.429   700   751 D RILJ    : after responseOperatorString():response[0]response[1]=response[2]=46000
05-23 11:28:00.429   700   751 D RILJ    : [0][3756]< OPERATOR {, , 46000}
05-23 11:28:00.429   700   751 D RILJ    : [0]SprdRIL:processSolicited: [3756]< send result: 6
05-23 11:28:00.429   700   751 D RILJ    : [0][3757]< DATA_REGISTRATION_STATE {1, 247c, 2cf8905, 14, null, 3}
05-23 11:28:00.429   700   751 D RILJ    : [0][3758]< VOICE_REGISTRATION_STATE {1, 247c, 2cf8905, 14, null, null, null, 0, null, null, null, null, null, null, null}
05-23 11:28:00.429   182   238 D use-Rlog/RLOG-AT: [0] Channel1: AT< +COPS: 0,2,"46000",7
05-23 11:28:00.429   182   238 D use-Rlog/RLOG-AT: [0] Channel1: AT< OK
05-23 11:28:00.429   182   758 D use-Rlog/RLOG-RILC: [0] [0119]< QUERY_NETWORK_SELECTION_MODE {0}
05-23 11:28:00.429   182   758 D use-Rlog/RLOG-RIL: [0] put Channel ID '1'
05-23 11:28:00.429   182   758 I use-Rlog/RLOG-RILC: [0] -->CommandThread [758] free one command
05-23 11:28:00.429   700   700 D GsmSST  : [GsmSST-phoneId0] NITZ: Setting time of day to Wed May 23 11:28:00 GMT+08:00 2018 NITZ receive delay(ms): 987 gained(ms): 544 from 18/05/23,03:28:00+32,0
05-23 11:28:00.429   700   700 D GsmSST  : [GsmSST-phoneId0] setAndBroadcastNetworkSetTime: time=1527046080987ms
05-23 11:28:00.987   700   751 D RILJ    : [0][3759]< QUERY_NETWORK_SELECTION_MODE {0}
05-23 11:28:00.987   700   751 D RILJ    : sprdRil before responseOperatorString():response[0]= CHINA MOBILE response[1]= CMCC response[2]= 46000
05-23 11:28:01.007   700   751 D RILJ    : after responseOperatorString():response[0]response[1]=response[2]=46000
05-23 11:28:01.007   700   751 D RILJ    : [0][3760]< OPERATOR {, , 46000}
05-23 11:28:01.007   700   751 D RILJ    : [0]SprdRIL:processSolicited: [3760]< send result: 6
05-23 11:28:01.007   700   751 D RILJ    : [0][3761]< DATA_REGISTRATION_STATE {1, 247c, 2cf8905, 14, null, 3}
05-23 11:28:01.007   700   751 D RILJ    : [0][3762]< VOICE_REGISTRATION_STATE {1, 247c, 2cf8905, 14, null, null, null, 0, null, null, null, null, null, null, null}
05-23 11:28:01.007   700   751 D RILJ    : [0][3763]< QUERY_NETWORK_SELECTION_MODE {0}
05-23 11:28:01.007   700   751 D RILJ    : sprdRil before responseOperatorString():response[0]= CHINA MOBILE response[1]= CMCC response[2]= 46000
05-23 11:28:01.057   700   751 D RILJ    : after responseOperatorString():response[0]response[1]=response[2]=46000
05-23 11:28:01.057   700   751 D RILJ    : [0][3764]< OPERATOR {, , 46000}
05-23 11:28:01.057   700   751 D RILJ    : [0]SprdRIL:processSolicited: [3764]< send result: 6
05-23 11:28:01.057   700   751 D RILJ    : [0][3765]< DATA_REGISTRATION_STATE {1, 247c, 2cf8905, 14, null, 3}
05-23 11:28:01.057   700   751 D RILJ    : [0][3766]< VOICE_REGISTRATION_STATE {1, 247c, 2cf8905, 14, null, null, null, 0, null, null, null, null, null, null, null}
05-23 11:28:01.057   700   751 D RILJ    : [0][3767]< QUERY_NETWORK_SELECTION_MODE {0}
05-23 11:28:01.137   700   700 I GsmSST  : NITZ: after Setting time of day
05-23 11:28:01.187   671   671 W SignalStrength: getLTELevel - rsrp:2147483647 snr:2147483647 rsrpIconLevel:-1 snrIconLevel:-1
05-23 11:28:01.187   671   671 W SignalStrength: getLTELevel - rssi:99 rssiIconLevel:0
05-23 11:28:01.197   671   671 W SignalStrength: getLTELevel - rsrp:2147483647 snr:2147483647 rsrpIconLevel:-1 snrIconLevel:-1
05-23 11:28:01.197   671   671 W SignalStrength: getLTELevel - rssi:99 rssiIconLevel:0
05-23 11:28:01.197   671   671 W SignalStrength: getGsmLevel=0
05-23 11:28:01.197   671   671 W SignalStrength: getLevel=0
05-23 11:28:01.237   925   958 W SignalStrength: Size of signalstrength parcel:168
05-23 11:28:01.237   925   958 W SignalStrength: Size of signalstrength parcel:168
05-23 11:28:01.247   925   958 W SignalStrength: Size of signalstrength parcel:168
05-23 11:28:01.247   925   958 W SignalStrength: Size of signalstrength parcel:168
05-23 11:28:01.247   925   958 W SignalStrength: Size of signalstrength parcel:168
05-23 11:28:01.247   671   671 W SignalStrength: getLTELevel - rsrp:2147483647 snr:2147483647 rsrpIconLevel:-1 snrIconLevel:-1
05-23 11:28:01.247   671   671 W SignalStrength: getLTELevel - rssi:99 rssiIconLevel:0
05-23 11:28:01.247   671   671 W SignalStrength: getGsmLevel=0
05-23 11:28:01.247   671   671 W SignalStrength: getLevel=0
05-23 11:28:01.257   925   958 W SignalStrength: Size of signalstrength parcel:168
05-23 11:28:01.487   700   700 D PHONE   : [ServiceState] setDataRegState=0
05-23 11:28:01.487   700   700 D PHONE   : [ServiceState] setDataRadioTechnology=14
05-23 11:28:01.487   700   700 D GsmSST  : [GsmSST-phoneId0] handlPollStateResultMessage: GsmSST setDataRegState=0 regState=1 dataRadioTechnology=14
05-23 11:28:01.487   700   700 D PHONE   : [ServiceState] setVoiceRegState=0
05-23 11:28:01.487   700   700 E PHONE   : [ServiceState] setState deprecated use setVoiceRegState()
05-23 11:28:01.487   700   700 D GsmSST  : [GsmSST-phoneId0] Poll ServiceState done:  oldSS=[1 1 home null null null  Unknown Unknown CSS not supported -1 -1 RoamInd=-1 DefRoamInd=-1 EmergOnly=false mImsRegistration = false mSrvccState = -1] newSS=[0 0 home China Mobile China Mobile 46000  LTE LTE CSS not supported -1 -1 RoamInd=-1 DefRoamInd=-1 EmergOnly=false mImsRegistration = false mSrvccState = -1] oldMaxDataCalls=3 mNewMaxDataCalls=3 oldReasonDataDenied=-1 mNewReasonDataDenied=-1
05-23 11:28:01.487   700   700 D GsmSST  : [GsmSST-phoneId0] RAT switched Unknown -> LTE at cell 47155461
05-23 11:28:01.487   700   700 D PHONE   : [ServiceState] setNullState=1
05-23 11:28:01.487   700   700 D PhoneProxy: [PhoneProxy] updatePhoneObject: radioTechnology=14
05-23 11:28:01.487   700   700 D PhoneFactory: setSystemProperty >>>>>>  value = LTE
05-23 11:28:01.497   700   700 D GsmSST  : [GsmSST-phoneId0] pollStateDone: registering current mNitzUpdatedTime=true changing to false
05-23 11:28:01.497   700   700 D GsmSST  : [GsmSST-phoneId0] Didn't get pnn from sim, try ons next. ONS = null
05-23 11:28:01.497   700   700 D PhoneFactory: setSystemProperty >>>>>>  value = China Mobile
05-23 11:28:01.497   700   700 D PhoneFactory: setSystemProperty >>>>>>  value = 46000
05-23 11:28:02.768   700   700 D GsmSST  : [GsmSST-phoneId0] Poll ServiceState done: iso=cn, mcc = 460
05-23 11:28:02.768   700   700 D GsmSST  : [GsmSST-phoneId0] isNeedSwitchRadioCap new iso: cn
