05-23 11:27:51.783   182   226 I use-Rlog/RLOG-RILC: [0] enter processCommandsCallback, socket type = 0
05-23 11:27:51.783   182   239 D use-Rlog/RLOG-RILC: [0] PCB request code 42 token 18
05-23 11:27:51.783   182   239 D use-Rlog/RLOG-RILC: [0] [0018]> QUERY_FACILITY_LOCK (FD,,7,(null))
05-23 11:27:51.783   182   239 D use-Rlog/RLOG-RIL: [0] onRequest: QUERY_FACILITY_LOCK sState=0
05-23 11:27:51.783   182   239 D use-Rlog/RLOG-RIL: [0] channel1 state: '0' 
05-23 11:27:51.783   182   239 D use-Rlog/RLOG-RIL: [0] get Channel ID '1'
05-23 11:27:51.783   182   239 E use-Rlog/RLOG-RIL: [0] type = FD 
05-23 11:27:51.783   182   239 D use-Rlog/RLOG-RIL: [0] requestFacilityLock: AT+CLCK="FD",2,"",7
05-23 11:27:51.783   182   239 D use-Rlog/RLOG-AT: [0] Channel1: AT> AT+CLCK="FD",2,"",7
05-23 11:27:51.783   700   700 D RILJ    : [0][3667]> QUERY_FACILITY_LOCK [SC 7 null]
05-23 11:27:51.783   182   238 D use-Rlog/RLOG-AT: [0] Channel1: AT< +CLCK: 0
05-23 11:27:51.783   182   238 D use-Rlog/RLOG-AT: [0] Channel1: AT< OK
05-23 11:27:51.783   182   239 D use-Rlog/RLOG-RILC: [0] [0018]< QUERY_FACILITY_LOCK {0,7}
05-23 11:27:51.783   182   239 D use-Rlog/RLOG-RIL: [0] put Channel ID '1'
05-23 11:27:51.783   182   239 I use-Rlog/RLOG-RILC: [0] -->slowDispatch [239] free one command
05-23 11:27:51.783   700   751 D RILJ    : [0][3666]< QUERY_FACILITY_LOCK {0, 7}
05-23 11:27:51.783   182   226 I use-Rlog/RLOG-RILC: [0] enter processCommandsCallback, socket type = 0
05-23 11:27:51.783   182   226 I use-Rlog/RLOG-RILC: [0] enter processCommandsCallback, socket type = 0
05-23 11:27:51.783   182   239 D use-Rlog/RLOG-RILC: [0] PCB request code 42 token 19
05-23 11:27:51.783   182   239 D use-Rlog/RLOG-RILC: [0] [0019]> QUERY_FACILITY_LOCK (SC,,7,(null))
05-23 11:27:51.783   182   239 D use-Rlog/RLOG-RIL: [0] onRequest: QUERY_FACILITY_LOCK sState=0
05-23 11:27:51.783   182   239 D use-Rlog/RLOG-RIL: [0] channel1 state: '0' 
05-23 11:27:51.783   182   239 D use-Rlog/RLOG-RIL: [0] get Channel ID '1'
05-23 11:27:51.783   182   239 E use-Rlog/RLOG-RIL: [0] type = SC 
05-23 11:27:51.783   182   239 D use-Rlog/RLOG-RIL: [0] requestFacilityLock: AT+CLCK="SC",2,"",7
05-23 11:27:51.783   182   239 D use-Rlog/RLOG-AT: [0] Channel1: AT> AT+CLCK="SC",2,"",7
05-23 11:27:51.793   182   238 D use-Rlog/RLOG-AT: [0] Channel1: AT< +CLCK: 0
05-23 11:27:51.793   182   238 D use-Rlog/RLOG-AT: [0] Channel1: AT< OK
05-23 11:27:51.793   182   239 D use-Rlog/RLOG-RILC: [0] [0019]< QUERY_FACILITY_LOCK {0,7}
05-23 11:27:51.793   182   239 D use-Rlog/RLOG-RIL: [0] put Channel ID '1'
05-23 11:27:51.793   182   239 I use-Rlog/RLOG-RILC: [0] -->slowDispatch [239] free one command
05-23 11:27:51.793   700   751 D RILJ    : [0][3667]< QUERY_FACILITY_LOCK {0, 7}
05-23 11:27:51.793   700   700 D CAT     : StkServiceProxy: getInstance  phoneId = 0
05-23 11:27:51.793   700   700 D CAT     : StkServiceProxy: CatServiceSprd.getInstance
05-23 11:27:51.803   700   700 D CAT     : CatService: registerForRecordsLoaded slotid=0 instance:Handler (com.android.internal.telephony.cat.CatService) {42338080}
05-23 11:27:51.813   700   700 D CAT     : CatService: Running CAT service on Slotid: 0. STK app installed:true
05-23 11:27:51.813   700   700 E UiccCard: App index 8 is invalid since there are no applications
05-23 11:27:51.813   700   700 E UiccCard: App index 8 is invalid since there are no applications
05-23 11:27:51.813   700   700 D UiccCard: update: radioState=RADIO_OFF mLastRadioState=RADIO_UNAVAILABLE
05-23 11:27:51.813   700   700 D UiccController: [0]Notifying IccChangedRegistrants
05-23 11:27:52.183   700   700 D UiccController: [1]Received EVENT_GET_ICC_STATUS_DONE
05-23 11:27:52.183   700   700 D UiccCard: Creating
05-23 11:27:52.183   700   700 D UiccCard: update : phoneId = 1 mCardState = CARDSTATE_ABSENT oldState = CARDSTATE_ABSENT
05-23 11:27:52.183   700   700 D UiccCard: 0 applications
05-23 11:27:52.183   700   700 E UiccCard: App index 8 is invalid since there are no applications
05-23 11:27:52.183   700   700 E UiccCard: App index 8 is invalid since there are no applications
05-23 11:27:52.183   700   700 E UiccCard: App index 8 is invalid since there are no applications
05-23 11:27:52.183   700   700 D UiccCard: update: radioState=RADIO_OFF mLastRadioState=RADIO_UNAVAILABLE
05-23 11:27:52.183   700   700 D UiccController: [1]Notifying IccChangedRegistrants
05-23 11:27:52.183   700   700 D DCT     : [DcT(1)] handleMessage msg={ when=-4s655ms what=270369 obj=android.os.AsyncResult@422e6fc8 target=com.android.internal.telephony.dataconnection.MsmsDcTracker }
05-23 11:27:52.183   700   700 D DCT     : [DcT(1)] handleMessage msg={ when=-4s655ms what=270369 obj=android.os.AsyncResult@422e6fc8 target=com.android.internal.telephony.dataconnection.MsmsDcTracker }
05-23 11:27:52.183   700   700 D IccCardProxy: [1]Icc changed. Reregestering.
05-23 11:27:52.183   700   700 D UiccCard: registerForAbsent : mCardState = CARDSTATE_ABSENT phoneId = 1
05-23 11:27:52.183   700   700 D IccCardProxy: [1]updateExternalState : mRadioOn = false
05-23 11:27:52.183   700   700 D IccCardProxy: [1] phoneid 1 misFirstStarttrue
05-23 11:27:52.183   700   700 D UiccController: [1]Received EVENT_GET_ICC_STATUS_DONE
05-23 11:27:52.183   700   700 D UiccCard: update : phoneId = 1 mCardState = CARDSTATE_ABSENT oldState = CARDSTATE_ABSENT
05-23 11:27:52.183   700   700 D UiccCard: 0 applications
05-23 11:27:52.183   700   700 E UiccCard: App index 8 is invalid since there are no applications
05-23 11:27:52.183   700   700 E UiccCard: App index 8 is invalid since there are no applications
05-23 11:27:52.183   700   700 E UiccCard: App index 8 is invalid since there are no applications
05-23 11:27:52.183   700   700 D UiccCard: update: radioState=RADIO_OFF mLastRadioState=RADIO_OFF
05-23 11:27:52.183   700   700 D UiccController: [1]Notifying IccChangedRegistrants
05-23 11:27:52.183   700   700 D UiccController: [0]Received EVENT_GET_ICC_STATUS_DONE
05-23 11:27:52.183   700   700 D UiccController: [0]onGetIccCardStatusDone : appStatus[0].app_state = APPSTATE_READY
05-23 11:27:52.183   700   700 D UiccCard: update : phoneId = 0 mCardState = CARDSTATE_PRESENT oldState = CARDSTATE_PRESENT
05-23 11:27:52.183   700   700 D UiccCard: 1 applications
05-23 11:27:52.183   700   700 D UiccCardApplication: APPTYPE_USIM update. New {APPTYPE_USIM,APPSTATE_READY,pin1=PINSTATE_UNKNOWN,pin2=PINSTATE_UNKNOWN}
05-23 11:27:52.183   700   700 D RILJ    : [0][3668]> QUERY_FACILITY_LOCK [FD 7 null]
05-23 11:27:52.193   182   226 I use-Rlog/RLOG-RILC: [0] enter processCommandsCallback, socket type = 0
05-23 11:27:52.193   182   226 I use-Rlog/RLOG-RILC: [0] enter processCommandsCallback, socket type = 0
05-23 11:27:52.193   182   239 D use-Rlog/RLOG-RILC: [0] PCB request code 42 token 20
05-23 11:27:52.193   182   239 D use-Rlog/RLOG-RILC: [0] [0020]> QUERY_FACILITY_LOCK (FD,,7,(null))
05-23 11:27:52.193   182   239 D use-Rlog/RLOG-RIL: [0] onRequest: QUERY_FACILITY_LOCK sState=0
05-23 11:27:52.193   182   239 D use-Rlog/RLOG-RIL: [0] channel1 state: '0' 
05-23 11:27:52.193   182   239 D use-Rlog/RLOG-RIL: [0] get Channel ID '1'
05-23 11:27:52.193   182   239 E use-Rlog/RLOG-RIL: [0] type = FD 
05-23 11:27:52.193   182   239 D use-Rlog/RLOG-RIL: [0] requestFacilityLock: AT+CLCK="FD",2,"",7
05-23 11:27:52.193   182   239 D use-Rlog/RLOG-AT: [0] Channel1: AT> AT+CLCK="FD",2,"",7
05-23 11:27:52.193   700   700 D RILJ    : [0][3669]> QUERY_FACILITY_LOCK [SC 7 null]
05-23 11:27:52.193   182   238 D use-Rlog/RLOG-AT: [0] Channel1: AT< +CLCK: 0
05-23 11:27:52.193   182   238 D use-Rlog/RLOG-AT: [0] Channel1: AT< OK
05-23 11:27:52.203   182   239 D use-Rlog/RLOG-RILC: [0] [0020]< QUERY_FACILITY_LOCK {0,7}
05-23 11:27:52.203   182   239 D use-Rlog/RLOG-RIL: [0] put Channel ID '1'
05-23 11:27:52.203   182   239 I use-Rlog/RLOG-RILC: [0] -->slowDispatch [239] free one command
05-23 11:27:52.203   700   751 D RILJ    : [0][3668]< QUERY_FACILITY_LOCK {0, 7}
05-23 11:27:52.203   182   226 I use-Rlog/RLOG-RILC: [0] enter processCommandsCallback, socket type = 0
05-23 11:27:52.203   182   226 I use-Rlog/RLOG-RILC: [0] enter processCommandsCallback, socket type = 0
05-23 11:27:52.203   182   239 D use-Rlog/RLOG-RILC: [0] PCB request code 42 token 21
05-23 11:27:52.203   182   239 D use-Rlog/RLOG-RILC: [0] [0021]> QUERY_FACILITY_LOCK (SC,,7,(null))
05-23 11:27:52.203   182   239 D use-Rlog/RLOG-RIL: [0] onRequest: QUERY_FACILITY_LOCK sState=0
05-23 11:27:52.203   182   239 D use-Rlog/RLOG-RIL: [0] channel1 state: '0' 
05-23 11:27:52.203   182   239 D use-Rlog/RLOG-RIL: [0] get Channel ID '1'
05-23 11:27:52.203   182   239 E use-Rlog/RLOG-RIL: [0] type = SC 
05-23 11:27:52.203   182   239 D use-Rlog/RLOG-RIL: [0] requestFacilityLock: AT+CLCK="SC",2,"",7
05-23 11:27:52.203   182   239 D use-Rlog/RLOG-AT: [0] Channel1: AT> AT+CLCK="SC",2,"",7
05-23 11:27:52.203   700   700 D CAT     : StkServiceProxy: getInstance  phoneId = 0
05-23 11:27:52.203   700   700 D CAT     : StkServiceProxy: CatServiceSprd.update
05-23 11:27:52.203   700   700 E UiccCard: App index 8 is invalid since there are no applications
05-23 11:27:52.203   700   700 E UiccCard: App index 8 is invalid since there are no applications
05-23 11:27:52.203   700   700 D UiccCard: update: radioState=RADIO_OFF mLastRadioState=RADIO_OFF
05-23 11:27:52.203   700   700 D UiccController: [0]Notifying IccChangedRegistrants
05-23 11:27:52.203   700   700 D CallManager:  handleMessage (EVENT_SERVICE_STATE_CHANGED)
05-23 11:27:52.203   182   238 D use-Rlog/RLOG-AT: [0] Channel1: AT< +CLCK: 0
05-23 11:27:52.203   182   238 D use-Rlog/RLOG-AT: [0] Channel1: AT< OK
05-23 11:27:52.203   182   239 D use-Rlog/RLOG-RILC: [0] [0021]< QUERY_FACILITY_LOCK {0,7}
05-23 11:27:52.203   182   239 D use-Rlog/RLOG-RIL: [0] put Channel ID '1'
05-23 11:27:52.203   182   239 I use-Rlog/RLOG-RILC: [0] -->slowDispatch [239] free one command
05-23 11:27:52.203   700   751 D RILJ    : [0][3669]< QUERY_FACILITY_LOCK {0, 7}
05-23 11:27:52.243   700   700 D DCT     : [DcT(0)] handleMessage msg={ when=-4s338ms what=270439 obj=android.os.AsyncResult@422ee760 target=com.android.internal.telephony.dataconnection.MsmsDcTracker }
05-23 11:27:52.243   700   700 D DCT     : [DcT(0)] handleMessage msg={ when=-4s339ms what=270439 obj=android.os.AsyncResult@422ee760 target=com.android.internal.telephony.dataconnection.MsmsDcTracker }
05-23 11:27:52.243   700   700 D DCT     : [DcT(0)] EVENT_DATA_RAT_CHANGED
05-23 11:27:52.253   700   700 D DCT     : [DcT(0)] onReceive: action=android.intent.action.BATTERY_CHANGED
05-23 11:27:52.253   700   700 D DCT     : [DcT(1)] onReceive: action=android.intent.action.BATTERY_CHANGED
05-23 11:27:52.333   700   700 D GSMPhone: Baseband version: FM_BASE_15C_PIKEL_W17.39.2_P1|sc9820_modem|10-02-2017 20:44:23
05-23 11:27:52.333   700   700 D PhoneFactory: setSystemProperty >>>>>>  value = FM_BASE_15C_PIKEL_W17.39.2_P1|sc9820_modem|10-02-2017 20:44:23
05-23 11:27:52.383   700   700 D DCT     : [DcT(0)] getDataOnRoamingEnabled, settingValue: 0
05-23 11:27:52.383   700   700 D DCT     : [DcT(0)] isDataRoamingEnabled=false
05-23 11:27:52.383   700   700 D DCT     : [DcT(0)] getDataOnRoamingEnabled, settingValue: 0
05-23 11:27:52.383   700   700 D DCT     : [DcT(0)] isDataRoamingEnabled=false
05-23 11:27:52.383   700   700 D DCT     : [DcT(0)] getDataOnRoamingEnabled, settingValue: 0
05-23 11:27:52.393   700   700 D DCT     : [DcT(0)] isDataRoamingEnabled=false
05-23 11:27:52.393   700   700 D DCT     : [DcT(0)] getDataOnRoamingEnabled, settingValue: 0
05-23 11:27:52.393   700   700 D DCT     : [DcT(0)] isDataRoamingEnabled=false
05-23 11:27:52.393   700   700 D DCT     : [DcT(0)] getDataOnRoamingEnabled, settingValue: 0
05-23 11:27:52.393   700   700 D DCT     : [DcT(0)] isDataRoamingEnabled=false
05-23 11:27:52.403   700   700 D DCT     : [DcT(0)] getDataOnRoamingEnabled, settingValue: 0
05-23 11:27:52.403   700   700 D DCT     : [DcT(0)] isDataRoamingEnabled=false
05-23 11:27:52.423   700   700 D DCT     : [DcT(0)] getDataOnRoamingEnabled, settingValue: 0
05-23 11:27:52.423   700   700 D DCT     : [DcT(0)] isDataRoamingEnabled=false
05-23 11:27:52.423   700   700 D DCT     : [DcT(0)] getDataOnRoamingEnabled, settingValue: 0
05-23 11:27:52.423   700   700 D DCT     : [DcT(0)] isDataRoamingEnabled=false
05-23 11:27:52.423   700   700 D DCT     : [DcT(0)] getDataOnRoamingEnabled, settingValue: 0
05-23 11:27:52.423   700   700 D DCT     : [DcT(0)] isDataRoamingEnabled=false
05-23 11:27:52.433   700   700 D DCT     : [DcT(0)] getDataOnRoamingEnabled, settingValue: 0
05-23 11:27:52.433   700   700 D DCT     : [DcT(0)] isDataRoamingEnabled=false
05-23 11:27:52.433   700   700 D DCT     : [DcT(0)] getDataOnRoamingEnabled, settingValue: 0
05-23 11:27:52.433   700   700 D DCT     : [DcT(0)] isDataRoamingEnabled=false
05-23 11:27:52.433   700   700 D DCT     : [DcT(0)] getDataOnRoamingEnabled, settingValue: 0
05-23 11:27:52.433   700   700 D DCT     : [DcT(0)] isDataRoamingEnabled=false
05-23 11:27:52.433   700   700 D DCT     : [DcT(0)] getDataOnRoamingEnabled, settingValue: 0
05-23 11:27:52.433   700   700 D DCT     : [DcT(0)] isDataRoamingEnabled=false
05-23 11:27:52.433   700   700 D DCT     : [DcT(0)] getDataOnRoamingEnabled, settingValue: 0
05-23 11:27:52.433   700   700 D DCT     : [DcT(0)] isDataRoamingEnabled=false
05-23 11:27:52.443   700   700 D DCT     : [DcT(0)] getDataOnRoamingEnabled, settingValue: 0
05-23 11:27:52.443   700   700 D DCT     : [DcT(0)] isDataRoamingEnabled=false
05-23 11:27:52.443   700   700 D DCT     : [DcT(0)] getDataOnRoamingEnabled, settingValue: 0
05-23 11:27:52.443   700   700 D DCT     : [DcT(0)] isDataRoamingEnabled=false
05-23 11:27:52.443   700   700 D DCT     : [DcT(0)] getDataOnRoamingEnabled, settingValue: 0
05-23 11:27:52.443   700   700 D DCT     : [DcT(0)] isDataRoamingEnabled=false
05-23 11:27:52.453   700   700 D DCT     : [DcT(0)] getDataOnRoamingEnabled, settingValue: 0
05-23 11:27:52.453   700   700 D DCT     : [DcT(0)] isDataRoamingEnabled=false
05-23 11:27:52.453   700   700 D DCT     : [DcT(0)] getDataOnRoamingEnabled, settingValue: 0
05-23 11:27:52.453   700   700 D DCT     : [DcT(0)] isDataRoamingEnabled=false
05-23 11:27:52.453   700   700 D DCT     : [DcT(0)] getDataOnRoamingEnabled, settingValue: 0
05-23 11:27:52.453   700   700 D DCT     : [DcT(0)] isDataRoamingEnabled=false
05-23 11:27:52.453   700   700 D DCT     : [DcT(0)] getDataOnRoamingEnabled, settingValue: 0
05-23 11:27:52.453   700   700 D DCT     : [DcT(0)] isDataRoamingEnabled=false
05-23 11:27:52.463   700   700 D DCT     : [DcT(0)] getDataOnRoamingEnabled, settingValue: 0
05-23 11:27:52.463   700   700 D DCT     : [DcT(0)] isDataRoamingEnabled=false
05-23 11:27:52.463   700   700 D DCT     : [DcT(0)] getDataOnRoamingEnabled, settingValue: 0
05-23 11:27:52.463   700   700 D DCT     : [DcT(0)] isDataRoamingEnabled=false
05-23 11:27:52.463   700   700 D DCT     : [DcT(0)] getDataOnRoamingEnabled, settingValue: 0
05-23 11:27:52.463   700   700 D DCT     : [DcT(0)] isDataRoamingEnabled=false
05-23 11:27:52.463   700   700 D DCT     : [DcT(0)] getDataOnRoamingEnabled, settingValue: 0
05-23 11:27:52.463   700   700 D DCT     : [DcT(0)] isDataRoamingEnabled=false
05-23 11:27:52.473   700   700 D DCT     : [DcT(0)] getDataOnRoamingEnabled, settingValue: 0
05-23 11:27:52.473   700   700 D DCT     : [DcT(0)] isDataRoamingEnabled=false
05-23 11:27:52.473   700   700 D DCT     : [DcT(0)] getDataOnRoamingEnabled, settingValue: 0
05-23 11:27:52.473   700   700 D DCT     : [DcT(0)] isDataRoamingEnabled=false
05-23 11:27:52.473   700   700 D DCT     : [DcT(0)] getDataOnRoamingEnabled, settingValue: 0
05-23 11:27:52.473   700   700 D DCT     : [DcT(0)] isDataRoamingEnabled=false
05-23 11:27:52.473   700   700 D DCT     : [DcT(0)] getDataOnRoamingEnabled, settingValue: 0
05-23 11:27:52.473   700   700 D DCT     : [DcT(0)] isDataRoamingEnabled=false
05-23 11:27:52.473   700   700 D DCT     : [DcT(0)] getDataOnRoamingEnabled, settingValue: 0
05-23 11:27:52.473   700   700 D DCT     : [DcT(0)] isDataRoamingEnabled=false
05-23 11:27:52.483   700   700 D DCT     : [DcT(0)] getDataOnRoamingEnabled, settingValue: 0
05-23 11:27:52.483   700   700 D DCT     : [DcT(0)] isDataRoamingEnabled=false
05-23 11:27:52.483   700   700 D DCT     : [DcT(0)] getDataOnRoamingEnabled, settingValue: 0
05-23 11:27:52.483   700   700 D DCT     : [DcT(0)] isDataRoamingEnabled=false
05-23 11:27:52.483   700   700 D DCT     : [DcT(0)] getDataOnRoamingEnabled, settingValue: 0
05-23 11:27:52.483   700   700 D DCT     : [DcT(0)] isDataRoamingEnabled=false
05-23 11:27:52.483   700   700 D DCT     : [DcT(0)] getDataOnRoamingEnabled, settingValue: 0
05-23 11:27:52.483   700   700 D DCT     : [DcT(0)] isDataRoamingEnabled=false
05-23 11:27:52.493   700   700 D DCT     : [DcT(0)] getDataOnRoamingEnabled, settingValue: 0
05-23 11:27:52.493   700   700 D DCT     : [DcT(0)] isDataRoamingEnabled=false
05-23 11:27:52.493   700   700 D DCT     : [DcT(0)] getDataOnRoamingEnabled, settingValue: 0
05-23 11:27:52.493   700   700 D DCT     : [DcT(0)] isDataRoamingEnabled=false
05-23 11:27:52.493   700   700 D DCT     : [DcT(0)] getDataOnRoamingEnabled, settingValue: 0
05-23 11:27:52.493   700   700 D DCT     : [DcT(0)] isDataRoamingEnabled=false
05-23 11:27:52.493   700   700 D DCT     : [DcT(0)] getDataOnRoamingEnabled, settingValue: 0
05-23 11:27:52.493   700   700 D DCT     : [DcT(0)] isDataRoamingEnabled=false
05-23 11:27:52.493   700   700 D DCT     : [DcT(0)] getDataOnRoamingEnabled, settingValue: 0
05-23 11:27:52.493   700   700 D DCT     : [DcT(0)] isDataRoamingEnabled=false
05-23 11:27:52.503   700   700 D DCT     : [DcT(0)] getDataOnRoamingEnabled, settingValue: 0
05-23 11:27:52.503   700   700 D DCT     : [DcT(0)] isDataRoamingEnabled=false
05-23 11:27:52.503   700   700 D DCT     : [DcT(0)] getDataOnRoamingEnabled, settingValue: 0
05-23 11:27:52.503   700   700 D DCT     : [DcT(0)] isDataRoamingEnabled=false
05-23 11:27:52.503   700   700 D DCT     : [DcT(0)] getDataOnRoamingEnabled, settingValue: 0
05-23 11:27:52.503   700   700 D DCT     : [DcT(0)] isDataRoamingEnabled=false
05-23 11:27:52.503   700   700 D DCT     : [DcT(0)] getDataOnRoamingEnabled, settingValue: 0
05-23 11:27:52.503   700   700 D DCT     : [DcT(0)] isDataRoamingEnabled=false
05-23 11:27:52.503   700   700 D DCT     : [DcT(0)] getDataOnRoamingEnabled, settingValue: 0
05-23 11:27:52.503   700   700 D DCT     : [DcT(0)] isDataRoamingEnabled=false
05-23 11:27:52.513   700   700 D DCT     : [DcT(0)] getDataOnRoamingEnabled, settingValue: 0
05-23 11:27:52.513   700   700 D DCT     : [DcT(0)] isDataRoamingEnabled=false
05-23 11:27:52.513   700   700 D DCT     : [DcT(0)] getDataOnRoamingEnabled, settingValue: 0
05-23 11:27:52.513   700   700 D DCT     : [DcT(0)] isDataRoamingEnabled=false
05-23 11:27:52.513   700   700 D DCT     : [DcT(0)] getDataOnRoamingEnabled, settingValue: 0
05-23 11:27:52.513   700   700 D DCT     : [DcT(0)] isDataRoamingEnabled=false
05-23 11:27:52.513   700   700 D DCT     : [DcT(0)] getDataOnRoamingEnabled, settingValue: 0
05-23 11:27:52.513   700   700 D DCT     : [DcT(0)] isDataRoamingEnabled=false
05-23 11:27:52.513   700   700 D CallManager:  handleMessage (EVENT_SERVICE_STATE_CHANGED)
05-23 11:27:52.513   700   700 D DCT     : [DcT(1)] handleMessage msg={ when=-2s563ms what=270439 obj=android.os.AsyncResult@4231a590 target=com.android.internal.telephony.dataconnection.MsmsDcTracker }
05-23 11:27:52.513   700   700 D DCT     : [DcT(1)] handleMessage msg={ when=-2s563ms what=270439 obj=android.os.AsyncResult@4231a590 target=com.android.internal.telephony.dataconnection.MsmsDcTracker }
05-23 11:27:52.513   700   700 D DCT     : [DcT(1)] EVENT_DATA_RAT_CHANGED
05-23 11:27:52.523   700   700 D GSMPhone: Baseband version: FM_BASE_15C_PIKEL_W17.39.2_P1|sc9820_modem|10-02-2017 20:44:23
05-23 11:27:52.523   700   700 D PhoneFactory: setSystemProperty >>>>>>  value = FM_BASE_15C_PIKEL_W17.39.2_P1|sc9820_modem|10-02-2017 20:44:23
05-23 11:27:52.523   700   700 D DCT     : [DcT(0)] getDataOnRoamingEnabled, settingValue: 0
05-23 11:27:52.523   700   700 D DCT     : [DcT(0)] isDataRoamingEnabled=false
05-23 11:27:52.533   700   700 D DCT     : [DcT(0)] getDataOnRoamingEnabled, settingValue: 0
05-23 11:27:52.533   700   700 D DCT     : [DcT(0)] isDataRoamingEnabled=false
05-23 11:27:52.533   700   700 D RadioInteractor: [RadioInteractor] RadioInteractorFactory:  null  RadioInteractorFactory class 1109803912
05-23 11:27:52.533   700   700 D RadioInteractor: [RadioInteractor] RadioInteractorFactory:  com.android.sprd.telephony.RadioInteractorFactory@4221a658  RadioInteractorFactory class 1109803912
05-23 11:27:52.533   700   700 D SIMRecords: [SIMRecords] fetchSimRecords 0
05-23 11:27:52.533   700   700 D RILJ    : [0][3670]> getIMSI: GET_IMSI aid: null
05-23 11:27:52.583   700   700 I SPRDUSIMFileHandler: loadEFTransparent fileid 2fe2
05-23 11:27:52.583   182   226 I use-Rlog/RLOG-RILC: [0] enter processCommandsCallback, socket type = 0
05-23 11:27:52.583   182   226 I use-Rlog/RLOG-RILC: [0] enter processCommandsCallback, socket type = 0
05-23 11:27:52.583   182   226 I use-Rlog/RLOG-RILC: [0] PCC  alloc one command p_record
05-23 11:27:52.583   182   758 D use-Rlog/RLOG-RILC: [0] PCB request code 11 token 22
05-23 11:27:52.583   182   758 D use-Rlog/RLOG-RILC: [0] [0022]> GET_IMSI 
05-23 11:27:52.583   182   758 D use-Rlog/RLOG-RIL: [0] onRequest: GET_IMSI sState=0
05-23 11:27:52.583   182   758 D use-Rlog/RLOG-RIL: [0] channel1 state: '0' 
05-23 11:27:52.583   182   758 D use-Rlog/RLOG-RIL: [0] get Channel ID '1'
05-23 11:27:52.583   182   758 D use-Rlog/RLOG-AT: [0] Channel1: AT> AT+CIMI
05-23 11:27:52.583   700   700 D RILJ    : [0][3671]> iccIO: SIM_IO 0xc0 0x2fe2  path: 3F00,0,0,15 aid: null
05-23 11:27:52.593   182   238 D use-Rlog/RLOG-AT: [0] Channel1: AT< 460004702156121
05-23 11:27:52.593   182   238 D use-Rlog/RLOG-AT: [0] Channel1: AT< OK
05-23 11:27:52.593   182   758 D use-Rlog/RLOG-RILC: [0] [0022]< GET_IMSI {460004702156121}
05-23 11:27:52.593   182   758 D use-Rlog/RLOG-AT: [0] Channel1: AT> AT+CSCA?
05-23 11:27:52.593   700   751 D RILJ    : [0][3670]< GET_IMSI 460004702156121
05-23 11:27:52.593   182   238 D use-Rlog/RLOG-AT: [0] Channel1: AT< +CSCA: "2B38363133383030373535353030",145
05-23 11:27:52.593   182   238 D use-Rlog/RLOG-AT: [0] Channel1: AT< OK
05-23 11:27:52.593   182   758 D use-Rlog/RLOG-RILC: [0] [UNSL]< UNSOL_SIM_SMS_READY 
05-23 11:27:52.593   182   758 D use-Rlog/RLOG-RIL: [0] put Channel ID '1'
05-23 11:27:52.593   182   758 I use-Rlog/RLOG-RILC: [0] -->CommandThread [758] free one command
05-23 11:27:52.604   700   751 D RILJ    : [0][UNSL]< [0]UNSOL_SIM_SMS_READY 
05-23 11:27:52.604   182   226 I use-Rlog/RLOG-RILC: [0] enter processCommandsCallback, socket type = 0
05-23 11:27:52.604   182   226 I use-Rlog/RLOG-RILC: [0] enter processCommandsCallback, socket type = 0
05-23 11:27:52.604   182   226 D use-Rlog/RLOG-RILC: [0] Add 'SIM_IO' to sim_cmd_list
05-23 11:27:52.604   182   240 I use-Rlog/RLOG-RILC: [0] -->Normal Dispatch sim list
05-23 11:27:52.604   182   240 D use-Rlog/RLOG-RILC: [0] PCB request code 28 token 23
05-23 11:27:52.664   700   700 D RILJ    : [0][3672]> iccIO: SIM_IO 0xc0 0x6f40  path: 3F007FFF,0,0,15 aid: null
05-23 11:27:52.674   182   226 I use-Rlog/RLOG-RILC: [0] enter processCommandsCallback, socket type = 0
05-23 11:27:52.674   182   226 I use-Rlog/RLOG-RILC: [0] enter processCommandsCallback, socket type = 0
05-23 11:27:52.674   182   226 D use-Rlog/RLOG-RILC: [0] Add 'SIM_IO' to sim_cmd_list
05-23 11:27:52.674   700   700 D RILJ    : [0][3673]> iccIO: SIM_IO 0xc0 0x6fc9  path: 3F007FFF,0,0,15 aid: null
05-23 11:27:52.674   182   226 I use-Rlog/RLOG-RILC: [0] enter processCommandsCallback, socket type = 0
05-23 11:27:52.674   182   226 I use-Rlog/RLOG-RILC: [0] enter processCommandsCallback, socket type = 0
05-23 11:27:52.674   182   226 D use-Rlog/RLOG-RILC: [0] Add 'SIM_IO' to sim_cmd_list
05-23 11:27:52.674   700   700 I SPRDUSIMFileHandler: loadEFTransparent fileid 6fad
05-23 11:27:52.674   700   700 D RILJ    : [0][3674]> iccIO: SIM_IO 0xc0 0x6fad  path: 3F007FFF,0,0,15 aid: null
05-23 11:27:52.674   182   226 I use-Rlog/RLOG-RILC: [0] enter processCommandsCallback, socket type = 0
05-23 11:27:52.674   182   226 I use-Rlog/RLOG-RILC: [0] enter processCommandsCallback, socket type = 0
05-23 11:27:52.674   182   226 D use-Rlog/RLOG-RILC: [0] Add 'SIM_IO' to sim_cmd_list
05-23 11:27:52.674   700   700 D RILJ    : [0][3675]> iccIO: SIM_IO 0xc0 0x6fca  path: 3F007FFF,0,0,15 aid: null
05-23 11:27:52.674   182   226 I use-Rlog/RLOG-RILC: [0] enter processCommandsCallback, socket type = 0
05-23 11:27:52.674   182   226 I use-Rlog/RLOG-RILC: [0] enter processCommandsCallback, socket type = 0
05-23 11:27:52.684   182   226 D use-Rlog/RLOG-RILC: [0] Add 'SIM_IO' to sim_cmd_list
05-23 11:27:52.684   700   700 I SPRDUSIMFileHandler: loadEFTransparent fileid 6f11
05-23 11:27:52.684   700   700 D RILJ    : [0][3676]> iccIO: SIM_IO 0xc0 0x6f11  path: 3F007F20,0,0,15 aid: null
05-23 11:27:52.684   182   226 I use-Rlog/RLOG-RILC: [0] enter processCommandsCallback, socket type = 0
05-23 11:27:52.684   182   226 I use-Rlog/RLOG-RILC: [0] enter processCommandsCallback, socket type = 0
05-23 11:27:52.684   182   226 D use-Rlog/RLOG-RILC: [0] Add 'SIM_IO' to sim_cmd_list
05-23 11:27:52.684   700   700 D RILJ    : [0][3677]> iccIO: SIM_IO 0xc0 0x6fcb  path: 3F007FFF,0,0,15 aid: null
05-23 11:27:52.684   700   994 D RadioInteractor: [RadioInteractor] RadioInteractorFactory:  com.android.sprd.telephony.RadioInteractorFactory@4221a658  RadioInteractorFactory class 1109803912
05-23 11:27:52.684   700   994 D RadioInteractor: [3648]> REQUEST_SET_SMS_BEARER [SUB0]
05-23 11:27:52.694   182   226 I use-Rlog/RLOG-RILC: [0] enter processCommandsCallback, socket type = 2
05-23 11:27:52.694   182   226 I use-Rlog/RLOG-RILC: [0] enter processCommandsCallback, socket type = 2
05-23 11:27:52.694   182   226 I use-Rlog/RLOG-RILC: [0] PCC  alloc one command p_record
05-23 11:27:52.694   182   941 D use-Rlog/RLOG-RILC: [0] PCB request code 5512 token 0
05-23 11:27:52.694   182   941 D use-Rlog/RLOG-RILC: [0] [0000]> SET_SMS_BEARER (1)
05-23 11:27:52.694   182   941 D use-Rlog/RLOG-RIL: [0] onRequest: SET_SMS_BEARER sState=0
05-23 11:27:52.694   182   941 D use-Rlog/RLOG-RILC: [0] [0000]< SET_SMS_BEARER fails by E_RADIO_NOT_AVAILABLE
05-23 11:27:52.694   182   941 I use-Rlog/RLOG-RILC: [0] -->CommandThread [941] free one command
05-23 11:27:52.694   700   855 D RadioInteractor: [RIRequest] [3648]< REQUEST_SET_SMS_BEARER error: com.android.sprd.telephony.CommandException: RADIO_NOT_AVAILABLE ret=
05-23 11:27:52.694   182   226 I use-Rlog/RLOG-RILC: [0] enter processCommandsCallback, socket type = 0
05-23 11:27:52.694   700   859 D RadioInteractor: [RadioInteractorHandler]  handleMessage msg.what:16
05-23 11:27:52.694   700   859 D RadioInteractor: [RadioInteractorHandler] handleMessage EVENT_SET_SMS_BEARER_DONE
05-23 11:27:52.694   700   859 E RadioInteractor: [RadioInteractorHandler] set sms bearer:fail
05-23 11:27:52.694   182   226 I use-Rlog/RLOG-RILC: [0] enter processCommandsCallback, socket type = 0
05-23 11:27:52.694   182   226 D use-Rlog/RLOG-RILC: [0] Add 'SIM_IO' to sim_cmd_list
05-23 11:27:52.694   700   700 I SPRDUSIMFileHandler: loadEFTransparent fileid 6f13
05-23 11:27:52.694   700   700 D RILJ    : [0][3678]> iccIO: SIM_IO 0xc0 0x6f13  path: 3F007F20,0,0,15 aid: null
05-23 11:27:52.694   182   226 I use-Rlog/RLOG-RILC: [0] enter processCommandsCallback, socket type = 0
05-23 11:27:52.694   182   226 I use-Rlog/RLOG-RILC: [0] enter processCommandsCallback, socket type = 0
05-23 11:27:52.694   182   226 D use-Rlog/RLOG-RILC: [0] Add 'SIM_IO' to sim_cmd_list
05-23 11:27:52.694   700   700 D SIMRecords: [SIMRecords] Load CPHS Firstly true
05-23 11:27:52.694   700   700 I SPRDUSIMFileHandler: loadEFTransparent fileid 6f14
05-23 11:27:52.694   700   700 D RILJ    : [0][3679]> iccIO: SIM_IO 0xc0 0x6f14  path: 3F007F20,0,0,15 aid: null
05-23 11:27:52.694   182   226 I use-Rlog/RLOG-RILC: [0] enter processCommandsCallback, socket type = 0
05-23 11:27:52.694   182   226 I use-Rlog/RLOG-RILC: [0] enter processCommandsCallback, socket type = 0
05-23 11:27:52.694   182   226 D use-Rlog/RLOG-RILC: [0] Add 'SIM_IO' to sim_cmd_list
05-23 11:27:52.694   700   700 D SIMRecords: [SIMRecords] Load 3GPP Firstly true
05-23 11:27:52.704   700   700 I SPRDUSIMFileHandler: loadEFTransparent fileid 6f46
05-23 11:27:52.704   700   700 D RILJ    : [0][3680]> iccIO: SIM_IO 0xc0 0x6f46  path: 3F007FFF,0,0,15 aid: null
05-23 11:27:52.704   182   226 I use-Rlog/RLOG-RILC: [0] enter processCommandsCallback, socket type = 0
05-23 11:27:52.704   182   226 I use-Rlog/RLOG-RILC: [0] enter processCommandsCallback, socket type = 0
05-23 11:27:52.704   182   226 D use-Rlog/RLOG-RILC: [0] Add 'SIM_IO' to sim_cmd_list
05-23 11:27:52.704   700   700 I SPRDUSIMFileHandler: loadEFTransparent fileid 6fcd
05-23 11:27:52.704   700   700 D RILJ    : [0][3681]> iccIO: SIM_IO 0xc0 0x6fcd  path: 3F007FFF,0,0,15 aid: null
05-23 11:27:52.704   182   226 I use-Rlog/RLOG-RILC: [0] enter processCommandsCallback, socket type = 0
05-23 11:27:52.704   182   226 I use-Rlog/RLOG-RILC: [0] enter processCommandsCallback, socket type = 0
05-23 11:27:52.704   182   226 D use-Rlog/RLOG-RILC: [0] Add 'SIM_IO' to sim_cmd_list
05-23 11:27:52.704   700   700 D RILJ    : [0][3682]> iccIO: SIM_IO 0xc0 0x6fc5  path: 3F007FFF,0,0,15 aid: null
05-23 11:27:52.704   182   226 I use-Rlog/RLOG-RILC: [0] enter processCommandsCallback, socket type = 0
05-23 11:27:52.704   182   226 I use-Rlog/RLOG-RILC: [0] enter processCommandsCallback, socket type = 0
05-23 11:27:52.704   182   226 D use-Rlog/RLOG-RILC: [0] Add 'SIM_IO' to sim_cmd_list
05-23 11:27:52.704   700   700 D RILJ    : [0][3683]> iccIO: SIM_IO 0xc0 0x6fc6  path: 3F007FFF,0,0,15 aid: null
05-23 11:27:52.704   182   226 I use-Rlog/RLOG-RILC: [0] enter processCommandsCallback, socket type = 0
05-23 11:27:52.704   182   226 I use-Rlog/RLOG-RILC: [0] enter processCommandsCallback, socket type = 0
05-23 11:27:52.704   182   226 D use-Rlog/RLOG-RILC: [0] Add 'SIM_IO' to sim_cmd_list
05-23 11:27:52.714   700   700 D RILJ    : [0][3684]> iccIO: SIM_IO 0xc0 0x6fc5  path: 3F007FFF,0,0,15 aid: null
05-23 11:27:52.714   700   994 D RILJ    : [0][3685]> OEM_HOOK_STRINGS
05-23 11:27:52.714   182   226 I use-Rlog/RLOG-RILC: [0] enter processCommandsCallback, socket type = 0
05-23 11:27:52.714   182   226 I use-Rlog/RLOG-RILC: [0] enter processCommandsCallback, socket type = 0
05-23 11:27:52.714   182   226 I use-Rlog/RLOG-RILC: [0] PCC  alloc one command p_record
05-23 11:27:52.714   182   758 D use-Rlog/RLOG-RILC: [0] PCB request code 60 token 37
05-23 11:27:52.714   182   758 D use-Rlog/RLOG-RILC: [0] [0037]> OEM_HOOK_STRINGS (AT+SPOPRCAP=1,1,0)
05-23 11:27:52.714   182   758 D use-Rlog/RLOG-RIL: [0] onRequest: OEM_HOOK_STRINGS sState=0
05-23 11:27:52.714   182   758 D use-Rlog/RLOG-RIL: [0] channel1 state: '0' 
05-23 11:27:52.714   182   758 D use-Rlog/RLOG-RIL: [0] get Channel ID '1'
05-23 11:27:52.714   182   758 D use-Rlog/RLOG-RIL: [0] got OEM_HOOK_STRINGS: 0x0xb683bce0 4
05-23 11:27:52.714   182   758 D use-Rlog/RLOG-RIL: [0] > 'AT+SPOPRCAP=1,1,0'
05-23 11:27:52.714   182   758 D use-Rlog/RLOG-RIL: [0] >>> 'AT+SPOPRCAP=1,1,0'
05-23 11:27:52.714   182   758 D use-Rlog/RLOG-AT: [0] Channel1: AT> AT+SPOPRCAP=1,1,0
05-23 11:27:52.714   700   994 D use-Rlog/RLOG-PHONE: wait for done
05-23 11:27:52.714   182   226 I use-Rlog/RLOG-RILC: [0] enter processCommandsCallback, socket type = 0
05-23 11:27:52.714   182   226 I use-Rlog/RLOG-RILC: [0] enter processCommandsCallback, socket type = 0
05-23 11:27:52.714   182   226 D use-Rlog/RLOG-RILC: [0] Add 'SIM_IO' to sim_cmd_list
05-23 11:27:52.714   700   700 I SPRDUSIMFileHandler: loadEFTransparent fileid 6f38
05-23 11:27:52.714   700   700 D RILJ    : [0][3686]> iccIO: SIM_IO 0xc0 0x6f38  path: 3F007FFF,0,0,15 aid: null
05-23 11:27:52.714   182   238 D use-Rlog/RLOG-AT: [0] Channel1: AT< OK
05-23 11:27:52.714   182   758 D use-Rlog/RLOG-RILC: [0] [0037]< OEM_HOOK_STRINGS {OK
05-23 11:27:52.714   182   758 D use-Rlog/RLOG-RILC: }
05-23 11:27:52.714   182   758 D use-Rlog/RLOG-RIL: [0] put Channel ID '1'
05-23 11:27:52.714   182   758 I use-Rlog/RLOG-RILC: [0] -->CommandThread [758] free one command
05-23 11:27:52.714   700   751 D RILJ    : [0][3685]< OEM_HOOK_STRINGS {OK
05-23 11:27:52.714   700   751 D RILJ    : }
05-23 11:27:52.714   700   996 D use-Rlog/RLOG-PHONE: SEND_AT_COMPLETE
05-23 11:27:52.714   700   994 D use-Rlog/RLOG-PHONE: done
05-23 11:27:52.714   182   226 I use-Rlog/RLOG-RILC: [0] enter processCommandsCallback, socket type = 0
05-23 11:27:52.714   182   226 I use-Rlog/RLOG-RILC: [0] enter processCommandsCallback, socket type = 0
05-23 11:27:52.714   182   226 D use-Rlog/RLOG-RILC: [0] Add 'SIM_IO' to sim_cmd_list
05-23 11:27:52.724   700   700 I SPRDUSIMFileHandler: loadEFTransparent fileid 6f16
05-23 11:27:52.724   700   700 D RILJ    : [0][3687]> iccIO: SIM_IO 0xc0 0x6f16  path: 3F007F20,0,0,15 aid: null
05-23 11:27:52.724   182   226 I use-Rlog/RLOG-RILC: [0] enter processCommandsCallback, socket type = 0
05-23 11:27:52.724   182   226 I use-Rlog/RLOG-RILC: [0] enter processCommandsCallback, socket type = 0
05-23 11:27:52.724   182   226 D use-Rlog/RLOG-RILC: [0] Add 'SIM_IO' to sim_cmd_list
05-23 11:27:52.724   700   700 I SPRDUSIMFileHandler: loadEFTransparent fileid 6f15
05-23 11:27:52.724   700   700 D RILJ    : [0][3688]> iccIO: SIM_IO 0xc0 0x6f15  path: 3F007F20,0,0,15 aid: null
05-23 11:27:52.724   182   226 I use-Rlog/RLOG-RILC: [0] enter processCommandsCallback, socket type = 0
05-23 11:27:52.724   182   226 I use-Rlog/RLOG-RILC: [0] enter processCommandsCallback, socket type = 0
05-23 11:27:52.724   182   226 D use-Rlog/RLOG-RILC: [0] Add 'SIM_IO' to sim_cmd_list
05-23 11:27:52.724   700   700 I SPRDUSIMFileHandler: loadEFTransparent fileid 6f3e
05-23 11:27:52.724   700   700 D RILJ    : [0][3689]> iccIO: SIM_IO 0xc0 0x6f3e  path: 3F007F105F3A,0,0,15 aid: null
05-23 11:27:52.724   182   226 I use-Rlog/RLOG-RILC: [0] enter processCommandsCallback, socket type = 0
05-23 11:27:52.724   182   226 I use-Rlog/RLOG-RILC: [0] enter processCommandsCallback, socket type = 0
05-23 11:27:52.724   700   700 I SPRDUSIMFileHandler: loadEFTransparent fileid 6fb7
05-23 11:27:52.724   700   700 I SPRDUSIMFileHandler: loadEFTransparent is usim card
05-23 11:27:52.724   700   700 D RILJ    : [0][3690]> iccIO: SIM_IO 0xc0 0x6fb7  path: 3F007FFF,0,0,15 aid: null
05-23 11:27:52.734   700   700 D SIMRecords: [SIMRecords] fetchSimRecords 20 requested: true
05-23 11:27:52.734   700   700 D UiccCardApplication: Query facility FDN : FDN service available: true enabled: false
05-23 11:27:52.734   700   700 D UiccCardApplication: Query facility lock : 0
05-23 11:27:52.734   700   700 D UiccCardApplication: Ignoring: pin1state=PINSTATE_UNKNOWN
05-23 11:27:52.734   700   700 D CAT     : CatService: handleMessage[8]
05-23 11:27:52.734   700   700 D CAT     : CatService: MSG_ID_ICC_CHANGED
05-23 11:27:52.734   700   700 D CAT     : CatService: New Card State = CARDSTATE_PRESENT Old Card State = CARDSTATE_ABSENT
05-23 11:27:52.734   700   700 D RILJ    : [0][3691]> RIL_REQUEST_REPORT_STK_SERVICE_IS_RUNNING
05-23 11:27:52.734   700   700 D GSMPhone: [GSMPhone] New Uicc application found
05-23 11:27:52.734   700   700 D GsmSST  : [GsmSST-phoneId0] New card found
05-23 11:27:52.734   700   700 D UiccCardApplication: Notifying 1 registrant: READY
05-23 11:27:52.734   700   700 D DCT     : [DcT(0)] handleMessage msg={ when=-922ms what=270369 obj=android.os.AsyncResult@4233afa8 target=com.android.internal.telephony.dataconnection.MsmsDcTracker }
05-23 11:27:52.734   700   700 D DCT     : [DcT(0)] handleMessage msg={ when=-923ms what=270369 obj=android.os.AsyncResult@4233afa8 target=com.android.internal.telephony.dataconnection.MsmsDcTracker }
05-23 11:27:52.734   700   700 D DCT     : [DcT(0)] New records found
05-23 11:27:52.734   700   700 D GsmSMSDispatcher: New Uicc application found
05-23 11:27:52.734   700   700 D IccCardProxy: [0]Icc changed. Reregestering.
05-23 11:27:52.734   700   700 D UiccCard: registerForAbsent : mCardState = CARDSTATE_PRESENT phoneId = 0
05-23 11:27:52.734   700   700 D UiccCardApplication: Notifying 1 registrant: READY
05-23 11:27:52.734   700   700 D IccCardProxy: [0]IccCardProxy  setExternalState newState = READY
05-23 11:27:52.734   700   700 D IccCardProxy: [0]Broadcasting intent SIM_CARD_PRESENT , phoneid is 0
05-23 11:27:52.744   700   700 D PhoneFactory: setSystemProperty >>>>>>  value = READY
05-23 11:27:52.744   700   700 I PhoneFactory: autoSetDefaultPhoneId,defaultPhoneId=0
05-23 11:27:52.744   700   700 I PhoneFactory: isCardReady(0) = true
05-23 11:27:52.744   700   700 D PhoneFactory: isHasCardAbsent= false
05-23 11:27:52.744   700   700 D PhoneFactory: setDefaultValue settingPhoneId = 0
05-23 11:27:52.754   700   700 D TelephonyManager: setDefaultSim:phoneIdKey multi_sim_voice_call phoneId 0
05-23 11:27:52.784   700   700 D TelephonyManager: setDefaultSim:phoneIdKey multi_sim_video_call phoneId 0
05-23 11:27:52.804   978   978 D TelephonyManager: No /proc/cmdline exception=java.io.FileNotFoundException: /proc/cmdline: open failed: EACCES (Permission denied)
05-23 11:27:52.804   978   978 D TelephonyManager: /proc/cmdline=
05-23 11:27:52.814   700   700 D TelephonyManager: setDefaultSim:phoneIdKey multi_sim_mms phoneId 0
05-23 11:27:52.834   182   240 D use-Rlog/RLOG-RILC: [0] [0023]> SIM_IO [0037]< OEM_HOOK_STRINGS {OK
05-23 11:27:52.834   182   240 D use-Rlog/RLOG-RILC: }cmd=0xC0,efid=0x2FE2,path=3F00,0,0,15,(null),pin2=(null),aid=(null))
05-23 11:27:52.834   182   226 D use-Rlog/RLOG-RILC: [0] Add 'SIM_IO' to sim_cmd_list
05-23 11:27:52.834   182   226 D use-Rlog/RLOG-RILC: [0] Add 'SIM_IO' to sim_cmd_list
05-23 11:27:52.834   182   226 I use-Rlog/RLOG-RILC: [0] PCC  alloc one command p_record
05-23 11:27:52.834   182   941 D use-Rlog/RLOG-RILC: [0] PCB request code 103 token 43
05-23 11:27:52.834   182   941 D use-Rlog/RLOG-RILC: [0] [0043]> REPORT_STK_SERVICE_IS_RUNNING 
05-23 11:27:52.834   182   941 D use-Rlog/RLOG-RIL: [0] onRequest: REPORT_STK_SERVICE_IS_RUNNING sState=0
05-23 11:27:52.834   182   941 D use-Rlog/RLOG-RIL: [0] channel1 state: '0' 
05-23 11:27:52.834   182   941 D use-Rlog/RLOG-RIL: [0] get Channel ID '1'
05-23 11:27:52.834   182   941 D use-Rlog/RLOG-RIL: [0] [stk]send RIL_REQUEST_STK_SET_PROFILE
05-23 11:27:52.834   182   941 D use-Rlog/RLOG-AT: [0] Channel1: AT> AT+SPUSATPROFILE?
05-23 11:27:52.844   182   240 D use-Rlog/RLOG-RIL: [0] onRequest: SIM_IO sState=0
05-23 11:27:52.844   182   240 D use-Rlog/RLOG-RIL: [0] channel2 state: '0' 
05-23 11:27:52.844   182   240 D use-Rlog/RLOG-RIL: [0] get Channel ID '2'
05-23 11:27:52.844   182   240 D use-Rlog/RLOG-AT: [0] Channel2: AT> AT+CRSM=192,12258,0,0,15,0,"3F00"
05-23 11:27:52.844   182   238 D use-Rlog/RLOG-AT: [0] Channel1: AT< +SPUSATPROFILE:FFFFFFFF7F0F00DFFF03FF1FE2
05-23 11:27:52.844   182   238 D use-Rlog/RLOG-AT: [0] Channel1: AT< OK
05-23 11:27:52.844   182   238 D use-Rlog/RLOG-AT: [0] Channel0: AT< +SPUSATPROCMDIND:D0819481030125008202818285138000280055002900530049004D53615E9475288F0A01806211768454C1724C8F0A808000530049004D76FE8F10818000530049004D5FEB6377786E8BA48F0A0280670D52A152A974068F0A038065E07EBF57CE5E028F0A048079FB52A87CBE54C18F0A05804E1A52A18D855E028F0A4C805E9475287BA174068F0A4D804E0B8F7D8BBE7F6E18022121
05-23 11:27:52.844   182   941 D use-Rlog/RLOG-RILC: [0] [0043]< REPORT_STK_SERVICE_IS_RUNNING
05-23 11:27:52.844   182   941 D use-Rlog/RLOG-RIL: [0] put Channel ID '1'
05-23 11:27:52.844   182   941 I use-Rlog/RLOG-RILC: [0] -->CommandThread [941] free one command
05-23 11:27:52.844   182   238 D use-Rlog/RLOG-RIL: [0] [stk unsl]RIL_UNSOL_STK_PROACTIVE_COMMAND
05-23 11:27:52.844   182   238 D use-Rlog/RLOG-RILC: [0] [UNSL]< UNSOL_STK_PROACTIVE_COMMAND {D0819481030125008202818285138000280055002900530049004D53615E9475288F0A01806211768454C1724C8F0A808000530049004D76FE8F10818000530049004D5FEB6377786E8BA48F0A0280670D52A152A974068F0A038065E07EBF57CE5E028F0A048079FB52A87CBE54C18F0A05804E1A52A18D855E028F0A4C805E9475287BA174068F0A4D804E0B8F7D8BBE7F6E18022121}
05-23 11:27:52.844   700   751 D RILJ    : [0][3691]< RIL_REQUEST_REPORT_STK_SERVICE_IS_RUNNING 
05-23 11:27:52.844   700   751 D RILJ    : [0][UNSL]< [0]UNSOL_STK_PROACTIVE_COMMAND D0819481030125008202818285138000280055002900530049004D53615E9475288F0A01806211768454C1724C8F0A808000530049004D76FE8F10818000530049004D5FEB6377786E8BA48F0A0280670D52A152A974068F0A038065E07EBF57CE5E028F0A048079FB52A87CBE54C18F0A05804E1A52A18D855E028F0A4C805E9475287BA174068F0A4D804E0B8F7D8BBE7F6E18022121
05-23 11:27:52.884   182   238 D use-Rlog/RLOG-AT: [0] Channel2: AT< +CRSM: 144,0,62178202412183022FE28A01058B032F06078002000A880110
05-23 11:27:52.884   182   238 D use-Rlog/RLOG-AT: [0] Channel2: AT< OK
05-23 11:27:52.884   182   240 D use-Rlog/RLOG-AT: [0] Channel2: AT> AT+EUICC?
05-23 11:27:52.884   182   238 D use-Rlog/RLOG-AT: [0] Channel2: AT< +EUICC: 0,2,1
05-23 11:27:52.884   182   238 D use-Rlog/RLOG-AT: [0] Channel2: AT< OK
05-23 11:27:52.884   182   240 D use-Rlog/RLOG-RIL: [0] getSimType: +EUICC: 0,2,1
05-23 11:27:52.884   182   240 E use-Rlog/RLOG-RIL: [0] usim card, change to sim format
05-23 11:27:52.884   182   240 E use-Rlog/RLOG-RIL: [0] sr.simResponse NOT NULL, convert to sim
05-23 11:27:52.884   182   240 E use-Rlog/RLOG-RIL: [0] TYPE_FCP_DES index = 2 
05-23 11:27:52.884   182   240 E use-Rlog/RLOG-RIL: [0] TYPE_FCP_SIZE index = 18 
05-23 11:27:52.884   182   240 E use-Rlog/RLOG-RIL: [0] EF_TYPE_TRANSPARENT
05-23 11:27:52.884   182   240 D use-Rlog/RLOG-RIL: [0] convert to sim done, return:0000000A0000040000000000000000
05-23 11:27:52.884   182   240 D use-Rlog/RLOG-RILC: [0] [0023]< SIM_IO {sw1=0x90,sw2=0x0,0000000A0000040000000000000000}
05-23 11:27:52.884   182   240 D use-Rlog/RLOG-RIL: [0] put Channel ID '2'
05-23 11:27:52.884   182   240 I use-Rlog/RLOG-RILC: [0] -->Normal Dispatch [240] free one command
05-23 11:27:52.884   182   240 I use-Rlog/RLOG-RILC: [0] -->Normal Dispatch sim list
05-23 11:27:52.884   182   240 D use-Rlog/RLOG-RILC: [0] PCB request code 28 token 24
05-23 11:27:52.884   182   240 D use-Rlog/RLOG-RILC: [0] [0024]> SIM_IO (cmd=0xC0,efid=0x6F40,path=3F007FFF,0,0,15,(null),pin2=(null),aid=(null))
05-23 11:27:52.884   182   240 D use-Rlog/RLOG-RIL: [0] onRequest: SIM_IO sState=0
05-23 11:27:52.884   182   240 D use-Rlog/RLOG-RIL: [0] channel1 state: '0' 
05-23 11:27:52.884   182   240 D use-Rlog/RLOG-RIL: [0] get Channel ID '1'
05-23 11:27:52.884   182   240 D use-Rlog/RLOG-AT: [0] Channel1: AT> AT+CRSM=192,28480,0,0,15,0,"3F007FFF"
05-23 11:27:52.884   700   751 D RILJ    : [0]< iccIO:  0x90 0x0 0000000A0000040000000000000000
05-23 11:27:52.884   700   751 D RILJ    : [0][3671]< SIM_IO IccIoResponse sw1:0x90 sw2:0x0
05-23 11:27:52.884   700   774 D SPRDUSIMFileHandler: [SPRDUSIMFileHandler] EVENT_GET_BINARY_SIZE_DONE
05-23 11:27:52.884   700   774 D RILJ    : [0][3692]> iccIO: SIM_IO 0xb0 0x2fe2  path: 3F00,0,0,10 aid: null
05-23 11:27:52.894   182   226 I use-Rlog/RLOG-RILC: [0] enter processCommandsCallback, socket type = 0
05-23 11:27:52.894   182   226 I use-Rlog/RLOG-RILC: [0] enter processCommandsCallback, socket type = 0
05-23 11:27:52.894   182   226 D use-Rlog/RLOG-RILC: [0] Add 'SIM_IO' to sim_cmd_list
05-23 11:27:52.904   182   238 D use-Rlog/RLOG-AT: [0] Channel1: AT< +CRSM: 144,0,621982054221001C0283026F408A01058B036F0604800200388800
05-23 11:27:52.904   182   238 D use-Rlog/RLOG-AT: [0] Channel1: AT< OK
05-23 11:27:52.904   182   240 D use-Rlog/RLOG-AT: [0] Channel1: AT> AT+EUICC?
05-23 11:27:52.904   182   238 D use-Rlog/RLOG-AT: [0] Channel1: AT< +EUICC: 0,2,1
05-23 11:27:52.904   182   238 D use-Rlog/RLOG-AT: [0] Channel1: AT< OK
05-23 11:27:52.904   182   240 D use-Rlog/RLOG-RIL: [0] getSimType: +EUICC: 0,2,1
05-23 11:27:52.904   182   240 E use-Rlog/RLOG-RIL: [0] usim card, change to sim format
05-23 11:27:52.904   182   240 E use-Rlog/RLOG-RIL: [0] sr.simResponse NOT NULL, convert to sim
05-23 11:27:52.904   182   240 E use-Rlog/RLOG-RIL: [0] TYPE_FCP_DES index = 2 
05-23 11:27:52.904   182   240 E use-Rlog/RLOG-RIL: [0] TYPE_FCP_SIZE index = 21 
05-23 11:27:52.904   182   240 E use-Rlog/RLOG-RIL: [0] EF_TYPE_LINEAR_FIXED
05-23 11:27:52.904   182   240 D use-Rlog/RLOG-RIL: [0] convert to sim done, return:00000038000004000000000000011C
05-23 11:27:52.904   182   240 D use-Rlog/RLOG-RILC: [0] [0024]< SIM_IO {sw1=0x90,sw2=0x0,00000038000004000000000000011C}
05-23 11:27:52.904   182   240 D use-Rlog/RLOG-RIL: [0] put Channel ID '1'
05-23 11:27:52.904   182   240 I use-Rlog/RLOG-RILC: [0] -->Normal Dispatch [240] free one command
05-23 11:27:52.904   182   240 I use-Rlog/RLOG-RILC: [0] -->Normal Dispatch sim list
05-23 11:27:52.904   182   240 D use-Rlog/RLOG-RILC: [0] PCB request code 28 token 25
05-23 11:27:52.904   182   240 D use-Rlog/RLOG-RILC: [0] [0025]> SIM_IO (cmd=0xC0,efid=0x6FC9,path=3F007FFF,0,0,15,(null),pin2=(null),aid=(null))
05-23 11:27:52.904   182   240 D use-Rlog/RLOG-RIL: [0] onRequest: SIM_IO sState=0
05-23 11:27:52.904   182   240 D use-Rlog/RLOG-RIL: [0] channel1 state: '0' 
05-23 11:27:52.904   182   240 D use-Rlog/RLOG-RIL: [0] get Channel ID '1'
05-23 11:27:52.904   182   240 D use-Rlog/RLOG-AT: [0] Channel1: AT> AT+CRSM=192,28617,0,0,15,0,"3F007FFF"
05-23 11:27:52.924   700   751 D RILJ    : [0]< iccIO:  0x90 0x0 00000038000004000000000000011C
05-23 11:27:52.924   700   751 D RILJ    : [0][3672]< SIM_IO IccIoResponse sw1:0x90 sw2:0x0
05-23 11:27:52.924   182   238 D use-Rlog/RLOG-AT: [0] Channel1: AT< +CRSM: 144,0,62198205422100050183026FC98A01058B036F0604800200058800
05-23 11:27:52.924   182   238 D use-Rlog/RLOG-AT: [0] Channel1: AT< OK
05-23 11:27:52.924   182   240 D use-Rlog/RLOG-AT: [0] Channel1: AT> AT+EUICC?
05-23 11:27:52.924   182   238 D use-Rlog/RLOG-AT: [0] Channel1: AT< +EUICC: 0,2,1
05-23 11:27:52.924   182   238 D use-Rlog/RLOG-AT: [0] Channel1: AT< OK
05-23 11:27:52.924   182   240 D use-Rlog/RLOG-RIL: [0] getSimType: +EUICC: 0,2,1
05-23 11:27:52.924   182   240 E use-Rlog/RLOG-RIL: [0] usim card, change to sim format
05-23 11:27:52.924   182   240 E use-Rlog/RLOG-RIL: [0] sr.simResponse NOT NULL, convert to sim
05-23 11:27:52.924   182   240 E use-Rlog/RLOG-RIL: [0] TYPE_FCP_DES index = 2 
05-23 11:27:52.924   182   240 E use-Rlog/RLOG-RIL: [0] TYPE_FCP_SIZE index = 21 
05-23 11:27:52.924   182   240 E use-Rlog/RLOG-RIL: [0] EF_TYPE_LINEAR_FIXED
05-23 11:27:52.924   182   240 D use-Rlog/RLOG-RIL: [0] convert to sim done, return:000000050000040000000000000105
05-23 11:27:52.924   182   240 D use-Rlog/RLOG-RILC: [0] [0025]< SIM_IO {sw1=0x90,sw2=0x0,000000050000040000000000000105}
05-23 11:27:52.924   182   240 D use-Rlog/RLOG-RIL: [0] put Channel ID '1'
05-23 11:27:52.924   182   240 I use-Rlog/RLOG-RILC: [0] -->Normal Dispatch [240] free one command
05-23 11:27:52.924   182   240 I use-Rlog/RLOG-RILC: [0] -->Normal Dispatch sim list
05-23 11:27:52.924   182   240 D use-Rlog/RLOG-RILC: [0] PCB request code 28 token 26
05-23 11:27:52.924   182   240 D use-Rlog/RLOG-RILC: [0] [0026]> SIM_IO (cmd=0xC0,efid=0x6FAD,path=3F007FFF,0,0,15,(null),pin2=(null),aid=(null))
05-23 11:27:52.924   182   240 D use-Rlog/RLOG-RIL: [0] onRequest: SIM_IO sState=0
05-23 11:27:52.924   182   240 D use-Rlog/RLOG-RIL: [0] channel1 state: '0' 
05-23 11:27:52.924   182   240 D use-Rlog/RLOG-RIL: [0] get Channel ID '1'
05-23 11:27:52.924   182   240 D use-Rlog/RLOG-AT: [0] Channel1: AT> AT+CRSM=192,28589,0,0,15,0,"3F007FFF"
05-23 11:27:52.924   700   751 D RILJ    : [0]< iccIO:  0x90 0x0 000000050000040000000000000105
05-23 11:27:52.924   700   774 D SPRDUSIMFileHandler: [SPRDUSIMFileHandler] msg.what = 6
05-23 11:27:52.924   700   774 D RILJ    : [0][3693]> iccIO: SIM_IO 0xb2 0x6f40  path: 3F007FFF,1,4,28 aid: null
05-23 11:27:52.934   182   226 I use-Rlog/RLOG-RILC: [0] enter processCommandsCallback, socket type = 0
05-23 11:27:52.934   182   226 I use-Rlog/RLOG-RILC: [0] enter processCommandsCallback, socket type = 0
05-23 11:27:52.934   182   226 D use-Rlog/RLOG-RILC: [0] Add 'SIM_IO' to sim_cmd_list
05-23 11:27:52.934   700   751 D RILJ    : [0][3673]< SIM_IO IccIoResponse sw1:0x90 sw2:0x0
05-23 11:27:52.934   700   774 D SPRDUSIMFileHandler: [SPRDUSIMFileHandler] msg.what = 6
05-23 11:27:52.934   700   774 D RILJ    : [0][3694]> iccIO: SIM_IO 0xb2 0x6fc9  path: 3F007FFF,1,4,5 aid: null
05-23 11:27:52.934   182   226 I use-Rlog/RLOG-RILC: [0] enter processCommandsCallback, socket type = 0
05-23 11:27:52.934   182   226 I use-Rlog/RLOG-RILC: [0] enter processCommandsCallback, socket type = 0
05-23 11:27:52.934   182   226 D use-Rlog/RLOG-RILC: [0] Add 'SIM_IO' to sim_cmd_list
05-23 11:27:52.944   182   238 D use-Rlog/RLOG-AT: [0] Channel1: AT< +CRSM: 144,0,62178202412183026FAD8A01058B036F060780020004880118
05-23 11:27:52.944   182   238 D use-Rlog/RLOG-AT: [0] Channel1: AT< OK
05-23 11:27:52.944   182   240 D use-Rlog/RLOG-AT: [0] Channel1: AT> AT+EUICC?
05-23 11:27:52.944   182   238 D use-Rlog/RLOG-AT: [0] Channel1: AT< +EUICC: 0,2,1
05-23 11:27:52.944   182   238 D use-Rlog/RLOG-AT: [0] Channel1: AT< OK
05-23 11:27:52.944   182   240 D use-Rlog/RLOG-RIL: [0] getSimType: +EUICC: 0,2,1
05-23 11:27:52.944   182   240 E use-Rlog/RLOG-RIL: [0] usim card, change to sim format
05-23 11:27:52.944   182   240 E use-Rlog/RLOG-RIL: [0] sr.simResponse NOT NULL, convert to sim
05-23 11:27:52.944   182   240 E use-Rlog/RLOG-RIL: [0] TYPE_FCP_DES index = 2 
05-23 11:27:52.944   182   240 E use-Rlog/RLOG-RIL: [0] TYPE_FCP_SIZE index = 18 
