05-23 11:07:03.548   592   925 I am_pause_activity: [0,1109694032,com.android.stk/.StkDialogActivity]
05-23 11:07:03.578   592   921 I am_proc_bound: [0,1863,com.android.browser]
05-23 11:07:04.970   698   698 I am_on_create_time: [0,.StkDialogActivity onCreate() takes: 1325ms]
05-23 11:07:05.050   698   698 I am_on_resume_called: [0,com.android.stk.StkDialogActivity]
05-23 11:07:05.060   698   698 I am_on_resume_time: [0,.StkDialogActivity onResume() takes: 87ms]
05-23 11:07:05.500   698   698 I am_on_paused_called: [0,com.android.stk.StkDialogActivity]
05-23 11:07:05.500   698   698 I am_on_pause_time: [0,.StkDialogActivity onPause() takes: 1ms]
05-23 11:07:05.500   592   924 I am_failed_to_pause: [0,1109694032,com.android.stk/.StkDialogActivity,(none)]
05-23 11:07:05.710   592   606 I dvm_lock_sample: [system_server,1,WindowManager,5,MessageQueue.java,140,-,318,1]
05-23 11:07:05.830   592   606 I am_activity_launch_time: [0,1109694032,com.android.stk/.StkDialogActivity,2283,2314]
05-23 11:07:06.551   592   667 I am_proc_died: [0,1863,com.android.browser]
05-23 11:07:06.551   592   667 I am_low_memory: 16
05-23 11:07:07.162   592   670 I backup_data_changed: com.android.providers.settings
05-23 11:07:07.192   592   670 I backup_data_changed: com.android.providers.settings
05-23 11:07:11.876   592   670 I backup_data_changed: com.android.providers.settings
05-23 11:07:11.906   592   670 I backup_data_changed: com.android.providers.settings
05-23 11:07:16.451   592   757 I am_fork_process_time: [0,Fork .gallery3d takes: 13ms]
05-23 11:07:16.451   592   757 I am_proc_start: [0,1937,10010,com.android.gallery3d,broadcast,com.android.gallery3d/.gadget.PhotoAppWidgetProvider]
05-23 11:07:16.501   592   652 I netstats_mobile_sample: [36332,136,14899,162,36012,128,14899,162,36012,128,14962,163,1527044836944]
05-23 11:07:16.511   592   652 I netstats_wifi_sample: [0,0,0,0,0,0,0,0,0,0,0,0,1527044836944]
05-23 11:07:16.541   592   832 I am_proc_bound: [0,1937,com.android.gallery3d]
05-23 11:07:16.911   592   670 I backup_data_changed: com.android.providers.settings
05-23 11:07:16.931   592   670 I backup_data_changed: com.android.providers.settings
05-23 11:07:17.071   592   602 I am_fork_process_time: [0,Fork .mms takes: 12ms]
05-23 11:07:17.071   592   602 I am_proc_start: [0,1953,10016,com.android.mms,broadcast,com.android.mms/.widget.MmsWidgetProvider]
05-23 11:07:17.101   592   924 I am_proc_bound: [0,1953,com.android.mms]
05-23 11:07:17.181   592   667 I am_proc_died: [0,1937,com.android.gallery3d]
05-23 11:07:17.191   592   667 I am_low_memory: 17
05-23 11:07:17.522   592   832 I am_fork_process_time: [0,Fork .pico takes: 45ms]
05-23 11:07:17.522   592   832 I am_proc_start: [0,1968,10013,com.svox.pico,service,com.svox.pico/.PicoService]
05-23 11:07:17.562   592   922 I am_proc_bound: [0,1968,com.svox.pico]
05-23 11:07:17.612   592   922 I am_create_service: [0,1105119056,.PicoService,10013,1968]
05-23 11:07:18.062   592   857 I am_create_service: [0,1105144992,.TransactionService,10016,1953]
05-23 11:07:18.072   592   602 I am_create_service: [0,1106084512,.SprdTransactionService1,10016,1953]
05-23 11:07:18.353   592   924 I am_destroy_service: [0,1105144992,1953]
05-23 11:07:18.363   592   757 I am_destroy_service: [0,1106084512,1953]
05-23 11:07:18.383   592   757 I am_fork_process_time: [0,Fork .browser takes: 19ms]
05-23 11:07:18.383   592   757 I am_proc_start: [0,2006,10011,com.android.browser,broadcast,com.android.browser/.widget.BookmarkThumbnailWidgetProvider]
05-23 11:07:18.483   592   925 I am_proc_bound: [0,2006,com.android.browser]
05-23 11:07:18.573   592   655 I dvm_lock_sample: [system_server,0,WifiStateMachine,53,ActivityManagerService.java,14419,-,5527,10]
05-23 11:07:18.743   592   923 I am_proc_died: [0,1953,com.android.mms]
05-23 11:07:18.753   592   923 I am_destroy_service: [0,1105119056,1968]
05-23 11:07:18.753   592   923 I am_low_memory: 18
05-23 11:07:19.013   592   603 I am_fork_process_time: [0,Fork .music takes: 50ms]
05-23 11:07:19.013   592   603 I am_proc_start: [0,2024,10023,com.android.music,broadcast,com.android.music/.MediaAppWidgetProvider]
05-23 11:07:19.013   592   832 I am_proc_bound: [0,2024,com.android.music]
05-23 11:07:19.203   592   832 I am_fork_process_time: [0,Fork .ramoptimizer takes: 14ms]
05-23 11:07:19.203   592   832 I am_proc_start: [0,2036,1000,com.sprd.ramoptimizer,broadcast,com.sprd.ramoptimizer/.RamOptWidget]
05-23 11:07:19.213   592   924 I am_proc_bound: [0,2036,com.sprd.ramoptimizer]
05-23 11:07:19.444   592   603 I am_create_service: [0,1109252856,.RamOptService,1000,2036]
05-23 11:07:19.464   592   832 I am_fork_process_time: [0,Fork .deskclock takes: 14ms]
05-23 11:07:19.464   592   832 I am_proc_start: [0,2048,1000,com.android.deskclock,broadcast,com.android.deskclock/com.android.alarmclock.AnalogAppWidgetProvider]
05-23 11:07:19.474   592   924 I am_proc_bound: [0,2048,com.android.deskclock]
05-23 11:07:19.534   592   757 I am_proc_died: [0,1968,com.svox.pico]
05-23 11:07:19.794   592   921 I am_fork_process_time: [0,Fork .calendar takes: 22ms]
05-23 11:07:19.794   592   921 I am_proc_start: [0,2060,10009,com.android.providers.calendar,broadcast,com.android.providers.calendar/.CalendarProviderBroadcastReceiver]
05-23 11:07:19.814   592   832 I am_proc_bound: [0,2060,com.android.providers.calendar]
05-23 11:07:19.854   592   667 I am_proc_died: [0,2006,com.android.browser]
05-23 11:07:20.094   592   857 I am_create_service: [0,1113235024,.CalendarProviderIntentService,10009,2060]
05-23 11:07:20.184   592   925 I am_destroy_service: [0,1113235024,2060]
05-23 11:07:20.214   592   922 I am_create_service: [0,1109935848,.EmptyService,10009,2060]
05-23 11:07:21.225   592   924 I am_destroy_service: [0,1109935848,2060]
05-23 11:07:21.526   592   857 I am_create_service: [0,1113113944,.DownloadService,10025,976]
05-23 11:07:21.566   592   923 I notification_cancel_all: [com.android.providers.downloads,0,0,64]
05-23 11:07:21.616   592   603 I am_destroy_service: [0,1113113944,976]
05-23 11:07:21.616   592   832 I am_create_service: [0,1109900488,.DownloadService,10025,976]
05-23 11:07:21.656   592   832 I notification_cancel_all: [com.android.providers.downloads,0,0,64]
05-23 11:07:21.666   592   602 I am_destroy_service: [0,1109900488,976]
05-23 11:07:21.886   592   670 I backup_data_changed: com.android.providers.settings
05-23 11:07:21.916   592   670 I backup_data_changed: com.android.providers.settings
05-23 11:07:21.936   592   924 I wm_task_moved: [3,1,2]
05-23 11:07:21.936   592   924 I wm_home_stack_moved: 0
05-23 11:07:21.956   592   924 I am_resume_activity: [0,1109987784,3,com.android.settings/com.sprd.settings.SprdUsbSettings]
05-23 11:07:21.966   592   924 I am_pause_activity: [0,1109987784,com.android.settings/com.sprd.settings.SprdUsbSettings]
05-23 11:07:21.986   592   924 I am_task_to_front: [0,3]
05-23 11:07:21.996   592   924 I am_new_intent: [0,1109876608,3,com.android.settings/com.sprd.settings.SprdUsbSettings,com.sprd.settings.APPLICATION_SPRD_USB_SETTINGS,NULL,NULL,283115520]
05-23 11:07:22.006   592   921 I am_proc_died: [0,2024,com.android.music]
05-23 11:07:22.266  1624  1624 I am_on_resume_called: [0,com.sprd.settings.SprdUsbSettings]
05-23 11:07:22.266  1624  1624 I am_on_resume_time: [0,.SprdUsbSettings onResume() takes: 257ms]
05-23 11:07:22.276  1624  1624 I am_on_paused_called: [0,com.sprd.settings.SprdUsbSettings]
05-23 11:07:22.286  1624  1624 I am_on_pause_time: [0,.SprdUsbSettings onPause() takes: 3ms]
05-23 11:07:22.557   592   857 I am_proc_died: [0,2036,com.sprd.ramoptimizer]
05-23 11:07:22.557   592   857 I am_destroy_service: [0,1109252856,-1]
05-23 11:07:22.557   592   922 I am_destroy_service: [0,1109417968,976]
05-23 11:07:22.987   592   603 I am_proc_died: [0,2048,com.android.deskclock]
05-23 11:07:23.408   592   602 I am_finish_activity: [0,1109694032,4,com.android.stk/.StkDialogActivity,app-request]
05-23 11:07:23.408   592   602 I am_destroy_activity: [0,1109694032,4,com.android.stk/.StkDialogActivity,finish-imm]
05-23 11:07:23.468   592   603 I wm_task_removed: [4,removeTask]
05-23 11:07:23.468   592   603 I wm_task_removed: [4,removeAppToken: last token]
05-23 11:07:24.318   592   832 I am_proc_died: [0,2060,com.android.providers.calendar]
05-23 11:07:24.328   592   832 I am_low_memory: 16
05-23 11:07:26.901   592   670 I backup_data_changed: com.android.providers.settings
05-23 11:07:26.951   592   670 I backup_data_changed: com.android.providers.settings
05-23 11:07:31.956   592   670 I backup_data_changed: com.android.providers.settings
05-23 11:07:31.976   592   670 I backup_data_changed: com.android.providers.settings
05-23 11:07:38.943   592   592 I force_gc: mem
05-23 11:07:43.948   698   698 I sqlite_mem_released: 386932
05-23 11:07:43.948   698   698 I force_gc: mem
05-23 11:07:48.942   673   673 I sqlite_mem_released: 0
05-23 11:07:48.962   673   673 I force_gc: mem
05-23 11:07:53.957   842   842 I sqlite_mem_released: 0
05-23 11:07:53.957   842   842 I force_gc: mem
05-23 11:07:58.952   872   872 I force_gc: mem
05-23 11:08:05.158   877   877 I sqlite_mem_released: 0
05-23 11:08:05.158   877   877 I force_gc: mem
05-23 11:08:10.163   883   883 I sqlite_mem_released: 0
05-23 11:08:10.163   883   883 I force_gc: mem
05-23 11:08:15.168   895   895 I sqlite_mem_released: 0
05-23 11:08:15.168   895   895 I force_gc: mem
05-23 11:08:20.183   784   784 I sqlite_mem_released: 34016
05-23 11:08:20.183   784   784 I force_gc: mem
05-23 11:08:25.178   820   820 I sqlite_mem_released: 259372
05-23 11:08:25.188   820   820 I force_gc: mem
05-23 11:08:31.244   926   926 I sqlite_mem_released: 8504
05-23 11:08:31.254   926   926 I force_gc: mem
05-23 11:08:36.269   976   976 I sqlite_mem_released: 263624
05-23 11:08:36.269   976   976 I force_gc: mem
05-23 11:08:40.012   592   924 I battery_status: [5,2,1,2,Li-ion]
05-23 11:08:45.057  1261  1261 I sqlite_mem_released: 0
05-23 11:08:45.067  1261  1261 I force_gc: mem
05-23 11:08:50.072  1413  1413 I force_gc: mem
05-23 11:09:26.297   592   607 I dvm_lock_sample: [system_server,1,ActivityManager,35,BroadcastQueue.java,685,-,685,7]
05-23 11:09:26.307   592   832 I dvm_lock_sample: [system_server,1,Binder_5,64,AlarmManagerService.java,700,-,1519,12]
05-23 11:10:10.711   592  2181 I free_storage_changed: 35217408
05-23 11:10:53.122   592   637 I am_fork_process_time: [0,Fork .mms takes: 30ms]
05-23 11:10:53.122   592   637 I am_proc_start: [0,2182,10016,com.android.mms,service,com.android.mms/cn.cmcc.online.smsapi.DaService]
05-23 11:10:53.392   592   857 I am_proc_bound: [0,2182,com.android.mms]
05-23 11:10:53.402   592   857 I am_create_service: [0,1110232440,.DaService,10016,2182]
05-23 11:10:53.412   592   857 I am_create_service: [0,1112569432,.CacheService,10016,2182]
05-23 11:10:53.783   592   923 I am_fork_process_time: [0,Fork .pico takes: 11ms]
05-23 11:10:53.783   592   923 I am_proc_start: [0,2197,10013,com.svox.pico,service,com.svox.pico/.PicoService]
05-23 11:10:53.803   592   603 I am_proc_bound: [0,2197,com.svox.pico]
05-23 11:10:53.803   592   603 I am_create_service: [0,1112943632,.PicoService,10013,2197]
05-23 11:10:54.283   592   603 I am_create_service: [0,1109683320,.TransactionService,10016,2182]
05-23 11:10:54.283   592   832 I am_create_service: [0,1109696648,.SprdTransactionService1,10016,2182]
05-23 11:10:54.443   592   602 I dvm_lock_sample: [system_server,1,Binder_1,52,ActivityManagerService.java,5869,BroadcastQueue.java,685,10]
05-23 11:10:54.523   592   757 I am_destroy_service: [0,1112569432,2182]
05-23 11:10:54.604   592   857 I am_create_service: [0,1108140136,.SmsReceiverService,10016,2182]
05-23 11:10:54.764   592   757 I am_destroy_service: [0,1109683320,2182]
05-23 11:10:54.784   592   602 I am_destroy_service: [0,1109696648,2182]
05-23 11:10:54.874   592   757 I am_destroy_service: [0,1108140136,2182]
05-23 11:10:55.875   592   924 I am_destroy_service: [0,1110232440,2182]
05-23 11:11:01.580   592   921 I am_proc_died: [0,2182,com.android.mms]
05-23 11:11:01.580   592   921 I am_destroy_service: [0,1112943632,2197]
05-23 11:11:01.590   592   921 I am_low_memory: 17
05-23 11:11:06.625   592   592 I force_gc: mem
05-23 11:11:15.033   698   698 I sqlite_mem_released: 25512
05-23 11:11:15.033   698   698 I force_gc: mem
05-23 11:11:20.028   673   673 I sqlite_mem_released: 0
05-23 11:11:20.028   673   673 I force_gc: mem
05-23 11:11:20.148   592   602 I am_proc_died: [0,2197,com.svox.pico]
05-23 11:11:20.148   592   602 I am_low_memory: 16
05-23 11:11:25.173   842   842 I sqlite_mem_released: 0
05-23 11:11:25.173   842   842 I force_gc: mem
05-23 11:11:30.168   872   872 I force_gc: mem
05-23 11:11:35.183   877   877 I sqlite_mem_released: 0
05-23 11:11:35.183   877   877 I force_gc: mem
05-23 11:11:40.178   883   883 I sqlite_mem_released: 0
05-23 11:11:40.178   883   883 I force_gc: mem
05-23 11:11:45.183   895   895 I sqlite_mem_released: 0
05-23 11:11:45.183   895   895 I force_gc: mem
05-23 11:11:50.198   784   784 I sqlite_mem_released: 0
05-23 11:11:50.198   784   784 I force_gc: mem
05-23 11:11:50.388   592   923 I am_proc_died: [0,1261,com.tihomobi.sms.indication]
05-23 11:11:50.398   592   923 I am_schedule_service_restart: [0,com.tihomobi.sms.indication/.TihoTimeTickService,1000]
05-23 11:11:50.398   592   923 I am_schedule_service_restart: [0,com.tihomobi.sms.indication/com.ryg.dynamicload.DLProxyService,10991]
05-23 11:11:50.398   592   923 I am_low_memory: 15
05-23 11:11:51.449   592   607 I am_fork_process_time: [0,Fork .indication takes: 30ms]
05-23 11:11:51.449   592   607 I am_proc_start: [0,2256,10040,com.tihomobi.sms.indication,service,com.tihomobi.sms.indication/.TihoTimeTickService]
05-23 11:11:51.489   592   922 I am_proc_bound: [0,2256,com.tihomobi.sms.indication]
05-23 11:11:51.529   592   922 I am_create_service: [0,1109606472,.TihoTimeTickService,10040,2256]
05-23 11:11:51.539   592   607 I dvm_lock_sample: [system_server,1,ActivityManager,41,ActivityManagerService.java,3331,-,5527,8]
05-23 11:11:51.539   592   607 I am_create_service: [0,1106854624,.DLProxyService,10040,2256]
05-23 11:11:52.230   592   923 I am_proc_died: [0,820,android.process.acore]
05-23 11:11:52.230   592   923 I am_schedule_service_restart: [0,com.android.providers.contacts/com.sprd.providers.contacts.SyncSimAccountsWatchdog,1000]
05-23 11:11:52.230   592   923 I am_low_memory: 15
05-23 11:11:53.261   592   607 I am_fork_process_time: [0,Fork .contacts takes: 34ms]
05-23 11:11:53.261   592   607 I am_proc_start: [0,2272,10015,android.process.acore,service,com.android.providers.contacts/com.sprd.providers.contacts.SyncSimAccountsWatchdog]
05-23 11:11:53.291   592   857 I am_proc_bound: [0,2272,android.process.acore]
05-23 11:11:53.341   592   857 I am_create_service: [0,1107402512,.SyncSimAccountsWatchdog,10015,2272]
05-23 11:11:53.871   592   925 I am_proc_died: [0,2256,com.tihomobi.sms.indication]
05-23 11:11:53.871   592   925 I am_schedule_service_restart: [0,com.tihomobi.sms.indication/.TihoTimeTickService,4000]
05-23 11:11:53.871   592   925 I am_schedule_service_restart: [0,com.tihomobi.sms.indication/com.ryg.dynamicload.DLProxyService,43964]
05-23 11:11:53.871   592   925 I am_low_memory: 15
05-23 11:11:58.906  1624  1624 I force_gc: mem
05-23 11:12:02.059   592   925 I am_proc_died: [0,1564,com.toycloud.cmccwatchsdk]
05-23 11:12:02.069   592   925 I am_low_memory: 14
05-23 11:12:07.074   592   592 I force_gc: mem
05-23 11:12:07.915   592   607 I am_fork_process_time: [0,Fork .indication takes: 31ms]
05-23 11:12:07.915   592   607 I am_proc_start: [0,2297,10040,com.tihomobi.sms.indication,service,com.tihomobi.sms.indication/.TihoTimeTickService]
05-23 11:12:07.945   592   757 I am_proc_bound: [0,2297,com.tihomobi.sms.indication]
05-23 11:12:08.045   592   757 I am_create_service: [0,1109606472,.TihoTimeTickService,10040,2297]
05-23 11:12:08.055   592   607 I am_create_service: [0,1106854624,.DLProxyService,10040,2297]
05-23 11:12:15.042   698   698 I sqlite_mem_released: 0
05-23 11:12:15.042   698   698 I force_gc: mem
05-23 11:12:20.037   673   673 I sqlite_mem_released: 0
05-23 11:12:20.037   673   673 I force_gc: mem
05-23 11:12:25.032   842   842 I sqlite_mem_released: 0
05-23 11:12:25.042   842   842 I force_gc: mem
05-23 11:12:30.047   872   872 I force_gc: mem
05-23 11:12:35.042   877   877 I sqlite_mem_released: 0
05-23 11:12:35.042   877   877 I force_gc: mem
05-23 11:12:40.056   883   883 I sqlite_mem_released: 0
05-23 11:12:40.056   883   883 I force_gc: mem
05-23 11:12:45.051   895   895 I sqlite_mem_released: 0
05-23 11:12:45.051   895   895 I force_gc: mem
05-23 11:12:50.056   784   784 I sqlite_mem_released: 0
05-23 11:12:50.056   784   784 I force_gc: mem
05-23 11:12:53.450   592   637 I am_fork_process_time: [0,Fork .cmccwatchsdk takes: 19ms]
05-23 11:12:53.450   592   637 I am_proc_start: [0,2313,1000,com.toycloud.cmccwatchsdk,service,com.toycloud.cmccwatchsdk/com.iflytek.pushclient.manager.PushService]
05-23 11:12:53.500   592   602 I am_proc_bound: [0,2313,com.toycloud.cmccwatchsdk]
05-23 11:12:53.550   592   602 I am_create_service: [0,1109478488,.PushService,1000,2313]
05-23 11:12:59.165  1624  1624 I force_gc: mem
05-23 11:13:02.078   592   602 I am_proc_died: [0,2272,android.process.acore]
05-23 11:13:02.078   592   602 I am_schedule_service_restart: [0,com.android.providers.contacts/com.sprd.providers.contacts.SyncSimAccountsWatchdog,1000]
05-23 11:13:02.078   592   602 I am_low_memory: 15
05-23 11:13:03.119   592   607 I am_fork_process_time: [0,Fork .contacts takes: 40ms]
05-23 11:13:03.119   592   607 I am_proc_start: [0,2345,10015,android.process.acore,service,com.android.providers.contacts/com.sprd.providers.contacts.SyncSimAccountsWatchdog]
05-23 11:13:03.149   592   921 I am_proc_bound: [0,2345,android.process.acore]
05-23 11:13:03.219   592   921 I am_create_service: [0,1107402512,.SyncSimAccountsWatchdog,10015,2345]
05-23 11:13:03.619   592   602 I am_proc_died: [0,2297,com.tihomobi.sms.indication]
05-23 11:13:03.619   592   602 I am_schedule_service_restart: [0,com.tihomobi.sms.indication/.TihoTimeTickService,16000]
05-23 11:13:03.619   592   602 I am_schedule_service_restart: [0,com.tihomobi.sms.indication/com.ryg.dynamicload.DLProxyService,175856]
05-23 11:13:03.619   592   602 I am_low_memory: 15
05-23 11:13:08.634   592   592 I force_gc: mem
05-23 11:13:15.041   698   698 I sqlite_mem_released: 0
05-23 11:13:15.041   698   698 I force_gc: mem
05-23 11:13:19.695   592   607 I am_fork_process_time: [0,Fork .indication takes: 42ms]
05-23 11:13:19.695   592   607 I am_proc_start: [0,2364,10040,com.tihomobi.sms.indication,service,com.tihomobi.sms.indication/.TihoTimeTickService]
05-23 11:13:19.735   592   924 I am_proc_bound: [0,2364,com.tihomobi.sms.indication]
05-23 11:13:19.785   592   924 I am_create_service: [0,1109606472,.TihoTimeTickService,10040,2364]
05-23 11:13:19.785   592   607 I am_create_service: [0,1106854624,.DLProxyService,10040,2364]
05-23 11:13:20.015   592   922 I am_proc_died: [0,2313,com.toycloud.cmccwatchsdk]
05-23 11:13:20.015   592   922 I am_low_memory: 15
05-23 11:13:25.010   673   673 I sqlite_mem_released: 0
05-23 11:13:25.010   673   673 I force_gc: mem
05-23 11:13:30.025   842   842 I sqlite_mem_released: 0
05-23 11:13:30.025   842   842 I force_gc: mem
05-23 11:13:35.030   872   872 I force_gc: mem
05-23 11:13:40.035   877   877 I sqlite_mem_released: 0
05-23 11:13:40.035   877   877 I force_gc: mem
05-23 11:13:45.040   883   883 I sqlite_mem_released: 0
05-23 11:13:45.040   883   883 I force_gc: mem
05-23 11:13:50.045   895   895 I sqlite_mem_released: 0
05-23 11:13:50.045   895   895 I force_gc: mem
05-23 11:13:53.518   592   637 I am_fork_process_time: [0,Fork .cmccwatchsdk takes: 28ms]
05-23 11:13:53.518   592   637 I am_proc_start: [0,2380,1000,com.toycloud.cmccwatchsdk,service,com.toycloud.cmccwatchsdk/com.iflytek.pushclient.manager.PushService]
05-23 11:13:53.588   592   925 I am_proc_bound: [0,2380,com.toycloud.cmccwatchsdk]
05-23 11:13:53.648   592   925 I am_create_service: [0,1109478488,.PushService,1000,2380]
05-23 11:13:53.979   592   857 I am_proc_died: [0,2345,android.process.acore]
05-23 11:13:53.989   592   857 I am_schedule_service_restart: [0,com.android.providers.contacts/com.sprd.providers.contacts.SyncSimAccountsWatchdog,4000]
05-23 11:13:53.989   592   857 I am_low_memory: 15
05-23 11:13:58.053   592   607 I am_fork_process_time: [0,Fork .contacts takes: 41ms]
05-23 11:13:58.053   592   607 I am_proc_start: [0,2407,10015,android.process.acore,service,com.android.providers.contacts/com.sprd.providers.contacts.SyncSimAccountsWatchdog]
05-23 11:13:58.063   592   667 I am_proc_bound: [0,2407,android.process.acore]
05-23 11:13:58.143   592   667 I am_create_service: [0,1107402512,.SyncSimAccountsWatchdog,10015,2407]
05-23 11:14:05.139   784   784 I sqlite_mem_released: 0
05-23 11:14:05.139   784   784 I force_gc: mem
05-23 11:14:10.134  1624  1624 I force_gc: mem
05-23 11:14:15.149  1413  1413 I force_gc: mem
05-23 11:14:15.259   592   832 I am_proc_died: [0,2364,com.tihomobi.sms.indication]
05-23 11:14:15.259   592   832 I am_schedule_service_restart: [0,com.tihomobi.sms.indication/.TihoTimeTickService,64000]
05-23 11:14:15.259   592   832 I am_schedule_service_restart: [0,com.tihomobi.sms.indication/com.ryg.dynamicload.DLProxyService,703424]
05-23 11:14:15.259   592   832 I am_low_memory: 15
05-23 11:14:20.274   592   592 I force_gc: mem
05-23 11:14:25.279   698   698 I sqlite_mem_released: 0
05-23 11:14:25.279   698   698 I force_gc: mem
05-23 11:14:30.284   673   673 I sqlite_mem_released: 0
05-23 11:14:30.284   673   673 I force_gc: mem
05-23 11:14:35.279   842   842 I sqlite_mem_released: 0
05-23 11:14:35.279   842   842 I force_gc: mem
05-23 11:14:40.294   872   872 I force_gc: mem
05-23 11:14:45.289   877   877 I sqlite_mem_released: 0
05-23 11:14:45.289   877   877 I force_gc: mem
05-23 11:14:50.294   883   883 I sqlite_mem_released: 0
05-23 11:14:50.294   883   883 I force_gc: mem
05-23 11:14:55.288   895   895 I sqlite_mem_released: 0
05-23 11:14:55.288   895   895 I force_gc: mem
05-23 11:15:01.084   592   607 I am_fork_process_time: [0,Fork .deskclock takes: 16ms]
05-23 11:15:01.084   592   607 I am_proc_start: [0,2430,1000,com.android.deskclock,broadcast,com.android.deskclock/com.android.alarmclock.DigitalAppWidgetProvider]
05-23 11:15:01.134   592   925 I am_proc_bound: [0,2430,com.android.deskclock]
05-23 11:15:01.254   592   607 I dvm_lock_sample: [system_server,1,ActivityManager,116,ActivityManagerService.java,3331,-,5527,23]
05-23 11:15:03.486   592   832 I am_proc_died: [0,2430,com.android.deskclock]
05-23 11:15:03.486   592   832 I am_low_memory: 15
05-23 11:15:08.481   784   784 I sqlite_mem_released: 0
05-23 11:15:08.481   784   784 I force_gc: mem
05-23 11:15:15.008  1624  1624 I force_gc: mem
05-23 11:15:19.292   592   607 I am_fork_process_time: [0,Fork .indication takes: 18ms]
05-23 11:15:19.292   592   607 I am_proc_start: [0,2449,10040,com.tihomobi.sms.indication,service,com.tihomobi.sms.indication/.TihoTimeTickService]
05-23 11:15:19.332   592   924 I am_proc_bound: [0,2449,com.tihomobi.sms.indication]
05-23 11:15:19.372   592   924 I am_create_service: [0,1109606472,.TihoTimeTickService,10040,2449]
05-23 11:15:19.372   592   607 I am_create_service: [0,1106854624,.DLProxyService,10040,2449]
05-23 11:15:20.012  1413  1413 I force_gc: mem
05-23 11:15:25.037   976   976 I sqlite_mem_released: 0
05-23 11:15:25.037   976   976 I force_gc: mem
05-23 11:15:25.127   592   667 I am_proc_died: [0,2407,android.process.acore]
05-23 11:15:25.127   592   667 I am_schedule_service_restart: [0,com.android.providers.contacts/com.sprd.providers.contacts.SyncSimAccountsWatchdog,1000]
05-23 11:15:25.127   592   667 I am_low_memory: 15
05-23 11:15:26.158   592   607 I am_fork_process_time: [0,Fork .contacts takes: 36ms]
05-23 11:15:26.158   592   607 I am_proc_start: [0,2464,10015,android.process.acore,service,com.android.providers.contacts/com.sprd.providers.contacts.SyncSimAccountsWatchdog]
05-23 11:15:26.179   592   603 I am_proc_bound: [0,2464,android.process.acore]
05-23 11:15:26.209   592   603 I am_create_service: [0,1107402512,.SyncSimAccountsWatchdog,10015,2464]
05-23 11:15:26.849   592   602 I am_proc_died: [0,2380,com.toycloud.cmccwatchsdk]
05-23 11:15:26.849   592   602 I am_low_memory: 15
05-23 11:15:31.864   592   592 I force_gc: mem
05-23 11:15:36.869   698   698 I sqlite_mem_released: 0
05-23 11:15:36.869   698   698 I force_gc: mem
05-23 11:15:41.864   673   673 I sqlite_mem_released: 0
05-23 11:15:41.864   673   673 I force_gc: mem
05-23 11:15:46.879   842   842 I sqlite_mem_released: 0
05-23 11:15:46.879   842   842 I force_gc: mem
05-23 11:15:51.874   872   872 I force_gc: mem
05-23 11:15:56.878   877   877 I sqlite_mem_released: 0
05-23 11:15:56.878   877   877 I force_gc: mem
05-23 11:16:01.163   592   637 I am_fork_process_time: [0,Fork .cmccwatchsdk takes: 21ms]
05-23 11:16:01.163   592   637 I am_proc_start: [0,2484,1000,com.toycloud.cmccwatchsdk,service,com.toycloud.cmccwatchsdk/com.iflytek.pushclient.manager.PushService]
05-23 11:16:01.203   592   921 I am_proc_bound: [0,2484,com.toycloud.cmccwatchsdk]
05-23 11:16:01.233   592   921 I am_create_service: [0,1109478488,.PushService,1000,2484]
05-23 11:16:04.015   592   921 I am_proc_died: [0,2449,com.tihomobi.sms.indication]
05-23 11:16:04.015   592   921 I am_schedule_service_restart: [0,com.tihomobi.sms.indication/.TihoTimeTickService,256000]
05-23 11:16:04.015   592   921 I am_schedule_service_restart: [0,com.tihomobi.sms.indication/com.ryg.dynamicload.DLProxyService,2813696]
05-23 11:16:04.015   592   921 I am_low_memory: 15
05-23 11:16:09.030   883   883 I sqlite_mem_released: 0
05-23 11:16:09.030   883   883 I force_gc: mem
05-23 11:16:15.046   895   895 I sqlite_mem_released: 0
05-23 11:16:15.046   895   895 I force_gc: mem
05-23 11:16:20.041   784   784 I sqlite_mem_released: 0
05-23 11:16:20.041   784   784 I force_gc: mem
05-23 11:16:25.056  1624  1624 I force_gc: mem
05-23 11:16:30.051  1413  1413 I force_gc: mem
05-23 11:16:35.056   976   976 I sqlite_mem_released: 0
05-23 11:16:35.056   976   976 I force_gc: mem
05-23 11:16:40.061   926   926 I sqlite_mem_released: 0
05-23 11:16:40.061   926   926 I force_gc: mem
05-23 11:20:20.075   592   607 I am_fork_process_time: [0,Fork .indication takes: 34ms]
05-23 11:20:20.075   592   607 I am_proc_start: [0,2549,10040,com.tihomobi.sms.indication,service,com.tihomobi.sms.indication/.TihoTimeTickService]
05-23 11:20:20.115   592   757 I am_proc_bound: [0,2549,com.tihomobi.sms.indication]
05-23 11:20:20.195   592   757 I am_create_service: [0,1109606472,.TihoTimeTickService,10040,2549]
05-23 11:20:20.205   592   607 I am_create_service: [0,1106854624,.DLProxyService,10040,2549]
05-23 11:21:06.450   592   923 I am_proc_died: [0,2464,android.process.acore]
05-23 11:21:06.450   592   923 I am_schedule_service_restart: [0,com.android.providers.contacts/com.sprd.providers.contacts.SyncSimAccountsWatchdog,1000]
05-23 11:21:06.450   592   923 I am_low_memory: 15
05-23 11:21:07.461   592   607 I am_fork_process_time: [0,Fork .contacts takes: 11ms]
05-23 11:21:07.461   592   607 I am_proc_start: [0,2572,10015,android.process.acore,service,com.android.providers.contacts/com.sprd.providers.contacts.SyncSimAccountsWatchdog]
05-23 11:21:07.512   592   757 I am_proc_bound: [0,2572,android.process.acore]
05-23 11:21:07.552   592   757 I am_create_service: [0,1107402512,.SyncSimAccountsWatchdog,10015,2572]
05-23 11:21:15.029   592   592 I force_gc: mem
05-23 11:21:20.054   698   698 I sqlite_mem_released: 0
05-23 11:21:20.054   698   698 I force_gc: mem
05-23 11:21:25.039   673   673 I sqlite_mem_released: 0
05-23 11:21:25.039   673   673 I force_gc: mem
05-23 11:21:30.054   842   842 I sqlite_mem_released: 0
05-23 11:21:30.054   842   842 I force_gc: mem
05-23 11:21:35.048   872   872 I force_gc: mem
05-23 11:21:40.053   877   877 I sqlite_mem_released: 0
05-23 11:21:40.053   877   877 I force_gc: mem
05-23 11:21:45.048   883   883 I sqlite_mem_released: 0
05-23 11:21:45.048   883   883 I force_gc: mem
05-23 11:21:50.053   895   895 I sqlite_mem_released: 0
05-23 11:21:50.053   895   895 I force_gc: mem
05-23 11:21:55.058   784   784 I sqlite_mem_released: 0
05-23 11:21:55.058   784   784 I force_gc: mem
05-23 11:22:01.644   592   925 I am_proc_died: [0,976,android.process.media]
05-23 11:22:01.654   592   925 I am_low_memory: 15
05-23 11:22:06.649  1624  1624 I force_gc: mem
05-23 11:22:15.017  1413  1413 I force_gc: mem
05-23 11:22:20.012   926   926 I sqlite_mem_released: 0
05-23 11:22:20.012   926   926 I force_gc: mem
05-23 11:22:25.017  2484  2484 I force_gc: mem
05-23 11:22:30.022  2549  2549 I sqlite_mem_released: 0
05-23 11:22:30.022  2549  2549 I force_gc: mem
05-23 11:22:50.852   592   592 I power_screen_broadcast_send: 1
05-23 11:22:50.852   592   592 I power_screen_state: [1,0,0,0]
05-23 11:22:50.852   592   592 I screen_toggled: 1
05-23 11:22:51.853   592   925 I am_proc_died: [0,2572,android.process.acore]
05-23 11:22:51.853   592   925 I am_schedule_service_restart: [0,com.android.providers.contacts/com.sprd.providers.contacts.SyncSimAccountsWatchdog,1000]
05-23 11:22:52.234   592   925 I dvm_lock_sample: [system_server,1,Binder_B,371,WindowManagerService.java,3953,-,9705,74]
05-23 11:22:52.234   592   925 I am_low_memory: 14
05-23 11:22:52.244   592   603 I dvm_lock_sample: [system_server,0,Binder_2,327,ActivityManagerService.java,14525,-,1105,65]
05-23 11:22:52.264   592   592 I power_screen_broadcast_done: [1,1403,1]
05-23 11:22:52.914   592   607 I am_fork_process_time: [0,Fork .contacts takes: 31ms]
05-23 11:22:52.914   592   607 I am_proc_start: [0,2601,10015,android.process.acore,service,com.android.providers.contacts/com.sprd.providers.contacts.SyncSimAccountsWatchdog]
05-23 11:22:52.994   673   673 I screen_toggled: 2
05-23 11:22:53.014   592   922 I am_proc_bound: [0,2601,android.process.acore]
05-23 11:22:53.075   592   922 I am_create_service: [0,1107402512,.SyncSimAccountsWatchdog,10015,2601]
05-23 11:22:53.275   592   922 I am_resume_activity: [0,1109987784,3,com.android.settings/com.sprd.settings.SprdUsbSettings]
05-23 11:22:53.435  1624  1624 I am_on_resume_called: [0,com.sprd.settings.SprdUsbSettings]
05-23 11:22:53.455  1624  1624 I am_on_resume_time: [0,.SprdUsbSettings onResume() takes: 91ms]
05-23 11:22:54.146   157   157 I sf_frame_dur: [Keyguard,1,1,0,2,2,9,2]
05-23 11:22:56.448   592   645 I power_sleep_requested: 0
05-23 11:22:56.608   592   592 I power_screen_broadcast_send: 1
05-23 11:22:56.608   592   592 I power_screen_state: [0,2,0,0]
05-23 11:22:56.608   592   592 I screen_toggled: 0
05-23 11:22:56.688   592   592 I am_pause_activity: [0,1109987784,com.android.settings/com.sprd.settings.SprdUsbSettings]
05-23 11:22:56.748  1624  1624 I am_on_paused_called: [0,com.sprd.settings.SprdUsbSettings]
05-23 11:22:56.748  1624  1624 I am_on_pause_time: [0,.SprdUsbSettings onPause() takes: 32ms]
05-23 11:22:57.048   592   670 I backup_data_changed: android
05-23 11:22:57.048   592   670 I backup_data_changed: android
05-23 11:22:57.048   592   670 I backup_data_changed: android
05-23 11:22:57.058   592   670 I backup_data_changed: android
05-23 11:22:58.079   592   592 I power_screen_broadcast_done: [0,1464,1]
05-23 11:22:58.079   592   592 I power_screen_broadcast_send: 1
05-23 11:22:58.079   592   592 I power_screen_state: [1,0,0,0]
05-23 11:22:58.079   592   592 I screen_toggled: 1
05-23 11:22:58.320   592   592 I power_screen_broadcast_done: [1,244,1]
05-23 11:22:58.700   592   611 I dvm_lock_sample: [system_server,0,android.fg,371,WindowManagerService.java,10926,-,9705,74]
05-23 11:22:59.831   673   673 I screen_toggled: 2
05-23 11:22:59.901   592   924 I am_resume_activity: [0,1109987784,3,com.android.settings/com.sprd.settings.SprdUsbSettings]
05-23 11:23:00.011  1624  1624 I am_on_resume_called: [0,com.sprd.settings.SprdUsbSettings]
05-23 11:23:00.011  1624  1624 I am_on_resume_time: [0,.SprdUsbSettings onResume() takes: 91ms]
05-23 11:23:00.051   157   157 I sf_frame_dur: [Keyguard,1,0,2,0,2,0,0]
05-23 11:23:04.386   592   921 I battery_status: [3,2,1,0,Li-ion]
05-23 11:23:04.446   592   607 I am_fork_process_time: [0,Fork .sysoper takes: 20ms]
05-23 11:23:04.446   592   607 I am_proc_start: [0,2664,1000,com.adups.fota.sysoper,broadcast,com.adups.fota.sysoper/.OtaReceiver]
05-23 11:23:04.446   592   857 I am_finish_activity: [0,1109987784,3,com.android.settings/com.sprd.settings.SprdUsbSettings,app-request]
05-23 11:23:04.446   592   857 I wm_home_stack_moved: 1
05-23 11:23:04.446   592   857 I wm_task_moved: [1,1,1]
05-23 11:23:04.446   592   857 I wm_home_stack_moved: 1
05-23 11:23:04.446   592   592 I notification_cancel: [android,17040581,NULL,-1,0,0]
05-23 11:23:04.446   592   635 I dvm_lock_sample: [system_server,0,PowerManagerService,20,BatteryService.java,185,-,288,4]
05-23 11:23:04.476   592   857 I am_pause_activity: [0,1109987784,com.android.settings/com.sprd.settings.SprdUsbSettings]
05-23 11:23:04.556   592   592 I notification_cancel: [com.android.systemui,17303008,NULL,-1,0,64]
05-23 11:23:04.576  1624  1624 I am_on_paused_called: [0,com.sprd.settings.SprdUsbSettings]
05-23 11:23:04.576  1624  1624 I am_on_pause_time: [0,.SprdUsbSettings onPause() takes: 2ms]
05-23 11:23:04.586   592   921 I am_resume_activity: [0,1108098592,1,com.alading.launcher/.MainActivity]
05-23 11:23:04.606   926   926 I am_on_resume_called: [0,com.alading.launcher.MainActivity]
05-23 11:23:04.606   926   926 I am_on_resume_time: [0,.MainActivity onResume() takes: 9ms]
05-23 11:23:04.756   592   924 I am_proc_bound: [0,2664,com.adups.fota.sysoper]
05-23 11:23:05.036   157   157 I sf_frame_dur: [com.android.settings/com.sprd.settings.SprdUsbSettings,74,1,1,2,1,1,3]
05-23 11:23:05.046   592   607 I am_destroy_activity: [0,1109987784,3,com.android.settings/com.sprd.settings.SprdUsbSettings,finish-imm]
05-23 11:23:05.146   592   921 I wm_task_removed: [3,removeTask]
05-23 11:23:05.146   592   921 I wm_stack_removed: 2
05-23 11:23:05.146   592   921 I wm_task_removed: [3,removeAppToken: last token]
05-23 11:23:05.266   592   602 I am_proc_died: [0,1624,com.android.settings]
05-23 11:23:05.276   592   602 I am_fork_process_time: [0,Fork .settings takes: 11ms]
05-23 11:23:05.276   592   602 I am_proc_start: [0,2681,1000,com.android.settings,broadcast,com.android.settings/com.sprd.settings.SprdUsbReceiver]
05-23 11:23:05.276   592   857 I am_proc_died: [0,0,com.android.settings]
05-23 11:23:05.296   592   924 I am_proc_bound: [0,2681,com.android.settings]
05-23 11:23:05.397   592   925 I battery_status: [2,2,1,2,Li-ion]
05-23 11:23:05.647   592   924 I am_fork_process_time: [0,Fork .media takes: 9ms]
05-23 11:23:05.647   592   924 I am_proc_start: [0,2695,10025,android.process.media,broadcast,com.android.providers.media/.MtpReceiver]
05-23 11:23:05.687   592   832 I am_proc_bound: [0,2695,android.process.media]
05-23 11:23:05.947   592   611 I notification_enqueue: [android,17040581,NULL,-1,Notification(pri=-1 contentView=android/0x1090067 vibrate=null sound=null defaults=0x0 flags=0x2 kind=[null])]
05-23 11:23:06.007   592   603 I am_proc_died: [0,2664,com.adups.fota.sysoper]
05-23 11:23:06.037   592   667 I am_create_service: [0,1108441456,.MediaScannerService,10025,2695]
05-23 11:23:06.097   592   857 I notification_enqueue: [com.android.systemui,17303008,NULL,-1,Notification(pri=0 contentView=com.android.systemui/0x1090067 vibrate=null sound=null defaults=0x0 flags=0x2 kind=[null])]
05-23 11:23:06.107   592   924 I notification_enqueue: [com.android.systemui,17303008,NULL,-1,Notification(pri=0 contentView=com.android.systemui/0x1090067 vibrate=null sound=null defaults=0x0 flags=0x2 kind=[null])]
05-23 11:23:06.187   592   602 I am_proc_died: [0,2681,com.android.settings]
05-23 11:23:06.187   592   602 I am_low_memory: 15
05-23 11:23:06.197   592   603 I am_create_service: [0,1110200184,.DownloadService,10025,2695]
05-23 11:23:06.247   592   921 I am_fork_process_time: [0,Fork .fota takes: 11ms]
05-23 11:23:06.247   592   921 I am_proc_start: [0,2711,10027,com.adups.fota,broadcast,com.adups.fota/.amc.AmcPackReceiver]
05-23 11:23:06.267   592   603 I am_proc_bound: [0,2711,com.adups.fota]
05-23 11:23:07.549   592   923 I notification_cancel_all: [com.android.providers.downloads,0,0,64]
05-23 11:23:07.769   592   922 I am_destroy_service: [0,1110200184,2695]
05-23 11:23:07.999   592   923 I am_proc_died: [0,2484,com.toycloud.cmccwatchsdk]
05-23 11:23:08.009   592   923 I am_low_memory: 15
05-23 11:23:08.930   592   603 I am_create_service: [0,1113198064,.AmcPackIntentService,10027,2711]
05-23 11:23:08.970   592   832 I am_fork_process_time: [0,Fork .settings takes: 22ms]
05-23 11:23:08.970   592   832 I am_proc_start: [0,2737,1000,com.android.settings,broadcast,com.android.settings/com.sprd.settings.SprdUsbReceiver]
05-23 11:23:09.060   592   602 I am_proc_bound: [0,2737,com.android.settings]
05-23 11:23:09.120   592   924 I am_destroy_service: [0,1113198064,2711]
05-23 11:23:09.200   592   832 I am_proc_died: [0,2711,com.adups.fota]
05-23 11:23:09.200   592   832 I am_low_memory: 15
05-23 11:23:09.420   592   921 I wm_stack_created: [3,0,6,100]
05-23 11:23:09.460   592   921 I am_create_task: [0,5]
05-23 11:23:09.460   592   921 I am_create_activity: [0,1113053456,5,com.android.settings/com.sprd.settings.SprdUsbSettings,com.sprd.settings.APPLICATION_SPRD_USB_SETTINGS,NULL,NULL,278921216]
05-23 11:23:09.481   592   921 I wm_task_created: [5,3]
05-23 11:23:09.481   592   921 I wm_task_moved: [5,1,1]
05-23 11:23:09.481   592   921 I wm_home_stack_moved: 0
05-23 11:23:09.511   592   921 I am_pause_activity: [0,1108098592,com.alading.launcher/.MainActivity]
05-23 11:23:09.521   926   926 I am_on_paused_called: [0,com.alading.launcher.MainActivity]
05-23 11:23:09.521   926   926 I am_on_pause_time: [0,.MainActivity onPause() takes: 5ms]
05-23 11:23:09.551   592   925 I am_restart_activity: [0,1113053456,5,com.android.settings/com.sprd.settings.SprdUsbSettings]
05-23 11:23:10.191  2737  2737 I am_on_create_time: [0,.SprdUsbSettings onCreate() takes: 590ms]
05-23 11:23:10.251  2737  2737 I am_on_resume_called: [0,com.sprd.settings.SprdUsbSettings]
05-23 11:23:10.251  2737  2737 I am_on_resume_time: [0,.SprdUsbSettings onResume() takes: 24ms]
05-23 11:23:10.471   157   157 I sf_frame_dur: [com.alading.launcher/com.alading.launcher.MainActivity,16,1,2,1,7,0,0]
05-23 11:23:10.932   592   606 I am_activity_launch_time: [0,1113053456,com.android.settings/com.sprd.settings.SprdUsbSettings,1391,1391]
05-23 11:23:11.012   157   157 I sf_frame_dur: [Starting com.android.settings,0,1,0,0,0,0,0]
05-23 11:23:12.894   592   922 I battery_status: [3,2,1,0,Li-ion]
05-23 11:23:12.984   592   607 I am_fork_process_time: [0,Fork .sysoper takes: 21ms]
05-23 11:23:12.984   592   607 I am_proc_start: [0,2767,1000,com.adups.fota.sysoper,broadcast,com.adups.fota.sysoper/.OtaReceiver]
05-23 11:23:12.984   592   667 I am_finish_activity: [0,1113053456,5,com.android.settings/com.sprd.settings.SprdUsbSettings,app-request]
05-23 11:23:12.984   592   667 I wm_home_stack_moved: 1
05-23 11:23:12.984   592   667 I wm_task_moved: [1,1,1]
05-23 11:23:12.984   592   667 I wm_home_stack_moved: 1
05-23 11:23:12.984   592   667 I am_pause_activity: [0,1113053456,com.android.settings/com.sprd.settings.SprdUsbSettings]
05-23 11:23:12.994   592   592 I notification_cancel: [android,17040581,NULL,-1,0,0]
05-23 11:23:13.054  2737  2737 I am_on_paused_called: [0,com.sprd.settings.SprdUsbSettings]
05-23 11:23:13.054  2737  2737 I am_on_pause_time: [0,.SprdUsbSettings onPause() takes: 3ms]
05-23 11:23:13.064   592   757 I am_resume_activity: [0,1108098592,1,com.alading.launcher/.MainActivity]
05-23 11:23:13.074   926   926 I am_on_resume_called: [0,com.alading.launcher.MainActivity]
05-23 11:23:13.074   926   926 I am_on_resume_time: [0,.MainActivity onResume() takes: 1ms]
05-23 11:23:13.094   592   607 I dvm_lock_sample: [system_server,1,ActivityManager,9,ActivityStackSupervisor.java,2674,ActivityManagerService.java,5736,1]
05-23 11:23:13.104   592   857 I am_proc_bound: [0,2767,com.adups.fota.sysoper]
05-23 11:23:13.154   592   592 I notification_cancel: [com.android.systemui,17303008,NULL,-1,0,64]
05-23 11:23:13.224   592   607 I am_destroy_activity: [0,1113053456,5,com.android.settings/com.sprd.settings.SprdUsbSettings,finish-imm]
05-23 11:23:13.234   157   157 I sf_frame_dur: [com.android.settings/com.sprd.settings.SprdUsbSettings,48,0,1,0,0,1,0]
05-23 11:23:13.254   592   857 I wm_task_removed: [5,removeTask]
05-23 11:23:13.254   592   857 I wm_stack_removed: 3
05-23 11:23:13.254   592   857 I wm_task_removed: [5,removeAppToken: last token]
05-23 11:23:13.344   592   924 I battery_status: [2,2,1,2,Li-ion]
05-23 11:23:13.484   592   603 I am_fork_process_time: [0,Fork .fota takes: 10ms]
05-23 11:23:13.484   592   603 I am_proc_start: [0,2787,10027,com.adups.fota,broadcast,com.adups.fota/.amc.AmcPackReceiver]
05-23 11:23:13.504   592   602 I am_proc_bound: [0,2787,com.adups.fota]
05-23 11:23:13.745   592   611 I notification_enqueue: [android,17040581,NULL,-1,Notification(pri=-1 contentView=android/0x1090067 vibrate=null sound=null defaults=0x0 flags=0x2 kind=[null])]
05-23 11:23:13.915   592   757 I notification_enqueue: [com.android.systemui,17303008,NULL,-1,Notification(pri=0 contentView=com.android.systemui/0x1090067 vibrate=null sound=null defaults=0x0 flags=0x2 kind=[null])]
05-23 11:23:13.925   592   922 I am_proc_died: [0,2767,com.adups.fota.sysoper]
05-23 11:23:13.925   592   857 I notification_enqueue: [com.android.systemui,17303008,NULL,-1,Notification(pri=0 contentView=com.android.systemui/0x1090067 vibrate=null sound=null defaults=0x0 flags=0x2 kind=[null])]
05-23 11:23:14.015   592   832 I am_proc_died: [0,2737,com.android.settings]
05-23 11:23:14.015   592   832 I am_low_memory: 15
05-23 11:23:14.195   592   667 I am_create_service: [0,1108601288,.AmcPackIntentService,10027,2787]
05-23 11:23:14.215   592   922 I am_fork_process_time: [0,Fork .settings takes: 14ms]
05-23 11:23:14.215   592   922 I am_proc_start: [0,2802,1000,com.android.settings,broadcast,com.android.settings/com.sprd.settings.SprdUsbReceiver]
05-23 11:23:14.225   592   603 I am_proc_bound: [0,2802,com.android.settings]
05-23 11:23:14.355   592   857 I am_destroy_service: [0,1108601288,2787]
05-23 11:23:15.256   592   832 I am_proc_died: [0,2787,com.adups.fota]
05-23 11:23:15.256   592   832 I am_low_memory: 15
05-23 11:23:15.516   592   757 I wm_stack_created: [4,0,6,100]
05-23 11:23:15.516   592   757 I am_create_task: [0,6]
05-23 11:23:15.516   592   757 I am_create_activity: [0,1108056696,6,com.android.settings/com.sprd.settings.SprdUsbSettings,com.sprd.settings.APPLICATION_SPRD_USB_SETTINGS,NULL,NULL,278921216]
05-23 11:23:15.516   592   757 I wm_task_created: [6,4]
05-23 11:23:15.516   592   757 I wm_task_moved: [6,1,1]
05-23 11:23:15.516   592   757 I wm_home_stack_moved: 0
05-23 11:23:15.526   592   757 I am_pause_activity: [0,1108098592,com.alading.launcher/.MainActivity]
05-23 11:23:15.536   926   926 I am_on_paused_called: [0,com.alading.launcher.MainActivity]
05-23 11:23:15.536   926   926 I am_on_pause_time: [0,.MainActivity onPause() takes: 1ms]
05-23 11:23:15.546   592   925 I am_restart_activity: [0,1108056696,6,com.android.settings/com.sprd.settings.SprdUsbSettings]
05-23 11:23:15.566   592   607 I dvm_lock_sample: [system_server,1,ActivityManager,12,ActivityStackSupervisor.java,2674,ActivityManagerService.java,5736,2]
05-23 11:23:15.697   157   157 I sf_frame_dur: [com.alading.launcher/com.alading.launcher.MainActivity,0,3,1,1,1,1,0]
05-23 11:23:15.927  2802  2802 I am_on_create_time: [0,.SprdUsbSettings onCreate() takes: 323ms]
05-23 11:23:15.957  2802  2802 I am_on_resume_called: [0,com.sprd.settings.SprdUsbSettings]
05-23 11:23:15.957  2802  2802 I am_on_resume_time: [0,.SprdUsbSettings onResume() takes: 14ms]
05-23 11:23:16.247   592   606 I am_activity_launch_time: [0,1108056696,com.android.settings/com.sprd.settings.SprdUsbSettings,704,704]
05-23 11:23:16.297   157   157 I sf_frame_dur: [Starting com.android.settings,0,1,0,0,0,0,0]
05-23 11:23:25.826   592   592 I force_gc: mem
05-23 11:23:29.350   592   832 I am_finish_activity: [0,1108056696,6,com.android.settings/com.sprd.settings.SprdUsbSettings,app-request]
05-23 11:23:29.350   592   832 I wm_home_stack_moved: 1
05-23 11:23:29.350   592   832 I wm_task_moved: [1,1,1]
05-23 11:23:29.350   592   832 I wm_home_stack_moved: 1
05-23 11:23:29.370   592   832 I am_pause_activity: [0,1108056696,com.android.settings/com.sprd.settings.SprdUsbSettings]
05-23 11:23:29.390  2802  2802 I am_on_paused_called: [0,com.sprd.settings.SprdUsbSettings]
05-23 11:23:29.390  2802  2802 I am_on_pause_time: [0,.SprdUsbSettings onPause() takes: 4ms]
05-23 11:23:29.400   592   925 I am_resume_activity: [0,1108098592,1,com.alading.launcher/.MainActivity]
05-23 11:23:29.430   926   926 I am_on_resume_called: [0,com.alading.launcher.MainActivity]
05-23 11:23:29.430   926   926 I am_on_resume_time: [0,.MainActivity onResume() takes: 0ms]
05-23 11:23:29.590   157   157 I sf_frame_dur: [com.android.settings/com.sprd.settings.SprdUsbSettings,16,0,0,0,0,1,1]
05-23 11:23:29.590   592   607 I am_destroy_activity: [0,1108056696,6,com.android.settings/com.sprd.settings.SprdUsbSettings,finish-imm]
05-23 11:23:29.630   592   603 I wm_task_removed: [6,removeTask]
05-23 11:23:29.640   592   603 I wm_stack_removed: 4
05-23 11:23:29.660   592   603 I wm_task_removed: [6,removeAppToken: last token]
05-23 11:23:34.605   698   698 I sqlite_mem_released: 17008
05-23 11:23:34.605   698   698 I force_gc: mem
05-23 11:23:39.600   673   673 I sqlite_mem_released: 0
05-23 11:23:39.610   673   673 I force_gc: mem
05-23 11:23:44.615   842   842 I sqlite_mem_released: 0
05-23 11:23:44.615   842   842 I force_gc: mem
05-23 11:23:45.005   592   922 I wm_stack_created: [5,0,6,100]
05-23 11:23:45.015   592   922 I am_create_task: [0,7]
05-23 11:23:45.015   592   922 I am_create_activity: [0,1104982704,7,com.android.stk/.StkDialogActivity,NULL,NULL,stk://com.android.stk/dialog/1527045825008,277086208]
05-23 11:23:45.015   592   922 I wm_task_created: [7,5]
05-23 11:23:45.015   592   922 I wm_task_moved: [7,1,1]
05-23 11:23:45.015   592   922 I wm_home_stack_moved: 0
05-23 11:23:45.015   592   922 I am_pause_activity: [0,1108098592,com.alading.launcher/.MainActivity]
05-23 11:23:45.035   926   926 I am_on_paused_called: [0,com.alading.launcher.MainActivity]
05-23 11:23:45.035   926   926 I am_on_pause_time: [0,.MainActivity onPause() takes: 0ms]
05-23 11:23:45.045   592   925 I am_restart_activity: [0,1104982704,7,com.android.stk/.StkDialogActivity]
05-23 11:23:45.205   698   698 I am_on_create_time: [0,.StkDialogActivity onCreate() takes: 147ms]
05-23 11:23:45.235   698   698 I am_on_resume_called: [0,com.android.stk.StkDialogActivity]
05-23 11:23:45.235   698   698 I am_on_resume_time: [0,.StkDialogActivity onResume() takes: 30ms]
05-23 11:23:45.386   592   606 I am_activity_launch_time: [0,1104982704,com.android.stk/.StkDialogActivity,349,349]
05-23 11:23:46.397   592   757 I am_finish_activity: [0,1104982704,7,com.android.stk/.StkDialogActivity,app-request]
05-23 11:23:46.397   592   757 I wm_home_stack_moved: 1
05-23 11:23:46.407   592   757 I wm_task_moved: [1,1,1]
05-23 11:23:46.407   592   757 I wm_home_stack_moved: 1
05-23 11:23:46.417   592   757 I am_pause_activity: [0,1104982704,com.android.stk/.StkDialogActivity]
05-23 11:23:46.437   698   698 I am_on_paused_called: [0,com.android.stk.StkDialogActivity]
05-23 11:23:46.437   698   698 I am_on_pause_time: [0,.StkDialogActivity onPause() takes: 1ms]
05-23 11:23:46.437   592   667 I am_resume_activity: [0,1108098592,1,com.alading.launcher/.MainActivity]
05-23 11:23:46.437   926   926 I am_on_resume_called: [0,com.alading.launcher.MainActivity]
05-23 11:23:46.437   926   926 I am_on_resume_time: [0,.MainActivity onResume() takes: 0ms]
05-23 11:23:46.497   592   607 I am_destroy_activity: [0,1104982704,7,com.android.stk/.StkDialogActivity,finish-imm]
05-23 11:23:46.607   157   157 I sf_frame_dur: [com.android.stk/com.android.stk.StkDialogActivity,17,1,3,1,0,0,0]
05-23 11:23:46.607   592   924 I wm_task_removed: [7,removeTask]
05-23 11:23:46.607   592   924 I wm_stack_removed: 5
05-23 11:23:46.607   592   924 I wm_task_removed: [7,removeAppToken: last token]
05-23 11:23:47.127   592   667 I wm_stack_created: [6,0,6,100]
05-23 11:23:47.127   592   667 I am_create_task: [0,8]
05-23 11:23:47.127   592   667 I am_create_activity: [0,1105138368,8,com.android.settings/.Settings,NULL,NULL,NULL,268435456]
05-23 11:23:47.127   592   667 I wm_task_created: [8,6]
05-23 11:23:47.127   592   667 I wm_task_moved: [8,1,1]
05-23 11:23:47.127   592   667 I wm_home_stack_moved: 0
05-23 11:23:47.127   592   667 I am_pause_activity: [0,1108098592,com.alading.launcher/.MainActivity]
05-23 11:23:47.147   926   926 I am_on_paused_called: [0,com.alading.launcher.MainActivity]
05-23 11:23:47.147   926   926 I am_on_pause_time: [0,.MainActivity onPause() takes: 0ms]
05-23 11:23:47.157   592   832 I am_restart_activity: [0,1105138368,8,com.android.settings/.Settings]
05-23 11:23:47.337   157   157 I sf_frame_dur: [com.alading.launcher/com.alading.launcher.MainActivity,56,5,1,0,32,0,0]
05-23 11:23:47.628  2802  2802 I am_on_create_time: [0,.Settings onCreate() takes: 265ms]
05-23 11:23:47.638  2802  2802 I am_on_resume_called: [0,com.android.settings.Settings]
05-23 11:23:47.638  2802  2802 I am_on_resume_time: [0,.Settings onResume() takes: 7ms]
05-23 11:23:47.818   592   606 I am_activity_launch_time: [0,1105138368,com.android.settings/.Settings,671,671]
