05-23 11:26:11.168   154   345 E         : rotatelogs: slog rotatelogs [17]
05-23 11:26:11.238   157   157 D gralloc.sc8830: fb_post fps = 2.016161
05-23 11:26:11.468   167   167 E SLOGCP  : int MediaStorage::check_quota(): data large: 10513904/10M
05-23 11:26:11.468   167   167 E SLOGCP  : virtual void LogPipeHandler::process(int): CP cp_5mode save log error [16(Device or resource busy)]
05-23 11:26:11.758   179   214 D phoneserver: rsrp[0]=76,rscp[0]=255,rxlev[0]=99 ind_str= 
05-23 11:26:11.758   179   214 D phoneserver: +CESQ: 99,99,255,255,30,76
05-23 11:26:11.758   673   673 D StatusBar.NetworkController: onSignalStrengthsChanged on phoneId0signalStrength=SignalStrength: 99 -1 -120 -160 -120 -1 -1 99 -76 2147483647 2147483647 2147483647 gsm|lte level=4LTELevel=4
05-23 11:26:11.758   926   926 D MainDialog:  oldLevel = 4 level = 4 isSimAvail = true
05-23 11:26:11.768   673   673 D StatusBar.NetworkController: phoneid=0 isexist=true  5
05-23 11:26:11.768   673   673 D StatusBar.NetworkController: isSupportLTE = false  isCardAbsent = false
05-23 11:26:11.768   673   673 D Settings: newValuesVersion = 7
05-23 11:26:11.768   673   673 D Settings: mValues.get(name) = null
05-23 11:26:11.768   673   673 E StatusBar.NetworkController: mServiceState[phoneId].getState(): 0
05-23 11:26:11.768   673   673 E StatusBar.NetworkController: mServiceState[phoneId].getDataRegState(): 0
05-23 11:26:11.768   673   673 D TelephonyManager: getRadioFeatures: phoneId=0
05-23 11:26:11.768   673   673 D TelephonyManager: getRadioCapbility: ssdaMode=tdd-csfb
05-23 11:26:11.768   673   673 D TelephonyManager: getRadioFeatures: rCapbility=TDD_CSFB, testMode=8
05-23 11:26:11.768   673   673 D StatusBar.NetworkController: phoneId = 0 colorIndex = 0 mInetCondition=0 iconLevel=4
05-23 11:26:11.768   673   673 D TelephonyManager: getRadioFeatures: phoneId=0
05-23 11:26:11.768   673   673 D TelephonyManager: getRadioCapbility: ssdaMode=tdd-csfb
05-23 11:26:11.768   673   673 D TelephonyManager: getRadioFeatures: rCapbility=TDD_CSFB, testMode=8
05-23 11:26:11.778   673   673 D TelephonyManager: getRadioFeatures: phoneId=0
05-23 11:26:11.778   673   673 D TelephonyManager: getRadioCapbility: ssdaMode=tdd-csfb
05-23 11:26:11.778   673   673 D TelephonyManager: getRadioFeatures: rCapbility=TDD_CSFB, testMode=8
05-23 11:26:11.778   673   673 D StatusBar.NetworkController: phoneId: 0  refreshViews:   mAirplaneMode=false emergencyOnly=false no_wifi no_wifi mWifiIconId=0x0 mQSWifiIconId=0x0 wifiLabel= mHasMobileDataFeature=true mShowPhoneRSSIForData=false mPhoneSignalIconId=0x7f020107 mDataSignalIconId=0x7f020105/com.android.systemui:drawable/stat_sys_signal_4_sprd Phone_Signal_Level=4 GPRS &NetworkRoaming=false mMobileActivityIconId=0x7f0200dc(mDataActivity=3) mDataTypeIconId=0x7f0200c8/com.android.systemui:drawable/stat_sys_data_fully_connected_4g_ex   combinedSignalIconId=0x7f020105/com.android.systemui:drawable/stat_sys_signal_4_ex mobileLabel=中国移动4G combinedLabel=中国移动4G mLastDataDirectionOverlayIconId=0x7f0200dc
05-23 11:26:11.778   673   673 D Settings: newValuesVersion = 2
05-23 11:26:11.778   673   673 D Settings: mValues.get(name) = 0
05-23 11:26:11.778   673   673 D Settings: newValuesVersion = 7
05-23 11:26:11.778   673   673 D Settings: mValues.get(name) = null
05-23 11:26:11.778   673   673 D QuickSettingsModel: isStandby = true
05-23 11:26:11.778   673   673 D Settings: newValuesVersion = 7
05-23 11:26:11.778   673   673 D Settings: mValues.get(name) = null
05-23 11:26:11.778   673   673 D QuickSettingsModel: onVoWifiChanged multiModeSlot = 0 isVoWifiAvailable = false isStandby = true
05-23 11:26:11.798   167   167 E SLOGCP  : int MediaStorage::check_quota(): data large: 10513904/10M
05-23 11:26:11.798   167   167 E SLOGCP  : virtual void LogPipeHandler::process(int): CP cp_5mode save log error [16(Device or resource busy)]
05-23 11:26:11.828   592   975 D LIBGPS  : watchdog_open PowerState:GE2 CP SLEEP,readcount:0
05-23 11:26:11.919   698   698 D Settings: newValuesVersion = 35
05-23 11:26:11.919   698   698 D Settings: mValues.get(name) = null
05-23 11:26:11.989   167   167 E SLOGCP  : int MediaStorage::check_quota(): data large: 10513904/10M
05-23 11:26:11.989   167   167 E SLOGCP  : virtual void LogPipeHandler::process(int): CP cp_5mode save log error [16(Device or resource busy)]
05-23 11:26:12.229   592   616 I PackageManager: Checking for more work or unbind...
05-23 11:26:12.239   592   616 I PackageManager: Posting delayed MCS_UNBIND
05-23 11:26:12.239   157   157 D gralloc.sc8830: fb_post fps = 1.998475
05-23 11:26:12.439   167   167 E SLOGCP  : int MediaStorage::check_quota(): data large: 10513904/10M
05-23 11:26:12.439   167   167 E SLOGCP  : virtual void LogPipeHandler::process(int): CP cp_5mode save log error [16(Device or resource busy)]
05-23 11:26:12.579   592  2942 D dalvikvm: GC_FOR_ALLOC freed 1390K, 27% free 7668K/10380K, paused 186ms, total 188ms
05-23 11:26:12.629   167   167 E SLOGCP  : int MediaStorage::check_quota(): data large: 10513904/10M
05-23 11:26:12.629   167   167 E SLOGCP  : virtual void LogPipeHandler::process(int): CP cp_5mode save log error [16(Device or resource busy)]
05-23 11:26:12.759   179   214 D phoneserver: rsrp[0]=75,rscp[0]=255,rxlev[0]=99 ind_str= 
05-23 11:26:12.759   179   214 D phoneserver: +CESQ: 99,99,255,255,32,75
05-23 11:26:12.759   926   926 D MainDialog:  oldLevel = 4 level = 4 isSimAvail = true
05-23 11:26:12.769   673   673 D StatusBar.NetworkController: onSignalStrengthsChanged on phoneId0signalStrength=SignalStrength: 99 -1 -120 -160 -120 -1 -1 99 -75 2147483647 2147483647 2147483647 gsm|lte level=4LTELevel=4
05-23 11:26:12.769   673   673 D StatusBar.NetworkController: phoneid=0 isexist=true  5
05-23 11:26:12.769   673   673 D StatusBar.NetworkController: isSupportLTE = false  isCardAbsent = false
05-23 11:26:12.769   673   673 D Settings: newValuesVersion = 7
05-23 11:26:12.769   673   673 D Settings: mValues.get(name) = null
05-23 11:26:12.769   673   673 E StatusBar.NetworkController: mServiceState[phoneId].getState(): 0
05-23 11:26:12.769   673   673 E StatusBar.NetworkController: mServiceState[phoneId].getDataRegState(): 0
05-23 11:26:12.779   673   673 D TelephonyManager: getRadioFeatures: phoneId=0
05-23 11:26:12.779   673   673 D TelephonyManager: getRadioCapbility: ssdaMode=tdd-csfb
05-23 11:26:12.779   673   673 D TelephonyManager: getRadioFeatures: rCapbility=TDD_CSFB, testMode=8
05-23 11:26:12.779   673   673 D StatusBar.NetworkController: phoneId = 0 colorIndex = 0 mInetCondition=0 iconLevel=4
05-23 11:26:12.779   673   673 D TelephonyManager: getRadioFeatures: phoneId=0
05-23 11:26:12.779   673   673 D TelephonyManager: getRadioCapbility: ssdaMode=tdd-csfb
05-23 11:26:12.779   673   673 D TelephonyManager: getRadioFeatures: rCapbility=TDD_CSFB, testMode=8
05-23 11:26:12.779   673   673 D TelephonyManager: getRadioFeatures: phoneId=0
05-23 11:26:12.779   673   673 D TelephonyManager: getRadioCapbility: ssdaMode=tdd-csfb
05-23 11:26:12.779   673   673 D TelephonyManager: getRadioFeatures: rCapbility=TDD_CSFB, testMode=8
05-23 11:26:12.779   673   673 D StatusBar.NetworkController: phoneId: 0  refreshViews:   mAirplaneMode=false emergencyOnly=false no_wifi no_wifi mWifiIconId=0x0 mQSWifiIconId=0x0 wifiLabel= mHasMobileDataFeature=true mShowPhoneRSSIForData=false mPhoneSignalIconId=0x7f020107 mDataSignalIconId=0x7f020105/com.android.systemui:drawable/stat_sys_signal_4_sprd Phone_Signal_Level=4 GPRS &NetworkRoaming=false mMobileActivityIconId=0x7f0200dc(mDataActivity=3) mDataTypeIconId=0x7f0200c8/com.android.systemui:drawable/stat_sys_data_fully_connected_4g_ex   combinedSignalIconId=0x7f020105/com.android.systemui:drawable/stat_sys_signal_4_ex mobileLabel=中国移动4G combinedLabel=中国移动4G mLastDataDirectionOverlayIconId=0x7f0200dc
05-23 11:26:12.779   673   673 D Settings: newValuesVersion = 2
05-23 11:26:12.779   673   673 D Settings: mValues.get(name) = 0
05-23 11:26:12.779   673   673 D Settings: newValuesVersion = 7
05-23 11:26:12.779   673   673 D Settings: mValues.get(name) = null
05-23 11:26:12.779   673   673 D QuickSettingsModel: isStandby = true
05-23 11:26:12.779   673   673 D Settings: newValuesVersion = 7
05-23 11:26:12.779   673   673 D Settings: mValues.get(name) = null
05-23 11:26:12.779   673   673 D QuickSettingsModel: onVoWifiChanged multiModeSlot = 0 isVoWifiAvailable = false isStandby = true
05-23 11:26:12.929   673   673 D StatusBar.NetworkController: onDataActivity: direction=0 phoneId=0
05-23 11:26:12.929   673   673 D StatusBar.NetworkController: mDataDirectionIconId end :7f0200c8  true
05-23 11:26:12.929   673   673 D TelephonyManager: getRadioFeatures: phoneId=0
05-23 11:26:12.929   673   673 D TelephonyManager: getRadioCapbility: ssdaMode=tdd-csfb
05-23 11:26:12.929   673   673 D TelephonyManager: getRadioFeatures: rCapbility=TDD_CSFB, testMode=8
05-23 11:26:12.929   673   673 D StatusBar.NetworkController: phoneId: 0  refreshViews:   mAirplaneMode=false emergencyOnly=false no_wifi no_wifi mWifiIconId=0x0 mQSWifiIconId=0x0 wifiLabel= mHasMobileDataFeature=true mShowPhoneRSSIForData=false mPhoneSignalIconId=0x7f020107 mDataSignalIconId=0x7f020105/com.android.systemui:drawable/stat_sys_signal_4_sprd Phone_Signal_Level=4 GPRS &NetworkRoaming=false mMobileActivityIconId=0x7f0200c0(mDataActivity=0) mDataTypeIconId=0x7f0200c8/com.android.systemui:drawable/stat_sys_data_fully_connected_4g_ex   combinedSignalIconId=0x7f020105/com.android.systemui:drawable/stat_sys_signal_4_ex mobileLabel=中国移动4G combinedLabel=中国移动4G mLastDataDirectionOverlayIconId=0x7f0200dc
05-23 11:26:12.939   698   698 D Settings: newValuesVersion = 35
05-23 11:26:12.939   673   673 D Settings: newValuesVersion = 2
05-23 11:26:12.939   698   698 D Settings: mValues.get(name) = null
05-23 11:26:12.939   673   673 D Settings: mValues.get(name) = 0
05-23 11:26:12.939   673   673 D Settings: newValuesVersion = 7
05-23 11:26:12.939   673   673 D Settings: mValues.get(name) = null
05-23 11:26:12.939   673   673 D QuickSettingsModel: isStandby = true
05-23 11:26:12.939   673   673 D Settings: newValuesVersion = 7
05-23 11:26:12.950   673   673 D Settings: mValues.get(name) = null
05-23 11:26:12.950   673   673 D QuickSettingsModel: onVoWifiChanged multiModeSlot = 0 isVoWifiAvailable = false isStandby = true
05-23 11:26:12.950   673   673 D Settings: newValuesVersion = 2
05-23 11:26:12.950   673   673 D Settings: mValues.get(name) = 0
05-23 11:26:12.950   673   673 D Settings: newValuesVersion = 7
05-23 11:26:12.950   673   673 D Settings: mValues.get(name) = null
05-23 11:26:12.950   673   673 D QuickSettingsModel: isStandby = true
05-23 11:26:12.950   673   673 D Settings: newValuesVersion = 7
05-23 11:26:12.960   673   673 D Settings: mValues.get(name) = null
05-23 11:26:12.960   673   673 D QuickSettingsModel: onVoWifiChanged multiModeSlot = 0 isVoWifiAvailable = false isStandby = true
05-23 11:26:12.960   673   673 D StatusBar.NetworkController: changing data overlay icon id to 2130837696
05-23 11:26:13.070   167   167 E SLOGCP  : int MediaStorage::check_quota(): data large: 10513904/10M
05-23 11:26:13.070   167   167 E SLOGCP  : virtual void LogPipeHandler::process(int): CP cp_5mode save log error [16(Device or resource busy)]
05-23 11:26:13.250   157   157 D gralloc.sc8830: fb_post fps = 1.985578
05-23 11:26:13.270   167   167 E SLOGCP  : int MediaStorage::check_quota(): data large: 10513904/10M
05-23 11:26:13.280   167   167 E SLOGCP  : virtual void LogPipeHandler::process(int): CP cp_5mode save log error [16(Device or resource busy)]
05-23 11:26:13.390   592  2942 D dalvikvm: GC_FOR_ALLOC freed 1237K, 25% free 7813K/10380K, paused 55ms, total 55ms
05-23 11:26:13.560   167   167 E SLOGCP  : int MediaStorage::check_quota(): data large: 10513904/10M
05-23 11:26:13.560   167   167 E SLOGCP  : virtual void LogPipeHandler::process(int): CP cp_5mode save log error [16(Device or resource busy)]
05-23 11:26:13.650   592   607 E JavaBinder: !!! FAILED BINDER TRANSACTION !!!
05-23 11:26:13.670   673   943 V KeyguardViewMediator: setHidden false
05-23 11:26:13.680   673   943 V KeyguardUpdateMonitor: sendKeyguardVisibilityChanged(true)
05-23 11:26:13.680   673   943 V KeyguardViewMediator: setHidden false
05-23 11:26:13.680   673   943 V KeyguardUpdateMonitor: sendKeyguardVisibilityChanged(true)
05-23 11:26:13.680   673   673 V KeyguardUpdateMonitor: handleKeyguardVisibilityChanged(1)
05-23 11:26:13.680   673   673 V KeyguardUpdateMonitor: handleKeyguardVisibilityChanged(1)
05-23 11:26:13.690   592   644 W InputDispatcher: channel '42286490 com.alading.launcher/com.alading.launcher.MainActivity (server)' ~ Consumer closed input channel or an error occurred.  events=0x9
05-23 11:26:13.690   592   644 E InputDispatcher: channel '42286490 com.alading.launcher/com.alading.launcher.MainActivity (server)' ~ Channel is unrecoverably broken and will be disposed!
05-23 11:26:13.700   592   832 W InputDispatcher: Attempted to unregister already unregistered input channel '42286490 com.alading.launcher/com.alading.launcher.MainActivity (server)'
05-23 11:26:13.710   673   944 V KeyguardViewMediator: setHidden false
05-23 11:26:13.710   673   944 V KeyguardUpdateMonitor: sendKeyguardVisibilityChanged(true)
05-23 11:26:13.710   673   673 V KeyguardUpdateMonitor: handleKeyguardVisibilityChanged(1)
05-23 11:26:13.710   592   603 E Sensors : AccSensor: mDelay(20000000) delay_ns(66667000)
05-23 11:26:13.710   592   603 E Sensors : AccSensor: ms(66) 
05-23 11:26:13.750   592   616 I PackageSettings: Writing package restrictions for user=0
05-23 11:26:13.760   592   616 I System.out: directory is exit,the errnoException.errno is 17
05-23 11:26:13.760   592   616 I PackageSettings:   pkg=com.android.settings.tests, state=0
05-23 11:26:13.760   179   214 D phoneserver: rsrp[0]=76,rscp[0]=255,rxlev[0]=99 ind_str= 
05-23 11:26:13.760   179   214 D phoneserver: +CESQ: 99,99,255,255,32,76
05-23 11:26:13.760   592   616 I PackageSettings:   pkg=com.android.stk, state=0
05-23 11:26:13.760   592   616 I PackageSettings:   pkg=com.android.camera2, state=0
05-23 11:26:13.760   592   616 I PackageSettings:   pkg=com.android.provision, state=0
05-23 11:26:13.760   592   616 I PackageSettings:   pkg=com.android.settings, state=0
05-23 11:26:13.760   592   616 I PackageSettings:   pkg=com.android.deskclock.tests, state=0
05-23 11:26:13.760   592   616 I PackageSettings:   pkg=com.android.gallery3d, state=0
05-23 11:26:13.760   592   616 I PackageSettings:   pkg=com.adups.fota, state=1
05-23 11:26:13.760   592   616 I PackageSettings:   pkg=com.android.musicfx, state=0
05-23 11:26:13.770   673   673 D StatusBar.NetworkController: onSignalStrengthsChanged on phoneId0signalStrength=SignalStrength: 99 -1 -120 -160 -120 -1 -1 99 -76 2147483647 2147483647 2147483647 gsm|lte level=4LTELevel=4
05-23 11:26:13.780   673   673 D StatusBar.NetworkController: phoneid=0 isexist=true  5
05-23 11:26:13.780   673   673 D StatusBar.NetworkController: isSupportLTE = false  isCardAbsent = false
05-23 11:26:13.780   673   673 D Settings: newValuesVersion = 7
05-23 11:26:13.780   673   673 D Settings: mValues.get(name) = null
05-23 11:26:13.780   673   673 E StatusBar.NetworkController: mServiceState[phoneId].getState(): 0
05-23 11:26:13.780   673   673 E StatusBar.NetworkController: mServiceState[phoneId].getDataRegState(): 0
05-23 11:26:13.780   673   673 D TelephonyManager: getRadioFeatures: phoneId=0
05-23 11:26:13.780   673   673 D TelephonyManager: getRadioCapbility: ssdaMode=tdd-csfb
05-23 11:26:13.780   673   673 D TelephonyManager: getRadioFeatures: rCapbility=TDD_CSFB, testMode=8
05-23 11:26:13.780   673   673 D StatusBar.NetworkController: phoneId = 0 colorIndex = 0 mInetCondition=0 iconLevel=4
05-23 11:26:13.780   673   673 D TelephonyManager: getRadioFeatures: phoneId=0
05-23 11:26:13.780   673   673 D TelephonyManager: getRadioCapbility: ssdaMode=tdd-csfb
05-23 11:26:13.780   673   673 D TelephonyManager: getRadioFeatures: rCapbility=TDD_CSFB, testMode=8
05-23 11:26:13.780   673   673 D TelephonyManager: getRadioFeatures: phoneId=0
05-23 11:26:13.790   673   673 D TelephonyManager: getRadioCapbility: ssdaMode=tdd-csfb
05-23 11:26:13.790   673   673 D TelephonyManager: getRadioFeatures: rCapbility=TDD_CSFB, testMode=8
05-23 11:26:13.790   673   673 D StatusBar.NetworkController: phoneId: 0  refreshViews:   mAirplaneMode=false emergencyOnly=false no_wifi no_wifi mWifiIconId=0x0 mQSWifiIconId=0x0 wifiLabel= mHasMobileDataFeature=true mShowPhoneRSSIForData=false mPhoneSignalIconId=0x7f020107 mDataSignalIconId=0x7f020105/com.android.systemui:drawable/stat_sys_signal_4_sprd Phone_Signal_Level=4 GPRS &NetworkRoaming=false mMobileActivityIconId=0x7f0200c0(mDataActivity=0) mDataTypeIconId=0x7f0200c8/com.android.systemui:drawable/stat_sys_data_fully_connected_4g_ex   combinedSignalIconId=0x7f020105/com.android.systemui:drawable/stat_sys_signal_4_ex mobileLabel=中国移动4G combinedLabel=中国移动4G mLastDataDirectionOverlayIconId=0x7f0200c0
05-23 11:26:13.790   673   673 D Settings: newValuesVersion = 2
05-23 11:26:13.790   673   673 D Settings: mValues.get(name) = 0
05-23 11:26:13.790   592   616 V PackageManager: flag = 10110001011111101000110
05-23 11:26:13.790   673   673 D Settings: newValuesVersion = 7
05-23 11:26:13.790   673   673 D Settings: mValues.get(name) = null
05-23 11:26:13.790   673   673 D QuickSettingsModel: isStandby = true
05-23 11:26:13.790   673   673 D Settings: newValuesVersion = 7
05-23 11:26:13.800   673   673 D Settings: mValues.get(name) = null
05-23 11:26:13.800   673   673 D QuickSettingsModel: onVoWifiChanged multiModeSlot = 0 isVoWifiAvailable = false isStandby = true
05-23 11:26:13.800   592   616 I PackageManager: Running dexopt on: com.alading.launcher
05-23 11:26:13.830   592   975 D LIBGPS  : watchdog_open PowerState:GE2 CP SLEEP,readcount:0
05-23 11:26:13.910   167   167 E SLOGCP  : int MediaStorage::check_quota(): data large: 10513904/10M
05-23 11:26:13.910   167   167 E SLOGCP  : virtual void LogPipeHandler::process(int): CP cp_5mode save log error [16(Device or resource busy)]
05-23 11:26:13.940   698   698 D Settings: newValuesVersion = 35
05-23 11:26:13.940   698   698 D Settings: mValues.get(name) = null
05-23 11:26:14.211   167   167 E SLOGCP  : int MediaStorage::check_quota(): data large: 10513904/10M
05-23 11:26:14.211   167   167 E SLOGCP  : virtual void LogPipeHandler::process(int): CP cp_5mode save log error [16(Device or resource busy)]
05-23 11:26:14.551   167   167 E SLOGCP  : int MediaStorage::check_quota(): data large: 10513904/10M
05-23 11:26:14.551   167   167 E SLOGCP  : virtual void LogPipeHandler::process(int): CP cp_5mode save log error [16(Device or resource busy)]
05-23 11:26:14.711   167   167 E SLOGCP  : int MediaStorage::check_quota(): data large: 10513904/10M
05-23 11:26:14.711   167   167 E SLOGCP  : virtual void LogPipeHandler::process(int): CP cp_5mode save log error [16(Device or resource busy)]
05-23 11:26:14.761   179   214 D phoneserver: rsrp[0]=77,rscp[0]=255,rxlev[0]=99 ind_str= 
05-23 11:26:14.761   179   214 D phoneserver: +CESQ: 99,99,255,255,32,77
05-23 11:26:14.771   167   167 E SLOGCP  : int MediaStorage::check_quota(): data large: 10513904/10M
05-23 11:26:14.771   167   167 E SLOGCP  : virtual void LogPipeHandler::process(int): CP cp_5mode save log error [16(Device or resource busy)]
05-23 11:26:14.771   673   673 D StatusBar.NetworkController: onSignalStrengthsChanged on phoneId0signalStrength=SignalStrength: 99 -1 -120 -160 -120 -1 -1 99 -77 2147483647 2147483647 2147483647 gsm|lte level=4LTELevel=4
05-23 11:26:14.771   673   673 D StatusBar.NetworkController: phoneid=0 isexist=true  5
05-23 11:26:14.771   673   673 D StatusBar.NetworkController: isSupportLTE = false  isCardAbsent = false
05-23 11:26:14.771   673   673 D Settings: newValuesVersion = 7
05-23 11:26:14.771   673   673 D Settings: mValues.get(name) = null
05-23 11:26:14.771   673   673 E StatusBar.NetworkController: mServiceState[phoneId].getState(): 0
05-23 11:26:14.771   673   673 E StatusBar.NetworkController: mServiceState[phoneId].getDataRegState(): 0
05-23 11:26:14.771   673   673 D TelephonyManager: getRadioFeatures: phoneId=0
05-23 11:26:14.771   673   673 D TelephonyManager: getRadioCapbility: ssdaMode=tdd-csfb
05-23 11:26:14.771   673   673 D TelephonyManager: getRadioFeatures: rCapbility=TDD_CSFB, testMode=8
05-23 11:26:14.771   673   673 D StatusBar.NetworkController: phoneId = 0 colorIndex = 0 mInetCondition=0 iconLevel=4
05-23 11:26:14.781   673   673 D TelephonyManager: getRadioFeatures: phoneId=0
05-23 11:26:14.781   673   673 D TelephonyManager: getRadioCapbility: ssdaMode=tdd-csfb
05-23 11:26:14.781   673   673 D TelephonyManager: getRadioFeatures: rCapbility=TDD_CSFB, testMode=8
05-23 11:26:14.781   673   673 D TelephonyManager: getRadioFeatures: phoneId=0
05-23 11:26:14.781   673   673 D TelephonyManager: getRadioCapbility: ssdaMode=tdd-csfb
05-23 11:26:14.781   673   673 D TelephonyManager: getRadioFeatures: rCapbility=TDD_CSFB, testMode=8
05-23 11:26:14.781   673   673 D StatusBar.NetworkController: phoneId: 0  refreshViews:   mAirplaneMode=false emergencyOnly=false no_wifi no_wifi mWifiIconId=0x0 mQSWifiIconId=0x0 wifiLabel= mHasMobileDataFeature=true mShowPhoneRSSIForData=false mPhoneSignalIconId=0x7f020107 mDataSignalIconId=0x7f020105/com.android.systemui:drawable/stat_sys_signal_4_sprd Phone_Signal_Level=4 GPRS &NetworkRoaming=false mMobileActivityIconId=0x7f0200c0(mDataActivity=0) mDataTypeIconId=0x7f0200c8/com.android.systemui:drawable/stat_sys_data_fully_connected_4g_ex   combinedSignalIconId=0x7f020105/com.android.systemui:drawable/stat_sys_signal_4_ex mobileLabel=中国移动4G combinedLabel=中国移动4G mLastDataDirectionOverlayIconId=0x7f0200c0
05-23 11:26:14.781   673   673 D Settings: newValuesVersion = 2
05-23 11:26:14.781   673   673 D Settings: mValues.get(name) = 0
05-23 11:26:14.781   673   673 D Settings: newValuesVersion = 7
05-23 11:26:14.781   673   673 D Settings: mValues.get(name) = null
05-23 11:26:14.781   673   673 D QuickSettingsModel: isStandby = true
05-23 11:26:14.781   673   673 D Settings: newValuesVersion = 7
05-23 11:26:14.781   673   673 D Settings: mValues.get(name) = null
05-23 11:26:14.781   673   673 D QuickSettingsModel: onVoWifiChanged multiModeSlot = 0 isVoWifiAvailable = false isStandby = true
05-23 11:26:14.841   167   167 E SLOGCP  : int MediaStorage::check_quota(): data large: 10513904/10M
05-23 11:26:14.841   167   167 E SLOGCP  : virtual void LogPipeHandler::process(int): CP cp_5mode save log error [16(Device or resource busy)]
05-23 11:26:14.941   698   698 D Settings: newValuesVersion = 35
05-23 11:26:14.941   698   698 D Settings: mValues.get(name) = null
05-23 11:26:15.192   167   167 E SLOGCP  : int MediaStorage::check_quota(): data large: 10513904/10M
05-23 11:26:15.192   167   167 E SLOGCP  : virtual void LogPipeHandler::process(int): CP cp_5mode save log error [16(Device or resource busy)]
05-23 11:26:15.482   167   167 E SLOGCP  : int MediaStorage::check_quota(): data large: 10513904/10M
05-23 11:26:15.482   167   167 E SLOGCP  : virtual void LogPipeHandler::process(int): CP cp_5mode save log error [16(Device or resource busy)]
05-23 11:26:15.762   179   214 D phoneserver: rsrp[0]=77,rscp[0]=255,rxlev[0]=99 ind_str= 
05-23 11:26:15.762   179   214 D phoneserver: +CESQ: 99,99,255,255,32,77
05-23 11:26:15.762   673   673 D StatusBar.NetworkController: onSignalStrengthsChanged on phoneId0signalStrength=SignalStrength: 99 -1 -120 -160 -120 -1 -1 99 -77 2147483647 2147483647 2147483647 gsm|lte level=4LTELevel=4
05-23 11:26:15.762   673   673 D StatusBar.NetworkController: phoneid=0 isexist=true  5
05-23 11:26:15.772   673   673 D StatusBar.NetworkController: isSupportLTE = false  isCardAbsent = false
05-23 11:26:15.772   673   673 D Settings: newValuesVersion = 7
05-23 11:26:15.772   673   673 D Settings: mValues.get(name) = null
05-23 11:26:15.772   673   673 E StatusBar.NetworkController: mServiceState[phoneId].getState(): 0
05-23 11:26:15.772   673   673 E StatusBar.NetworkController: mServiceState[phoneId].getDataRegState(): 0
05-23 11:26:15.772   673   673 D TelephonyManager: getRadioFeatures: phoneId=0
05-23 11:26:15.772   673   673 D TelephonyManager: getRadioCapbility: ssdaMode=tdd-csfb
05-23 11:26:15.772   673   673 D TelephonyManager: getRadioFeatures: rCapbility=TDD_CSFB, testMode=8
05-23 11:26:15.772   673   673 D StatusBar.NetworkController: phoneId = 0 colorIndex = 0 mInetCondition=0 iconLevel=4
05-23 11:26:15.772   673   673 D TelephonyManager: getRadioFeatures: phoneId=0
05-23 11:26:15.772   673   673 D TelephonyManager: getRadioCapbility: ssdaMode=tdd-csfb
05-23 11:26:15.772   673   673 D TelephonyManager: getRadioFeatures: rCapbility=TDD_CSFB, testMode=8
05-23 11:26:15.772   673   673 D TelephonyManager: getRadioFeatures: phoneId=0
05-23 11:26:15.772   673   673 D TelephonyManager: getRadioCapbility: ssdaMode=tdd-csfb
05-23 11:26:15.782   673   673 D TelephonyManager: getRadioFeatures: rCapbility=TDD_CSFB, testMode=8
05-23 11:26:15.782   673   673 D StatusBar.NetworkController: phoneId: 0  refreshViews:   mAirplaneMode=false emergencyOnly=false no_wifi no_wifi mWifiIconId=0x0 mQSWifiIconId=0x0 wifiLabel= mHasMobileDataFeature=true mShowPhoneRSSIForData=false mPhoneSignalIconId=0x7f020107 mDataSignalIconId=0x7f020105/com.android.systemui:drawable/stat_sys_signal_4_sprd Phone_Signal_Level=4 GPRS &NetworkRoaming=false mMobileActivityIconId=0x7f0200c0(mDataActivity=0) mDataTypeIconId=0x7f0200c8/com.android.systemui:drawable/stat_sys_data_fully_connected_4g_ex   combinedSignalIconId=0x7f020105/com.android.systemui:drawable/stat_sys_signal_4_ex mobileLabel=中国移动4G combinedLabel=中国移动4G mLastDataDirectionOverlayIconId=0x7f0200c0
05-23 11:26:15.782   673   673 D Settings: newValuesVersion = 2
05-23 11:26:15.782   673   673 D Settings: mValues.get(name) = 0
05-23 11:26:15.782   673   673 D Settings: newValuesVersion = 7
05-23 11:26:15.782   673   673 D Settings: mValues.get(name) = null
05-23 11:26:15.782   673   673 D QuickSettingsModel: isStandby = true
05-23 11:26:15.782   673   673 D Settings: newValuesVersion = 7
05-23 11:26:15.782   673   673 D Settings: mValues.get(name) = null
05-23 11:26:15.782   673   673 D QuickSettingsModel: onVoWifiChanged multiModeSlot = 0 isVoWifiAvailable = false isStandby = true
05-23 11:26:15.812   167   167 E SLOGCP  : int MediaStorage::check_quota(): data large: 10513904/10M
05-23 11:26:15.812   167   167 E SLOGCP  : virtual void LogPipeHandler::process(int): CP cp_5mode save log error [16(Device or resource busy)]
05-23 11:26:15.832   592   975 D LIBGPS  : watchdog_open PowerState:GE2 CP SLEEP,readcount:0
05-23 11:26:15.952   698   698 D Settings: newValuesVersion = 35
05-23 11:26:15.952   698   698 D Settings: mValues.get(name) = null
05-23 11:26:16.123   167   167 E SLOGCP  : int MediaStorage::check_quota(): data large: 10513904/10M
05-23 11:26:16.123   167   167 E SLOGCP  : virtual void LogPipeHandler::process(int): CP cp_5mode save log error [16(Device or resource busy)]
05-23 11:26:16.443   167   167 E SLOGCP  : int MediaStorage::check_quota(): data large: 10513904/10M
05-23 11:26:16.443   167   167 E SLOGCP  : virtual void LogPipeHandler::process(int): CP cp_5mode save log error [16(Device or resource busy)]
05-23 11:26:16.723  2943  2943 D dalvikvm: DexOpt: load 415ms, verify+opt 1209ms, 2793892 bytes
05-23 11:26:16.763   167   167 E SLOGCP  : int MediaStorage::check_quota(): data large: 10513904/10M
05-23 11:26:16.763   167   167 E SLOGCP  : virtual void LogPipeHandler::process(int): CP cp_5mode save log error [16(Device or resource busy)]
05-23 11:26:16.763   179   214 D phoneserver: rsrp[0]=77,rscp[0]=255,rxlev[0]=99 ind_str= 
05-23 11:26:16.763   179   214 D phoneserver: +CESQ: 99,99,255,255,32,77
05-23 11:26:16.773   673   673 D StatusBar.NetworkController: onSignalStrengthsChanged on phoneId0signalStrength=SignalStrength: 99 -1 -120 -160 -120 -1 -1 99 -77 2147483647 2147483647 2147483647 gsm|lte level=4LTELevel=4
05-23 11:26:16.773   673   673 D StatusBar.NetworkController: phoneid=0 isexist=true  5
05-23 11:26:16.773   673   673 D StatusBar.NetworkController: isSupportLTE = false  isCardAbsent = false
05-23 11:26:16.773   673   673 D Settings: newValuesVersion = 7
05-23 11:26:16.773   673   673 D Settings: mValues.get(name) = null
05-23 11:26:16.773   673   673 E StatusBar.NetworkController: mServiceState[phoneId].getState(): 0
05-23 11:26:16.773   673   673 E StatusBar.NetworkController: mServiceState[phoneId].getDataRegState(): 0
05-23 11:26:16.783   673   673 D TelephonyManager: getRadioFeatures: phoneId=0
05-23 11:26:16.783   673   673 D TelephonyManager: getRadioCapbility: ssdaMode=tdd-csfb
05-23 11:26:16.783   673   673 D TelephonyManager: getRadioFeatures: rCapbility=TDD_CSFB, testMode=8
05-23 11:26:16.783   673   673 D StatusBar.NetworkController: phoneId = 0 colorIndex = 0 mInetCondition=0 iconLevel=4
05-23 11:26:16.783   673   673 D TelephonyManager: getRadioFeatures: phoneId=0
05-23 11:26:16.783   673   673 D TelephonyManager: getRadioCapbility: ssdaMode=tdd-csfb
05-23 11:26:16.783   673   673 D TelephonyManager: getRadioFeatures: rCapbility=TDD_CSFB, testMode=8
05-23 11:26:16.783   673   673 D TelephonyManager: getRadioFeatures: phoneId=0
05-23 11:26:16.783   673   673 D TelephonyManager: getRadioCapbility: ssdaMode=tdd-csfb
05-23 11:26:16.783   673   673 D TelephonyManager: getRadioFeatures: rCapbility=TDD_CSFB, testMode=8
05-23 11:26:16.793   673   673 D StatusBar.NetworkController: phoneId: 0  refreshViews:   mAirplaneMode=false emergencyOnly=false no_wifi no_wifi mWifiIconId=0x0 mQSWifiIconId=0x0 wifiLabel= mHasMobileDataFeature=true mShowPhoneRSSIForData=false mPhoneSignalIconId=0x7f020107 mDataSignalIconId=0x7f020105/com.android.systemui:drawable/stat_sys_signal_4_sprd Phone_Signal_Level=4 GPRS &NetworkRoaming=false mMobileActivityIconId=0x7f0200c0(mDataActivity=0) mDataTypeIconId=0x7f0200c8/com.android.systemui:drawable/stat_sys_data_fully_connected_4g_ex   combinedSignalIconId=0x7f020105/com.android.systemui:drawable/stat_sys_signal_4_ex mobileLabel=中国移动4G combinedLabel=中国移动4G mLastDataDirectionOverlayIconId=0x7f0200c0
05-23 11:26:16.793   673   673 D Settings: newValuesVersion = 2
05-23 11:26:16.793   673   673 D Settings: mValues.get(name) = 0
05-23 11:26:16.793   673   673 D Settings: newValuesVersion = 7
05-23 11:26:16.793   673   673 D Settings: mValues.get(name) = null
05-23 11:26:16.793   673   673 D QuickSettingsModel: isStandby = true
05-23 11:26:16.793   673   673 D Settings: newValuesVersion = 7
05-23 11:26:16.793   673   673 D Settings: mValues.get(name) = null
05-23 11:26:16.793   673   673 D QuickSettingsModel: onVoWifiChanged multiModeSlot = 0 isVoWifiAvailable = false isStandby = true
05-23 11:26:16.953   698   698 D Settings: newValuesVersion = 35
05-23 11:26:16.953   698   698 D Settings: mValues.get(name) = null
05-23 11:26:17.084   167   167 E SLOGCP  : int MediaStorage::check_quota(): data large: 10513904/10M
05-23 11:26:17.084   167   167 E SLOGCP  : virtual void LogPipeHandler::process(int): CP cp_5mode save log error [16(Device or resource busy)]
05-23 11:26:17.174   592   616 D dalvikvm: GC_FOR_ALLOC freed 1404K, 25% free 7828K/10380K, paused 47ms, total 47ms
05-23 11:26:17.254   592   616 I PackageSettings: Writing package restrictions for user=0
05-23 11:26:17.254   592   616 I System.out: directory is exit,the errnoException.errno is 17
05-23 11:26:17.254   592   616 I PackageSettings:   pkg=com.android.settings.tests, state=0
05-23 11:26:17.254   592   616 I PackageSettings:   pkg=com.android.stk, state=0
05-23 11:26:17.254   592   616 I PackageSettings:   pkg=com.android.camera2, state=0
05-23 11:26:17.254   592   616 I PackageSettings:   pkg=com.android.provision, state=0
05-23 11:26:17.254   592   616 I PackageSettings:   pkg=com.android.settings, state=0
05-23 11:26:17.264   592   616 I PackageSettings:   pkg=com.android.deskclock.tests, state=0
05-23 11:26:17.264   592   616 I PackageSettings:   pkg=com.android.gallery3d, state=0
05-23 11:26:17.264   592   616 I PackageSettings:   pkg=com.adups.fota, state=1
05-23 11:26:17.264   592   616 I PackageSettings:   pkg=com.android.musicfx, state=0
05-23 11:26:17.394   167   167 E SLOGCP  : int MediaStorage::check_quota(): data large: 10513904/10M
05-23 11:26:17.394   167   167 E SLOGCP  : virtual void LogPipeHandler::process(int): CP cp_5mode save log error [16(Device or resource busy)]
05-23 11:26:17.404   592   616 I PackageSettings: Writing package restrictions for user=0
05-23 11:26:17.404   592   616 I System.out: directory is exit,the errnoException.errno is 17
05-23 11:26:17.404   592   616 I PackageSettings:   pkg=com.android.settings.tests, state=0
05-23 11:26:17.404   592   616 I PackageSettings:   pkg=com.android.stk, state=0
05-23 11:26:17.404   592   616 I PackageSettings:   pkg=com.android.camera2, state=0
05-23 11:26:17.404   592   616 I PackageSettings:   pkg=com.android.provision, state=0
05-23 11:26:17.404   592   616 I PackageSettings:   pkg=com.android.settings, state=0
05-23 11:26:17.404   592   616 I PackageSettings:   pkg=com.android.deskclock.tests, state=0
05-23 11:26:17.404   592   616 I PackageSettings:   pkg=com.android.gallery3d, state=0
05-23 11:26:17.404   592   616 I PackageSettings:   pkg=com.adups.fota, state=1
05-23 11:26:17.404   592   616 I PackageSettings:   pkg=com.android.musicfx, state=0
05-23 11:26:17.414   592   616 V PackageManager: + starting restore round-trip 1
05-23 11:26:17.414   592   616 V PackageManager: No restore - queue post-install for 1
05-23 11:26:17.414   592   616 V PackageManager: Handling post-install for 1
05-23 11:26:17.434  2944  2944 D dalvikvm: Late-enabling CheckJNI
05-23 11:26:17.474   673   944 V KeyguardViewMediator: setHidden false
05-23 11:26:17.474   673   944 V KeyguardUpdateMonitor: sendKeyguardVisibilityChanged(true)
05-23 11:26:17.474   673   673 V KeyguardUpdateMonitor: handleKeyguardVisibilityChanged(1)
05-23 11:26:17.484   157   157 D gralloc.sc8830: fb_post fps = 0.709095
05-23 11:26:17.484   673   683 V KeyguardViewMediator: setHidden false
05-23 11:26:17.484   673   683 V KeyguardUpdateMonitor: sendKeyguardVisibilityChanged(true)
05-23 11:26:17.484   673   673 V KeyguardUpdateMonitor: handleKeyguardVisibilityChanged(1)
05-23 11:26:17.504  2954  2954 D dalvikvm: Late-enabling CheckJNI
05-23 11:26:17.614   673   685 V KeyguardViewMediator: setHidden false
05-23 11:26:17.614   673   685 V KeyguardUpdateMonitor: sendKeyguardVisibilityChanged(true)
05-23 11:26:17.614   673   673 V KeyguardUpdateMonitor: handleKeyguardVisibilityChanged(1)
05-23 11:26:17.614   673   943 V KeyguardViewMediator: setHidden false
05-23 11:26:17.614   673   943 V KeyguardUpdateMonitor: sendKeyguardVisibilityChanged(true)
05-23 11:26:17.614   673   673 V KeyguardUpdateMonitor: handleKeyguardVisibilityChanged(1)
05-23 11:26:17.634   673   683 V KeyguardViewMediator: setHidden false
05-23 11:26:17.634   673   683 V KeyguardUpdateMonitor: sendKeyguardVisibilityChanged(true)
05-23 11:26:17.644   673   673 V KeyguardUpdateMonitor: handleKeyguardVisibilityChanged(1)
05-23 11:26:17.724   158   158 D dalvikvm: GC_EXPLICIT freed 44K, 10% free 2149K/2368K, paused 1ms+2ms, total 22ms
05-23 11:26:17.724   167   167 E SLOGCP  : int MediaStorage::check_quota(): data large: 10513904/10M
05-23 11:26:17.734   167   167 E SLOGCP  : virtual void LogPipeHandler::process(int): CP cp_5mode save log error [16(Device or resource busy)]
05-23 11:26:17.744   158   158 D dalvikvm: GC_EXPLICIT freed <1K, 10% free 2149K/2368K, paused 1ms+3ms, total 15ms
05-23 11:26:17.764   158   158 D dalvikvm: GC_EXPLICIT freed <1K, 10% free 2149K/2368K, paused 1ms+1ms, total 16ms
05-23 11:26:17.764   179   214 D phoneserver: rsrp[0]=78,rscp[0]=255,rxlev[0]=99 ind_str= 
05-23 11:26:17.764   179   214 D phoneserver: +CESQ: 99,99,255,255,31,78
05-23 11:26:17.804   673   685 V KeyguardViewMediator: setHidden false
05-23 11:26:17.804   673   685 V KeyguardUpdateMonitor: sendKeyguardVisibilityChanged(true)
05-23 11:26:17.804   673   673 V KeyguardUpdateMonitor: handleKeyguardVisibilityChanged(1)
05-23 11:26:17.834   592   975 D LIBGPS  : watchdog_open PowerState:GE2 CP SLEEP,readcount:0
05-23 11:26:17.844   673   943 V KeyguardViewMediator: setHidden false
05-23 11:26:17.844   673   943 V KeyguardUpdateMonitor: sendKeyguardVisibilityChanged(true)
05-23 11:26:17.844   673   673 V KeyguardUpdateMonitor: handleKeyguardVisibilityChanged(1)
05-23 11:26:17.894   167   167 E SLOGCP  : int MediaStorage::check_quota(): data large: 10513904/10M
05-23 11:26:17.894   167   167 E SLOGCP  : virtual void LogPipeHandler::process(int): CP cp_5mode save log error [16(Device or resource busy)]
05-23 11:26:17.924   592   645 I InputReader: Reconfiguring input devices.  changes=0x00000010
05-23 11:26:17.974   592   616 I PackageManager: installPackage
05-23 11:26:17.984   673   964 V KeyguardViewMediator: setHidden false
05-23 11:26:17.984   673   964 V KeyguardUpdateMonitor: sendKeyguardVisibilityChanged(true)
05-23 11:26:17.984   673   964 V KeyguardViewMediator: setHidden false
05-23 11:26:17.984   673   964 V KeyguardUpdateMonitor: sendKeyguardVisibilityChanged(true)
05-23 11:26:17.994   592   645 I InputReader: Reconfiguring input devices.  changes=0x00000010
05-23 11:26:17.994   592   645 I InputReader: Reconfiguring input devices.  changes=0x00000010
05-23 11:26:18.004   673   673 V KeyguardUpdateMonitor: handleKeyguardVisibilityChanged(1)
05-23 11:26:18.004   673   673 V KeyguardUpdateMonitor: handleKeyguardVisibilityChanged(1)
05-23 11:26:18.044   592   608 D Settings: newValuesVersion = 2
05-23 11:26:18.044   592   608 D SettingsProvider: value = com.iflytek.inputmethod/.FlyIME
05-23 11:26:18.044   592   608 D Settings: name = default_input_method, value = com.iflytek.inputmethod/.FlyIME
05-23 11:26:18.044   592   608 D Settings: newValuesVersion = 2
05-23 11:26:18.054   698   698 D Settings: newValuesVersion = 2
05-23 11:26:18.054   592   608 D Settings: name = disabled_system_input_methods, value = null
05-23 11:26:18.054   592   857 D SettingsProvider: value = com.android.mms
05-23 11:26:18.054   698   698 D Settings: name = sms_default_application, value = com.android.mms
05-23 11:26:18.054  2954  2954 D LauncherApplication: onCreate
05-23 11:26:18.105   592   603 I PackageManager:   Action: "android.intent.action.SENDTO"
05-23 11:26:18.105   592   603 I PackageManager:   Category: "android.intent.category.DEFAULT"
05-23 11:26:18.105   592   603 I PackageManager:   Scheme: "sms"
05-23 11:26:18.105   592   603 I PackageSettings: Writing package restrictions for user=0
05-23 11:26:18.115   592   603 I System.out: directory is exit,the errnoException.errno is 17
05-23 11:26:18.155   592   603 I PackageSettings:   pkg=com.android.settings.tests, state=0
05-23 11:26:18.155   592   603 I PackageSettings:   pkg=com.android.stk, state=0
05-23 11:26:18.165   592   603 I PackageSettings:   pkg=com.android.camera2, state=0
05-23 11:26:18.165   592   603 I PackageSettings:   pkg=com.android.provision, state=0
05-23 11:26:18.165   592   603 I PackageSettings:   pkg=com.android.settings, state=0
05-23 11:26:18.165   592   603 I PackageSettings:   pkg=com.android.deskclock.tests, state=0
05-23 11:26:18.165   592   603 I PackageSettings:   pkg=com.android.gallery3d, state=0
05-23 11:26:18.165   592   603 I PackageSettings:   pkg=com.adups.fota, state=1
05-23 11:26:18.165   592   603 I PackageSettings:   pkg=com.android.musicfx, state=0
05-23 11:26:18.255   592   922 I PackageManager:   Action: "android.intent.action.SENDTO"
05-23 11:26:18.255   592   922 I PackageManager:   Category: "android.intent.category.DEFAULT"
05-23 11:26:18.255   592   922 I PackageManager:   Scheme: "smsto"
05-23 11:26:18.255   592   922 I PackageSettings: Writing package restrictions for user=0
05-23 11:26:18.255   592   922 I System.out: directory is exit,the errnoException.errno is 17
05-23 11:26:18.275  2954  2954 D ViewConfiguration: init scroll_friction: 0.017
05-23 11:26:18.285   592   922 I PackageSettings:   pkg=com.android.settings.tests, state=0
05-23 11:26:18.295   592   922 I PackageSettings:   pkg=com.android.stk, state=0
05-23 11:26:18.295   592   922 I PackageSettings:   pkg=com.android.camera2, state=0
05-23 11:26:18.295   592   922 I PackageSettings:   pkg=com.android.provision, state=0
05-23 11:26:18.295   592   922 I PackageSettings:   pkg=com.android.settings, state=0
05-23 11:26:18.295   592   922 I PackageSettings:   pkg=com.android.deskclock.tests, state=0
05-23 11:26:18.295   592   922 I PackageSettings:   pkg=com.android.gallery3d, state=0
05-23 11:26:18.295   592   922 I PackageSettings:   pkg=com.adups.fota, state=1
05-23 11:26:18.295   592   922 I PackageSettings:   pkg=com.android.musicfx, state=0
05-23 11:26:18.325   592   603 I PackageManager:   Action: "android.intent.action.SENDTO"
05-23 11:26:18.325   592   603 I PackageManager:   Category: "android.intent.category.DEFAULT"
05-23 11:26:18.325   592   603 I PackageManager:   Scheme: "mms"
05-23 11:26:18.325   592   603 I PackageSettings: Writing package restrictions for user=0
05-23 11:26:18.325   592   603 I System.out: directory is exit,the errnoException.errno is 17
05-23 11:26:18.325   592   603 I PackageSettings:   pkg=com.android.settings.tests, state=0
05-23 11:26:18.325   592   603 I PackageSettings:   pkg=com.android.stk, state=0
05-23 11:26:18.325   592   603 I PackageSettings:   pkg=com.android.camera2, state=0
05-23 11:26:18.325   592   603 I PackageSettings:   pkg=com.android.provision, state=0
05-23 11:26:18.325   592   603 I PackageSettings:   pkg=com.android.settings, state=0
05-23 11:26:18.325   592   603 I PackageSettings:   pkg=com.android.deskclock.tests, state=0
05-23 11:26:18.325   592   603 I PackageSettings:   pkg=com.android.gallery3d, state=0
05-23 11:26:18.335   592   603 I PackageSettings:   pkg=com.adups.fota, state=1
05-23 11:26:18.335   592   603 I PackageSettings:   pkg=com.android.musicfx, state=0
05-23 11:26:18.365   167   167 E SLOGCP  : int MediaStorage::check_quota(): data large: 10513904/10M
05-23 11:26:18.365   167   167 E SLOGCP  : virtual void LogPipeHandler::process(int): CP cp_5mode save log error [16(Device or resource busy)]
05-23 11:26:18.365   592   603 I PackageManager:   Action: "android.intent.action.SENDTO"
05-23 11:26:18.365   592   603 I PackageManager:   Category: "android.intent.category.DEFAULT"
05-23 11:26:18.365   592   603 I PackageManager:   Scheme: "mmsto"
05-23 11:26:18.365   592   603 I PackageSettings: Writing package restrictions for user=0
05-23 11:26:18.365   592   603 I System.out: directory is exit,the errnoException.errno is 17
05-23 11:26:18.385   592   603 I PackageSettings:   pkg=com.android.settings.tests, state=0
05-23 11:26:18.385   592   603 I PackageSettings:   pkg=com.android.stk, state=0
05-23 11:26:18.385   592   603 I PackageSettings:   pkg=com.android.camera2, state=0
05-23 11:26:18.385   592   603 I PackageSettings:   pkg=com.android.provision, state=0
05-23 11:26:18.385   592   603 I PackageSettings:   pkg=com.android.settings, state=0
05-23 11:26:18.395   592   603 I PackageSettings:   pkg=com.android.deskclock.tests, state=0
05-23 11:26:18.395   592   603 I PackageSettings:   pkg=com.android.gallery3d, state=0
05-23 11:26:18.395   592   603 I PackageSettings:   pkg=com.adups.fota, state=1
05-23 11:26:18.395   592   603 I PackageSettings:   pkg=com.android.musicfx, state=0
05-23 11:26:18.415   592   922 I PackageManager:   Action: "android.intent.action.SENDTO"
05-23 11:26:18.415   592   922 I PackageManager:   Category: "android.intent.category.DEFAULT"
05-23 11:26:18.415   592   922 I PackageManager:   Scheme: "sms"
05-23 11:26:18.415   592   922 I PackageSettings: Writing package restrictions for user=0
05-23 11:26:18.415   592   922 I System.out: directory is exit,the errnoException.errno is 17
05-23 11:26:18.425   592   922 I PackageSettings:   pkg=com.android.settings.tests, state=0
05-23 11:26:18.425   592   922 I PackageSettings:   pkg=com.android.stk, state=0
05-23 11:26:18.425   592   922 I PackageSettings:   pkg=com.android.camera2, state=0
05-23 11:26:18.425   592   922 I PackageSettings:   pkg=com.android.provision, state=0
05-23 11:26:18.425   592   922 I PackageSettings:   pkg=com.android.settings, state=0
05-23 11:26:18.425   592   922 I PackageSettings:   pkg=com.android.deskclock.tests, state=0
05-23 11:26:18.425   592   922 I PackageSettings:   pkg=com.android.gallery3d, state=0
05-23 11:26:18.425   592   922 I PackageSettings:   pkg=com.adups.fota, state=1
05-23 11:26:18.425   592   922 I PackageSettings:   pkg=com.android.musicfx, state=0
05-23 11:26:18.455  2954  2954 W asset   : Asset path /system/etc/theme/default/res.sprd.icons is neither a directory nor file (type=1).
05-23 11:26:18.535   167   167 E SLOGCP  : int MediaStorage::check_quota(): data large: 10513904/10M
05-23 11:26:18.535   167   167 E SLOGCP  : virtual void LogPipeHandler::process(int): CP cp_5mode save log error [16(Device or resource busy)]
05-23 11:26:18.535   698   698 D dalvikvm: GC_FOR_ALLOC freed 367K, 16% free 3825K/4540K, paused 92ms, total 92ms
05-23 11:26:18.535   592   602 I PackageManager:   Action: "android.intent.action.SENDTO"
05-23 11:26:18.535   592   602 I PackageManager:   Category: "android.intent.category.DEFAULT"
05-23 11:26:18.535   592   602 I PackageManager:   Scheme: "smsto"
05-23 11:26:18.535   592   602 I PackageSettings: Writing package restrictions for user=0
05-23 11:26:18.545   592   602 I System.out: directory is exit,the errnoException.errno is 17
05-23 11:26:18.545   592   602 I PackageSettings:   pkg=com.android.settings.tests, state=0
05-23 11:26:18.545   592   602 I PackageSettings:   pkg=com.android.stk, state=0
05-23 11:26:18.545   592   602 I PackageSettings:   pkg=com.android.camera2, state=0
05-23 11:26:18.545   592   602 I PackageSettings:   pkg=com.android.provision, state=0
05-23 11:26:18.545   592   602 I PackageSettings:   pkg=com.android.settings, state=0
05-23 11:26:18.545   592   602 I PackageSettings:   pkg=com.android.deskclock.tests, state=0
05-23 11:26:18.545   592   602 I PackageSettings:   pkg=com.android.gallery3d, state=0
05-23 11:26:18.545   592   602 I PackageSettings:   pkg=com.adups.fota, state=1
05-23 11:26:18.545   592   602 I PackageSettings:   pkg=com.android.musicfx, state=0
05-23 11:26:18.585   592   921 I PackageManager:   Action: "android.intent.action.SENDTO"
05-23 11:26:18.585   592   921 I PackageManager:   Category: "android.intent.category.DEFAULT"
05-23 11:26:18.585   592   921 I PackageManager:   Scheme: "mms"
05-23 11:26:18.585   592   921 I PackageSettings: Writing package restrictions for user=0
05-23 11:26:18.585   592   921 I System.out: directory is exit,the errnoException.errno is 17
05-23 11:26:18.595   592   921 I PackageSettings:   pkg=com.android.settings.tests, state=0
05-23 11:26:18.595   592   921 I PackageSettings:   pkg=com.android.stk, state=0
05-23 11:26:18.595   592   921 I PackageSettings:   pkg=com.android.camera2, state=0
05-23 11:26:18.595   592   921 I PackageSettings:   pkg=com.android.provision, state=0
05-23 11:26:18.595   592   921 I PackageSettings:   pkg=com.android.settings, state=0
05-23 11:26:18.595   592   921 I PackageSettings:   pkg=com.android.deskclock.tests, state=0
05-23 11:26:18.595   592   921 I PackageSettings:   pkg=com.android.gallery3d, state=0
05-23 11:26:18.605   592   921 I PackageSettings:   pkg=com.adups.fota, state=1
05-23 11:26:18.605   592   921 I PackageSettings:   pkg=com.android.musicfx, state=0
05-23 11:26:18.665   592  2980 I PackageManager:   Action: "android.intent.action.SENDTO"
05-23 11:26:18.665   592  2980 I PackageManager:   Category: "android.intent.category.DEFAULT"
05-23 11:26:18.665   592  2980 I PackageManager:   Scheme: "mmsto"
05-23 11:26:18.665   592  2980 I PackageSettings: Writing package restrictions for user=0
05-23 11:26:18.665   592  2980 I System.out: directory is exit,the errnoException.errno is 17
05-23 11:26:18.715  2954  2954 D dalvikvm: GC_FOR_ALLOC freed 83K, 10% free 2455K/2716K, paused 12ms, total 12ms
05-23 11:26:18.755   592  2980 D dalvikvm: GC_FOR_ALLOC freed 1577K, 27% free 7670K/10380K, paused 81ms, total 85ms
05-23 11:26:18.755   592  2980 I PackageSettings:   pkg=com.android.settings.tests, state=0
05-23 11:26:18.755   592  2980 I PackageSettings:   pkg=com.android.stk, state=0
05-23 11:26:18.755   592  2980 I PackageSettings:   pkg=com.android.camera2, state=0
05-23 11:26:18.755   592  2980 I PackageSettings:   pkg=com.android.provision, state=0
05-23 11:26:18.755   592  2980 I PackageSettings:   pkg=com.android.settings, state=0
05-23 11:26:18.755   592  2980 I PackageSettings:   pkg=com.android.deskclock.tests, state=0
05-23 11:26:18.765   592  2980 I PackageSettings:   pkg=com.android.gallery3d, state=0
05-23 11:26:18.765   592  2980 I PackageSettings:   pkg=com.adups.fota, state=1
05-23 11:26:18.765   592  2980 I PackageSettings:   pkg=com.android.musicfx, state=0
05-23 11:26:18.765   179   214 D phoneserver: rsrp[0]=78,rscp[0]=255,rxlev[0]=99 ind_str= 
05-23 11:26:18.765   179   214 D phoneserver: +CESQ: 99,99,255,255,32,78
05-23 11:26:18.805   698   698 D dalvikvm: GC_FOR_ALLOC freed 245K, 17% free 3828K/4560K, paused 18ms, total 18ms
05-23 11:26:18.805   592   616 D Settings: newValuesVersion = 35
05-23 11:26:18.815   592   616 D SettingsProvider: value = 0
05-23 11:26:18.815   592   616 D Settings: name = install_non_market_apps, value = 0
05-23 11:26:18.835  2954  2954 D dalvikvm: GC_FOR_ALLOC freed 5K, 9% free 2689K/2944K, paused 11ms, total 11ms
05-23 11:26:18.875  2954  2954 D dalvikvm: GC_FOR_ALLOC freed 1K, 9% free 2913K/3172K, paused 7ms, total 7ms
05-23 11:26:18.925  2954  2954 D dalvikvm: GC_FOR_ALLOC freed 2K, 8% free 3146K/3400K, paused 8ms, total 8ms
