05-23 11:26:22.509   673   685 V KeyguardViewMediator: setHidden false
05-23 11:26:22.509   673   685 V KeyguardUpdateMonitor: sendKeyguardVisibilityChanged(true)
05-23 11:26:22.509   673   673 V KeyguardUpdateMonitor: handleKeyguardVisibilityChanged(1)
05-23 11:26:22.599  2954  2954 D HCircularViewPager: onLayout
05-23 11:26:22.609  2954  2954 D HCircularViewPager: onLayout
05-23 11:26:22.639   784   795 W Binder  : Caught a RuntimeException from the binder stub implementation.
05-23 11:26:22.639   784   795 W Binder  : java.lang.NullPointerException
05-23 11:26:22.639   784   795 W Binder  : 	at android.inputmethodservice.IInputMethodWrapper.setSessionEnabled(IInputMethodWrapper.java:286)
05-23 11:26:22.639   784   795 W Binder  : 	at com.android.internal.view.IInputMethod$Stub.onTransact(IInputMethod.java:129)
05-23 11:26:22.639   784   795 W Binder  : 	at android.os.Binder.execTransact(Binder.java:427)
05-23 11:26:22.639   784   795 W Binder  : 	at dalvik.system.NativeStart.run(Native Method)
05-23 11:26:22.679   167   167 E SLOGCP  : int MediaStorage::check_quota(): data large: 10513904/10M
05-23 11:26:22.679   167   167 E SLOGCP  : virtual void LogPipeHandler::process(int): CP cp_5mode save log error [16(Device or resource busy)]
05-23 11:26:22.759   179   214 D phoneserver: rsrp[0]=80,rscp[0]=255,rxlev[0]=99 ind_str= 
05-23 11:26:22.759   179   214 D phoneserver: +CESQ: 99,99,255,255,32,80
05-23 11:26:22.799   673   673 D StatusBar.NetworkController: onSignalStrengthsChanged on phoneId0signalStrength=SignalStrength: 99 -1 -120 -160 -120 -1 -1 99 -80 2147483647 2147483647 2147483647 gsm|lte level=4LTELevel=4
05-23 11:26:22.799  2954  2954 D MainDialog:  oldLevel = 4 level = 4 isSimAvail = true
05-23 11:26:22.809   673   673 D StatusBar.NetworkController: phoneid=0 isexist=true  5
05-23 11:26:22.809   673   673 D StatusBar.NetworkController: isSupportLTE = false  isCardAbsent = false
05-23 11:26:22.809   673   673 D Settings: newValuesVersion = 7
05-23 11:26:22.809   673   673 D Settings: mValues.get(name) = null
05-23 11:26:22.809   673   673 E StatusBar.NetworkController: mServiceState[phoneId].getState(): 0
05-23 11:26:22.809   673   673 E StatusBar.NetworkController: mServiceState[phoneId].getDataRegState(): 0
05-23 11:26:22.809   673   673 D TelephonyManager: getRadioFeatures: phoneId=0
05-23 11:26:22.809   673   673 D TelephonyManager: getRadioCapbility: ssdaMode=tdd-csfb
05-23 11:26:22.809   673   673 D TelephonyManager: getRadioFeatures: rCapbility=TDD_CSFB, testMode=8
05-23 11:26:22.809   673   673 D StatusBar.NetworkController: phoneId = 0 colorIndex = 0 mInetCondition=0 iconLevel=4
05-23 11:26:22.819   673   673 D TelephonyManager: getRadioFeatures: phoneId=0
05-23 11:26:22.819   673   673 D TelephonyManager: getRadioCapbility: ssdaMode=tdd-csfb
05-23 11:26:22.819   673   673 D TelephonyManager: getRadioFeatures: rCapbility=TDD_CSFB, testMode=8
05-23 11:26:22.819   673   673 D TelephonyManager: getRadioFeatures: phoneId=0
05-23 11:26:22.819   673   673 D TelephonyManager: getRadioCapbility: ssdaMode=tdd-csfb
05-23 11:26:22.819   673   673 D TelephonyManager: getRadioFeatures: rCapbility=TDD_CSFB, testMode=8
05-23 11:26:22.819   673   673 D StatusBar.NetworkController: phoneId: 0  refreshViews:   mAirplaneMode=false emergencyOnly=false no_wifi no_wifi mWifiIconId=0x0 mQSWifiIconId=0x0 wifiLabel= mHasMobileDataFeature=true mShowPhoneRSSIForData=false mPhoneSignalIconId=0x7f020107 mDataSignalIconId=0x7f020105/com.android.systemui:drawable/stat_sys_signal_4_sprd Phone_Signal_Level=4 GPRS &NetworkRoaming=false mMobileActivityIconId=0x7f0200c0(mDataActivity=0) mDataTypeIconId=0x7f0200c8/com.android.systemui:drawable/stat_sys_data_fully_connected_4g_ex   combinedSignalIconId=0x7f020105/com.android.systemui:drawable/stat_sys_signal_4_ex mobileLabel=中国移动4G combinedLabel=中国移动4G mLastDataDirectionOverlayIconId=0x7f0200c0
05-23 11:26:22.819   673   673 D Settings: newValuesVersion = 2
05-23 11:26:22.829   673   673 D Settings: mValues.get(name) = 0
05-23 11:26:22.829   673   673 D Settings: newValuesVersion = 7
05-23 11:26:22.829   673   673 D Settings: mValues.get(name) = null
05-23 11:26:22.829   673   673 D QuickSettingsModel: isStandby = true
05-23 11:26:22.829   673   673 D Settings: newValuesVersion = 7
05-23 11:26:22.829   673   673 D Settings: mValues.get(name) = null
05-23 11:26:22.829   673   673 D QuickSettingsModel: onVoWifiChanged multiModeSlot = 0 isVoWifiAvailable = false isStandby = true
05-23 11:26:22.939   698   698 D Settings: newValuesVersion = 35
05-23 11:26:22.949   698   698 D Settings: mValues.get(name) = null
05-23 11:26:22.989   167   167 E SLOGCP  : int MediaStorage::check_quota(): data large: 10513904/10M
05-23 11:26:22.989   167   167 E SLOGCP  : virtual void LogPipeHandler::process(int): CP cp_5mode save log error [16(Device or resource busy)]
05-23 11:26:23.280  3012  3012 D dalvikvm: WAIT_FOR_CONCURRENT_GC blocked 1ms
05-23 11:26:23.320   167   167 E SLOGCP  : int MediaStorage::check_quota(): data large: 10513904/10M
05-23 11:26:23.320   167   167 E SLOGCP  : virtual void LogPipeHandler::process(int): CP cp_5mode save log error [16(Device or resource busy)]
05-23 11:26:23.420   592   608 D Settings: newValuesVersion = 2
05-23 11:26:23.420   592   608 D Settings: mValues.get(name) = null
05-23 11:26:23.420   592   608 W Searchables: No global search activity found
05-23 11:26:23.560  3012  3012 I System.out: directory is exit,the errnoException.errno is 17
05-23 11:26:23.560  3012  3012 I System.out: directory is exit,the errnoException.errno is 17
05-23 11:26:23.560  3012  3012 I System.out: directory is exit,the errnoException.errno is 17
05-23 11:26:23.560  3012  3012 I System.out: directory is exit,the errnoException.errno is 17
05-23 11:26:23.600   592   608 D Settings: newValuesVersion = 2
05-23 11:26:23.600   592   608 D Settings: mValues.get(name) = null
05-23 11:26:23.600   592   608 W Searchables: No global search activity found
05-23 11:26:23.630   167   167 E SLOGCP  : int MediaStorage::check_quota(): data large: 10513904/10M
05-23 11:26:23.630   167   167 E SLOGCP  : virtual void LogPipeHandler::process(int): CP cp_5mode save log error [16(Device or resource busy)]
05-23 11:26:23.650   592   608 D Settings: newValuesVersion = 2
05-23 11:26:23.690   592   608 D Settings: name = voice_recognition_service, value = null
05-23 11:26:23.760   179   214 D phoneserver: rsrp[0]=81,rscp[0]=255,rxlev[0]=99 ind_str= 
05-23 11:26:23.760   179   214 D phoneserver: +CESQ: 99,99,255,255,32,81
05-23 11:26:23.770   673   673 D StatusBar.NetworkController: onSignalStrengthsChanged on phoneId0signalStrength=SignalStrength: 99 -1 -120 -160 -120 -1 -1 99 -81 2147483647 2147483647 2147483647 gsm|lte level=4LTELevel=4
05-23 11:26:23.770  2954  2954 D MainDialog:  oldLevel = 4 level = 4 isSimAvail = true
05-23 11:26:23.770   673   673 D StatusBar.NetworkController: phoneid=0 isexist=true  5
05-23 11:26:23.780   673   673 D StatusBar.NetworkController: isSupportLTE = false  isCardAbsent = false
05-23 11:26:23.780   673   673 D Settings: newValuesVersion = 7
05-23 11:26:23.780   673   673 D Settings: mValues.get(name) = null
05-23 11:26:23.780   673   673 E StatusBar.NetworkController: mServiceState[phoneId].getState(): 0
05-23 11:26:23.780   673   673 E StatusBar.NetworkController: mServiceState[phoneId].getDataRegState(): 0
05-23 11:26:23.780   673   673 D TelephonyManager: getRadioFeatures: phoneId=0
05-23 11:26:23.780   673   673 D TelephonyManager: getRadioCapbility: ssdaMode=tdd-csfb
05-23 11:26:23.780   673   673 D TelephonyManager: getRadioFeatures: rCapbility=TDD_CSFB, testMode=8
05-23 11:26:23.780   673   673 D StatusBar.NetworkController: phoneId = 0 colorIndex = 0 mInetCondition=0 iconLevel=4
05-23 11:26:23.780   673   673 D TelephonyManager: getRadioFeatures: phoneId=0
05-23 11:26:23.780   673   673 D TelephonyManager: getRadioCapbility: ssdaMode=tdd-csfb
05-23 11:26:23.780   673   673 D TelephonyManager: getRadioFeatures: rCapbility=TDD_CSFB, testMode=8
05-23 11:26:23.790   673   673 D TelephonyManager: getRadioFeatures: phoneId=0
05-23 11:26:23.790   673   673 D TelephonyManager: getRadioCapbility: ssdaMode=tdd-csfb
05-23 11:26:23.790   673   673 D TelephonyManager: getRadioFeatures: rCapbility=TDD_CSFB, testMode=8
05-23 11:26:23.790   673   673 D StatusBar.NetworkController: phoneId: 0  refreshViews:   mAirplaneMode=false emergencyOnly=false no_wifi no_wifi mWifiIconId=0x0 mQSWifiIconId=0x0 wifiLabel= mHasMobileDataFeature=true mShowPhoneRSSIForData=false mPhoneSignalIconId=0x7f020107 mDataSignalIconId=0x7f020105/com.android.systemui:drawable/stat_sys_signal_4_sprd Phone_Signal_Level=4 GPRS &NetworkRoaming=false mMobileActivityIconId=0x7f0200c0(mDataActivity=0) mDataTypeIconId=0x7f0200c8/com.android.systemui:drawable/stat_sys_data_fully_connected_4g_ex   combinedSignalIconId=0x7f020105/com.android.systemui:drawable/stat_sys_signal_4_ex mobileLabel=中国移动4G combinedLabel=中国移动4G mLastDataDirectionOverlayIconId=0x7f0200c0
05-23 11:26:23.790   673   673 D Settings: newValuesVersion = 2
05-23 11:26:23.790   673   673 D Settings: mValues.get(name) = 0
05-23 11:26:23.790   673   673 D Settings: newValuesVersion = 7
05-23 11:26:23.790   673   673 D Settings: mValues.get(name) = null
05-23 11:26:23.790   673   673 D QuickSettingsModel: isStandby = true
05-23 11:26:23.790   673   673 D Settings: newValuesVersion = 7
05-23 11:26:23.790   673   673 D Settings: mValues.get(name) = null
05-23 11:26:23.790   673   673 D QuickSettingsModel: onVoWifiChanged multiModeSlot = 0 isVoWifiAvailable = false isStandby = true
05-23 11:26:23.830   592   975 D LIBGPS  : watchdog_open PowerState:GE2 CP SLEEP,readcount:0
05-23 11:26:23.960   698   698 D Settings: newValuesVersion = 35
05-23 11:26:23.960   698   698 D Settings: mValues.get(name) = null
05-23 11:26:23.970   167   167 E SLOGCP  : int MediaStorage::check_quota(): data large: 10513904/10M
05-23 11:26:23.970   167   167 E SLOGCP  : virtual void LogPipeHandler::process(int): CP cp_5mode save log error [16(Device or resource busy)]
05-23 11:26:24.080  3012  3012 D FotaUpdate: AInReceiver:->update self finish packageName=com.alading.launcher isAppReplacing=true
05-23 11:26:24.120  3006  3006 D AndroidRuntime: CheckJNI is OFF
05-23 11:26:24.271   167   167 E SLOGCP  : int MediaStorage::check_quota(): data large: 10513904/10M
05-23 11:26:24.271   167   167 E SLOGCP  : virtual void LogPipeHandler::process(int): CP cp_5mode save log error [16(Device or resource busy)]
05-23 11:26:24.601   167   167 E SLOGCP  : int MediaStorage::check_quota(): data large: 10513904/10M
05-23 11:26:24.601   167   167 E SLOGCP  : virtual void LogPipeHandler::process(int): CP cp_5mode save log error [16(Device or resource busy)]
05-23 11:26:24.701  3006  3006 D dalvikvm: Trying to load lib libjavacore.so 0x0
05-23 11:26:24.711   592   923 W PackageManager: com.android.musicfx == 1 == 1 0
05-23 11:26:24.721   592   832 W PackageManager: com.android.musicfx == 1 == 1 0
05-23 11:26:24.721  3006  3006 D dalvikvm: Added shared lib libjavacore.so 0x0
05-23 11:26:24.761  2549  2549 I pluginreceiver: context = android.app.ReceiverRestrictedContext@41e23d40,intent.getAction() = android.intent.action.PACKAGE_REMOVED
05-23 11:26:24.761   179   214 D phoneserver: rsrp[0]=82,rscp[0]=255,rxlev[0]=99 ind_str= 
05-23 11:26:24.761   179   214 D phoneserver: +CESQ: 99,99,255,255,32,82
05-23 11:26:24.771  3006  3006 D dalvikvm: Trying to load lib libnativehelper.so 0x0
05-23 11:26:24.771  3006  3006 D dalvikvm: Added shared lib libnativehelper.so 0x0
05-23 11:26:24.771  3006  3006 D dalvikvm: No JNI_OnLoad found in libnativehelper.so 0x0, skipping init
05-23 11:26:24.771  2954  2954 D MainDialog:  oldLevel = 4 level = 4 isSimAvail = true
05-23 11:26:24.771   673   673 D StatusBar.NetworkController: onSignalStrengthsChanged on phoneId0signalStrength=SignalStrength: 99 -1 -120 -160 -120 -1 -1 99 -82 2147483647 2147483647 2147483647 gsm|lte level=4LTELevel=4
05-23 11:26:24.771   673   673 D StatusBar.NetworkController: phoneid=0 isexist=true  5
05-23 11:26:24.781   673   673 D StatusBar.NetworkController: isSupportLTE = false  isCardAbsent = false
05-23 11:26:24.781   673   673 D Settings: newValuesVersion = 7
05-23 11:26:24.781   673   673 D Settings: mValues.get(name) = null
05-23 11:26:24.781   673   673 E StatusBar.NetworkController: mServiceState[phoneId].getState(): 0
05-23 11:26:24.781   673   673 E StatusBar.NetworkController: mServiceState[phoneId].getDataRegState(): 0
05-23 11:26:24.781   673   673 D TelephonyManager: getRadioFeatures: phoneId=0
05-23 11:26:24.781   673   673 D TelephonyManager: getRadioCapbility: ssdaMode=tdd-csfb
05-23 11:26:24.791   673   673 D TelephonyManager: getRadioFeatures: rCapbility=TDD_CSFB, testMode=8
05-23 11:26:24.791   673   673 D StatusBar.NetworkController: phoneId = 0 colorIndex = 0 mInetCondition=0 iconLevel=4
05-23 11:26:24.791   673   673 D TelephonyManager: getRadioFeatures: phoneId=0
05-23 11:26:24.791   673   673 D TelephonyManager: getRadioCapbility: ssdaMode=tdd-csfb
05-23 11:26:24.791   673   673 D TelephonyManager: getRadioFeatures: rCapbility=TDD_CSFB, testMode=8
05-23 11:26:24.791   673   673 D TelephonyManager: getRadioFeatures: phoneId=0
05-23 11:26:24.791   673   673 D TelephonyManager: getRadioCapbility: ssdaMode=tdd-csfb
05-23 11:26:24.791   673   673 D TelephonyManager: getRadioFeatures: rCapbility=TDD_CSFB, testMode=8
05-23 11:26:24.791   673   673 D StatusBar.NetworkController: phoneId: 0  refreshViews:   mAirplaneMode=false emergencyOnly=false no_wifi no_wifi mWifiIconId=0x0 mQSWifiIconId=0x0 wifiLabel= mHasMobileDataFeature=true mShowPhoneRSSIForData=false mPhoneSignalIconId=0x7f020107 mDataSignalIconId=0x7f020105/com.android.systemui:drawable/stat_sys_signal_4_sprd Phone_Signal_Level=4 GPRS &NetworkRoaming=false mMobileActivityIconId=0x7f0200c0(mDataActivity=0) mDataTypeIconId=0x7f0200c8/com.android.systemui:drawable/stat_sys_data_fully_connected_4g_ex   combinedSignalIconId=0x7f020105/com.android.systemui:drawable/stat_sys_signal_4_ex mobileLabel=中国移动4G combinedLabel=中国移动4G mLastDataDirectionOverlayIconId=0x7f0200c0
05-23 11:26:24.791   673   673 D Settings: newValuesVersion = 2
05-23 11:26:24.791   673   673 D Settings: mValues.get(name) = 0
05-23 11:26:24.791   673   673 D Settings: newValuesVersion = 7
05-23 11:26:24.791   673   673 D Settings: mValues.get(name) = null
05-23 11:26:24.791   673   673 D QuickSettingsModel: isStandby = true
05-23 11:26:24.791   673   673 D Settings: newValuesVersion = 7
05-23 11:26:24.801   673   673 D Settings: mValues.get(name) = null
05-23 11:26:24.801   673   673 D QuickSettingsModel: onVoWifiChanged multiModeSlot = 0 isVoWifiAvailable = false isStandby = true
05-23 11:26:24.921   167   167 E SLOGCP  : int MediaStorage::check_quota(): data large: 10513904/10M
05-23 11:26:24.921   167   167 E SLOGCP  : virtual void LogPipeHandler::process(int): CP cp_5mode save log error [16(Device or resource busy)]
05-23 11:26:24.961   698   698 D Settings: newValuesVersion = 35
05-23 11:26:24.961   698   698 D Settings: mValues.get(name) = null
05-23 11:26:24.991  2854  2854 I System.out: appid= 59a92a75 and    packagename= com.iflytek.pushclient.a.b.a@73614f9b
05-23 11:26:25.071  3049  3055 D dalvikvm: Debugger has detached; object registry had 1 entries
05-23 11:26:25.101   167   167 E SLOGCP  : int MediaStorage::check_quota(): data large: 10513904/10M
05-23 11:26:25.101   167   167 E SLOGCP  : virtual void LogPipeHandler::process(int): CP cp_5mode save log error [16(Device or resource busy)]
05-23 11:26:25.111  3006  3006 D dalvikvm: Note: class Landroid/app/ActivityManagerNative; has 192 unimplemented (abstract) methods
05-23 11:26:25.151   167   167 E SLOGCP  : int MediaStorage::check_quota(): data large: 10513904/10M
05-23 11:26:25.151   167   167 E SLOGCP  : virtual void LogPipeHandler::process(int): CP cp_5mode save log error [16(Device or resource busy)]
05-23 11:26:25.181   167   167 E SLOGCP  : int MediaStorage::check_quota(): data large: 10513904/10M
05-23 11:26:25.181   167   167 E SLOGCP  : virtual void LogPipeHandler::process(int): CP cp_5mode save log error [16(Device or resource busy)]
05-23 11:26:25.181   167   167 E SLOGCP  : int MediaStorage::check_quota(): data large: 10513904/10M
05-23 11:26:25.181   167   167 E SLOGCP  : virtual void LogPipeHandler::process(int): CP cp_5mode save log error [16(Device or resource busy)]
05-23 11:26:25.442   167   167 E SLOGCP  : int MediaStorage::check_quota(): data large: 10513904/10M
05-23 11:26:25.442   167   167 E SLOGCP  : virtual void LogPipeHandler::process(int): CP cp_5mode save log error [16(Device or resource busy)]
05-23 11:26:25.452  3049  3049 I System.out: directory is exit,the errnoException.errno is 17
05-23 11:26:25.452  3049  3049 I System.out: directory is exit,the errnoException.errno is 17
05-23 11:26:25.452  3049  3049 I System.out: directory is exit,the errnoException.errno is 17
05-23 11:26:25.452  3049  3049 I System.out: directory is exit,the errnoException.errno is 17
05-23 11:26:25.602  3006  3006 E memtrack: Couldn't load memtrack module (No such file or directory)
05-23 11:26:25.602  3006  3006 E android.os.Debug: failed to load memtrack module: -2
05-23 11:26:25.762   179   214 D phoneserver: rsrp[0]=80,rscp[0]=255,rxlev[0]=99 ind_str= 
05-23 11:26:25.762   179   214 D phoneserver: +CESQ: 99,99,255,255,24,80
05-23 11:26:25.772   673   673 D StatusBar.NetworkController: onSignalStrengthsChanged on phoneId0signalStrength=SignalStrength: 99 -1 -120 -160 -120 -1 -1 99 -80 2147483647 2147483647 2147483647 gsm|lte level=4LTELevel=4
05-23 11:26:25.772  2954  2954 D MainDialog:  oldLevel = 4 level = 4 isSimAvail = true
05-23 11:26:25.772   673   673 D StatusBar.NetworkController: phoneid=0 isexist=true  5
05-23 11:26:25.782   673   673 D StatusBar.NetworkController: isSupportLTE = false  isCardAbsent = false
05-23 11:26:25.782   673   673 D Settings: newValuesVersion = 7
05-23 11:26:25.782   673   673 D Settings: mValues.get(name) = null
05-23 11:26:25.782   673   673 E StatusBar.NetworkController: mServiceState[phoneId].getState(): 0
05-23 11:26:25.782   673   673 E StatusBar.NetworkController: mServiceState[phoneId].getDataRegState(): 0
05-23 11:26:25.782   673   673 D TelephonyManager: getRadioFeatures: phoneId=0
05-23 11:26:25.782   673   673 D TelephonyManager: getRadioCapbility: ssdaMode=tdd-csfb
05-23 11:26:25.782   673   673 D TelephonyManager: getRadioFeatures: rCapbility=TDD_CSFB, testMode=8
05-23 11:26:25.782   673   673 D StatusBar.NetworkController: phoneId = 0 colorIndex = 0 mInetCondition=0 iconLevel=4
05-23 11:26:25.782   673   673 D TelephonyManager: getRadioFeatures: phoneId=0
05-23 11:26:25.782   673   673 D TelephonyManager: getRadioCapbility: ssdaMode=tdd-csfb
05-23 11:26:25.782   673   673 D TelephonyManager: getRadioFeatures: rCapbility=TDD_CSFB, testMode=8
05-23 11:26:25.782   673   673 D TelephonyManager: getRadioFeatures: phoneId=0
05-23 11:26:25.782   673   673 D TelephonyManager: getRadioCapbility: ssdaMode=tdd-csfb
05-23 11:26:25.782   673   673 D TelephonyManager: getRadioFeatures: rCapbility=TDD_CSFB, testMode=8
05-23 11:26:25.782   673   673 D StatusBar.NetworkController: phoneId: 0  refreshViews:   mAirplaneMode=false emergencyOnly=false no_wifi no_wifi mWifiIconId=0x0 mQSWifiIconId=0x0 wifiLabel= mHasMobileDataFeature=true mShowPhoneRSSIForData=false mPhoneSignalIconId=0x7f020107 mDataSignalIconId=0x7f020105/com.android.systemui:drawable/stat_sys_signal_4_sprd Phone_Signal_Level=4 GPRS &NetworkRoaming=false mMobileActivityIconId=0x7f0200c0(mDataActivity=0) mDataTypeIconId=0x7f0200c8/com.android.systemui:drawable/stat_sys_data_fully_connected_4g_ex   combinedSignalIconId=0x7f020105/com.android.systemui:drawable/stat_sys_signal_4_ex mobileLabel=中国移动4G combinedLabel=中国移动4G mLastDataDirectionOverlayIconId=0x7f0200c0
05-23 11:26:25.782   673   673 D Settings: newValuesVersion = 2
05-23 11:26:25.782   673   673 D Settings: mValues.get(name) = 0
05-23 11:26:25.782   673   673 D Settings: newValuesVersion = 7
05-23 11:26:25.782   673   673 D Settings: mValues.get(name) = null
05-23 11:26:25.782   673   673 D QuickSettingsModel: isStandby = true
05-23 11:26:25.782   673   673 D Settings: newValuesVersion = 7
05-23 11:26:25.782   673   673 D Settings: mValues.get(name) = null
05-23 11:26:25.782   673   673 D QuickSettingsModel: onVoWifiChanged multiModeSlot = 0 isVoWifiAvailable = false isStandby = true
05-23 11:26:25.832   592   975 D LIBGPS  : watchdog_open PowerState:GE2 CP SLEEP,readcount:0
05-23 11:26:26.002   698   698 D Settings: newValuesVersion = 35
05-23 11:26:26.002   698   698 D Settings: mValues.get(name) = null
05-23 11:26:26.433  3006  3006 D skia    : ---- system font and fallback font files specify a duplicate font /system/fonts/NotoSansGurmukhi-Bold.ttf, skipping the second occurrence
05-23 11:26:26.433  3006  3006 D skia    : ---- system font and fallback font files specify a duplicate font /system/fonts/NotoSansGurmukhi-Regular.ttf, skipping the second occurrence
05-23 11:26:26.433  3006  3006 D skia    : ---- system font and fallback font files specify a duplicate font /system/fonts/NotoSansGurmukhiUI-Bold.ttf, skipping the second occurrence
05-23 11:26:26.433  3006  3006 D skia    : ---- system font and fallback font files specify a duplicate font /system/fonts/NotoSansOriya-Bold.ttf, skipping the second occurrence
05-23 11:26:26.433  3006  3006 D skia    : ---- system font and fallback font files specify a duplicate font /system/fonts/NotoSansOriya-Regular.ttf, skipping the second occurrence
05-23 11:26:26.433  3006  3006 D skia    : ---- system font and fallback font files specify a duplicate font /system/fonts/NotoSansOriyaUI-Regular.ttf, skipping the second occurrence
05-23 11:26:26.433  3006  3006 D skia    : ---- system font and fallback font files specify a duplicate font /system/fonts/NotoSansOriyaUI-Bold.ttf, skipping the second occurrence
05-23 11:26:26.433  3006  3006 D skia    : ---- system font and fallback font files specify a duplicate font /system/fonts/NotoSansGujarati-Bold.ttf, skipping the second occurrence
05-23 11:26:26.433  3006  3006 D skia    : ---- system font and fallback font files specify a duplicate font /system/fonts/NotoSansGujarati-Regular.ttf, skipping the second occurrence
05-23 11:26:26.433  3006  3006 D skia    : ---- system font and fallback font files specify a duplicate font /system/fonts/NotoSansGujaratiUI-Bold.ttf, skipping the second occurrence
05-23 11:26:26.433  3006  3006 D skia    : ---- system font and fallback font files specify a duplicate font /system/fonts/NotoSansGujaratiUI-Regular.ttf, skipping the second occurrence
05-23 11:26:26.473  3006  3006 E KTFmImpl: KTFmImpl search is 100k
05-23 11:26:26.473  3006  3006 D dalvikvm: No JNI_OnLoad found in /system/lib/libandroid_runtime.so 0x0, skipping init
05-23 11:26:26.593  3006  3006 D AndroidRuntime: Calling main entry com.android.commands.am.Am
05-23 11:26:26.673  3006  3006 D AndroidRuntime: Shutting down VM
05-23 11:26:26.673  3006  3047 D jdwp    : Got wake-up signal, bailing out of select
05-23 11:26:26.673  3006  3047 D dalvikvm: Debugger has detached; object registry had 1 entries
05-23 11:26:26.763   179   214 D phoneserver: rsrp[0]=80,rscp[0]=255,rxlev[0]=99 ind_str= 
05-23 11:26:26.763   179   214 D phoneserver: +CESQ: 99,99,255,255,24,80
05-23 11:26:26.773  2954  2954 D MainDialog:  oldLevel = 4 level = 4 isSimAvail = true
05-23 11:26:26.773   673   673 D StatusBar.NetworkController: onSignalStrengthsChanged on phoneId0signalStrength=SignalStrength: 99 -1 -120 -160 -120 -1 -1 99 -80 2147483647 2147483647 2147483647 gsm|lte level=4LTELevel=4
05-23 11:26:26.773   673   673 D StatusBar.NetworkController: phoneid=0 isexist=true  5
05-23 11:26:26.783   673   673 D StatusBar.NetworkController: isSupportLTE = false  isCardAbsent = false
05-23 11:26:26.783   673   673 D Settings: newValuesVersion = 7
05-23 11:26:26.783   673   673 D Settings: mValues.get(name) = null
05-23 11:26:26.783   673   673 E StatusBar.NetworkController: mServiceState[phoneId].getState(): 0
05-23 11:26:26.783   673   673 E StatusBar.NetworkController: mServiceState[phoneId].getDataRegState(): 0
05-23 11:26:26.783   673   673 D TelephonyManager: getRadioFeatures: phoneId=0
05-23 11:26:26.783   673   673 D TelephonyManager: getRadioCapbility: ssdaMode=tdd-csfb
05-23 11:26:26.783   673   673 D TelephonyManager: getRadioFeatures: rCapbility=TDD_CSFB, testMode=8
05-23 11:26:26.793   673   673 D StatusBar.NetworkController: phoneId = 0 colorIndex = 0 mInetCondition=0 iconLevel=4
05-23 11:26:26.793   673   673 D TelephonyManager: getRadioFeatures: phoneId=0
05-23 11:26:26.793   673   673 D TelephonyManager: getRadioCapbility: ssdaMode=tdd-csfb
05-23 11:26:26.793   673   673 D TelephonyManager: getRadioFeatures: rCapbility=TDD_CSFB, testMode=8
05-23 11:26:26.793   673   673 D TelephonyManager: getRadioFeatures: phoneId=0
05-23 11:26:26.793   673   673 D TelephonyManager: getRadioCapbility: ssdaMode=tdd-csfb
05-23 11:26:26.793   673   673 D TelephonyManager: getRadioFeatures: rCapbility=TDD_CSFB, testMode=8
05-23 11:26:26.803   673   673 D StatusBar.NetworkController: phoneId: 0  refreshViews:   mAirplaneMode=false emergencyOnly=false no_wifi no_wifi mWifiIconId=0x0 mQSWifiIconId=0x0 wifiLabel= mHasMobileDataFeature=true mShowPhoneRSSIForData=false mPhoneSignalIconId=0x7f020107 mDataSignalIconId=0x7f020105/com.android.systemui:drawable/stat_sys_signal_4_sprd Phone_Signal_Level=4 GPRS &NetworkRoaming=false mMobileActivityIconId=0x7f0200c0(mDataActivity=0) mDataTypeIconId=0x7f0200c8/com.android.systemui:drawable/stat_sys_data_fully_connected_4g_ex   combinedSignalIconId=0x7f020105/com.android.systemui:drawable/stat_sys_signal_4_ex mobileLabel=中国移动4G combinedLabel=中国移动4G mLastDataDirectionOverlayIconId=0x7f0200c0
05-23 11:26:26.803   673   673 D Settings: newValuesVersion = 2
05-23 11:26:26.803   673   673 D Settings: mValues.get(name) = 0
05-23 11:26:26.803   673   673 D Settings: newValuesVersion = 7
05-23 11:26:26.803   673   673 D Settings: mValues.get(name) = null
05-23 11:26:26.803   673   673 D QuickSettingsModel: isStandby = true
05-23 11:26:26.803   673   673 D Settings: newValuesVersion = 7
05-23 11:26:26.803   673   673 D Settings: mValues.get(name) = null
05-23 11:26:26.803   673   673 D QuickSettingsModel: onVoWifiChanged multiModeSlot = 0 isVoWifiAvailable = false isStandby = true
05-23 11:26:27.003   698   698 D Settings: newValuesVersion = 35
05-23 11:26:27.003   698   698 D Settings: mValues.get(name) = null
05-23 11:26:27.083  3092  3098 D dalvikvm: Debugger has detached; object registry had 1 entries
05-23 11:26:27.324  3092  3092 I System.out: directory is exit,the errnoException.errno is 17
05-23 11:26:27.324  3092  3092 I System.out: directory is exit,the errnoException.errno is 17
05-23 11:26:27.324  3092  3092 I System.out: directory is exit,the errnoException.errno is 17
05-23 11:26:27.324  3092  3092 I System.out: directory is exit,the errnoException.errno is 17
05-23 11:26:27.354   167   167 E SLOGCP  : int MediaStorage::check_quota(): data large: 10513904/10M
05-23 11:26:27.354   167   167 E SLOGCP  : virtual void LogPipeHandler::process(int): CP cp_5mode save log error [16(Device or resource busy)]
05-23 11:26:27.384  3092  3092 D FotaUpdate: AInReceiver:->update self finish packageName=com.alading.launcher isAppReplacing=true
05-23 11:26:27.424   592   857 D Settings: newValuesVersion = 7
05-23 11:26:27.424   592   857 D Settings: mValues.get(name) = null
05-23 11:26:27.434   592   857 D Settings: newValuesVersion = 7
05-23 11:26:27.434   592   857 D Settings: mValues.get(name) = null
05-23 11:26:27.434   592   857 D Settings: newValuesVersion = 7
05-23 11:26:27.434   592   857 D Settings: mValues.get(name) = null
05-23 11:26:27.434   592   857 D Settings: newValuesVersion = 7
05-23 11:26:27.434   592   857 D Settings: mValues.get(name) = null
05-23 11:26:27.434   592   857 D Settings: newValuesVersion = 7
05-23 11:26:27.434   592   857 D Settings: mValues.get(name) = null
05-23 11:26:27.434   592   857 D Settings: newValuesVersion = 7
05-23 11:26:27.434   592   857 D Settings: mValues.get(name) = null
05-23 11:26:27.434   592   857 D Settings: newValuesVersion = 7
05-23 11:26:27.434   592   857 D Settings: mValues.get(name) = null
05-23 11:26:27.434   592   857 D Settings: newValuesVersion = 7
05-23 11:26:27.434   592   857 D Settings: mValues.get(name) = null
05-23 11:26:27.434   592   857 D Settings: newValuesVersion = 7
05-23 11:26:27.434   592   857 D Settings: mValues.get(name) = null
05-23 11:26:27.434   592   857 D Settings: newValuesVersion = 7
05-23 11:26:27.444   592   857 D Settings: mValues.get(name) = null
05-23 11:26:27.444   592   857 D Settings: newValuesVersion = 7
05-23 11:26:27.444   592   857 D Settings: mValues.get(name) = null
05-23 11:26:27.554  3092  3096 D dalvikvm: GC_CONCURRENT freed 348K, 19% free 2313K/2836K, paused 5ms+3ms, total 94ms
05-23 11:26:27.554  3092  3092 D dalvikvm: WAIT_FOR_CONCURRENT_GC blocked 42ms
05-23 11:26:27.554  3092  3104 D dalvikvm: WAIT_FOR_CONCURRENT_GC blocked 31ms
05-23 11:26:27.764   179   214 D phoneserver: rsrp[0]=80,rscp[0]=255,rxlev[0]=99 ind_str= 
05-23 11:26:27.764   179   214 D phoneserver: +CESQ: 99,99,255,255,24,80
05-23 11:26:27.774  2954  2954 D MainDialog:  oldLevel = 4 level = 4 isSimAvail = true
05-23 11:26:27.774   673   673 D StatusBar.NetworkController: onSignalStrengthsChanged on phoneId0signalStrength=SignalStrength: 99 -1 -120 -160 -120 -1 -1 99 -80 2147483647 2147483647 2147483647 gsm|lte level=4LTELevel=4
05-23 11:26:27.774   673   673 D StatusBar.NetworkController: phoneid=0 isexist=true  5
05-23 11:26:27.784   673   673 D StatusBar.NetworkController: isSupportLTE = false  isCardAbsent = false
05-23 11:26:27.784   673   673 D Settings: newValuesVersion = 7
05-23 11:26:27.784   673   673 D Settings: mValues.get(name) = null
05-23 11:26:27.784   673   673 E StatusBar.NetworkController: mServiceState[phoneId].getState(): 0
05-23 11:26:27.784   673   673 E StatusBar.NetworkController: mServiceState[phoneId].getDataRegState(): 0
05-23 11:26:27.784   673   673 D TelephonyManager: getRadioFeatures: phoneId=0
05-23 11:26:27.784   673   673 D TelephonyManager: getRadioCapbility: ssdaMode=tdd-csfb
05-23 11:26:27.784   673   673 D TelephonyManager: getRadioFeatures: rCapbility=TDD_CSFB, testMode=8
05-23 11:26:27.784   673   673 D StatusBar.NetworkController: phoneId = 0 colorIndex = 0 mInetCondition=0 iconLevel=4
05-23 11:26:27.784   673   673 D TelephonyManager: getRadioFeatures: phoneId=0
05-23 11:26:27.784   673   673 D TelephonyManager: getRadioCapbility: ssdaMode=tdd-csfb
05-23 11:26:27.784   673   673 D TelephonyManager: getRadioFeatures: rCapbility=TDD_CSFB, testMode=8
05-23 11:26:27.784   673   673 D TelephonyManager: getRadioFeatures: phoneId=0
05-23 11:26:27.784   673   673 D TelephonyManager: getRadioCapbility: ssdaMode=tdd-csfb
05-23 11:26:27.784   673   673 D TelephonyManager: getRadioFeatures: rCapbility=TDD_CSFB, testMode=8
05-23 11:26:27.794   673   673 D StatusBar.NetworkController: phoneId: 0  refreshViews:   mAirplaneMode=false emergencyOnly=false no_wifi no_wifi mWifiIconId=0x0 mQSWifiIconId=0x0 wifiLabel= mHasMobileDataFeature=true mShowPhoneRSSIForData=false mPhoneSignalIconId=0x7f020107 mDataSignalIconId=0x7f020105/com.android.systemui:drawable/stat_sys_signal_4_sprd Phone_Signal_Level=4 GPRS &NetworkRoaming=false mMobileActivityIconId=0x7f0200c0(mDataActivity=0) mDataTypeIconId=0x7f0200c8/com.android.systemui:drawable/stat_sys_data_fully_connected_4g_ex   combinedSignalIconId=0x7f020105/com.android.systemui:drawable/stat_sys_signal_4_ex mobileLabel=中国移动4G combinedLabel=中国移动4G mLastDataDirectionOverlayIconId=0x7f0200c0
05-23 11:26:27.804   673   673 D Settings: newValuesVersion = 2
05-23 11:26:27.804   673   673 D Settings: mValues.get(name) = 0
05-23 11:26:27.804   673   673 D Settings: newValuesVersion = 7
05-23 11:26:27.804   673   673 D Settings: mValues.get(name) = null
05-23 11:26:27.804   673   673 D QuickSettingsModel: isStandby = true
05-23 11:26:27.804   673   673 D Settings: newValuesVersion = 7
05-23 11:26:27.804   673   673 D Settings: mValues.get(name) = null
05-23 11:26:27.804   673   673 D QuickSettingsModel: onVoWifiChanged multiModeSlot = 0 isVoWifiAvailable = false isStandby = true
05-23 11:26:27.834   592   975 D LIBGPS  : watchdog_open PowerState:GE2 CP SLEEP,readcount:0
05-23 11:26:27.914   592   832 W PackageManager: com.android.musicfx == 1 == 1 0
05-23 11:26:27.914   592   602 W PackageManager: com.android.musicfx == 1 == 1 0
05-23 11:26:27.924  2549  2549 I pluginreceiver: context = android.app.ReceiverRestrictedContext@41e23d40,intent.getAction() = android.intent.action.PACKAGE_ADDED
05-23 11:26:28.024   698   698 D Settings: newValuesVersion = 35
05-23 11:26:28.024   698   698 D Settings: mValues.get(name) = null
05-23 11:26:28.074   592   857 W PackageManager: com.android.musicfx == 1 == 1 0
05-23 11:26:28.074   592   924 W PackageManager: com.android.musicfx == 1 == 1 0
05-23 11:26:28.335   271   278 D ENGPC   : parse_event: event { 'change', '/devices/sprd_battery.17/power_supply/battery', 'power_supply', '' }
05-23 11:26:28.335   180   324 D ENGPC   : parse_event: event { 'change', '/devices/sprd_battery.17/power_supply/battery', 'power_supply', '' }
05-23 11:26:28.345   174   267 I ThermalChargeDetect: charge status: Full
05-23 11:26:28.395   673   673 D KeyguardUpdateMonitor: received broadcast android.intent.action.BATTERY_CHANGED
05-23 11:26:28.425   673   673 I StatusBar.BatteryController: 1.battery level = 100,status = 5
05-23 11:26:28.425   673   673 D KeyguardUpdateMonitor: handleBatteryUpdate
05-23 11:26:28.615   157   157 D gralloc.sc8830: fb_post fps = 1.200749
05-23 11:26:28.645   167   167 E SLOGCP  : int MediaStorage::check_quota(): data large: 10513904/10M
05-23 11:26:28.645   167   167 E SLOGCP  : virtual void LogPipeHandler::process(int): CP cp_5mode save log error [16(Device or resource busy)]
05-23 11:26:28.765   179   214 D phoneserver: rsrp[0]=80,rscp[0]=255,rxlev[0]=99 ind_str= 
05-23 11:26:28.765   179   214 D phoneserver: +CESQ: 99,99,255,255,24,80
05-23 11:26:28.775   673   673 D StatusBar.NetworkController: onSignalStrengthsChanged on phoneId0signalStrength=SignalStrength: 99 -1 -120 -160 -120 -1 -1 99 -80 2147483647 2147483647 2147483647 gsm|lte level=4LTELevel=4
05-23 11:26:28.775  2954  2954 D MainDialog:  oldLevel = 4 level = 4 isSimAvail = true
05-23 11:26:28.775   673   673 D StatusBar.NetworkController: phoneid=0 isexist=true  5
05-23 11:26:28.775   673   673 D StatusBar.NetworkController: isSupportLTE = false  isCardAbsent = false
05-23 11:26:28.775   673   673 D Settings: newValuesVersion = 7
05-23 11:26:28.775   673   673 D Settings: mValues.get(name) = null
05-23 11:26:28.775   673   673 E StatusBar.NetworkController: mServiceState[phoneId].getState(): 0
05-23 11:26:28.775   673   673 E StatusBar.NetworkController: mServiceState[phoneId].getDataRegState(): 0
05-23 11:26:28.785   673   673 D TelephonyManager: getRadioFeatures: phoneId=0
05-23 11:26:28.785   673   673 D TelephonyManager: getRadioCapbility: ssdaMode=tdd-csfb
05-23 11:26:28.785   673   673 D TelephonyManager: getRadioFeatures: rCapbility=TDD_CSFB, testMode=8
05-23 11:26:28.785   673   673 D StatusBar.NetworkController: phoneId = 0 colorIndex = 0 mInetCondition=0 iconLevel=4
05-23 11:26:28.785   673   673 D TelephonyManager: getRadioFeatures: phoneId=0
05-23 11:26:28.785   673   673 D TelephonyManager: getRadioCapbility: ssdaMode=tdd-csfb
05-23 11:26:28.785   673   673 D TelephonyManager: getRadioFeatures: rCapbility=TDD_CSFB, testMode=8
05-23 11:26:28.785   673   673 D TelephonyManager: getRadioFeatures: phoneId=0
05-23 11:26:28.785   673   673 D TelephonyManager: getRadioCapbility: ssdaMode=tdd-csfb
05-23 11:26:28.785   673   673 D TelephonyManager: getRadioFeatures: rCapbility=TDD_CSFB, testMode=8
05-23 11:26:28.785   673   673 D StatusBar.NetworkController: phoneId: 0  refreshViews:   mAirplaneMode=false emergencyOnly=false no_wifi no_wifi mWifiIconId=0x0 mQSWifiIconId=0x0 wifiLabel= mHasMobileDataFeature=true mShowPhoneRSSIForData=false mPhoneSignalIconId=0x7f020107 mDataSignalIconId=0x7f020105/com.android.systemui:drawable/stat_sys_signal_4_sprd Phone_Signal_Level=4 GPRS &NetworkRoaming=false mMobileActivityIconId=0x7f0200c0(mDataActivity=0) mDataTypeIconId=0x7f0200c8/com.android.systemui:drawable/stat_sys_data_fully_connected_4g_ex   combinedSignalIconId=0x7f020105/com.android.systemui:drawable/stat_sys_signal_4_ex mobileLabel=中国移动4G combinedLabel=中国移动4G mLastDataDirectionOverlayIconId=0x7f0200c0
05-23 11:26:28.795   673   673 D Settings: newValuesVersion = 2
05-23 11:26:28.795   673   673 D Settings: mValues.get(name) = 0
05-23 11:26:28.795   673   673 D Settings: newValuesVersion = 7
05-23 11:26:28.795   673   673 D Settings: mValues.get(name) = null
05-23 11:26:28.795   673   673 D QuickSettingsModel: isStandby = true
05-23 11:26:28.795   673   673 D Settings: newValuesVersion = 7
05-23 11:26:28.795   673   673 D Settings: mValues.get(name) = null
05-23 11:26:28.795   673   673 D QuickSettingsModel: onVoWifiChanged multiModeSlot = 0 isVoWifiAvailable = false isStandby = true
05-23 11:26:29.025   698   698 D Settings: newValuesVersion = 35
05-23 11:26:29.025   698   698 D Settings: mValues.get(name) = null
05-23 11:26:29.766   179   214 D phoneserver: rsrp[0]=80,rscp[0]=255,rxlev[0]=99 ind_str= 
05-23 11:26:29.766   179   214 D phoneserver: +CESQ: 99,99,255,255,24,80
05-23 11:26:29.776   673   673 D StatusBar.NetworkController: onSignalStrengthsChanged on phoneId0signalStrength=SignalStrength: 99 -1 -120 -160 -120 -1 -1 99 -80 2147483647 2147483647 2147483647 gsm|lte level=4LTELevel=4
05-23 11:26:29.776  2954  2954 D MainDialog:  oldLevel = 4 level = 4 isSimAvail = true
05-23 11:26:29.776   673   673 D StatusBar.NetworkController: phoneid=0 isexist=true  5
05-23 11:26:29.776   673   673 D StatusBar.NetworkController: isSupportLTE = false  isCardAbsent = false
05-23 11:26:29.776   673   673 D Settings: newValuesVersion = 7
05-23 11:26:29.776   673   673 D Settings: mValues.get(name) = null
05-23 11:26:29.776   673   673 E StatusBar.NetworkController: mServiceState[phoneId].getState(): 0
05-23 11:26:29.776   673   673 E StatusBar.NetworkController: mServiceState[phoneId].getDataRegState(): 0
05-23 11:26:29.786   673   673 D TelephonyManager: getRadioFeatures: phoneId=0
05-23 11:26:29.786   673   673 D TelephonyManager: getRadioCapbility: ssdaMode=tdd-csfb
05-23 11:26:29.786   673   673 D TelephonyManager: getRadioFeatures: rCapbility=TDD_CSFB, testMode=8
05-23 11:26:29.786   673   673 D StatusBar.NetworkController: phoneId = 0 colorIndex = 0 mInetCondition=0 iconLevel=4
05-23 11:26:29.786   673   673 D TelephonyManager: getRadioFeatures: phoneId=0
05-23 11:26:29.786   673   673 D TelephonyManager: getRadioCapbility: ssdaMode=tdd-csfb
05-23 11:26:29.786   673   673 D TelephonyManager: getRadioFeatures: rCapbility=TDD_CSFB, testMode=8
05-23 11:26:29.786   673   673 D TelephonyManager: getRadioFeatures: phoneId=0
05-23 11:26:29.786   673   673 D TelephonyManager: getRadioCapbility: ssdaMode=tdd-csfb
05-23 11:26:29.786   673   673 D TelephonyManager: getRadioFeatures: rCapbility=TDD_CSFB, testMode=8
05-23 11:26:29.786   673   673 D StatusBar.NetworkController: phoneId: 0  refreshViews:   mAirplaneMode=false emergencyOnly=false no_wifi no_wifi mWifiIconId=0x0 mQSWifiIconId=0x0 wifiLabel= mHasMobileDataFeature=true mShowPhoneRSSIForData=false mPhoneSignalIconId=0x7f020107 mDataSignalIconId=0x7f020105/com.android.systemui:drawable/stat_sys_signal_4_sprd Phone_Signal_Level=4 GPRS &NetworkRoaming=false mMobileActivityIconId=0x7f0200c0(mDataActivity=0) mDataTypeIconId=0x7f0200c8/com.android.systemui:drawable/stat_sys_data_fully_connected_4g_ex   combinedSignalIconId=0x7f020105/com.android.systemui:drawable/stat_sys_signal_4_ex mobileLabel=中国移动4G combinedLabel=中国移动4G mLastDataDirectionOverlayIconId=0x7f0200c0
05-23 11:26:29.786   673   673 D Settings: newValuesVersion = 2
05-23 11:26:29.796   673   673 D Settings: mValues.get(name) = 0
05-23 11:26:29.806   673   673 D Settings: newValuesVersion = 7
05-23 11:26:29.806   673   673 D Settings: mValues.get(name) = null
05-23 11:26:29.806   673   673 D QuickSettingsModel: isStandby = true
05-23 11:26:29.806   673   673 D Settings: newValuesVersion = 7
05-23 11:26:29.806   673   673 D Settings: mValues.get(name) = null
05-23 11:26:29.806   673   673 D QuickSettingsModel: onVoWifiChanged multiModeSlot = 0 isVoWifiAvailable = false isStandby = true
05-23 11:26:29.836   592   975 D LIBGPS  : watchdog_open PowerState:GE2 CP SLEEP,readcount:0
05-23 11:26:29.926   167   167 E SLOGCP  : int MediaStorage::check_quota(): data large: 10513904/10M
05-23 11:26:29.926   167   167 E SLOGCP  : virtual void LogPipeHandler::process(int): CP cp_5mode save log error [16(Device or resource busy)]
05-23 11:26:30.026   698   698 D Settings: newValuesVersion = 35
05-23 11:26:30.026   698   698 D Settings: mValues.get(name) = null
05-23 11:26:30.767   179   214 D phoneserver: rsrp[0]=80,rscp[0]=255,rxlev[0]=99 ind_str= 
05-23 11:26:30.767   179   214 D phoneserver: +CESQ: 99,99,255,255,24,80
05-23 11:26:30.777  2954  2954 D MainDialog:  oldLevel = 4 level = 4 isSimAvail = true
05-23 11:26:30.777   673   673 D StatusBar.NetworkController: onSignalStrengthsChanged on phoneId0signalStrength=SignalStrength: 99 -1 -120 -160 -120 -1 -1 99 -80 2147483647 2147483647 2147483647 gsm|lte level=4LTELevel=4
05-23 11:26:30.777   673   673 D StatusBar.NetworkController: phoneid=0 isexist=true  5
05-23 11:26:30.777   673   673 D StatusBar.NetworkController: isSupportLTE = false  isCardAbsent = false
05-23 11:26:30.777   673   673 D Settings: newValuesVersion = 7
05-23 11:26:30.777   673   673 D Settings: mValues.get(name) = null
05-23 11:26:30.777   673   673 E StatusBar.NetworkController: mServiceState[phoneId].getState(): 0
05-23 11:26:30.787   673   673 E StatusBar.NetworkController: mServiceState[phoneId].getDataRegState(): 0
05-23 11:26:30.787   673   673 D TelephonyManager: getRadioFeatures: phoneId=0
05-23 11:26:30.787   673   673 D TelephonyManager: getRadioCapbility: ssdaMode=tdd-csfb
05-23 11:26:30.787   673   673 D TelephonyManager: getRadioFeatures: rCapbility=TDD_CSFB, testMode=8
05-23 11:26:30.787   673   673 D StatusBar.NetworkController: phoneId = 0 colorIndex = 0 mInetCondition=0 iconLevel=4
05-23 11:26:30.787   673   673 D TelephonyManager: getRadioFeatures: phoneId=0
05-23 11:26:30.787   673   673 D TelephonyManager: getRadioCapbility: ssdaMode=tdd-csfb
05-23 11:26:30.787   673   673 D TelephonyManager: getRadioFeatures: rCapbility=TDD_CSFB, testMode=8
05-23 11:26:30.787   673   673 D TelephonyManager: getRadioFeatures: phoneId=0
05-23 11:26:30.787   673   673 D TelephonyManager: getRadioCapbility: ssdaMode=tdd-csfb
05-23 11:26:30.787   673   673 D TelephonyManager: getRadioFeatures: rCapbility=TDD_CSFB, testMode=8
05-23 11:26:30.787   673   673 D StatusBar.NetworkController: phoneId: 0  refreshViews:   mAirplaneMode=false emergencyOnly=false no_wifi no_wifi mWifiIconId=0x0 mQSWifiIconId=0x0 wifiLabel= mHasMobileDataFeature=true mShowPhoneRSSIForData=false mPhoneSignalIconId=0x7f020107 mDataSignalIconId=0x7f020105/com.android.systemui:drawable/stat_sys_signal_4_sprd Phone_Signal_Level=4 GPRS &NetworkRoaming=false mMobileActivityIconId=0x7f0200c0(mDataActivity=0) mDataTypeIconId=0x7f0200c8/com.android.systemui:drawable/stat_sys_data_fully_connected_4g_ex   combinedSignalIconId=0x7f020105/com.android.systemui:drawable/stat_sys_signal_4_ex mobileLabel=中国移动4G combinedLabel=中国移动4G mLastDataDirectionOverlayIconId=0x7f0200c0
05-23 11:26:30.787   673   673 D Settings: newValuesVersion = 2
05-23 11:26:30.787   673   673 D Settings: mValues.get(name) = 0
05-23 11:26:30.787   673   673 D Settings: newValuesVersion = 7
05-23 11:26:30.787   673   673 D Settings: mValues.get(name) = null
05-23 11:26:30.787   673   673 D QuickSettingsModel: isStandby = true
05-23 11:26:30.787   673   673 D Settings: newValuesVersion = 7
05-23 11:26:30.797   673   673 D Settings: mValues.get(name) = null
05-23 11:26:30.797   673   673 D QuickSettingsModel: onVoWifiChanged multiModeSlot = 0 isVoWifiAvailable = false isStandby = true
05-23 11:26:31.037   698   698 D Settings: newValuesVersion = 35
05-23 11:26:31.037   698   698 D Settings: mValues.get(name) = null
05-23 11:26:31.207   167   167 E SLOGCP  : int MediaStorage::check_quota(): data large: 10513904/10M
05-23 11:26:31.207   167   167 E SLOGCP  : virtual void LogPipeHandler::process(int): CP cp_5mode save log error [16(Device or resource busy)]
05-23 11:26:31.758   179   214 D phoneserver: rsrp[0]=79,rscp[0]=255,rxlev[0]=99 ind_str= 
05-23 11:26:31.758   179   214 D phoneserver: +CESQ: 99,99,255,255,29,79
05-23 11:26:31.768   673   673 D StatusBar.NetworkController: onSignalStrengthsChanged on phoneId0signalStrength=SignalStrength: 99 -1 -120 -160 -120 -1 -1 99 -79 2147483647 2147483647 2147483647 gsm|lte level=4LTELevel=4
05-23 11:26:31.768  2954  2954 D MainDialog:  oldLevel = 4 level = 4 isSimAvail = true
05-23 11:26:31.768   673   673 D StatusBar.NetworkController: phoneid=0 isexist=true  5
05-23 11:26:31.768   673   673 D StatusBar.NetworkController: isSupportLTE = false  isCardAbsent = false
05-23 11:26:31.768   673   673 D Settings: newValuesVersion = 7
05-23 11:26:31.778   673   673 D Settings: mValues.get(name) = null
05-23 11:26:31.778   673   673 E StatusBar.NetworkController: mServiceState[phoneId].getState(): 0
05-23 11:26:31.778   673   673 E StatusBar.NetworkController: mServiceState[phoneId].getDataRegState(): 0
05-23 11:26:31.778   673   673 D TelephonyManager: getRadioFeatures: phoneId=0
05-23 11:26:31.778   673   673 D TelephonyManager: getRadioCapbility: ssdaMode=tdd-csfb
05-23 11:26:31.778   673   673 D TelephonyManager: getRadioFeatures: rCapbility=TDD_CSFB, testMode=8
05-23 11:26:31.778   673   673 D StatusBar.NetworkController: phoneId = 0 colorIndex = 0 mInetCondition=0 iconLevel=4
05-23 11:26:31.778   673   673 D TelephonyManager: getRadioFeatures: phoneId=0
05-23 11:26:31.778   673   673 D TelephonyManager: getRadioCapbility: ssdaMode=tdd-csfb
05-23 11:26:31.778   673   673 D TelephonyManager: getRadioFeatures: rCapbility=TDD_CSFB, testMode=8
05-23 11:26:31.778   673   673 D TelephonyManager: getRadioFeatures: phoneId=0
05-23 11:26:31.788   673   673 D TelephonyManager: getRadioCapbility: ssdaMode=tdd-csfb
05-23 11:26:31.788   673   673 D TelephonyManager: getRadioFeatures: rCapbility=TDD_CSFB, testMode=8
05-23 11:26:31.788   673   673 D StatusBar.NetworkController: phoneId: 0  refreshViews:   mAirplaneMode=false emergencyOnly=false no_wifi no_wifi mWifiIconId=0x0 mQSWifiIconId=0x0 wifiLabel= mHasMobileDataFeature=true mShowPhoneRSSIForData=false mPhoneSignalIconId=0x7f020107 mDataSignalIconId=0x7f020105/com.android.systemui:drawable/stat_sys_signal_4_sprd Phone_Signal_Level=4 GPRS &NetworkRoaming=false mMobileActivityIconId=0x7f0200c0(mDataActivity=0) mDataTypeIconId=0x7f0200c8/com.android.systemui:drawable/stat_sys_data_fully_connected_4g_ex   combinedSignalIconId=0x7f020105/com.android.systemui:drawable/stat_sys_signal_4_ex mobileLabel=中国移动4G combinedLabel=中国移动4G mLastDataDirectionOverlayIconId=0x7f0200c0
05-23 11:26:31.788   673   673 D Settings: newValuesVersion = 2
05-23 11:26:31.788   673   673 D Settings: mValues.get(name) = 0
05-23 11:26:31.788   673   673 D Settings: newValuesVersion = 7
05-23 11:26:31.788   673   673 D Settings: mValues.get(name) = null
05-23 11:26:31.788   673   673 D QuickSettingsModel: isStandby = true
05-23 11:26:31.788   673   673 D Settings: newValuesVersion = 7
05-23 11:26:31.788   673   673 D Settings: mValues.get(name) = null
05-23 11:26:31.788   673   673 D QuickSettingsModel: onVoWifiChanged multiModeSlot = 0 isVoWifiAvailable = false isStandby = true
05-23 11:26:31.828   592   975 D LIBGPS  : watchdog_open PowerState:GE2 CP SLEEP,readcount:0
05-23 11:26:32.028   698   698 D Settings: newValuesVersion = 35
05-23 11:26:32.028   698   698 D Settings: mValues.get(name) = null
05-23 11:26:32.759   179   214 D phoneserver: rsrp[0]=79,rscp[0]=255,rxlev[0]=99 ind_str= 
05-23 11:26:32.759   179   214 D phoneserver: +CESQ: 99,99,255,255,29,79
05-23 11:26:32.769  2954  2954 D MainDialog:  oldLevel = 4 level = 4 isSimAvail = true
05-23 11:26:32.769   673   673 D StatusBar.NetworkController: onSignalStrengthsChanged on phoneId0signalStrength=SignalStrength: 99 -1 -120 -160 -120 -1 -1 99 -79 2147483647 2147483647 2147483647 gsm|lte level=4LTELevel=4
05-23 11:26:32.769   673   673 D StatusBar.NetworkController: phoneid=0 isexist=true  5
05-23 11:26:32.769   673   673 D StatusBar.NetworkController: isSupportLTE = false  isCardAbsent = false
05-23 11:26:32.769   673   673 D Settings: newValuesVersion = 7
05-23 11:26:32.769   673   673 D Settings: mValues.get(name) = null
05-23 11:26:32.769   673   673 E StatusBar.NetworkController: mServiceState[phoneId].getState(): 0
05-23 11:26:32.769   673   673 E StatusBar.NetworkController: mServiceState[phoneId].getDataRegState(): 0
05-23 11:26:32.769   673   673 D TelephonyManager: getRadioFeatures: phoneId=0
05-23 11:26:32.769   673   673 D TelephonyManager: getRadioCapbility: ssdaMode=tdd-csfb
05-23 11:26:32.779   673   673 D TelephonyManager: getRadioFeatures: rCapbility=TDD_CSFB, testMode=8
05-23 11:26:32.779   673   673 D StatusBar.NetworkController: phoneId = 0 colorIndex = 0 mInetCondition=0 iconLevel=4
05-23 11:26:32.779   673   673 D TelephonyManager: getRadioFeatures: phoneId=0
05-23 11:26:32.779   673   673 D TelephonyManager: getRadioCapbility: ssdaMode=tdd-csfb
05-23 11:26:32.779   673   673 D TelephonyManager: getRadioFeatures: rCapbility=TDD_CSFB, testMode=8
