05-23 11:07:23.578   698   698 D CAT     : CatService: ril message arrived,slotid:0
05-23 11:07:23.578   698   698 D CAT     : CatService: handleMessage[10]
05-23 11:07:23.578   698   698 D CAT     : CatService: SESSION END on 0
05-23 11:07:23.678   698   698 D DCT     : [DcT(0)] onReceive: action=android.net.wifi.STATE_CHANGE
05-23 11:07:23.678   698   698 D DCT     : [DcT(0)] NETWORK_STATE_CHANGED_ACTION: mIsWifiConnected=false
05-23 11:07:23.678   673   673 W SignalStrength: getLTELevel - rsrp:-82 snr:2147483647 rsrpIconLevel:4 snrIconLevel:-1
05-23 11:07:23.678   698   698 D DCT     : [DcT(1)] onReceive: action=android.net.wifi.STATE_CHANGE
05-23 11:07:23.678   698   698 D DCT     : [DcT(1)] NETWORK_STATE_CHANGED_ACTION: mIsWifiConnected=false
05-23 11:07:23.678   673   673 W SignalStrength: getLTELevel - rsrp:-82 snr:2147483647 rsrpIconLevel:4 snrIconLevel:-1
05-23 11:07:23.678   673   673 W SignalStrength: getLevel=4
05-23 11:07:23.698   698   698 D DCT     : [DcT(0)] onReceive: action=android.net.wifi.WIFI_STATE_CHANGED
05-23 11:07:23.698   698   698 D DCT     : [DcT(0)] WIFI_STATE_CHANGED_ACTION: enabled=false mIsWifiConnected=false
05-23 11:07:23.698   698   698 D DCT     : [DcT(1)] onReceive: action=android.net.wifi.WIFI_STATE_CHANGED
05-23 11:07:23.698   698   698 D DCT     : [DcT(1)] WIFI_STATE_CHANGED_ACTION: enabled=false mIsWifiConnected=false
05-23 11:07:23.698   673   673 W SignalStrength: getLTELevel - rsrp:-82 snr:2147483647 rsrpIconLevel:4 snrIconLevel:-1
05-23 11:07:23.698   673   673 W SignalStrength: getLTELevel - rsrp:-82 snr:2147483647 rsrpIconLevel:4 snrIconLevel:-1
05-23 11:07:23.698   673   673 W SignalStrength: getLevel=4
05-23 11:07:23.888   698   698 D DCT     : [DcT(0)] onReceive: action=android.net.wifi.WIFI_STATE_CHANGED
05-23 11:07:23.888   698   698 D DCT     : [DcT(0)] WIFI_STATE_CHANGED_ACTION: enabled=false mIsWifiConnected=false
05-23 11:07:23.888   698   698 D DCT     : [DcT(1)] onReceive: action=android.net.wifi.WIFI_STATE_CHANGED
05-23 11:07:23.888   698   698 D DCT     : [DcT(1)] WIFI_STATE_CHANGED_ACTION: enabled=false mIsWifiConnected=false
05-23 11:07:23.888   673   673 W SignalStrength: getLTELevel - rsrp:-82 snr:2147483647 rsrpIconLevel:4 snrIconLevel:-1
05-23 11:07:23.898   673   673 W SignalStrength: getLTELevel - rsrp:-82 snr:2147483647 rsrpIconLevel:4 snrIconLevel:-1
05-23 11:07:23.898   673   673 W SignalStrength: getLevel=4
05-23 11:07:24.018   698   698 D CAT     : StkCmdReceiver: handleAction, op: 4args: Bundle[{SLOT_ID=0, op=4}], slot id: 0
05-23 11:07:24.028   698   698 D CAT     : com.android.stk.StkAppService: NOT CUCC
05-23 11:07:24.028   698   698 D CAT     : com.android.stk.StkAppService: StkAppService onStart is cucc: false
05-23 11:07:24.028   698   698 D CAT     : com.android.stk.StkAppService: onStart sim id: 0, op: 4, *****
05-23 11:07:24.028   698   698 D CAT     : StkAppService: init mPhone
05-23 11:07:24.028   698  1065 D CAT     : com.android.stk.StkAppService: handleMessage opcode[4], sim id[0]
05-23 11:07:24.028   698  1065 D CAT     : StkAppService$StkContext: getPendingActivityInstance act : 0, null
05-23 11:07:24.028   698  1065 D CAT     : StkAppService$StkContext: getPendingDialogInstance act : 0, com.android.stk.StkDialogActivity@41f2fc38
05-23 11:07:24.028   698  1065 D CAT     : com.android.stk.StkAppService: cleanUpInstanceStackBySlot slotId: 0
05-23 11:07:24.028   698  1065 D CAT     : com.android.stk.StkAppService: finish pending dialog.
05-23 11:07:24.028   698  1065 D CAT     : com.android.stk.StkAppService: [handleSessionEnd] - mCurrentCmd changed to mMainCmd!.
05-23 11:07:24.028   698  1065 D CAT     : com.android.stk.StkAppService: slotId: 0, mMenuState: 0
05-23 11:07:24.028   698  1065 D CAT     : com.android.stk.StkAppService: [handleSessionEnd][mMenuState]false
05-23 11:07:24.869   698  1365 D TD      : switchWIFI in TDPhone.java
05-23 11:07:24.869   698  1365 D RILJ    : [0]switchWIFI in RILJ!
05-23 11:07:24.869   698  1365 D RILJ    : [0][4548]> RIL_REQUEST_SWITCH_WIFI
05-23 11:07:24.879   181   231 I use-Rlog/RLOG-RILC: [0] enter processCommandsCallback, socket type = 0
05-23 11:07:24.879   181   231 I use-Rlog/RLOG-RILC: [0] enter processCommandsCallback, socket type = 0
05-23 11:07:24.879   181   231 I use-Rlog/RLOG-RILC: [0] PCC  alloc one command p_record
05-23 11:07:24.879   181   753 D use-Rlog/RLOG-RILC: [0] PCB request code 5062 token 900
05-23 11:07:24.879   181   753 D use-Rlog/RLOG-RILC: [0] [0900]> SWITCH_WIFI (0)
05-23 11:07:24.879   181   753 D use-Rlog/RLOG-RIL: [0] onRequest: SWITCH_WIFI sState=4
05-23 11:07:24.879   181   753 D use-Rlog/RLOG-RIL: [0] channel1 state: '0' 
05-23 11:07:24.879   181   753 D use-Rlog/RLOG-RIL: [0] get Channel ID '1'
05-23 11:07:24.879   181   753 D use-Rlog/RLOG-RIL: [0] enter to handle event: RIL_REQUEST_SWITCH_WIFI
05-23 11:07:24.879   181   753 D use-Rlog/RLOG-RIL: [0] RIL_REQUEST_SWITCH_3_WIRE to data value: 4
05-23 11:07:24.879   181   753 D use-Rlog/RLOG-AT: [0] Channel1: AT> AT+SPCLB=4
05-23 11:07:24.879   181   242 D use-Rlog/RLOG-AT: [0] Channel1: AT< OK
05-23 11:07:24.879   181   753 D use-Rlog/RLOG-RIL: [0] response of RIL_REQUEST_SWITCH_WIFI: success!
05-23 11:07:24.879   181   753 D use-Rlog/RLOG-RILC: [0] [0900]< SWITCH_WIFI
05-23 11:07:24.879   181   753 D use-Rlog/RLOG-RIL: [0] put Channel ID '1'
05-23 11:07:24.879   181   753 I use-Rlog/RLOG-RILC: [0] -->CommandThread [753] free one command
05-23 11:07:24.879   698   747 D RILJ    : [0][4548]< RIL_REQUEST_SWITCH_WIFI 
05-23 11:07:26.911   698  1057 D TD      : switchWIFI in TDPhone.java
05-23 11:07:26.911   698  1057 D RILJ    : [0]switchWIFI in RILJ!
05-23 11:07:26.921   698  1057 D RILJ    : [0][4549]> RIL_REQUEST_SWITCH_WIFI
05-23 11:07:26.921   181   231 I use-Rlog/RLOG-RILC: [0] enter processCommandsCallback, socket type = 0
05-23 11:07:26.921   181   231 I use-Rlog/RLOG-RILC: [0] enter processCommandsCallback, socket type = 0
05-23 11:07:26.921   181   231 I use-Rlog/RLOG-RILC: [0] PCC  alloc one command p_record
05-23 11:07:26.921   181   963 D use-Rlog/RLOG-RILC: [0] PCB request code 5062 token 901
05-23 11:07:26.921   181   963 D use-Rlog/RLOG-RILC: [0] [0901]> SWITCH_WIFI (1)
05-23 11:07:26.921   181   963 D use-Rlog/RLOG-RIL: [0] onRequest: SWITCH_WIFI sState=4
05-23 11:07:26.921   181   963 D use-Rlog/RLOG-RIL: [0] channel1 state: '0' 
05-23 11:07:26.921   181   963 D use-Rlog/RLOG-RIL: [0] get Channel ID '1'
05-23 11:07:26.921   181   963 D use-Rlog/RLOG-RIL: [0] enter to handle event: RIL_REQUEST_SWITCH_WIFI
05-23 11:07:26.921   181   963 D use-Rlog/RLOG-RIL: [0] RIL_REQUEST_SWITCH_3_WIRE to data value: 5
05-23 11:07:26.921   181   963 D use-Rlog/RLOG-AT: [0] Channel1: AT> AT+SPCLB=5
05-23 11:07:26.921   181   242 D use-Rlog/RLOG-AT: [0] Channel1: AT< OK
05-23 11:07:26.921   181   963 D use-Rlog/RLOG-RIL: [0] response of RIL_REQUEST_SWITCH_WIFI: success!
05-23 11:07:26.921   181   963 D use-Rlog/RLOG-RILC: [0] [0901]< SWITCH_WIFI
05-23 11:07:26.921   181   963 D use-Rlog/RLOG-RIL: [0] put Channel ID '1'
05-23 11:07:26.921   181   963 I use-Rlog/RLOG-RILC: [0] -->CommandThread [963] free one command
05-23 11:07:26.931   698   747 D RILJ    : [0][4549]< RIL_REQUEST_SWITCH_WIFI 
05-23 11:07:27.251   698   698 D DCT     : [DcT(0)] onReceive: action=android.net.wifi.WIFI_STATE_CHANGED
05-23 11:07:27.251   698   698 D DCT     : [DcT(0)] WIFI_STATE_CHANGED_ACTION: enabled=false mIsWifiConnected=false
05-23 11:07:27.251   698   698 D DCT     : [DcT(1)] onReceive: action=android.net.wifi.WIFI_STATE_CHANGED
05-23 11:07:27.251   673   673 W SignalStrength: getLTELevel - rsrp:-82 snr:2147483647 rsrpIconLevel:4 snrIconLevel:-1
05-23 11:07:27.251   698   698 D DCT     : [DcT(1)] WIFI_STATE_CHANGED_ACTION: enabled=false mIsWifiConnected=false
05-23 11:07:27.261   673   673 W SignalStrength: getLTELevel - rsrp:-82 snr:2147483647 rsrpIconLevel:4 snrIconLevel:-1
05-23 11:07:27.261   673   673 W SignalStrength: getLevel=4
05-23 11:07:27.461   698   698 D DCT     : [DcT(0)] onReceive: action=android.net.wifi.WIFI_STATE_CHANGED
05-23 11:07:27.461   698   698 D DCT     : [DcT(0)] WIFI_STATE_CHANGED_ACTION: enabled=true mIsWifiConnected=false
05-23 11:07:27.471   673   673 W SignalStrength: getLTELevel - rsrp:-82 snr:2147483647 rsrpIconLevel:4 snrIconLevel:-1
05-23 11:07:27.471   698   698 D DCT     : [DcT(1)] onReceive: action=android.net.wifi.WIFI_STATE_CHANGED
05-23 11:07:27.471   698   698 D DCT     : [DcT(1)] WIFI_STATE_CHANGED_ACTION: enabled=true mIsWifiConnected=false
05-23 11:07:27.481   673   673 W SignalStrength: getLTELevel - rsrp:-82 snr:2147483647 rsrpIconLevel:4 snrIconLevel:-1
05-23 11:07:27.481   673   673 W SignalStrength: getLevel=4
05-23 11:07:28.412   698   698 D DCT     : [DcT(0)] onReceive: action=android.net.wifi.STATE_CHANGE
05-23 11:07:28.412   698   698 D DCT     : [DcT(0)] NETWORK_STATE_CHANGED_ACTION: mIsWifiConnected=false
05-23 11:07:28.422   673   673 W SignalStrength: getLTELevel - rsrp:-82 snr:2147483647 rsrpIconLevel:4 snrIconLevel:-1
05-23 11:07:28.422   698   698 D DCT     : [DcT(1)] onReceive: action=android.net.wifi.STATE_CHANGE
05-23 11:07:28.422   698   698 D DCT     : [DcT(1)] NETWORK_STATE_CHANGED_ACTION: mIsWifiConnected=false
05-23 11:07:28.422   673   673 W SignalStrength: getLTELevel - rsrp:-82 snr:2147483647 rsrpIconLevel:4 snrIconLevel:-1
05-23 11:07:28.422   673   673 W SignalStrength: getLevel=4
05-23 11:07:28.442   698   698 D DCT     : [DcT(0)] onReceive: action=android.net.wifi.WIFI_STATE_CHANGED
05-23 11:07:28.442   698   698 D DCT     : [DcT(0)] WIFI_STATE_CHANGED_ACTION: enabled=false mIsWifiConnected=false
05-23 11:07:28.442   698   698 D DCT     : [DcT(1)] onReceive: action=android.net.wifi.WIFI_STATE_CHANGED
05-23 11:07:28.442   698   698 D DCT     : [DcT(1)] WIFI_STATE_CHANGED_ACTION: enabled=false mIsWifiConnected=false
05-23 11:07:28.442   673   673 W SignalStrength: getLTELevel - rsrp:-82 snr:2147483647 rsrpIconLevel:4 snrIconLevel:-1
05-23 11:07:28.452   673   673 W SignalStrength: getLTELevel - rsrp:-82 snr:2147483647 rsrpIconLevel:4 snrIconLevel:-1
05-23 11:07:28.452   673   673 W SignalStrength: getLevel=4
05-23 11:07:28.733   698   698 D DCT     : [DcT(0)] onReceive: action=android.net.wifi.WIFI_STATE_CHANGED
05-23 11:07:28.743   698   698 D DCT     : [DcT(0)] WIFI_STATE_CHANGED_ACTION: enabled=false mIsWifiConnected=false
05-23 11:07:28.743   698   698 D DCT     : [DcT(1)] onReceive: action=android.net.wifi.WIFI_STATE_CHANGED
05-23 11:07:28.743   698   698 D DCT     : [DcT(1)] WIFI_STATE_CHANGED_ACTION: enabled=false mIsWifiConnected=false
05-23 11:07:28.743   673   673 W SignalStrength: getLTELevel - rsrp:-82 snr:2147483647 rsrpIconLevel:4 snrIconLevel:-1
05-23 11:07:28.743   673   673 W SignalStrength: getLTELevel - rsrp:-82 snr:2147483647 rsrpIconLevel:4 snrIconLevel:-1
05-23 11:07:28.743   673   673 W SignalStrength: getLevel=4
05-23 11:07:29.734   698  1170 D TD      : switchWIFI in TDPhone.java
05-23 11:07:29.734   698  1170 D RILJ    : [0]switchWIFI in RILJ!
05-23 11:07:29.734   698  1170 D RILJ    : [0][4550]> RIL_REQUEST_SWITCH_WIFI
05-23 11:07:29.744   181   231 I use-Rlog/RLOG-RILC: [0] enter processCommandsCallback, socket type = 0
05-23 11:07:29.744   181   231 I use-Rlog/RLOG-RILC: [0] enter processCommandsCallback, socket type = 0
05-23 11:07:29.744   181   231 I use-Rlog/RLOG-RILC: [0] PCC  alloc one command p_record
05-23 11:07:29.744   181  1098 D use-Rlog/RLOG-RILC: [0] PCB request code 5062 token 902
05-23 11:07:29.744   181  1098 D use-Rlog/RLOG-RILC: [0] [0902]> SWITCH_WIFI (0)
05-23 11:07:29.744   181  1098 D use-Rlog/RLOG-RIL: [0] onRequest: SWITCH_WIFI sState=4
05-23 11:07:29.744   181  1098 D use-Rlog/RLOG-RIL: [0] channel1 state: '0' 
05-23 11:07:29.744   181  1098 D use-Rlog/RLOG-RIL: [0] get Channel ID '1'
05-23 11:07:29.744   181  1098 D use-Rlog/RLOG-RIL: [0] enter to handle event: RIL_REQUEST_SWITCH_WIFI
05-23 11:07:29.744   181  1098 D use-Rlog/RLOG-RIL: [0] RIL_REQUEST_SWITCH_3_WIRE to data value: 4
05-23 11:07:29.744   181  1098 D use-Rlog/RLOG-AT: [0] Channel1: AT> AT+SPCLB=4
05-23 11:07:29.744   181   242 D use-Rlog/RLOG-AT: [0] Channel1: AT< OK
05-23 11:07:29.744   181  1098 D use-Rlog/RLOG-RIL: [0] response of RIL_REQUEST_SWITCH_WIFI: success!
05-23 11:07:29.744   181  1098 D use-Rlog/RLOG-RILC: [0] [0902]< SWITCH_WIFI
05-23 11:07:29.744   181  1098 D use-Rlog/RLOG-RIL: [0] put Channel ID '1'
05-23 11:07:29.744   181  1098 I use-Rlog/RLOG-RILC: [0] -->CommandThread [1098] free one command
05-23 11:07:29.754   698   747 D RILJ    : [0][4550]< RIL_REQUEST_SWITCH_WIFI 
05-23 11:07:31.916   698   710 D TD      : switchWIFI in TDPhone.java
05-23 11:07:31.916   698   710 D RILJ    : [0]switchWIFI in RILJ!
05-23 11:07:31.916   698   710 D RILJ    : [0][4551]> RIL_REQUEST_SWITCH_WIFI
05-23 11:07:31.936   181   231 I use-Rlog/RLOG-RILC: [0] enter processCommandsCallback, socket type = 0
05-23 11:07:31.936   181   231 I use-Rlog/RLOG-RILC: [0] enter processCommandsCallback, socket type = 0
05-23 11:07:31.936   181   231 I use-Rlog/RLOG-RILC: [0] PCC  alloc one command p_record
05-23 11:07:31.936   181   753 D use-Rlog/RLOG-RILC: [0] PCB request code 5062 token 903
05-23 11:07:31.936   181   753 D use-Rlog/RLOG-RILC: [0] [0903]> SWITCH_WIFI (1)
05-23 11:07:31.936   181   753 D use-Rlog/RLOG-RIL: [0] onRequest: SWITCH_WIFI sState=4
05-23 11:07:31.936   181   753 D use-Rlog/RLOG-RIL: [0] channel1 state: '0' 
05-23 11:07:31.936   181   753 D use-Rlog/RLOG-RIL: [0] get Channel ID '1'
05-23 11:07:31.936   181   753 D use-Rlog/RLOG-RIL: [0] enter to handle event: RIL_REQUEST_SWITCH_WIFI
05-23 11:07:31.936   181   753 D use-Rlog/RLOG-RIL: [0] RIL_REQUEST_SWITCH_3_WIRE to data value: 5
05-23 11:07:31.936   181   753 D use-Rlog/RLOG-AT: [0] Channel1: AT> AT+SPCLB=5
05-23 11:07:31.936   181   242 D use-Rlog/RLOG-AT: [0] Channel1: AT< OK
05-23 11:07:31.936   181   753 D use-Rlog/RLOG-RIL: [0] response of RIL_REQUEST_SWITCH_WIFI: success!
05-23 11:07:31.936   181   753 D use-Rlog/RLOG-RILC: [0] [0903]< SWITCH_WIFI
05-23 11:07:31.936   181   753 D use-Rlog/RLOG-RIL: [0] put Channel ID '1'
05-23 11:07:31.936   181   753 I use-Rlog/RLOG-RILC: [0] -->CommandThread [753] free one command
05-23 11:07:31.936   698   747 D RILJ    : [0][4551]< RIL_REQUEST_SWITCH_WIFI 
05-23 11:07:32.256   698   698 D DCT     : [DcT(0)] onReceive: action=android.net.wifi.WIFI_STATE_CHANGED
05-23 11:07:32.256   698   698 D DCT     : [DcT(0)] WIFI_STATE_CHANGED_ACTION: enabled=false mIsWifiConnected=false
05-23 11:07:32.256   698   698 D DCT     : [DcT(1)] onReceive: action=android.net.wifi.WIFI_STATE_CHANGED
05-23 11:07:32.256   698   698 D DCT     : [DcT(1)] WIFI_STATE_CHANGED_ACTION: enabled=false mIsWifiConnected=false
05-23 11:07:32.266   673   673 W SignalStrength: getLTELevel - rsrp:-82 snr:2147483647 rsrpIconLevel:4 snrIconLevel:-1
05-23 11:07:32.266   673   673 W SignalStrength: getLTELevel - rsrp:-82 snr:2147483647 rsrpIconLevel:4 snrIconLevel:-1
05-23 11:07:32.266   673   673 W SignalStrength: getLevel=4
05-23 11:07:33.447   698   698 D DCT     : [DcT(0)] onReceive: action=android.net.wifi.WIFI_STATE_CHANGED
05-23 11:07:33.457   698   698 D DCT     : [DcT(0)] WIFI_STATE_CHANGED_ACTION: enabled=true mIsWifiConnected=false
05-23 11:07:33.457   673   673 W SignalStrength: getLTELevel - rsrp:-82 snr:2147483647 rsrpIconLevel:4 snrIconLevel:-1
05-23 11:07:33.457   698   698 D DCT     : [DcT(1)] onReceive: action=android.net.wifi.WIFI_STATE_CHANGED
05-23 11:07:33.457   698   698 D DCT     : [DcT(1)] WIFI_STATE_CHANGED_ACTION: enabled=true mIsWifiConnected=false
05-23 11:07:33.457   673   673 W SignalStrength: getLTELevel - rsrp:-82 snr:2147483647 rsrpIconLevel:4 snrIconLevel:-1
05-23 11:07:33.467   673   673 W SignalStrength: getLevel=4
05-23 11:07:33.627   698   698 D DCT     : [DcT(0)] onReceive: action=android.net.wifi.STATE_CHANGE
05-23 11:07:33.627   698   698 D DCT     : [DcT(0)] NETWORK_STATE_CHANGED_ACTION: mIsWifiConnected=false
05-23 11:07:33.627   698   698 D DCT     : [DcT(1)] onReceive: action=android.net.wifi.STATE_CHANGE
05-23 11:07:33.627   698   698 D DCT     : [DcT(1)] NETWORK_STATE_CHANGED_ACTION: mIsWifiConnected=false
05-23 11:07:33.627   673   673 W SignalStrength: getLTELevel - rsrp:-82 snr:2147483647 rsrpIconLevel:4 snrIconLevel:-1
05-23 11:07:33.637   673   673 W SignalStrength: getLTELevel - rsrp:-82 snr:2147483647 rsrpIconLevel:4 snrIconLevel:-1
05-23 11:07:33.637   673   673 W SignalStrength: getLevel=4
05-23 11:07:33.668   673   673 W SignalStrength: getLTELevel - rsrp:-82 snr:2147483647 rsrpIconLevel:4 snrIconLevel:-1
05-23 11:07:33.668   698   698 D DCT     : [DcT(0)] onReceive: action=android.net.wifi.WIFI_STATE_CHANGED
05-23 11:07:33.668   673   673 W SignalStrength: getLTELevel - rsrp:-82 snr:2147483647 rsrpIconLevel:4 snrIconLevel:-1
05-23 11:07:33.668   673   673 W SignalStrength: getLevel=4
05-23 11:07:33.668   698   698 D DCT     : [DcT(0)] WIFI_STATE_CHANGED_ACTION: enabled=false mIsWifiConnected=false
05-23 11:07:33.668   698   698 D DCT     : [DcT(1)] onReceive: action=android.net.wifi.WIFI_STATE_CHANGED
05-23 11:07:33.668   698   698 D DCT     : [DcT(1)] WIFI_STATE_CHANGED_ACTION: enabled=false mIsWifiConnected=false
05-23 11:07:33.928   698   698 D DCT     : [DcT(0)] onReceive: action=android.net.wifi.WIFI_STATE_CHANGED
05-23 11:07:33.928   698   698 D DCT     : [DcT(0)] WIFI_STATE_CHANGED_ACTION: enabled=false mIsWifiConnected=false
05-23 11:07:33.928   698   698 D DCT     : [DcT(1)] onReceive: action=android.net.wifi.WIFI_STATE_CHANGED
05-23 11:07:33.928   698   698 D DCT     : [DcT(1)] WIFI_STATE_CHANGED_ACTION: enabled=false mIsWifiConnected=false
05-23 11:07:33.928   673   673 W SignalStrength: getLTELevel - rsrp:-82 snr:2147483647 rsrpIconLevel:4 snrIconLevel:-1
05-23 11:07:33.928   673   673 W SignalStrength: getLTELevel - rsrp:-82 snr:2147483647 rsrpIconLevel:4 snrIconLevel:-1
05-23 11:07:33.928   673   673 W SignalStrength: getLevel=4
05-23 11:07:34.869   698  1170 D TD      : switchWIFI in TDPhone.java
05-23 11:07:34.869   698  1170 D RILJ    : [0]switchWIFI in RILJ!
05-23 11:07:34.869   698  1170 D RILJ    : [0][4552]> RIL_REQUEST_SWITCH_WIFI
05-23 11:07:34.879   181   231 I use-Rlog/RLOG-RILC: [0] enter processCommandsCallback, socket type = 0
05-23 11:07:34.879   181   231 I use-Rlog/RLOG-RILC: [0] enter processCommandsCallback, socket type = 0
05-23 11:07:34.879   181   231 I use-Rlog/RLOG-RILC: [0] PCC  alloc one command p_record
05-23 11:07:34.879   181   963 D use-Rlog/RLOG-RILC: [0] PCB request code 5062 token 904
05-23 11:07:34.879   181   963 D use-Rlog/RLOG-RILC: [0] [0904]> SWITCH_WIFI (0)
05-23 11:07:34.879   181   963 D use-Rlog/RLOG-RIL: [0] onRequest: SWITCH_WIFI sState=4
05-23 11:07:34.879   181   963 D use-Rlog/RLOG-RIL: [0] channel1 state: '0' 
05-23 11:07:34.879   181   963 D use-Rlog/RLOG-RIL: [0] get Channel ID '1'
05-23 11:07:34.879   181   963 D use-Rlog/RLOG-RIL: [0] enter to handle event: RIL_REQUEST_SWITCH_WIFI
05-23 11:07:34.879   181   963 D use-Rlog/RLOG-RIL: [0] RIL_REQUEST_SWITCH_3_WIRE to data value: 4
05-23 11:07:34.879   181   963 D use-Rlog/RLOG-AT: [0] Channel1: AT> AT+SPCLB=4
05-23 11:07:34.879   181   242 D use-Rlog/RLOG-AT: [0] Channel1: AT< OK
05-23 11:07:34.879   181   963 D use-Rlog/RLOG-RIL: [0] response of RIL_REQUEST_SWITCH_WIFI: success!
05-23 11:07:34.879   181   963 D use-Rlog/RLOG-RILC: [0] [0904]< SWITCH_WIFI
05-23 11:07:34.879   181   963 D use-Rlog/RLOG-RIL: [0] put Channel ID '1'
05-23 11:07:34.879   181   963 I use-Rlog/RLOG-RILC: [0] -->CommandThread [963] free one command
05-23 11:07:34.899   698   747 D RILJ    : [0][4552]< RIL_REQUEST_SWITCH_WIFI 
05-23 11:08:40.062   698   698 D DCT     : [DcT(0)] onReceive: action=android.intent.action.BATTERY_CHANGED
05-23 11:08:40.072   698   698 D DCT     : [DcT(1)] onReceive: action=android.intent.action.BATTERY_CHANGED
05-23 11:09:40.071   698   698 D DCT     : [DcT(0)] onReceive: action=android.intent.action.BATTERY_CHANGED
05-23 11:09:40.081   698   698 D DCT     : [DcT(1)] onReceive: action=android.intent.action.BATTERY_CHANGED
05-23 11:10:53.543  2182  2182 D TelephonyManager: No /proc/cmdline exception=java.io.FileNotFoundException: /proc/cmdline: open failed: EACCES (Permission denied)
05-23 11:10:53.543  2182  2182 D TelephonyManager: /proc/cmdline=
05-23 11:10:53.843  2197  2197 D TelephonyManager: No /proc/cmdline exception=java.io.FileNotFoundException: /proc/cmdline: open failed: EACCES (Permission denied)
05-23 11:10:53.843  2197  2197 D TelephonyManager: /proc/cmdline=
05-23 11:11:10.019   698   698 D DCT     : [DcT(0)] onReceive: action=android.intent.action.BATTERY_CHANGED
05-23 11:11:10.039   698   698 D DCT     : [DcT(1)] onReceive: action=android.intent.action.BATTERY_CHANGED
05-23 11:11:51.629  2256  2256 D TelephonyManager: No /proc/cmdline exception=java.io.FileNotFoundException: /proc/cmdline: open failed: EACCES (Permission denied)
05-23 11:11:51.629  2256  2256 D TelephonyManager: /proc/cmdline=
05-23 11:11:53.441  2272  2272 D TelephonyManager: No /proc/cmdline exception=java.io.FileNotFoundException: /proc/cmdline: open failed: EACCES (Permission denied)
05-23 11:11:53.441  2272  2272 D TelephonyManager: /proc/cmdline=
05-23 11:12:08.105  2297  2297 D TelephonyManager: No /proc/cmdline exception=java.io.FileNotFoundException: /proc/cmdline: open failed: EACCES (Permission denied)
05-23 11:12:08.105  2297  2297 D TelephonyManager: /proc/cmdline=
05-23 11:12:10.057   698   698 D DCT     : [DcT(0)] onReceive: action=android.intent.action.BATTERY_CHANGED
05-23 11:12:10.057   698   698 D DCT     : [DcT(1)] onReceive: action=android.intent.action.BATTERY_CHANGED
05-23 11:12:53.590  2313  2313 D TelephonyManager: No /proc/cmdline exception=java.io.FileNotFoundException: /proc/cmdline: open failed: EACCES (Permission denied)
05-23 11:12:53.590  2313  2313 D TelephonyManager: /proc/cmdline=
05-23 11:13:03.249  2345  2345 D TelephonyManager: No /proc/cmdline exception=java.io.FileNotFoundException: /proc/cmdline: open failed: EACCES (Permission denied)
05-23 11:13:03.249  2345  2345 D TelephonyManager: /proc/cmdline=
05-23 11:13:10.036   698   698 D DCT     : [DcT(0)] onReceive: action=android.intent.action.BATTERY_CHANGED
05-23 11:13:10.046   698   698 D DCT     : [DcT(1)] onReceive: action=android.intent.action.BATTERY_CHANGED
05-23 11:13:19.825  2364  2364 D TelephonyManager: No /proc/cmdline exception=java.io.FileNotFoundException: /proc/cmdline: open failed: EACCES (Permission denied)
05-23 11:13:19.825  2364  2364 D TelephonyManager: /proc/cmdline=
05-23 11:13:53.698  2380  2380 D TelephonyManager: No /proc/cmdline exception=java.io.FileNotFoundException: /proc/cmdline: open failed: EACCES (Permission denied)
05-23 11:13:53.698  2380  2380 D TelephonyManager: /proc/cmdline=
05-23 11:13:55.010   698   698 D DCT     : [DcT(0)] onReceive: action=android.intent.action.BATTERY_CHANGED
05-23 11:13:55.010   698   698 D DCT     : [DcT(1)] onReceive: action=android.intent.action.BATTERY_CHANGED
05-23 11:13:58.203  2407  2407 D TelephonyManager: No /proc/cmdline exception=java.io.FileNotFoundException: /proc/cmdline: open failed: EACCES (Permission denied)
05-23 11:13:58.203  2407  2407 D TelephonyManager: /proc/cmdline=
05-23 11:15:01.354  2430  2430 D TelephonyManager: No /proc/cmdline exception=java.io.FileNotFoundException: /proc/cmdline: open failed: EACCES (Permission denied)
05-23 11:15:01.354  2430  2430 D TelephonyManager: /proc/cmdline=
05-23 11:15:10.033   698   698 D DCT     : [DcT(0)] onReceive: action=android.intent.action.BATTERY_CHANGED
05-23 11:15:10.033   698   698 D DCT     : [DcT(1)] onReceive: action=android.intent.action.BATTERY_CHANGED
05-23 11:15:19.422  2449  2449 D TelephonyManager: No /proc/cmdline exception=java.io.FileNotFoundException: /proc/cmdline: open failed: EACCES (Permission denied)
05-23 11:15:19.422  2449  2449 D TelephonyManager: /proc/cmdline=
05-23 11:15:26.269  2464  2464 D TelephonyManager: No /proc/cmdline exception=java.io.FileNotFoundException: /proc/cmdline: open failed: EACCES (Permission denied)
05-23 11:15:26.269  2464  2464 D TelephonyManager: /proc/cmdline=
05-23 11:16:01.273  2484  2484 D TelephonyManager: No /proc/cmdline exception=java.io.FileNotFoundException: /proc/cmdline: open failed: EACCES (Permission denied)
05-23 11:16:01.273  2484  2484 D TelephonyManager: /proc/cmdline=
05-23 11:16:04.065   698   698 D DCT     : [DcT(0)] updateDataActivity: curTxRxSum={txSum=379 rxSum=286} preTxRxSum={txSum=17 rxSum=14}
05-23 11:16:04.065   698   698 D DCT     : [DcT(0)] updateDataActivity: sent=362 received=272
05-23 11:16:10.021   698   698 D DCT     : [DcT(0)] onReceive: action=android.intent.action.BATTERY_CHANGED
05-23 11:16:10.021   698   698 D DCT     : [DcT(1)] onReceive: action=android.intent.action.BATTERY_CHANGED
05-23 11:17:10.010   698   698 D DCT     : [DcT(0)] onReceive: action=android.intent.action.BATTERY_CHANGED
05-23 11:17:10.020   698   698 D DCT     : [DcT(1)] onReceive: action=android.intent.action.BATTERY_CHANGED
05-23 11:18:10.008   698   698 D DCT     : [DcT(0)] onReceive: action=android.intent.action.BATTERY_CHANGED
05-23 11:18:10.018   698   698 D DCT     : [DcT(1)] onReceive: action=android.intent.action.BATTERY_CHANGED
05-23 11:19:10.027   698   698 D DCT     : [DcT(0)] onReceive: action=android.intent.action.BATTERY_CHANGED
05-23 11:19:10.027   698   698 D DCT     : [DcT(1)] onReceive: action=android.intent.action.BATTERY_CHANGED
05-23 11:20:10.015   698   698 D DCT     : [DcT(0)] onReceive: action=android.intent.action.BATTERY_CHANGED
05-23 11:20:10.025   698   698 D DCT     : [DcT(1)] onReceive: action=android.intent.action.BATTERY_CHANGED
05-23 11:20:20.265  2549  2549 D TelephonyManager: No /proc/cmdline exception=java.io.FileNotFoundException: /proc/cmdline: open failed: EACCES (Permission denied)
05-23 11:20:20.265  2549  2549 D TelephonyManager: /proc/cmdline=
05-23 11:21:07.632  2572  2572 D TelephonyManager: No /proc/cmdline exception=java.io.FileNotFoundException: /proc/cmdline: open failed: EACCES (Permission denied)
05-23 11:21:07.632  2572  2572 D TelephonyManager: /proc/cmdline=
05-23 11:21:10.054   698   698 D DCT     : [DcT(0)] onReceive: action=android.intent.action.BATTERY_CHANGED
05-23 11:21:10.054   698   698 D DCT     : [DcT(1)] onReceive: action=android.intent.action.BATTERY_CHANGED
05-23 11:22:10.012   698   698 D DCT     : [DcT(0)] onReceive: action=android.intent.action.BATTERY_CHANGED
05-23 11:22:10.012   698   698 D DCT     : [DcT(1)] onReceive: action=android.intent.action.BATTERY_CHANGED
05-23 11:22:51.183   698   698 D RILJ    : [0][4553]> SCREEN_STATE: true
05-23 11:22:51.213   181   231 I use-Rlog/RLOG-RILC: [0] enter processCommandsCallback, socket type = 0
05-23 11:22:51.213   698   698 D RILJ    : [1][4554]> SCREEN_STATE: true
05-23 11:22:51.213   181   231 I use-Rlog/RLOG-RILC: [0] PCC  alloc one command p_record
05-23 11:22:51.213   182   232 I use-Rlog/RLOG-RILC: [1] enter processCommandsCallback, socket type = 0
05-23 11:22:51.223   182   232 I use-Rlog/RLOG-RILC: [1] enter processCommandsCallback, socket type = 0
05-23 11:22:51.223   182   232 I use-Rlog/RLOG-RILC: [1] PCC  alloc one command p_record
05-23 11:22:51.223   698   698 D DCT     : [DcT(0)] onReceive: action=android.intent.action.SCREEN_ON
05-23 11:22:51.223   181  1098 D use-Rlog/RLOG-RILC: [0] PCB request code 61 token 905
05-23 11:22:51.233   181  1098 D use-Rlog/RLOG-RILC: [0] [0905]> SCREEN_STATE (1)
05-23 11:22:51.233   181  1098 D use-Rlog/RLOG-RIL: [0] onRequest: SCREEN_STATE sState=4
05-23 11:22:51.233   181  1098 D use-Rlog/RLOG-RIL: [0] channel1 state: '0' 
05-23 11:22:51.233   181  1098 D use-Rlog/RLOG-RIL: [0] get Channel ID '1'
05-23 11:22:51.233   181  1098 D use-Rlog/RLOG-RIL: [0]  PROP_RADIO_FD_DISABLE = 0
05-23 11:22:51.243   182   969 D use-Rlog/RLOG-RILC: [1] PCB request code 61 token 906
05-23 11:22:51.243   182   969 D use-Rlog/RLOG-RILC: [1] [0906]> SCREEN_STATE (1)
05-23 11:22:51.243   182   969 D use-Rlog/RLOG-RIL: [1] onRequest: SCREEN_STATE sState=0
05-23 11:22:51.243   182   969 D use-Rlog/RLOG-RIL: [1] channel4 state: '0' 
05-23 11:22:51.243   182   969 D use-Rlog/RLOG-RIL: [1] get Channel ID '4'
05-23 11:22:51.243   182   969 D use-Rlog/RLOG-RIL: [1]  PROP_RADIO_FD_DISABLE = 0
05-23 11:22:51.253   182   969 D use-Rlog/RLOG-AT: [1] Channel4: AT> AT+CCED=1,8
05-23 11:22:51.253   181  1098 D use-Rlog/RLOG-AT: [0] Channel1: AT> AT+CCED=1,8
05-23 11:22:51.263   181   242 D use-Rlog/RLOG-AT: [0] Channel1: AT< OK
05-23 11:22:51.263   182   245 D use-Rlog/RLOG-AT: [1] Channel4: AT< OK
05-23 11:22:51.263   181  1098 D use-Rlog/RLOG-AT: [0] Channel1: AT> AT+CEREG=2
05-23 11:22:51.263   182   969 D use-Rlog/RLOG-AT: [1] Channel4: AT> AT+CEREG=2
05-23 11:22:51.263   181   242 D use-Rlog/RLOG-AT: [0] Channel1: AT< OK
05-23 11:22:51.263   182   245 D use-Rlog/RLOG-AT: [1] Channel4: AT< OK
05-23 11:22:51.263   182   969 D use-Rlog/RLOG-AT: [1] Channel4: AT> AT+CREG=2
05-23 11:22:51.263   181  1098 D use-Rlog/RLOG-AT: [0] Channel1: AT> AT+CREG=2
05-23 11:22:51.263   181   242 D use-Rlog/RLOG-AT: [0] Channel1: AT< OK
05-23 11:22:51.263   181  1098 D use-Rlog/RLOG-AT: [0] Channel1: AT> AT+CGREG=2
05-23 11:22:51.263   182   245 D use-Rlog/RLOG-AT: [1] Channel4: AT< OK
05-23 11:22:51.263   182   969 D use-Rlog/RLOG-AT: [1] Channel4: AT> AT+CGREG=2
05-23 11:22:51.273   181   242 D use-Rlog/RLOG-AT: [0] Channel1: AT< OK
05-23 11:22:51.273   182   245 D use-Rlog/RLOG-AT: [1] Channel4: AT< OK
05-23 11:22:51.273   181  1098 E use-Rlog/RLOG-RIL: [0] isVoLteEnable =false
05-23 11:22:51.273   182   969 E use-Rlog/RLOG-RIL: [1] isVoLteEnable =false
05-23 11:22:51.273   182   969 D use-Rlog/RLOG-RILC: [1] [UNSL]< UNSOL_RESPONSE_VOICE_NETWORK_STATE_CHANGED 
05-23 11:22:51.273   181  1098 D use-Rlog/RLOG-RIL: [0] pdp[0].state = 1, pdp[1].state = 0,pdp[2].state = 0
05-23 11:22:51.273   181  1098 D use-Rlog/RLOG-RIL: [0] pdp[0] is busy now
05-23 11:22:51.273   181  1098 D use-Rlog/RLOG-AT: [0] Channel1: AT> AT*FDY=1,5
05-23 11:22:51.273   182   969 D use-Rlog/RLOG-RILC: [1] [0906]< SCREEN_STATE
05-23 11:22:51.283   182   969 D use-Rlog/RLOG-RIL: [1] put Channel ID '4'
05-23 11:22:51.283   182   969 I use-Rlog/RLOG-RILC: [1] -->CommandThread [969] free one command
05-23 11:22:51.283   181   242 D use-Rlog/RLOG-AT: [0] Channel1: AT< OK
05-23 11:22:51.283   181  1098 D use-Rlog/RLOG-RILC: [0] [UNSL]< UNSOL_RESPONSE_VOICE_NETWORK_STATE_CHANGED 
05-23 11:22:51.283   181  1098 D use-Rlog/RLOG-RILC: [0] [0905]< SCREEN_STATE
05-23 11:22:51.283   181  1098 D use-Rlog/RLOG-RIL: [0] put Channel ID '1'
05-23 11:22:51.283   181  1098 I use-Rlog/RLOG-RILC: [0] -->CommandThread [1098] free one command
05-23 11:22:51.283   181   231 E use-Rlog/RLOG-RIL: [0] query signal strength LTE when screen on
05-23 11:22:51.283   181   231 D use-Rlog/RLOG-RIL: [0] channel1 state: '0' 
05-23 11:22:51.283   181   231 D use-Rlog/RLOG-RIL: [0] get Channel ID '1'
05-23 11:22:51.283   181   231 D use-Rlog/RLOG-AT: [0] Channel1: AT> AT+CESQ
05-23 11:22:51.283   181   242 D use-Rlog/RLOG-AT: [0] Channel1: AT< +CESQ: 99,99,255,255,30,81
05-23 11:22:51.283   181   242 D use-Rlog/RLOG-AT: [0] Channel1: AT< OK
05-23 11:22:51.283   181   231 D use-Rlog/RLOG-RILC: [0] [UNSL]< UNSOL_SIGNAL_STRENGTH {[signalStrength=99,bitErrorRate=-1,                CDMA_SS.dbm=-1,CDMA_SSecio=-1,                EVDO_SS.dbm=-1,EVDO_SS.ecio=-1,                EVDO_SS.signalNoiseRatio=-1,                LTE_SS.signalStrength=99,LTE_SS.rsrp=81,LTE_SS.rsrq=2147483647,                LTE_SS.rssnr=2147483647,LTE_SS.cqi=2147483647,TDSCDMA_SS.rscp=-1220021384]}
05-23 11:22:51.283   181   231 D use-Rlog/RLOG-RIL: [0] put Channel ID '1'
05-23 11:22:51.323   698   750 D RILJ    : [1][UNSL]< [1]UNSOL_RESPONSE_VOICE_NETWORK_STATE_CHANGED
05-23 11:22:51.323   698   747 D RILJ    : [0][UNSL]< [0]UNSOL_RESPONSE_VOICE_NETWORK_STATE_CHANGED
05-23 11:22:51.323   698   747 D RILJ    : [0][4553]< SCREEN_STATE 
05-23 11:22:51.333   698   750 D RILJ    : [1][4554]< SCREEN_STATE 
05-23 11:22:51.343   698   747 W SignalStrength: Size of signalstrength parcel:60
05-23 11:22:51.343   698   747 V RILJ    : [0][UNSL]< [0]UNSOL_SIGNAL_STRENGTH SignalStrength: 99 -1 -1 -1 -1 -1 -1 99 81 2147483647 2147483647 2147483647 gsm|lte
05-23 11:22:51.353   698   698 D DCT     : [DcT(0)] stopNetStatPoll
05-23 11:22:51.383   698   698 D DCT     : [DcT(0)] overall state is CONNECTED
05-23 11:22:51.393   698   698 D DCT     : [DcT(0)] startNetStatPoll
05-23 11:22:51.433   698   698 D DCT     : [DcT(0)] updateDataActivity: curTxRxSum={txSum=404 rxSum=306} preTxRxSum={txSum=-1 rxSum=-1}
05-23 11:22:51.443   698   698 D DCT     : [DcT(0)] getRecoveryAction: 0
05-23 11:22:51.463   698   698 D DCT     : [DcT(0)] restartDataStallAlarm: stop then start.
05-23 11:22:51.463   698   698 D DCT     : [DcT(0)] stopDataStallAlarm: current tag=42921 mDataStallAlarmIntent=null
05-23 11:22:51.463   698   698 D DCT     : [DcT(0)] getRecoveryAction: 0
05-23 11:22:51.463   698   698 D DCT     : [DcT(0)] overall state is CONNECTED
05-23 11:22:51.463   698   698 D DCT     : [DcT(0)] startDataStallAlarm: tag=42923 delay=60s
05-23 11:22:51.503   698   698 D RILJ    : SPRDRILOPERATOR
05-23 11:22:51.503   698   698 D RILJ    : [0][4555]> OPERATOR
05-23 11:22:51.503   698   698 D RILJ    : [0][4556]> DATA_REGISTRATION_STATE
05-23 11:22:51.503   181   231 I use-Rlog/RLOG-RILC: [0] enter processCommandsCallback, socket type = 0
05-23 11:22:51.503   181   231 I use-Rlog/RLOG-RILC: [0] enter processCommandsCallback, socket type = 0
05-23 11:22:51.503   181   231 I use-Rlog/RLOG-RILC: [0] PCC  alloc one command p_record
05-23 11:22:51.503   698   698 D RILJ    : [0][4557]> VOICE_REGISTRATION_STATE
05-23 11:22:51.503   181   231 I use-Rlog/RLOG-RILC: [0] enter processCommandsCallback, socket type = 0
05-23 11:22:51.503   181   753 D use-Rlog/RLOG-RILC: [0] PCB request code 22 token 907
05-23 11:22:51.503   181   753 D use-Rlog/RLOG-RILC: [0] [0907]> OPERATOR 
05-23 11:22:51.503   181   231 I use-Rlog/RLOG-RILC: [0] enter processCommandsCallback, socket type = 0
05-23 11:22:51.503   181   231 I use-Rlog/RLOG-RILC: [0] PCC  alloc one command p_record
05-23 11:22:51.503   181   753 D use-Rlog/RLOG-RIL: [0] onRequest: OPERATOR sState=4
05-23 11:22:51.503   181   753 D use-Rlog/RLOG-RIL: [0] channel1 state: '0' 
05-23 11:22:51.503   181   753 D use-Rlog/RLOG-RIL: [0] get Channel ID '1'
05-23 11:22:51.503   181   963 D use-Rlog/RLOG-RILC: [0] PCB request code 21 token 908
05-23 11:22:51.503   181   963 D use-Rlog/RLOG-RILC: [0] [0908]> DATA_REGISTRATION_STATE 
05-23 11:22:51.503   181   963 D use-Rlog/RLOG-RIL: [0] onRequest: DATA_REGISTRATION_STATE sState=4
05-23 11:22:51.503   181   963 D use-Rlog/RLOG-RIL: [0] channel2 state: '0' 
05-23 11:22:51.503   181   963 D use-Rlog/RLOG-RIL: [0] get Channel ID '2'
05-23 11:22:51.503   698   698 D RILJ    : [0][4558]> QUERY_NETWORK_SELECTION_MODE
05-23 11:22:51.503   181   231 I use-Rlog/RLOG-RILC: [0] enter processCommandsCallback, socket type = 0
05-23 11:22:51.503   181   231 I use-Rlog/RLOG-RILC: [0] enter processCommandsCallback, socket type = 0
05-23 11:22:51.503   181   231 I use-Rlog/RLOG-RILC: [0] PCC  alloc one command p_record
05-23 11:22:51.503   181  1098 D use-Rlog/RLOG-RILC: [0] PCB request code 20 token 909
05-23 11:22:51.503   181  1098 D use-Rlog/RLOG-RILC: [0] [0909]> VOICE_REGISTRATION_STATE 
05-23 11:22:51.503   181  1098 D use-Rlog/RLOG-RIL: [0] onRequest: VOICE_REGISTRATION_STATE sState=4
05-23 11:22:51.503   698   698 D PHONE   : [ServiceState] setNullState=3
05-23 11:22:51.503   181   231 I use-Rlog/RLOG-RILC: [0] enter processCommandsCallback, socket type = 0
05-23 11:22:51.503   181   231 I use-Rlog/RLOG-RILC: [0] enter processCommandsCallback, socket type = 0
05-23 11:22:51.503   181   231 I use-Rlog/RLOG-RILC: [0] PCC  alloc one command p_record
05-23 11:22:51.513   181   753 D use-Rlog/RLOG-AT: [0] Channel1: AT> AT+COPS=3,0;+COPS?;+COPS=3,1;+COPS?;+COPS=3,2;+COPS?
05-23 11:22:51.513   181   963 D use-Rlog/RLOG-RIL: [0] ssda mode: tdd-csfb
05-23 11:22:51.513   181   963 D use-Rlog/RLOG-AT: [0] Channel2: AT> AT+CEREG?
05-23 11:22:51.513   181   242 D use-Rlog/RLOG-AT: [0] Channel1: AT< +COPS: 0,0,"CHINA MOBILE",7
05-23 11:22:51.513   181   242 D use-Rlog/RLOG-AT: [0] Channel1: AT< +COPS: 0,1,"CMCC",7
05-23 11:22:51.513   181   242 D use-Rlog/RLOG-AT: [0] Channel1: AT< +COPS: 0,2,"46000",7
05-23 11:22:51.513   181   242 D use-Rlog/RLOG-AT: [0] Channel1: AT< OK
05-23 11:22:51.523   181   242 D use-Rlog/RLOG-AT: [0] Channel2: AT< +CEREG: 2,1,"247C","02CF8905",7
05-23 11:22:51.523   181   242 D use-Rlog/RLOG-AT: [0] Channel2: AT< OK
05-23 11:22:51.523   181   963 D use-Rlog/RLOG-RILC: [0] [0908]< DATA_REGISTRATION_STATE {1,247c,2cf8905,14,(null),3}
05-23 11:22:51.523   181   963 D use-Rlog/RLOG-RIL: [0] put Channel ID '2'
05-23 11:22:51.523   181   963 I use-Rlog/RLOG-RILC: [0] -->CommandThread [963] free one command
05-23 11:22:51.523   181   963 D use-Rlog/RLOG-RILC: [0] PCB request code 45 token 910
05-23 11:22:51.523   181   963 D use-Rlog/RLOG-RILC: [0] [0910]> QUERY_NETWORK_SELECTION_MODE 
05-23 11:22:51.523   181   963 D use-Rlog/RLOG-RIL: [0] onRequest: QUERY_NETWORK_SELECTION_MODE sState=4
05-23 11:22:51.523   181   753 D use-Rlog/RLOG-RILC: [0] CMCC,46000}
05-23 11:22:51.523   181   753 D use-Rlog/RLOG-RIL: [0] put Channel ID '1'
05-23 11:22:51.523   181   753 I use-Rlog/RLOG-RILC: [0] -->CommandThread [753] free one command
05-23 11:22:51.523   698   747 D RILJ    : [0][4556]< DATA_REGISTRATION_STATE {1, 247c, 2cf8905, 14, null, 3}
05-23 11:22:51.523   698   747 D RILJ    : sprdRil before responseOperatorString():response[0]= CHINA MOBILE response[1]= CMCC response[2]= 46000
05-23 11:22:51.523   181  1098 D use-Rlog/RLOG-RIL: [0] channel1 state: '0' 
05-23 11:22:51.523   181  1098 D use-Rlog/RLOG-RIL: [0] get Channel ID '1'
05-23 11:22:51.523   181  1098 D use-Rlog/RLOG-RIL: [0] ssda mode: tdd-csfb
05-23 11:22:51.523   181  1098 D use-Rlog/RLOG-AT: [0] Channel1: AT> AT+CREG?
05-23 11:22:51.523   181   963 D use-Rlog/RLOG-RIL: [0] channel2 state: '0' 
05-23 11:22:51.523   181   963 D use-Rlog/RLOG-RIL: [0] get Channel ID '2'
05-23 11:22:51.523   181   242 D use-Rlog/RLOG-AT: [0] Channel1: AT< +CREG: 2,1,"247C","02CF8905",7
05-23 11:22:51.523   181   242 D use-Rlog/RLOG-AT: [0] Channel1: AT< OK
05-23 11:22:51.523   181  1098 D use-Rlog/RLOG-RILC: [0] [0909]< VOICE_REGISTRATION_STATE {1,247c,2cf8905,14,(null),(null),(null),0,(null),(null),(null),(null),(null),(null),(null)}
05-23 11:22:51.523   181  1098 D use-Rlog/RLOG-RIL: [0] put Channel ID '1'
05-23 11:22:51.523   181  1098 I use-Rlog/RLOG-RILC: [0] -->CommandThread [1098] free one command
05-23 11:22:51.533   181   963 D use-Rlog/RLOG-AT: [0] Channel2: AT> AT+COPS?
05-23 11:22:51.533   181   242 D use-Rlog/RLOG-AT: [0] Channel2: AT< +COPS: 0,2,"46000",7
05-23 11:22:51.533   181   242 D use-Rlog/RLOG-AT: [0] Channel2: AT< OK
05-23 11:22:51.533   181   963 D use-Rlog/RLOG-RILC: [0] [0910]< QUERY_NETWORK_SELECTION_MODE {0}
05-23 11:22:51.533   181   963 D use-Rlog/RLOG-RIL: [0] put Channel ID '2'
05-23 11:22:51.533   181   963 I use-Rlog/RLOG-RILC: [0] -->CommandThread [963] free one command
05-23 11:22:51.533   698   698 D GsmSST  : [GsmSST-phoneId1] Poll ServiceState done:  oldSS=[3 3 home null null null  Unknown Unknown CSS not supported -1 -1 RoamInd=-1 DefRoamInd=-1 EmergOnly=false mImsRegistration = false mSrvccState = -1] newSS=[3 3 home null null null  Unknown Unknown CSS not supported -1 -1 RoamInd=-1 DefRoamInd=-1 EmergOnly=false mImsRegistration = false mSrvccState = -1] oldMaxDataCalls=1 mNewMaxDataCalls=1 oldReasonDataDenied=-1 mNewReasonDataDenied=-1
05-23 11:22:51.553   698   698 D PHONE   : [ServiceState] setNullState=1
05-23 11:22:51.563   698   698 W SignalStrength: Signal before validate=SignalStrength: 99 -1 -1 -1 -1 -1 -1 99 81 2147483647 2147483647 2147483647 gsm|lte
05-23 11:22:51.563   698   698 W SignalStrength: Signal after validate=SignalStrength: 99 -1 -120 -160 -120 -1 -1 99 -81 2147483647 2147483647 2147483647 gsm|lte
05-23 11:22:51.573   592   602 W SignalStrength: Size of signalstrength parcel:164
05-23 11:22:51.583   673   944 W SignalStrength: Size of signalstrength parcel:168
05-23 11:22:51.583   926   937 W SignalStrength: Size of signalstrength parcel:168
05-23 11:22:51.583   592   602 W SignalStrength: getLTELevel - rsrp:-81 snr:2147483647 rsrpIconLevel:4 snrIconLevel:-1
05-23 11:22:51.583   592   602 W SignalStrength: getLevel=4
05-23 11:22:51.583   698   698 D DCT     : [DcT(1)] onReceive: action=android.intent.action.SCREEN_ON
05-23 11:22:51.583   698   698 D DCT     : [DcT(1)] stopNetStatPoll
05-23 11:22:51.583   698   698 D DCT     : [DcT(1)] overall state is IDLE
05-23 11:22:51.583   698   698 D PHONE   : [ServiceState] setDataRegState=0
05-23 11:22:51.583   698   698 D PHONE   : [ServiceState] setDataRadioTechnology=14
05-23 11:22:51.583   698   698 D GsmSST  : [GsmSST-phoneId0] handlPollStateResultMessage: GsmSST setDataRegState=0 regState=1 dataRadioTechnology=14
05-23 11:22:51.593   926   926 W SignalStrength: getLTELevel - rsrp:-81 snr:2147483647 rsrpIconLevel:4 snrIconLevel:-1
05-23 11:22:51.593   926   926 W SignalStrength: getLevel=4
05-23 11:22:51.653   698   747 D RILJ    : after responseOperatorString():response[0]中国移动response[1]=中国移动response[2]=46000
05-23 11:22:51.653   698   747 D RILJ    : [0][4555]< OPERATOR {中国移动, 中国移动, 46000}
05-23 11:22:51.653   698   747 D RILJ    : [0]SprdRIL:processSolicited: [4555]< send result: 6
05-23 11:22:51.663   698   747 D RILJ    : [0][4557]< VOICE_REGISTRATION_STATE {1, 247c, 2cf8905, 14, null, null, null, 0, null, null, null, null, null, null, null}
05-23 11:22:51.663   698   747 D RILJ    : [0][4558]< QUERY_NETWORK_SELECTION_MODE {0}
05-23 11:22:51.683   181   242 D use-Rlog/RLOG-AT: [0] Channel0: AT< +CESQ: 99,99,255,255,30,83
05-23 11:22:51.693   181   242 D use-Rlog/RLOG-RIL: [0] [unsl] +CESQ enter
05-23 11:22:51.693   181   242 D use-Rlog/RLOG-RILC: [0] [UNSL]< UNSOL_SIGNAL_STRENGTH {[signalStrength=99,bitErrorRate=-1,                CDMA_SS.dbm=-1,CDMA_SSecio=-1,                EVDO_SS.dbm=-1,EVDO_SS.ecio=-1,                EVDO_SS.signalNoiseRatio=-1,                LTE_SS.signalStrength=99,LTE_SS.rsrp=83,LTE_SS.rsrq=2147483647,                LTE_SS.rssnr=2147483647,LTE_SS.cqi=2147483647,TDSCDMA_SS.rscp=0]}
05-23 11:22:51.693   698   747 W SignalStrength: Size of signalstrength parcel:60
05-23 11:22:51.693   698   747 V RILJ    : [0][UNSL]< [0]UNSOL_SIGNAL_STRENGTH SignalStrength: 99 -1 -1 -1 -1 -1 -1 99 83 2147483647 2147483647 2147483647 gsm|lte
05-23 11:22:51.763   673   673 W SignalStrength: getLTELevel - rsrp:-81 snr:2147483647 rsrpIconLevel:4 snrIconLevel:-1
05-23 11:22:51.763   673   673 W SignalStrength: getLevel=4
05-23 11:22:51.763   673   673 W SignalStrength: getLTELevel - rsrp:-81 snr:2147483647 rsrpIconLevel:4 snrIconLevel:-1
05-23 11:22:51.783   673   673 W SignalStrength: getLTELevel - rsrp:-81 snr:2147483647 rsrpIconLevel:4 snrIconLevel:-1
05-23 11:22:51.783   673   673 W SignalStrength: getLevel=4
05-23 11:22:51.783   673   673 W SignalStrength: getLTELevel - rsrp:-81 snr:2147483647 rsrpIconLevel:4 snrIconLevel:-1
05-23 11:22:51.793   673   673 W SignalStrength: getLTELevel - rsrp:-81 snr:2147483647 rsrpIconLevel:4 snrIconLevel:-1
05-23 11:22:51.803   673   673 W SignalStrength: getLTELevel - rsrp:-81 snr:2147483647 rsrpIconLevel:4 snrIconLevel:-1
05-23 11:22:51.813   673   673 W SignalStrength: getLTELevel - rsrp:-81 snr:2147483647 rsrpIconLevel:4 snrIconLevel:-1
05-23 11:22:51.823   673   673 W SignalStrength: getLevel=4
05-23 11:22:51.833   698   698 D PHONE   : [ServiceState] setVoiceRegState=0
05-23 11:22:51.833   698   698 E PHONE   : [ServiceState] setState deprecated use setVoiceRegState()
05-23 11:22:51.833   698   698 D GsmSST  : [GsmSST-phoneId0] Poll ServiceState done:  oldSS=[0 0 home China Mobile China Mobile 46000  LTE LTE CSS not supported -1 -1 RoamInd=-1 DefRoamInd=-1 EmergOnly=false mImsRegistration = false mSrvccState = -1] newSS=[0 0 home China Mobile China Mobile 46000  LTE LTE CSS not supported -1 -1 RoamInd=-1 DefRoamInd=-1 EmergOnly=false mImsRegistration = false mSrvccState = -1] oldMaxDataCalls=3 mNewMaxDataCalls=3 oldReasonDataDenied=-1 mNewReasonDataDenied=-1
05-23 11:22:51.833   698   698 D PHONE   : [ServiceState] setNullState=1
05-23 11:22:51.833   698   698 W SignalStrength: Signal before validate=SignalStrength: 99 -1 -1 -1 -1 -1 -1 99 83 2147483647 2147483647 2147483647 gsm|lte
05-23 11:22:51.833   698   698 W SignalStrength: Signal after validate=SignalStrength: 99 -1 -120 -160 -120 -1 -1 99 -83 2147483647 2147483647 2147483647 gsm|lte
05-23 11:22:51.843   592   757 W SignalStrength: Size of signalstrength parcel:164
05-23 11:22:51.843   673   683 W SignalStrength: Size of signalstrength parcel:168
05-23 11:22:51.843   926   937 W SignalStrength: Size of signalstrength parcel:168
05-23 11:22:51.843   926   926 W SignalStrength: getLTELevel - rsrp:-83 snr:2147483647 rsrpIconLevel:4 snrIconLevel:-1
05-23 11:22:51.843   926   926 W SignalStrength: getLevel=4
05-23 11:22:51.843   592   757 W SignalStrength: getLTELevel - rsrp:-83 snr:2147483647 rsrpIconLevel:4 snrIconLevel:-1
05-23 11:22:51.843   592   757 W SignalStrength: getLevel=4
05-23 11:22:51.933   673   673 W SignalStrength: getLTELevel - rsrp:-83 snr:2147483647 rsrpIconLevel:4 snrIconLevel:-1
05-23 11:22:51.933   673   673 W SignalStrength: getLevel=4
05-23 11:22:51.933   673   673 W SignalStrength: getLTELevel - rsrp:-83 snr:2147483647 rsrpIconLevel:4 snrIconLevel:-1
05-23 11:22:51.933   673   673 W SignalStrength: getLTELevel - rsrp:-83 snr:2147483647 rsrpIconLevel:4 snrIconLevel:-1
05-23 11:22:51.933   673   673 W SignalStrength: getLevel=4
05-23 11:22:51.933   673   673 W SignalStrength: getLTELevel - rsrp:-83 snr:2147483647 rsrpIconLevel:4 snrIconLevel:-1
05-23 11:22:51.933   673   673 W SignalStrength: getLTELevel - rsrp:-83 snr:2147483647 rsrpIconLevel:4 snrIconLevel:-1
05-23 11:22:51.933   673   673 W SignalStrength: getLTELevel - rsrp:-83 snr:2147483647 rsrpIconLevel:4 snrIconLevel:-1
05-23 11:22:51.943   673   673 W SignalStrength: getLTELevel - rsrp:-83 snr:2147483647 rsrpIconLevel:4 snrIconLevel:-1
05-23 11:22:51.943   673   673 W SignalStrength: getLevel=4
05-23 11:22:52.434   698   698 D DCT     : [DcT(0)] updateDataActivity: curTxRxSum={txSum=404 rxSum=306} preTxRxSum={txSum=404 rxSum=306}
05-23 11:22:52.434   698   698 D DCT     : [DcT(0)] updateDataActivity: sent=0 received=0
05-23 11:22:52.684   181   242 D use-Rlog/RLOG-AT: [0] Channel0: AT< +CESQ: 99,99,255,255,30,83
05-23 11:22:52.684   181   242 D use-Rlog/RLOG-RIL: [0] [unsl] +CESQ enter
05-23 11:22:52.684   181   242 D use-Rlog/RLOG-RILC: [0] [UNSL]< UNSOL_SIGNAL_STRENGTH {[signalStrength=99,bitErrorRate=-1,                CDMA_SS.dbm=-1,CDMA_SSecio=-1,                EVDO_SS.dbm=-1,EVDO_SS.ecio=-1,                EVDO_SS.signalNoiseRatio=-1,                LTE_SS.signalStrength=99,LTE_SS.rsrp=83,LTE_SS.rsrq=2147483647,                LTE_SS.rssnr=2147483647,LTE_SS.cqi=2147483647,TDSCDMA_SS.rscp=0]}
05-23 11:22:52.684   698   747 W SignalStrength: Size of signalstrength parcel:60
05-23 11:22:52.694   698   747 V RILJ    : [0][UNSL]< [0]UNSOL_SIGNAL_STRENGTH SignalStrength: 99 -1 -1 -1 -1 -1 -1 99 83 2147483647 2147483647 2147483647 gsm|lte
05-23 11:22:52.694   698   698 W SignalStrength: Signal before validate=SignalStrength: 99 -1 -1 -1 -1 -1 -1 99 83 2147483647 2147483647 2147483647 gsm|lte
05-23 11:22:52.694   698   698 W SignalStrength: Signal after validate=SignalStrength: 99 -1 -120 -160 -120 -1 -1 99 -83 2147483647 2147483647 2147483647 gsm|lte
05-23 11:22:52.694   592   857 W SignalStrength: Size of signalstrength parcel:164
05-23 11:22:52.694   673   685 W SignalStrength: Size of signalstrength parcel:168
05-23 11:22:52.694   673   673 W SignalStrength: getLTELevel - rsrp:-83 snr:2147483647 rsrpIconLevel:4 snrIconLevel:-1
05-23 11:22:52.694   673   673 W SignalStrength: getLevel=4
05-23 11:22:52.694   673   673 W SignalStrength: getLTELevel - rsrp:-83 snr:2147483647 rsrpIconLevel:4 snrIconLevel:-1
05-23 11:22:52.694   592   857 W SignalStrength: getLTELevel - rsrp:-83 snr:2147483647 rsrpIconLevel:4 snrIconLevel:-1
05-23 11:22:52.694   592   857 W SignalStrength: getLevel=4
05-23 11:22:52.694   926   939 W SignalStrength: Size of signalstrength parcel:168
05-23 11:22:52.694   926   926 W SignalStrength: getLTELevel - rsrp:-83 snr:2147483647 rsrpIconLevel:4 snrIconLevel:-1
05-23 11:22:52.694   926   926 W SignalStrength: getLevel=4
05-23 11:22:52.704   673   673 W SignalStrength: getLTELevel - rsrp:-83 snr:2147483647 rsrpIconLevel:4 snrIconLevel:-1
05-23 11:22:52.704   673   673 W SignalStrength: getLevel=4
05-23 11:22:52.704   673   673 W SignalStrength: getLTELevel - rsrp:-83 snr:2147483647 rsrpIconLevel:4 snrIconLevel:-1
05-23 11:22:52.704   673   673 W SignalStrength: getLTELevel - rsrp:-83 snr:2147483647 rsrpIconLevel:4 snrIconLevel:-1
05-23 11:22:52.704   673   673 W SignalStrength: getLTELevel - rsrp:-83 snr:2147483647 rsrpIconLevel:4 snrIconLevel:-1
05-23 11:22:52.704   673   673 W SignalStrength: getLTELevel - rsrp:-83 snr:2147483647 rsrpIconLevel:4 snrIconLevel:-1
05-23 11:22:52.704   673   673 W SignalStrength: getLevel=4
05-23 11:22:53.455   698   698 D DCT     : [DcT(0)] updateDataActivity: curTxRxSum={txSum=404 rxSum=306} preTxRxSum={txSum=404 rxSum=306}
05-23 11:22:53.455   698   698 D DCT     : [DcT(0)] updateDataActivity: sent=0 received=0
05-23 11:22:53.685   181   242 D use-Rlog/RLOG-AT: [0] Channel0: AT< +CESQ: 99,99,255,255,30,84
05-23 11:22:53.685   181   242 D use-Rlog/RLOG-RIL: [0] [unsl] +CESQ enter
