05-23 11:22:53.685   181   242 D use-Rlog/RLOG-RILC: [0] [UNSL]< UNSOL_SIGNAL_STRENGTH {[signalStrength=99,bitErrorRate=-1,                CDMA_SS.dbm=-1,CDMA_SSecio=-1,                EVDO_SS.dbm=-1,EVDO_SS.ecio=-1,                EVDO_SS.signalNoiseRatio=-1,                LTE_SS.signalStrength=99,LTE_SS.rsrp=84,LTE_SS.rsrq=2147483647,                LTE_SS.rssnr=2147483647,LTE_SS.cqi=2147483647,TDSCDMA_SS.rscp=0]}
05-23 11:22:53.685   698   747 W SignalStrength: Size of signalstrength parcel:60
05-23 11:22:53.695   698   747 V RILJ    : [0][UNSL]< [0]UNSOL_SIGNAL_STRENGTH SignalStrength: 99 -1 -1 -1 -1 -1 -1 99 84 2147483647 2147483647 2147483647 gsm|lte
05-23 11:22:53.695   698   698 W SignalStrength: Signal before validate=SignalStrength: 99 -1 -1 -1 -1 -1 -1 99 84 2147483647 2147483647 2147483647 gsm|lte
05-23 11:22:53.695   698   698 W SignalStrength: Signal after validate=SignalStrength: 99 -1 -120 -160 -120 -1 -1 99 -84 2147483647 2147483647 2147483647 gsm|lte
05-23 11:22:53.695   592   924 W SignalStrength: Size of signalstrength parcel:164
05-23 11:22:53.695   673   683 W SignalStrength: Size of signalstrength parcel:168
05-23 11:22:53.695   926   939 W SignalStrength: Size of signalstrength parcel:168
05-23 11:22:53.695   592   924 W SignalStrength: getLTELevel - rsrp:-84 snr:2147483647 rsrpIconLevel:4 snrIconLevel:-1
05-23 11:22:53.695   592   924 W SignalStrength: getLevel=4
05-23 11:22:53.695   926   926 W SignalStrength: getLTELevel - rsrp:-84 snr:2147483647 rsrpIconLevel:4 snrIconLevel:-1
05-23 11:22:53.695   926   926 W SignalStrength: getLevel=4
05-23 11:22:54.166  2601  2601 D TelephonyManager: No /proc/cmdline exception=java.io.FileNotFoundException: /proc/cmdline: open failed: EACCES (Permission denied)
05-23 11:22:54.166  2601  2601 D TelephonyManager: /proc/cmdline=
05-23 11:22:54.186   673   673 W SignalStrength: getLTELevel - rsrp:-84 snr:2147483647 rsrpIconLevel:4 snrIconLevel:-1
05-23 11:22:54.186   673   673 W SignalStrength: getLevel=4
05-23 11:22:54.186   673   673 W SignalStrength: getLTELevel - rsrp:-84 snr:2147483647 rsrpIconLevel:4 snrIconLevel:-1
05-23 11:22:54.196   673   673 W SignalStrength: getLTELevel - rsrp:-84 snr:2147483647 rsrpIconLevel:4 snrIconLevel:-1
05-23 11:22:54.196   673   673 W SignalStrength: getLevel=4
05-23 11:22:54.196   673   673 W SignalStrength: getLTELevel - rsrp:-84 snr:2147483647 rsrpIconLevel:4 snrIconLevel:-1
05-23 11:22:54.196   673   673 W SignalStrength: getLTELevel - rsrp:-84 snr:2147483647 rsrpIconLevel:4 snrIconLevel:-1
05-23 11:22:54.206   673   673 W SignalStrength: getLTELevel - rsrp:-84 snr:2147483647 rsrpIconLevel:4 snrIconLevel:-1
05-23 11:22:54.206   673   673 W SignalStrength: getLTELevel - rsrp:-84 snr:2147483647 rsrpIconLevel:4 snrIconLevel:-1
05-23 11:22:54.206   673   673 W SignalStrength: getLevel=4
05-23 11:22:54.466   698   698 D DCT     : [DcT(0)] updateDataActivity: curTxRxSum={txSum=404 rxSum=306} preTxRxSum={txSum=404 rxSum=306}
05-23 11:22:54.466   698   698 D DCT     : [DcT(0)] updateDataActivity: sent=0 received=0
05-23 11:22:54.696   181   242 D use-Rlog/RLOG-AT: [0] Channel0: AT< +CESQ: 99,99,255,255,29,85
05-23 11:22:54.696   181   242 D use-Rlog/RLOG-RIL: [0] [unsl] +CESQ enter
05-23 11:22:54.696   181   242 D use-Rlog/RLOG-RILC: [0] [UNSL]< UNSOL_SIGNAL_STRENGTH {[signalStrength=99,bitErrorRate=-1,                CDMA_SS.dbm=-1,CDMA_SSecio=-1,                EVDO_SS.dbm=-1,EVDO_SS.ecio=-1,                EVDO_SS.signalNoiseRatio=-1,                LTE_SS.signalStrength=99,LTE_SS.rsrp=85,LTE_SS.rsrq=2147483647,                LTE_SS.rssnr=2147483647,LTE_SS.cqi=2147483647,TDSCDMA_SS.rscp=0]}
05-23 11:22:54.696   698   747 W SignalStrength: Size of signalstrength parcel:60
05-23 11:22:54.696   698   747 V RILJ    : [0][UNSL]< [0]UNSOL_SIGNAL_STRENGTH SignalStrength: 99 -1 -1 -1 -1 -1 -1 99 85 2147483647 2147483647 2147483647 gsm|lte
05-23 11:22:54.696   698   698 W SignalStrength: Signal before validate=SignalStrength: 99 -1 -1 -1 -1 -1 -1 99 85 2147483647 2147483647 2147483647 gsm|lte
05-23 11:22:54.696   698   698 W SignalStrength: Signal after validate=SignalStrength: 99 -1 -120 -160 -120 -1 -1 99 -85 2147483647 2147483647 2147483647 gsm|lte
05-23 11:22:54.696   592   667 W SignalStrength: Size of signalstrength parcel:164
05-23 11:22:54.696   592   667 W SignalStrength: getLTELevel - rsrp:-85 snr:2147483647 rsrpIconLevel:4 snrIconLevel:-1
05-23 11:22:54.696   592   667 W SignalStrength: getLevel=4
05-23 11:22:54.696   673   943 W SignalStrength: Size of signalstrength parcel:168
05-23 11:22:54.696   673   673 W SignalStrength: getLTELevel - rsrp:-85 snr:2147483647 rsrpIconLevel:4 snrIconLevel:-1
05-23 11:22:54.696   673   673 W SignalStrength: getLevel=4
05-23 11:22:54.696   673   673 W SignalStrength: getLTELevel - rsrp:-85 snr:2147483647 rsrpIconLevel:4 snrIconLevel:-1
05-23 11:22:54.696   926   937 W SignalStrength: Size of signalstrength parcel:168
05-23 11:22:54.696   926   926 W SignalStrength: getLTELevel - rsrp:-85 snr:2147483647 rsrpIconLevel:4 snrIconLevel:-1
05-23 11:22:54.696   926   926 W SignalStrength: getLevel=4
05-23 11:22:54.706   673   673 W SignalStrength: getLTELevel - rsrp:-85 snr:2147483647 rsrpIconLevel:4 snrIconLevel:-1
05-23 11:22:54.706   673   673 W SignalStrength: getLevel=4
05-23 11:22:54.706   673   673 W SignalStrength: getLTELevel - rsrp:-85 snr:2147483647 rsrpIconLevel:4 snrIconLevel:-1
05-23 11:22:54.706   673   673 W SignalStrength: getLTELevel - rsrp:-85 snr:2147483647 rsrpIconLevel:4 snrIconLevel:-1
05-23 11:22:54.706   673   673 W SignalStrength: getLTELevel - rsrp:-85 snr:2147483647 rsrpIconLevel:4 snrIconLevel:-1
05-23 11:22:54.706   673   673 W SignalStrength: getLTELevel - rsrp:-85 snr:2147483647 rsrpIconLevel:4 snrIconLevel:-1
05-23 11:22:54.706   673   673 W SignalStrength: getLevel=4
05-23 11:22:55.467   698   698 D DCT     : [DcT(0)] updateDataActivity: curTxRxSum={txSum=404 rxSum=306} preTxRxSum={txSum=404 rxSum=306}
05-23 11:22:55.467   698   698 D DCT     : [DcT(0)] updateDataActivity: sent=0 received=0
05-23 11:22:55.697   181   242 D use-Rlog/RLOG-AT: [0] Channel0: AT< +CESQ: 99,99,255,255,28,86
05-23 11:22:55.697   181   242 D use-Rlog/RLOG-RIL: [0] [unsl] +CESQ enter
05-23 11:22:55.697   181   242 D use-Rlog/RLOG-RILC: [0] [UNSL]< UNSOL_SIGNAL_STRENGTH {[signalStrength=99,bitErrorRate=-1,                CDMA_SS.dbm=-1,CDMA_SSecio=-1,                EVDO_SS.dbm=-1,EVDO_SS.ecio=-1,                EVDO_SS.signalNoiseRatio=-1,                LTE_SS.signalStrength=99,LTE_SS.rsrp=86,LTE_SS.rsrq=2147483647,                LTE_SS.rssnr=2147483647,LTE_SS.cqi=2147483647,TDSCDMA_SS.rscp=0]}
05-23 11:22:55.697   698   747 W SignalStrength: Size of signalstrength parcel:60
05-23 11:22:55.697   698   747 V RILJ    : [0][UNSL]< [0]UNSOL_SIGNAL_STRENGTH SignalStrength: 99 -1 -1 -1 -1 -1 -1 99 86 2147483647 2147483647 2147483647 gsm|lte
05-23 11:22:55.697   698   698 W SignalStrength: Signal before validate=SignalStrength: 99 -1 -1 -1 -1 -1 -1 99 86 2147483647 2147483647 2147483647 gsm|lte
05-23 11:22:55.697   698   698 W SignalStrength: Signal after validate=SignalStrength: 99 -1 -120 -160 -120 -1 -1 99 -86 2147483647 2147483647 2147483647 gsm|lte
05-23 11:22:55.697   592   667 W SignalStrength: Size of signalstrength parcel:164
05-23 11:22:55.697   592   667 W SignalStrength: getLTELevel - rsrp:-86 snr:2147483647 rsrpIconLevel:3 snrIconLevel:-1
05-23 11:22:55.697   926   939 W SignalStrength: Size of signalstrength parcel:168
05-23 11:22:55.697   592   667 W SignalStrength: getLevel=3
05-23 11:22:55.697   926   926 W SignalStrength: getLTELevel - rsrp:-86 snr:2147483647 rsrpIconLevel:3 snrIconLevel:-1
05-23 11:22:55.697   926   926 W SignalStrength: getLevel=3
05-23 11:22:55.697   673   964 W SignalStrength: Size of signalstrength parcel:168
05-23 11:22:55.697   673   673 W SignalStrength: getLTELevel - rsrp:-86 snr:2147483647 rsrpIconLevel:3 snrIconLevel:-1
05-23 11:22:55.697   673   673 W SignalStrength: getLevel=3
05-23 11:22:55.697   673   673 W SignalStrength: getLTELevel - rsrp:-86 snr:2147483647 rsrpIconLevel:3 snrIconLevel:-1
05-23 11:22:55.707   673   673 W SignalStrength: getLTELevel - rsrp:-86 snr:2147483647 rsrpIconLevel:3 snrIconLevel:-1
05-23 11:22:55.707   673   673 W SignalStrength: getLevel=3
05-23 11:22:55.707   673   673 W SignalStrength: getLTELevel - rsrp:-86 snr:2147483647 rsrpIconLevel:3 snrIconLevel:-1
05-23 11:22:55.707   673   673 W SignalStrength: getLTELevel - rsrp:-86 snr:2147483647 rsrpIconLevel:3 snrIconLevel:-1
05-23 11:22:55.717   673   673 W SignalStrength: getLTELevel - rsrp:-86 snr:2147483647 rsrpIconLevel:3 snrIconLevel:-1
05-23 11:22:55.717   673   673 W SignalStrength: getLTELevel - rsrp:-86 snr:2147483647 rsrpIconLevel:3 snrIconLevel:-1
05-23 11:22:55.717   673   673 W SignalStrength: getLevel=3
05-23 11:22:56.468   698   698 D DCT     : [DcT(0)] updateDataActivity: curTxRxSum={txSum=404 rxSum=306} preTxRxSum={txSum=404 rxSum=306}
05-23 11:22:56.468   698   698 D DCT     : [DcT(0)] updateDataActivity: sent=0 received=0
05-23 11:22:56.688   181   242 D use-Rlog/RLOG-AT: [0] Channel0: AT< +CESQ: 99,99,255,255,28,86
05-23 11:22:56.688   181   242 D use-Rlog/RLOG-RIL: [0] [unsl] +CESQ enter
05-23 11:22:56.688   181   242 D use-Rlog/RLOG-RILC: [0] [UNSL]< UNSOL_SIGNAL_STRENGTH {[signalStrength=99,bitErrorRate=-1,                CDMA_SS.dbm=-1,CDMA_SSecio=-1,                EVDO_SS.dbm=-1,EVDO_SS.ecio=-1,                EVDO_SS.signalNoiseRatio=-1,                LTE_SS.signalStrength=99,LTE_SS.rsrp=86,LTE_SS.rsrq=2147483647,                LTE_SS.rssnr=2147483647,LTE_SS.cqi=2147483647,TDSCDMA_SS.rscp=0]}
05-23 11:22:56.688   698   747 W SignalStrength: Size of signalstrength parcel:60
05-23 11:22:56.688   698   747 V RILJ    : [0][UNSL]< [0]UNSOL_SIGNAL_STRENGTH SignalStrength: 99 -1 -1 -1 -1 -1 -1 99 86 2147483647 2147483647 2147483647 gsm|lte
05-23 11:22:56.688   698   698 W SignalStrength: Signal before validate=SignalStrength: 99 -1 -1 -1 -1 -1 -1 99 86 2147483647 2147483647 2147483647 gsm|lte
05-23 11:22:56.688   698   698 W SignalStrength: Signal after validate=SignalStrength: 99 -1 -120 -160 -120 -1 -1 99 -86 2147483647 2147483647 2147483647 gsm|lte
05-23 11:22:56.688   592   832 W SignalStrength: Size of signalstrength parcel:164
05-23 11:22:56.688   592   832 W SignalStrength: getLTELevel - rsrp:-86 snr:2147483647 rsrpIconLevel:3 snrIconLevel:-1
05-23 11:22:56.688   673   685 W SignalStrength: Size of signalstrength parcel:168
05-23 11:22:56.688   926   939 W SignalStrength: Size of signalstrength parcel:168
05-23 11:22:56.688   673   673 W SignalStrength: getLTELevel - rsrp:-86 snr:2147483647 rsrpIconLevel:3 snrIconLevel:-1
05-23 11:22:56.688   673   673 W SignalStrength: getLevel=3
05-23 11:22:56.688   673   673 W SignalStrength: getLTELevel - rsrp:-86 snr:2147483647 rsrpIconLevel:3 snrIconLevel:-1
05-23 11:22:56.698   592   832 W SignalStrength: getLevel=3
05-23 11:22:56.698   926   926 W SignalStrength: getLTELevel - rsrp:-86 snr:2147483647 rsrpIconLevel:3 snrIconLevel:-1
05-23 11:22:56.698   926   926 W SignalStrength: getLevel=3
05-23 11:22:56.698   673   673 W SignalStrength: getLTELevel - rsrp:-86 snr:2147483647 rsrpIconLevel:3 snrIconLevel:-1
05-23 11:22:56.698   673   673 W SignalStrength: getLevel=3
05-23 11:22:56.708   673   673 W SignalStrength: getLTELevel - rsrp:-86 snr:2147483647 rsrpIconLevel:3 snrIconLevel:-1
05-23 11:22:56.708   673   673 W SignalStrength: getLTELevel - rsrp:-86 snr:2147483647 rsrpIconLevel:3 snrIconLevel:-1
05-23 11:22:56.708   673   673 W SignalStrength: getLTELevel - rsrp:-86 snr:2147483647 rsrpIconLevel:3 snrIconLevel:-1
05-23 11:22:56.708   673   673 W SignalStrength: getLTELevel - rsrp:-86 snr:2147483647 rsrpIconLevel:3 snrIconLevel:-1
05-23 11:22:56.708   673   673 W SignalStrength: getLevel=3
05-23 11:22:57.469   698   698 D DCT     : [DcT(0)] updateDataActivity: curTxRxSum={txSum=406 rxSum=308} preTxRxSum={txSum=404 rxSum=306}
05-23 11:22:57.469   698   698 D DCT     : [DcT(0)] updateDataActivity: sent=2 received=2
05-23 11:22:57.469   698   698 D DCT     : [DcT(0)] updateDataActivity: newActivity=DATAINANDOUT
05-23 11:22:57.689   181   242 D use-Rlog/RLOG-AT: [0] Channel0: AT< +CESQ: 99,99,255,255,28,87
05-23 11:22:57.689   181   242 D use-Rlog/RLOG-RIL: [0] [unsl] +CESQ enter
05-23 11:22:57.689   181   242 D use-Rlog/RLOG-RILC: [0] [UNSL]< UNSOL_SIGNAL_STRENGTH {[signalStrength=99,bitErrorRate=-1,                CDMA_SS.dbm=-1,CDMA_SSecio=-1,                EVDO_SS.dbm=-1,EVDO_SS.ecio=-1,                EVDO_SS.signalNoiseRatio=-1,                LTE_SS.signalStrength=99,LTE_SS.rsrp=87,LTE_SS.rsrq=2147483647,                LTE_SS.rssnr=2147483647,LTE_SS.cqi=2147483647,TDSCDMA_SS.rscp=0]}
05-23 11:22:57.689   698   747 W SignalStrength: Size of signalstrength parcel:60
05-23 11:22:57.689   698   747 V RILJ    : [0][UNSL]< [0]UNSOL_SIGNAL_STRENGTH SignalStrength: 99 -1 -1 -1 -1 -1 -1 99 87 2147483647 2147483647 2147483647 gsm|lte
05-23 11:22:57.689   698   698 W SignalStrength: Signal before validate=SignalStrength: 99 -1 -1 -1 -1 -1 -1 99 87 2147483647 2147483647 2147483647 gsm|lte
05-23 11:22:57.689   698   698 W SignalStrength: Signal after validate=SignalStrength: 99 -1 -120 -160 -120 -1 -1 99 -87 2147483647 2147483647 2147483647 gsm|lte
05-23 11:22:57.689   592   924 W SignalStrength: Size of signalstrength parcel:164
05-23 11:22:57.689   673   685 W SignalStrength: Size of signalstrength parcel:168
05-23 11:22:57.689   592   924 W SignalStrength: getLTELevel - rsrp:-87 snr:2147483647 rsrpIconLevel:3 snrIconLevel:-1
05-23 11:22:57.689   926   937 W SignalStrength: Size of signalstrength parcel:168
05-23 11:22:57.689   592   924 W SignalStrength: getLevel=3
05-23 11:22:57.699   926   926 W SignalStrength: getLTELevel - rsrp:-87 snr:2147483647 rsrpIconLevel:3 snrIconLevel:-1
05-23 11:22:57.699   926   926 W SignalStrength: getLevel=3
05-23 11:22:57.829   698   698 D RILJ    : [0][4559]> SCREEN_STATE: false
05-23 11:22:57.839   698   698 D RILJ    : [1][4560]> SCREEN_STATE: false
05-23 11:22:57.839   181   231 I use-Rlog/RLOG-RILC: [0] enter processCommandsCallback, socket type = 0
05-23 11:22:57.839   181   231 I use-Rlog/RLOG-RILC: [0] PCC  alloc one command p_record
05-23 11:22:57.849   181   753 D use-Rlog/RLOG-RILC: [0] PCB request code 61 token 911
05-23 11:22:57.849   181   753 D use-Rlog/RLOG-RILC: [0] [0911]> SCREEN_STATE (0)
05-23 11:22:57.849   182   232 I use-Rlog/RLOG-RILC: [1] enter processCommandsCallback, socket type = 0
05-23 11:22:57.849   182   232 I use-Rlog/RLOG-RILC: [1] enter processCommandsCallback, socket type = 0
05-23 11:22:57.849   182   232 I use-Rlog/RLOG-RILC: [1] PCC  alloc one command p_record
05-23 11:22:57.849   182   756 D use-Rlog/RLOG-RILC: [1] PCB request code 61 token 912
05-23 11:22:57.849   182   756 D use-Rlog/RLOG-RILC: [1] [0912]> SCREEN_STATE (0)
05-23 11:22:57.849   182   756 D use-Rlog/RLOG-RIL: [1] onRequest: SCREEN_STATE sState=0
05-23 11:22:57.849   181   753 D use-Rlog/RLOG-RIL: [0] onRequest: SCREEN_STATE sState=4
05-23 11:22:57.849   182   756 D use-Rlog/RLOG-RIL: [1] channel4 state: '0' 
05-23 11:22:57.849   182   756 D use-Rlog/RLOG-RIL: [1] get Channel ID '4'
05-23 11:22:57.859   181   753 D use-Rlog/RLOG-RIL: [0] channel1 state: '0' 
05-23 11:22:57.859   181   753 D use-Rlog/RLOG-RIL: [0] get Channel ID '1'
05-23 11:22:57.859   181   753 D use-Rlog/RLOG-RIL: [0]  PROP_RADIO_FD_DISABLE = 0
05-23 11:22:57.859   181   753 D use-Rlog/RLOG-AT: [0] Channel1: AT> AT+CCED=2,8
05-23 11:22:57.859   182   756 D use-Rlog/RLOG-RIL: [1]  PROP_RADIO_FD_DISABLE = 0
05-23 11:22:57.859   182   756 D use-Rlog/RLOG-AT: [1] Channel4: AT> AT+CCED=2,8
05-23 11:22:57.859   181   242 D use-Rlog/RLOG-AT: [0] Channel1: AT< OK
05-23 11:22:57.859   182   245 D use-Rlog/RLOG-AT: [1] Channel4: AT< OK
05-23 11:22:57.859   181   753 D use-Rlog/RLOG-AT: [0] Channel1: AT> AT+CEREG=1
05-23 11:22:57.859   182   756 D use-Rlog/RLOG-AT: [1] Channel4: AT> AT+CEREG=1
05-23 11:22:57.859   182   245 D use-Rlog/RLOG-AT: [1] Channel4: AT< OK
05-23 11:22:57.869   182   756 D use-Rlog/RLOG-AT: [1] Channel4: AT> AT+CREG=1
05-23 11:22:57.869   182   245 D use-Rlog/RLOG-AT: [1] Channel4: AT< OK
05-23 11:22:57.869   182   756 D use-Rlog/RLOG-AT: [1] Channel4: AT> AT+CGREG=1
05-23 11:22:57.869   181   242 D use-Rlog/RLOG-AT: [0] Channel1: AT< OK
05-23 11:22:57.869   181   753 D use-Rlog/RLOG-AT: [0] Channel1: AT> AT+CREG=1
05-23 11:22:57.869   182   245 D use-Rlog/RLOG-AT: [1] Channel4: AT< OK
05-23 11:22:57.869   182   756 E use-Rlog/RLOG-RIL: [1] isVoLteEnable =false
05-23 11:22:57.869   182   756 D use-Rlog/RLOG-RILC: [1] [0912]< SCREEN_STATE
05-23 11:22:57.869   182   756 D use-Rlog/RLOG-RIL: [1] put Channel ID '4'
05-23 11:22:57.869   182   756 I use-Rlog/RLOG-RILC: [1] -->CommandThread [756] free one command
05-23 11:22:57.869   181   242 D use-Rlog/RLOG-AT: [0] Channel1: AT< OK
05-23 11:22:57.869   181   753 D use-Rlog/RLOG-AT: [0] Channel1: AT> AT+CGREG=1
05-23 11:22:57.869   181   242 D use-Rlog/RLOG-AT: [0] Channel1: AT< OK
05-23 11:22:57.869   181   753 E use-Rlog/RLOG-RIL: [0] isVoLteEnable =false
05-23 11:22:57.869   181   753 D use-Rlog/RLOG-RIL: [0] pdp[0].state = 1, pdp[1].state = 0,pdp[2].state = 0
05-23 11:22:57.869   181   753 D use-Rlog/RLOG-RIL: [0] pdp[0] is busy now
05-23 11:22:57.869   181   753 D use-Rlog/RLOG-AT: [0] Channel1: AT> AT*FDY=1,2
05-23 11:22:57.869   181   242 D use-Rlog/RLOG-AT: [0] Channel1: AT< OK
05-23 11:22:57.869   181   753 D use-Rlog/RLOG-RILC: [0] [0911]< SCREEN_STATE
05-23 11:22:57.869   181   753 D use-Rlog/RLOG-RIL: [0] put Channel ID '1'
05-23 11:22:57.869   181   753 I use-Rlog/RLOG-RILC: [0] -->CommandThread [753] free one command
05-23 11:22:57.869   698   698 D DCT     : [DcT(0)] onReceive: action=android.intent.action.SCREEN_OFF
05-23 11:22:57.869   698   698 D DCT     : [DcT(0)] stopNetStatPoll
05-23 11:22:57.869   698   747 D RILJ    : [0][4559]< SCREEN_STATE 
05-23 11:22:57.869   698   750 D RILJ    : [1][4560]< SCREEN_STATE 
05-23 11:22:57.879   698   698 D DCT     : [DcT(0)] overall state is CONNECTED
05-23 11:22:57.879   698   698 D DCT     : [DcT(0)] startNetStatPoll
05-23 11:22:57.879   698   698 D DCT     : [DcT(0)] updateDataActivity: curTxRxSum={txSum=407 rxSum=309} preTxRxSum={txSum=-1 rxSum=-1}
05-23 11:22:57.879   698   698 D DCT     : [DcT(0)] getRecoveryAction: 0
05-23 11:22:57.879   698   698 D DCT     : [DcT(0)] restartDataStallAlarm: stop then start.
05-23 11:22:57.879   698   698 D DCT     : [DcT(0)] stopDataStallAlarm: current tag=42923 mDataStallAlarmIntent=PendingIntent{41f7b7e0: android.os.BinderProxy@41f1c608}
05-23 11:22:57.889   698   698 D DCT     : [DcT(0)] getRecoveryAction: 0
05-23 11:22:57.889   698   698 D DCT     : [DcT(0)] overall state is CONNECTED
05-23 11:22:57.899   673   673 W SignalStrength: getLTELevel - rsrp:-86 snr:2147483647 rsrpIconLevel:3 snrIconLevel:-1
05-23 11:22:57.899   673   673 W SignalStrength: getLTELevel - rsrp:-86 snr:2147483647 rsrpIconLevel:3 snrIconLevel:-1
05-23 11:22:57.899   673   673 W SignalStrength: getLevel=3
05-23 11:22:57.919   673   673 W SignalStrength: getLTELevel - rsrp:-87 snr:2147483647 rsrpIconLevel:3 snrIconLevel:-1
05-23 11:22:57.919   673   673 W SignalStrength: getLevel=3
05-23 11:22:57.919   673   673 W SignalStrength: getLTELevel - rsrp:-87 snr:2147483647 rsrpIconLevel:3 snrIconLevel:-1
05-23 11:22:57.929   673   673 W SignalStrength: getLTELevel - rsrp:-87 snr:2147483647 rsrpIconLevel:3 snrIconLevel:-1
05-23 11:22:57.929   673   673 W SignalStrength: getLevel=3
05-23 11:22:57.929   673   673 W SignalStrength: getLTELevel - rsrp:-87 snr:2147483647 rsrpIconLevel:3 snrIconLevel:-1
05-23 11:22:57.929   673   673 W SignalStrength: getLTELevel - rsrp:-87 snr:2147483647 rsrpIconLevel:3 snrIconLevel:-1
05-23 11:22:57.929   673   673 W SignalStrength: getLTELevel - rsrp:-87 snr:2147483647 rsrpIconLevel:3 snrIconLevel:-1
05-23 11:22:57.929   673   673 W SignalStrength: getLTELevel - rsrp:-87 snr:2147483647 rsrpIconLevel:3 snrIconLevel:-1
05-23 11:22:57.929   673   673 W SignalStrength: getLevel=3
05-23 11:22:58.049   698   698 D DCT     : [DcT(1)] onReceive: action=android.intent.action.SCREEN_OFF
05-23 11:22:58.049   698   698 D DCT     : [DcT(1)] stopNetStatPoll
05-23 11:22:58.049   698   698 D DCT     : [DcT(1)] overall state is IDLE
05-23 11:22:58.189   698   698 D RILJ    : [0][4561]> SCREEN_STATE: true
05-23 11:22:58.200   181   231 I use-Rlog/RLOG-RILC: [0] enter processCommandsCallback, socket type = 0
05-23 11:22:58.200   181   231 I use-Rlog/RLOG-RILC: [0] PCC  alloc one command p_record
05-23 11:22:58.200   181  1098 D use-Rlog/RLOG-RILC: [0] PCB request code 61 token 913
05-23 11:22:58.200   181  1098 D use-Rlog/RLOG-RILC: [0] [0913]> SCREEN_STATE (1)
05-23 11:22:58.200   181  1098 D use-Rlog/RLOG-RIL: [0] onRequest: SCREEN_STATE sState=4
05-23 11:22:58.200   181  1098 D use-Rlog/RLOG-RIL: [0] channel1 state: '0' 
05-23 11:22:58.200   181  1098 D use-Rlog/RLOG-RIL: [0] get Channel ID '1'
05-23 11:22:58.200   181  1098 D use-Rlog/RLOG-RIL: [0]  PROP_RADIO_FD_DISABLE = 0
05-23 11:22:58.200   181  1098 D use-Rlog/RLOG-AT: [0] Channel1: AT> AT+CCED=1,8
05-23 11:22:58.200   181   242 D use-Rlog/RLOG-AT: [0] Channel1: AT< OK
05-23 11:22:58.200   181  1098 D use-Rlog/RLOG-AT: [0] Channel1: AT> AT+CEREG=2
05-23 11:22:58.200   181   242 D use-Rlog/RLOG-AT: [0] Channel1: AT< OK
05-23 11:22:58.200   181  1098 D use-Rlog/RLOG-AT: [0] Channel1: AT> AT+CREG=2
05-23 11:22:58.200   181   242 D use-Rlog/RLOG-AT: [0] Channel1: AT< OK
05-23 11:22:58.200   181  1098 D use-Rlog/RLOG-AT: [0] Channel1: AT> AT+CGREG=2
05-23 11:22:58.200   181   242 D use-Rlog/RLOG-AT: [0] Channel1: AT< OK
05-23 11:22:58.200   181  1098 E use-Rlog/RLOG-RIL: [0] isVoLteEnable =false
05-23 11:22:58.200   181  1098 D use-Rlog/RLOG-RIL: [0] pdp[0].state = 1, pdp[1].state = 0,pdp[2].state = 0
05-23 11:22:58.200   181  1098 D use-Rlog/RLOG-RIL: [0] pdp[0] is busy now
05-23 11:22:58.200   181  1098 D use-Rlog/RLOG-AT: [0] Channel1: AT> AT*FDY=1,5
05-23 11:22:58.200   181   242 D use-Rlog/RLOG-AT: [0] Channel1: AT< OK
05-23 11:22:58.200   181  1098 D use-Rlog/RLOG-RILC: [0] [UNSL]< UNSOL_RESPONSE_VOICE_NETWORK_STATE_CHANGED 
05-23 11:22:58.200   181  1098 D use-Rlog/RLOG-RILC: [0] [0913]< SCREEN_STATE
05-23 11:22:58.200   181  1098 D use-Rlog/RLOG-RIL: [0] put Channel ID '1'
05-23 11:22:58.200   181  1098 I use-Rlog/RLOG-RILC: [0] -->CommandThread [1098] free one command
05-23 11:22:58.200   698   698 D RILJ    : [1][4562]> SCREEN_STATE: true
05-23 11:22:58.200   698   747 D RILJ    : [0][UNSL]< [0]UNSOL_RESPONSE_VOICE_NETWORK_STATE_CHANGED
05-23 11:22:58.210   698   747 D RILJ    : [0][4561]< SCREEN_STATE 
05-23 11:22:58.210   181   231 E use-Rlog/RLOG-RIL: [0] query signal strength LTE when screen on
05-23 11:22:58.210   181   231 D use-Rlog/RLOG-RIL: [0] channel1 state: '0' 
05-23 11:22:58.210   181   231 D use-Rlog/RLOG-RIL: [0] get Channel ID '1'
05-23 11:22:58.210   181   231 D use-Rlog/RLOG-AT: [0] Channel1: AT> AT+CESQ
05-23 11:22:58.210   181   242 D use-Rlog/RLOG-AT: [0] Channel1: AT< +CESQ: 99,99,255,255,26,86
05-23 11:22:58.210   181   242 D use-Rlog/RLOG-AT: [0] Channel1: AT< OK
05-23 11:22:58.210   181   231 D use-Rlog/RLOG-RILC: [0] [UNSL]< UNSOL_SIGNAL_STRENGTH {[signalStrength=99,bitErrorRate=-1,                CDMA_SS.dbm=-1,CDMA_SSecio=-1,                EVDO_SS.dbm=-1,EVDO_SS.ecio=-1,                EVDO_SS.signalNoiseRatio=-1,                LTE_SS.signalStrength=99,LTE_SS.rsrp=86,LTE_SS.rsrq=2147483647,                LTE_SS.rssnr=2147483647,LTE_SS.cqi=2147483647,TDSCDMA_SS.rscp=-1220010544]}
05-23 11:22:58.210   181   231 D use-Rlog/RLOG-RIL: [0] put Channel ID '1'
05-23 11:22:58.210   182   232 I use-Rlog/RLOG-RILC: [1] enter processCommandsCallback, socket type = 0
05-23 11:22:58.210   182   232 I use-Rlog/RLOG-RILC: [1] enter processCommandsCallback, socket type = 0
05-23 11:22:58.210   182   232 I use-Rlog/RLOG-RILC: [1] PCC  alloc one command p_record
05-23 11:22:58.210   182   970 D use-Rlog/RLOG-RILC: [1] PCB request code 61 token 914
05-23 11:22:58.210   182   970 D use-Rlog/RLOG-RILC: [1] [0914]> SCREEN_STATE (1)
05-23 11:22:58.210   182   970 D use-Rlog/RLOG-RIL: [1] onRequest: SCREEN_STATE sState=0
05-23 11:22:58.210   182   970 D use-Rlog/RLOG-RIL: [1] channel4 state: '0' 
05-23 11:22:58.210   182   970 D use-Rlog/RLOG-RIL: [1] get Channel ID '4'
05-23 11:22:58.210   182   970 D use-Rlog/RLOG-RIL: [1]  PROP_RADIO_FD_DISABLE = 0
05-23 11:22:58.210   182   970 D use-Rlog/RLOG-AT: [1] Channel4: AT> AT+CCED=1,8
05-23 11:22:58.210   182   245 D use-Rlog/RLOG-AT: [1] Channel4: AT< OK
05-23 11:22:58.210   182   970 D use-Rlog/RLOG-AT: [1] Channel4: AT> AT+CEREG=2
05-23 11:22:58.210   182   245 D use-Rlog/RLOG-AT: [1] Channel4: AT< OK
05-23 11:22:58.210   182   970 D use-Rlog/RLOG-AT: [1] Channel4: AT> AT+CREG=2
05-23 11:22:58.210   182   245 D use-Rlog/RLOG-AT: [1] Channel4: AT< OK
05-23 11:22:58.210   182   970 D use-Rlog/RLOG-AT: [1] Channel4: AT> AT+CGREG=2
05-23 11:22:58.210   698   747 W SignalStrength: Size of signalstrength parcel:60
05-23 11:22:58.210   182   245 D use-Rlog/RLOG-AT: [1] Channel4: AT< OK
05-23 11:22:58.210   182   970 E use-Rlog/RLOG-RIL: [1] isVoLteEnable =false
05-23 11:22:58.210   182   970 D use-Rlog/RLOG-RILC: [1] [UNSL]< UNSOL_RESPONSE_VOICE_NETWORK_STATE_CHANGED 
05-23 11:22:58.210   182   970 D use-Rlog/RLOG-RILC: [1] [0914]< SCREEN_STATE
05-23 11:22:58.210   182   970 D use-Rlog/RLOG-RIL: [1] put Channel ID '4'
05-23 11:22:58.210   182   970 I use-Rlog/RLOG-RILC: [1] -->CommandThread [970] free one command
05-23 11:22:58.210   698   750 D RILJ    : [1][UNSL]< [1]UNSOL_RESPONSE_VOICE_NETWORK_STATE_CHANGED
05-23 11:22:58.220   698   750 D RILJ    : [1][4562]< SCREEN_STATE 
05-23 11:22:58.220   698   747 V RILJ    : [0][UNSL]< [0]UNSOL_SIGNAL_STRENGTH SignalStrength: 99 -1 -1 -1 -1 -1 -1 99 86 2147483647 2147483647 2147483647 gsm|lte
05-23 11:22:58.220   698   698 D RILJ    : SPRDRILOPERATOR
05-23 11:22:58.220   698   698 D RILJ    : [0][4563]> OPERATOR
05-23 11:22:58.220   181   231 I use-Rlog/RLOG-RILC: [0] enter processCommandsCallback, socket type = 0
05-23 11:22:58.220   181   231 I use-Rlog/RLOG-RILC: [0] enter processCommandsCallback, socket type = 0
05-23 11:22:58.220   181   231 I use-Rlog/RLOG-RILC: [0] PCC  alloc one command p_record
05-23 11:22:58.220   181   963 D use-Rlog/RLOG-RILC: [0] PCB request code 22 token 915
05-23 11:22:58.220   181   963 D use-Rlog/RLOG-RILC: [0] [0915]> OPERATOR 
05-23 11:22:58.220   181   963 D use-Rlog/RLOG-RIL: [0] onRequest: OPERATOR sState=4
05-23 11:22:58.220   181   963 D use-Rlog/RLOG-RIL: [0] channel1 state: '0' 
05-23 11:22:58.220   181   963 D use-Rlog/RLOG-RIL: [0] get Channel ID '1'
05-23 11:22:58.220   181   963 D use-Rlog/RLOG-AT: [0] Channel1: AT> AT+COPS=3,0;+COPS?;+COPS=3,1;+COPS?;+COPS=3,2;+COPS?
05-23 11:22:58.220   698   698 D RILJ    : [0][4564]> DATA_REGISTRATION_STATE
05-23 11:22:58.220   181   242 D use-Rlog/RLOG-AT: [0] Channel1: AT< +COPS: 0,0,"CHINA MOBILE",7
05-23 11:22:58.220   181   242 D use-Rlog/RLOG-AT: [0] Channel1: AT< +COPS: 0,1,"CMCC",7
05-23 11:22:58.220   181   242 D use-Rlog/RLOG-AT: [0] Channel1: AT< +COPS: 0,2,"46000",7
05-23 11:22:58.220   181   242 D use-Rlog/RLOG-AT: [0] Channel1: AT< OK
05-23 11:22:58.230   181   963 D use-Rlog/RLOG-RILC: [0] [0915]< OPERATOR {CHINA MOBILE,CMCC,46000}
05-23 11:22:58.230   181   963 D use-Rlog/RLOG-RIL: [0] put Channel ID '1'
05-23 11:22:58.230   181   963 I use-Rlog/RLOG-RILC: [0] -->CommandThread [963] free one command
05-23 11:22:58.230   698   747 D RILJ    : sprdRil before responseOperatorString():response[0]= CHINA MOBILE response[1]= CMCC response[2]= 46000
05-23 11:22:58.230   181   231 I use-Rlog/RLOG-RILC: [0] enter processCommandsCallback, socket type = 0
05-23 11:22:58.230   698   698 D RILJ    : [0][4565]> VOICE_REGISTRATION_STATE
05-23 11:22:58.230   181   231 I use-Rlog/RLOG-RILC: [0] enter processCommandsCallback, socket type = 0
05-23 11:22:58.230   181   231 I use-Rlog/RLOG-RILC: [0] PCC  alloc one command p_record
05-23 11:22:58.230   181   753 D use-Rlog/RLOG-RILC: [0] PCB request code 21 token 916
05-23 11:22:58.230   181   753 D use-Rlog/RLOG-RILC: [0] [0916]> DATA_REGISTRATION_STATE 
05-23 11:22:58.230   181   753 D use-Rlog/RLOG-RIL: [0] onRequest: DATA_REGISTRATION_STATE sState=4
05-23 11:22:58.230   181   753 D use-Rlog/RLOG-RIL: [0] channel1 state: '0' 
05-23 11:22:58.230   181   753 D use-Rlog/RLOG-RIL: [0] get Channel ID '1'
05-23 11:22:58.230   698   698 D RILJ    : [0][4566]> QUERY_NETWORK_SELECTION_MODE
05-23 11:22:58.230   181   231 I use-Rlog/RLOG-RILC: [0] enter processCommandsCallback, socket type = 0
05-23 11:22:58.230   181   231 I use-Rlog/RLOG-RILC: [0] enter processCommandsCallback, socket type = 0
05-23 11:22:58.230   181   231 I use-Rlog/RLOG-RILC: [0] PCC  alloc one command p_record
05-23 11:22:58.230   181  1098 D use-Rlog/RLOG-RILC: [0] PCB request code 20 token 917
05-23 11:22:58.230   181  1098 D use-Rlog/RLOG-RILC: [0] [0917]> VOICE_REGISTRATION_STATE 
05-23 11:22:58.230   181  1098 D use-Rlog/RLOG-RIL: [0] onRequest: VOICE_REGISTRATION_STATE sState=4
05-23 11:22:58.230   181  1098 D use-Rlog/RLOG-RIL: [0] channel2 state: '0' 
05-23 11:22:58.230   181  1098 D use-Rlog/RLOG-RIL: [0] get Channel ID '2'
05-23 11:22:58.230   698   698 D PHONE   : [ServiceState] setNullState=3
05-23 11:22:58.230   181   231 I use-Rlog/RLOG-RILC: [0] enter processCommandsCallback, socket type = 0
05-23 11:22:58.230   181   231 I use-Rlog/RLOG-RILC: [0] enter processCommandsCallback, socket type = 0
05-23 11:22:58.230   181   231 I use-Rlog/RLOG-RILC: [0] PCC  alloc one command p_record
05-23 11:22:58.230   181   963 D use-Rlog/RLOG-RILC: [0] PCB request code 45 token 918
05-23 11:22:58.230   181   963 D use-Rlog/RLOG-RILC: [0] [0918]> QUERY_NETWORK_SELECTION_MODE 
05-23 11:22:58.230   181   963 D use-Rlog/RLOG-RIL: [0] onRequest: QUERY_NETWORK_SELECTION_MODE sState=4
05-23 11:22:58.240   698   698 D GsmSST  : [GsmSST-phoneId1] Poll ServiceState done:  oldSS=[3 3 home null null null  Unknown Unknown CSS not supported -1 -1 RoamInd=-1 DefRoamInd=-1 EmergOnly=false mImsRegistration = false mSrvccState = -1] newSS=[3 3 home null null null  Unknown Unknown CSS not supported -1 -1 RoamInd=-1 DefRoamInd=-1 EmergOnly=false mImsRegistration = false mSrvccState = -1] oldMaxDataCalls=1 mNewMaxDataCalls=1 oldReasonDataDenied=-1 mNewReasonDataDenied=-1
05-23 11:22:58.240   698   698 D PHONE   : [ServiceState] setNullState=1
05-23 11:22:58.240   698   698 W SignalStrength: Signal before validate=SignalStrength: 99 -1 -1 -1 -1 -1 -1 99 86 2147483647 2147483647 2147483647 gsm|lte
05-23 11:22:58.240   698   698 W SignalStrength: Signal after validate=SignalStrength: 99 -1 -120 -160 -120 -1 -1 99 -86 2147483647 2147483647 2147483647 gsm|lte
05-23 11:22:58.240   592   757 W SignalStrength: Size of signalstrength parcel:164
05-23 11:22:58.240   592   757 W SignalStrength: getLTELevel - rsrp:-86 snr:2147483647 rsrpIconLevel:3 snrIconLevel:-1
05-23 11:22:58.240   673   944 W SignalStrength: Size of signalstrength parcel:168
05-23 11:22:58.240   926   939 W SignalStrength: Size of signalstrength parcel:168
05-23 11:22:58.240   592   757 W SignalStrength: getLevel=3
05-23 11:22:58.240   673   673 W SignalStrength: getLTELevel - rsrp:-86 snr:2147483647 rsrpIconLevel:3 snrIconLevel:-1
05-23 11:22:58.240   673   673 W SignalStrength: getLevel=3
05-23 11:22:58.240   673   673 W SignalStrength: getLTELevel - rsrp:-86 snr:2147483647 rsrpIconLevel:3 snrIconLevel:-1
05-23 11:22:58.240   698   698 D DCT     : [DcT(0)] onReceive: action=android.intent.action.SCREEN_ON
05-23 11:22:58.240   698   698 D DCT     : [DcT(0)] stopNetStatPoll
05-23 11:22:58.250   181   753 D use-Rlog/RLOG-RIL: [0] ssda mode: tdd-csfb
05-23 11:22:58.250   181  1098 D use-Rlog/RLOG-RIL: [0] ssda mode: tdd-csfb
05-23 11:22:58.250   181   753 D use-Rlog/RLOG-AT: [0] Channel1: AT> AT+CEREG?
05-23 11:22:58.250   181  1098 D use-Rlog/RLOG-AT: [0] Channel2: AT> AT+CREG?
05-23 11:22:58.250   698   698 D DCT     : [DcT(0)] overall state is CONNECTED
05-23 11:22:58.250   698   698 D DCT     : [DcT(0)] startNetStatPoll
05-23 11:22:58.250   181   242 D use-Rlog/RLOG-AT: [0] Channel1: AT< +CEREG: 2,1,"247C","02CF8905",7
05-23 11:22:58.250   181   242 D use-Rlog/RLOG-AT: [0] Channel1: AT< OK
05-23 11:22:58.250   181   242 D use-Rlog/RLOG-AT: [0] Channel2: AT< +CREG: 2,1,"247C","02CF8905",7
05-23 11:22:58.250   181   242 D use-Rlog/RLOG-AT: [0] Channel2: AT< OK
05-23 11:22:58.250   181   753 D use-Rlog/RLOG-RILC: [0] [0916]< DATA_REGISTRATION_STATE {1,247c,2cf8905,14,(null),3}
05-23 11:22:58.250   181  1098 D use-Rlog/RLOG-RILC: [0] [0917]< VOICE_REGISTRATION_STATE {1,247c,2cf8905,14,(null),(null),(null),0,(null),(null),(null),(null),(null),(null),(null)}
05-23 11:22:58.250   181   753 D use-Rlog/RLOG-RIL: [0] put Channel ID '1'
05-23 11:22:58.250   181   753 I use-Rlog/RLOG-RILC: [0] -->CommandThread [753] free one command
05-23 11:22:58.250   181  1098 D use-Rlog/RLOG-RIL: [0] put Channel ID '2'
05-23 11:22:58.250   181  1098 I use-Rlog/RLOG-RILC: [0] -->CommandThread [1098] free one command
05-23 11:22:58.250   926   926 W SignalStrength: getLTELevel - rsrp:-86 snr:2147483647 rsrpIconLevel:3 snrIconLevel:-1
05-23 11:22:58.250   926   926 W SignalStrength: getLevel=3
05-23 11:22:58.250   673   673 W SignalStrength: getLTELevel - rsrp:-86 snr:2147483647 rsrpIconLevel:3 snrIconLevel:-1
05-23 11:22:58.250   673   673 W SignalStrength: getLevel=3
05-23 11:22:58.250   673   673 W SignalStrength: getLTELevel - rsrp:-86 snr:2147483647 rsrpIconLevel:3 snrIconLevel:-1
05-23 11:22:58.250   181   963 D use-Rlog/RLOG-RIL: [0] channel1 state: '0' 
05-23 11:22:58.250   181   963 D use-Rlog/RLOG-RIL: [0] get Channel ID '1'
05-23 11:22:58.250   181   963 D use-Rlog/RLOG-AT: [0] Channel1: AT> AT+COPS?
05-23 11:22:58.260   181   242 D use-Rlog/RLOG-AT: [0] Channel1: AT< +COPS: 0,2,"46000",7
05-23 11:22:58.260   181   242 D use-Rlog/RLOG-AT: [0] Channel1: AT< OK
05-23 11:22:58.260   181   963 D use-Rlog/RLOG-RILC: [0] [0918]< QUERY_NETWORK_SELECTION_MODE {0}
05-23 11:22:58.260   181   963 D use-Rlog/RLOG-RIL: [0] put Channel ID '1'
05-23 11:22:58.260   181   963 I use-Rlog/RLOG-RILC: [0] -->CommandThread [963] free one command
05-23 11:22:58.260   673   673 W SignalStrength: getLTELevel - rsrp:-86 snr:2147483647 rsrpIconLevel:3 snrIconLevel:-1
05-23 11:22:58.260   673   673 W SignalStrength: getLTELevel - rsrp:-86 snr:2147483647 rsrpIconLevel:3 snrIconLevel:-1
05-23 11:22:58.270   698   698 D DCT     : [DcT(0)] updateDataActivity: curTxRxSum={txSum=409 rxSum=311} preTxRxSum={txSum=-1 rxSum=-1}
05-23 11:22:58.270   673   673 W SignalStrength: getLTELevel - rsrp:-86 snr:2147483647 rsrpIconLevel:3 snrIconLevel:-1
05-23 11:22:58.270   673   673 W SignalStrength: getLevel=3
05-23 11:22:58.270   698   698 D DCT     : [DcT(0)] getRecoveryAction: 0
05-23 11:22:58.270   698   698 D DCT     : [DcT(0)] restartDataStallAlarm: stop then start.
05-23 11:22:58.270   698   698 D DCT     : [DcT(0)] stopDataStallAlarm: current tag=42924 mDataStallAlarmIntent=null
05-23 11:22:58.280   698   698 D DCT     : [DcT(0)] getRecoveryAction: 0
05-23 11:22:58.280   698   698 D DCT     : [DcT(0)] overall state is CONNECTED
05-23 11:22:58.280   698   698 D DCT     : [DcT(0)] startDataStallAlarm: tag=42926 delay=60s
05-23 11:22:58.300   698   698 D DCT     : [DcT(1)] onReceive: action=android.intent.action.SCREEN_ON
05-23 11:22:58.300   698   698 D DCT     : [DcT(1)] stopNetStatPoll
05-23 11:22:58.300   698   698 D DCT     : [DcT(1)] overall state is IDLE
05-23 11:22:58.350   698   747 D RILJ    : after responseOperatorString():response[0]中国移动response[1]=中国移动response[2]=46000
05-23 11:22:58.350   698   747 D RILJ    : [0][4563]< OPERATOR {中国移动, 中国移动, 46000}
05-23 11:22:58.350   698   747 D RILJ    : [0]SprdRIL:processSolicited: [4563]< send result: 6
05-23 11:22:58.360   698   747 D RILJ    : [0][4564]< DATA_REGISTRATION_STATE {1, 247c, 2cf8905, 14, null, 3}
05-23 11:22:58.360   698   747 D RILJ    : [0][4565]< VOICE_REGISTRATION_STATE {1, 247c, 2cf8905, 14, null, null, null, 0, null, null, null, null, null, null, null}
05-23 11:22:58.360   698   747 D RILJ    : [0][4566]< QUERY_NETWORK_SELECTION_MODE {0}
05-23 11:22:58.520   698   698 D PHONE   : [ServiceState] setDataRegState=0
05-23 11:22:58.520   698   698 D PHONE   : [ServiceState] setDataRadioTechnology=14
05-23 11:22:58.520   698   698 D GsmSST  : [GsmSST-phoneId0] handlPollStateResultMessage: GsmSST setDataRegState=0 regState=1 dataRadioTechnology=14
05-23 11:22:58.520   698   698 D PHONE   : [ServiceState] setVoiceRegState=0
05-23 11:22:58.520   698   698 E PHONE   : [ServiceState] setState deprecated use setVoiceRegState()
05-23 11:22:58.520   698   698 D GsmSST  : [GsmSST-phoneId0] Poll ServiceState done:  oldSS=[0 0 home China Mobile China Mobile 46000  LTE LTE CSS not supported -1 -1 RoamInd=-1 DefRoamInd=-1 EmergOnly=false mImsRegistration = false mSrvccState = -1] newSS=[0 0 home China Mobile China Mobile 46000  LTE LTE CSS not supported -1 -1 RoamInd=-1 DefRoamInd=-1 EmergOnly=false mImsRegistration = false mSrvccState = -1] oldMaxDataCalls=3 mNewMaxDataCalls=3 oldReasonDataDenied=-1 mNewReasonDataDenied=-1
05-23 11:22:58.520   698   698 D PHONE   : [ServiceState] setNullState=1
05-23 11:22:58.690   181   242 D use-Rlog/RLOG-AT: [0] Channel0: AT< +CESQ: 99,99,255,255,26,87
05-23 11:22:58.690   181   242 D use-Rlog/RLOG-RIL: [0] [unsl] +CESQ enter
05-23 11:22:58.690   181   242 D use-Rlog/RLOG-RILC: [0] [UNSL]< UNSOL_SIGNAL_STRENGTH {[signalStrength=99,bitErrorRate=-1,                CDMA_SS.dbm=-1,CDMA_SSecio=-1,                EVDO_SS.dbm=-1,EVDO_SS.ecio=-1,                EVDO_SS.signalNoiseRatio=-1,                LTE_SS.signalStrength=99,LTE_SS.rsrp=87,LTE_SS.rsrq=2147483647,                LTE_SS.rssnr=2147483647,LTE_SS.cqi=2147483647,TDSCDMA_SS.rscp=0]}
05-23 11:22:58.690   698   747 W SignalStrength: Size of signalstrength parcel:60
05-23 11:22:58.690   698   747 V RILJ    : [0][UNSL]< [0]UNSOL_SIGNAL_STRENGTH SignalStrength: 99 -1 -1 -1 -1 -1 -1 99 87 2147483647 2147483647 2147483647 gsm|lte
05-23 11:22:58.690   698   698 W SignalStrength: Signal before validate=SignalStrength: 99 -1 -1 -1 -1 -1 -1 99 87 2147483647 2147483647 2147483647 gsm|lte
05-23 11:22:58.690   698   698 W SignalStrength: Signal after validate=SignalStrength: 99 -1 -120 -160 -120 -1 -1 99 -87 2147483647 2147483647 2147483647 gsm|lte
05-23 11:22:58.690   592   857 W SignalStrength: Size of signalstrength parcel:164
05-23 11:22:58.690   592   857 W SignalStrength: getLTELevel - rsrp:-87 snr:2147483647 rsrpIconLevel:3 snrIconLevel:-1
05-23 11:22:58.690   926   937 W SignalStrength: Size of signalstrength parcel:168
05-23 11:22:58.690   673   944 W SignalStrength: Size of signalstrength parcel:168
05-23 11:22:58.690   673   673 W SignalStrength: getLTELevel - rsrp:-87 snr:2147483647 rsrpIconLevel:3 snrIconLevel:-1
05-23 11:22:58.700   673   673 W SignalStrength: getLevel=3
05-23 11:22:58.700   673   673 W SignalStrength: getLTELevel - rsrp:-87 snr:2147483647 rsrpIconLevel:3 snrIconLevel:-1
05-23 11:22:58.700   592   857 W SignalStrength: getLevel=3
05-23 11:22:58.700   926   926 W SignalStrength: getLTELevel - rsrp:-87 snr:2147483647 rsrpIconLevel:3 snrIconLevel:-1
05-23 11:22:58.700   926   926 W SignalStrength: getLevel=3
05-23 11:22:58.700   673   673 W SignalStrength: getLTELevel - rsrp:-87 snr:2147483647 rsrpIconLevel:3 snrIconLevel:-1
05-23 11:22:58.700   673   673 W SignalStrength: getLevel=3
05-23 11:22:58.700   673   673 W SignalStrength: getLTELevel - rsrp:-87 snr:2147483647 rsrpIconLevel:3 snrIconLevel:-1
05-23 11:22:58.700   673   673 W SignalStrength: getLTELevel - rsrp:-87 snr:2147483647 rsrpIconLevel:3 snrIconLevel:-1
05-23 11:22:58.710   673   673 W SignalStrength: getLTELevel - rsrp:-87 snr:2147483647 rsrpIconLevel:3 snrIconLevel:-1
05-23 11:22:58.710   673   673 W SignalStrength: getLTELevel - rsrp:-87 snr:2147483647 rsrpIconLevel:3 snrIconLevel:-1
05-23 11:22:58.710   673   673 W SignalStrength: getLevel=3
05-23 11:22:59.281   698   698 D DCT     : [DcT(0)] updateDataActivity: curTxRxSum={txSum=416 rxSum=317} preTxRxSum={txSum=409 rxSum=311}
05-23 11:22:59.281   698   698 D DCT     : [DcT(0)] updateDataActivity: sent=7 received=6
05-23 11:22:59.691   181   242 D use-Rlog/RLOG-AT: [0] Channel0: AT< +CESQ: 99,99,255,255,30,83
05-23 11:22:59.691   181   242 D use-Rlog/RLOG-RIL: [0] [unsl] +CESQ enter
05-23 11:22:59.691   181   242 D use-Rlog/RLOG-RILC: [0] [UNSL]< UNSOL_SIGNAL_STRENGTH {[signalStrength=99,bitErrorRate=-1,                CDMA_SS.dbm=-1,CDMA_SSecio=-1,                EVDO_SS.dbm=-1,EVDO_SS.ecio=-1,                EVDO_SS.signalNoiseRatio=-1,                LTE_SS.signalStrength=99,LTE_SS.rsrp=83,LTE_SS.rsrq=2147483647,                LTE_SS.rssnr=2147483647,LTE_SS.cqi=2147483647,TDSCDMA_SS.rscp=0]}
05-23 11:22:59.691   698   747 W SignalStrength: Size of signalstrength parcel:60
05-23 11:22:59.691   698   747 V RILJ    : [0][UNSL]< [0]UNSOL_SIGNAL_STRENGTH SignalStrength: 99 -1 -1 -1 -1 -1 -1 99 83 2147483647 2147483647 2147483647 gsm|lte
05-23 11:22:59.691   698   698 W SignalStrength: Signal before validate=SignalStrength: 99 -1 -1 -1 -1 -1 -1 99 83 2147483647 2147483647 2147483647 gsm|lte
05-23 11:22:59.691   698   698 W SignalStrength: Signal after validate=SignalStrength: 99 -1 -120 -160 -120 -1 -1 99 -83 2147483647 2147483647 2147483647 gsm|lte
05-23 11:22:59.691   592   924 W SignalStrength: Size of signalstrength parcel:164
05-23 11:22:59.691   592   924 W SignalStrength: getLTELevel - rsrp:-83 snr:2147483647 rsrpIconLevel:4 snrIconLevel:-1
05-23 11:22:59.691   673   685 W SignalStrength: Size of signalstrength parcel:168
05-23 11:22:59.691   926   939 W SignalStrength: Size of signalstrength parcel:168
05-23 11:22:59.691   592   924 W SignalStrength: getLevel=4
05-23 11:22:59.691   926   926 W SignalStrength: getLTELevel - rsrp:-83 snr:2147483647 rsrpIconLevel:4 snrIconLevel:-1
05-23 11:22:59.691   926   926 W SignalStrength: getLevel=4
05-23 11:22:59.731   673   673 W SignalStrength: getLTELevel - rsrp:-83 snr:2147483647 rsrpIconLevel:4 snrIconLevel:-1
05-23 11:22:59.731   673   673 W SignalStrength: getLevel=4
05-23 11:22:59.731   673   673 W SignalStrength: getLTELevel - rsrp:-83 snr:2147483647 rsrpIconLevel:4 snrIconLevel:-1
05-23 11:22:59.741   673   673 W SignalStrength: getLTELevel - rsrp:-83 snr:2147483647 rsrpIconLevel:4 snrIconLevel:-1
05-23 11:22:59.741   673   673 W SignalStrength: getLevel=4
05-23 11:22:59.741   673   673 W SignalStrength: getLTELevel - rsrp:-83 snr:2147483647 rsrpIconLevel:4 snrIconLevel:-1
05-23 11:22:59.741   673   673 W SignalStrength: getLTELevel - rsrp:-83 snr:2147483647 rsrpIconLevel:4 snrIconLevel:-1
05-23 11:22:59.741   673   673 W SignalStrength: getLTELevel - rsrp:-83 snr:2147483647 rsrpIconLevel:4 snrIconLevel:-1
05-23 11:22:59.751   673   673 W SignalStrength: getLTELevel - rsrp:-83 snr:2147483647 rsrpIconLevel:4 snrIconLevel:-1
05-23 11:22:59.751   673   673 W SignalStrength: getLevel=4
05-23 11:23:00.282   698   698 D DCT     : [DcT(0)] updateDataActivity: curTxRxSum={txSum=421 rxSum=322} preTxRxSum={txSum=416 rxSum=317}
05-23 11:23:00.282   698   698 D DCT     : [DcT(0)] updateDataActivity: sent=5 received=5
05-23 11:23:00.692   181   242 D use-Rlog/RLOG-AT: [0] Channel0: AT< +CESQ: 99,99,255,255,30,81
05-23 11:23:00.692   181   242 D use-Rlog/RLOG-RIL: [0] [unsl] +CESQ enter
05-23 11:23:00.692   181   242 D use-Rlog/RLOG-RILC: [0] [UNSL]< UNSOL_SIGNAL_STRENGTH {[signalStrength=99,bitErrorRate=-1,                CDMA_SS.dbm=-1,CDMA_SSecio=-1,                EVDO_SS.dbm=-1,EVDO_SS.ecio=-1,                EVDO_SS.signalNoiseRatio=-1,                LTE_SS.signalStrength=99,LTE_SS.rsrp=81,LTE_SS.rsrq=2147483647,                LTE_SS.rssnr=2147483647,LTE_SS.cqi=2147483647,TDSCDMA_SS.rscp=0]}
05-23 11:23:00.692   698   747 W SignalStrength: Size of signalstrength parcel:60
05-23 11:23:00.692   698   747 V RILJ    : [0][UNSL]< [0]UNSOL_SIGNAL_STRENGTH SignalStrength: 99 -1 -1 -1 -1 -1 -1 99 81 2147483647 2147483647 2147483647 gsm|lte
05-23 11:23:00.692   698   698 W SignalStrength: Signal before validate=SignalStrength: 99 -1 -1 -1 -1 -1 -1 99 81 2147483647 2147483647 2147483647 gsm|lte
05-23 11:23:00.692   698   698 W SignalStrength: Signal after validate=SignalStrength: 99 -1 -120 -160 -120 -1 -1 99 -81 2147483647 2147483647 2147483647 gsm|lte
05-23 11:23:00.692   592   923 W SignalStrength: Size of signalstrength parcel:164
05-23 11:23:00.692   592   923 W SignalStrength: getLTELevel - rsrp:-81 snr:2147483647 rsrpIconLevel:4 snrIconLevel:-1
05-23 11:23:00.692   673   964 W SignalStrength: Size of signalstrength parcel:168
05-23 11:23:00.692   673   673 W SignalStrength: getLTELevel - rsrp:-81 snr:2147483647 rsrpIconLevel:4 snrIconLevel:-1
05-23 11:23:00.692   673   673 W SignalStrength: getLevel=4
05-23 11:23:00.692   673   673 W SignalStrength: getLTELevel - rsrp:-81 snr:2147483647 rsrpIconLevel:4 snrIconLevel:-1
05-23 11:23:00.702   592   923 W SignalStrength: getLevel=4
05-23 11:23:00.712   673   673 W SignalStrength: getLTELevel - rsrp:-81 snr:2147483647 rsrpIconLevel:4 snrIconLevel:-1
05-23 11:23:00.712   673   673 W SignalStrength: getLevel=4
05-23 11:23:00.712   673   673 W SignalStrength: getLTELevel - rsrp:-81 snr:2147483647 rsrpIconLevel:4 snrIconLevel:-1
05-23 11:23:00.712   673   673 W SignalStrength: getLTELevel - rsrp:-81 snr:2147483647 rsrpIconLevel:4 snrIconLevel:-1
05-23 11:23:00.722   673   673 W SignalStrength: getLTELevel - rsrp:-81 snr:2147483647 rsrpIconLevel:4 snrIconLevel:-1
05-23 11:23:00.722   673   673 W SignalStrength: getLTELevel - rsrp:-81 snr:2147483647 rsrpIconLevel:4 snrIconLevel:-1
05-23 11:23:00.722   673   673 W SignalStrength: getLevel=4
05-23 11:23:00.732   926   937 W SignalStrength: Size of signalstrength parcel:168
05-23 11:23:00.742   926   926 W SignalStrength: getLTELevel - rsrp:-81 snr:2147483647 rsrpIconLevel:4 snrIconLevel:-1
05-23 11:23:00.742   926   926 W SignalStrength: getLevel=4
05-23 11:23:01.283   698   698 D DCT     : [DcT(0)] updateDataActivity: curTxRxSum={txSum=421 rxSum=322} preTxRxSum={txSum=421 rxSum=322}
05-23 11:23:01.283   698   698 D DCT     : [DcT(0)] updateDataActivity: sent=0 received=0
05-23 11:23:01.283   698   698 D DCT     : [DcT(0)] updateDataActivity: newActivity=NONE
05-23 11:23:01.293   673   673 W SignalStrength: getLTELevel - rsrp:-81 snr:2147483647 rsrpIconLevel:4 snrIconLevel:-1
05-23 11:23:01.293   673   673 W SignalStrength: getLTELevel - rsrp:-81 snr:2147483647 rsrpIconLevel:4 snrIconLevel:-1
05-23 11:23:01.293   673   673 W SignalStrength: getLevel=4
05-23 11:23:01.693   181   242 D use-Rlog/RLOG-AT: [0] Channel0: AT< +CESQ: 99,99,255,255,30,79
05-23 11:23:01.693   181   242 D use-Rlog/RLOG-RIL: [0] [unsl] +CESQ enter
05-23 11:23:01.693   181   242 D use-Rlog/RLOG-RILC: [0] [UNSL]< UNSOL_SIGNAL_STRENGTH {[signalStrength=99,bitErrorRate=-1,                CDMA_SS.dbm=-1,CDMA_SSecio=-1,                EVDO_SS.dbm=-1,EVDO_SS.ecio=-1,                EVDO_SS.signalNoiseRatio=-1,                LTE_SS.signalStrength=99,LTE_SS.rsrp=79,LTE_SS.rsrq=2147483647,                LTE_SS.rssnr=2147483647,LTE_SS.cqi=2147483647,TDSCDMA_SS.rscp=0]}
05-23 11:23:01.693   698   747 W SignalStrength: Size of signalstrength parcel:60
05-23 11:23:01.693   698   747 V RILJ    : [0][UNSL]< [0]UNSOL_SIGNAL_STRENGTH SignalStrength: 99 -1 -1 -1 -1 -1 -1 99 79 2147483647 2147483647 2147483647 gsm|lte
05-23 11:23:01.693   698   698 W SignalStrength: Signal before validate=SignalStrength: 99 -1 -1 -1 -1 -1 -1 99 79 2147483647 2147483647 2147483647 gsm|lte
05-23 11:23:01.693   698   698 W SignalStrength: Signal after validate=SignalStrength: 99 -1 -120 -160 -120 -1 -1 99 -79 2147483647 2147483647 2147483647 gsm|lte
05-23 11:23:01.703   592   603 W SignalStrength: Size of signalstrength parcel:164
05-23 11:23:01.703   673   685 W SignalStrength: Size of signalstrength parcel:168
05-23 11:23:01.703   673   673 W SignalStrength: getLTELevel - rsrp:-79 snr:2147483647 rsrpIconLevel:4 snrIconLevel:-1
05-23 11:23:01.703   673   673 W SignalStrength: getLevel=4
05-23 11:23:01.703   673   673 W SignalStrength: getLTELevel - rsrp:-79 snr:2147483647 rsrpIconLevel:4 snrIconLevel:-1
05-23 11:23:01.703   592   603 W SignalStrength: getLTELevel - rsrp:-79 snr:2147483647 rsrpIconLevel:4 snrIconLevel:-1
05-23 11:23:01.703   926   937 W SignalStrength: Size of signalstrength parcel:168
05-23 11:23:01.703   592   603 W SignalStrength: getLevel=4
05-23 11:23:01.713   673   673 W SignalStrength: getLTELevel - rsrp:-79 snr:2147483647 rsrpIconLevel:4 snrIconLevel:-1
05-23 11:23:01.713   673   673 W SignalStrength: getLevel=4
05-23 11:23:01.713   673   673 W SignalStrength: getLTELevel - rsrp:-79 snr:2147483647 rsrpIconLevel:4 snrIconLevel:-1
05-23 11:23:01.723   673   673 W SignalStrength: getLTELevel - rsrp:-79 snr:2147483647 rsrpIconLevel:4 snrIconLevel:-1
05-23 11:23:01.723   673   673 W SignalStrength: getLTELevel - rsrp:-79 snr:2147483647 rsrpIconLevel:4 snrIconLevel:-1
05-23 11:23:01.723   673   673 W SignalStrength: getLTELevel - rsrp:-79 snr:2147483647 rsrpIconLevel:4 snrIconLevel:-1
05-23 11:23:01.723   673   673 W SignalStrength: getLevel=4
05-23 11:23:01.733   926   926 W SignalStrength: getLTELevel - rsrp:-79 snr:2147483647 rsrpIconLevel:4 snrIconLevel:-1
05-23 11:23:01.733   926   926 W SignalStrength: getLevel=4
05-23 11:23:02.294   698   698 D DCT     : [DcT(0)] updateDataActivity: curTxRxSum={txSum=421 rxSum=322} preTxRxSum={txSum=421 rxSum=322}
05-23 11:23:02.294   698   698 D DCT     : [DcT(0)] updateDataActivity: sent=0 received=0
05-23 11:23:02.694   181   242 D use-Rlog/RLOG-AT: [0] Channel0: AT< +CESQ: 99,99,255,255,29,80
