05-23 11:23:17.699   698   747 V RILJ    : [0][UNSL]< [0]UNSOL_SIGNAL_STRENGTH SignalStrength: 99 -1 -1 -1 -1 -1 -1 99 78 2147483647 2147483647 2147483647 gsm|lte
05-23 11:23:17.699   698   698 W SignalStrength: Signal before validate=SignalStrength: 99 -1 -1 -1 -1 -1 -1 99 78 2147483647 2147483647 2147483647 gsm|lte
05-23 11:23:17.699   698   698 W SignalStrength: Signal after validate=SignalStrength: 99 -1 -120 -160 -120 -1 -1 99 -78 2147483647 2147483647 2147483647 gsm|lte
05-23 11:23:17.699   592   923 W SignalStrength: Size of signalstrength parcel:164
05-23 11:23:17.699   592   923 W SignalStrength: getLTELevel - rsrp:-78 snr:2147483647 rsrpIconLevel:4 snrIconLevel:-1
05-23 11:23:17.699   673   685 W SignalStrength: Size of signalstrength parcel:168
05-23 11:23:17.699   926   939 W SignalStrength: Size of signalstrength parcel:168
05-23 11:23:17.699   673   673 W SignalStrength: getLTELevel - rsrp:-78 snr:2147483647 rsrpIconLevel:4 snrIconLevel:-1
05-23 11:23:17.699   673   673 W SignalStrength: getLevel=4
05-23 11:23:17.699   673   673 W SignalStrength: getLTELevel - rsrp:-78 snr:2147483647 rsrpIconLevel:4 snrIconLevel:-1
05-23 11:23:17.699   592   923 W SignalStrength: getLevel=4
05-23 11:23:17.719   673   673 W SignalStrength: getLTELevel - rsrp:-78 snr:2147483647 rsrpIconLevel:4 snrIconLevel:-1
05-23 11:23:17.719   673   673 W SignalStrength: getLevel=4
05-23 11:23:17.719   673   673 W SignalStrength: getLTELevel - rsrp:-78 snr:2147483647 rsrpIconLevel:4 snrIconLevel:-1
05-23 11:23:17.719   673   673 W SignalStrength: getLTELevel - rsrp:-78 snr:2147483647 rsrpIconLevel:4 snrIconLevel:-1
05-23 11:23:17.729   673   673 W SignalStrength: getLTELevel - rsrp:-78 snr:2147483647 rsrpIconLevel:4 snrIconLevel:-1
05-23 11:23:17.729   673   673 W SignalStrength: getLTELevel - rsrp:-78 snr:2147483647 rsrpIconLevel:4 snrIconLevel:-1
05-23 11:23:17.739   673   673 W SignalStrength: getLevel=4
05-23 11:23:17.749   926   926 W SignalStrength: getLTELevel - rsrp:-78 snr:2147483647 rsrpIconLevel:4 snrIconLevel:-1
05-23 11:23:17.749   926   926 W SignalStrength: getLevel=4
05-23 11:23:18.649   698   698 D DCT     : [DcT(0)] updateDataActivity: curTxRxSum={txSum=430 rxSum=330} preTxRxSum={txSum=430 rxSum=330}
05-23 11:23:18.649   698   698 D DCT     : [DcT(0)] updateDataActivity: sent=0 received=0
05-23 11:23:18.689   181   242 D use-Rlog/RLOG-AT: [0] Channel0: AT< +CESQ: 99,99,255,255,27,79
05-23 11:23:18.689   181   242 D use-Rlog/RLOG-RIL: [0] [unsl] +CESQ enter
05-23 11:23:18.689   181   242 D use-Rlog/RLOG-RILC: [0] [UNSL]< UNSOL_SIGNAL_STRENGTH {[signalStrength=99,bitErrorRate=-1,                CDMA_SS.dbm=-1,CDMA_SSecio=-1,                EVDO_SS.dbm=-1,EVDO_SS.ecio=-1,                EVDO_SS.signalNoiseRatio=-1,                LTE_SS.signalStrength=99,LTE_SS.rsrp=79,LTE_SS.rsrq=2147483647,                LTE_SS.rssnr=2147483647,LTE_SS.cqi=2147483647,TDSCDMA_SS.rscp=0]}
05-23 11:23:18.700   698   747 W SignalStrength: Size of signalstrength parcel:60
05-23 11:23:18.700   698   747 V RILJ    : [0][UNSL]< [0]UNSOL_SIGNAL_STRENGTH SignalStrength: 99 -1 -1 -1 -1 -1 -1 99 79 2147483647 2147483647 2147483647 gsm|lte
05-23 11:23:18.700   698   698 W SignalStrength: Signal before validate=SignalStrength: 99 -1 -1 -1 -1 -1 -1 99 79 2147483647 2147483647 2147483647 gsm|lte
05-23 11:23:18.700   698   698 W SignalStrength: Signal after validate=SignalStrength: 99 -1 -120 -160 -120 -1 -1 99 -79 2147483647 2147483647 2147483647 gsm|lte
05-23 11:23:18.700   592   832 W SignalStrength: Size of signalstrength parcel:164
05-23 11:23:18.700   592   832 W SignalStrength: getLTELevel - rsrp:-79 snr:2147483647 rsrpIconLevel:4 snrIconLevel:-1
05-23 11:23:18.700   673   944 W SignalStrength: Size of signalstrength parcel:168
05-23 11:23:18.700   926   937 W SignalStrength: Size of signalstrength parcel:168
05-23 11:23:18.700   673   673 W SignalStrength: getLTELevel - rsrp:-79 snr:2147483647 rsrpIconLevel:4 snrIconLevel:-1
05-23 11:23:18.700   673   673 W SignalStrength: getLevel=4
05-23 11:23:18.700   673   673 W SignalStrength: getLTELevel - rsrp:-79 snr:2147483647 rsrpIconLevel:4 snrIconLevel:-1
05-23 11:23:18.700   592   832 W SignalStrength: getLevel=4
05-23 11:23:18.710   673   673 W SignalStrength: getLTELevel - rsrp:-79 snr:2147483647 rsrpIconLevel:4 snrIconLevel:-1
05-23 11:23:18.720   673   673 W SignalStrength: getLevel=4
05-23 11:23:18.720   673   673 W SignalStrength: getLTELevel - rsrp:-79 snr:2147483647 rsrpIconLevel:4 snrIconLevel:-1
05-23 11:23:18.720   673   673 W SignalStrength: getLTELevel - rsrp:-79 snr:2147483647 rsrpIconLevel:4 snrIconLevel:-1
05-23 11:23:18.730   673   673 W SignalStrength: getLTELevel - rsrp:-79 snr:2147483647 rsrpIconLevel:4 snrIconLevel:-1
05-23 11:23:18.730   673   673 W SignalStrength: getLTELevel - rsrp:-79 snr:2147483647 rsrpIconLevel:4 snrIconLevel:-1
05-23 11:23:18.730   673   673 W SignalStrength: getLevel=4
05-23 11:23:18.730   926   926 W SignalStrength: getLTELevel - rsrp:-79 snr:2147483647 rsrpIconLevel:4 snrIconLevel:-1
05-23 11:23:18.740   926   926 W SignalStrength: getLevel=4
05-23 11:23:19.660   698   698 D DCT     : [DcT(0)] updateDataActivity: curTxRxSum={txSum=430 rxSum=330} preTxRxSum={txSum=430 rxSum=330}
05-23 11:23:19.660   698   698 D DCT     : [DcT(0)] updateDataActivity: sent=0 received=0
05-23 11:23:19.690   181   242 D use-Rlog/RLOG-AT: [0] Channel0: AT< +CESQ: 99,99,255,255,27,80
05-23 11:23:19.690   181   242 D use-Rlog/RLOG-RIL: [0] [unsl] +CESQ enter
05-23 11:23:19.690   181   242 D use-Rlog/RLOG-RILC: [0] [UNSL]< UNSOL_SIGNAL_STRENGTH {[signalStrength=99,bitErrorRate=-1,                CDMA_SS.dbm=-1,CDMA_SSecio=-1,                EVDO_SS.dbm=-1,EVDO_SS.ecio=-1,                EVDO_SS.signalNoiseRatio=-1,                LTE_SS.signalStrength=99,LTE_SS.rsrp=80,LTE_SS.rsrq=2147483647,                LTE_SS.rssnr=2147483647,LTE_SS.cqi=2147483647,TDSCDMA_SS.rscp=0]}
05-23 11:23:19.700   698   747 W SignalStrength: Size of signalstrength parcel:60
05-23 11:23:19.700   698   747 V RILJ    : [0][UNSL]< [0]UNSOL_SIGNAL_STRENGTH SignalStrength: 99 -1 -1 -1 -1 -1 -1 99 80 2147483647 2147483647 2147483647 gsm|lte
05-23 11:23:19.700   698   698 W SignalStrength: Signal before validate=SignalStrength: 99 -1 -1 -1 -1 -1 -1 99 80 2147483647 2147483647 2147483647 gsm|lte
05-23 11:23:19.700   698   698 W SignalStrength: Signal after validate=SignalStrength: 99 -1 -120 -160 -120 -1 -1 99 -80 2147483647 2147483647 2147483647 gsm|lte
05-23 11:23:19.700   592   922 W SignalStrength: Size of signalstrength parcel:164
05-23 11:23:19.700   592   922 W SignalStrength: getLTELevel - rsrp:-80 snr:2147483647 rsrpIconLevel:4 snrIconLevel:-1
05-23 11:23:19.700   673   943 W SignalStrength: Size of signalstrength parcel:168
05-23 11:23:19.700   926   939 W SignalStrength: Size of signalstrength parcel:168
05-23 11:23:19.700   673   673 W SignalStrength: getLTELevel - rsrp:-80 snr:2147483647 rsrpIconLevel:4 snrIconLevel:-1
05-23 11:23:19.700   673   673 W SignalStrength: getLevel=4
05-23 11:23:19.700   673   673 W SignalStrength: getLTELevel - rsrp:-80 snr:2147483647 rsrpIconLevel:4 snrIconLevel:-1
05-23 11:23:19.700   592   922 W SignalStrength: getLevel=4
05-23 11:23:19.721   673   673 W SignalStrength: getLTELevel - rsrp:-80 snr:2147483647 rsrpIconLevel:4 snrIconLevel:-1
05-23 11:23:19.721   673   673 W SignalStrength: getLevel=4
05-23 11:23:19.721   673   673 W SignalStrength: getLTELevel - rsrp:-80 snr:2147483647 rsrpIconLevel:4 snrIconLevel:-1
05-23 11:23:19.721   673   673 W SignalStrength: getLTELevel - rsrp:-80 snr:2147483647 rsrpIconLevel:4 snrIconLevel:-1
05-23 11:23:19.731   673   673 W SignalStrength: getLTELevel - rsrp:-80 snr:2147483647 rsrpIconLevel:4 snrIconLevel:-1
05-23 11:23:19.731   673   673 W SignalStrength: getLTELevel - rsrp:-80 snr:2147483647 rsrpIconLevel:4 snrIconLevel:-1
05-23 11:23:19.731   673   673 W SignalStrength: getLevel=4
05-23 11:23:19.751   926   926 W SignalStrength: getLTELevel - rsrp:-80 snr:2147483647 rsrpIconLevel:4 snrIconLevel:-1
05-23 11:23:19.751   926   926 W SignalStrength: getLevel=4
05-23 11:23:20.621   181   242 D use-Rlog/RLOG-AT: [0] Channel0: AT< +SPUSATPROCMDIND:D0819481030125008202818285138000280055002900530049004D53615E9475288F0A01806211768454C1724C8F0A808000530049004D76FE8F10818000530049004D5FEB6377786E8BA48F0A0280670D52A152A974068F0A038065E07EBF57CE5E028F0A048079FB52A87CBE54C18F0A05804E1A52A18D855E028F0A4C805E9475287BA174068F0A4D804E0B8F7D8BBE7F6E18022121
05-23 11:23:20.621   181   242 D use-Rlog/RLOG-RIL: [0] [stk unsl]RIL_UNSOL_STK_PROACTIVE_COMMAND
05-23 11:23:20.621   181   242 D use-Rlog/RLOG-RILC: [0] [UNSL]< UNSOL_STK_PROACTIVE_COMMAND {D0819481030125008202818285138000280055002900530049004D53615E9475288F0A01806211768454C1724C8F0A808000530049004D76FE8F10818000530049004D5FEB6377786E8BA48F0A0280670D52A152A974068F0A038065E07EBF57CE5E028F0A048079FB52A87CBE54C18F0A05804E1A52A18D855E028F0A4C805E9475287BA174068F0A4D804E0B8F7D8BBE7F6E18022121}
05-23 11:23:20.631   698   747 D RILJ    : [0][UNSL]< [0]UNSOL_STK_PROACTIVE_COMMAND D0819481030125008202818285138000280055002900530049004D53615E9475288F0A01806211768454C1724C8F0A808000530049004D76FE8F10818000530049004D5FEB6377786E8BA48F0A0280670D52A152A974068F0A038065E07EBF57CE5E028F0A048079FB52A87CBE54C18F0A05804E1A52A18D855E028F0A4C805E9475287BA174068F0A4D804E0B8F7D8BBE7F6E18022121
05-23 11:23:20.631   698   698 D CAT     : CatService: handleMessage[2]
05-23 11:23:20.631   698   698 D CAT     : CatService: ril message arrived,slotid:0
05-23 11:23:20.641   698  1003 D CAT     : RilMessageDecoder: [stk]ril msg = 2 mData =D0819481030125008202818285138000280055002900530049004D53615E9475288F0A01806211768454C1724C8F0A808000530049004D76FE8F10818000530049004D5FEB6377786E8BA48F0A0280670D52A152A974068F0A038065E07EBF57CE5E028F0A048079FB52A87CBE54C18F0A05804E1A52A18D855E028F0A4C805E9475287BA174068F0A4D804E0B8F7D8BBE7F6E18022121
05-23 11:23:20.641   698  1003 D CAT     : RilMessageDecoder: [stk]rawData length151
05-23 11:23:20.651   698  1003 D CAT     : CommandParamsFactory: process SelectItem
05-23 11:23:20.661   698   698 D CAT     : CatService: handleMessage[10]
05-23 11:23:20.661   698   698 D CAT     : CatService: SET_UP_MENU
05-23 11:23:20.671   698   698 D CAT     : CatService: encodeOptionalTags() Unsupported Cmd details=CmdDetails: compRequired=true commandNumber=1 typeOfCommand=37 commandQualifier=0
05-23 11:23:20.671   698   698 D RILJ    : [0][4567]> REQUEST_STK_SEND_TERMINAL_RESPONSE
05-23 11:23:20.671   181   231 I use-Rlog/RLOG-RILC: [0] enter processCommandsCallback, socket type = 0
05-23 11:23:20.681   181   231 I use-Rlog/RLOG-RILC: [0] enter processCommandsCallback, socket type = 0
05-23 11:23:20.681   181   231 I use-Rlog/RLOG-RILC: [0] PCC  alloc one command p_record
05-23 11:23:20.681   181   753 D use-Rlog/RLOG-RILC: [0] PCB request code 70 token 919
05-23 11:23:20.681   181   753 D use-Rlog/RLOG-RILC: [0] [0919]> STK_SEND_TERMINAL_RESPONSE (810301250082028281830100)
05-23 11:23:20.691   181   753 D use-Rlog/RLOG-RIL: [0] onRequest: STK_SEND_TERMINAL_RESPONSE sState=4
05-23 11:23:20.691   181   753 D use-Rlog/RLOG-RIL: [0] channel1 state: '0' 
05-23 11:23:20.691   181   753 D use-Rlog/RLOG-RIL: [0] get Channel ID '1'
05-23 11:23:20.691   698   698 D CAT     : CatService: broadcastCatCmdIntent isStkAppInstalled: true
05-23 11:23:20.691   181   753 D use-Rlog/RLOG-AT: [0] Channel1: AT> AT+SPUSATTERMINAL="810301250082028281830100"
05-23 11:23:20.691   181   242 D use-Rlog/RLOG-AT: [0] Channel0: AT< +CESQ: 99,99,255,255,27,80
05-23 11:23:20.691   181   242 D use-Rlog/RLOG-RIL: [0] [unsl] +CESQ enter
05-23 11:23:20.701   181   242 D use-Rlog/RLOG-RILC: [0] [UNSL]< UNSOL_SIGNAL_STRENGTH {[signalStrength=99,bitErrorRate=-1,                CDMA_SS.dbm=-1,CDMA_SSecio=-1,                EVDO_SS.dbm=-1,EVDO_SS.ecio=-1,                EVDO_SS.signalNoiseRatio=-1,                LTE_SS.signalStrength=99,LTE_SS.rsrp=80,LTE_SS.rsrq=2147483647,                LTE_SS.rssnr=2147483647,LTE_SS.cqi=2147483647,TDSCDMA_SS.rscp=0]}
05-23 11:23:20.701   698   747 W SignalStrength: Size of signalstrength parcel:60
05-23 11:23:20.701   698   747 V RILJ    : [0][UNSL]< [0]UNSOL_SIGNAL_STRENGTH SignalStrength: 99 -1 -1 -1 -1 -1 -1 99 80 2147483647 2147483647 2147483647 gsm|lte
05-23 11:23:20.701   698   698 D CAT     : CatService: Sending CmdMsg: com.android.internal.telephony.cat.CatCmdMessage@41f67888 on slotid:0
05-23 11:23:20.701   181   242 D use-Rlog/RLOG-AT: [0] Channel1: AT< +SPUSATTERMINAL: 0
05-23 11:23:20.701   181   242 D use-Rlog/RLOG-AT: [0] Channel1: AT< OK
05-23 11:23:20.701   181   753 D use-Rlog/RLOG-RILC: [0] [0919]< STK_SEND_TERMINAL_RESPONSE
05-23 11:23:20.701   181   753 D use-Rlog/RLOG-RIL: [0] put Channel ID '1'
05-23 11:23:20.701   181   753 I use-Rlog/RLOG-RILC: [0] -->CommandThread [753] free one command
05-23 11:23:20.711   698   747 D RILJ    : [0][4567]< REQUEST_STK_SEND_TERMINAL_RESPONSE 
05-23 11:23:20.721   698   698 D DCT     : [DcT(0)] updateDataActivity: curTxRxSum={txSum=430 rxSum=330} preTxRxSum={txSum=430 rxSum=330}
05-23 11:23:20.721   698   698 D DCT     : [DcT(0)] updateDataActivity: sent=0 received=0
05-23 11:23:20.721   698   698 W SignalStrength: Signal before validate=SignalStrength: 99 -1 -1 -1 -1 -1 -1 99 80 2147483647 2147483647 2147483647 gsm|lte
05-23 11:23:20.721   698   698 W SignalStrength: Signal after validate=SignalStrength: 99 -1 -120 -160 -120 -1 -1 99 -80 2147483647 2147483647 2147483647 gsm|lte
05-23 11:23:20.721   592   602 W SignalStrength: Size of signalstrength parcel:164
05-23 11:23:20.721   592   602 W SignalStrength: getLTELevel - rsrp:-80 snr:2147483647 rsrpIconLevel:4 snrIconLevel:-1
05-23 11:23:20.721   592   602 W SignalStrength: getLevel=4
05-23 11:23:20.721   673   964 W SignalStrength: Size of signalstrength parcel:168
05-23 11:23:20.721   926   937 W SignalStrength: Size of signalstrength parcel:168
05-23 11:23:20.721   673   673 W SignalStrength: getLTELevel - rsrp:-80 snr:2147483647 rsrpIconLevel:4 snrIconLevel:-1
05-23 11:23:20.721   673   673 W SignalStrength: getLevel=4
05-23 11:23:20.721   673   673 W SignalStrength: getLTELevel - rsrp:-80 snr:2147483647 rsrpIconLevel:4 snrIconLevel:-1
05-23 11:23:20.731   673   673 W SignalStrength: getLTELevel - rsrp:-80 snr:2147483647 rsrpIconLevel:4 snrIconLevel:-1
05-23 11:23:20.731   673   673 W SignalStrength: getLevel=4
05-23 11:23:20.731   673   673 W SignalStrength: getLTELevel - rsrp:-80 snr:2147483647 rsrpIconLevel:4 snrIconLevel:-1
05-23 11:23:20.731   673   673 W SignalStrength: getLTELevel - rsrp:-80 snr:2147483647 rsrpIconLevel:4 snrIconLevel:-1
05-23 11:23:20.731   673   673 W SignalStrength: getLTELevel - rsrp:-80 snr:2147483647 rsrpIconLevel:4 snrIconLevel:-1
05-23 11:23:20.731   673   673 W SignalStrength: getLTELevel - rsrp:-80 snr:2147483647 rsrpIconLevel:4 snrIconLevel:-1
05-23 11:23:20.731   673   673 W SignalStrength: getLevel=4
05-23 11:23:20.731   926   926 W SignalStrength: getLTELevel - rsrp:-80 snr:2147483647 rsrpIconLevel:4 snrIconLevel:-1
05-23 11:23:20.731   926   926 W SignalStrength: getLevel=4
05-23 11:23:20.741   698   698 D CAT     : StkCmdReceiver: handleAction, op: 1args: Bundle[{SLOT_ID=0, cmd message=com.android.internal.telephony.cat.CatCmdMessage@41f4f220, op=1}], slot id: 0
05-23 11:23:20.752   698   698 D CAT     : com.android.stk.StkAppService: NOT CUCC
05-23 11:23:20.752   698   698 D CAT     : com.android.stk.StkAppService: StkAppService onStart is cucc: false
05-23 11:23:20.752   698   698 D CAT     : com.android.stk.StkAppService: onStart sim id: 0, op: 1, *****
05-23 11:23:20.762   698   698 D CAT     : StkAppService: init mPhone
05-23 11:23:20.762   698  1065 D CAT     : com.android.stk.StkAppService: handleMessage opcode[1], sim id[0]
05-23 11:23:20.762   698  1065 D CAT     : com.android.stk.StkAppService: cmdName[SET_UP_MENU]
05-23 11:23:20.762   698  1065 D CAT     : com.android.stk.StkAppService: [OP_CMD]
05-23 11:23:20.762   698  1065 D CAT     : com.android.stk.StkAppService: [handleCmd]SET_UP_MENU
05-23 11:23:20.762   698  1065 D CAT     : com.android.stk.StkAppService: SET_UP_MENU [false]
05-23 11:23:20.762   698  1065 D CAT     : com.android.stk.StkAppService: install App
05-23 11:23:20.762   698  1065 D CAT     : com.android.stk.StkAppService: NOT CUCC
05-23 11:23:20.762   698  1065 D CAT     : StkAppInstaller: [setAppState] === install
05-23 11:23:20.762   698  1065 D CAT     : StkAppInstaller: cName = ComponentInfo{com.android.stk/com.android.stk.StkMain}
05-23 11:23:20.762   698  1065 D CAT     : StkAppInstaller: state = 1
05-23 11:23:20.762   698  1065 D CAT     : StkAppInstaller: context = android.app.ContextImpl@41f34cf8
05-23 11:23:20.762   698  1065 D CAT     : StkAppInstaller: Do not need to change STK app state
05-23 11:23:20.762   698  1065 D CAT     : StkAppInstaller: [setAppState]-
05-23 11:23:20.772   181   242 D use-Rlog/RLOG-AT: [0] Channel0: AT< +SPUSATPROCMDIND:D00D8103010500820281829902090A
05-23 11:23:20.772   181   242 D use-Rlog/RLOG-RIL: [0] [stk unsl]RIL_UNSOL_STK_PROACTIVE_COMMAND
05-23 11:23:20.772   181   242 D use-Rlog/RLOG-RILC: [0] [UNSL]< UNSOL_STK_PROACTIVE_COMMAND {D00D8103010500820281829902090A}
05-23 11:23:20.772   698   747 D RILJ    : [0][UNSL]< [0]UNSOL_STK_PROACTIVE_COMMAND D00D8103010500820281829902090A
05-23 11:23:20.772   698   698 D CAT     : CatService: handleMessage[2]
05-23 11:23:20.772   698   698 D CAT     : CatService: ril message arrived,slotid:0
05-23 11:23:20.772   698  1003 D CAT     : RilMessageDecoder: [stk]ril msg = 2 mData =D00D8103010500820281829902090A
05-23 11:23:20.772   698  1003 D CAT     : RilMessageDecoder: [stk]rawData length15
05-23 11:23:20.772   698  1003 D CAT     : CommandParamsFactory: process SetUpEventList
05-23 11:23:20.772   698   698 D CAT     : CatService: handleMessage[10]
05-23 11:23:20.772   698   698 D CAT     : CatService: SET_UP_EVENT_LIST
05-23 11:23:20.772   698   698 D CAT     : CatService: Event: 0
05-23 11:23:20.772   698   698 D CAT     : CatService: Event: 0
05-23 11:23:20.772   698   698 D CAT     : CatService: encodeOptionalTags() Unsupported Cmd details=CmdDetails: compRequired=true commandNumber=1 typeOfCommand=5 commandQualifier=0
05-23 11:23:20.772   698   698 D RILJ    : [0][4568]> REQUEST_STK_SEND_TERMINAL_RESPONSE
05-23 11:23:20.782   181   231 I use-Rlog/RLOG-RILC: [0] enter processCommandsCallback, socket type = 0
05-23 11:23:20.782   181   231 I use-Rlog/RLOG-RILC: [0] PCC  alloc one command p_record
05-23 11:23:20.782   181  1098 D use-Rlog/RLOG-RILC: [0] PCB request code 70 token 920
05-23 11:23:20.782   181  1098 D use-Rlog/RLOG-RILC: [0] [0920]> STK_SEND_TERMINAL_RESPONSE (810301050082028281830100)
05-23 11:23:20.782   181  1098 D use-Rlog/RLOG-RIL: [0] onRequest: STK_SEND_TERMINAL_RESPONSE sState=4
05-23 11:23:20.782   181  1098 D use-Rlog/RLOG-RIL: [0] channel1 state: '0' 
05-23 11:23:20.782   181  1098 D use-Rlog/RLOG-RIL: [0] get Channel ID '1'
05-23 11:23:20.782   181  1098 D use-Rlog/RLOG-AT: [0] Channel1: AT> AT+SPUSATTERMINAL="810301050082028281830100"
05-23 11:23:20.782   698   698 D CAT     : CatService: broadcastCatCmdIntent isStkAppInstalled: true
05-23 11:23:20.782   698   698 D CAT     : CatService: Sending CmdMsg: com.android.internal.telephony.cat.CatCmdMessage@41ef2608 on slotid:0
05-23 11:23:20.782   181   242 D use-Rlog/RLOG-AT: [0] Channel1: AT< +SPUSATTERMINAL: 0
05-23 11:23:20.782   181   242 D use-Rlog/RLOG-AT: [0] Channel1: AT< OK
05-23 11:23:20.782   181  1098 D use-Rlog/RLOG-RILC: [0] [0920]< STK_SEND_TERMINAL_RESPONSE
05-23 11:23:20.782   181  1098 D use-Rlog/RLOG-RIL: [0] put Channel ID '1'
05-23 11:23:20.782   181  1098 I use-Rlog/RLOG-RILC: [0] -->CommandThread [1098] free one command
05-23 11:23:20.782   698   747 D RILJ    : [0][4568]< REQUEST_STK_SEND_TERMINAL_RESPONSE 
05-23 11:23:20.782   698   698 D CAT     : StkCmdReceiver: handleAction, op: 1args: Bundle[{SLOT_ID=0, cmd message=com.android.internal.telephony.cat.CatCmdMessage@41e6a470, op=1}], slot id: 0
05-23 11:23:20.792   698   698 D CAT     : com.android.stk.StkAppService: NOT CUCC
05-23 11:23:20.792   698   698 D CAT     : com.android.stk.StkAppService: StkAppService onStart is cucc: false
05-23 11:23:20.792   698   698 D CAT     : com.android.stk.StkAppService: onStart sim id: 0, op: 1, *****
05-23 11:23:20.792   698   698 D CAT     : StkAppService: init mPhone
05-23 11:23:20.792   698  1065 D CAT     : com.android.stk.StkAppService: handleMessage opcode[1], sim id[0]
05-23 11:23:20.792   698  1065 D CAT     : com.android.stk.StkAppService: cmdName[SET_UP_EVENT_LIST]
05-23 11:23:20.792   698  1065 D CAT     : com.android.stk.StkAppService: [OP_CMD]
05-23 11:23:20.792   698  1065 D CAT     : com.android.stk.StkAppService: [handleCmd]SET_UP_EVENT_LIST
05-23 11:23:20.812   181   242 D use-Rlog/RLOG-AT: [0] Channel0: AT< +SPUSATENDSESSIONIND
05-23 11:23:20.812   181   242 D use-Rlog/RLOG-RIL: [0] [stk unsl]RIL_UNSOL_STK_SESSION_END
05-23 11:23:20.812   181   242 D use-Rlog/RLOG-RILC: [0] [UNSL]< UNSOL_STK_SESSION_END 
05-23 11:23:20.812   698   747 D RILJ    : [0][UNSL]< [0]UNSOL_STK_SESSION_END
05-23 11:23:20.812   698   698 D CAT     : CatService: handleMessage[1]
05-23 11:23:20.812   698   698 D CAT     : CatService: ril message arrived,slotid:0
05-23 11:23:20.812   698   698 D CAT     : CatService: handleMessage[10]
05-23 11:23:20.812   698   698 D CAT     : CatService: SESSION END on 0
05-23 11:23:20.812   698   698 D CAT     : StkCmdReceiver: handleAction, op: 4args: Bundle[{SLOT_ID=0, op=4}], slot id: 0
05-23 11:23:20.822   698   698 D CAT     : com.android.stk.StkAppService: NOT CUCC
05-23 11:23:20.822   698   698 D CAT     : com.android.stk.StkAppService: StkAppService onStart is cucc: false
05-23 11:23:20.822   698   698 D CAT     : com.android.stk.StkAppService: onStart sim id: 0, op: 4, *****
05-23 11:23:20.822   698   698 D CAT     : StkAppService: init mPhone
05-23 11:23:20.822   698  1065 D CAT     : com.android.stk.StkAppService: handleMessage opcode[4], sim id[0]
05-23 11:23:20.822   698  1065 D CAT     : StkAppService$StkContext: getPendingActivityInstance act : 0, null
05-23 11:23:20.822   698  1065 D CAT     : StkAppService$StkContext: getPendingDialogInstance act : 0, null
05-23 11:23:20.822   698  1065 D CAT     : com.android.stk.StkAppService: cleanUpInstanceStackBySlot slotId: 0
05-23 11:23:20.822   698  1065 D CAT     : com.android.stk.StkAppService: [handleSessionEnd] - mCurrentCmd changed to mMainCmd!.
05-23 11:23:20.822   698  1065 D CAT     : com.android.stk.StkAppService: slotId: 0, mMenuState: 0
05-23 11:23:20.822   698  1065 D CAT     : com.android.stk.StkAppService: [handleSessionEnd][mMenuState]false
05-23 11:23:21.702   181   242 D use-Rlog/RLOG-AT: [0] Channel0: AT< +CESQ: 99,99,255,255,32,81
05-23 11:23:21.702   181   242 D use-Rlog/RLOG-RIL: [0] [unsl] +CESQ enter
05-23 11:23:21.702   181   242 D use-Rlog/RLOG-RILC: [0] [UNSL]< UNSOL_SIGNAL_STRENGTH {[signalStrength=99,bitErrorRate=-1,                CDMA_SS.dbm=-1,CDMA_SSecio=-1,                EVDO_SS.dbm=-1,EVDO_SS.ecio=-1,                EVDO_SS.signalNoiseRatio=-1,                LTE_SS.signalStrength=99,LTE_SS.rsrp=81,LTE_SS.rsrq=2147483647,                LTE_SS.rssnr=2147483647,LTE_SS.cqi=2147483647,TDSCDMA_SS.rscp=0]}
05-23 11:23:21.702   698   747 W SignalStrength: Size of signalstrength parcel:60
05-23 11:23:21.702   698   747 V RILJ    : [0][UNSL]< [0]UNSOL_SIGNAL_STRENGTH SignalStrength: 99 -1 -1 -1 -1 -1 -1 99 81 2147483647 2147483647 2147483647 gsm|lte
05-23 11:23:21.702   698   698 W SignalStrength: Signal before validate=SignalStrength: 99 -1 -1 -1 -1 -1 -1 99 81 2147483647 2147483647 2147483647 gsm|lte
05-23 11:23:21.702   698   698 W SignalStrength: Signal after validate=SignalStrength: 99 -1 -120 -160 -120 -1 -1 99 -81 2147483647 2147483647 2147483647 gsm|lte
05-23 11:23:21.702   592   603 W SignalStrength: Size of signalstrength parcel:164
05-23 11:23:21.702   592   603 W SignalStrength: getLTELevel - rsrp:-81 snr:2147483647 rsrpIconLevel:4 snrIconLevel:-1
05-23 11:23:21.702   673   683 W SignalStrength: Size of signalstrength parcel:168
05-23 11:23:21.702   926   939 W SignalStrength: Size of signalstrength parcel:168
05-23 11:23:21.702   673   673 W SignalStrength: getLTELevel - rsrp:-81 snr:2147483647 rsrpIconLevel:4 snrIconLevel:-1
05-23 11:23:21.702   673   673 W SignalStrength: getLevel=4
05-23 11:23:21.702   673   673 W SignalStrength: getLTELevel - rsrp:-81 snr:2147483647 rsrpIconLevel:4 snrIconLevel:-1
05-23 11:23:21.702   592   603 W SignalStrength: getLevel=4
05-23 11:23:21.722   698   698 D DCT     : [DcT(0)] updateDataActivity: curTxRxSum={txSum=430 rxSum=330} preTxRxSum={txSum=430 rxSum=330}
05-23 11:23:21.722   698   698 D DCT     : [DcT(0)] updateDataActivity: sent=0 received=0
05-23 11:23:21.722   673   673 W SignalStrength: getLTELevel - rsrp:-81 snr:2147483647 rsrpIconLevel:4 snrIconLevel:-1
05-23 11:23:21.722   673   673 W SignalStrength: getLevel=4
05-23 11:23:21.722   673   673 W SignalStrength: getLTELevel - rsrp:-81 snr:2147483647 rsrpIconLevel:4 snrIconLevel:-1
05-23 11:23:21.732   673   673 W SignalStrength: getLTELevel - rsrp:-81 snr:2147483647 rsrpIconLevel:4 snrIconLevel:-1
05-23 11:23:21.732   673   673 W SignalStrength: getLTELevel - rsrp:-81 snr:2147483647 rsrpIconLevel:4 snrIconLevel:-1
05-23 11:23:21.742   673   673 W SignalStrength: getLTELevel - rsrp:-81 snr:2147483647 rsrpIconLevel:4 snrIconLevel:-1
05-23 11:23:21.742   673   673 W SignalStrength: getLevel=4
05-23 11:23:21.742   926   926 W SignalStrength: getLTELevel - rsrp:-81 snr:2147483647 rsrpIconLevel:4 snrIconLevel:-1
05-23 11:23:21.742   926   926 W SignalStrength: getLevel=4
05-23 11:23:22.703   181   242 D use-Rlog/RLOG-AT: [0] Channel0: AT< +CESQ: 99,99,255,255,32,81
05-23 11:23:22.703   181   242 D use-Rlog/RLOG-RIL: [0] [unsl] +CESQ enter
05-23 11:23:22.703   181   242 D use-Rlog/RLOG-RILC: [0] [UNSL]< UNSOL_SIGNAL_STRENGTH {[signalStrength=99,bitErrorRate=-1,                CDMA_SS.dbm=-1,CDMA_SSecio=-1,                EVDO_SS.dbm=-1,EVDO_SS.ecio=-1,                EVDO_SS.signalNoiseRatio=-1,                LTE_SS.signalStrength=99,LTE_SS.rsrp=81,LTE_SS.rsrq=2147483647,                LTE_SS.rssnr=2147483647,LTE_SS.cqi=2147483647,TDSCDMA_SS.rscp=0]}
05-23 11:23:22.703   698   747 W SignalStrength: Size of signalstrength parcel:60
05-23 11:23:22.703   698   747 V RILJ    : [0][UNSL]< [0]UNSOL_SIGNAL_STRENGTH SignalStrength: 99 -1 -1 -1 -1 -1 -1 99 81 2147483647 2147483647 2147483647 gsm|lte
05-23 11:23:22.703   698   698 W SignalStrength: Signal before validate=SignalStrength: 99 -1 -1 -1 -1 -1 -1 99 81 2147483647 2147483647 2147483647 gsm|lte
05-23 11:23:22.703   698   698 W SignalStrength: Signal after validate=SignalStrength: 99 -1 -120 -160 -120 -1 -1 99 -81 2147483647 2147483647 2147483647 gsm|lte
05-23 11:23:22.703   592   602 W SignalStrength: Size of signalstrength parcel:164
05-23 11:23:22.703   592   602 W SignalStrength: getLTELevel - rsrp:-81 snr:2147483647 rsrpIconLevel:4 snrIconLevel:-1
05-23 11:23:22.703   673   685 W SignalStrength: Size of signalstrength parcel:168
05-23 11:23:22.703   926   937 W SignalStrength: Size of signalstrength parcel:168
05-23 11:23:22.703   673   673 W SignalStrength: getLTELevel - rsrp:-81 snr:2147483647 rsrpIconLevel:4 snrIconLevel:-1
05-23 11:23:22.703   673   673 W SignalStrength: getLevel=4
05-23 11:23:22.703   673   673 W SignalStrength: getLTELevel - rsrp:-81 snr:2147483647 rsrpIconLevel:4 snrIconLevel:-1
05-23 11:23:22.713   592   602 W SignalStrength: getLevel=4
05-23 11:23:22.723   673   673 W SignalStrength: getLTELevel - rsrp:-81 snr:2147483647 rsrpIconLevel:4 snrIconLevel:-1
05-23 11:23:22.723   673   673 W SignalStrength: getLevel=4
05-23 11:23:22.723   673   673 W SignalStrength: getLTELevel - rsrp:-81 snr:2147483647 rsrpIconLevel:4 snrIconLevel:-1
05-23 11:23:22.733   698   698 D DCT     : [DcT(0)] updateDataActivity: curTxRxSum={txSum=430 rxSum=330} preTxRxSum={txSum=430 rxSum=330}
05-23 11:23:22.733   698   698 D DCT     : [DcT(0)] updateDataActivity: sent=0 received=0
05-23 11:23:22.733   673   673 W SignalStrength: getLTELevel - rsrp:-81 snr:2147483647 rsrpIconLevel:4 snrIconLevel:-1
05-23 11:23:22.743   673   673 W SignalStrength: getLTELevel - rsrp:-81 snr:2147483647 rsrpIconLevel:4 snrIconLevel:-1
05-23 11:23:22.743   926   926 W SignalStrength: getLTELevel - rsrp:-81 snr:2147483647 rsrpIconLevel:4 snrIconLevel:-1
05-23 11:23:22.743   673   673 W SignalStrength: getLTELevel - rsrp:-81 snr:2147483647 rsrpIconLevel:4 snrIconLevel:-1
05-23 11:23:22.743   673   673 W SignalStrength: getLevel=4
05-23 11:23:22.763   926   926 W SignalStrength: getLevel=4
05-23 11:23:23.234   181   242 D use-Rlog/RLOG-AT: [0] Channel0: AT< +CGREG: 1,"247C","02CF8905",7,"0000"
05-23 11:23:23.234   181   242 D use-Rlog/RLOG-RILC: [0] [UNSL]< UNSOL_RESPONSE_VOICE_NETWORK_STATE_CHANGED 
05-23 11:23:23.234   181   242 D use-Rlog/RLOG-AT: [0] Channel0: AT< +CREG: 1,"247C","02CF8905",7
05-23 11:23:23.234   181   242 D use-Rlog/RLOG-RILC: [0] [UNSL]< UNSOL_RESPONSE_VOICE_NETWORK_STATE_CHANGED 
05-23 11:23:23.234   181   242 D use-Rlog/RLOG-AT: [0] Channel0: AT< +CEREG: 1,"247C","02CF8905",7
05-23 11:23:23.234   181   242 D use-Rlog/RLOG-RIL: [0] ssda mode: tdd-csfb
05-23 11:23:23.234   181   242 D use-Rlog/RLOG-RIL: [0] isn't svlte
05-23 11:23:23.244   698   747 D RILJ    : [0][UNSL]< [0]UNSOL_RESPONSE_VOICE_NETWORK_STATE_CHANGED
05-23 11:23:23.244   181   242 D use-Rlog/RLOG-RIL: [0] is CSFB 
05-23 11:23:23.244   181   242 D use-Rlog/RLOG-RIL: [0] requestRegistration net_type is 7
05-23 11:23:23.244   181   242 D use-Rlog/RLOG-RIL: [0] requestRegistrationState  s_PSRegState is IN SERVICE
05-23 11:23:23.244   181   242 D use-Rlog/RLOG-RILC: [0] [UNSL]< UNSOL_RESPONSE_VOICE_NETWORK_STATE_CHANGED 
05-23 11:23:23.244   698   747 D RILJ    : [0][UNSL]< [0]UNSOL_RESPONSE_VOICE_NETWORK_STATE_CHANGED
05-23 11:23:23.244   698   747 D RILJ    : [0][UNSL]< [0]UNSOL_RESPONSE_VOICE_NETWORK_STATE_CHANGED
05-23 11:23:23.254   698   698 D RILJ    : SPRDRILOPERATOR
05-23 11:23:23.254   698   698 D RILJ    : [0][4569]> OPERATOR
05-23 11:23:23.254   181   231 I use-Rlog/RLOG-RILC: [0] enter processCommandsCallback, socket type = 0
05-23 11:23:23.254   181   231 I use-Rlog/RLOG-RILC: [0] enter processCommandsCallback, socket type = 0
05-23 11:23:23.254   181   231 I use-Rlog/RLOG-RILC: [0] PCC  alloc one command p_record
05-23 11:23:23.254   181   963 D use-Rlog/RLOG-RILC: [0] PCB request code 22 token 921
05-23 11:23:23.254   181   963 D use-Rlog/RLOG-RILC: [0] [0921]> OPERATOR 
05-23 11:23:23.254   181   963 D use-Rlog/RLOG-RIL: [0] onRequest: OPERATOR sState=4
05-23 11:23:23.254   181   963 D use-Rlog/RLOG-RIL: [0] channel1 state: '0' 
05-23 11:23:23.254   181   963 D use-Rlog/RLOG-RIL: [0] get Channel ID '1'
05-23 11:23:23.254   181   963 D use-Rlog/RLOG-AT: [0] Channel1: AT> AT+COPS=3,0;+COPS?;+COPS=3,1;+COPS?;+COPS=3,2;+COPS?
05-23 11:23:23.254   181   242 D use-Rlog/RLOG-AT: [0] Channel1: AT< +COPS: 0,0,"CHINA MOBILE",7
05-23 11:23:23.254   181   242 D use-Rlog/RLOG-AT: [0] Channel1: AT< +COPS: 0,1,"CMCC",7
05-23 11:23:23.254   181   242 D use-Rlog/RLOG-AT: [0] Channel1: AT< +COPS: 0,2,"46000",7
05-23 11:23:23.254   181   242 D use-Rlog/RLOG-AT: [0] Channel1: AT< OK
05-23 11:23:23.264   181   963 D use-Rlog/RLOG-RILC: [0] [0921]< OPERATOR {CHINA MOBILE,CMCC,46000}
05-23 11:23:23.264   181   963 D use-Rlog/RLOG-RIL: [0] put Channel ID '1'
05-23 11:23:23.264   181   963 I use-Rlog/RLOG-RILC: [0] -->CommandThread [963] free one command
05-23 11:23:23.264   698   747 D RILJ    : sprdRil before responseOperatorString():response[0]= CHINA MOBILE response[1]= CMCC response[2]= 46000
05-23 11:23:23.274   698   698 D RILJ    : [0][4570]> DATA_REGISTRATION_STATE
05-23 11:23:23.274   181   231 I use-Rlog/RLOG-RILC: [0] enter processCommandsCallback, socket type = 0
05-23 11:23:23.274   181   231 I use-Rlog/RLOG-RILC: [0] enter processCommandsCallback, socket type = 0
05-23 11:23:23.274   181   231 I use-Rlog/RLOG-RILC: [0] PCC  alloc one command p_record
05-23 11:23:23.274   181   753 D use-Rlog/RLOG-RILC: [0] PCB request code 21 token 922
05-23 11:23:23.274   181   753 D use-Rlog/RLOG-RILC: [0] [0922]> DATA_REGISTRATION_STATE 
05-23 11:23:23.274   181   753 D use-Rlog/RLOG-RIL: [0] onRequest: DATA_REGISTRATION_STATE sState=4
05-23 11:23:23.274   181   753 D use-Rlog/RLOG-RIL: [0] channel1 state: '0' 
05-23 11:23:23.274   181   753 D use-Rlog/RLOG-RIL: [0] get Channel ID '1'
05-23 11:23:23.274   181   753 D use-Rlog/RLOG-RIL: [0] ssda mode: tdd-csfb
05-23 11:23:23.274   181   753 D use-Rlog/RLOG-AT: [0] Channel1: AT> AT+CEREG?
05-23 11:23:23.274   698   698 D RILJ    : [0][4571]> VOICE_REGISTRATION_STATE
05-23 11:23:23.284   181   242 D use-Rlog/RLOG-AT: [0] Channel1: AT< +CEREG: 2,1,"247C","02CF8905",7
05-23 11:23:23.284   181   242 D use-Rlog/RLOG-AT: [0] Channel1: AT< OK
05-23 11:23:23.284   181   753 D use-Rlog/RLOG-RILC: [0] [0922]< DATA_REGISTRATION_STATE {1,247c,2cf8905,14,(null),3}
05-23 11:23:23.284   181   753 D use-Rlog/RLOG-RIL: [0] put Channel ID '1'
05-23 11:23:23.284   181   753 I use-Rlog/RLOG-RILC: [0] -->CommandThread [753] free one command
05-23 11:23:23.284   181   231 I use-Rlog/RLOG-RILC: [0] enter processCommandsCallback, socket type = 0
05-23 11:23:23.284   181   231 I use-Rlog/RLOG-RILC: [0] enter processCommandsCallback, socket type = 0
05-23 11:23:23.284   181   231 I use-Rlog/RLOG-RILC: [0] PCC  alloc one command p_record
05-23 11:23:23.284   181  1098 D use-Rlog/RLOG-RILC: [0] PCB request code 20 token 923
05-23 11:23:23.284   181  1098 D use-Rlog/RLOG-RILC: [0] [0923]> VOICE_REGISTRATION_STATE 
05-23 11:23:23.284   181  1098 D use-Rlog/RLOG-RIL: [0] onRequest: VOICE_REGISTRATION_STATE sState=4
05-23 11:23:23.284   181  1098 D use-Rlog/RLOG-RIL: [0] channel1 state: '0' 
05-23 11:23:23.284   181  1098 D use-Rlog/RLOG-RIL: [0] get Channel ID '1'
05-23 11:23:23.284   181  1098 D use-Rlog/RLOG-RIL: [0] ssda mode: tdd-csfb
05-23 11:23:23.284   181  1098 D use-Rlog/RLOG-AT: [0] Channel1: AT> AT+CREG?
05-23 11:23:23.284   698   698 D RILJ    : [0][4572]> QUERY_NETWORK_SELECTION_MODE
05-23 11:23:23.284   181   242 D use-Rlog/RLOG-AT: [0] Channel1: AT< +CREG: 2,1,"247C","02CF8905",7
05-23 11:23:23.284   181   242 D use-Rlog/RLOG-AT: [0] Channel1: AT< OK
05-23 11:23:23.284   181  1098 D use-Rlog/RLOG-RILC: [0] [0923]< VOICE_REGISTRATION_STATE {1,247c,2cf8905,14,(null),(null),(null),0,(null),(null),(null),(null),(null),(null),(null)}
05-23 11:23:23.284   181  1098 D use-Rlog/RLOG-RIL: [0] put Channel ID '1'
05-23 11:23:23.284   181  1098 I use-Rlog/RLOG-RILC: [0] -->CommandThread [1098] free one command
05-23 11:23:23.284   181   231 I use-Rlog/RLOG-RILC: [0] enter processCommandsCallback, socket type = 0
05-23 11:23:23.284   181   231 I use-Rlog/RLOG-RILC: [0] enter processCommandsCallback, socket type = 0
05-23 11:23:23.284   181   231 I use-Rlog/RLOG-RILC: [0] PCC  alloc one command p_record
05-23 11:23:23.284   181   963 D use-Rlog/RLOG-RILC: [0] PCB request code 45 token 924
05-23 11:23:23.284   181   963 D use-Rlog/RLOG-RILC: [0] [0924]> QUERY_NETWORK_SELECTION_MODE 
05-23 11:23:23.284   181   963 D use-Rlog/RLOG-RIL: [0] onRequest: QUERY_NETWORK_SELECTION_MODE sState=4
05-23 11:23:23.284   181   963 D use-Rlog/RLOG-RIL: [0] channel1 state: '0' 
05-23 11:23:23.284   181   963 D use-Rlog/RLOG-RIL: [0] get Channel ID '1'
05-23 11:23:23.284   181   963 D use-Rlog/RLOG-AT: [0] Channel1: AT> AT+COPS?
05-23 11:23:23.294   698   698 D RILJ    : SPRDRILOPERATOR
05-23 11:23:23.294   698   698 D RILJ    : [0][4573]> OPERATOR
05-23 11:23:23.294   181   242 D use-Rlog/RLOG-AT: [0] Channel1: AT< +COPS: 0,2,"46000",7
05-23 11:23:23.294   181   242 D use-Rlog/RLOG-AT: [0] Channel1: AT< OK
05-23 11:23:23.294   181   963 D use-Rlog/RLOG-RILC: [0] [0924]< QUERY_NETWORK_SELECTION_MODE {0}
05-23 11:23:23.294   181   963 D use-Rlog/RLOG-RIL: [0] put Channel ID '1'
05-23 11:23:23.294   181   963 I use-Rlog/RLOG-RILC: [0] -->CommandThread [963] free one command
05-23 11:23:23.294   181   231 I use-Rlog/RLOG-RILC: [0] enter processCommandsCallback, socket type = 0
05-23 11:23:23.294   181   231 I use-Rlog/RLOG-RILC: [0] enter processCommandsCallback, socket type = 0
05-23 11:23:23.294   181   231 I use-Rlog/RLOG-RILC: [0] PCC  alloc one command p_record
05-23 11:23:23.294   181   753 D use-Rlog/RLOG-RILC: [0] PCB request code 22 token 925
05-23 11:23:23.294   181   753 D use-Rlog/RLOG-RILC: [0] [0925]> OPERATOR 
05-23 11:23:23.294   181   753 D use-Rlog/RLOG-RIL: [0] onRequest: OPERATOR sState=4
05-23 11:23:23.294   181   753 D use-Rlog/RLOG-RIL: [0] channel1 state: '0' 
05-23 11:23:23.294   181   753 D use-Rlog/RLOG-RIL: [0] get Channel ID '1'
05-23 11:23:23.294   181   753 D use-Rlog/RLOG-AT: [0] Channel1: AT> AT+COPS=3,0;+COPS?;+COPS=3,1;+COPS?;+COPS=3,2;+COPS?
05-23 11:23:23.304   698   698 D RILJ    : [0][4574]> DATA_REGISTRATION_STATE
05-23 11:23:23.304   181   242 D use-Rlog/RLOG-AT: [0] Channel1: AT< +COPS: 0,0,"CHINA MOBILE",7
05-23 11:23:23.304   181   242 D use-Rlog/RLOG-AT: [0] Channel1: AT< +COPS: 0,1,"CMCC",7
05-23 11:23:23.304   181   242 D use-Rlog/RLOG-AT: [0] Channel1: AT< +COPS: 0,2,"46000",7
05-23 11:23:23.304   181   242 D use-Rlog/RLOG-AT: [0] Channel1: AT< OK
05-23 11:23:23.304   181   753 D use-Rlog/RLOG-RILC: [0] [0925]< OPERATOR {CHINA MOBILE,CMCC,46000}
05-23 11:23:23.304   181   753 D use-Rlog/RLOG-RIL: [0] put Channel ID '1'
05-23 11:23:23.304   181   753 I use-Rlog/RLOG-RILC: [0] -->CommandThread [753] free one command
05-23 11:23:23.304   181   231 I use-Rlog/RLOG-RILC: [0] enter processCommandsCallback, socket type = 0
05-23 11:23:23.304   181   231 I use-Rlog/RLOG-RILC: [0] enter processCommandsCallback, socket type = 0
05-23 11:23:23.304   181   231 I use-Rlog/RLOG-RILC: [0] PCC  alloc one command p_record
05-23 11:23:23.304   181  1098 D use-Rlog/RLOG-RILC: [0] PCB request code 21 token 926
05-23 11:23:23.304   181  1098 D use-Rlog/RLOG-RILC: [0] [0926]> DATA_REGISTRATION_STATE 
05-23 11:23:23.304   181  1098 D use-Rlog/RLOG-RIL: [0] onRequest: DATA_REGISTRATION_STATE sState=4
05-23 11:23:23.304   181  1098 D use-Rlog/RLOG-RIL: [0] channel1 state: '0' 
05-23 11:23:23.304   181  1098 D use-Rlog/RLOG-RIL: [0] get Channel ID '1'
05-23 11:23:23.304   181  1098 D use-Rlog/RLOG-RIL: [0] ssda mode: tdd-csfb
05-23 11:23:23.304   181  1098 D use-Rlog/RLOG-AT: [0] Channel1: AT> AT+CEREG?
05-23 11:23:23.304   181   242 D use-Rlog/RLOG-AT: [0] Channel1: AT< +CEREG: 2,1,"247C","02CF8905",7
05-23 11:23:23.304   181   242 D use-Rlog/RLOG-AT: [0] Channel1: AT< OK
05-23 11:23:23.304   181  1098 D use-Rlog/RLOG-RILC: [0] [0926]< DATA_REGISTRATION_STATE {1,247c,2cf8905,14,(null),3}
05-23 11:23:23.304   181  1098 D use-Rlog/RLOG-RIL: [0] put Channel ID '1'
05-23 11:23:23.304   181  1098 I use-Rlog/RLOG-RILC: [0] -->CommandThread [1098] free one command
05-23 11:23:23.304   698   698 D RILJ    : [0][4575]> VOICE_REGISTRATION_STATE
05-23 11:23:23.304   181   231 I use-Rlog/RLOG-RILC: [0] enter processCommandsCallback, socket type = 0
05-23 11:23:23.304   181   231 I use-Rlog/RLOG-RILC: [0] enter processCommandsCallback, socket type = 0
05-23 11:23:23.304   181   231 I use-Rlog/RLOG-RILC: [0] PCC  alloc one command p_record
05-23 11:23:23.314   181   963 D use-Rlog/RLOG-RILC: [0] PCB request code 20 token 927
05-23 11:23:23.314   181   963 D use-Rlog/RLOG-RILC: [0] [0927]> VOICE_REGISTRATION_STATE 
05-23 11:23:23.314   181   963 D use-Rlog/RLOG-RIL: [0] onRequest: VOICE_REGISTRATION_STATE sState=4
05-23 11:23:23.314   181   963 D use-Rlog/RLOG-RIL: [0] channel1 state: '0' 
05-23 11:23:23.314   181   963 D use-Rlog/RLOG-RIL: [0] get Channel ID '1'
05-23 11:23:23.314   181   963 D use-Rlog/RLOG-RIL: [0] ssda mode: tdd-csfb
05-23 11:23:23.314   181   963 D use-Rlog/RLOG-AT: [0] Channel1: AT> AT+CREG?
05-23 11:23:23.314   698   698 D RILJ    : [0][4576]> QUERY_NETWORK_SELECTION_MODE
05-23 11:23:23.314   181   242 D use-Rlog/RLOG-AT: [0] Channel1: AT< +CREG: 2,1,"247C","02CF8905",7
05-23 11:23:23.314   181   242 D use-Rlog/RLOG-AT: [0] Channel1: AT< OK
05-23 11:23:23.314   181   963 D use-Rlog/RLOG-RILC: [0] [0927]< VOICE_REGISTRATION_STATE {1,247c,2cf8905,14,(null),(null),(null),0,(null),(null),(null),(null),(null),(null),(null)}
05-23 11:23:23.314   181   963 D use-Rlog/RLOG-RIL: [0] put Channel ID '1'
05-23 11:23:23.314   181   963 I use-Rlog/RLOG-RILC: [0] -->CommandThread [963] free one command
05-23 11:23:23.314   181   231 I use-Rlog/RLOG-RILC: [0] enter processCommandsCallback, socket type = 0
05-23 11:23:23.314   181   231 I use-Rlog/RLOG-RILC: [0] enter processCommandsCallback, socket type = 0
05-23 11:23:23.314   181   231 I use-Rlog/RLOG-RILC: [0] PCC  alloc one command p_record
05-23 11:23:23.314   181   753 D use-Rlog/RLOG-RILC: [0] PCB request code 45 token 928
05-23 11:23:23.314   181   753 D use-Rlog/RLOG-RILC: [0] [0928]> QUERY_NETWORK_SELECTION_MODE 
05-23 11:23:23.314   181   753 D use-Rlog/RLOG-RIL: [0] onRequest: QUERY_NETWORK_SELECTION_MODE sState=4
05-23 11:23:23.314   181   753 D use-Rlog/RLOG-RIL: [0] channel1 state: '0' 
05-23 11:23:23.314   181   753 D use-Rlog/RLOG-RIL: [0] get Channel ID '1'
05-23 11:23:23.314   181   753 D use-Rlog/RLOG-AT: [0] Channel1: AT> AT+COPS?
05-23 11:23:23.314   698   698 D RILJ    : SPRDRILOPERATOR
05-23 11:23:23.314   698   698 D RILJ    : [0][4577]> OPERATOR
05-23 11:23:23.314   181   242 D use-Rlog/RLOG-AT: [0] Channel1: AT< +COPS: 0,2,"46000",7
05-23 11:23:23.314   181   242 D use-Rlog/RLOG-AT: [0] Channel1: AT< OK
05-23 11:23:23.314   181   753 D use-Rlog/RLOG-RILC: [0] [0928]< QUERY_NETWORK_SELECTION_MODE {0}
05-23 11:23:23.314   181   753 D use-Rlog/RLOG-RIL: [0] put Channel ID '1'
05-23 11:23:23.314   181   753 I use-Rlog/RLOG-RILC: [0] -->CommandThread [753] free one command
05-23 11:23:23.334   181   231 I use-Rlog/RLOG-RILC: [0] enter processCommandsCallback, socket type = 0
05-23 11:23:23.334   181   231 I use-Rlog/RLOG-RILC: [0] PCC  alloc one command p_record
05-23 11:23:23.334   698   698 D RILJ    : [0][4578]> DATA_REGISTRATION_STATE
05-23 11:23:23.334   181  1098 D use-Rlog/RLOG-RILC: [0] PCB request code 22 token 929
05-23 11:23:23.334   181  1098 D use-Rlog/RLOG-RILC: [0] [0929]> OPERATOR 
05-23 11:23:23.334   181  1098 D use-Rlog/RLOG-RIL: [0] onRequest: OPERATOR sState=4
05-23 11:23:23.334   181  1098 D use-Rlog/RLOG-RIL: [0] channel1 state: '0' 
05-23 11:23:23.334   181  1098 D use-Rlog/RLOG-RIL: [0] get Channel ID '1'
05-23 11:23:23.334   181  1098 D use-Rlog/RLOG-AT: [0] Channel1: AT> AT+COPS=3,0;+COPS?;+COPS=3,1;+COPS?;+COPS=3,2;+COPS?
05-23 11:23:23.334   181   231 I use-Rlog/RLOG-RILC: [0] enter processCommandsCallback, socket type = 0
05-23 11:23:23.334   181   231 I use-Rlog/RLOG-RILC: [0] PCC  alloc one command p_record
05-23 11:23:23.334   698   698 D RILJ    : [0][4579]> VOICE_REGISTRATION_STATE
05-23 11:23:23.334   181   963 D use-Rlog/RLOG-RILC: [0] PCB request code 21 token 930
05-23 11:23:23.334   181   963 D use-Rlog/RLOG-RILC: [0] [0930]> DATA_REGISTRATION_STATE 
05-23 11:23:23.334   181   963 D use-Rlog/RLOG-RIL: [0] onRequest: DATA_REGISTRATION_STATE sState=4
05-23 11:23:23.334   181   963 D use-Rlog/RLOG-RIL: [0] channel2 state: '0' 
05-23 11:23:23.334   181   963 D use-Rlog/RLOG-RIL: [0] get Channel ID '2'
05-23 11:23:23.334   181   963 D use-Rlog/RLOG-RIL: [0] ssda mode: tdd-csfb
05-23 11:23:23.334   181   963 D use-Rlog/RLOG-AT: [0] Channel2: AT> AT+CEREG?
05-23 11:23:23.334   181   231 I use-Rlog/RLOG-RILC: [0] enter processCommandsCallback, socket type = 0
05-23 11:23:23.334   181   231 I use-Rlog/RLOG-RILC: [0] enter processCommandsCallback, socket type = 0
05-23 11:23:23.334   181   231 I use-Rlog/RLOG-RILC: [0] PCC  alloc one command p_record
05-23 11:23:23.334   181   753 D use-Rlog/RLOG-RILC: [0] PCB request code 20 token 931
05-23 11:23:23.334   181   753 D use-Rlog/RLOG-RILC: [0] [0931]> VOICE_REGISTRATION_STATE 
05-23 11:23:23.334   181   753 D use-Rlog/RLOG-RIL: [0] onRequest: VOICE_REGISTRATION_STATE sState=4
05-23 11:23:23.334   181   242 D use-Rlog/RLOG-AT: [0] Channel1: AT< +COPS: 0,0,"CHINA MOBILE",7
05-23 11:23:23.334   181   242 D use-Rlog/RLOG-AT: [0] Channel1: AT< +COPS: 0,1,"CMCC",7
05-23 11:23:23.334   181   242 D use-Rlog/RLOG-AT: [0] Channel1: AT< +COPS: 0,2,"46000",7
05-23 11:23:23.334   181   242 D use-Rlog/RLOG-AT: [0] Channel1: AT< OK
05-23 11:23:23.334   181   242 D use-Rlog/RLOG-AT: [0] Channel2: AT< +CEREG: 2,1,"247C","02CF8905",7
05-23 11:23:23.334   181   242 D use-Rlog/RLOG-AT: [0] Channel2: AT< OK
05-23 11:23:23.334   181  1098 D use-Rlog/RLOG-RILC: [0] [0929]< OPERATOR {CHINA MOBILE,CMCC,46000}
05-23 11:23:23.334   698   698 D RILJ    : [0][4580]> QUERY_NETWORK_SELECTION_MODE
05-23 11:23:23.334   181  1098 D use-Rlog/RLOG-RIL: [0] put Channel ID '1'
05-23 11:23:23.334   181  1098 I use-Rlog/RLOG-RILC: [0] -->CommandThread [1098] free one command
05-23 11:23:23.334   181   963 D use-Rlog/RLOG-RILC: [0] [0930]< DATA_REGISTRATION_STATE {1,247c,2cf8905,14,(null),3}
05-23 11:23:23.334   181   963 D use-Rlog/RLOG-RIL: [0] put Channel ID '2'
05-23 11:23:23.334   181   963 I use-Rlog/RLOG-RILC: [0] -->CommandThread [963] free one command
05-23 11:23:23.334   181   231 I use-Rlog/RLOG-RILC: [0] enter processCommandsCallback, socket type = 0
05-23 11:23:23.334   181   231 I use-Rlog/RLOG-RILC: [0] enter processCommandsCallback, socket type = 0
05-23 11:23:23.334   181   231 I use-Rlog/RLOG-RILC: [0] PCC  alloc one command p_record
05-23 11:23:23.334   181  1098 D use-Rlog/RLOG-RILC: [0] PCB request code 45 token 932
05-23 11:23:23.334   181  1098 D use-Rlog/RLOG-RILC: [0] [0932]> QUERY_NETWORK_SELECTION_MODE 
05-23 11:23:23.334   181  1098 D use-Rlog/RLOG-RIL: [0] onRequest: QUERY_NETWORK_SELECTION_MODE sState=4
05-23 11:23:23.344   181   753 D use-Rlog/RLOG-RIL: [0] channel1 state: '0' 
05-23 11:23:23.344   181   753 D use-Rlog/RLOG-RIL: [0] get Channel ID '1'
05-23 11:23:23.344   181   753 D use-Rlog/RLOG-RIL: [0] ssda mode: tdd-csfb
05-23 11:23:23.344   181   753 D use-Rlog/RLOG-AT: [0] Channel1: AT> AT+CREG?
05-23 11:23:23.344   181  1098 D use-Rlog/RLOG-RIL: [0] channel2 state: '0' 
05-23 11:23:23.344   181  1098 D use-Rlog/RLOG-RIL: [0] get Channel ID '2'
05-23 11:23:23.344   181  1098 D use-Rlog/RLOG-AT: [0] Channel2: AT> AT+COPS?
05-23 11:23:23.344   181   242 D use-Rlog/RLOG-AT: [0] Channel1: AT< +CREG: 2,1,"247C","02CF8905",7
05-23 11:23:23.344   181   242 D use-Rlog/RLOG-AT: [0] Channel1: AT< OK
05-23 11:23:23.344   181   242 D use-Rlog/RLOG-AT: [0] Channel2: AT< +COPS: 0,2,"46000",7
05-23 11:23:23.344   181   242 D use-Rlog/RLOG-AT: [0] Channel2: AT< OK
05-23 11:23:23.344   181  1098 D use-Rlog/RLOG-RILC: [0] [0931]< VOICE_REGISTRATION_STATE
05-23 11:23:23.344   181   753 D use-Rlog/RLOG-RILC: [0] [0931]< VOICE_REGISTRATION_STATE {1,247c,2cf8905,14,(null),(null),(null),0,(null),(null),(null),(null),(null),(null),(null)}
05-23 11:23:23.344   181  1098 D use-Rlog/RLOG-RIL: [0] put Channel ID '2'
05-23 11:23:23.344   181  1098 I use-Rlog/RLOG-RILC: [0] -->CommandThread [1098] free one command
05-23 11:23:23.344   181   753 D use-Rlog/RLOG-RIL: [0] put Channel ID '1'
05-23 11:23:23.344   181   753 I use-Rlog/RLOG-RILC: [0] -->CommandThread [753] free one command
05-23 11:23:23.354   698   747 D RILJ    : after responseOperatorString():response[0]中国移动response[1]=中国移动response[2]=46000
05-23 11:23:23.354   698   747 D RILJ    : [0][4569]< OPERATOR {中国移动, 中国移动, 46000}
05-23 11:23:23.354   698   747 D RILJ    : [0]SprdRIL:processSolicited: [4569]< send result: 6
05-23 11:23:23.364   698   747 D RILJ    : [0][4570]< DATA_REGISTRATION_STATE {1, 247c, 2cf8905, 14, null, 3}
05-23 11:23:23.364   698   747 D RILJ    : [0][4571]< VOICE_REGISTRATION_STATE {1, 247c, 2cf8905, 14, null, null, null, 0, null, null, null, null, null, null, null}
05-23 11:23:23.364   698   747 D RILJ    : [0][4572]< QUERY_NETWORK_SELECTION_MODE {0}
05-23 11:23:23.364   698   747 D RILJ    : sprdRil before responseOperatorString():response[0]= CHINA MOBILE response[1]= CMCC response[2]= 46000
05-23 11:23:23.404   698   747 D RILJ    : after responseOperatorString():response[0]中国移动response[1]=中国移动response[2]=46000
05-23 11:23:23.404   698   747 D RILJ    : [0][4573]< OPERATOR {中国移动, 中国移动, 46000}
05-23 11:23:23.404   698   747 D RILJ    : [0]SprdRIL:processSolicited: [4573]< send result: 6
05-23 11:23:23.404   698   747 D RILJ    : [0][4574]< DATA_REGISTRATION_STATE {1, 247c, 2cf8905, 14, null, 3}
05-23 11:23:23.404   698   747 D RILJ    : [0][4575]< VOICE_REGISTRATION_STATE {1, 247c, 2cf8905, 14, null, null, null, 0, null, null, null, null, null, null, null}
05-23 11:23:23.404   698   747 D RILJ    : [0][4576]< QUERY_NETWORK_SELECTION_MODE {0}
05-23 11:23:23.404   698   747 D RILJ    : sprdRil before responseOperatorString():response[0]= CHINA MOBILE response[1]= CMCC response[2]= 46000
05-23 11:23:23.414   698   747 D RILJ    : after responseOperatorString():response[0]中国移动response[1]=中国移动response[2]=46000
05-23 11:23:23.414   698   747 D RILJ    : [0][4577]< OPERATOR {中国移动, 中国移动, 46000}
05-23 11:23:23.414   698   747 D RILJ    : [0]SprdRIL:processSolicited: [4577]< send result: 6
05-23 11:23:23.414   698   747 D RILJ    : [0][4578]< DATA_REGISTRATION_STATE {1, 247c, 2cf8905, 14, null, 3}
05-23 11:23:23.414   698   747 D RILJ    : [0][4580]< QUERY_NETWORK_SELECTION_MODE {0}
05-23 11:23:23.414   698   747 D RILJ    : [0][4579]< VOICE_REGISTRATION_STATE {1, 247c, 2cf8905, 14, null, null, null, 0, null, null, null, null, null, null, null}
05-23 11:23:23.464   698   698 D PHONE   : [ServiceState] setDataRegState=0
05-23 11:23:23.464   698   698 D PHONE   : [ServiceState] setDataRadioTechnology=14
