05-23 11:23:39.700   698   698 W SignalStrength: Signal after validate=SignalStrength: 99 -1 -120 -160 -120 -1 -1 99 -79 2147483647 2147483647 2147483647 gsm|lte
05-23 11:23:39.700   592   667 W SignalStrength: Size of signalstrength parcel:164
05-23 11:23:39.700   592   667 W SignalStrength: getLTELevel - rsrp:-79 snr:2147483647 rsrpIconLevel:4 snrIconLevel:-1
05-23 11:23:39.700   592   667 W SignalStrength: getLevel=4
05-23 11:23:39.710   926   937 W SignalStrength: Size of signalstrength parcel:168
05-23 11:23:39.710   673   943 W SignalStrength: Size of signalstrength parcel:168
05-23 11:23:39.710   926   926 W SignalStrength: getLTELevel - rsrp:-79 snr:2147483647 rsrpIconLevel:4 snrIconLevel:-1
05-23 11:23:39.710   926   926 W SignalStrength: getLevel=4
05-23 11:23:39.720   673   673 W SignalStrength: getLTELevel - rsrp:-79 snr:2147483647 rsrpIconLevel:4 snrIconLevel:-1
05-23 11:23:39.720   673   673 W SignalStrength: getLevel=4
05-23 11:23:39.720   673   673 W SignalStrength: getLTELevel - rsrp:-79 snr:2147483647 rsrpIconLevel:4 snrIconLevel:-1
05-23 11:23:39.730   673   673 W SignalStrength: getLTELevel - rsrp:-79 snr:2147483647 rsrpIconLevel:4 snrIconLevel:-1
05-23 11:23:39.730   673   673 W SignalStrength: getLevel=4
05-23 11:23:39.730   673   673 W SignalStrength: getLTELevel - rsrp:-79 snr:2147483647 rsrpIconLevel:4 snrIconLevel:-1
05-23 11:23:39.730   673   673 W SignalStrength: getLTELevel - rsrp:-79 snr:2147483647 rsrpIconLevel:4 snrIconLevel:-1
05-23 11:23:39.740   673   673 W SignalStrength: getLTELevel - rsrp:-79 snr:2147483647 rsrpIconLevel:4 snrIconLevel:-1
05-23 11:23:39.740   673   673 W SignalStrength: getLTELevel - rsrp:-79 snr:2147483647 rsrpIconLevel:4 snrIconLevel:-1
05-23 11:23:39.740   673   673 W SignalStrength: getLevel=4
05-23 11:23:39.800   698   698 D DCT     : [DcT(0)] updateDataActivity: curTxRxSum={txSum=430 rxSum=330} preTxRxSum={txSum=430 rxSum=330}
05-23 11:23:39.800   698   698 D DCT     : [DcT(0)] updateDataActivity: sent=0 received=0
05-23 11:23:40.711   181   242 D use-Rlog/RLOG-AT: [0] Channel0: AT< +CESQ: 99,99,255,255,28,79
05-23 11:23:40.711   181   242 D use-Rlog/RLOG-RIL: [0] [unsl] +CESQ enter
05-23 11:23:40.711   181   242 D use-Rlog/RLOG-RILC: [0] [UNSL]< UNSOL_SIGNAL_STRENGTH {[signalStrength=99,bitErrorRate=-1,                CDMA_SS.dbm=-1,CDMA_SSecio=-1,                EVDO_SS.dbm=-1,EVDO_SS.ecio=-1,                EVDO_SS.signalNoiseRatio=-1,                LTE_SS.signalStrength=99,LTE_SS.rsrp=79,LTE_SS.rsrq=2147483647,                LTE_SS.rssnr=2147483647,LTE_SS.cqi=2147483647,TDSCDMA_SS.rscp=0]}
05-23 11:23:40.711   698   747 W SignalStrength: Size of signalstrength parcel:60
05-23 11:23:40.711   698   747 V RILJ    : [0][UNSL]< [0]UNSOL_SIGNAL_STRENGTH SignalStrength: 99 -1 -1 -1 -1 -1 -1 99 79 2147483647 2147483647 2147483647 gsm|lte
05-23 11:23:40.711   698   698 W SignalStrength: Signal before validate=SignalStrength: 99 -1 -1 -1 -1 -1 -1 99 79 2147483647 2147483647 2147483647 gsm|lte
05-23 11:23:40.711   698   698 W SignalStrength: Signal after validate=SignalStrength: 99 -1 -120 -160 -120 -1 -1 99 -79 2147483647 2147483647 2147483647 gsm|lte
05-23 11:23:40.711   592   922 W SignalStrength: Size of signalstrength parcel:164
05-23 11:23:40.711   592   922 W SignalStrength: getLTELevel - rsrp:-79 snr:2147483647 rsrpIconLevel:4 snrIconLevel:-1
05-23 11:23:40.711   673   683 W SignalStrength: Size of signalstrength parcel:168
05-23 11:23:40.711   926   939 W SignalStrength: Size of signalstrength parcel:168
05-23 11:23:40.711   673   673 W SignalStrength: getLTELevel - rsrp:-79 snr:2147483647 rsrpIconLevel:4 snrIconLevel:-1
05-23 11:23:40.711   673   673 W SignalStrength: getLevel=4
05-23 11:23:40.711   673   673 W SignalStrength: getLTELevel - rsrp:-79 snr:2147483647 rsrpIconLevel:4 snrIconLevel:-1
05-23 11:23:40.711   592   922 W SignalStrength: getLevel=4
05-23 11:23:40.721   673   673 W SignalStrength: getLTELevel - rsrp:-79 snr:2147483647 rsrpIconLevel:4 snrIconLevel:-1
05-23 11:23:40.721   673   673 W SignalStrength: getLevel=4
05-23 11:23:40.731   673   673 W SignalStrength: getLTELevel - rsrp:-79 snr:2147483647 rsrpIconLevel:4 snrIconLevel:-1
05-23 11:23:40.731   673   673 W SignalStrength: getLTELevel - rsrp:-79 snr:2147483647 rsrpIconLevel:4 snrIconLevel:-1
05-23 11:23:40.731   673   673 W SignalStrength: getLTELevel - rsrp:-79 snr:2147483647 rsrpIconLevel:4 snrIconLevel:-1
05-23 11:23:40.741   673   673 W SignalStrength: getLTELevel - rsrp:-79 snr:2147483647 rsrpIconLevel:4 snrIconLevel:-1
05-23 11:23:40.741   926   926 W SignalStrength: getLTELevel - rsrp:-79 snr:2147483647 rsrpIconLevel:4 snrIconLevel:-1
05-23 11:23:40.741   673   673 W SignalStrength: getLevel=4
05-23 11:23:40.751   926   926 W SignalStrength: getLevel=4
05-23 11:23:40.811   698   698 D DCT     : [DcT(0)] updateDataActivity: curTxRxSum={txSum=430 rxSum=330} preTxRxSum={txSum=430 rxSum=330}
05-23 11:23:40.811   698   698 D DCT     : [DcT(0)] updateDataActivity: sent=0 received=0
05-23 11:23:41.712   181   242 D use-Rlog/RLOG-AT: [0] Channel0: AT< +CESQ: 99,99,255,255,28,79
05-23 11:23:41.712   181   242 D use-Rlog/RLOG-RIL: [0] [unsl] +CESQ enter
05-23 11:23:41.712   181   242 D use-Rlog/RLOG-RILC: [0] [UNSL]< UNSOL_SIGNAL_STRENGTH {[signalStrength=99,bitErrorRate=-1,                CDMA_SS.dbm=-1,CDMA_SSecio=-1,                EVDO_SS.dbm=-1,EVDO_SS.ecio=-1,                EVDO_SS.signalNoiseRatio=-1,                LTE_SS.signalStrength=99,LTE_SS.rsrp=79,LTE_SS.rsrq=2147483647,                LTE_SS.rssnr=2147483647,LTE_SS.cqi=2147483647,TDSCDMA_SS.rscp=0]}
05-23 11:23:41.712   698   747 W SignalStrength: Size of signalstrength parcel:60
05-23 11:23:41.712   698   747 V RILJ    : [0][UNSL]< [0]UNSOL_SIGNAL_STRENGTH SignalStrength: 99 -1 -1 -1 -1 -1 -1 99 79 2147483647 2147483647 2147483647 gsm|lte
05-23 11:23:41.712   698   698 W SignalStrength: Signal before validate=SignalStrength: 99 -1 -1 -1 -1 -1 -1 99 79 2147483647 2147483647 2147483647 gsm|lte
05-23 11:23:41.712   698   698 W SignalStrength: Signal after validate=SignalStrength: 99 -1 -120 -160 -120 -1 -1 99 -79 2147483647 2147483647 2147483647 gsm|lte
05-23 11:23:41.712   592   857 W SignalStrength: Size of signalstrength parcel:164
05-23 11:23:41.712   673   964 W SignalStrength: Size of signalstrength parcel:168
05-23 11:23:41.712   592   857 W SignalStrength: getLTELevel - rsrp:-79 snr:2147483647 rsrpIconLevel:4 snrIconLevel:-1
05-23 11:23:41.712   926   937 W SignalStrength: Size of signalstrength parcel:168
05-23 11:23:41.712   592   857 W SignalStrength: getLevel=4
05-23 11:23:41.712   673   673 W SignalStrength: getLTELevel - rsrp:-79 snr:2147483647 rsrpIconLevel:4 snrIconLevel:-1
05-23 11:23:41.712   926   926 W SignalStrength: getLTELevel - rsrp:-79 snr:2147483647 rsrpIconLevel:4 snrIconLevel:-1
05-23 11:23:41.712   673   673 W SignalStrength: getLevel=4
05-23 11:23:41.712   673   673 W SignalStrength: getLTELevel - rsrp:-79 snr:2147483647 rsrpIconLevel:4 snrIconLevel:-1
05-23 11:23:41.712   926   926 W SignalStrength: getLevel=4
05-23 11:23:41.732   673   673 W SignalStrength: getLTELevel - rsrp:-79 snr:2147483647 rsrpIconLevel:4 snrIconLevel:-1
05-23 11:23:41.732   673   673 W SignalStrength: getLevel=4
05-23 11:23:41.732   673   673 W SignalStrength: getLTELevel - rsrp:-79 snr:2147483647 rsrpIconLevel:4 snrIconLevel:-1
05-23 11:23:41.732   673   673 W SignalStrength: getLTELevel - rsrp:-79 snr:2147483647 rsrpIconLevel:4 snrIconLevel:-1
05-23 11:23:41.742   673   673 W SignalStrength: getLTELevel - rsrp:-79 snr:2147483647 rsrpIconLevel:4 snrIconLevel:-1
05-23 11:23:41.742   673   673 W SignalStrength: getLTELevel - rsrp:-79 snr:2147483647 rsrpIconLevel:4 snrIconLevel:-1
05-23 11:23:41.742   673   673 W SignalStrength: getLevel=4
05-23 11:23:41.812   698   698 D DCT     : [DcT(0)] updateDataActivity: curTxRxSum={txSum=430 rxSum=330} preTxRxSum={txSum=430 rxSum=330}
05-23 11:23:41.812   698   698 D DCT     : [DcT(0)] updateDataActivity: sent=0 received=0
05-23 11:23:42.703   181   242 D use-Rlog/RLOG-AT: [0] Channel0: AT< +CESQ: 99,99,255,255,28,79
05-23 11:23:42.703   181   242 D use-Rlog/RLOG-RIL: [0] [unsl] +CESQ enter
05-23 11:23:42.703   181   242 D use-Rlog/RLOG-RILC: [0] [UNSL]< UNSOL_SIGNAL_STRENGTH {[signalStrength=99,bitErrorRate=-1,                CDMA_SS.dbm=-1,CDMA_SSecio=-1,                EVDO_SS.dbm=-1,EVDO_SS.ecio=-1,                EVDO_SS.signalNoiseRatio=-1,                LTE_SS.signalStrength=99,LTE_SS.rsrp=79,LTE_SS.rsrq=2147483647,                LTE_SS.rssnr=2147483647,LTE_SS.cqi=2147483647,TDSCDMA_SS.rscp=0]}
05-23 11:23:42.703   698   747 W SignalStrength: Size of signalstrength parcel:60
05-23 11:23:42.703   698   747 V RILJ    : [0][UNSL]< [0]UNSOL_SIGNAL_STRENGTH SignalStrength: 99 -1 -1 -1 -1 -1 -1 99 79 2147483647 2147483647 2147483647 gsm|lte
05-23 11:23:42.703   698   698 W SignalStrength: Signal before validate=SignalStrength: 99 -1 -1 -1 -1 -1 -1 99 79 2147483647 2147483647 2147483647 gsm|lte
05-23 11:23:42.703   698   698 W SignalStrength: Signal after validate=SignalStrength: 99 -1 -120 -160 -120 -1 -1 99 -79 2147483647 2147483647 2147483647 gsm|lte
05-23 11:23:42.703   592   603 W SignalStrength: Size of signalstrength parcel:164
05-23 11:23:42.713   592   603 W SignalStrength: getLTELevel - rsrp:-79 snr:2147483647 rsrpIconLevel:4 snrIconLevel:-1
05-23 11:23:42.713   673   685 W SignalStrength: Size of signalstrength parcel:168
05-23 11:23:42.713   926   939 W SignalStrength: Size of signalstrength parcel:168
05-23 11:23:42.713   673   673 W SignalStrength: getLTELevel - rsrp:-79 snr:2147483647 rsrpIconLevel:4 snrIconLevel:-1
05-23 11:23:42.713   673   673 W SignalStrength: getLevel=4
05-23 11:23:42.713   673   673 W SignalStrength: getLTELevel - rsrp:-79 snr:2147483647 rsrpIconLevel:4 snrIconLevel:-1
05-23 11:23:42.713   592   603 W SignalStrength: getLevel=4
05-23 11:23:42.723   673   673 W SignalStrength: getLTELevel - rsrp:-79 snr:2147483647 rsrpIconLevel:4 snrIconLevel:-1
05-23 11:23:42.723   673   673 W SignalStrength: getLevel=4
05-23 11:23:42.723   673   673 W SignalStrength: getLTELevel - rsrp:-79 snr:2147483647 rsrpIconLevel:4 snrIconLevel:-1
05-23 11:23:42.723   673   673 W SignalStrength: getLTELevel - rsrp:-79 snr:2147483647 rsrpIconLevel:4 snrIconLevel:-1
05-23 11:23:42.733   673   673 W SignalStrength: getLTELevel - rsrp:-79 snr:2147483647 rsrpIconLevel:4 snrIconLevel:-1
05-23 11:23:42.733   673   673 W SignalStrength: getLTELevel - rsrp:-79 snr:2147483647 rsrpIconLevel:4 snrIconLevel:-1
05-23 11:23:42.733   673   673 W SignalStrength: getLevel=4
05-23 11:23:42.743   926   926 W SignalStrength: getLTELevel - rsrp:-79 snr:2147483647 rsrpIconLevel:4 snrIconLevel:-1
05-23 11:23:42.743   926   926 W SignalStrength: getLevel=4
05-23 11:23:42.813   698   698 D DCT     : [DcT(0)] updateDataActivity: curTxRxSum={txSum=430 rxSum=330} preTxRxSum={txSum=430 rxSum=330}
05-23 11:23:42.813   698   698 D DCT     : [DcT(0)] updateDataActivity: sent=0 received=0
05-23 11:23:43.824   698   698 D DCT     : [DcT(0)] updateDataActivity: curTxRxSum={txSum=430 rxSum=330} preTxRxSum={txSum=430 rxSum=330}
05-23 11:23:43.824   698   698 D DCT     : [DcT(0)] updateDataActivity: sent=0 received=0
05-23 11:23:44.825   698   698 D DCT     : [DcT(0)] updateDataActivity: curTxRxSum={txSum=430 rxSum=330} preTxRxSum={txSum=430 rxSum=330}
05-23 11:23:44.825   698   698 D DCT     : [DcT(0)] updateDataActivity: sent=0 received=0
05-23 11:23:44.935   181   242 D use-Rlog/RLOG-AT: [0] Channel0: AT< +SPUSATPROCMDIND:D0308103012101820281028D25085C0A656C76845BA26237FF1A611F8C2260A8900962E94E2D56FD79FB52A8901A4FE1FF01
05-23 11:23:44.935   181   242 D use-Rlog/RLOG-RIL: [0] [stk unsl]RIL_UNSOL_STK_PROACTIVE_COMMAND
05-23 11:23:44.935   181   242 D use-Rlog/RLOG-RILC: [0] [UNSL]< UNSOL_STK_PROACTIVE_COMMAND {D0308103012101820281028D25085C0A656C76845BA26237FF1A611F8C2260A8900962E94E2D56FD79FB52A8901A4FE1FF01}
05-23 11:23:44.935   698   747 D RILJ    : [0][UNSL]< [0]UNSOL_STK_PROACTIVE_COMMAND D0308103012101820281028D25085C0A656C76845BA26237FF1A611F8C2260A8900962E94E2D56FD79FB52A8901A4FE1FF01
05-23 11:23:44.945   698   698 D CAT     : CatService: handleMessage[2]
05-23 11:23:44.945   698   698 D CAT     : CatService: ril message arrived,slotid:0
05-23 11:23:44.945   698  1003 D CAT     : RilMessageDecoder: [stk]ril msg = 2 mData =D0308103012101820281028D25085C0A656C76845BA26237FF1A611F8C2260A8900962E94E2D56FD79FB52A8901A4FE1FF01
05-23 11:23:44.945   698  1003 D CAT     : RilMessageDecoder: [stk]rawData length50
05-23 11:23:44.955   698  1003 D CAT     : CommandParamsFactory: process DisplayText
05-23 11:23:44.955   698   698 D CAT     : CatService: handleMessage[10]
05-23 11:23:44.955   698   698 D CAT     : CatService: DISPLAY_TEXT
05-23 11:23:44.965   698   698 D CAT     : CatService: broadcastCatCmdIntent isStkAppInstalled: true
05-23 11:23:44.965   698   698 D CAT     : CatService: Sending CmdMsg: com.android.internal.telephony.cat.CatCmdMessage@41f7c1f0 on slotid:0
05-23 11:23:44.985   698   698 D CAT     : StkCmdReceiver: handleAction, op: 1args: Bundle[{SLOT_ID=0, cmd message=com.android.internal.telephony.cat.CatCmdMessage@41f64d20, op=1}], slot id: 0
05-23 11:23:44.995   698   698 D CAT     : com.android.stk.StkAppService: NOT CUCC
05-23 11:23:44.995   698   698 D CAT     : com.android.stk.StkAppService: StkAppService onStart is cucc: false
05-23 11:23:44.995   698   698 D CAT     : com.android.stk.StkAppService: onStart sim id: 0, op: 1, *****
05-23 11:23:44.995   698   698 D CAT     : StkAppService: init mPhone
05-23 11:23:44.995   698  1065 D CAT     : com.android.stk.StkAppService: handleMessage opcode[1], sim id[0]
05-23 11:23:44.995   698  1065 D CAT     : com.android.stk.StkAppService: cmdName[DISPLAY_TEXT]
05-23 11:23:44.995   698  1065 D CAT     : com.android.stk.StkAppService: [OP_CMD]
05-23 11:23:44.995   698  1065 D CAT     : com.android.stk.StkAppService: [handleCmd]DISPLAY_TEXT
05-23 11:23:44.995   698  1065 D CAT     : com.android.stk.StkAppService: launchTextDialog, slotId: 0
05-23 11:23:45.055   698   698 D CAT     : StkDialogActivity: onCreate, sim id: 0
05-23 11:23:45.205   698   698 D CAT     : StkDialogActivity: onStart, sim id: 0
05-23 11:23:45.205   698   698 D CAT     : StkDialogActivity: onResume - mIsResponseSent[false], sim id: 0
05-23 11:23:45.205   698   698 D CAT     : StkDialogActivity: initFromIntent - [com.android.internal.telephony.cat.TextMessage@41ebc830], sim id: 0
05-23 11:23:45.205   698   698 D CAT     : StkDialogActivity: No Pending Alarm! OK to start timer...
05-23 11:23:45.205   698   698 D CAT     : StkDialogActivity: cancelTimeOut: 0
05-23 11:23:45.205   698   698 D CAT     : StkDialogActivity: startTimeOut: 0
05-23 11:23:45.245   698   698 D CAT     : StkDialogActivity: onReceive, action=android.intent.action.SIM_STATE_CHANGED
05-23 11:23:45.706   181   242 D use-Rlog/RLOG-AT: [0] Channel0: AT< +CESQ: 99,99,255,255,29,80
05-23 11:23:45.706   181   242 D use-Rlog/RLOG-RIL: [0] [unsl] +CESQ enter
05-23 11:23:45.706   181   242 D use-Rlog/RLOG-RILC: [0] [UNSL]< UNSOL_SIGNAL_STRENGTH {[signalStrength=99,bitErrorRate=-1,                CDMA_SS.dbm=-1,CDMA_SSecio=-1,                EVDO_SS.dbm=-1,EVDO_SS.ecio=-1,                EVDO_SS.signalNoiseRatio=-1,                LTE_SS.signalStrength=99,LTE_SS.rsrp=80,LTE_SS.rsrq=2147483647,                LTE_SS.rssnr=2147483647,LTE_SS.cqi=2147483647,TDSCDMA_SS.rscp=0]}
05-23 11:23:45.706   698   747 W SignalStrength: Size of signalstrength parcel:60
05-23 11:23:45.706   698   747 V RILJ    : [0][UNSL]< [0]UNSOL_SIGNAL_STRENGTH SignalStrength: 99 -1 -1 -1 -1 -1 -1 99 80 2147483647 2147483647 2147483647 gsm|lte
05-23 11:23:45.706   698   698 W SignalStrength: Signal before validate=SignalStrength: 99 -1 -1 -1 -1 -1 -1 99 80 2147483647 2147483647 2147483647 gsm|lte
05-23 11:23:45.706   698   698 W SignalStrength: Signal after validate=SignalStrength: 99 -1 -120 -160 -120 -1 -1 99 -80 2147483647 2147483647 2147483647 gsm|lte
05-23 11:23:45.716   592   667 W SignalStrength: Size of signalstrength parcel:164
05-23 11:23:45.716   592   667 W SignalStrength: getLTELevel - rsrp:-80 snr:2147483647 rsrpIconLevel:4 snrIconLevel:-1
05-23 11:23:45.716   926   937 W SignalStrength: Size of signalstrength parcel:168
05-23 11:23:45.716   592   667 W SignalStrength: getLevel=4
05-23 11:23:45.716   673   964 W SignalStrength: Size of signalstrength parcel:168
05-23 11:23:45.716   926   926 W SignalStrength: getLTELevel - rsrp:-80 snr:2147483647 rsrpIconLevel:4 snrIconLevel:-1
05-23 11:23:45.716   673   673 W SignalStrength: getLTELevel - rsrp:-80 snr:2147483647 rsrpIconLevel:4 snrIconLevel:-1
05-23 11:23:45.716   673   673 W SignalStrength: getLevel=4
05-23 11:23:45.716   673   673 W SignalStrength: getLTELevel - rsrp:-80 snr:2147483647 rsrpIconLevel:4 snrIconLevel:-1
05-23 11:23:45.716   926   926 W SignalStrength: getLevel=4
05-23 11:23:45.716   673   673 W SignalStrength: getLTELevel - rsrp:-80 snr:2147483647 rsrpIconLevel:4 snrIconLevel:-1
05-23 11:23:45.716   673   673 W SignalStrength: getLevel=4
05-23 11:23:45.716   673   673 W SignalStrength: getLTELevel - rsrp:-80 snr:2147483647 rsrpIconLevel:4 snrIconLevel:-1
05-23 11:23:45.716   673   673 W SignalStrength: getLTELevel - rsrp:-80 snr:2147483647 rsrpIconLevel:4 snrIconLevel:-1
05-23 11:23:45.726   673   673 W SignalStrength: getLTELevel - rsrp:-80 snr:2147483647 rsrpIconLevel:4 snrIconLevel:-1
05-23 11:23:45.726   673   673 W SignalStrength: getLTELevel - rsrp:-80 snr:2147483647 rsrpIconLevel:4 snrIconLevel:-1
05-23 11:23:45.726   673   673 W SignalStrength: getLevel=4
05-23 11:23:45.856   698   698 D DCT     : [DcT(0)] updateDataActivity: curTxRxSum={txSum=430 rxSum=330} preTxRxSum={txSum=430 rxSum=330}
05-23 11:23:45.856   698   698 D DCT     : [DcT(0)] updateDataActivity: sent=0 received=0
05-23 11:23:46.377   698   698 D CAT     : StkDialogActivity: OK Clicked!, mSlotId: 0
05-23 11:23:46.377   698   698 D CAT     : StkDialogActivity: cancelTimeOut: 0
05-23 11:23:46.397   698   698 D CAT     : StkDialogActivity: sendResponse resID[13] confirmed[true]
05-23 11:23:46.427   698   698 D CAT     : com.android.stk.StkAppService: NOT CUCC
05-23 11:23:46.427   698   698 D CAT     : com.android.stk.StkAppService: StkAppService onStart is cucc: false
05-23 11:23:46.427   698   698 D CAT     : com.android.stk.StkAppService: onStart sim id: 0, op: 2, *****
05-23 11:23:46.427   698   698 D CAT     : StkAppService: init mPhone
05-23 11:23:46.427   698  1065 D CAT     : com.android.stk.StkAppService: handleMessage opcode[2], sim id[0]
05-23 11:23:46.427   698  1065 D CAT     : com.android.stk.StkAppService: handleCmdResponse, sim id: 0
05-23 11:23:46.427   698  1065 D CAT     : StkAppService: RES_ID_CONFIRM
05-23 11:23:46.427   698  1065 D CAT     : com.android.stk.StkAppService: handleCmdResponse- cmdName[DISPLAY_TEXT]
05-23 11:23:46.437   698   698 D CAT     : StkDialogActivity: onPause, sim id: 0
05-23 11:23:46.437   698   698 D CAT     : com.android.stk.StkAppService: NOT CUCC
05-23 11:23:46.547   698   698 D CAT     : CatService: handleMessage[6]
05-23 11:23:46.547   698   698 D CAT     : CatService: isResponse for last valid cmd: true
05-23 11:23:46.557   698   698 D CAT     : CatService: encodeOptionalTags() Unsupported Cmd details=CmdDetails: compRequired=true commandNumber=1 typeOfCommand=33 commandQualifier=1
05-23 11:23:46.557   698   698 D RILJ    : [0][4581]> REQUEST_STK_SEND_TERMINAL_RESPONSE
05-23 11:23:46.557   181   231 I use-Rlog/RLOG-RILC: [0] enter processCommandsCallback, socket type = 0
05-23 11:23:46.557   181   231 I use-Rlog/RLOG-RILC: [0] PCC  alloc one command p_record
05-23 11:23:46.557   181   963 D use-Rlog/RLOG-RILC: [0] PCB request code 70 token 933
05-23 11:23:46.557   181   963 D use-Rlog/RLOG-RILC: [0] [0933]> STK_SEND_TERMINAL_RESPONSE (810301210182028281830100)
05-23 11:23:46.557   181   963 D use-Rlog/RLOG-RIL: [0] onRequest: STK_SEND_TERMINAL_RESPONSE sState=4
05-23 11:23:46.557   181   963 D use-Rlog/RLOG-RIL: [0] channel1 state: '0' 
05-23 11:23:46.557   181   963 D use-Rlog/RLOG-RIL: [0] get Channel ID '1'
05-23 11:23:46.557   181   963 D use-Rlog/RLOG-AT: [0] Channel1: AT> AT+SPUSATTERMINAL="810301210182028281830100"
05-23 11:23:46.567   181   242 D use-Rlog/RLOG-AT: [0] Channel1: AT< +SPUSATTERMINAL: 0
05-23 11:23:46.567   181   242 D use-Rlog/RLOG-AT: [0] Channel1: AT< OK
05-23 11:23:46.567   181   963 D use-Rlog/RLOG-RILC: [0] [0933]< STK_SEND_TERMINAL_RESPONSE
05-23 11:23:46.567   181   963 D use-Rlog/RLOG-RIL: [0] put Channel ID '1'
05-23 11:23:46.567   181   963 I use-Rlog/RLOG-RILC: [0] -->CommandThread [963] free one command
05-23 11:23:46.567   698   747 D RILJ    : [0][4581]< REQUEST_STK_SEND_TERMINAL_RESPONSE 
05-23 11:23:46.577   698   698 D CAT     : StkDialogActivity: onStop - before Send CONFIRM false mIsResponseSent[true], sim id: 0
05-23 11:23:46.577   698   698 D CAT     : StkDialogActivity: finish.
05-23 11:23:46.577   698   698 D CAT     : StkAppService$StkContext: setPendingDialogInstance act : 0, null
05-23 11:23:46.577   698  1065 D CAT     : com.android.stk.StkAppService: handleMessage opcode[9], sim id[0]
05-23 11:23:46.577   698  1065 D CAT     : com.android.stk.StkAppService: Set dialog instance. android.app.Activity@41f2f0a8
05-23 11:23:46.577   698   698 D CAT     : StkDialogActivity: cancelTimeOut: 0
05-23 11:23:46.587   698   698 D CAT     : StkDialogActivity: onDestroy - mIsResponseSent[true], sim id: 0
05-23 11:23:46.587   698   698 D CAT     : com.android.stk.StkAppService: isDialogPending: false
05-23 11:23:46.587   698   698 D CAT     : StkDialogActivity: cancelTimeOut: 0
05-23 11:23:46.597   181   242 D use-Rlog/RLOG-AT: [0] Channel0: AT< +SPUSATENDSESSIONIND
05-23 11:23:46.597   181   242 D use-Rlog/RLOG-RIL: [0] [stk unsl]RIL_UNSOL_STK_SESSION_END
05-23 11:23:46.597   181   242 D use-Rlog/RLOG-RILC: [0] [UNSL]< UNSOL_STK_SESSION_END 
05-23 11:23:46.597   698   747 D RILJ    : [0][UNSL]< [0]UNSOL_STK_SESSION_END
05-23 11:23:46.597   698   698 D CAT     : CatService: handleMessage[1]
05-23 11:23:46.597   698   698 D CAT     : CatService: ril message arrived,slotid:0
05-23 11:23:46.597   698   698 D CAT     : CatService: handleMessage[10]
05-23 11:23:46.597   698   698 D CAT     : CatService: SESSION END on 0
05-23 11:23:46.617   698   698 D CAT     : StkCmdReceiver: handleAction, op: 4args: Bundle[{SLOT_ID=0, op=4}], slot id: 0
05-23 11:23:46.617   698   698 D CAT     : com.android.stk.StkAppService: NOT CUCC
05-23 11:23:46.617   698   698 D CAT     : com.android.stk.StkAppService: StkAppService onStart is cucc: false
05-23 11:23:46.617   698   698 D CAT     : com.android.stk.StkAppService: onStart sim id: 0, op: 4, *****
05-23 11:23:46.617   698   698 D CAT     : StkAppService: init mPhone
05-23 11:23:46.617   698  1065 D CAT     : com.android.stk.StkAppService: handleMessage opcode[4], sim id[0]
05-23 11:23:46.617   698  1065 D CAT     : StkAppService$StkContext: getPendingActivityInstance act : 0, null
05-23 11:23:46.617   698  1065 D CAT     : StkAppService$StkContext: getPendingDialogInstance act : 0, null
05-23 11:23:46.617   698  1065 D CAT     : com.android.stk.StkAppService: cleanUpInstanceStackBySlot slotId: 0
05-23 11:23:46.617   698  1065 D CAT     : com.android.stk.StkAppService: [handleSessionEnd] - mCurrentCmd changed to mMainCmd!.
05-23 11:23:46.617   698  1065 D CAT     : com.android.stk.StkAppService: slotId: 0, mMenuState: 0
05-23 11:23:46.617   698  1065 D CAT     : com.android.stk.StkAppService: [handleSessionEnd][mMenuState]false
05-23 11:23:46.707   181   242 D use-Rlog/RLOG-AT: [0] Channel0: AT< +CESQ: 99,99,255,255,29,81
05-23 11:23:46.707   181   242 D use-Rlog/RLOG-RIL: [0] [unsl] +CESQ enter
05-23 11:23:46.707   181   242 D use-Rlog/RLOG-RILC: [0] [UNSL]< UNSOL_SIGNAL_STRENGTH {[signalStrength=99,bitErrorRate=-1,                CDMA_SS.dbm=-1,CDMA_SSecio=-1,                EVDO_SS.dbm=-1,EVDO_SS.ecio=-1,                EVDO_SS.signalNoiseRatio=-1,                LTE_SS.signalStrength=99,LTE_SS.rsrp=81,LTE_SS.rsrq=2147483647,                LTE_SS.rssnr=2147483647,LTE_SS.cqi=2147483647,TDSCDMA_SS.rscp=0]}
05-23 11:23:46.707   698   747 W SignalStrength: Size of signalstrength parcel:60
05-23 11:23:46.707   698   747 V RILJ    : [0][UNSL]< [0]UNSOL_SIGNAL_STRENGTH SignalStrength: 99 -1 -1 -1 -1 -1 -1 99 81 2147483647 2147483647 2147483647 gsm|lte
05-23 11:23:46.707   698   698 W SignalStrength: Signal before validate=SignalStrength: 99 -1 -1 -1 -1 -1 -1 99 81 2147483647 2147483647 2147483647 gsm|lte
05-23 11:23:46.707   698   698 W SignalStrength: Signal after validate=SignalStrength: 99 -1 -120 -160 -120 -1 -1 99 -81 2147483647 2147483647 2147483647 gsm|lte
05-23 11:23:46.717   592   757 W SignalStrength: Size of signalstrength parcel:164
05-23 11:23:46.717   926   937 W SignalStrength: Size of signalstrength parcel:168
05-23 11:23:46.717   592   757 W SignalStrength: getLTELevel - rsrp:-81 snr:2147483647 rsrpIconLevel:4 snrIconLevel:-1
05-23 11:23:46.717   592   757 W SignalStrength: getLevel=4
05-23 11:23:46.717   926   926 W SignalStrength: getLTELevel - rsrp:-81 snr:2147483647 rsrpIconLevel:4 snrIconLevel:-1
05-23 11:23:46.717   926   926 W SignalStrength: getLevel=4
05-23 11:23:46.717   673   683 W SignalStrength: Size of signalstrength parcel:168
05-23 11:23:46.717   673   673 W SignalStrength: getLTELevel - rsrp:-81 snr:2147483647 rsrpIconLevel:4 snrIconLevel:-1
05-23 11:23:46.717   673   673 W SignalStrength: getLevel=4
05-23 11:23:46.717   673   673 W SignalStrength: getLTELevel - rsrp:-81 snr:2147483647 rsrpIconLevel:4 snrIconLevel:-1
05-23 11:23:46.727   673   673 W SignalStrength: getLTELevel - rsrp:-81 snr:2147483647 rsrpIconLevel:4 snrIconLevel:-1
05-23 11:23:46.727   673   673 W SignalStrength: getLevel=4
05-23 11:23:46.727   673   673 W SignalStrength: getLTELevel - rsrp:-81 snr:2147483647 rsrpIconLevel:4 snrIconLevel:-1
05-23 11:23:46.727   673   673 W SignalStrength: getLTELevel - rsrp:-81 snr:2147483647 rsrpIconLevel:4 snrIconLevel:-1
05-23 11:23:46.727   673   673 W SignalStrength: getLTELevel - rsrp:-81 snr:2147483647 rsrpIconLevel:4 snrIconLevel:-1
05-23 11:23:46.737   673   673 W SignalStrength: getLTELevel - rsrp:-81 snr:2147483647 rsrpIconLevel:4 snrIconLevel:-1
05-23 11:23:46.737   673   673 W SignalStrength: getLevel=4
05-23 11:23:46.867   698   698 D DCT     : [DcT(0)] updateDataActivity: curTxRxSum={txSum=430 rxSum=330} preTxRxSum={txSum=430 rxSum=330}
05-23 11:23:46.867   698   698 D DCT     : [DcT(0)] updateDataActivity: sent=0 received=0
05-23 11:23:47.698   181   242 D use-Rlog/RLOG-AT: [0] Channel0: AT< +CESQ: 99,99,255,255,30,82
05-23 11:23:47.698   181   242 D use-Rlog/RLOG-RIL: [0] [unsl] +CESQ enter
05-23 11:23:47.698   181   242 D use-Rlog/RLOG-RILC: [0] [UNSL]< UNSOL_SIGNAL_STRENGTH {[signalStrength=99,bitErrorRate=-1,                CDMA_SS.dbm=-1,CDMA_SSecio=-1,                EVDO_SS.dbm=-1,EVDO_SS.ecio=-1,                EVDO_SS.signalNoiseRatio=-1,                LTE_SS.signalStrength=99,LTE_SS.rsrp=82,LTE_SS.rsrq=2147483647,                LTE_SS.rssnr=2147483647,LTE_SS.cqi=2147483647,TDSCDMA_SS.rscp=0]}
05-23 11:23:47.698   698   747 W SignalStrength: Size of signalstrength parcel:60
05-23 11:23:47.708   698   747 V RILJ    : [0][UNSL]< [0]UNSOL_SIGNAL_STRENGTH SignalStrength: 99 -1 -1 -1 -1 -1 -1 99 82 2147483647 2147483647 2147483647 gsm|lte
05-23 11:23:47.708   698   698 W SignalStrength: Signal before validate=SignalStrength: 99 -1 -1 -1 -1 -1 -1 99 82 2147483647 2147483647 2147483647 gsm|lte
05-23 11:23:47.708   698   698 W SignalStrength: Signal after validate=SignalStrength: 99 -1 -120 -160 -120 -1 -1 99 -82 2147483647 2147483647 2147483647 gsm|lte
05-23 11:23:47.708   592   667 W SignalStrength: Size of signalstrength parcel:164
05-23 11:23:47.708   592   667 W SignalStrength: getLTELevel - rsrp:-82 snr:2147483647 rsrpIconLevel:4 snrIconLevel:-1
05-23 11:23:47.708   592   667 W SignalStrength: getLevel=4
05-23 11:23:47.708   926   939 W SignalStrength: Size of signalstrength parcel:168
05-23 11:23:47.708   673   964 W SignalStrength: Size of signalstrength parcel:168
05-23 11:23:47.708   673   673 W SignalStrength: getLTELevel - rsrp:-82 snr:2147483647 rsrpIconLevel:4 snrIconLevel:-1
05-23 11:23:47.708   673   673 W SignalStrength: getLevel=4
05-23 11:23:47.708   673   673 W SignalStrength: getLTELevel - rsrp:-82 snr:2147483647 rsrpIconLevel:4 snrIconLevel:-1
05-23 11:23:47.708   926   926 W SignalStrength: getLTELevel - rsrp:-82 snr:2147483647 rsrpIconLevel:4 snrIconLevel:-1
05-23 11:23:47.708   926   926 W SignalStrength: getLevel=4
05-23 11:23:47.718   673   673 W SignalStrength: getLTELevel - rsrp:-82 snr:2147483647 rsrpIconLevel:4 snrIconLevel:-1
05-23 11:23:47.718   673   673 W SignalStrength: getLevel=4
05-23 11:23:47.718   673   673 W SignalStrength: getLTELevel - rsrp:-82 snr:2147483647 rsrpIconLevel:4 snrIconLevel:-1
05-23 11:23:47.718   673   673 W SignalStrength: getLTELevel - rsrp:-82 snr:2147483647 rsrpIconLevel:4 snrIconLevel:-1
05-23 11:23:47.718   673   673 W SignalStrength: getLTELevel - rsrp:-82 snr:2147483647 rsrpIconLevel:4 snrIconLevel:-1
05-23 11:23:47.718   673   673 W SignalStrength: getLTELevel - rsrp:-82 snr:2147483647 rsrpIconLevel:4 snrIconLevel:-1
05-23 11:23:47.718   673   673 W SignalStrength: getLevel=4
05-23 11:23:47.868   698   698 D DCT     : [DcT(0)] updateDataActivity: curTxRxSum={txSum=430 rxSum=330} preTxRxSum={txSum=430 rxSum=330}
05-23 11:23:47.868   698   698 D DCT     : [DcT(0)] updateDataActivity: sent=0 received=0
05-23 11:23:48.699   181   242 D use-Rlog/RLOG-AT: [0] Channel0: AT< +CESQ: 99,99,255,255,30,82
05-23 11:23:48.699   181   242 D use-Rlog/RLOG-RIL: [0] [unsl] +CESQ enter
05-23 11:23:48.699   181   242 D use-Rlog/RLOG-RILC: [0] [UNSL]< UNSOL_SIGNAL_STRENGTH {[signalStrength=99,bitErrorRate=-1,                CDMA_SS.dbm=-1,CDMA_SSecio=-1,                EVDO_SS.dbm=-1,EVDO_SS.ecio=-1,                EVDO_SS.signalNoiseRatio=-1,                LTE_SS.signalStrength=99,LTE_SS.rsrp=82,LTE_SS.rsrq=2147483647,                LTE_SS.rssnr=2147483647,LTE_SS.cqi=2147483647,TDSCDMA_SS.rscp=0]}
05-23 11:23:48.699   698   747 W SignalStrength: Size of signalstrength parcel:60
05-23 11:23:48.709   698   747 V RILJ    : [0][UNSL]< [0]UNSOL_SIGNAL_STRENGTH SignalStrength: 99 -1 -1 -1 -1 -1 -1 99 82 2147483647 2147483647 2147483647 gsm|lte
05-23 11:23:48.709   698   698 W SignalStrength: Signal before validate=SignalStrength: 99 -1 -1 -1 -1 -1 -1 99 82 2147483647 2147483647 2147483647 gsm|lte
05-23 11:23:48.709   698   698 W SignalStrength: Signal after validate=SignalStrength: 99 -1 -120 -160 -120 -1 -1 99 -82 2147483647 2147483647 2147483647 gsm|lte
05-23 11:23:48.709   592   921 W SignalStrength: Size of signalstrength parcel:164
05-23 11:23:48.709   673   683 W SignalStrength: Size of signalstrength parcel:168
05-23 11:23:48.709   673   673 W SignalStrength: getLTELevel - rsrp:-82 snr:2147483647 rsrpIconLevel:4 snrIconLevel:-1
05-23 11:23:48.709   673   673 W SignalStrength: getLevel=4
05-23 11:23:48.709   673   673 W SignalStrength: getLTELevel - rsrp:-82 snr:2147483647 rsrpIconLevel:4 snrIconLevel:-1
05-23 11:23:48.709   592   921 W SignalStrength: getLTELevel - rsrp:-82 snr:2147483647 rsrpIconLevel:4 snrIconLevel:-1
05-23 11:23:48.709   592   921 W SignalStrength: getLevel=4
05-23 11:23:48.729   673   673 W SignalStrength: getLTELevel - rsrp:-82 snr:2147483647 rsrpIconLevel:4 snrIconLevel:-1
05-23 11:23:48.729   673   673 W SignalStrength: getLevel=4
05-23 11:23:48.729   673   673 W SignalStrength: getLTELevel - rsrp:-82 snr:2147483647 rsrpIconLevel:4 snrIconLevel:-1
05-23 11:23:48.729   673   673 W SignalStrength: getLTELevel - rsrp:-82 snr:2147483647 rsrpIconLevel:4 snrIconLevel:-1
05-23 11:23:48.739   673   673 W SignalStrength: getLTELevel - rsrp:-82 snr:2147483647 rsrpIconLevel:4 snrIconLevel:-1
05-23 11:23:48.739   673   673 W SignalStrength: getLTELevel - rsrp:-82 snr:2147483647 rsrpIconLevel:4 snrIconLevel:-1
05-23 11:23:48.739   673   673 W SignalStrength: getLevel=4
05-23 11:23:48.749   926   939 W SignalStrength: Size of signalstrength parcel:168
05-23 11:23:48.759   926   926 W SignalStrength: getLTELevel - rsrp:-82 snr:2147483647 rsrpIconLevel:4 snrIconLevel:-1
05-23 11:23:48.759   926   926 W SignalStrength: getLevel=4
05-23 11:23:48.889   698   698 D DCT     : [DcT(0)] updateDataActivity: curTxRxSum={txSum=430 rxSum=330} preTxRxSum={txSum=430 rxSum=330}
05-23 11:23:48.889   698   698 D DCT     : [DcT(0)] updateDataActivity: sent=0 received=0
05-23 11:23:49.700   181   242 D use-Rlog/RLOG-AT: [0] Channel0: AT< +CESQ: 99,99,255,255,30,82
05-23 11:23:49.700   181   242 D use-Rlog/RLOG-RIL: [0] [unsl] +CESQ enter
05-23 11:23:49.700   181   242 D use-Rlog/RLOG-RILC: [0] [UNSL]< UNSOL_SIGNAL_STRENGTH {[signalStrength=99,bitErrorRate=-1,                CDMA_SS.dbm=-1,CDMA_SSecio=-1,                EVDO_SS.dbm=-1,EVDO_SS.ecio=-1,                EVDO_SS.signalNoiseRatio=-1,                LTE_SS.signalStrength=99,LTE_SS.rsrp=82,LTE_SS.rsrq=2147483647,                LTE_SS.rssnr=2147483647,LTE_SS.cqi=2147483647,TDSCDMA_SS.rscp=0]}
05-23 11:23:49.700   698   747 W SignalStrength: Size of signalstrength parcel:60
05-23 11:23:49.710   698   747 V RILJ    : [0][UNSL]< [0]UNSOL_SIGNAL_STRENGTH SignalStrength: 99 -1 -1 -1 -1 -1 -1 99 82 2147483647 2147483647 2147483647 gsm|lte
05-23 11:23:49.710   698   698 W SignalStrength: Signal before validate=SignalStrength: 99 -1 -1 -1 -1 -1 -1 99 82 2147483647 2147483647 2147483647 gsm|lte
05-23 11:23:49.710   698   698 W SignalStrength: Signal after validate=SignalStrength: 99 -1 -120 -160 -120 -1 -1 99 -82 2147483647 2147483647 2147483647 gsm|lte
05-23 11:23:49.710   592   923 W SignalStrength: Size of signalstrength parcel:164
05-23 11:23:49.710   673   964 W SignalStrength: Size of signalstrength parcel:168
05-23 11:23:49.710   592   923 W SignalStrength: getLTELevel - rsrp:-82 snr:2147483647 rsrpIconLevel:4 snrIconLevel:-1
05-23 11:23:49.710   592   923 W SignalStrength: getLevel=4
05-23 11:23:49.710   673   673 W SignalStrength: getLTELevel - rsrp:-82 snr:2147483647 rsrpIconLevel:4 snrIconLevel:-1
05-23 11:23:49.710   673   673 W SignalStrength: getLevel=4
05-23 11:23:49.710   673   673 W SignalStrength: getLTELevel - rsrp:-82 snr:2147483647 rsrpIconLevel:4 snrIconLevel:-1
05-23 11:23:49.710   926   937 W SignalStrength: Size of signalstrength parcel:168
05-23 11:23:49.710   926   926 W SignalStrength: getLTELevel - rsrp:-82 snr:2147483647 rsrpIconLevel:4 snrIconLevel:-1
05-23 11:23:49.710   673   673 W SignalStrength: getLTELevel - rsrp:-82 snr:2147483647 rsrpIconLevel:4 snrIconLevel:-1
05-23 11:23:49.710   926   926 W SignalStrength: getLevel=4
05-23 11:23:49.720   673   673 W SignalStrength: getLevel=4
05-23 11:23:49.720   673   673 W SignalStrength: getLTELevel - rsrp:-82 snr:2147483647 rsrpIconLevel:4 snrIconLevel:-1
05-23 11:23:49.720   673   673 W SignalStrength: getLTELevel - rsrp:-82 snr:2147483647 rsrpIconLevel:4 snrIconLevel:-1
05-23 11:23:49.720   673   673 W SignalStrength: getLTELevel - rsrp:-82 snr:2147483647 rsrpIconLevel:4 snrIconLevel:-1
05-23 11:23:49.720   673   673 W SignalStrength: getLTELevel - rsrp:-82 snr:2147483647 rsrpIconLevel:4 snrIconLevel:-1
05-23 11:23:49.720   673   673 W SignalStrength: getLevel=4
05-23 11:23:49.900   698   698 D DCT     : [DcT(0)] updateDataActivity: curTxRxSum={txSum=430 rxSum=330} preTxRxSum={txSum=430 rxSum=330}
05-23 11:23:49.900   698   698 D DCT     : [DcT(0)] updateDataActivity: sent=0 received=0
05-23 11:23:50.701   181   242 D use-Rlog/RLOG-AT: [0] Channel0: AT< +CESQ: 99,99,255,255,30,82
05-23 11:23:50.701   181   242 D use-Rlog/RLOG-RIL: [0] [unsl] +CESQ enter
05-23 11:23:50.711   181   242 D use-Rlog/RLOG-RILC: [0] [UNSL]< UNSOL_SIGNAL_STRENGTH {[signalStrength=99,bitErrorRate=-1,                CDMA_SS.dbm=-1,CDMA_SSecio=-1,                EVDO_SS.dbm=-1,EVDO_SS.ecio=-1,                EVDO_SS.signalNoiseRatio=-1,                LTE_SS.signalStrength=99,LTE_SS.rsrp=82,LTE_SS.rsrq=2147483647,                LTE_SS.rssnr=2147483647,LTE_SS.cqi=2147483647,TDSCDMA_SS.rscp=0]}
05-23 11:23:50.711   698   747 W SignalStrength: Size of signalstrength parcel:60
05-23 11:23:50.711   698   747 V RILJ    : [0][UNSL]< [0]UNSOL_SIGNAL_STRENGTH SignalStrength: 99 -1 -1 -1 -1 -1 -1 99 82 2147483647 2147483647 2147483647 gsm|lte
05-23 11:23:50.711   698   698 W SignalStrength: Signal before validate=SignalStrength: 99 -1 -1 -1 -1 -1 -1 99 82 2147483647 2147483647 2147483647 gsm|lte
05-23 11:23:50.711   698   698 W SignalStrength: Signal after validate=SignalStrength: 99 -1 -120 -160 -120 -1 -1 99 -82 2147483647 2147483647 2147483647 gsm|lte
05-23 11:23:50.711   592   603 W SignalStrength: Size of signalstrength parcel:164
05-23 11:23:50.711   673   943 W SignalStrength: Size of signalstrength parcel:168
05-23 11:23:50.711   926   939 W SignalStrength: Size of signalstrength parcel:168
05-23 11:23:50.711   673   673 W SignalStrength: getLTELevel - rsrp:-82 snr:2147483647 rsrpIconLevel:4 snrIconLevel:-1
05-23 11:23:50.711   673   673 W SignalStrength: getLevel=4
05-23 11:23:50.711   673   673 W SignalStrength: getLTELevel - rsrp:-82 snr:2147483647 rsrpIconLevel:4 snrIconLevel:-1
05-23 11:23:50.711   592   603 W SignalStrength: getLTELevel - rsrp:-82 snr:2147483647 rsrpIconLevel:4 snrIconLevel:-1
05-23 11:23:50.711   592   603 W SignalStrength: getLevel=4
05-23 11:23:50.731   673   673 W SignalStrength: getLTELevel - rsrp:-82 snr:2147483647 rsrpIconLevel:4 snrIconLevel:-1
05-23 11:23:50.731   673   673 W SignalStrength: getLevel=4
05-23 11:23:50.731   673   673 W SignalStrength: getLTELevel - rsrp:-82 snr:2147483647 rsrpIconLevel:4 snrIconLevel:-1
05-23 11:23:50.741   673   673 W SignalStrength: getLTELevel - rsrp:-82 snr:2147483647 rsrpIconLevel:4 snrIconLevel:-1
05-23 11:23:50.741   673   673 W SignalStrength: getLTELevel - rsrp:-82 snr:2147483647 rsrpIconLevel:4 snrIconLevel:-1
05-23 11:23:50.751   926   926 W SignalStrength: getLTELevel - rsrp:-82 snr:2147483647 rsrpIconLevel:4 snrIconLevel:-1
05-23 11:23:50.751   926   926 W SignalStrength: getLevel=4
05-23 11:23:50.751   673   673 W SignalStrength: getLTELevel - rsrp:-82 snr:2147483647 rsrpIconLevel:4 snrIconLevel:-1
05-23 11:23:50.751   673   673 W SignalStrength: getLevel=4
05-23 11:23:50.911   698   698 D DCT     : [DcT(0)] updateDataActivity: curTxRxSum={txSum=430 rxSum=330} preTxRxSum={txSum=430 rxSum=330}
05-23 11:23:50.911   698   698 D DCT     : [DcT(0)] updateDataActivity: sent=0 received=0
05-23 11:23:51.712   181   242 D use-Rlog/RLOG-AT: [0] Channel0: AT< +CESQ: 99,99,255,255,30,82
05-23 11:23:51.712   181   242 D use-Rlog/RLOG-RIL: [0] [unsl] +CESQ enter
05-23 11:23:51.712   181   242 D use-Rlog/RLOG-RILC: [0] [UNSL]< UNSOL_SIGNAL_STRENGTH {[signalStrength=99,bitErrorRate=-1,                CDMA_SS.dbm=-1,CDMA_SSecio=-1,                EVDO_SS.dbm=-1,EVDO_SS.ecio=-1,                EVDO_SS.signalNoiseRatio=-1,                LTE_SS.signalStrength=99,LTE_SS.rsrp=82,LTE_SS.rsrq=2147483647,                LTE_SS.rssnr=2147483647,LTE_SS.cqi=2147483647,TDSCDMA_SS.rscp=0]}
05-23 11:23:51.712   698   747 W SignalStrength: Size of signalstrength parcel:60
05-23 11:23:51.712   698   747 V RILJ    : [0][UNSL]< [0]UNSOL_SIGNAL_STRENGTH SignalStrength: 99 -1 -1 -1 -1 -1 -1 99 82 2147483647 2147483647 2147483647 gsm|lte
05-23 11:23:51.712   698   698 W SignalStrength: Signal before validate=SignalStrength: 99 -1 -1 -1 -1 -1 -1 99 82 2147483647 2147483647 2147483647 gsm|lte
05-23 11:23:51.712   698   698 W SignalStrength: Signal after validate=SignalStrength: 99 -1 -120 -160 -120 -1 -1 99 -82 2147483647 2147483647 2147483647 gsm|lte
05-23 11:23:51.732   592   602 W SignalStrength: Size of signalstrength parcel:164
05-23 11:23:51.742   673   944 W SignalStrength: Size of signalstrength parcel:168
05-23 11:23:51.742   592   602 W SignalStrength: getLTELevel - rsrp:-82 snr:2147483647 rsrpIconLevel:4 snrIconLevel:-1
05-23 11:23:51.742   673   673 W SignalStrength: getLTELevel - rsrp:-82 snr:2147483647 rsrpIconLevel:4 snrIconLevel:-1
05-23 11:23:51.742   673   673 W SignalStrength: getLevel=4
05-23 11:23:51.742   673   673 W SignalStrength: getLTELevel - rsrp:-82 snr:2147483647 rsrpIconLevel:4 snrIconLevel:-1
05-23 11:23:51.742   926   937 W SignalStrength: Size of signalstrength parcel:168
05-23 11:23:51.742   592   602 W SignalStrength: getLevel=4
05-23 11:23:51.752   926   926 W SignalStrength: getLTELevel - rsrp:-82 snr:2147483647 rsrpIconLevel:4 snrIconLevel:-1
05-23 11:23:51.752   926   926 W SignalStrength: getLevel=4
05-23 11:23:51.752   673   673 W SignalStrength: getLTELevel - rsrp:-82 snr:2147483647 rsrpIconLevel:4 snrIconLevel:-1
05-23 11:23:51.752   673   673 W SignalStrength: getLevel=4
05-23 11:23:51.752   673   673 W SignalStrength: getLTELevel - rsrp:-82 snr:2147483647 rsrpIconLevel:4 snrIconLevel:-1
05-23 11:23:51.752   673   673 W SignalStrength: getLTELevel - rsrp:-82 snr:2147483647 rsrpIconLevel:4 snrIconLevel:-1
05-23 11:23:51.752   673   673 W SignalStrength: getLTELevel - rsrp:-82 snr:2147483647 rsrpIconLevel:4 snrIconLevel:-1
05-23 11:23:51.762   673   673 W SignalStrength: getLTELevel - rsrp:-82 snr:2147483647 rsrpIconLevel:4 snrIconLevel:-1
05-23 11:23:51.762   673   673 W SignalStrength: getLevel=4
05-23 11:23:51.862  2854  2854 D TelephonyManager: No /proc/cmdline exception=java.io.FileNotFoundException: /proc/cmdline: open failed: EACCES (Permission denied)
05-23 11:23:51.862  2854  2854 D TelephonyManager: /proc/cmdline=
05-23 11:23:51.912   698   698 D DCT     : [DcT(0)] updateDataActivity: curTxRxSum={txSum=430 rxSum=330} preTxRxSum={txSum=430 rxSum=330}
05-23 11:23:51.912   698   698 D DCT     : [DcT(0)] updateDataActivity: sent=0 received=0
05-23 11:23:52.713   181   242 D use-Rlog/RLOG-AT: [0] Channel0: AT< +CESQ: 99,99,255,255,30,82
05-23 11:23:52.713   181   242 D use-Rlog/RLOG-RIL: [0] [unsl] +CESQ enter
05-23 11:23:52.713   181   242 D use-Rlog/RLOG-RILC: [0] [UNSL]< UNSOL_SIGNAL_STRENGTH {[signalStrength=99,bitErrorRate=-1,                CDMA_SS.dbm=-1,CDMA_SSecio=-1,                EVDO_SS.dbm=-1,EVDO_SS.ecio=-1,                EVDO_SS.signalNoiseRatio=-1,                LTE_SS.signalStrength=99,LTE_SS.rsrp=82,LTE_SS.rsrq=2147483647,                LTE_SS.rssnr=2147483647,LTE_SS.cqi=2147483647,TDSCDMA_SS.rscp=0]}
05-23 11:23:52.713   698   747 W SignalStrength: Size of signalstrength parcel:60
05-23 11:23:52.713   698   747 V RILJ    : [0][UNSL]< [0]UNSOL_SIGNAL_STRENGTH SignalStrength: 99 -1 -1 -1 -1 -1 -1 99 82 2147483647 2147483647 2147483647 gsm|lte
05-23 11:23:52.713   698   698 W SignalStrength: Signal before validate=SignalStrength: 99 -1 -1 -1 -1 -1 -1 99 82 2147483647 2147483647 2147483647 gsm|lte
05-23 11:23:52.713   698   698 W SignalStrength: Signal after validate=SignalStrength: 99 -1 -120 -160 -120 -1 -1 99 -82 2147483647 2147483647 2147483647 gsm|lte
05-23 11:23:52.713   592   857 W SignalStrength: Size of signalstrength parcel:164
05-23 11:23:52.713   673   964 W SignalStrength: Size of signalstrength parcel:168
05-23 11:23:52.713   592   857 W SignalStrength: getLTELevel - rsrp:-82 snr:2147483647 rsrpIconLevel:4 snrIconLevel:-1
05-23 11:23:52.713   592   857 W SignalStrength: getLevel=4
05-23 11:23:52.713   673   673 W SignalStrength: getLTELevel - rsrp:-82 snr:2147483647 rsrpIconLevel:4 snrIconLevel:-1
05-23 11:23:52.713   673   673 W SignalStrength: getLevel=4
05-23 11:23:52.713   673   673 W SignalStrength: getLTELevel - rsrp:-82 snr:2147483647 rsrpIconLevel:4 snrIconLevel:-1
05-23 11:23:52.713   926   939 W SignalStrength: Size of signalstrength parcel:168
05-23 11:23:52.723   673   673 W SignalStrength: getLTELevel - rsrp:-82 snr:2147483647 rsrpIconLevel:4 snrIconLevel:-1
05-23 11:23:52.723   673   673 W SignalStrength: getLevel=4
05-23 11:23:52.723   673   673 W SignalStrength: getLTELevel - rsrp:-82 snr:2147483647 rsrpIconLevel:4 snrIconLevel:-1
05-23 11:23:52.723   673   673 W SignalStrength: getLTELevel - rsrp:-82 snr:2147483647 rsrpIconLevel:4 snrIconLevel:-1
05-23 11:23:52.723   673   673 W SignalStrength: getLTELevel - rsrp:-82 snr:2147483647 rsrpIconLevel:4 snrIconLevel:-1
05-23 11:23:52.723   673   673 W SignalStrength: getLTELevel - rsrp:-82 snr:2147483647 rsrpIconLevel:4 snrIconLevel:-1
05-23 11:23:52.723   673   673 W SignalStrength: getLevel=4
05-23 11:23:52.733   926   926 W SignalStrength: getLTELevel - rsrp:-82 snr:2147483647 rsrpIconLevel:4 snrIconLevel:-1
05-23 11:23:52.733   926   926 W SignalStrength: getLevel=4
05-23 11:23:52.913   698   698 D DCT     : [DcT(0)] updateDataActivity: curTxRxSum={txSum=432 rxSum=331} preTxRxSum={txSum=430 rxSum=330}
05-23 11:23:52.913   698   698 D DCT     : [DcT(0)] updateDataActivity: sent=2 received=1
05-23 11:23:52.933   698   698 D DCT     : [DcT(0)] updateDataActivity: newActivity=DATAINANDOUT
05-23 11:23:52.953   673   673 W SignalStrength: getLTELevel - rsrp:-82 snr:2147483647 rsrpIconLevel:4 snrIconLevel:-1
05-23 11:23:52.953   673   673 W SignalStrength: getLTELevel - rsrp:-82 snr:2147483647 rsrpIconLevel:4 snrIconLevel:-1
05-23 11:23:52.953   673   673 W SignalStrength: getLevel=4
05-23 11:23:53.714   181   242 D use-Rlog/RLOG-AT: [0] Channel0: AT< +CESQ: 99,99,255,255,30,82
05-23 11:23:53.714   181   242 D use-Rlog/RLOG-RIL: [0] [unsl] +CESQ enter
05-23 11:23:53.714   181   242 D use-Rlog/RLOG-RILC: [0] [UNSL]< UNSOL_SIGNAL_STRENGTH {[signalStrength=99,bitErrorRate=-1,                CDMA_SS.dbm=-1,CDMA_SSecio=-1,                EVDO_SS.dbm=-1,EVDO_SS.ecio=-1,                EVDO_SS.signalNoiseRatio=-1,                LTE_SS.signalStrength=99,LTE_SS.rsrp=82,LTE_SS.rsrq=2147483647,                LTE_SS.rssnr=2147483647,LTE_SS.cqi=2147483647,TDSCDMA_SS.rscp=0]}
05-23 11:23:53.714   698   747 W SignalStrength: Size of signalstrength parcel:60
05-23 11:23:53.714   698   747 V RILJ    : [0][UNSL]< [0]UNSOL_SIGNAL_STRENGTH SignalStrength: 99 -1 -1 -1 -1 -1 -1 99 82 2147483647 2147483647 2147483647 gsm|lte
05-23 11:23:53.714   698   698 W SignalStrength: Signal before validate=SignalStrength: 99 -1 -1 -1 -1 -1 -1 99 82 2147483647 2147483647 2147483647 gsm|lte
05-23 11:23:53.714   698   698 W SignalStrength: Signal after validate=SignalStrength: 99 -1 -120 -160 -120 -1 -1 99 -82 2147483647 2147483647 2147483647 gsm|lte
05-23 11:23:53.714   592   923 W SignalStrength: Size of signalstrength parcel:164
05-23 11:23:53.714   592   923 W SignalStrength: getLTELevel - rsrp:-82 snr:2147483647 rsrpIconLevel:4 snrIconLevel:-1
05-23 11:23:53.714   673   685 W SignalStrength: Size of signalstrength parcel:168
05-23 11:23:53.714   926   939 W SignalStrength: Size of signalstrength parcel:168
05-23 11:23:53.714   673   673 W SignalStrength: getLTELevel - rsrp:-82 snr:2147483647 rsrpIconLevel:4 snrIconLevel:-1
05-23 11:23:53.724   673   673 W SignalStrength: getLevel=4
05-23 11:23:53.724   673   673 W SignalStrength: getLTELevel - rsrp:-82 snr:2147483647 rsrpIconLevel:4 snrIconLevel:-1
05-23 11:23:53.724   592   923 W SignalStrength: getLevel=4
05-23 11:23:53.734   673   673 W SignalStrength: getLTELevel - rsrp:-82 snr:2147483647 rsrpIconLevel:4 snrIconLevel:-1
05-23 11:23:53.734   673   673 W SignalStrength: getLevel=4
05-23 11:23:53.734   673   673 W SignalStrength: getLTELevel - rsrp:-82 snr:2147483647 rsrpIconLevel:4 snrIconLevel:-1
05-23 11:23:53.744   673   673 W SignalStrength: getLTELevel - rsrp:-82 snr:2147483647 rsrpIconLevel:4 snrIconLevel:-1
05-23 11:23:53.744   673   673 W SignalStrength: getLTELevel - rsrp:-82 snr:2147483647 rsrpIconLevel:4 snrIconLevel:-1
05-23 11:23:53.754   926   926 W SignalStrength: getLTELevel - rsrp:-82 snr:2147483647 rsrpIconLevel:4 snrIconLevel:-1
05-23 11:23:53.754   673   673 W SignalStrength: getLTELevel - rsrp:-82 snr:2147483647 rsrpIconLevel:4 snrIconLevel:-1
05-23 11:23:53.754   673   673 W SignalStrength: getLevel=4
05-23 11:23:53.774   926   926 W SignalStrength: getLevel=4
05-23 11:23:53.954   698   698 D DCT     : [DcT(0)] updateDataActivity: curTxRxSum={txSum=433 rxSum=332} preTxRxSum={txSum=432 rxSum=331}
05-23 11:23:53.954   698   698 D DCT     : [DcT(0)] updateDataActivity: sent=1 received=1
05-23 11:23:54.715   181   242 D use-Rlog/RLOG-AT: [0] Channel0: AT< +CESQ: 99,99,255,255,30,82
05-23 11:23:54.715   181   242 D use-Rlog/RLOG-RIL: [0] [unsl] +CESQ enter
05-23 11:23:54.715   181   242 D use-Rlog/RLOG-RILC: [0] [UNSL]< UNSOL_SIGNAL_STRENGTH {[signalStrength=99,bitErrorRate=-1,                CDMA_SS.dbm=-1,CDMA_SSecio=-1,                EVDO_SS.dbm=-1,EVDO_SS.ecio=-1,                EVDO_SS.signalNoiseRatio=-1,                LTE_SS.signalStrength=99,LTE_SS.rsrp=82,LTE_SS.rsrq=2147483647,                LTE_SS.rssnr=2147483647,LTE_SS.cqi=2147483647,TDSCDMA_SS.rscp=0]}
05-23 11:23:54.715   698   747 W SignalStrength: Size of signalstrength parcel:60
05-23 11:23:54.715   698   747 V RILJ    : [0][UNSL]< [0]UNSOL_SIGNAL_STRENGTH SignalStrength: 99 -1 -1 -1 -1 -1 -1 99 82 2147483647 2147483647 2147483647 gsm|lte
05-23 11:23:54.715   698   698 W SignalStrength: Signal before validate=SignalStrength: 99 -1 -1 -1 -1 -1 -1 99 82 2147483647 2147483647 2147483647 gsm|lte
05-23 11:23:54.715   698   698 W SignalStrength: Signal after validate=SignalStrength: 99 -1 -120 -160 -120 -1 -1 99 -82 2147483647 2147483647 2147483647 gsm|lte
05-23 11:23:54.715   592   757 W SignalStrength: Size of signalstrength parcel:164
05-23 11:23:54.715   592   757 W SignalStrength: getLTELevel - rsrp:-82 snr:2147483647 rsrpIconLevel:4 snrIconLevel:-1
05-23 11:23:54.715   592   757 W SignalStrength: getLevel=4
05-23 11:23:54.715   926   937 W SignalStrength: Size of signalstrength parcel:168
05-23 11:23:54.715   926   926 W SignalStrength: getLTELevel - rsrp:-82 snr:2147483647 rsrpIconLevel:4 snrIconLevel:-1
05-23 11:23:54.715   673   683 W SignalStrength: Size of signalstrength parcel:168
