
============  18-05-23 11:04:59  ==============
05-23 11:04:57.443   142   142 I Vold    : Vold 2.1 (the revenge) firing up
05-23 11:04:57.553   142   142 D Vold    : Volume sdcard0 state changing -1 (Initializing) -> 0 (No-Media)
05-23 11:04:57.553   142   142 I Vold    : tempSD: bindTempSD(1), label is sdcard0, sTempSDBinded is 0 
05-23 11:04:57.553   142   142 I Vold    : tempSD: bind /storage/temp_sd -> /storage/sdcard0
05-23 11:04:57.553   142   142 E Vold    : bind mount points /storage/temp_sd -> /storage/sdcard0 successfull
05-23 11:04:57.553   142   142 I Vold    : tempSD: bind ok!!
05-23 11:04:57.553   142   142 D Vold    : Volume usbdisk state changing -1 (Initializing) -> 0 (No-Media)
05-23 11:04:57.563   142   254 I Vold    : Vold.uevent dump:
05-23 11:04:57.563   142   254 D NetlinkEvent: NL seq is '1416'
05-23 11:04:57.563   142   254 D NetlinkEvent: NL path is '/devices/virtual/block/loop0'
05-23 11:04:57.563   142   254 D NetlinkEvent: NL action is '1'
05-23 11:04:57.563   142   254 D NetlinkEvent: NL subsys is 'block'
05-23 11:04:57.563   142   254 D NetlinkEvent: NL param 'DEVPATH=/devices/virtual/block/loop0'
05-23 11:04:57.563   142   254 D NetlinkEvent: NL param 'MAJOR=7'
05-23 11:04:57.563   142   254 D NetlinkEvent: NL param 'MINOR=0'
05-23 11:04:57.563   142   254 D NetlinkEvent: NL param 'DEVNAME=loop0'
05-23 11:04:57.563   142   254 D NetlinkEvent: NL param 'DEVTYPE=disk'
05-23 11:04:57.563   142   254 D NetlinkEvent: NL param 'NPARTS=0'
05-23 11:04:57.563   142   254 I Vold    : Vold.uevent dump:
05-23 11:04:57.563   142   254 D NetlinkEvent: NL seq is '1417'
05-23 11:04:57.563   142   254 D NetlinkEvent: NL path is '/devices/virtual/block/loop1'
05-23 11:04:57.563   142   254 D NetlinkEvent: NL action is '1'
05-23 11:04:57.563   142   254 D NetlinkEvent: NL subsys is 'block'
05-23 11:04:57.563   142   254 D NetlinkEvent: NL param 'DEVPATH=/devices/virtual/block/loop1'
05-23 11:04:57.563   142   254 D NetlinkEvent: NL param 'MAJOR=7'
05-23 11:04:57.563   142   254 D NetlinkEvent: NL param 'MINOR=1'
05-23 11:04:57.563   142   254 D NetlinkEvent: NL param 'DEVNAME=loop1'
05-23 11:04:57.563   142   254 D NetlinkEvent: NL param 'DEVTYPE=disk'
05-23 11:04:57.563   142   254 D NetlinkEvent: NL param 'NPARTS=0'
05-23 11:04:57.563   142   254 I Vold    : Vold.uevent dump:
05-23 11:04:57.563   142   254 D NetlinkEvent: NL seq is '1418'
05-23 11:04:57.563   142   254 D NetlinkEvent: NL path is '/devices/virtual/block/loop2'
05-23 11:04:57.563   142   254 D NetlinkEvent: NL action is '1'
05-23 11:04:57.563   142   254 D NetlinkEvent: NL subsys is 'block'
05-23 11:04:57.563   142   254 D NetlinkEvent: NL param 'DEVPATH=/devices/virtual/block/loop2'
05-23 11:04:57.563   142   254 D NetlinkEvent: NL param 'MAJOR=7'
05-23 11:04:57.563   142   254 D NetlinkEvent: NL param 'MINOR=2'
05-23 11:04:57.563   142   254 D NetlinkEvent: NL param 'DEVNAME=loop2'
05-23 11:04:57.563   142   254 D NetlinkEvent: NL param 'DEVTYPE=disk'
05-23 11:04:57.563   142   254 D NetlinkEvent: NL param 'NPARTS=0'
05-23 11:04:57.563   142   254 I Vold    : Vold.uevent dump:
05-23 11:04:57.563   142   254 D NetlinkEvent: NL seq is '1419'
05-23 11:04:57.563   142   254 D NetlinkEvent: NL path is '/devices/virtual/block/loop3'
05-23 11:04:57.563   142   254 D NetlinkEvent: NL action is '1'
05-23 11:04:57.563   142   254 D NetlinkEvent: NL subsys is 'block'
05-23 11:04:57.563   142   254 D NetlinkEvent: NL param 'DEVPATH=/devices/virtual/block/loop3'
05-23 11:04:57.563   142   254 D NetlinkEvent: NL param 'MAJOR=7'
05-23 11:04:57.563   142   254 D NetlinkEvent: NL param 'MINOR=3'
05-23 11:04:57.563   142   254 D NetlinkEvent: NL param 'DEVNAME=loop3'
05-23 11:04:57.563   142   254 D NetlinkEvent: NL param 'DEVTYPE=disk'
05-23 11:04:57.563   142   254 D NetlinkEvent: NL param 'NPARTS=0'
05-23 11:04:57.563   142   254 I Vold    : Vold.uevent dump:
05-23 11:04:57.563   142   254 D NetlinkEvent: NL seq is '1420'
05-23 11:04:57.563   142   254 D NetlinkEvent: NL path is '/devices/virtual/block/loop4'
05-23 11:04:57.563   142   254 D NetlinkEvent: NL action is '1'
05-23 11:04:57.563   142   254 D NetlinkEvent: NL subsys is 'block'
05-23 11:04:57.563   142   254 D NetlinkEvent: NL param 'DEVPATH=/devices/virtual/block/loop4'
05-23 11:04:57.563   142   254 D NetlinkEvent: NL param 'MAJOR=7'
05-23 11:04:57.563   142   254 D NetlinkEvent: NL param 'MINOR=4'
05-23 11:04:57.563   142   254 D NetlinkEvent: NL param 'DEVNAME=loop4'
05-23 11:04:57.563   142   254 D NetlinkEvent: NL param 'DEVTYPE=disk'
05-23 11:04:57.563   142   254 D NetlinkEvent: NL param 'NPARTS=0'
05-23 11:04:57.573   142   254 I Vold    : Vold.uevent dump:
05-23 11:04:57.573   142   254 D NetlinkEvent: NL seq is '1421'
05-23 11:04:57.573   142   254 D NetlinkEvent: NL path is '/devices/virtual/block/loop5'
05-23 11:04:57.573   142   254 D NetlinkEvent: NL action is '1'
05-23 11:04:57.573   142   254 D NetlinkEvent: NL subsys is 'block'
05-23 11:04:57.573   142   254 D NetlinkEvent: NL param 'DEVPATH=/devices/virtual/block/loop5'
05-23 11:04:57.573   142   254 D NetlinkEvent: NL param 'MAJOR=7'
05-23 11:04:57.573   142   254 D NetlinkEvent: NL param 'MINOR=5'
05-23 11:04:57.573   142   254 D NetlinkEvent: NL param 'DEVNAME=loop5'
05-23 11:04:57.573   142   254 D NetlinkEvent: NL param 'DEVTYPE=disk'
05-23 11:04:57.573   142   254 D NetlinkEvent: NL param 'NPARTS=0'
05-23 11:04:57.573   142   254 I Vold    : Vold.uevent dump:
05-23 11:04:57.573   142   254 D NetlinkEvent: NL seq is '1422'
05-23 11:04:57.573   142   254 D NetlinkEvent: NL path is '/devices/virtual/block/loop6'
05-23 11:04:57.573   142   254 D NetlinkEvent: NL action is '1'
05-23 11:04:57.573   142   254 D NetlinkEvent: NL subsys is 'block'
05-23 11:04:57.573   142   254 D NetlinkEvent: NL param 'DEVPATH=/devices/virtual/block/loop6'
05-23 11:04:57.573   142   254 D NetlinkEvent: NL param 'MAJOR=7'
05-23 11:04:57.573   142   254 D NetlinkEvent: NL param 'MINOR=6'
05-23 11:04:57.573   142   254 D NetlinkEvent: NL param 'DEVNAME=loop6'
05-23 11:04:57.573   142   254 D NetlinkEvent: NL param 'DEVTYPE=disk'
05-23 11:04:57.573   142   254 D NetlinkEvent: NL param 'NPARTS=0'
05-23 11:04:57.573   142   254 I Vold    : Vold.uevent dump:
05-23 11:04:57.573   142   254 D NetlinkEvent: NL seq is '1423'
05-23 11:04:57.573   142   254 D NetlinkEvent: NL path is '/devices/virtual/block/loop7'
05-23 11:04:57.573   142   254 D NetlinkEvent: NL action is '1'
05-23 11:04:57.573   142   254 D NetlinkEvent: NL subsys is 'block'
05-23 11:04:57.573   142   254 D NetlinkEvent: NL param 'DEVPATH=/devices/virtual/block/loop7'
05-23 11:04:57.573   142   254 D NetlinkEvent: NL param 'MAJOR=7'
05-23 11:04:57.573   142   254 D NetlinkEvent: NL param 'MINOR=7'
05-23 11:04:57.573   142   254 D NetlinkEvent: NL param 'DEVNAME=loop7'
05-23 11:04:57.573   142   254 D NetlinkEvent: NL param 'DEVTYPE=disk'
05-23 11:04:57.573   142   254 D NetlinkEvent: NL param 'NPARTS=0'
05-23 11:04:57.573   142   254 I Vold    : Vold.uevent dump:
05-23 11:04:57.573   142   254 D NetlinkEvent: NL seq is '1424'
05-23 11:04:57.573   142   254 D NetlinkEvent: NL path is '/devices/virtual/block/zram0'
05-23 11:04:57.573   142   254 D NetlinkEvent: NL action is '1'
05-23 11:04:57.573   142   254 D NetlinkEvent: NL subsys is 'block'
05-23 11:04:57.573   142   254 D NetlinkEvent: NL param 'DEVPATH=/devices/virtual/block/zram0'
05-23 11:04:57.573   142   254 D NetlinkEvent: NL param 'MAJOR=253'
05-23 11:04:57.573   142   254 D NetlinkEvent: NL param 'MINOR=0'
05-23 11:04:57.573   142   254 D NetlinkEvent: NL param 'DEVNAME=zram0'
05-23 11:04:57.573   142   254 D NetlinkEvent: NL param 'DEVTYPE=disk'
05-23 11:04:57.573   142   254 D NetlinkEvent: NL param 'NPARTS=0'
05-23 11:05:20.206   592   592 I SystemServer: Entered the Android system server!
05-23 11:05:20.396   592   605 I SystemServer: Enabled StrictMode logging for UI Looper
05-23 11:05:20.396   592   592 I SystemServer: Waiting for installd to be ready.
05-23 11:05:20.396   592   592 I Installer: connecting...
05-23 11:05:20.396   592   606 I SystemServer: Enabled StrictMode logging for WM Looper
05-23 11:05:20.396   592   592 I SystemServer: Power Manager
05-23 11:05:20.396   592   592 D PowerManagerService: Acquiring suspend blocker "PowerManagerService.Display".
05-23 11:05:20.396   592   592 I SystemServer: Activity Manager
05-23 11:05:20.406   592   607 I ActivityManager: Memory class: 48
05-23 11:05:20.416   592   607 I ActivityManager: engModeFlag: false ,mode:unknown
05-23 11:05:20.416   592   609 I ServiceThread: Enabled StrictMode logging for ActivityManager:trim looper.
05-23 11:05:20.416   592   607 W ActivityManager: trimming_processes is empty, trimming process will NOT take effects
05-23 11:05:20.436   592   607 D ProcessStats: resetCommon clear and add size to:1
05-23 11:05:20.526   592   612 I UiThread: Enabled StrictMode logging for UI thread
05-23 11:05:20.566   592   592 I IntentFirewall: Read new rules (A:0 B:0 S:0)
05-23 11:05:20.576   592   592 I SystemServer: Display Manager
05-23 11:05:20.576   592   607 I ActivityManager: Enabled StrictMode logging for AThread's Looper
05-23 11:05:20.576   592   592 I SystemServer: Telephony Registry
05-23 11:05:20.576   592   592 D TelephonyRegistry: fuhangyu contructor(), phoneid: 0
05-23 11:05:20.586   592   606 I DisplayManagerService: Display device added: DisplayDeviceInfo{"内置屏幕": 240 x 240, 35.0 fps, density 120, 112.888 x 63.5 dpi, touch INTERNAL, rotation 0, type BUILT_IN, FLAG_DEFAULT_DISPLAY, FLAG_ROTATES_WITH_CONTENT, FLAG_SECURE, FLAG_SUPPORTS_PROTECTED_BUFFERS}
05-23 11:05:20.586   592   592 D TelephonyRegistry: fuhangyu contructor(), phoneid: 1
05-23 11:05:20.586   592   592 I SystemServer: Scheduling Policy
05-23 11:05:20.586   592   592 I SystemServer: Package Manager
05-23 11:05:20.606   592   592 I PackageManager: engModeEnable: false ,mode:unknown
05-23 11:05:20.686   592   592 D SELinuxMMAC: Couldn't find install policy /data/security/mac_permissions.xml
05-23 11:05:20.686   592   592 D SELinuxMMAC: Using install policy file /system/etc/security/mac_permissions.xml
05-23 11:05:20.946   592   592 I PackageManager: Stopping package com.toycloud.cmccwatchsdk
05-23 11:05:20.946   592   592 I PackageManager: java.lang.RuntimeException: here
05-23 11:05:20.946   592   592 I PackageManager: 	at com.android.server.pm.Settings.getPackageLPw(Settings.java:465)
05-23 11:05:20.946   592   592 I PackageManager: 	at com.android.server.pm.Settings.readLPw(Settings.java:1804)
05-23 11:05:20.946   592   592 I PackageManager: 	at com.android.server.pm.PackageManagerService.<init>(PackageManagerService.java:1341)
05-23 11:05:20.946   592   592 I PackageManager: 	at com.android.server.pm.PackageManagerService.main(PackageManagerService.java:1124)
05-23 11:05:20.946   592   592 I PackageManager: 	at com.android.server.ServerThread.initAndLoop(SystemServer.java:344)
05-23 11:05:20.946   592   592 I PackageManager: 	at com.android.server.SystemServer.main(SystemServer.java:1493)
05-23 11:05:20.946   592   592 I PackageManager: 	at java.lang.reflect.Method.invokeNative(Native Method)
05-23 11:05:20.946   592   592 I PackageManager: 	at java.lang.reflect.Method.invoke(Method.java:515)
05-23 11:05:20.946   592   592 I PackageManager: 	at com.android.internal.os.ZygoteInit$MethodAndArgsCaller.run(ZygoteInit.java:976)
05-23 11:05:20.946   592   592 I PackageManager: 	at com.android.internal.os.ZygoteInit.main(ZygoteInit.java:792)
05-23 11:05:20.946   592   592 I PackageManager: 	at dalvik.system.NativeStart.main(Native Method)
05-23 11:05:20.986   592   592 W PackageManager: dexopt lib = /system/framework/android.test.runner.jar
05-23 11:05:21.006   592   592 W PackageManager: dexopt lib = /system/framework/com.broadcom.bt.jar
05-23 11:05:21.006   592   592 W PackageManager: dexopt lib = /system/framework/javax.obex.jar
05-23 11:05:21.016   592   592 W PackageManager: dexopt lib = /system/framework/com.android.future.usb.accessory.jar
05-23 11:05:21.016   592   592 W PackageManager: Library not found: /system/framework/com.android.future.usb.accessory.jar
05-23 11:05:21.016   592   592 W PackageManager: dexopt lib = /system/framework/com.android.location.provider.jar
05-23 11:05:21.016   592   592 W PackageManager: dexopt lib = /system/framework/com.android.media.remotedisplay.jar
05-23 11:05:21.026   592   592 W PackageManager: dexopt path = /system/framework/bmgr.jar
05-23 11:05:21.036   592   592 W PackageManager: dexopt path = /system/framework/javax.obex.jar
05-23 11:05:21.036   592   592 W PackageManager: dexopt path = /system/framework/uiautomator.jar
05-23 11:05:21.046   592   592 W PackageManager: dexopt path = /system/framework/input.jar
05-23 11:05:21.046   592   592 W PackageManager: dexopt path = /system/framework/media_cmd.jar
05-23 11:05:21.046   592   592 W PackageManager: dexopt path = /system/framework/com.broadcom.bt.jar
05-23 11:05:21.046   592   592 W PackageManager: dexopt path = /system/framework/monkey.jar
05-23 11:05:21.066   592   592 W PackageManager: dexopt path = /system/framework/ime.jar
05-23 11:05:21.066   592   592 W PackageManager: dexopt path = /system/framework/pm.jar
05-23 11:05:21.066   592   592 W PackageManager: dexopt path = /system/framework/content.jar
05-23 11:05:21.066   592   592 W PackageManager: dexopt path = /system/framework/settings.jar
05-23 11:05:21.076   592   592 W PackageManager: dexopt path = /system/framework/am.jar
05-23 11:05:21.076   592   592 W PackageManager: dexopt path = /system/framework/bu.jar
05-23 11:05:21.076   592   592 W PackageManager: dexopt path = /system/framework/svc.jar
05-23 11:05:21.076   592   592 W PackageManager: dexopt path = /system/framework/wm.jar
05-23 11:05:21.086   592   592 W PackageManager: dexopt path = /system/framework/com.android.location.provider.jar
05-23 11:05:21.086   592   592 W PackageManager: dexopt path = /system/framework/com.android.media.remotedisplay.jar
05-23 11:05:21.086   592   592 W PackageManager: dexopt path = /system/framework/requestsync.jar
05-23 11:05:21.086   592   592 W PackageManager: dexopt path = /system/framework/android.test.runner.jar
05-23 11:05:21.086   592   592 D PackageManager: Parsing: /system/framework/framework-res.apk
05-23 11:05:21.156   592   592 W PackageParser: No actions in intent filter at /system/framework/framework-res.apk Binary XML file line #2664
05-23 11:05:21.166   592   592 W PackageManager: $scanPath = /system/framework/framework-res.apkscanMode = 110101011
05-23 11:05:21.166   592   592 I PackageManager: mInnerScanMode=100100001   scanMode=110100001
05-23 11:05:21.177   592   617 D PackageManager: Parsing: /system/priv-app/TeleService.apk
05-23 11:05:21.197   592   620 W PackageManager: scanvendorAppDir done,cost 0.001 seconds
05-23 11:05:21.197   592   619 D PackageManager: Parsing: /system/app/SoundRecorder.apk
05-23 11:05:21.207   592   618 D PackageManager: Parsing: /system/app/AudioProfile.apk
05-23 11:05:21.247   592   619 W PackageManager: $scanPath = /system/app/SoundRecorder.apkscanMode = 110101001
05-23 11:05:21.247   592   619 W PackageManager: $currentUid = 10000,pkg.applicationInfo.uid = 10000
05-23 11:05:21.247   592   619 D PackageManager: Parsing: /system/app/ims.apk
05-23 11:05:21.287   592   618 W PackageManager: $scanPath = /system/app/AudioProfile.apkscanMode = 110101001
05-23 11:05:21.287   592   618 W PackageManager: $currentUid = 1000,pkg.applicationInfo.uid = 1000
05-23 11:05:21.287   592   618 D PackageManager: Parsing: /system/app/HTMLViewer.apk
05-23 11:05:21.307   592   617 W PackageParser: No actions in intent filter at /system/priv-app/TeleService.apk Binary XML file line #679
05-23 11:05:21.307   592   619 W PackageManager: $scanPath = /system/app/ims.apkscanMode = 110101001
05-23 11:05:21.307   592   619 W PackageManager: $currentUid = 1001,pkg.applicationInfo.uid = 1001
05-23 11:05:21.307   592   619 D PackageManager: Parsing: /system/app/modemassert.apk
05-23 11:05:21.327   592   618 W PackageManager: $scanPath = /system/app/HTMLViewer.apkscanMode = 110101001
05-23 11:05:21.327   592   618 W PackageManager: $currentUid = 10001,pkg.applicationInfo.uid = 10001
05-23 11:05:21.327   592   619 W PackageManager: $scanPath = /system/app/modemassert.apkscanMode = 110101001
05-23 11:05:21.327   592   618 D PackageManager: Parsing: /system/app/FileExplorer.apk
05-23 11:05:21.337   592   617 W PackageManager: $scanPath = /system/priv-app/TeleService.apkscanMode = 110101001
05-23 11:05:21.337   592   619 W PackageManager: $currentUid = 10002,pkg.applicationInfo.uid = 10002
05-23 11:05:21.337   592   619 D PackageManager: Parsing: /system/app/Provision.apk
05-23 11:05:21.337   592   617 W PackageManager: $currentUid = 1001,pkg.applicationInfo.uid = 1001
05-23 11:05:21.347   592   619 W PackageManager: $scanPath = /system/app/Provision.apkscanMode = 110101001
05-23 11:05:21.357   592   619 W PackageManager: $currentUid = 10003,pkg.applicationInfo.uid = 10003
05-23 11:05:21.357   592   617 D PackageManager: Parsing: /system/priv-app/Keyguard.apk
05-23 11:05:21.357   592   619 D PackageManager: Parsing: /system/app/Calculator.apk
05-23 11:05:21.387   592   619 W PackageManager: $scanPath = /system/app/Calculator.apkscanMode = 110101001
05-23 11:05:21.397   592   618 W PackageManager: $scanPath = /system/app/FileExplorer.apkscanMode = 110101001
05-23 11:05:21.397   592   617 W PackageManager: $scanPath = /system/priv-app/Keyguard.apkscanMode = 110101001
05-23 11:05:21.397   592   617 W PackageManager: $currentUid = 10008,pkg.applicationInfo.uid = 10008
05-23 11:05:21.397   592   617 D PackageManager: Parsing: /system/priv-app/SettingsProvider.apk
05-23 11:05:21.407   592   619 W PackageManager: $currentUid = 10004,pkg.applicationInfo.uid = 10004
05-23 11:05:21.407   592   619 D PackageManager: Parsing: /system/app/PackageInstaller.apk
05-23 11:05:21.407   592   618 W PackageManager: $currentUid = 10006,pkg.applicationInfo.uid = 10006
05-23 11:05:21.407   592   618 D PackageManager: Parsing: /system/app/Gallery2.apk
05-23 11:05:21.427   592   617 W PackageManager: $scanPath = /system/priv-app/SettingsProvider.apkscanMode = 110101001
05-23 11:05:21.427   592   617 W PackageManager: $currentUid = 1000,pkg.applicationInfo.uid = 1000
05-23 11:05:21.427   592   617 D PackageManager: Parsing: /system/priv-app/CalendarProvider.apk
05-23 11:05:21.457   592   619 W PackageManager: $scanPath = /system/app/PackageInstaller.apkscanMode = 110101001
05-23 11:05:21.457   592   619 W PackageManager: $currentUid = 10005,pkg.applicationInfo.uid = 10005
05-23 11:05:21.467   592   619 D PackageManager: Parsing: /system/app/Bluetooth.apk
05-23 11:05:21.477   592   617 W PackageManager: $scanPath = /system/priv-app/CalendarProvider.apkscanMode = 110101001
05-23 11:05:21.477   592   617 W PackageManager: $currentUid = 10009,pkg.applicationInfo.uid = 10009
05-23 11:05:21.487   592   617 D PackageManager: Parsing: /system/priv-app/Mms.apk
05-23 11:05:21.507   592   618 W PackageParser: Unknown element under <application>: permission at /system/app/Gallery2.apk Binary XML file line #285
05-23 11:05:21.507   592   618 W PackageParser: Unknown element under <application>: permission at /system/app/Gallery2.apk Binary XML file line #288
05-23 11:05:21.517   592   618 W PackageManager: $scanPath = /system/app/Gallery2.apkscanMode = 110101001
05-23 11:05:21.517   592   618 W PackageManager: $currentUid = 10010,pkg.applicationInfo.uid = 10010
05-23 11:05:21.527   592   618 D PackageManager: Parsing: /system/app/Stk.apk
05-23 11:05:21.527   592   619 W PackageParser: No actions in intent filter at /system/app/Bluetooth.apk Binary XML file line #244
05-23 11:05:21.527   592   619 W PackageManager: $scanPath = /system/app/Bluetooth.apkscanMode = 110101001
05-23 11:05:21.527   592   619 W PackageManager: $currentUid = 1002,pkg.applicationInfo.uid = 1002
05-23 11:05:21.537   592   619 D PackageManager: Parsing: /system/app/Carddav-Sync.apk
05-23 11:05:21.577   592   618 W PackageManager: $scanPath = /system/app/Stk.apkscanMode = 110101001
05-23 11:05:21.577   592   618 W PackageManager: $currentUid = 1001,pkg.applicationInfo.uid = 1001
05-23 11:05:21.577   592   618 D PackageManager: Parsing: /system/app/PacProcessor.apk
05-23 11:05:21.587   592   618 W PackageManager: $scanPath = /system/app/PacProcessor.apkscanMode = 110101001
05-23 11:05:21.587   592   618 W PackageManager: $currentUid = 10012,pkg.applicationInfo.uid = 10012
05-23 11:05:21.587   592   619 W PackageManager: $scanPath = /system/app/Carddav-Sync.apkscanMode = 110101001
05-23 11:05:21.587   592   619 W PackageManager: $currentUid = 10007,pkg.applicationInfo.uid = 10007
05-23 11:05:21.587   592   618 D PackageManager: Parsing: /system/app/PicoTts.apk
05-23 11:05:21.597   592   617 W PackageManager: $scanPath = /system/priv-app/Mms.apkscanMode = 110101001
05-23 11:05:21.597   592   619 D PackageManager: Parsing: /system/app/Validator.apk
05-23 11:05:21.597   592   618 W PackageManager: $scanPath = /system/app/PicoTts.apkscanMode = 110101001
05-23 11:05:21.597   592   617 W PackageManager: $currentUid = 10016,pkg.applicationInfo.uid = 10016
05-23 11:05:21.607   592   618 W PackageManager: $currentUid = 10013,pkg.applicationInfo.uid = 10013
05-23 11:05:21.607   592   617 D PackageManager: Parsing: /system/priv-app/baiduwatch.apk
05-23 11:05:21.607   592   618 D PackageManager: Parsing: /system/app/UserDictionaryProvider.apk
05-23 11:05:21.617   592   619 W PackageManager: $scanPath = /system/app/Validator.apkscanMode = 110101001
05-23 11:05:21.617   592   618 W PackageManager: $scanPath = /system/app/UserDictionaryProvider.apkscanMode = 110101001
05-23 11:05:21.627   592   619 W PackageManager: $currentUid = 1000,pkg.applicationInfo.uid = 1000
05-23 11:05:21.627   592   618 W PackageManager: $currentUid = 10015,pkg.applicationInfo.uid = 10015
05-23 11:05:21.627   592   619 D PackageManager: Parsing: /system/app/KeyChain.apk
05-23 11:05:21.627   592   618 D PackageManager: Parsing: /system/app/BasicDreams.apk
05-23 11:05:21.657   592   619 W PackageManager: $scanPath = /system/app/KeyChain.apkscanMode = 110101001
05-23 11:05:21.657   592   618 W PackageManager: $scanPath = /system/app/BasicDreams.apkscanMode = 110101001
05-23 11:05:21.657   592   619 W PackageManager: $currentUid = 1000,pkg.applicationInfo.uid = 1000
05-23 11:05:21.657   592   619 D PackageManager: Parsing: /system/app/Browser.apk
05-23 11:05:21.657   592   618 W PackageManager: $currentUid = 10017,pkg.applicationInfo.uid = 10017
05-23 11:05:21.657   592   618 D PackageManager: Parsing: /system/app/VoiceCycle.apk
05-23 11:05:21.687   592   617 W PackageManager: $scanPath = /system/priv-app/baiduwatch.apkscanMode = 110101001
05-23 11:05:21.687   592   618 W PackageManager: $scanPath = /system/app/VoiceCycle.apkscanMode = 110101001
05-23 11:05:21.697   592   617 W PackageManager: $currentUid = 10020,pkg.applicationInfo.uid = 10020
05-23 11:05:21.697   592   617 D PackageManager: Parsing: /system/priv-app/OneTimeInitializer.apk
05-23 11:05:21.697   592   618 W PackageManager: $currentUid = 10018,pkg.applicationInfo.uid = 10018
05-23 11:05:21.697   592   618 D PackageManager: Parsing: /system/app/SGPS.apk
05-23 11:05:21.717   592   617 W PackageManager: $scanPath = /system/priv-app/OneTimeInitializer.apkscanMode = 110101001
05-23 11:05:21.727   592   617 W PackageManager: $currentUid = 10021,pkg.applicationInfo.uid = 10021
05-23 11:05:21.727   592   617 D PackageManager: Parsing: /system/priv-app/OmacpManager.apk
05-23 11:05:21.727   592   619 W PackageManager: $scanPath = /system/app/Browser.apkscanMode = 110101001
05-23 11:05:21.727   592   619 W PackageManager: $currentUid = 10011,pkg.applicationInfo.uid = 10011
05-23 11:05:21.737   592   619 D PackageManager: Parsing: /system/app/Calendar.apk
05-23 11:05:21.747   592   617 W PackageManager: $scanPath = /system/priv-app/OmacpManager.apkscanMode = 110101001
05-23 11:05:21.747   592   618 W PackageManager: $scanPath = /system/app/SGPS.apkscanMode = 110101001
05-23 11:05:21.747   592   617 W PackageManager: $currentUid = 1001,pkg.applicationInfo.uid = 1001
05-23 11:05:21.747   592   618 W PackageManager: $currentUid = 1000,pkg.applicationInfo.uid = 1000
05-23 11:05:21.747   592   617 D PackageManager: Parsing: /system/priv-app/SharedStorageBackup.apk
05-23 11:05:21.747   592   618 D PackageManager: Parsing: /system/app/FotaUpdate.apk
05-23 11:05:21.767   592   619 W PackageManager: $scanPath = /system/app/Calendar.apkscanMode = 110101001
05-23 11:05:21.767   592   619 W PackageManager: $currentUid = 10014,pkg.applicationInfo.uid = 10014
05-23 11:05:21.777   592   619 D PackageManager: Parsing: /system/app/ValidationTools.apk
05-23 11:05:21.787   592   617 W PackageManager: $scanPath = /system/priv-app/SharedStorageBackup.apkscanMode = 110101001
05-23 11:05:21.787   592   617 W PackageManager: $currentUid = 10022,pkg.applicationInfo.uid = 10022
05-23 11:05:21.797   592   617 D PackageManager: Parsing: /system/priv-app/ProxyHandler.apk
05-23 11:05:21.807   592   617 W PackageManager: $scanPath = /system/priv-app/ProxyHandler.apkscanMode = 110101001
05-23 11:05:21.817   592   617 W PackageManager: $currentUid = 10024,pkg.applicationInfo.uid = 10024
05-23 11:05:21.817   592   617 D PackageManager: Parsing: /system/priv-app/DownloadProvider.apk
05-23 11:05:21.817   592   619 W PackageManager: $scanPath = /system/app/ValidationTools.apkscanMode = 110101001
05-23 11:05:21.827   592   619 W PackageManager: $currentUid = 1000,pkg.applicationInfo.uid = 1000
05-23 11:05:21.827   592   619 D PackageManager: Parsing: /system/app/SprdAppBackup.apk
05-23 11:05:21.877   592   617 W PackageManager: $scanPath = /system/priv-app/DownloadProvider.apkscanMode = 110101001
05-23 11:05:21.877   592   617 W PackageManager: $currentUid = 10025,pkg.applicationInfo.uid = 10025
05-23 11:05:21.887   592   617 D PackageManager: Parsing: /system/priv-app/ExternalStorageProvider.apk
05-23 11:05:21.887   592   619 W PackageManager: $scanPath = /system/app/SprdAppBackup.apkscanMode = 110101001
05-23 11:05:21.887   592   619 W PackageManager: $currentUid = 10019,pkg.applicationInfo.uid = 10019
05-23 11:05:21.897   592   619 D PackageManager: Parsing: /system/app/Music.apk
05-23 11:05:21.897   592   617 W PackageManager: $scanPath = /system/priv-app/ExternalStorageProvider.apkscanMode = 110101001
05-23 11:05:21.907   592   618 W PackageManager: $scanPath = /system/app/FotaUpdate.apkscanMode = 110101001
05-23 11:05:21.907   592   617 W PackageManager: $currentUid = 10026,pkg.applicationInfo.uid = 10026
05-23 11:05:21.907   592   617 D PackageManager: Parsing: /system/priv-app/Shell.apk
05-23 11:05:21.917   592   618 W PackageManager: $currentUid = 10027,pkg.applicationInfo.uid = 10027
05-23 11:05:21.917   592   618 D PackageManager: Parsing: /system/app/CertInstaller.apk
05-23 11:05:21.927   592   619 W PackageManager: $scanPath = /system/app/Music.apkscanMode = 110101001
05-23 11:05:21.927   592   619 W PackageManager: $currentUid = 10023,pkg.applicationInfo.uid = 10023
05-23 11:05:21.937   592   619 D PackageManager: Parsing: /system/app/TelephonyProvider.apk
05-23 11:05:21.937   592   617 W PackageManager: $scanPath = /system/priv-app/Shell.apkscanMode = 110101001
05-23 11:05:21.937   592   618 W PackageManager: $scanPath = /system/app/CertInstaller.apkscanMode = 110101001
05-23 11:05:21.937   592   617 W PackageManager: $currentUid = 2000,pkg.applicationInfo.uid = 2000
05-23 11:05:21.937   592   617 D PackageManager: Parsing: /system/priv-app/Settings.apk
05-23 11:05:21.937   592   618 W PackageManager: $currentUid = 10028,pkg.applicationInfo.uid = 10028
05-23 11:05:21.937   592   618 D PackageManager: Parsing: /system/app/FMPlayer.apk
05-23 11:05:21.957   592   619 W PackageManager: $scanPath = /system/app/TelephonyProvider.apkscanMode = 110101001
05-23 11:05:21.967   592   619 W PackageManager: $currentUid = 1001,pkg.applicationInfo.uid = 1001
05-23 11:05:21.967   592   619 D PackageManager: Parsing: /system/app/EngineerMode.apk
05-23 11:05:22.057   592   618 W PackageManager: $scanPath = /system/app/FMPlayer.apkscanMode = 110101001
05-23 11:05:22.057   592   618 W PackageManager: $currentUid = 10029,pkg.applicationInfo.uid = 10029
05-23 11:05:22.057   592   618 D PackageManager: Parsing: /system/app/FotaUpdateReboot.apk
05-23 11:05:22.087   592   618 W PackageManager: $scanPath = /system/app/FotaUpdateReboot.apkscanMode = 110101001
05-23 11:05:22.087   592   618 W PackageManager: $currentUid = 1000,pkg.applicationInfo.uid = 1000
05-23 11:05:22.087   592   618 D PackageManager: Parsing: /system/app/Camera2.apk
05-23 11:05:22.087   592   619 W PackageParser: Unknown element under <application>: eat-comment at /system/app/EngineerMode.apk Binary XML file line #1166
05-23 11:05:22.087   592   619 W PackageParser: Unknown element under <application>: eat-comment at /system/app/EngineerMode.apk Binary XML file line #1379
05-23 11:05:22.097   592   619 W PackageManager: $scanPath = /system/app/EngineerMode.apkscanMode = 110101001
05-23 11:05:22.097   592   619 W PackageManager: $currentUid = 1000,pkg.applicationInfo.uid = 1000
05-23 11:05:22.097   592   619 D PackageManager: Parsing: /system/app/SprdRamOptimizer.apk
05-23 11:05:22.157   592   619 W PackageManager: $scanPath = /system/app/SprdRamOptimizer.apkscanMode = 110101001
05-23 11:05:22.157   592   619 W PackageManager: $currentUid = 1000,pkg.applicationInfo.uid = 1000
05-23 11:05:22.167   592   619 D PackageManager: Parsing: /system/app/DeskClock.apk
05-23 11:05:22.177   592   618 W PackageManager: $scanPath = /system/app/Camera2.apkscanMode = 110101001
05-23 11:05:22.177   592   618 W PackageManager: $currentUid = 10033,pkg.applicationInfo.uid = 10033
05-23 11:05:22.187   592   618 D PackageManager: Parsing: /system/app/DocumentsUI.apk
05-23 11:05:22.228   592   617 W PackageManager: $scanPath = /system/priv-app/Settings.apkscanMode = 110101001
05-23 11:05:22.228   592   618 W PackageManager: $scanPath = /system/app/DocumentsUI.apkscanMode = 110101001
05-23 11:05:22.238   592   617 W PackageManager: $currentUid = 1000,pkg.applicationInfo.uid = 1000
05-23 11:05:22.238   592   618 W PackageManager: $currentUid = 10034,pkg.applicationInfo.uid = 10034
05-23 11:05:22.248   592   617 D PackageManager: Parsing: /system/priv-app/tihu_qq.apk
05-23 11:05:22.248   592   618 D PackageManager: Parsing: /system/app/CallFireWall.apk
05-23 11:05:22.248   592   619 W PackageManager: $scanPath = /system/app/DeskClock.apkscanMode = 110101001
05-23 11:05:22.258   592   619 W PackageManager: $currentUid = 1000,pkg.applicationInfo.uid = 1000
05-23 11:05:22.258   592   619 D PackageManager: Parsing: /system/app/DownloadProviderUi.apk
05-23 11:05:22.308   592   618 W PackageManager: $scanPath = /system/app/CallFireWall.apkscanMode = 110101001
05-23 11:05:22.308   592   619 W PackageManager: $scanPath = /system/app/DownloadProviderUi.apkscanMode = 110101001
05-23 11:05:22.308   592   618 W PackageManager: $currentUid = 1001,pkg.applicationInfo.uid = 1001
05-23 11:05:22.308   592   618 D PackageManager: Parsing: /system/app/DrmProvider.apk
05-23 11:05:22.318   592   617 W PackageManager: $scanPath = /system/priv-app/tihu_qq.apkscanMode = 110101001
05-23 11:05:22.318   592   619 W PackageManager: $currentUid = 10025,pkg.applicationInfo.uid = 10025
05-23 11:05:22.318   592   617 W PackageManager: $currentUid = 10030,pkg.applicationInfo.uid = 10030
05-23 11:05:22.318   592   619 D PackageManager: Parsing: /system/app/SOS.apk
05-23 11:05:22.318   592   617 D PackageManager: Parsing: /system/priv-app/FusedLocation.apk
05-23 11:05:22.318   592   618 W PackageManager: $scanPath = /system/app/DrmProvider.apkscanMode = 110101001
05-23 11:05:22.328   592   618 W PackageManager: $currentUid = 10025,pkg.applicationInfo.uid = 10025
05-23 11:05:22.328   592   617 W PackageManager: $scanPath = /system/priv-app/FusedLocation.apkscanMode = 110101001
05-23 11:05:22.328   592   618 D PackageManager: Parsing: /system/app/WAPPushManager.apk
05-23 11:05:22.328   592   617 W PackageManager: $currentUid = 1000,pkg.applicationInfo.uid = 1000
05-23 11:05:22.328   592   617 D PackageManager: Parsing: /system/priv-app/MediaProvider.apk
05-23 11:05:22.338   592   619 W PackageManager: $scanPath = /system/app/SOS.apkscanMode = 110101001
05-23 11:05:22.348   592   619 W PackageManager: $currentUid = 10031,pkg.applicationInfo.uid = 10031
05-23 11:05:22.348   592   619 W PackageManager: scansystemAppDir-part2 done,cost 1.161 seconds
05-23 11:05:22.358   592   617 W PackageManager: $scanPath = /system/priv-app/MediaProvider.apkscanMode = 110101001
05-23 11:05:22.358   592   617 W PackageManager: $currentUid = 10025,pkg.applicationInfo.uid = 10025
05-23 11:05:22.358   592   617 D PackageManager: Parsing: /system/priv-app/BackupRestoreConfirmation.apk
05-23 11:05:22.368   592   617 W PackageManager: $scanPath = /system/priv-app/BackupRestoreConfirmation.apkscanMode = 110101001
05-23 11:05:22.368   592   617 W PackageManager: $currentUid = 10032,pkg.applicationInfo.uid = 10032
05-23 11:05:22.368   592   617 D PackageManager: Parsing: /system/priv-app/InputDevices.apk
05-23 11:05:22.388   592   617 W PackageManager: $scanPath = /system/priv-app/InputDevices.apkscanMode = 110101001
05-23 11:05:22.388   592   617 W PackageManager: $currentUid = 1000,pkg.applicationInfo.uid = 1000
05-23 11:05:22.388   592   617 D PackageManager: Parsing: /system/priv-app/xiaonuo.apk
05-23 11:05:22.398   592   618 E PackageParser: mIsasync1 = true mIsasync2 = true
05-23 11:05:22.398   592   618 W PackageManager: $scanPath = /system/app/WAPPushManager.apkscanMode = 110101001
05-23 11:05:22.398   592   618 E PackageManager: Package com.android.smspush has no signatures that match those in shared user android.uid.phone; ignoring!
05-23 11:05:22.398   592   618 D PackageManager: Parsing: /system/app/CellBroadcastReceiver.apk
05-23 11:05:22.428   592   618 W PackageManager: $scanPath = /system/app/CellBroadcastReceiver.apkscanMode = 110101001
05-23 11:05:22.438   592   618 W PackageManager: $currentUid = 10035,pkg.applicationInfo.uid = 10035
05-23 11:05:22.438   592   618 D PackageManager: Parsing: /system/app/NoteBook.apk
05-23 11:05:22.458   592   617 W PackageManager: $scanPath = /system/priv-app/xiaonuo.apkscanMode = 110101001
05-23 11:05:22.458   592   617 W PackageManager: $currentUid = 10037,pkg.applicationInfo.uid = 10037
05-23 11:05:22.468   592   618 W PackageManager: $scanPath = /system/app/NoteBook.apkscanMode = 110101001
05-23 11:05:22.468   592   617 D PackageManager: Parsing: /system/priv-app/ContactsProvider.apk
05-23 11:05:22.468   592   618 W PackageManager: $currentUid = 10036,pkg.applicationInfo.uid = 10036
05-23 11:05:22.468   592   618 D PackageManager: Parsing: /system/app/PrintSpooler.apk
05-23 11:05:22.488   592   617 W PackageManager: $scanPath = /system/priv-app/ContactsProvider.apkscanMode = 110101001
05-23 11:05:22.498   592   617 W PackageManager: $currentUid = 10015,pkg.applicationInfo.uid = 10015
05-23 11:05:22.498   592   617 D PackageManager: Parsing: /system/priv-app/SystemUI.apk
05-23 11:05:22.508   592   618 W PackageManager: $scanPath = /system/app/PrintSpooler.apkscanMode = 110101001
05-23 11:05:22.508   592   618 W PackageManager: $currentUid = 10038,pkg.applicationInfo.uid = 10038
05-23 11:05:22.508   592   618 W PackageManager: scansystemAppDir done,cost 1.331 seconds
05-23 11:05:22.538   592   617 W PackageManager: $scanPath = /system/priv-app/SystemUI.apkscanMode = 110101001
05-23 11:05:22.538   592   617 W PackageManager: $currentUid = 10008,pkg.applicationInfo.uid = 10008
05-23 11:05:22.538   592   617 D PackageManager: Parsing: /system/priv-app/MusicFX.apk
05-23 11:05:22.558   592   617 W PackageManager: $scanPath = /system/priv-app/MusicFX.apkscanMode = 110101001
05-23 11:05:22.558   592   617 W PackageManager: $currentUid = 10039,pkg.applicationInfo.uid = 10039
05-23 11:05:22.558   592   617 D PackageManager: Parsing: /system/priv-app/tihu_smsind.apk
05-23 11:05:22.578   592   617 W PackageManager: $scanPath = /system/priv-app/tihu_smsind.apkscanMode = 110101001
05-23 11:05:22.578   592   617 W PackageManager: $currentUid = 10040,pkg.applicationInfo.uid = 10040
05-23 11:05:22.588   592   617 D PackageManager: Parsing: /system/priv-app/DefaultContainerService.apk
05-23 11:05:22.588   592   617 W PackageManager: $scanPath = /system/priv-app/DefaultContainerService.apkscanMode = 110101001
05-23 11:05:22.588   592   617 W PackageManager: $currentUid = 10041,pkg.applicationInfo.uid = 10041
05-23 11:05:22.588   592   617 D PackageManager: Parsing: /system/priv-app/CarrierConfig.apk
05-23 11:05:22.608   592   617 W PackageManager: $scanPath = /system/priv-app/CarrierConfig.apkscanMode = 110101001
05-23 11:05:22.608   592   617 W PackageManager: $currentUid = 10042,pkg.applicationInfo.uid = 10042
05-23 11:05:22.608   592   617 D PackageManager: Parsing: /system/priv-app/Dialer.apk
05-23 11:05:22.648   592   617 W PackageParser: No actions in intent filter at /system/priv-app/Dialer.apk Binary XML file line #186
05-23 11:05:22.658   592   617 W PackageManager: $scanPath = /system/priv-app/Dialer.apkscanMode = 110101001
05-23 11:05:22.658   592   617 W PackageManager: $currentUid = 10043,pkg.applicationInfo.uid = 10043
05-23 11:05:22.658   592   617 D PackageManager: Parsing: /system/priv-app/tihu_wx.apk
05-23 11:05:22.688   592   617 W PackageManager: $scanPath = /system/priv-app/tihu_wx.apkscanMode = 110101001
05-23 11:05:22.688   592   617 W PackageManager: $currentUid = 10044,pkg.applicationInfo.uid = 10044
05-23 11:05:22.688   592   617 D PackageManager: Parsing: /system/priv-app/Contacts.apk
05-23 11:05:22.728   592   617 W PackageParser: No actions in intent filter at /system/priv-app/Contacts.apk Binary XML file line #427
05-23 11:05:22.738   592   617 W PackageManager: $scanPath = /system/priv-app/Contacts.apkscanMode = 110101001
05-23 11:05:22.738   592   617 W PackageManager: $currentUid = 10015,pkg.applicationInfo.uid = 10015
05-23 11:05:22.738   592   617 D PackageManager: Parsing: /system/priv-app/WallpaperCropper.apk
05-23 11:05:22.758   592   617 W PackageManager: $scanPath = /system/priv-app/WallpaperCropper.apkscanMode = 110101001
05-23 11:05:22.758   592   617 W PackageManager: $currentUid = 10045,pkg.applicationInfo.uid = 10045
05-23 11:05:22.768   592   617 D PackageManager: Parsing: /system/priv-app/radio_interactor_service.apk
05-23 11:05:22.768   592   617 W PackageManager: $scanPath = /system/priv-app/radio_interactor_service.apkscanMode = 110101001
05-23 11:05:22.768   592   617 W PackageManager: $currentUid = 1001,pkg.applicationInfo.uid = 1001
05-23 11:05:22.768   592   617 D PackageManager: Parsing: /system/priv-app/VpnDialogs.apk
05-23 11:05:22.788   592   617 W PackageManager: $scanPath = /system/priv-app/VpnDialogs.apkscanMode = 110101001
05-23 11:05:22.798   592   617 W PackageManager: $currentUid = 10046,pkg.applicationInfo.uid = 10046
05-23 11:05:22.808   592   617 W PackageManager: scanprivilegedAppDir done,cost 1.633 seconds
05-23 11:05:22.808   592   592 E PackageManager: waitForLatch done!
05-23 11:05:22.818   592   592 I PackageManager: START scanning vital-app directory
05-23 11:05:22.818   592   592 D PackageManager: Parsing: /system/vital-app/iFlyIME.apk
05-23 11:05:22.858   592   592 W PackageManager: $scanPath = /system/vital-app/iFlyIME.apkscanMode = 110101001
05-23 11:05:22.858   592   592 W PackageManager: $currentUid = 10047,pkg.applicationInfo.uid = 10047
05-23 11:05:23.319   592   592 I PackageManager: Linking native library dir for /system/vital-app/iFlyIME.apk
05-23 11:05:23.319   592   592 D PackageManager: Parsing: /data/app/DeskClockTests.apk
05-23 11:05:23.329   592   592 W PackageManager: $scanPath = /data/app/DeskClockTests.apkscanMode = 110101001
05-23 11:05:23.329   592   592 W PackageManager: $currentUid = 10048,pkg.applicationInfo.uid = 10048
05-23 11:05:23.329   592   592 I PackageManager: Linking native library dir for /data/app/DeskClockTests.apk
05-23 11:05:23.329   592   592 D PackageManager: Parsing: /data/app/SettingsTests.apk
05-23 11:05:23.339   592   592 W PackageManager: $scanPath = /data/app/SettingsTests.apkscanMode = 110101001
05-23 11:05:23.339   592   592 W PackageManager: $currentUid = 10049,pkg.applicationInfo.uid = 10049
05-23 11:05:23.339   592   592 I PackageManager: Linking native library dir for /data/app/SettingsTests.apk
05-23 11:05:23.349   592   592 D PackageManager: Parsing: /data/app/com.alading.launcher-1.apk
05-23 11:05:23.369   592   592 W PackageParser: No actions in intent filter at /data/app/com.alading.launcher-1.apk Binary XML file line #53
05-23 11:05:23.369   592   592 W PackageParser: No actions in intent filter at /data/app/com.alading.launcher-1.apk Binary XML file line #78
05-23 11:05:23.369   592   592 W PackageParser: No actions in intent filter at /data/app/com.alading.launcher-1.apk Binary XML file line #87
05-23 11:05:23.369   592   592 W PackageParser: No actions in intent filter at /data/app/com.alading.launcher-1.apk Binary XML file line #96
05-23 11:05:23.369   592   592 W PackageManager: $scanPath = /data/app/com.alading.launcher-1.apkscanMode = 110101001
05-23 11:05:23.379   592   592 W PackageManager: $currentUid = 10050,pkg.applicationInfo.uid = 10050
05-23 11:05:23.379   592   592 I PackageManager: Linking native library dir for /data/app/com.alading.launcher-1.apk
05-23 11:05:23.389   592   592 D PackageManager: Parsing: /data/app/com.toycloud.cmccwatchsdk-1.apk
05-23 11:05:23.409   592   592 W PackageManager: $scanPath = /data/app/com.toycloud.cmccwatchsdk-1.apkscanMode = 110101001
05-23 11:05:23.419   592   592 W PackageManager: $currentUid = 1000,pkg.applicationInfo.uid = 1000
05-23 11:05:23.419   592   592 I PackageManager: Linking native library dir for /data/app/com.toycloud.cmccwatchsdk-1.apk
05-23 11:05:23.419   592   592 W PackageManager: Package com.android.gallery3d desires unavailable shared library com.google.android.media.effects; ignoring!
05-23 11:05:23.419   592   592 W PackageManager: Package com.android.gallery3d desires unavailable shared library org.apache.http.legacy; ignoring!
05-23 11:05:23.419   592   592 I PackageManager: Time to scan packages: 2.432 seconds
05-23 11:05:23.419   592   592 W PackageManager: Not granting permission android.permission.WRITE_MEDIA_STORAGE to package com.android.soundrecorder (protectionLevel=18 flags=0x48be45)
05-23 11:05:23.439   592   592 W PackageManager: Unknown permission com.android.email.permission.READ_ATTACHMENT in package com.android.contacts
05-23 11:05:23.439   592   592 W PackageManager: Unknown permission com.android.email.permission.ACCESS_PROVIDER in package com.android.contacts
05-23 11:05:23.439   592   592 W PackageManager: Unknown permission android.permission.DISABLE_STATUS_BAR in package com.android.phone
05-23 11:05:23.449   592   592 W PackageManager: Unknown permission com.android.smspush.WAPPUSH_MANAGER_BIND in package com.android.phone
05-23 11:05:23.459   592   592 W PackageManager: Unknown permission android.permission.RECEIVE_SMSCB in package com.sprd.firewall
05-23 11:05:23.469   592   592 W PackageManager: Unknown permission com.google.android.gallery3d.permission.GALLERY_PROVIDER in package com.android.bluetooth
05-23 11:05:23.479   592   592 W PackageManager: Unknown permission com.android.email.permission.READ_ATTACHMENT in package com.android.bluetooth
05-23 11:05:23.479   592   592 W PackageManager: Unknown permission com.google.android.googleapps.permission.GOOGLE_AUTH in package com.android.providers.calendar
05-23 11:05:23.479   592   592 W PackageManager: Unknown permission com.google.android.googleapps.permission.GOOGLE_AUTH.cl in package com.android.providers.calendar
05-23 11:05:23.499   592   592 W PackageManager: Not granting permission android.permission.ACCESS_DOWNLOAD_MANAGER to package com.android.browser (protectionLevel=18 flags=0x49be45)
05-23 11:05:23.499   592   592 W PackageManager: Not granting permission android.permission.SEND_DOWNLOAD_COMPLETED_INTENTS to package com.android.browser (protectionLevel=2 flags=0x49be45)
05-23 11:05:23.499   592   592 W PackageManager: Not granting permission android.permission.WRITE_SECURE_SETTINGS to package com.android.browser (protectionLevel=50 flags=0x49be45)
05-23 11:05:23.499   592   592 W PackageManager: Unknown permission com.android.email.permission.ACCESS_PROVIDER in package com.android.music
05-23 11:05:23.499   592   592 W PackageManager: Unknown permission com.android.launcher.permission.READ_SETTINGS in package com.android.onetimeinitializer
05-23 11:05:23.499   592   592 W PackageManager: Unknown permission com.android.launcher.permission.WRITE_SETTINGS in package com.android.onetimeinitializer
05-23 11:05:23.499   592   592 W PackageManager: Not granting permission android.permission.BIND_WALLPAPER to package com.android.camera2 (protectionLevel=18 flags=0x58bc45)
05-23 11:05:23.509   592   592 W PackageManager: Not granting permission android.permission.MANAGE_DOCUMENTS to package com.android.mms (protectionLevel=2 flags=0x4008be65)
05-23 11:05:23.509   592   592 W PackageManager: Unknown permission com.dp.op.db.DbProvider.READ_PROVIDER_USERID in package com.dp.voice
05-23 11:05:23.519   592   592 W PackageManager: Unknown permission com.google.android.googleapps.permission.GOOGLE_AUTH in package com.android.settings
05-23 11:05:23.529   592   592 W PackageManager: Unknown permission com.android.launcher.permission.READ_SETTINGS in package com.android.settings
05-23 11:05:23.529   592   592 W PackageManager: Unknown permission com.android.launcher.permission.WRITE_SETTINGS in package com.android.settings
05-23 11:05:23.539   592   592 W PackageManager: Not granting permission android.permission.WRITE_MEDIA_STORAGE to package com.android.gallery3d (protectionLevel=18 flags=0x58bc45)
05-23 11:05:23.539   592   592 W PackageManager: Not granting permission android.permission.MANAGE_DOCUMENTS to package com.android.gallery3d (protectionLevel=2 flags=0x58bc45)
05-23 11:05:23.539   592   592 W PackageManager: Unknown permission com.android.email.permission.ACCESS_PROVIDER in package com.android.gallery3d
05-23 11:05:23.539   592   592 W PackageManager: Unknown permission android.permission.SYSTEM_OVERLAY_WINDOW in package com.android.gallery3d
05-23 11:05:23.539   592   592 W PackageManager: Unknown permission com.android.launcher.permission.READ_SETTINGS in package com.tihomobi.sms.indication
05-23 11:05:23.539   592   592 W PackageManager: Unknown permission com.android.launcher.permission.WRITE_SETTINGS in package com.tihomobi.sms.indication
05-23 11:05:23.539   592   592 W PackageManager: Unknown permission com.android.launcher.permission.CLEAR_APP_USER_DATA in package com.tihomobi.sms.indication
05-23 11:05:23.539   592   592 W PackageManager: Unknown permission com.android.launcher.permission.SEND_DOWNLOAD_COMPLETED_INTENTS in package com.tihomobi.sms.indication
05-23 11:05:23.539   592   592 W PackageManager: Not granting permission android.permission.DEVICE_POWER to package com.tihomobi.sms.indication (protectionLevel=2 flags=0x4008be45)
05-23 11:05:23.539   592   592 W PackageManager: Unknown permission android.permission.ACCESS_MTK_MMHW in package com.tihomobi.sms.indication
05-23 11:05:23.569   592   592 W PackageManager: Not granting permission android.permission.DELETE_PACKAGES to package com.svox.pico (protectionLevel=18 flags=0x8be45)
05-23 11:05:23.569   592   592 W PackageManager: Unknown permission com.google.android.c2dm.permission.RECEIVE in package com.adups.fota
05-23 11:05:23.569   592   592 W PackageManager: Unknown permission android.permission.BROADCAST_PACKAGE_ADDED in package com.iflytek.inputmethod
05-23 11:05:23.569   592   592 W PackageManager: Unknown permission android.permission.BROADCAST_PACKAGE_CHANGED in package com.iflytek.inputmethod
05-23 11:05:23.569   592   592 W PackageManager: Unknown permission android.permission.BROADCAST_PACKAGE_INSTALL in package com.iflytek.inputmethod
05-23 11:05:23.569   592   592 W PackageManager: Unknown permission android.permission.BROADCAST_PACKAGE_REPLACED in package com.iflytek.inputmethod
05-23 11:05:23.589   592   592 W PackageManager: Unknown permission android.permission.RECEIVE_SMSCB in package com.android.keyguard
05-23 11:05:23.589   592   592 W PackageManager: Unknown permission android.permission.READ_SECURE_SETTINGS in package com.tihomobi.mmshell.mmsg
05-23 11:05:23.589   592   592 W PackageManager: Unknown permission com.android.launcher.permission.READ_SETTINGS in package com.tihomobi.mmshell.mmsg
05-23 11:05:23.589   592   592 W PackageManager: Unknown permission com.android.launcher.permission.CLEAR_APP_USER_DATA in package com.tihomobi.mmshell.mmsg
05-23 11:05:23.589   592   592 W PackageManager: Unknown permission com.android.launcher.permission.SEND_DOWNLOAD_COMPLETED_INTENTS in package com.tihomobi.mmshell.mmsg
05-23 11:05:23.589   592   592 W PackageManager: Not granting permission android.permission.DEVICE_POWER to package com.tihomobi.mmshell.mmsg (protectionLevel=2 flags=0x4048be4d)
05-23 11:05:23.589   592   592 W PackageManager: Unknown permission com.android.launcher.permission.WRITE_SETTINGS in package com.tihomobi.mmshell.mmsg
05-23 11:05:23.589   592   592 W PackageManager: Unknown permission android.permission.ACCESS_MTK_MMHW in package com.tihomobi.mmshell.mmsg
05-23 11:05:23.589   592   592 W PackageManager: Unknown permission android.permission.SYSTEM_OVERLAY_WINDOW in package com.tihomobi.mmshell.mmsg
05-23 11:05:23.589   592   592 W PackageManager: Unknown permission com.android.launcher.permission.CREATE_SHORTCUT in package com.tihomobi.mmshell.mmsg
05-23 11:05:23.689   592   592 W PackageManager: Unknown permission android.permission.WRITE_OWNER_DATA in package com.sprd.validationtools
