05-23 11:05:40.746   592   668 V UsbDeviceManager: USB UEVENT: {USB_STATE=DISCONNECTED, SUBSYSTEM=android_usb, DEVPATH=/devices/virtual/android_usb/android0, SEQNUM=1435, ACTION=change}
05-23 11:05:40.766   592   653 D ConnectivityService: onUidRulesChanged(uid=10050, uidRules=0)
05-23 11:05:40.796   592   592 D LoadedApk: after onReceive:com.android.server.AppWidgetService$2@420936e8 intent:android.intent.action.CONFIGURATION_CHANGED spend on onReceive:2192 ms, more than 300ms, please check
05-23 11:05:40.796   592   922 D BroadcastQueue: Schedule broadcasts [background]: current=true
05-23 11:05:40.796   592   607 D BroadcastQueue: Received BROADCAST_INTENT_MSG
05-23 11:05:40.836   592   607 D BroadcastQueue: processNextBroadcast(background) called when not idle (state=1)
05-23 11:05:40.856   592   603 D BatteryService: Processing new values: chargerAcOnline=false, chargerUsbOnline=false, chargerWirelessOnline=false, batteryStatus=3, batteryHealth=2, batteryPresent=true, batteryLevel=100, batteryTechnology=Li-ion, batteryVoltage=4308, batteryCurrentNow=-2147483648, batteryChargeCounter=-2147483648, batteryTemperature=200, mBatteryLevelCritical=false, mPlugType=0
05-23 11:05:40.906   976   976 W ActivityThread: Warning, It is so long to handle a broadcast with + ReceiverData{intent=Intent { act=android.hardware.usb.action.USB_STATE flg=0x20000010 cmp=com.android.providers.media/.MtpReceiver (has extras) } packageName=com.android.providers.media resultCode=0 resultData=null resultExtras=null}. It all cost 5402ms, with  5013ms before onReceive and  389ms really.
05-23 11:05:40.906   592   921 D BroadcastQueue: Cancelling BROADCAST_TIMEOUT_MSG
05-23 11:05:40.906   592   921 D BroadcastQueue: Finished with ordered broadcast BroadcastRecord{421c95c8 u-1 android.hardware.usb.action.USB_STATE}
05-23 11:05:40.906   592   921 D BroadcastQueue: Finished with ordered broadcast and remove index 0:BroadcastRecord{421c95c8 u-1 android.hardware.usb.action.USB_STATE} is: background remine 13
05-23 11:05:40.906   592   921 D BroadcastQueue: Processing ordered broadcast [background] BroadcastRecord{421a93f8 u-1 android.intent.action.SIM_STATE_CHANGED}
05-23 11:05:40.906   592   921 D BroadcastQueue: Submitting BROADCAST_TIMEOUT_MSG [background] for BroadcastRecord{421a93f8 u-1 android.intent.action.SIM_STATE_CHANGED} at 114655
05-23 11:05:40.936   592   606 V WindowManager: Thawing input dispatching
05-23 11:05:40.936   592   606 D PowerManagerService: releaseWakeLockInternal: lock=1106485504 [SCREEN_FROZEN], flags=0x0 pkg name:android
05-23 11:05:40.936   592   606 W WindowManager: Force clearing orientation change: Window{42220298 u0 StatusBar}
05-23 11:05:40.946   592   592 D BroadcastQueue: Schedule broadcasts [background]: current=false
05-23 11:05:40.946   592   607 D BroadcastQueue: Received BROADCAST_INTENT_MSG
05-23 11:05:40.946   592   606 D WindowManager: performEnableScreen: mDisplayEnabled=false mForceDisplayEnabled=false mShowingBootMessages=false mSystemBooted=true mOnlyCore=false
05-23 11:05:40.946   592   606 D WindowManager: performEnableScreen: window =Window{42220298 u0 StatusBar} and return
05-23 11:05:40.956   592   607 D BroadcastQueue: processNextBroadcast(background) called when not idle (state=1)
05-23 11:05:40.956   592   592 D BroadcastQueue: Schedule broadcasts [background]: current=false
05-23 11:05:40.956   592   592 D BroadcastQueue: enqueueOrderedBroadcastLocked after add: BroadcastRecord{41fe4430 u-1 android.intent.action.ACTION_POWER_DISCONNECTED} , the first order broadcast is:BroadcastRecord{421a93f8 u-1 android.intent.action.SIM_STATE_CHANGED} size:14 is: background
05-23 11:05:40.956   592   592 D BroadcastQueue: Schedule broadcasts [background]: current=true
05-23 11:05:40.956   592   607 D BroadcastQueue: Received BROADCAST_INTENT_MSG
05-23 11:05:40.956   592   607 D BroadcastQueue: processNextBroadcast(background) called when not idle (state=1)
05-23 11:05:40.956   592   634 D PowerGuruService: CMD_BATTERY_CHANGED (newPlugType = 0)
05-23 11:05:40.966   592   671 D PowerController: handleMessage(MSG_DEVICE_STATE_CHANGED)
05-23 11:05:40.966   592   671 D PowerController: - handleDeviceStateChanged() E -, action: android.intent.action.BATTERY_CHANGED
05-23 11:05:40.966   592   671 D PowerController: pluggedType:0 mCharging:false
05-23 11:05:40.966   592   671 D PowerController: handleDeviceStateChanged: bScreenChanged:false bConnectionChanged:false bChargingChanged:true
05-23 11:05:40.976   592   606 D WindowManager: performEnableScreen: mDisplayEnabled=false mForceDisplayEnabled=false mShowingBootMessages=false mSystemBooted=true mOnlyCore=false
05-23 11:05:40.976   592   671 D PowerController: checkPowerGuruInterval: mCharging:false mScreenOn:true mMobileConnected:true
05-23 11:05:40.976   592   606 D WindowManager: performEnableScreen: window =Window{42220298 u0 StatusBar} and return
05-23 11:05:40.976   592   924 V WindowManager: Pausing WindowToken AppWindowToken{4216e848 token=Token{420dd9a0 ActivityRecord{4213f6d0 u0 com.android.settings/com.sprd.settings.SprdUsbSettings t2}}}
05-23 11:05:40.976   592   924 D ActivityManager: setFocusedActivityLocked: r=ActivityRecord{420c3e20 u0 com.alading.launcher/.MainActivity t1}
05-23 11:05:40.976   592   611 D UsbDeviceManager: setEnabledFunctions mtp,adb makeDefault: false
05-23 11:05:40.976   592   611 D UsbDeviceManager: setEnabledFunctions:mtp,adb
05-23 11:05:40.976   592   611 D UsbDeviceManager: broadcasting Intent { act=android.hardware.usb.action.USB_STATE flg=0x20000000 (has extras) } connected: false configured: false
05-23 11:05:40.976   592   924 V WindowManager: Set focused app to: AppWindowToken{421bd0f0 token=Token{41de0228 ActivityRecord{420c3e20 u0 com.alading.launcher/.MainActivity t1}}} old focus=AppWindowToken{4216e848 token=Token{420dd9a0 ActivityRecord{4213f6d0 u0 com.android.settings/com.sprd.settings.SprdUsbSettings t2}}} moveFocusNow=true
05-23 11:05:40.986   592   606 D WindowManager: performEnableScreen: mDisplayEnabled=false mForceDisplayEnabled=false mShowingBootMessages=false mSystemBooted=true mOnlyCore=false
05-23 11:05:40.986   592   606 D WindowManager: performEnableScreen: window =Window{42220298 u0 StatusBar} and return
05-23 11:05:40.986   592   924 D PowerManagerService: acquireWakeLockInternal: lock=1105621096, flags=0x1, tag="ActivityManager-Launch", ws=null, uid=1000, pid=592 pkg name:android
05-23 11:05:40.986   592   924 V BatteryStatsImpl: startRunningLocked(): mNesting = 1
05-23 11:05:40.986   592   924 V BatteryStatsImpl: startRunningLocked before mTimerPool.size = 2
05-23 11:05:40.986   592   924 V BatteryStatsImpl: startRunningLocked after mTimerPool.size = 3
05-23 11:05:40.996   592   611 D BroadcastQueue: Schedule broadcasts [background]: current=false
05-23 11:05:40.996   592   607 D BroadcastQueue: Received BROADCAST_INTENT_MSG
05-23 11:05:40.996   592   611 D BroadcastQueue: enqueueOrderedBroadcastLocked after add: BroadcastRecord{420cae78 u-1 android.hardware.usb.action.USB_STATE} , the first order broadcast is:BroadcastRecord{421a93f8 u-1 android.intent.action.SIM_STATE_CHANGED} size:15 is: background
05-23 11:05:40.996   592   611 D BroadcastQueue: Schedule broadcasts [background]: current=true
05-23 11:05:40.996   592   607 D BroadcastQueue: processNextBroadcast(background) called when not idle (state=1)
05-23 11:05:41.016   592   606 D WindowManager: performEnableScreen: mDisplayEnabled=false mForceDisplayEnabled=false mShowingBootMessages=false mSystemBooted=true mOnlyCore=false
05-23 11:05:41.016   592   606 D WindowManager: performEnableScreen: window =Window{42220298 u0 StatusBar} and return
05-23 11:05:41.026   592   603 D PowerManagerService: acquireWakeLockInternal: lock=1106485504, flags=0x1, tag="SCREEN_FROZEN", ws=null, uid=1000, pid=592 pkg name:android
05-23 11:05:41.026   592   603 V BatteryStatsImpl: startRunningLocked(): mNesting = 1
05-23 11:05:41.026   592   603 V BatteryStatsImpl: startRunningLocked before mTimerPool.size = 3
05-23 11:05:41.026   592   603 V BatteryStatsImpl: startRunningLocked after mTimerPool.size = 4
05-23 11:05:41.036   592   603 V WindowManager: Freezing input dispatching
05-23 11:05:41.066   592   606 D WindowManager: performEnableScreen: mDisplayEnabled=false mForceDisplayEnabled=false mShowingBootMessages=false mSystemBooted=true mOnlyCore=false
05-23 11:05:41.066   592   606 D WindowManager: performEnableScreen: window =Window{42220298 u0 StatusBar} and return
05-23 11:05:41.066   592   603 V BatteryStatsImpl: startRunningLocked(): mNesting = 1
05-23 11:05:41.066   592   603 V WindowManager: Resuming WindowToken AppWindowToken{4216e848 token=Token{420dd9a0 ActivityRecord{4213f6d0 u0 com.android.settings/com.sprd.settings.SprdUsbSettings t2}}}
05-23 11:05:41.076   592   607 D PowerManagerService: releaseWakeLockInternal: lock=1105621096 [ActivityManager-Launch], flags=0x0 pkg name:android
05-23 11:05:41.076   592   653 D ConnectivityService: onUidRulesChanged(uid=10050, uidRules=0)
05-23 11:05:41.086   592   757 D TelephonyRegistry: listen: E pkg=com.alading.launcher events=0x0 myUid=0 callerUid=0
05-23 11:05:41.086   592   606 D WindowManager: performEnableScreen: mDisplayEnabled=false mForceDisplayEnabled=false mShowingBootMessages=false mSystemBooted=true mOnlyCore=false
05-23 11:05:41.086   592   606 D WindowManager: performEnableScreen: window =Window{42220298 u0 StatusBar} and return
05-23 11:05:41.106   592   757 D TelephonyRegistry: listen: E pkg=com.alading.launcher events=0x0 myUid=0 callerUid=0
05-23 11:05:41.146   592   647 W MountService: StorageVolume:
05-23 11:05:41.146   592   647 W MountService:     mStorageId=131073 mPath=/storage/sdcard0 mDescriptionId=17040781 
05-23 11:05:41.146   592   647 W MountService:     mPrimary=true mRemovable=true mEmulated=false mMtpReserveSpace=100 
05-23 11:05:41.146   592   647 W MountService:     mAllowMassStorage=true mMaxFileSize=4294967296 mOwner=null mUuid=null 
05-23 11:05:41.146   592   647 W MountService:     mUserLabel=null mState=removed  avail = false Volume state :removed
05-23 11:05:41.156   592   606 D WindowManager: performEnableScreen: mDisplayEnabled=false mForceDisplayEnabled=false mShowingBootMessages=false mSystemBooted=true mOnlyCore=false
05-23 11:05:41.156   592   606 D WindowManager: performEnableScreen: window =Window{42220298 u0 StatusBar} and return
05-23 11:05:41.166   592   923 D BatteryService: Processing new values: chargerAcOnline=false, chargerUsbOnline=true, chargerWirelessOnline=false, batteryStatus=2, batteryHealth=2, batteryPresent=true, batteryLevel=100, batteryTechnology=Li-ion, batteryVoltage=4308, batteryCurrentNow=-2147483648, batteryChargeCounter=-2147483648, batteryTemperature=200, mBatteryLevelCritical=false, mPlugType=2
05-23 11:05:41.216   592   592 D BroadcastQueue: Schedule broadcasts [background]: current=false
05-23 11:05:41.216   592   607 D BroadcastQueue: Received BROADCAST_INTENT_MSG
05-23 11:05:41.226   592   607 D BroadcastQueue: processNextBroadcast(background) called when not idle (state=1)
05-23 11:05:41.226   592   592 D BroadcastQueue: Schedule broadcasts [background]: current=false
05-23 11:05:41.226   592   592 D BroadcastQueue: enqueueOrderedBroadcastLocked after add: BroadcastRecord{421bc5b8 u-1 android.intent.action.ACTION_POWER_CONNECTED} , the first order broadcast is:BroadcastRecord{421a93f8 u-1 android.intent.action.SIM_STATE_CHANGED} size:16 is: background
05-23 11:05:41.226   592   592 D BroadcastQueue: Schedule broadcasts [background]: current=true
05-23 11:05:41.226   592   923 D BatteryService: Processing new values: chargerAcOnline=false, chargerUsbOnline=true, chargerWirelessOnline=false, batteryStatus=2, batteryHealth=2, batteryPresent=true, batteryLevel=100, batteryTechnology=Li-ion, batteryVoltage=4308, batteryCurrentNow=-2147483648, batteryChargeCounter=-2147483648, batteryTemperature=200, mBatteryLevelCritical=false, mPlugType=2
05-23 11:05:41.226   592   634 D PowerGuruService: CMD_BATTERY_CHANGED (newPlugType = 2)
05-23 11:05:41.226   592   671 D PowerController: handleMessage(MSG_DEVICE_STATE_CHANGED)
05-23 11:05:41.226   592   671 D PowerController: - handleDeviceStateChanged() E -, action: android.intent.action.BATTERY_CHANGED
05-23 11:05:41.226   592   671 D PowerController: pluggedType:2 mCharging:true
05-23 11:05:41.226   592   671 D PowerController: handleDeviceStateChanged: bScreenChanged:false bConnectionChanged:false bChargingChanged:true
05-23 11:05:41.226   592   671 D PowerController: checkPowerGuruInterval: mCharging:true mScreenOn:true mMobileConnected:true
05-23 11:05:41.226   592   607 D BroadcastQueue: Received BROADCAST_INTENT_MSG
05-23 11:05:41.226   592   607 D BroadcastQueue: processNextBroadcast(background) called when not idle (state=1)
05-23 11:05:41.226   592   592 I EntropyMixer: Writing entropy...
05-23 11:05:41.336   592   757 D PowerManagerService: acquireWakeLockInternal: lock=1108649312, flags=0x1, tag="RILJ", ws=null, uid=1001, pid=698 pkg name:com.android.phone
05-23 11:05:41.346   592   757 V BatteryStatsImpl: startRunningLocked(): mNesting = 1
05-23 11:05:41.346   592   757 V BatteryStatsImpl: startRunningLocked before mTimerPool.size = 3
05-23 11:05:41.346   592   757 V BatteryStatsImpl: startRunningLocked after mTimerPool.size = 4
05-23 11:05:41.396   592   667 D PowerManagerService: releaseWakeLockInternal: lock=1108649312 [RILJ], flags=0x0 pkg name:com.android.phone
05-23 11:05:41.426   592   924 I TelephonyRegistry: notifyDataConnection: state=0 isDataConnectivityPossible=false reason='simLoaded' apn='null' apnType=dm networkType=0 mRecords.size()=10 mRecords=[{pkgForDebug=android callerUid=0 events=1c1}, {pkgForDebug=android callerUid=0 events=20}, {pkgForDebug=com.android.systemui callerUid=0 events=41e1}, {pkgForDebug=com.android.systemui callerUid=0 events=4000}, {pkgForDebug=com.android.phone callerUid=0 events=c}, {pkgForDebug=com.android.phone callerUid=0 events=1}, {pkgForDebug=com.android.phone callerUid=0 events=9}, {pkgForDebug=android callerUid=0 events=1}, {pkgForDebug=com.iflytek.inputmethod callerUid=0 events=20}, {pkgForDebug=com.android.keyguard callerUid=0 events=1}] linkProperties: null
05-23 11:05:41.446   592   668 V UsbDeviceManager: USB UEVENT: {USB_STATE=CONNECTED, SUBSYSTEM=android_usb, DEVPATH=/devices/virtual/android_usb/android0, SEQNUM=1441, ACTION=change}
05-23 11:05:41.446   592   924 D BroadcastQueue: Schedule broadcasts [background]: current=false
05-23 11:05:41.446   592   607 D BroadcastQueue: Received BROADCAST_INTENT_MSG
05-23 11:05:41.456   592   607 D BroadcastQueue: processNextBroadcast(background) called when not idle (state=1)
05-23 11:05:41.546   592   832 I TelephonyRegistry: notifyDataConnection: state=0 isDataConnectivityPossible=false reason='simLoaded' apn='null' apnType=wap networkType=0 mRecords.size()=10 mRecords=[{pkgForDebug=android callerUid=0 events=1c1}, {pkgForDebug=android callerUid=0 events=20}, {pkgForDebug=com.android.systemui callerUid=0 events=41e1}, {pkgForDebug=com.android.systemui callerUid=0 events=4000}, {pkgForDebug=com.android.phone callerUid=0 events=c}, {pkgForDebug=com.android.phone callerUid=0 events=1}, {pkgForDebug=com.android.phone callerUid=0 events=9}, {pkgForDebug=android callerUid=0 events=1}, {pkgForDebug=com.iflytek.inputmethod callerUid=0 events=20}, {pkgForDebug=com.android.keyguard callerUid=0 events=1}] linkProperties: null
05-23 11:05:41.556   592   832 D BroadcastQueue: Schedule broadcasts [background]: current=false
05-23 11:05:41.556   592   607 D BroadcastQueue: Received BROADCAST_INTENT_MSG
05-23 11:05:41.556   592   607 D BroadcastQueue: processNextBroadcast(background) called when not idle (state=1)
05-23 11:05:41.586   592   603 I TelephonyRegistry: notifyDataConnection: state=0 isDataConnectivityPossible=false reason='simLoaded' apn='null' apnType=fota networkType=0 mRecords.size()=10 mRecords=[{pkgForDebug=android callerUid=0 events=1c1}, {pkgForDebug=android callerUid=0 events=20}, {pkgForDebug=com.android.systemui callerUid=0 events=41e1}, {pkgForDebug=com.android.systemui callerUid=0 events=4000}, {pkgForDebug=com.android.phone callerUid=0 events=c}, {pkgForDebug=com.android.phone callerUid=0 events=1}, {pkgForDebug=com.android.phone callerUid=0 events=9}, {pkgForDebug=android callerUid=0 events=1}, {pkgForDebug=com.iflytek.inputmethod callerUid=0 events=20}, {pkgForDebug=com.android.keyguard callerUid=0 events=1}] linkProperties: null
05-23 11:05:41.606   592   668 V UsbDeviceManager: USB UEVENT: {USB_STATE=CONFIGURED, SUBSYSTEM=android_usb, DEVPATH=/devices/virtual/android_usb/android0, SEQNUM=1442, ACTION=change}
05-23 11:05:41.616   592   603 D BroadcastQueue: Schedule broadcasts [background]: current=false
05-23 11:05:41.616   592   607 D BroadcastQueue: Received BROADCAST_INTENT_MSG
05-23 11:05:41.626   592   922 I TelephonyRegistry: notifyDataConnection: state=0 isDataConnectivityPossible=false reason='simLoaded' apn='null' apnType=supl networkType=0 mRecords.size()=10 mRecords=[{pkgForDebug=android callerUid=0 events=1c1}, {pkgForDebug=android callerUid=0 events=20}, {pkgForDebug=com.android.systemui callerUid=0 events=41e1}, {pkgForDebug=com.android.systemui callerUid=0 events=4000}, {pkgForDebug=com.android.phone callerUid=0 events=c}, {pkgForDebug=com.android.phone callerUid=0 events=1}, {pkgForDebug=com.android.phone callerUid=0 events=9}, {pkgForDebug=android callerUid=0 events=1}, {pkgForDebug=com.iflytek.inputmethod callerUid=0 events=20}, {pkgForDebug=com.android.keyguard callerUid=0 events=1}] linkProperties: null
05-23 11:05:41.626   592   607 D BroadcastQueue: processNextBroadcast(background) called when not idle (state=1)
05-23 11:05:41.626   592   921 D BroadcastQueue: Schedule broadcasts [background]: current=false
05-23 11:05:41.626   592   611 D UsbDeviceManager: broadcasting Intent { act=android.hardware.usb.action.USB_STATE flg=0x20000000 (has extras) } connected: true configured: false
05-23 11:05:41.626   592   611 D BroadcastQueue: Schedule broadcasts [background]: current=true
05-23 11:05:41.636   592   611 D UsbDeviceManager: broadcasting Intent { act=android.hardware.usb.action.USB_STATE flg=0x20000000 (has extras) } connected: true configured: true
05-23 11:05:41.636   592   922 D BroadcastQueue: Schedule broadcasts [background]: current=true
05-23 11:05:41.636   592   607 D BroadcastQueue: Received BROADCAST_INTENT_MSG
05-23 11:05:41.646   592   857 I TelephonyRegistry: notifyDataConnection: state=0 isDataConnectivityPossible=false reason='simLoaded' apn='null' apnType=hipri networkType=0 mRecords.size()=10 mRecords=[{pkgForDebug=android callerUid=0 events=1c1}, {pkgForDebug=android callerUid=0 events=20}, {pkgForDebug=com.android.systemui callerUid=0 events=41e1}, {pkgForDebug=com.android.systemui callerUid=0 events=4000}, {pkgForDebug=com.android.phone callerUid=0 events=c}, {pkgForDebug=com.android.phone callerUid=0 events=1}, {pkgForDebug=com.android.phone callerUid=0 events=9}, {pkgForDebug=android callerUid=0 events=1}, {pkgForDebug=com.iflytek.inputmethod callerUid=0 events=20}, {pkgForDebug=com.android.keyguard callerUid=0 events=1}] linkProperties: null
05-23 11:05:41.646   592   592 D MobileDataStateTracker: wap0: receive android.intent.action.ANY_DATA_STATE
05-23 11:05:41.646   592   592 D MobileDataStateTracker: wap0: Broadcast received: ACTION_ANY_DATA_CONNECTION_STATE_CHANGEDmApnType=wap != received apnType=dm
05-23 11:05:41.646   592   592 D MobileDataStateTracker: null0: receive android.intent.action.ANY_DATA_STATE
05-23 11:05:41.646   592   592 D MobileDataStateTracker: null0: Broadcast received: ACTION_ANY_DATA_CONNECTION_STATE_CHANGEDmApnType=null != received apnType=dm
05-23 11:05:41.646   592   592 D MobileDataStateTracker: xcap0: receive android.intent.action.ANY_DATA_STATE
05-23 11:05:41.646   592   592 D MobileDataStateTracker: xcap0: Broadcast received: ACTION_ANY_DATA_CONNECTION_STATE_CHANGEDmApnType=xcap != received apnType=dm
05-23 11:05:41.646   592   592 D MobileDataStateTracker: dm0: receive android.intent.action.ANY_DATA_STATE
05-23 11:05:41.646   592   592 D MobileDataStateTracker: dm0: Broadcast received: ACTION_ANY_DATA_CONNECTION_STATE_CHANGEDmApnType=dm == received apnType=dm
05-23 11:05:41.646   592   592 D MobileDataStateTracker: dm0: Broadcast received: android.intent.action.ANY_DATA_STATE apnType=dm
05-23 11:05:41.646   592   921 D TelephonyRegistry: listen: E pkg=com.alading.launcher events=0x1e1 myUid=0 callerUid=0
05-23 11:05:41.646   592   921 I TelephonyRegistry: listen: add new record={pkgForDebug=com.alading.launcher callerUid=0 events=0}
05-23 11:05:41.646   592   607 D BroadcastQueue: processNextBroadcast(background) called when not idle (state=1)
05-23 11:05:41.646   592   921 D TelephonyRegistry: validateEventsAndUserLocked: valid=false r.callerUid=0 foregroundUser=0 r.events=481 events=16
05-23 11:05:41.646   592   921 D TelephonyRegistry: validateEventsAndUserLocked: valid=false r.callerUid=0 foregroundUser=0 r.events=481 events=1024
05-23 11:05:41.646   592   647 W MountService: StorageVolume:
05-23 11:05:41.646   592   647 W MountService:     mStorageId=131073 mPath=/storage/sdcard0 mDescriptionId=17040781 
05-23 11:05:41.646   592   647 W MountService:     mPrimary=true mRemovable=true mEmulated=false mMtpReserveSpace=100 
05-23 11:05:41.646   592   647 W MountService:     mAllowMassStorage=true mMaxFileSize=4294967296 mOwner=null mUuid=null 
05-23 11:05:41.646   592   647 W MountService:     mUserLabel=null mState=removed  avail = false Volume state :removed
05-23 11:05:41.646   592   921 D TelephonyRegistry: listen: E pkg=com.alading.launcher events=0x1e1 myUid=0 callerUid=0
05-23 11:05:41.646   592   592 D MobileDataStateTracker: dm0: dm setting isAvailable to true
05-23 11:05:41.646   592   592 D MobileDataStateTracker: dm0: Received state=DISCONNECTED, old=DISCONNECTED, reason=simLoaded
05-23 11:05:41.656   592   592 D MobileDataStateTracker: hipri0: receive android.intent.action.ANY_DATA_STATE
05-23 11:05:41.656   592   592 D MobileDataStateTracker: hipri0: Broadcast received: ACTION_ANY_DATA_CONNECTION_STATE_CHANGEDmApnType=hipri != received apnType=dm
05-23 11:05:41.656   592   592 D MobileDataStateTracker: cbs0: receive android.intent.action.ANY_DATA_STATE
05-23 11:05:41.656   592   592 D MobileDataStateTracker: cbs0: Broadcast received: ACTION_ANY_DATA_CONNECTION_STATE_CHANGEDmApnType=cbs != received apnType=dm
05-23 11:05:41.656   592   592 D MobileDataStateTracker: ims0: receive android.intent.action.ANY_DATA_STATE
05-23 11:05:41.656   592   592 D MobileDataStateTracker: ims0: Broadcast received: ACTION_ANY_DATA_CONNECTION_STATE_CHANGEDmApnType=ims != received apnType=dm
05-23 11:05:41.656   592   592 D MobileDataStateTracker: fota0: receive android.intent.action.ANY_DATA_STATE
05-23 11:05:41.656   592   592 D MobileDataStateTracker: fota0: Broadcast received: ACTION_ANY_DATA_CONNECTION_STATE_CHANGEDmApnType=fota != received apnType=dm
05-23 11:05:41.656   592   592 D MobileDataStateTracker: supl0: receive android.intent.action.ANY_DATA_STATE
05-23 11:05:41.656   592   592 D MobileDataStateTracker: supl0: Broadcast received: ACTION_ANY_DATA_CONNECTION_STATE_CHANGEDmApnType=supl != received apnType=dm
05-23 11:05:41.656   592   592 D MobileDataStateTracker: mms0: receive android.intent.action.ANY_DATA_STATE
05-23 11:05:41.656   592   592 D MobileDataStateTracker: mms0: Broadcast received: ACTION_ANY_DATA_CONNECTION_STATE_CHANGEDmApnType=mms != received apnType=dm
05-23 11:05:41.656   592   592 D MobileDataStateTracker: default0: receive android.intent.action.ANY_DATA_STATE
05-23 11:05:41.656   592   592 D MobileDataStateTracker: default0: Broadcast received: ACTION_ANY_DATA_CONNECTION_STATE_CHANGEDmApnType=default != received apnType=dm
05-23 11:05:41.656   592   592 D MobileDataStateTracker: wap0: receive android.intent.action.ANY_DATA_STATE
05-23 11:05:41.656   592   592 D MobileDataStateTracker: wap0: Broadcast received: ACTION_ANY_DATA_CONNECTION_STATE_CHANGEDmApnType=wap == received apnType=wap
05-23 11:05:41.656   592   592 D MobileDataStateTracker: wap0: Broadcast received: android.intent.action.ANY_DATA_STATE apnType=wap
05-23 11:05:41.656   592   857 D BroadcastQueue: Schedule broadcasts [background]: current=false
05-23 11:05:41.656   592   607 D BroadcastQueue: Received BROADCAST_INTENT_MSG
05-23 11:05:41.656   592   921 D TelephonyRegistry: validateEventsAndUserLocked: valid=false r.callerUid=0 foregroundUser=0 r.events=481 events=16
05-23 11:05:41.656   592   607 D BroadcastQueue: processNextBroadcast(background) called when not idle (state=1)
05-23 11:05:41.656   592   921 D TelephonyRegistry: validateEventsAndUserLocked: valid=false r.callerUid=0 foregroundUser=0 r.events=481 events=1024
05-23 11:05:41.656   592   921 D TelephonyRegistry: listen: E pkg=com.alading.launcher events=0x1e1 myUid=0 callerUid=0
05-23 11:05:41.656   592   921 I TelephonyRegistry: listen: add new record={pkgForDebug=com.alading.launcher callerUid=0 events=0}
05-23 11:05:41.656   592   921 D TelephonyRegistry: validateEventsAndUserLocked: valid=false r.callerUid=0 foregroundUser=0 r.events=481 events=16
05-23 11:05:41.656   592   921 D TelephonyRegistry: validateEventsAndUserLocked: valid=false r.callerUid=0 foregroundUser=0 r.events=481 events=1024
05-23 11:05:41.656   592   921 D TelephonyRegistry: listen: E pkg=com.alading.launcher events=0x1e1 myUid=0 callerUid=0
05-23 11:05:41.656   592   921 D TelephonyRegistry: validateEventsAndUserLocked: valid=false r.callerUid=0 foregroundUser=0 r.events=481 events=16
05-23 11:05:41.656   592   921 D TelephonyRegistry: validateEventsAndUserLocked: valid=false r.callerUid=0 foregroundUser=0 r.events=481 events=1024
05-23 11:05:41.656   592   921 D TelephonyRegistry: listen: E pkg=com.alading.launcher events=0x1e1 myUid=0 callerUid=0
05-23 11:05:41.656   592   921 D TelephonyRegistry: validateEventsAndUserLocked: valid=false r.callerUid=0 foregroundUser=0 r.events=481 events=16
05-23 11:05:41.656   592   921 D TelephonyRegistry: validateEventsAndUserLocked: valid=false r.callerUid=0 foregroundUser=0 r.events=481 events=1024
05-23 11:05:41.707   592   592 D MobileDataStateTracker: wap0: wap setting isAvailable to true
05-23 11:05:41.707   592   592 D MobileDataStateTracker: wap0: Received state=DISCONNECTED, old=DISCONNECTED, reason=simLoaded
05-23 11:05:41.707   592   592 D MobileDataStateTracker: null0: receive android.intent.action.ANY_DATA_STATE
05-23 11:05:41.707   592   592 D MobileDataStateTracker: null0: Broadcast received: ACTION_ANY_DATA_CONNECTION_STATE_CHANGEDmApnType=null != received apnType=wap
05-23 11:05:41.707   592   592 D MobileDataStateTracker: xcap0: receive android.intent.action.ANY_DATA_STATE
05-23 11:05:41.707   592   592 D MobileDataStateTracker: xcap0: Broadcast received: ACTION_ANY_DATA_CONNECTION_STATE_CHANGEDmApnType=xcap != received apnType=wap
05-23 11:05:41.707   592   592 D MobileDataStateTracker: dm0: receive android.intent.action.ANY_DATA_STATE
05-23 11:05:41.707   592   592 D MobileDataStateTracker: dm0: Broadcast received: ACTION_ANY_DATA_CONNECTION_STATE_CHANGEDmApnType=dm != received apnType=wap
05-23 11:05:41.707   592   592 D MobileDataStateTracker: hipri0: receive android.intent.action.ANY_DATA_STATE
05-23 11:05:41.707   592   592 D MobileDataStateTracker: hipri0: Broadcast received: ACTION_ANY_DATA_CONNECTION_STATE_CHANGEDmApnType=hipri != received apnType=wap
05-23 11:05:41.707   592   592 D MobileDataStateTracker: cbs0: receive android.intent.action.ANY_DATA_STATE
05-23 11:05:41.707   592   592 D MobileDataStateTracker: cbs0: Broadcast received: ACTION_ANY_DATA_CONNECTION_STATE_CHANGEDmApnType=cbs != received apnType=wap
05-23 11:05:41.707   592   592 D MobileDataStateTracker: ims0: receive android.intent.action.ANY_DATA_STATE
05-23 11:05:41.707   592   592 D MobileDataStateTracker: ims0: Broadcast received: ACTION_ANY_DATA_CONNECTION_STATE_CHANGEDmApnType=ims != received apnType=wap
05-23 11:05:41.707   592   592 D MobileDataStateTracker: fota0: receive android.intent.action.ANY_DATA_STATE
05-23 11:05:41.707   592   592 D MobileDataStateTracker: fota0: Broadcast received: ACTION_ANY_DATA_CONNECTION_STATE_CHANGEDmApnType=fota != received apnType=wap
05-23 11:05:41.707   592   592 D MobileDataStateTracker: supl0: receive android.intent.action.ANY_DATA_STATE
05-23 11:05:41.707   592   592 D MobileDataStateTracker: supl0: Broadcast received: ACTION_ANY_DATA_CONNECTION_STATE_CHANGEDmApnType=supl != received apnType=wap
05-23 11:05:41.707   592   592 D MobileDataStateTracker: mms0: receive android.intent.action.ANY_DATA_STATE
05-23 11:05:41.707   592   592 D MobileDataStateTracker: mms0: Broadcast received: ACTION_ANY_DATA_CONNECTION_STATE_CHANGEDmApnType=mms != received apnType=wap
05-23 11:05:41.707   592   592 D MobileDataStateTracker: default0: receive android.intent.action.ANY_DATA_STATE
05-23 11:05:41.707   592   592 D MobileDataStateTracker: default0: Broadcast received: ACTION_ANY_DATA_CONNECTION_STATE_CHANGEDmApnType=default != received apnType=wap
05-23 11:05:41.707   592   592 D MobileDataStateTracker: wap0: receive android.intent.action.ANY_DATA_STATE
05-23 11:05:41.707   592   592 D MobileDataStateTracker: wap0: Broadcast received: ACTION_ANY_DATA_CONNECTION_STATE_CHANGEDmApnType=wap != received apnType=fota
05-23 11:05:41.707   592   592 D MobileDataStateTracker: null0: receive android.intent.action.ANY_DATA_STATE
05-23 11:05:41.707   592   592 D MobileDataStateTracker: null0: Broadcast received: ACTION_ANY_DATA_CONNECTION_STATE_CHANGEDmApnType=null != received apnType=fota
05-23 11:05:41.707   592   592 D MobileDataStateTracker: xcap0: receive android.intent.action.ANY_DATA_STATE
05-23 11:05:41.707   592   592 D MobileDataStateTracker: xcap0: Broadcast received: ACTION_ANY_DATA_CONNECTION_STATE_CHANGEDmApnType=xcap != received apnType=fota
05-23 11:05:41.707   592   592 D MobileDataStateTracker: dm0: receive android.intent.action.ANY_DATA_STATE
05-23 11:05:41.707   592   592 D MobileDataStateTracker: dm0: Broadcast received: ACTION_ANY_DATA_CONNECTION_STATE_CHANGEDmApnType=dm != received apnType=fota
05-23 11:05:41.707   592   592 D MobileDataStateTracker: hipri0: receive android.intent.action.ANY_DATA_STATE
05-23 11:05:41.707   592   592 D MobileDataStateTracker: hipri0: Broadcast received: ACTION_ANY_DATA_CONNECTION_STATE_CHANGEDmApnType=hipri != received apnType=fota
05-23 11:05:41.707   592   592 D MobileDataStateTracker: cbs0: receive android.intent.action.ANY_DATA_STATE
05-23 11:05:41.707   592   592 D MobileDataStateTracker: cbs0: Broadcast received: ACTION_ANY_DATA_CONNECTION_STATE_CHANGEDmApnType=cbs != received apnType=fota
05-23 11:05:41.717   592   592 D MobileDataStateTracker: ims0: receive android.intent.action.ANY_DATA_STATE
05-23 11:05:41.717   592   592 D MobileDataStateTracker: ims0: Broadcast received: ACTION_ANY_DATA_CONNECTION_STATE_CHANGEDmApnType=ims != received apnType=fota
05-23 11:05:41.717   592   592 D MobileDataStateTracker: fota0: receive android.intent.action.ANY_DATA_STATE
05-23 11:05:41.717   592   592 D MobileDataStateTracker: fota0: Broadcast received: ACTION_ANY_DATA_CONNECTION_STATE_CHANGEDmApnType=fota == received apnType=fota
05-23 11:05:41.727   592   592 D MobileDataStateTracker: fota0: Broadcast received: android.intent.action.ANY_DATA_STATE apnType=fota
05-23 11:05:41.727   592   921 D TelephonyRegistry: listen: E pkg=com.alading.launcher events=0x1e1 myUid=0 callerUid=0
05-23 11:05:41.727   592   603 I TelephonyRegistry: notifyDataConnection: state=0 isDataConnectivityPossible=false reason='simLoaded' apn='null' apnType=ims networkType=0 mRecords.size()=11 mRecords=[{pkgForDebug=android callerUid=0 events=1c1}, {pkgForDebug=android callerUid=0 events=20}, {pkgForDebug=com.android.systemui callerUid=0 events=41e1}, {pkgForDebug=com.android.systemui callerUid=0 events=4000}, {pkgForDebug=com.android.phone callerUid=0 events=c}, {pkgForDebug=com.android.phone callerUid=0 events=1}, {pkgForDebug=com.android.phone callerUid=0 events=9}, {pkgForDebug=android callerUid=0 events=1}, {pkgForDebug=com.iflytek.inputmethod callerUid=0 events=20}, {pkgForDebug=com.android.keyguard callerUid=0 events=1}, {pkgForDebug=com.alading.launcher callerUid=0 events=1e1}] linkProperties: null
05-23 11:05:41.727   592   921 D TelephonyRegistry: validateEventsAndUserLocked: valid=false r.callerUid=0 foregroundUser=0 r.events=481 events=16
05-23 11:05:41.727   592   592 D MobileDataStateTracker: fota0: fota setting isAvailable to true
05-23 11:05:41.727   592   921 D TelephonyRegistry: validateEventsAndUserLocked: valid=false r.callerUid=0 foregroundUser=0 r.events=481 events=1024
05-23 11:05:41.727   592   592 D MobileDataStateTracker: fota0: Received state=DISCONNECTED, old=DISCONNECTED, reason=simLoaded
05-23 11:05:41.727   592   592 D MobileDataStateTracker: supl0: receive android.intent.action.ANY_DATA_STATE
05-23 11:05:41.727   592   603 D BroadcastQueue: Schedule broadcasts [background]: current=false
05-23 11:05:41.727   592   592 D MobileDataStateTracker: supl0: Broadcast received: ACTION_ANY_DATA_CONNECTION_STATE_CHANGEDmApnType=supl != received apnType=fota
05-23 11:05:41.727   592   592 D MobileDataStateTracker: mms0: receive android.intent.action.ANY_DATA_STATE
05-23 11:05:41.727   592   592 D MobileDataStateTracker: mms0: Broadcast received: ACTION_ANY_DATA_CONNECTION_STATE_CHANGEDmApnType=mms != received apnType=fota
05-23 11:05:41.727   592   592 D MobileDataStateTracker: default0: receive android.intent.action.ANY_DATA_STATE
05-23 11:05:41.727   592   592 D MobileDataStateTracker: default0: Broadcast received: ACTION_ANY_DATA_CONNECTION_STATE_CHANGEDmApnType=default != received apnType=fota
05-23 11:05:41.737   592   607 D BroadcastQueue: Received BROADCAST_INTENT_MSG
05-23 11:05:41.737   592   607 D BroadcastQueue: processNextBroadcast(background) called when not idle (state=1)
05-23 11:05:41.737   592   757 I TelephonyRegistry: notifyDataConnection: state=0 isDataConnectivityPossible=false reason='simLoaded' apn='null' apnType=default networkType=0 mRecords.size()=11 mRecords=[{pkgForDebug=android callerUid=0 events=1c1}, {pkgForDebug=android callerUid=0 events=20}, {pkgForDebug=com.android.systemui callerUid=0 events=41e1}, {pkgForDebug=com.android.systemui callerUid=0 events=4000}, {pkgForDebug=com.android.phone callerUid=0 events=c}, {pkgForDebug=com.android.phone callerUid=0 events=1}, {pkgForDebug=com.android.phone callerUid=0 events=9}, {pkgForDebug=android callerUid=0 events=1}, {pkgForDebug=com.iflytek.inputmethod callerUid=0 events=20}, {pkgForDebug=com.android.keyguard callerUid=0 events=1}, {pkgForDebug=com.alading.launcher callerUid=0 events=1e1}] linkProperties: null
05-23 11:05:41.737   592   757 D BroadcastQueue: Schedule broadcasts [background]: current=false
05-23 11:05:41.737   592   607 D BroadcastQueue: Received BROADCAST_INTENT_MSG
05-23 11:05:41.747   592   607 D BroadcastQueue: processNextBroadcast(background) called when not idle (state=1)
05-23 11:05:41.797   592   592 D MobileDataStateTracker: wap0: receive android.intent.action.ANY_DATA_STATE
05-23 11:05:41.807   592   857 I TelephonyRegistry: notifyDataConnection: state=0 isDataConnectivityPossible=false reason='simLoaded' apn='null' apnType=mms networkType=0 mRecords.size()=11 mRecords=[{pkgForDebug=android callerUid=0 events=1c1}, {pkgForDebug=android callerUid=0 events=20}, {pkgForDebug=com.android.systemui callerUid=0 events=41e1}, {pkgForDebug=com.android.systemui callerUid=0 events=4000}, {pkgForDebug=com.android.phone callerUid=0 events=c}, {pkgForDebug=com.android.phone callerUid=0 events=1}, {pkgForDebug=com.android.phone callerUid=0 events=9}, {pkgForDebug=android callerUid=0 events=1}, {pkgForDebug=com.iflytek.inputmethod callerUid=0 events=20}, {pkgForDebug=com.android.keyguard callerUid=0 events=1}, {pkgForDebug=com.alading.launcher callerUid=0 events=1e1}] linkProperties: null
05-23 11:05:41.807   592   592 D MobileDataStateTracker: wap0: Broadcast received: ACTION_ANY_DATA_CONNECTION_STATE_CHANGEDmApnType=wap != received apnType=supl
05-23 11:05:41.807   592   857 D BroadcastQueue: Schedule broadcasts [background]: current=false
05-23 11:05:41.807   592   592 D MobileDataStateTracker: null0: receive android.intent.action.ANY_DATA_STATE
05-23 11:05:41.807   592   592 D MobileDataStateTracker: null0: Broadcast received: ACTION_ANY_DATA_CONNECTION_STATE_CHANGEDmApnType=null != received apnType=supl
05-23 11:05:41.807   592   607 D BroadcastQueue: Received BROADCAST_INTENT_MSG
05-23 11:05:41.817   592   922 V WindowManager: New client android.os.BinderProxy@420b7198: window=Window{42286490 u0 com.alading.launcher/com.alading.launcher.MainActivity}
05-23 11:05:41.817   592   592 D MobileDataStateTracker: xcap0: receive android.intent.action.ANY_DATA_STATE
05-23 11:05:41.937   592   592 D MobileDataStateTracker: xcap0: Broadcast received: ACTION_ANY_DATA_CONNECTION_STATE_CHANGEDmApnType=xcap != received apnType=supl
05-23 11:05:41.937   592   592 D MobileDataStateTracker: dm0: receive android.intent.action.ANY_DATA_STATE
05-23 11:05:41.937   592   592 D MobileDataStateTracker: dm0: Broadcast received: ACTION_ANY_DATA_CONNECTION_STATE_CHANGEDmApnType=dm != received apnType=supl
05-23 11:05:41.937   592   592 D MobileDataStateTracker: hipri0: receive android.intent.action.ANY_DATA_STATE
05-23 11:05:41.937   592   592 D MobileDataStateTracker: hipri0: Broadcast received: ACTION_ANY_DATA_CONNECTION_STATE_CHANGEDmApnType=hipri != received apnType=supl
05-23 11:05:41.937   592   592 D MobileDataStateTracker: cbs0: receive android.intent.action.ANY_DATA_STATE
05-23 11:05:41.937   592   592 D MobileDataStateTracker: cbs0: Broadcast received: ACTION_ANY_DATA_CONNECTION_STATE_CHANGEDmApnType=cbs != received apnType=supl
05-23 11:05:41.937   592   592 D MobileDataStateTracker: ims0: receive android.intent.action.ANY_DATA_STATE
05-23 11:05:41.937   592   592 D MobileDataStateTracker: ims0: Broadcast received: ACTION_ANY_DATA_CONNECTION_STATE_CHANGEDmApnType=ims != received apnType=supl
05-23 11:05:41.937   592   592 D MobileDataStateTracker: fota0: receive android.intent.action.ANY_DATA_STATE
05-23 11:05:41.937   592   592 D MobileDataStateTracker: fota0: Broadcast received: ACTION_ANY_DATA_CONNECTION_STATE_CHANGEDmApnType=fota != received apnType=supl
05-23 11:05:41.937   592   592 D MobileDataStateTracker: supl0: receive android.intent.action.ANY_DATA_STATE
05-23 11:05:41.937   592   592 D MobileDataStateTracker: supl0: Broadcast received: ACTION_ANY_DATA_CONNECTION_STATE_CHANGEDmApnType=supl == received apnType=supl
05-23 11:05:41.937   592   592 D MobileDataStateTracker: supl0: Broadcast received: android.intent.action.ANY_DATA_STATE apnType=supl
05-23 11:05:41.937   592   667 I TelephonyRegistry: notifyDataConnection: state=0 isDataConnectivityPossible=false reason='simLoaded' apn='null' apnType=cbs networkType=0 mRecords.size()=11 mRecords=[{pkgForDebug=android callerUid=0 events=1c1}, {pkgForDebug=android callerUid=0 events=20}, {pkgForDebug=com.android.systemui callerUid=0 events=41e1}, {pkgForDebug=com.android.systemui callerUid=0 events=4000}, {pkgForDebug=com.android.phone callerUid=0 events=c}, {pkgForDebug=com.android.phone callerUid=0 events=1}, {pkgForDebug=com.android.phone callerUid=0 events=9}, {pkgForDebug=android callerUid=0 events=1}, {pkgForDebug=com.iflytek.inputmethod callerUid=0 events=20}, {pkgForDebug=com.android.keyguard callerUid=0 events=1}, {pkgForDebug=com.alading.launcher callerUid=0 events=1e1}] linkProperties: null
05-23 11:05:41.937   592   607 D BroadcastQueue: processNextBroadcast(background) called when not idle (state=1)
05-23 11:05:41.937   592   921 I ActivityManager: Trim uncessary processes.
05-23 11:05:41.937   592   921 I ActivityManager: async trigger rtcc
05-23 11:05:41.937   592   921 I ActivityManager: Resumed activity; dropping state of: ActivityRecord{420c3e20 u0 com.alading.launcher/.MainActivity t1}
05-23 11:05:41.947   592   667 D BroadcastQueue: Schedule broadcasts [background]: current=false
05-23 11:05:41.947   592   607 D BroadcastQueue: Received BROADCAST_INTENT_MSG
05-23 11:05:41.957   592   607 D BroadcastQueue: processNextBroadcast(background) called when not idle (state=1)
05-23 11:05:41.967   592   592 D MobileDataStateTracker: supl0: supl setting isAvailable to true
05-23 11:05:41.967   592   592 D MobileDataStateTracker: supl0: Received state=DISCONNECTED, old=DISCONNECTED, reason=simLoaded
05-23 11:05:41.967   592   592 D MobileDataStateTracker: mms0: receive android.intent.action.ANY_DATA_STATE
05-23 11:05:41.967   592   592 D MobileDataStateTracker: mms0: Broadcast received: ACTION_ANY_DATA_CONNECTION_STATE_CHANGEDmApnType=mms != received apnType=supl
05-23 11:05:41.967   592   592 D MobileDataStateTracker: default0: receive android.intent.action.ANY_DATA_STATE
05-23 11:05:41.967   592   592 D MobileDataStateTracker: default0: Broadcast received: ACTION_ANY_DATA_CONNECTION_STATE_CHANGEDmApnType=default != received apnType=supl
05-23 11:05:41.967   592   592 D MobileDataStateTracker: wap0: receive android.intent.action.ANY_DATA_STATE
05-23 11:05:41.967   592   592 D MobileDataStateTracker: wap0: Broadcast received: ACTION_ANY_DATA_CONNECTION_STATE_CHANGEDmApnType=wap != received apnType=hipri
05-23 11:05:41.977   152  1058 W SocketClient: write error (Broken pipe)
05-23 11:05:41.987   592   921 I TelephonyRegistry: notifyDataConnection: state=0 isDataConnectivityPossible=false reason='simLoaded' apn='null' apnType=xcap networkType=0 mRecords.size()=11 mRecords=[{pkgForDebug=android callerUid=0 events=1c1}, {pkgForDebug=android callerUid=0 events=20}, {pkgForDebug=com.android.systemui callerUid=0 events=41e1}, {pkgForDebug=com.android.systemui callerUid=0 events=4000}, {pkgForDebug=com.android.phone callerUid=0 events=c}, {pkgForDebug=com.android.phone callerUid=0 events=1}, {pkgForDebug=com.android.phone callerUid=0 events=9}, {pkgForDebug=android callerUid=0 events=1}, {pkgForDebug=com.iflytek.inputmethod callerUid=0 events=20}, {pkgForDebug=com.android.keyguard callerUid=0 events=1}, {pkgForDebug=com.alading.launcher callerUid=0 events=1e1}] linkProperties: null
05-23 11:05:41.997   592   592 D MobileDataStateTracker: null0: receive android.intent.action.ANY_DATA_STATE
05-23 11:05:41.997   592   592 D MobileDataStateTracker: null0: Broadcast received: ACTION_ANY_DATA_CONNECTION_STATE_CHANGEDmApnType=null != received apnType=hipri
05-23 11:05:41.997   592   592 D MobileDataStateTracker: xcap0: receive android.intent.action.ANY_DATA_STATE
05-23 11:05:41.997   592   592 D MobileDataStateTracker: xcap0: Broadcast received: ACTION_ANY_DATA_CONNECTION_STATE_CHANGEDmApnType=xcap != received apnType=hipri
05-23 11:05:41.997   592   592 D MobileDataStateTracker: dm0: receive android.intent.action.ANY_DATA_STATE
05-23 11:05:42.007   592   592 D MobileDataStateTracker: dm0: Broadcast received: ACTION_ANY_DATA_CONNECTION_STATE_CHANGEDmApnType=dm != received apnType=hipri
05-23 11:05:42.007   592   592 D MobileDataStateTracker: hipri0: receive android.intent.action.ANY_DATA_STATE
05-23 11:05:42.007   592   921 D BroadcastQueue: Schedule broadcasts [background]: current=false
05-23 11:05:42.007   592   592 D MobileDataStateTracker: hipri0: Broadcast received: ACTION_ANY_DATA_CONNECTION_STATE_CHANGEDmApnType=hipri == received apnType=hipri
05-23 11:05:42.017   592   592 D MobileDataStateTracker: hipri0: Broadcast received: android.intent.action.ANY_DATA_STATE apnType=hipri
05-23 11:05:42.017   592   607 D BroadcastQueue: Received BROADCAST_INTENT_MSG
05-23 11:05:42.097   592   607 D BroadcastQueue: processNextBroadcast(background) called when not idle (state=1)
05-23 11:05:42.127   592   592 D MobileDataStateTracker: hipri0: hipri setting isAvailable to true
05-23 11:05:42.127   592   592 D MobileDataStateTracker: hipri0: Received state=DISCONNECTED, old=DISCONNECTED, reason=simLoaded
05-23 11:05:42.127   592   592 D MobileDataStateTracker: cbs0: receive android.intent.action.ANY_DATA_STATE
05-23 11:05:42.137   592   592 D MobileDataStateTracker: cbs0: Broadcast received: ACTION_ANY_DATA_CONNECTION_STATE_CHANGEDmApnType=cbs != received apnType=hipri
05-23 11:05:42.137   592   592 D MobileDataStateTracker: ims0: receive android.intent.action.ANY_DATA_STATE
05-23 11:05:42.137   592   592 D MobileDataStateTracker: ims0: Broadcast received: ACTION_ANY_DATA_CONNECTION_STATE_CHANGEDmApnType=ims != received apnType=hipri
05-23 11:05:42.147   592   603 D BroadcastQueue: Schedule broadcasts [background]: current=false
05-23 11:05:42.147   592   607 D BroadcastQueue: Received BROADCAST_INTENT_MSG
05-23 11:05:42.147   592   603 D BroadcastQueue: enqueueOrderedBroadcastLocked after add: BroadcastRecord{421ee4f0 u-1 android.intent.action.SIM_STATE_CHANGED} , the first order broadcast is:BroadcastRecord{421a93f8 u-1 android.intent.action.SIM_STATE_CHANGED} size:17 is: background
05-23 11:05:42.147   592   606 D WindowManager: performEnableScreen: mDisplayEnabled=false mForceDisplayEnabled=false mShowingBootMessages=false mSystemBooted=true mOnlyCore=false
05-23 11:05:42.147   592   606 D WindowManager: performEnableScreen: window =Window{42234880 u0 Keyguard} and return
05-23 11:05:42.147   592   603 D BroadcastQueue: Schedule broadcasts [background]: current=true
05-23 11:05:42.147   592   592 D MobileDataStateTracker: fota0: receive android.intent.action.ANY_DATA_STATE
05-23 11:05:42.157   592   607 D BroadcastQueue: processNextBroadcast(background) called when not idle (state=1)
05-23 11:05:42.157   592   592 D MobileDataStateTracker: fota0: Broadcast received: ACTION_ANY_DATA_CONNECTION_STATE_CHANGEDmApnType=fota != received apnType=hipri
05-23 11:05:42.157   592   592 D MobileDataStateTracker: supl0: receive android.intent.action.ANY_DATA_STATE
05-23 11:05:42.157   592   592 D MobileDataStateTracker: supl0: Broadcast received: ACTION_ANY_DATA_CONNECTION_STATE_CHANGEDmApnType=supl != received apnType=hipri
05-23 11:05:42.157   592   592 D MobileDataStateTracker: mms0: receive android.intent.action.ANY_DATA_STATE
05-23 11:05:42.157   592   592 D MobileDataStateTracker: mms0: Broadcast received: ACTION_ANY_DATA_CONNECTION_STATE_CHANGEDmApnType=mms != received apnType=hipri
05-23 11:05:42.157   592   592 D MobileDataStateTracker: default0: receive android.intent.action.ANY_DATA_STATE
05-23 11:05:42.157   592   592 D MobileDataStateTracker: default0: Broadcast received: ACTION_ANY_DATA_CONNECTION_STATE_CHANGEDmApnType=default != received apnType=hipri
05-23 11:05:42.167   592   923 D BroadcastQueue: Schedule broadcasts [background]: current=false
05-23 11:05:42.167   592   607 D BroadcastQueue: Received BROADCAST_INTENT_MSG
05-23 11:05:42.167   592   607 D BroadcastQueue: processNextBroadcast(background) called when not idle (state=1)
05-23 11:05:42.177   592   592 D MobileDataStateTracker: wap0: receive android.intent.action.ANY_DATA_STATE
05-23 11:05:42.177   592   592 D MobileDataStateTracker: wap0: Broadcast received: ACTION_ANY_DATA_CONNECTION_STATE_CHANGEDmApnType=wap != received apnType=ims
05-23 11:05:42.177   592   592 D MobileDataStateTracker: null0: receive android.intent.action.ANY_DATA_STATE
05-23 11:05:42.177   592   592 D MobileDataStateTracker: null0: Broadcast received: ACTION_ANY_DATA_CONNECTION_STATE_CHANGEDmApnType=null != received apnType=ims
05-23 11:05:42.177   592   592 D MobileDataStateTracker: xcap0: receive android.intent.action.ANY_DATA_STATE
05-23 11:05:42.177   592   592 D MobileDataStateTracker: xcap0: Broadcast received: ACTION_ANY_DATA_CONNECTION_STATE_CHANGEDmApnType=xcap != received apnType=ims
05-23 11:05:42.177   592   592 D MobileDataStateTracker: dm0: receive android.intent.action.ANY_DATA_STATE
05-23 11:05:42.177   592   592 D MobileDataStateTracker: dm0: Broadcast received: ACTION_ANY_DATA_CONNECTION_STATE_CHANGEDmApnType=dm != received apnType=ims
05-23 11:05:42.187   592   592 D MobileDataStateTracker: hipri0: receive android.intent.action.ANY_DATA_STATE
05-23 11:05:42.187   592   592 D MobileDataStateTracker: hipri0: Broadcast received: ACTION_ANY_DATA_CONNECTION_STATE_CHANGEDmApnType=hipri != received apnType=ims
05-23 11:05:42.187   592   592 D MobileDataStateTracker: cbs0: receive android.intent.action.ANY_DATA_STATE
05-23 11:05:42.187   592   592 D MobileDataStateTracker: cbs0: Broadcast received: ACTION_ANY_DATA_CONNECTION_STATE_CHANGEDmApnType=cbs != received apnType=ims
05-23 11:05:42.187   592   592 D MobileDataStateTracker: ims0: receive android.intent.action.ANY_DATA_STATE
05-23 11:05:42.187   592   592 D MobileDataStateTracker: ims0: Broadcast received: ACTION_ANY_DATA_CONNECTION_STATE_CHANGEDmApnType=ims == received apnType=ims
05-23 11:05:42.187   592   592 D MobileDataStateTracker: ims0: Broadcast received: android.intent.action.ANY_DATA_STATE apnType=ims
05-23 11:05:42.207   592   592 D MobileDataStateTracker: ims0: ims setting isAvailable to true
05-23 11:05:42.207   592   592 D MobileDataStateTracker: ims0: Received state=DISCONNECTED, old=DISCONNECTED, reason=simLoaded
05-23 11:05:42.207   592   592 D MobileDataStateTracker: fota0: receive android.intent.action.ANY_DATA_STATE
05-23 11:05:42.207   592   592 D MobileDataStateTracker: fota0: Broadcast received: ACTION_ANY_DATA_CONNECTION_STATE_CHANGEDmApnType=fota != received apnType=ims
05-23 11:05:42.207   592   592 D MobileDataStateTracker: supl0: receive android.intent.action.ANY_DATA_STATE
05-23 11:05:42.207   592   592 D MobileDataStateTracker: supl0: Broadcast received: ACTION_ANY_DATA_CONNECTION_STATE_CHANGEDmApnType=supl != received apnType=ims
05-23 11:05:42.207   592   592 D MobileDataStateTracker: mms0: receive android.intent.action.ANY_DATA_STATE
05-23 11:05:42.207   592   592 D MobileDataStateTracker: mms0: Broadcast received: ACTION_ANY_DATA_CONNECTION_STATE_CHANGEDmApnType=mms != received apnType=ims
