05-23 11:05:32.718   592   832 I TelephonyRegistry: notifyDataConnection: state=0 isDataConnectivityPossible=false reason='dataDetached' apn='null' apnType=cbs networkType=0 mRecords.size()=8 mRecords=[{pkgForDebug=android callerUid=0 events=1c1}, {pkgForDebug=android callerUid=0 events=20}, {pkgForDebug=com.android.systemui callerUid=0 events=41e1}, {pkgForDebug=com.android.systemui callerUid=0 events=4000}, {pkgForDebug=com.android.phone callerUid=0 events=c}, {pkgForDebug=com.android.phone callerUid=0 events=1}, {pkgForDebug=com.android.phone callerUid=0 events=9}, {pkgForDebug=android callerUid=0 events=1}] linkProperties: null
05-23 11:05:32.718   592   607 D BroadcastQueue: Received BROADCAST_INTENT_MSG
05-23 11:05:32.718   592   592 D MobileDataStateTracker: wap0: receive android.intent.action.ANY_DATA_STATE
05-23 11:05:32.718   592   592 D MobileDataStateTracker: wap0: Broadcast received: ACTION_ANY_DATA_CONNECTION_STATE_CHANGEDmApnType=wap != received apnType=cbs
05-23 11:05:32.718   592   592 D MobileDataStateTracker: null0: receive android.intent.action.ANY_DATA_STATE
05-23 11:05:32.718   592   592 D MobileDataStateTracker: null0: Broadcast received: ACTION_ANY_DATA_CONNECTION_STATE_CHANGEDmApnType=null != received apnType=cbs
05-23 11:05:32.718   592   592 D MobileDataStateTracker: xcap0: receive android.intent.action.ANY_DATA_STATE
05-23 11:05:32.718   592   592 D MobileDataStateTracker: xcap0: Broadcast received: ACTION_ANY_DATA_CONNECTION_STATE_CHANGEDmApnType=xcap != received apnType=cbs
05-23 11:05:32.728   592   592 D MobileDataStateTracker: dm0: receive android.intent.action.ANY_DATA_STATE
05-23 11:05:32.728   592   592 D MobileDataStateTracker: dm0: Broadcast received: ACTION_ANY_DATA_CONNECTION_STATE_CHANGEDmApnType=dm != received apnType=cbs
05-23 11:05:32.728   592   592 D MobileDataStateTracker: hipri0: receive android.intent.action.ANY_DATA_STATE
05-23 11:05:32.728   592   592 D MobileDataStateTracker: hipri0: Broadcast received: ACTION_ANY_DATA_CONNECTION_STATE_CHANGEDmApnType=hipri != received apnType=cbs
05-23 11:05:32.728   592   922 D PowerManagerService: releaseWakeLockInternal: lock=1109501688 [GsmCellBroadcastHandler], flags=0x0 pkg name:com.android.phone
05-23 11:05:32.728   592   592 D MobileDataStateTracker: cbs0: receive android.intent.action.ANY_DATA_STATE
05-23 11:05:32.738   592   592 D MobileDataStateTracker: cbs0: Broadcast received: ACTION_ANY_DATA_CONNECTION_STATE_CHANGEDmApnType=cbs == received apnType=cbs
05-23 11:05:32.738   592   924 D PowerManagerService: releaseWakeLockInternal: lock=1109423112 [CdmaInboundSmsHandler], flags=0x0 pkg name:com.android.phone
05-23 11:05:32.738   592   592 D MobileDataStateTracker: cbs0: Broadcast received: android.intent.action.ANY_DATA_STATE apnType=cbs
05-23 11:05:32.738   592   921 D PowerManagerService: releaseWakeLockInternal: lock=1109413624 [GsmInboundSmsHandler], flags=0x0 pkg name:com.android.phone
05-23 11:05:32.738   592   592 D MobileDataStateTracker: cbs0: cbs setting isAvailable to true
05-23 11:05:32.738   592   592 D MobileDataStateTracker: cbs0: Received state=DISCONNECTED, old=DISCONNECTED, reason=radioTurnedOff
05-23 11:05:32.748   592   592 D MobileDataStateTracker: ims0: receive android.intent.action.ANY_DATA_STATE
05-23 11:05:32.748   592   592 D MobileDataStateTracker: ims0: Broadcast received: ACTION_ANY_DATA_CONNECTION_STATE_CHANGEDmApnType=ims != received apnType=cbs
05-23 11:05:32.748   592   592 D MobileDataStateTracker: fota0: receive android.intent.action.ANY_DATA_STATE
05-23 11:05:32.748   592   592 D MobileDataStateTracker: fota0: Broadcast received: ACTION_ANY_DATA_CONNECTION_STATE_CHANGEDmApnType=fota != received apnType=cbs
05-23 11:05:32.748   592   592 D MobileDataStateTracker: supl0: receive android.intent.action.ANY_DATA_STATE
05-23 11:05:32.748   592   592 D MobileDataStateTracker: supl0: Broadcast received: ACTION_ANY_DATA_CONNECTION_STATE_CHANGEDmApnType=supl != received apnType=cbs
05-23 11:05:32.748   592   592 D MobileDataStateTracker: mms0: receive android.intent.action.ANY_DATA_STATE
05-23 11:05:32.748   592   592 D MobileDataStateTracker: mms0: Broadcast received: ACTION_ANY_DATA_CONNECTION_STATE_CHANGEDmApnType=mms != received apnType=cbs
05-23 11:05:32.758   592   592 D MobileDataStateTracker: default0: receive android.intent.action.ANY_DATA_STATE
05-23 11:05:32.758   592   592 D MobileDataStateTracker: default0: Broadcast received: ACTION_ANY_DATA_CONNECTION_STATE_CHANGEDmApnType=default != received apnType=cbs
05-23 11:05:32.758   592   592 D MobileDataStateTracker: wap0: receive android.intent.action.ANY_DATA_STATE
05-23 11:05:32.758   592   923 D PowerManagerService: releaseWakeLockInternal: lock=1109505152 [CellBroadcastHandler], flags=0x0 pkg name:com.android.phone
05-23 11:05:32.758   592   592 D MobileDataStateTracker: wap0: Broadcast received: ACTION_ANY_DATA_CONNECTION_STATE_CHANGEDmApnType=wap != received apnType=xcap
05-23 11:05:32.758   592   592 D MobileDataStateTracker: null0: receive android.intent.action.ANY_DATA_STATE
05-23 11:05:32.758   592   592 D MobileDataStateTracker: null0: Broadcast received: ACTION_ANY_DATA_CONNECTION_STATE_CHANGEDmApnType=null != received apnType=xcap
05-23 11:05:32.758   592   592 D MobileDataStateTracker: xcap0: receive android.intent.action.ANY_DATA_STATE
05-23 11:05:32.758   592   592 D MobileDataStateTracker: xcap0: Broadcast received: ACTION_ANY_DATA_CONNECTION_STATE_CHANGEDmApnType=xcap == received apnType=xcap
05-23 11:05:32.758   592   592 D MobileDataStateTracker: xcap0: Broadcast received: android.intent.action.ANY_DATA_STATE apnType=xcap
05-23 11:05:32.758   592   607 D BroadcastQueue: processNextBroadcast(background) called when not idle (state=1)
05-23 11:05:32.768   592   832 D BroadcastQueue: Schedule broadcasts [background]: current=false
05-23 11:05:32.768   592   592 D MobileDataStateTracker: xcap0: xcap setting isAvailable to true
05-23 11:05:32.768   592   607 D BroadcastQueue: Received BROADCAST_INTENT_MSG
05-23 11:05:32.768   592   592 D MobileDataStateTracker: xcap0: Received state=DISCONNECTED, old=DISCONNECTED, reason=radioTurnedOff
05-23 11:05:32.768   592   592 D MobileDataStateTracker: dm0: receive android.intent.action.ANY_DATA_STATE
05-23 11:05:32.768   592   592 D MobileDataStateTracker: dm0: Broadcast received: ACTION_ANY_DATA_CONNECTION_STATE_CHANGEDmApnType=dm != received apnType=xcap
05-23 11:05:32.768   592   592 D MobileDataStateTracker: hipri0: receive android.intent.action.ANY_DATA_STATE
05-23 11:05:32.768   592   592 D MobileDataStateTracker: hipri0: Broadcast received: ACTION_ANY_DATA_CONNECTION_STATE_CHANGEDmApnType=hipri != received apnType=xcap
05-23 11:05:32.768   592   592 D MobileDataStateTracker: cbs0: receive android.intent.action.ANY_DATA_STATE
05-23 11:05:32.768   592   592 D MobileDataStateTracker: cbs0: Broadcast received: ACTION_ANY_DATA_CONNECTION_STATE_CHANGEDmApnType=cbs != received apnType=xcap
05-23 11:05:32.768   592   592 D MobileDataStateTracker: ims0: receive android.intent.action.ANY_DATA_STATE
05-23 11:05:32.768   592   603 I TelephonyRegistry: notifyDataConnection: state=0 isDataConnectivityPossible=false reason='dataDetached' apn='null' apnType=xcap networkType=0 mRecords.size()=8 mRecords=[{pkgForDebug=android callerUid=0 events=1c1}, {pkgForDebug=android callerUid=0 events=20}, {pkgForDebug=com.android.systemui callerUid=0 events=41e1}, {pkgForDebug=com.android.systemui callerUid=0 events=4000}, {pkgForDebug=com.android.phone callerUid=0 events=c}, {pkgForDebug=com.android.phone callerUid=0 events=1}, {pkgForDebug=com.android.phone callerUid=0 events=9}, {pkgForDebug=android callerUid=0 events=1}] linkProperties: null
05-23 11:05:32.768   592   592 D MobileDataStateTracker: ims0: Broadcast received: ACTION_ANY_DATA_CONNECTION_STATE_CHANGEDmApnType=ims != received apnType=xcap
05-23 11:05:32.768   592   592 D MobileDataStateTracker: fota0: receive android.intent.action.ANY_DATA_STATE
05-23 11:05:32.768   592   592 D MobileDataStateTracker: fota0: Broadcast received: ACTION_ANY_DATA_CONNECTION_STATE_CHANGEDmApnType=fota != received apnType=xcap
05-23 11:05:32.768   592   592 D MobileDataStateTracker: supl0: receive android.intent.action.ANY_DATA_STATE
05-23 11:05:32.768   592   592 D MobileDataStateTracker: supl0: Broadcast received: ACTION_ANY_DATA_CONNECTION_STATE_CHANGEDmApnType=supl != received apnType=xcap
05-23 11:05:32.768   592   592 D MobileDataStateTracker: mms0: receive android.intent.action.ANY_DATA_STATE
05-23 11:05:32.768   592   592 D MobileDataStateTracker: mms0: Broadcast received: ACTION_ANY_DATA_CONNECTION_STATE_CHANGEDmApnType=mms != received apnType=xcap
05-23 11:05:32.778   592   592 D MobileDataStateTracker: default0: receive android.intent.action.ANY_DATA_STATE
05-23 11:05:32.778   592   592 D MobileDataStateTracker: default0: Broadcast received: ACTION_ANY_DATA_CONNECTION_STATE_CHANGEDmApnType=default != received apnType=xcap
05-23 11:05:32.778   592   592 D MobileDataStateTracker: wap0: receive android.intent.action.ANY_DATA_STATE
05-23 11:05:32.778   592   592 D MobileDataStateTracker: wap0: Broadcast received: ACTION_ANY_DATA_CONNECTION_STATE_CHANGEDmApnType=wap != received apnType=dm
05-23 11:05:32.778   592   592 D MobileDataStateTracker: null0: receive android.intent.action.ANY_DATA_STATE
05-23 11:05:32.778   592   592 D MobileDataStateTracker: null0: Broadcast received: ACTION_ANY_DATA_CONNECTION_STATE_CHANGEDmApnType=null != received apnType=dm
05-23 11:05:32.778   592   592 D MobileDataStateTracker: xcap0: receive android.intent.action.ANY_DATA_STATE
05-23 11:05:32.778   592   592 D MobileDataStateTracker: xcap0: Broadcast received: ACTION_ANY_DATA_CONNECTION_STATE_CHANGEDmApnType=xcap != received apnType=dm
05-23 11:05:32.778   592   592 D MobileDataStateTracker: dm0: receive android.intent.action.ANY_DATA_STATE
05-23 11:05:32.778   592   607 D BroadcastQueue: processNextBroadcast(background) called when not idle (state=1)
05-23 11:05:32.778   592   592 D MobileDataStateTracker: dm0: Broadcast received: ACTION_ANY_DATA_CONNECTION_STATE_CHANGEDmApnType=dm == received apnType=dm
05-23 11:05:32.778   592   592 D MobileDataStateTracker: dm0: Broadcast received: android.intent.action.ANY_DATA_STATE apnType=dm
05-23 11:05:32.778   592   603 D BroadcastQueue: Schedule broadcasts [background]: current=false
05-23 11:05:32.778   592   592 D MobileDataStateTracker: dm0: dm setting isAvailable to true
05-23 11:05:32.778   592   592 D MobileDataStateTracker: dm0: Received state=DISCONNECTED, old=DISCONNECTED, reason=radioTurnedOff
05-23 11:05:32.778   592   592 D MobileDataStateTracker: hipri0: receive android.intent.action.ANY_DATA_STATE
05-23 11:05:32.778   592   592 D MobileDataStateTracker: hipri0: Broadcast received: ACTION_ANY_DATA_CONNECTION_STATE_CHANGEDmApnType=hipri != received apnType=dm
05-23 11:05:32.778   592   592 D MobileDataStateTracker: cbs0: receive android.intent.action.ANY_DATA_STATE
05-23 11:05:32.778   592   592 D MobileDataStateTracker: cbs0: Broadcast received: ACTION_ANY_DATA_CONNECTION_STATE_CHANGEDmApnType=cbs != received apnType=dm
05-23 11:05:32.778   592   592 D MobileDataStateTracker: ims0: receive android.intent.action.ANY_DATA_STATE
05-23 11:05:32.778   592   607 D BroadcastQueue: Received BROADCAST_INTENT_MSG
05-23 11:05:32.788   592   592 D MobileDataStateTracker: ims0: Broadcast received: ACTION_ANY_DATA_CONNECTION_STATE_CHANGEDmApnType=ims != received apnType=dm
05-23 11:05:32.788   592   925 D PowerManagerService: releaseWakeLockInternal: lock=1109508664 [CdmaServiceCategoryProgramHandler], flags=0x0 pkg name:com.android.phone
05-23 11:05:32.788   592   592 D MobileDataStateTracker: fota0: receive android.intent.action.ANY_DATA_STATE
05-23 11:05:32.788   592   592 D MobileDataStateTracker: fota0: Broadcast received: ACTION_ANY_DATA_CONNECTION_STATE_CHANGEDmApnType=fota != received apnType=dm
05-23 11:05:32.788   592   592 D MobileDataStateTracker: supl0: receive android.intent.action.ANY_DATA_STATE
05-23 11:05:32.788   592   592 D MobileDataStateTracker: supl0: Broadcast received: ACTION_ANY_DATA_CONNECTION_STATE_CHANGEDmApnType=supl != received apnType=dm
05-23 11:05:32.788   592   592 D MobileDataStateTracker: mms0: receive android.intent.action.ANY_DATA_STATE
05-23 11:05:32.788   592   592 D MobileDataStateTracker: mms0: Broadcast received: ACTION_ANY_DATA_CONNECTION_STATE_CHANGEDmApnType=mms != received apnType=dm
05-23 11:05:32.798   592   592 D MobileDataStateTracker: default0: receive android.intent.action.ANY_DATA_STATE
05-23 11:05:32.798   592   592 D MobileDataStateTracker: default0: Broadcast received: ACTION_ANY_DATA_CONNECTION_STATE_CHANGEDmApnType=default != received apnType=dm
05-23 11:05:32.798   592   592 D MobileDataStateTracker: wap0: receive android.intent.action.ANY_DATA_STATE
05-23 11:05:32.868   592   592 D MobileDataStateTracker: wap0: Broadcast received: ACTION_ANY_DATA_CONNECTION_STATE_CHANGEDmApnType=wap == received apnType=wap
05-23 11:05:32.868   592   667 D PowerManagerService: releaseWakeLockInternal: lock=1109506912 [CdmaInboundSmsHandler], flags=0x0 pkg name:com.android.phone
05-23 11:05:32.868   592   592 D MobileDataStateTracker: wap0: Broadcast received: android.intent.action.ANY_DATA_STATE apnType=wap
05-23 11:05:32.868   592   922 D PowerManagerService: releaseWakeLockInternal: lock=1109503456 [GsmInboundSmsHandler], flags=0x0 pkg name:com.android.phone
05-23 11:05:32.878   592   924 D PowerManagerService: releaseWakeLockInternal: lock=1108239912 [RILJ], flags=0x0 pkg name:com.android.phone
05-23 11:05:32.878   592   592 D MobileDataStateTracker: wap0: wap setting isAvailable to true
05-23 11:05:32.878   592   592 D MobileDataStateTracker: wap0: Received state=DISCONNECTED, old=DISCONNECTED, reason=radioTurnedOff
05-23 11:05:32.878   592   592 D MobileDataStateTracker: null0: receive android.intent.action.ANY_DATA_STATE
05-23 11:05:32.878   592   592 D MobileDataStateTracker: null0: Broadcast received: ACTION_ANY_DATA_CONNECTION_STATE_CHANGEDmApnType=null != received apnType=wap
05-23 11:05:32.888   592   607 D BroadcastQueue: processNextBroadcast(background) called when not idle (state=1)
05-23 11:05:32.888   592   592 D MobileDataStateTracker: xcap0: receive android.intent.action.ANY_DATA_STATE
05-23 11:05:32.888   592   592 D MobileDataStateTracker: xcap0: Broadcast received: ACTION_ANY_DATA_CONNECTION_STATE_CHANGEDmApnType=xcap != received apnType=wap
05-23 11:05:32.888   592   592 D MobileDataStateTracker: dm0: receive android.intent.action.ANY_DATA_STATE
05-23 11:05:32.888   592   592 D MobileDataStateTracker: dm0: Broadcast received: ACTION_ANY_DATA_CONNECTION_STATE_CHANGEDmApnType=dm != received apnType=wap
05-23 11:05:32.888   592   592 D MobileDataStateTracker: hipri0: receive android.intent.action.ANY_DATA_STATE
05-23 11:05:32.888   592   592 D MobileDataStateTracker: hipri0: Broadcast received: ACTION_ANY_DATA_CONNECTION_STATE_CHANGEDmApnType=hipri != received apnType=wap
05-23 11:05:32.888   592   592 D MobileDataStateTracker: cbs0: receive android.intent.action.ANY_DATA_STATE
05-23 11:05:32.888   592   592 D MobileDataStateTracker: cbs0: Broadcast received: ACTION_ANY_DATA_CONNECTION_STATE_CHANGEDmApnType=cbs != received apnType=wap
05-23 11:05:32.888   592   592 D MobileDataStateTracker: ims0: receive android.intent.action.ANY_DATA_STATE
05-23 11:05:32.888   592   592 D MobileDataStateTracker: ims0: Broadcast received: ACTION_ANY_DATA_CONNECTION_STATE_CHANGEDmApnType=ims != received apnType=wap
05-23 11:05:32.888   592   592 D MobileDataStateTracker: fota0: receive android.intent.action.ANY_DATA_STATE
05-23 11:05:32.888   592   592 D MobileDataStateTracker: fota0: Broadcast received: ACTION_ANY_DATA_CONNECTION_STATE_CHANGEDmApnType=fota != received apnType=wap
05-23 11:05:32.888   592   592 D MobileDataStateTracker: supl0: receive android.intent.action.ANY_DATA_STATE
05-23 11:05:32.888   592   592 D MobileDataStateTracker: supl0: Broadcast received: ACTION_ANY_DATA_CONNECTION_STATE_CHANGEDmApnType=supl != received apnType=wap
05-23 11:05:32.888   592   592 D MobileDataStateTracker: mms0: receive android.intent.action.ANY_DATA_STATE
05-23 11:05:32.888   592   592 D MobileDataStateTracker: mms0: Broadcast received: ACTION_ANY_DATA_CONNECTION_STATE_CHANGEDmApnType=mms != received apnType=wap
05-23 11:05:32.888   592   592 D MobileDataStateTracker: default0: receive android.intent.action.ANY_DATA_STATE
05-23 11:05:32.888   592   592 D MobileDataStateTracker: default0: Broadcast received: ACTION_ANY_DATA_CONNECTION_STATE_CHANGEDmApnType=default != received apnType=wap
05-23 11:05:32.888   592   592 D TelephonyRegistry: MSG_USER_SWITCHED userId=0
05-23 11:05:32.888   592   592 D TelephonyRegistry: validateEventsAndUserLocked: valid=false r.callerUid=0 foregroundUser=0 r.events=449 events=16
05-23 11:05:32.888   592   592 D TelephonyRegistry: validateEventsAndUserLocked: valid=false r.callerUid=0 foregroundUser=0 r.events=32 events=16
05-23 11:05:32.888   592   592 D TelephonyRegistry: validateEventsAndUserLocked: valid=false r.callerUid=0 foregroundUser=0 r.events=16865 events=16
05-23 11:05:32.888   592   592 D TelephonyRegistry: validateEventsAndUserLocked: valid=false r.callerUid=0 foregroundUser=0 r.events=16384 events=16
05-23 11:05:32.888   592   592 D TelephonyRegistry: validateEventsAndUserLocked: valid=false r.callerUid=0 foregroundUser=0 r.events=12 events=16
05-23 11:05:32.888   592   592 D TelephonyRegistry: validateEventsAndUserLocked: valid=false r.callerUid=0 foregroundUser=0 r.events=1 events=16
05-23 11:05:32.888   592   592 D TelephonyRegistry: validateEventsAndUserLocked: valid=false r.callerUid=0 foregroundUser=0 r.events=9 events=16
05-23 11:05:32.888   592   592 D TelephonyRegistry: validateEventsAndUserLocked: valid=false r.callerUid=0 foregroundUser=0 r.events=1 events=16
05-23 11:05:32.888   592   592 D TelephonyRegistry: MSG_USER_SWITCHED userId=0
05-23 11:05:32.888   592   592 D TelephonyRegistry: validateEventsAndUserLocked: valid=false r.callerUid=0 foregroundUser=0 r.events=32 events=16
05-23 11:05:32.888   592   592 D TelephonyRegistry: validateEventsAndUserLocked: valid=false r.callerUid=0 foregroundUser=0 r.events=16865 events=16
05-23 11:05:32.888   592   592 D TelephonyRegistry: validateEventsAndUserLocked: valid=false r.callerUid=0 foregroundUser=0 r.events=16384 events=16
05-23 11:05:32.898   592   592 D TelephonyRegistry: validateEventsAndUserLocked: valid=false r.callerUid=0 foregroundUser=0 r.events=12 events=16
05-23 11:05:32.898   592   592 D TelephonyRegistry: validateEventsAndUserLocked: valid=false r.callerUid=0 foregroundUser=0 r.events=1 events=16
05-23 11:05:32.898   592   592 D TelephonyRegistry: validateEventsAndUserLocked: valid=false r.callerUid=0 foregroundUser=0 r.events=9 events=16
05-23 11:05:32.898   592   592 D MobileDataStateTracker: wap0: receive android.intent.action.ANY_DATA_STATE
05-23 11:05:32.898   592   592 D MobileDataStateTracker: wap0: Broadcast received: ACTION_ANY_DATA_CONNECTION_STATE_CHANGEDmApnType=wap != received apnType=fota
05-23 11:05:32.898   592   592 D MobileDataStateTracker: null0: receive android.intent.action.ANY_DATA_STATE
05-23 11:05:32.898   592   592 D MobileDataStateTracker: null0: Broadcast received: ACTION_ANY_DATA_CONNECTION_STATE_CHANGEDmApnType=null != received apnType=fota
05-23 11:05:32.898   592   592 D MobileDataStateTracker: xcap0: receive android.intent.action.ANY_DATA_STATE
05-23 11:05:32.898   592   592 D MobileDataStateTracker: xcap0: Broadcast received: ACTION_ANY_DATA_CONNECTION_STATE_CHANGEDmApnType=xcap != received apnType=fota
05-23 11:05:32.898   592   857 I TelephonyRegistry: notifyDataConnection: state=0 isDataConnectivityPossible=false reason='roamingOff' apn='null' apnType=dm networkType=0 mRecords.size()=8 mRecords=[{pkgForDebug=android callerUid=0 events=1c1}, {pkgForDebug=android callerUid=0 events=20}, {pkgForDebug=com.android.systemui callerUid=0 events=41e1}, {pkgForDebug=com.android.systemui callerUid=0 events=4000}, {pkgForDebug=com.android.phone callerUid=0 events=c}, {pkgForDebug=com.android.phone callerUid=0 events=1}, {pkgForDebug=com.android.phone callerUid=0 events=9}, {pkgForDebug=android callerUid=0 events=1}] linkProperties: null
05-23 11:05:32.898   592   857 D BroadcastQueue: Schedule broadcasts [background]: current=false
05-23 11:05:32.898   592   592 D MobileDataStateTracker: dm0: receive android.intent.action.ANY_DATA_STATE
05-23 11:05:32.898   592   592 D MobileDataStateTracker: dm0: Broadcast received: ACTION_ANY_DATA_CONNECTION_STATE_CHANGEDmApnType=dm != received apnType=fota
05-23 11:05:32.898   592   592 D MobileDataStateTracker: hipri0: receive android.intent.action.ANY_DATA_STATE
05-23 11:05:32.898   592   592 D MobileDataStateTracker: hipri0: Broadcast received: ACTION_ANY_DATA_CONNECTION_STATE_CHANGEDmApnType=hipri != received apnType=fota
05-23 11:05:32.898   592   592 D MobileDataStateTracker: cbs0: receive android.intent.action.ANY_DATA_STATE
05-23 11:05:32.898   592   592 D MobileDataStateTracker: cbs0: Broadcast received: ACTION_ANY_DATA_CONNECTION_STATE_CHANGEDmApnType=cbs != received apnType=fota
05-23 11:05:32.908   592   592 D MobileDataStateTracker: ims0: receive android.intent.action.ANY_DATA_STATE
05-23 11:05:32.908   592   592 D MobileDataStateTracker: ims0: Broadcast received: ACTION_ANY_DATA_CONNECTION_STATE_CHANGEDmApnType=ims != received apnType=fota
05-23 11:05:32.908   592   592 D MobileDataStateTracker: fota0: receive android.intent.action.ANY_DATA_STATE
05-23 11:05:32.908   592   592 D MobileDataStateTracker: fota0: Broadcast received: ACTION_ANY_DATA_CONNECTION_STATE_CHANGEDmApnType=fota == received apnType=fota
05-23 11:05:32.908   592   592 D MobileDataStateTracker: fota0: Broadcast received: android.intent.action.ANY_DATA_STATE apnType=fota
05-23 11:05:32.908   592   607 D BroadcastQueue: Received BROADCAST_INTENT_MSG
05-23 11:05:32.918   592   607 D BroadcastQueue: processNextBroadcast(background) called when not idle (state=1)
05-23 11:05:32.918   592   592 D MobileDataStateTracker: fota0: fota setting isAvailable to true
05-23 11:05:32.918   592   592 D MobileDataStateTracker: fota0: Received state=DISCONNECTED, old=DISCONNECTED, reason=radioTurnedOff
05-23 11:05:32.918   592   592 D MobileDataStateTracker: supl0: receive android.intent.action.ANY_DATA_STATE
05-23 11:05:32.918   592   592 D MobileDataStateTracker: supl0: Broadcast received: ACTION_ANY_DATA_CONNECTION_STATE_CHANGEDmApnType=supl != received apnType=fota
05-23 11:05:32.918   592   592 D MobileDataStateTracker: mms0: receive android.intent.action.ANY_DATA_STATE
05-23 11:05:32.918   592   592 D MobileDataStateTracker: mms0: Broadcast received: ACTION_ANY_DATA_CONNECTION_STATE_CHANGEDmApnType=mms != received apnType=fota
05-23 11:05:32.918   592   592 D MobileDataStateTracker: default0: receive android.intent.action.ANY_DATA_STATE
05-23 11:05:32.918   592   592 D MobileDataStateTracker: default0: Broadcast received: ACTION_ANY_DATA_CONNECTION_STATE_CHANGEDmApnType=default != received apnType=fota
05-23 11:05:32.928   592   921 I TelephonyRegistry: notifyDataConnection: state=0 isDataConnectivityPossible=false reason='roamingOff' apn='null' apnType=wap networkType=0 mRecords.size()=8 mRecords=[{pkgForDebug=android callerUid=0 events=1c1}, {pkgForDebug=android callerUid=0 events=20}, {pkgForDebug=com.android.systemui callerUid=0 events=41e1}, {pkgForDebug=com.android.systemui callerUid=0 events=4000}, {pkgForDebug=com.android.phone callerUid=0 events=c}, {pkgForDebug=com.android.phone callerUid=0 events=1}, {pkgForDebug=com.android.phone callerUid=0 events=9}, {pkgForDebug=android callerUid=0 events=1}] linkProperties: null
05-23 11:05:32.928   592   921 D BroadcastQueue: Schedule broadcasts [background]: current=false
05-23 11:05:32.928   592   592 D MobileDataStateTracker: wap0: receive android.intent.action.ANY_DATA_STATE
05-23 11:05:32.928   592   592 D MobileDataStateTracker: wap0: Broadcast received: ACTION_ANY_DATA_CONNECTION_STATE_CHANGEDmApnType=wap != received apnType=supl
05-23 11:05:32.928   592   592 D MobileDataStateTracker: null0: receive android.intent.action.ANY_DATA_STATE
05-23 11:05:32.928   592   592 D MobileDataStateTracker: null0: Broadcast received: ACTION_ANY_DATA_CONNECTION_STATE_CHANGEDmApnType=null != received apnType=supl
05-23 11:05:32.928   592   592 D MobileDataStateTracker: xcap0: receive android.intent.action.ANY_DATA_STATE
05-23 11:05:32.928   592   592 D MobileDataStateTracker: xcap0: Broadcast received: ACTION_ANY_DATA_CONNECTION_STATE_CHANGEDmApnType=xcap != received apnType=supl
05-23 11:05:32.928   592   592 D MobileDataStateTracker: dm0: receive android.intent.action.ANY_DATA_STATE
05-23 11:05:32.928   592   592 D MobileDataStateTracker: dm0: Broadcast received: ACTION_ANY_DATA_CONNECTION_STATE_CHANGEDmApnType=dm != received apnType=supl
05-23 11:05:32.928   592   607 D BroadcastQueue: Received BROADCAST_INTENT_MSG
05-23 11:05:32.938   592   923 I TelephonyRegistry: notifyDataConnection: state=0 isDataConnectivityPossible=false reason='roamingOff' apn='null' apnType=fota networkType=0 mRecords.size()=8 mRecords=[{pkgForDebug=android callerUid=0 events=1c1}, {pkgForDebug=android callerUid=0 events=20}, {pkgForDebug=com.android.systemui callerUid=0 events=41e1}, {pkgForDebug=com.android.systemui callerUid=0 events=4000}, {pkgForDebug=com.android.phone callerUid=0 events=c}, {pkgForDebug=com.android.phone callerUid=0 events=1}, {pkgForDebug=com.android.phone callerUid=0 events=9}, {pkgForDebug=android callerUid=0 events=1}] linkProperties: null
05-23 11:05:32.938   592   592 D MobileDataStateTracker: hipri0: receive android.intent.action.ANY_DATA_STATE
05-23 11:05:32.938   592   592 D MobileDataStateTracker: hipri0: Broadcast received: ACTION_ANY_DATA_CONNECTION_STATE_CHANGEDmApnType=hipri != received apnType=supl
05-23 11:05:32.938   592   592 D MobileDataStateTracker: cbs0: receive android.intent.action.ANY_DATA_STATE
05-23 11:05:32.948   592   592 D MobileDataStateTracker: cbs0: Broadcast received: ACTION_ANY_DATA_CONNECTION_STATE_CHANGEDmApnType=cbs != received apnType=supl
05-23 11:05:32.948   592   592 D MobileDataStateTracker: ims0: receive android.intent.action.ANY_DATA_STATE
05-23 11:05:32.948   592   592 D MobileDataStateTracker: ims0: Broadcast received: ACTION_ANY_DATA_CONNECTION_STATE_CHANGEDmApnType=ims != received apnType=supl
05-23 11:05:32.948   592   592 D MobileDataStateTracker: fota0: receive android.intent.action.ANY_DATA_STATE
05-23 11:05:32.948   592   592 D MobileDataStateTracker: fota0: Broadcast received: ACTION_ANY_DATA_CONNECTION_STATE_CHANGEDmApnType=fota != received apnType=supl
05-23 11:05:32.948   592   592 D MobileDataStateTracker: supl0: receive android.intent.action.ANY_DATA_STATE
05-23 11:05:32.948   592   592 D MobileDataStateTracker: supl0: Broadcast received: ACTION_ANY_DATA_CONNECTION_STATE_CHANGEDmApnType=supl == received apnType=supl
05-23 11:05:32.948   592   607 D BroadcastQueue: processNextBroadcast(background) called when not idle (state=1)
05-23 11:05:32.948   592   592 D MobileDataStateTracker: supl0: Broadcast received: android.intent.action.ANY_DATA_STATE apnType=supl
05-23 11:05:32.948   592   592 D MobileDataStateTracker: supl0: supl setting isAvailable to true
05-23 11:05:32.958   592   592 D MobileDataStateTracker: supl0: Received state=DISCONNECTED, old=DISCONNECTED, reason=radioTurnedOff
05-23 11:05:32.958   592   592 D MobileDataStateTracker: mms0: receive android.intent.action.ANY_DATA_STATE
05-23 11:05:32.958   592   592 D MobileDataStateTracker: mms0: Broadcast received: ACTION_ANY_DATA_CONNECTION_STATE_CHANGEDmApnType=mms != received apnType=supl
05-23 11:05:32.958   592   923 D BroadcastQueue: Schedule broadcasts [background]: current=false
05-23 11:05:32.958   592   592 D MobileDataStateTracker: default0: receive android.intent.action.ANY_DATA_STATE
05-23 11:05:32.958   592   607 D BroadcastQueue: Received BROADCAST_INTENT_MSG
05-23 11:05:32.958   592   832 I TelephonyRegistry: notifyDataConnection: state=0 isDataConnectivityPossible=false reason='roamingOff' apn='null' apnType=supl networkType=0 mRecords.size()=8 mRecords=[{pkgForDebug=android callerUid=0 events=1c1}, {pkgForDebug=android callerUid=0 events=20}, {pkgForDebug=com.android.systemui callerUid=0 events=41e1}, {pkgForDebug=com.android.systemui callerUid=0 events=4000}, {pkgForDebug=com.android.phone callerUid=0 events=c}, {pkgForDebug=com.android.phone callerUid=0 events=1}, {pkgForDebug=com.android.phone callerUid=0 events=9}, {pkgForDebug=android callerUid=0 events=1}] linkProperties: null
05-23 11:05:32.958   592   832 D BroadcastQueue: Schedule broadcasts [background]: current=true
05-23 11:05:32.968   592   592 D MobileDataStateTracker: default0: Broadcast received: ACTION_ANY_DATA_CONNECTION_STATE_CHANGEDmApnType=default != received apnType=supl
05-23 11:05:32.968   592   603 I TelephonyRegistry: notifyDataConnection: state=0 isDataConnectivityPossible=false reason='roamingOff' apn='null' apnType=hipri networkType=0 mRecords.size()=8 mRecords=[{pkgForDebug=android callerUid=0 events=1c1}, {pkgForDebug=android callerUid=0 events=20}, {pkgForDebug=com.android.systemui callerUid=0 events=41e1}, {pkgForDebug=com.android.systemui callerUid=0 events=4000}, {pkgForDebug=com.android.phone callerUid=0 events=c}, {pkgForDebug=com.android.phone callerUid=0 events=1}, {pkgForDebug=com.android.phone callerUid=0 events=9}, {pkgForDebug=android callerUid=0 events=1}] linkProperties: null
05-23 11:05:32.968   592   592 D MobileDataStateTracker: wap0: receive android.intent.action.ANY_DATA_STATE
05-23 11:05:32.968   592   592 D MobileDataStateTracker: wap0: Broadcast received: ACTION_ANY_DATA_CONNECTION_STATE_CHANGEDmApnType=wap != received apnType=hipri
05-23 11:05:32.968   592   592 D MobileDataStateTracker: null0: receive android.intent.action.ANY_DATA_STATE
05-23 11:05:32.968   592   592 D MobileDataStateTracker: null0: Broadcast received: ACTION_ANY_DATA_CONNECTION_STATE_CHANGEDmApnType=null != received apnType=hipri
05-23 11:05:32.978   592   592 D MobileDataStateTracker: xcap0: receive android.intent.action.ANY_DATA_STATE
05-23 11:05:32.978   592   592 D MobileDataStateTracker: xcap0: Broadcast received: ACTION_ANY_DATA_CONNECTION_STATE_CHANGEDmApnType=xcap != received apnType=hipri
05-23 11:05:32.978   592   592 D MobileDataStateTracker: dm0: receive android.intent.action.ANY_DATA_STATE
05-23 11:05:32.978   592   592 D MobileDataStateTracker: dm0: Broadcast received: ACTION_ANY_DATA_CONNECTION_STATE_CHANGEDmApnType=dm != received apnType=hipri
05-23 11:05:32.988   592   592 D MobileDataStateTracker: hipri0: receive android.intent.action.ANY_DATA_STATE
05-23 11:05:32.988   592   592 D MobileDataStateTracker: hipri0: Broadcast received: ACTION_ANY_DATA_CONNECTION_STATE_CHANGEDmApnType=hipri == received apnType=hipri
05-23 11:05:32.988   592   592 D MobileDataStateTracker: hipri0: Broadcast received: android.intent.action.ANY_DATA_STATE apnType=hipri
05-23 11:05:32.988   592   592 D MobileDataStateTracker: hipri0: hipri setting isAvailable to true
05-23 11:05:32.988   592   592 D MobileDataStateTracker: hipri0: Received state=DISCONNECTED, old=DISCONNECTED, reason=radioTurnedOff
05-23 11:05:32.988   592   592 D MobileDataStateTracker: cbs0: receive android.intent.action.ANY_DATA_STATE
05-23 11:05:32.988   592   592 D MobileDataStateTracker: cbs0: Broadcast received: ACTION_ANY_DATA_CONNECTION_STATE_CHANGEDmApnType=cbs != received apnType=hipri
05-23 11:05:32.998   592   592 D MobileDataStateTracker: ims0: receive android.intent.action.ANY_DATA_STATE
05-23 11:05:32.998   592   592 D MobileDataStateTracker: ims0: Broadcast received: ACTION_ANY_DATA_CONNECTION_STATE_CHANGEDmApnType=ims != received apnType=hipri
05-23 11:05:32.998   592   592 D MobileDataStateTracker: fota0: receive android.intent.action.ANY_DATA_STATE
05-23 11:05:32.998   592   592 D MobileDataStateTracker: fota0: Broadcast received: ACTION_ANY_DATA_CONNECTION_STATE_CHANGEDmApnType=fota != received apnType=hipri
05-23 11:05:32.998   592   592 D MobileDataStateTracker: supl0: receive android.intent.action.ANY_DATA_STATE
05-23 11:05:33.008   592   592 D MobileDataStateTracker: supl0: Broadcast received: ACTION_ANY_DATA_CONNECTION_STATE_CHANGEDmApnType=supl != received apnType=hipri
05-23 11:05:33.008   592   592 D MobileDataStateTracker: mms0: receive android.intent.action.ANY_DATA_STATE
05-23 11:05:33.008   592   592 D MobileDataStateTracker: mms0: Broadcast received: ACTION_ANY_DATA_CONNECTION_STATE_CHANGEDmApnType=mms != received apnType=hipri
05-23 11:05:33.008   592   592 D MobileDataStateTracker: default0: receive android.intent.action.ANY_DATA_STATE
05-23 11:05:33.008   592   592 D MobileDataStateTracker: default0: Broadcast received: ACTION_ANY_DATA_CONNECTION_STATE_CHANGEDmApnType=default != received apnType=hipri
05-23 11:05:33.008   592   592 D MobileDataStateTracker: wap0: receive android.intent.action.ANY_DATA_STATE
05-23 11:05:33.008   592   592 D MobileDataStateTracker: wap0: Broadcast received: ACTION_ANY_DATA_CONNECTION_STATE_CHANGEDmApnType=wap != received apnType=ims
05-23 11:05:33.008   592   592 D MobileDataStateTracker: null0: receive android.intent.action.ANY_DATA_STATE
05-23 11:05:33.008   592   592 D MobileDataStateTracker: null0: Broadcast received: ACTION_ANY_DATA_CONNECTION_STATE_CHANGEDmApnType=null != received apnType=ims
05-23 11:05:33.008   592   592 D MobileDataStateTracker: xcap0: receive android.intent.action.ANY_DATA_STATE
05-23 11:05:33.018   592   592 D MobileDataStateTracker: xcap0: Broadcast received: ACTION_ANY_DATA_CONNECTION_STATE_CHANGEDmApnType=xcap != received apnType=ims
05-23 11:05:33.018   592   592 D MobileDataStateTracker: dm0: receive android.intent.action.ANY_DATA_STATE
05-23 11:05:33.018   592   592 D MobileDataStateTracker: dm0: Broadcast received: ACTION_ANY_DATA_CONNECTION_STATE_CHANGEDmApnType=dm != received apnType=ims
05-23 11:05:33.018   592   592 D MobileDataStateTracker: hipri0: receive android.intent.action.ANY_DATA_STATE
05-23 11:05:33.018   592   592 D MobileDataStateTracker: hipri0: Broadcast received: ACTION_ANY_DATA_CONNECTION_STATE_CHANGEDmApnType=hipri != received apnType=ims
05-23 11:05:33.018   592   592 D MobileDataStateTracker: cbs0: receive android.intent.action.ANY_DATA_STATE
05-23 11:05:33.018   592   592 D MobileDataStateTracker: cbs0: Broadcast received: ACTION_ANY_DATA_CONNECTION_STATE_CHANGEDmApnType=cbs != received apnType=ims
05-23 11:05:33.018   592   592 D MobileDataStateTracker: ims0: receive android.intent.action.ANY_DATA_STATE
05-23 11:05:33.028   592   592 D MobileDataStateTracker: ims0: Broadcast received: ACTION_ANY_DATA_CONNECTION_STATE_CHANGEDmApnType=ims == received apnType=ims
05-23 11:05:33.028   592   607 D BroadcastQueue: processNextBroadcast(background) called when not idle (state=1)
05-23 11:05:33.028   592   592 D MobileDataStateTracker: ims0: Broadcast received: android.intent.action.ANY_DATA_STATE apnType=ims
05-23 11:05:33.028   592   603 D BroadcastQueue: Schedule broadcasts [background]: current=false
05-23 11:05:33.028   592   757 I TelephonyRegistry: notifyDataConnection: state=0 isDataConnectivityPossible=false reason='roamingOff' apn='null' apnType=ims networkType=0 mRecords.size()=8 mRecords=[{pkgForDebug=android callerUid=0 events=1c1}, {pkgForDebug=android callerUid=0 events=20}, {pkgForDebug=com.android.systemui callerUid=0 events=41e1}, {pkgForDebug=com.android.systemui callerUid=0 events=4000}, {pkgForDebug=com.android.phone callerUid=0 events=c}, {pkgForDebug=com.android.phone callerUid=0 events=1}, {pkgForDebug=com.android.phone callerUid=0 events=9}, {pkgForDebug=android callerUid=0 events=1}] linkProperties: null
05-23 11:05:33.028   592   607 D BroadcastQueue: Received BROADCAST_INTENT_MSG
05-23 11:05:33.038   592   592 D MobileDataStateTracker: ims0: ims setting isAvailable to true
05-23 11:05:33.038   592   592 D MobileDataStateTracker: ims0: Received state=DISCONNECTED, old=DISCONNECTED, reason=radioTurnedOff
05-23 11:05:33.038   592   592 D MobileDataStateTracker: fota0: receive android.intent.action.ANY_DATA_STATE
05-23 11:05:33.038   592   592 D MobileDataStateTracker: fota0: Broadcast received: ACTION_ANY_DATA_CONNECTION_STATE_CHANGEDmApnType=fota != received apnType=ims
05-23 11:05:33.038   592   592 D MobileDataStateTracker: supl0: receive android.intent.action.ANY_DATA_STATE
05-23 11:05:33.038   592   592 D MobileDataStateTracker: supl0: Broadcast received: ACTION_ANY_DATA_CONNECTION_STATE_CHANGEDmApnType=supl != received apnType=ims
05-23 11:05:33.038   592   592 D MobileDataStateTracker: mms0: receive android.intent.action.ANY_DATA_STATE
05-23 11:05:33.048   592   592 D MobileDataStateTracker: mms0: Broadcast received: ACTION_ANY_DATA_CONNECTION_STATE_CHANGEDmApnType=mms != received apnType=ims
05-23 11:05:33.048   592   592 D MobileDataStateTracker: default0: receive android.intent.action.ANY_DATA_STATE
05-23 11:05:33.048   592   592 D MobileDataStateTracker: default0: Broadcast received: ACTION_ANY_DATA_CONNECTION_STATE_CHANGEDmApnType=default != received apnType=ims
05-23 11:05:33.048   592   592 D MobileDataStateTracker: wap0: receive android.intent.action.ANY_DATA_STATE
05-23 11:05:33.048   592   592 D MobileDataStateTracker: wap0: Broadcast received: ACTION_ANY_DATA_CONNECTION_STATE_CHANGEDmApnType=wap != received apnType=default
05-23 11:05:33.048   592   592 D MobileDataStateTracker: null0: receive android.intent.action.ANY_DATA_STATE
05-23 11:05:33.048   592   592 D MobileDataStateTracker: null0: Broadcast received: ACTION_ANY_DATA_CONNECTION_STATE_CHANGEDmApnType=null != received apnType=default
05-23 11:05:33.048   592   592 D MobileDataStateTracker: xcap0: receive android.intent.action.ANY_DATA_STATE
05-23 11:05:33.048   592   592 D MobileDataStateTracker: xcap0: Broadcast received: ACTION_ANY_DATA_CONNECTION_STATE_CHANGEDmApnType=xcap != received apnType=default
05-23 11:05:33.048   592   592 D MobileDataStateTracker: dm0: receive android.intent.action.ANY_DATA_STATE
05-23 11:05:33.048   592   592 D MobileDataStateTracker: dm0: Broadcast received: ACTION_ANY_DATA_CONNECTION_STATE_CHANGEDmApnType=dm != received apnType=default
05-23 11:05:33.048   592   592 D MobileDataStateTracker: hipri0: receive android.intent.action.ANY_DATA_STATE
05-23 11:05:33.048   592   592 D MobileDataStateTracker: hipri0: Broadcast received: ACTION_ANY_DATA_CONNECTION_STATE_CHANGEDmApnType=hipri != received apnType=default
05-23 11:05:33.048   592   592 D MobileDataStateTracker: cbs0: receive android.intent.action.ANY_DATA_STATE
05-23 11:05:33.048   592   592 D MobileDataStateTracker: cbs0: Broadcast received: ACTION_ANY_DATA_CONNECTION_STATE_CHANGEDmApnType=cbs != received apnType=default
05-23 11:05:33.048   592   592 D MobileDataStateTracker: ims0: receive android.intent.action.ANY_DATA_STATE
05-23 11:05:33.048   592   592 D MobileDataStateTracker: ims0: Broadcast received: ACTION_ANY_DATA_CONNECTION_STATE_CHANGEDmApnType=ims != received apnType=default
05-23 11:05:33.048   592   592 D MobileDataStateTracker: fota0: receive android.intent.action.ANY_DATA_STATE
05-23 11:05:33.048   592   592 D MobileDataStateTracker: fota0: Broadcast received: ACTION_ANY_DATA_CONNECTION_STATE_CHANGEDmApnType=fota != received apnType=default
05-23 11:05:33.048   592   592 D MobileDataStateTracker: supl0: receive android.intent.action.ANY_DATA_STATE
05-23 11:05:33.048   592   592 D MobileDataStateTracker: supl0: Broadcast received: ACTION_ANY_DATA_CONNECTION_STATE_CHANGEDmApnType=supl != received apnType=default
05-23 11:05:33.048   592   592 D MobileDataStateTracker: mms0: receive android.intent.action.ANY_DATA_STATE
05-23 11:05:33.048   592   592 D MobileDataStateTracker: mms0: Broadcast received: ACTION_ANY_DATA_CONNECTION_STATE_CHANGEDmApnType=mms != received apnType=default
05-23 11:05:33.048   592   592 D MobileDataStateTracker: default0: receive android.intent.action.ANY_DATA_STATE
05-23 11:05:33.048   592   592 D MobileDataStateTracker: default0: Broadcast received: ACTION_ANY_DATA_CONNECTION_STATE_CHANGEDmApnType=default == received apnType=default
05-23 11:05:33.048   592   592 D MobileDataStateTracker: default0: Broadcast received: android.intent.action.ANY_DATA_STATE apnType=default
05-23 11:05:33.058   592   607 D BroadcastQueue: processNextBroadcast(background) called when not idle (state=1)
05-23 11:05:33.058   592   592 D MobileDataStateTracker: default0: default setting isAvailable to true
05-23 11:05:33.058   592   592 D MobileDataStateTracker: default0: Received state=DISCONNECTED, old=DISCONNECTED, reason=radioTurnedOff
05-23 11:05:33.068   592   757 D BroadcastQueue: Schedule broadcasts [background]: current=false
05-23 11:05:33.068   592   592 D MobileDataStateTracker: wap0: receive android.intent.action.ANY_DATA_STATE
05-23 11:05:33.068   592   922 I TelephonyRegistry: notifyDataConnection: state=0 isDataConnectivityPossible=false reason='roamingOff' apn='null' apnType=default networkType=0 mRecords.size()=8 mRecords=[{pkgForDebug=android callerUid=0 events=1c1}, {pkgForDebug=android callerUid=0 events=20}, {pkgForDebug=com.android.systemui callerUid=0 events=41e1}, {pkgForDebug=com.android.systemui callerUid=0 events=4000}, {pkgForDebug=com.android.phone callerUid=0 events=c}, {pkgForDebug=com.android.phone callerUid=0 events=1}, {pkgForDebug=com.android.phone callerUid=0 events=9}, {pkgForDebug=android callerUid=0 events=1}] linkProperties: null
05-23 11:05:33.068   592   592 D MobileDataStateTracker: wap0: Broadcast received: ACTION_ANY_DATA_CONNECTION_STATE_CHANGEDmApnType=wap != received apnType=mms
05-23 11:05:33.068   592   592 D MobileDataStateTracker: null0: receive android.intent.action.ANY_DATA_STATE
05-23 11:05:33.068   592   922 D BroadcastQueue: Schedule broadcasts [background]: current=true
05-23 11:05:33.068   592   592 D MobileDataStateTracker: null0: Broadcast received: ACTION_ANY_DATA_CONNECTION_STATE_CHANGEDmApnType=null != received apnType=mms
05-23 11:05:33.068   592   592 D MobileDataStateTracker: xcap0: receive android.intent.action.ANY_DATA_STATE
05-23 11:05:33.068   592   592 D MobileDataStateTracker: xcap0: Broadcast received: ACTION_ANY_DATA_CONNECTION_STATE_CHANGEDmApnType=xcap != received apnType=mms
05-23 11:05:33.068   592   592 D MobileDataStateTracker: dm0: receive android.intent.action.ANY_DATA_STATE
05-23 11:05:33.068   592   607 D BroadcastQueue: Received BROADCAST_INTENT_MSG
05-23 11:05:33.068   592   924 I TelephonyRegistry: notifyDataConnection: state=0 isDataConnectivityPossible=false reason='roamingOff' apn='null' apnType=mms networkType=0 mRecords.size()=8 mRecords=[{pkgForDebug=android callerUid=0 events=1c1}, {pkgForDebug=android callerUid=0 events=20}, {pkgForDebug=com.android.systemui callerUid=0 events=41e1}, {pkgForDebug=com.android.systemui callerUid=0 events=4000}, {pkgForDebug=com.android.phone callerUid=0 events=c}, {pkgForDebug=com.android.phone callerUid=0 events=1}, {pkgForDebug=com.android.phone callerUid=0 events=9}, {pkgForDebug=android callerUid=0 events=1}] linkProperties: null
05-23 11:05:33.068   592   924 D BroadcastQueue: Schedule broadcasts [background]: current=true
05-23 11:05:33.078   592   857 I TelephonyRegistry: notifyDataConnection: state=0 isDataConnectivityPossible=false reason='roamingOff' apn='null' apnType=cbs networkType=0 mRecords.size()=8 mRecords=[{pkgForDebug=android callerUid=0 events=1c1}, {pkgForDebug=android callerUid=0 events=20}, {pkgForDebug=com.android.systemui callerUid=0 events=41e1}, {pkgForDebug=com.android.systemui callerUid=0 events=4000}, {pkgForDebug=com.android.phone callerUid=0 events=c}, {pkgForDebug=com.android.phone callerUid=0 events=1}, {pkgForDebug=com.android.phone callerUid=0 events=9}, {pkgForDebug=android callerUid=0 events=1}] linkProperties: null
05-23 11:05:33.078   592   592 D MobileDataStateTracker: dm0: Broadcast received: ACTION_ANY_DATA_CONNECTION_STATE_CHANGEDmApnType=dm != received apnType=mms
05-23 11:05:33.088   592   592 D MobileDataStateTracker: hipri0: receive android.intent.action.ANY_DATA_STATE
05-23 11:05:33.088   592   592 D MobileDataStateTracker: hipri0: Broadcast received: ACTION_ANY_DATA_CONNECTION_STATE_CHANGEDmApnType=hipri != received apnType=mms
05-23 11:05:33.088   592   592 D MobileDataStateTracker: cbs0: receive android.intent.action.ANY_DATA_STATE
05-23 11:05:33.088   592   592 D MobileDataStateTracker: cbs0: Broadcast received: ACTION_ANY_DATA_CONNECTION_STATE_CHANGEDmApnType=cbs != received apnType=mms
05-23 11:05:33.088   592   592 D MobileDataStateTracker: ims0: receive android.intent.action.ANY_DATA_STATE
05-23 11:05:33.088   592   592 D MobileDataStateTracker: ims0: Broadcast received: ACTION_ANY_DATA_CONNECTION_STATE_CHANGEDmApnType=ims != received apnType=mms
05-23 11:05:33.088   592   592 D MobileDataStateTracker: fota0: receive android.intent.action.ANY_DATA_STATE
05-23 11:05:33.088   592   592 D MobileDataStateTracker: fota0: Broadcast received: ACTION_ANY_DATA_CONNECTION_STATE_CHANGEDmApnType=fota != received apnType=mms
05-23 11:05:33.088   592   592 D MobileDataStateTracker: supl0: receive android.intent.action.ANY_DATA_STATE
05-23 11:05:33.088   592   592 D MobileDataStateTracker: supl0: Broadcast received: ACTION_ANY_DATA_CONNECTION_STATE_CHANGEDmApnType=supl != received apnType=mms
05-23 11:05:33.088   592   592 D MobileDataStateTracker: mms0: receive android.intent.action.ANY_DATA_STATE
05-23 11:05:33.098   592   592 D MobileDataStateTracker: mms0: Broadcast received: ACTION_ANY_DATA_CONNECTION_STATE_CHANGEDmApnType=mms == received apnType=mms
05-23 11:05:33.098   592   592 D MobileDataStateTracker: mms0: Broadcast received: android.intent.action.ANY_DATA_STATE apnType=mms
05-23 11:05:33.108   592   592 D MobileDataStateTracker: mms0: mms setting isAvailable to true
05-23 11:05:33.108   592   592 D MobileDataStateTracker: mms0: Received state=DISCONNECTED, old=DISCONNECTED, reason=radioTurnedOff
05-23 11:05:33.108   592   592 D MobileDataStateTracker: default0: receive android.intent.action.ANY_DATA_STATE
05-23 11:05:33.108   592   592 D MobileDataStateTracker: default0: Broadcast received: ACTION_ANY_DATA_CONNECTION_STATE_CHANGEDmApnType=default != received apnType=mms
05-23 11:05:33.108   592   592 D MobileDataStateTracker: wap0: receive android.intent.action.ANY_DATA_STATE
05-23 11:05:33.108   592   592 D MobileDataStateTracker: wap0: Broadcast received: ACTION_ANY_DATA_CONNECTION_STATE_CHANGEDmApnType=wap != received apnType=cbs
05-23 11:05:33.108   592   592 D MobileDataStateTracker: null0: receive android.intent.action.ANY_DATA_STATE
05-23 11:05:33.108   592   592 D MobileDataStateTracker: null0: Broadcast received: ACTION_ANY_DATA_CONNECTION_STATE_CHANGEDmApnType=null != received apnType=cbs
05-23 11:05:33.118   592   592 D MobileDataStateTracker: xcap0: receive android.intent.action.ANY_DATA_STATE
05-23 11:05:33.118   592   592 D MobileDataStateTracker: xcap0: Broadcast received: ACTION_ANY_DATA_CONNECTION_STATE_CHANGEDmApnType=xcap != received apnType=cbs
05-23 11:05:33.118   592   592 D MobileDataStateTracker: dm0: receive android.intent.action.ANY_DATA_STATE
05-23 11:05:33.118   592   592 D MobileDataStateTracker: dm0: Broadcast received: ACTION_ANY_DATA_CONNECTION_STATE_CHANGEDmApnType=dm != received apnType=cbs
05-23 11:05:33.118   592   592 D MobileDataStateTracker: hipri0: receive android.intent.action.ANY_DATA_STATE
05-23 11:05:33.118   592   592 D MobileDataStateTracker: hipri0: Broadcast received: ACTION_ANY_DATA_CONNECTION_STATE_CHANGEDmApnType=hipri != received apnType=cbs
05-23 11:05:33.118   592   592 D MobileDataStateTracker: cbs0: receive android.intent.action.ANY_DATA_STATE
05-23 11:05:33.118   592   592 D MobileDataStateTracker: cbs0: Broadcast received: ACTION_ANY_DATA_CONNECTION_STATE_CHANGEDmApnType=cbs == received apnType=cbs
05-23 11:05:33.118   592   592 D MobileDataStateTracker: cbs0: Broadcast received: android.intent.action.ANY_DATA_STATE apnType=cbs
05-23 11:05:33.118   592   592 D MobileDataStateTracker: cbs0: cbs setting isAvailable to true
05-23 11:05:33.128   592   592 D MobileDataStateTracker: cbs0: Received state=DISCONNECTED, old=DISCONNECTED, reason=radioTurnedOff
05-23 11:05:33.138   592   592 D MobileDataStateTracker: ims0: receive android.intent.action.ANY_DATA_STATE
05-23 11:05:33.138   592   592 D MobileDataStateTracker: ims0: Broadcast received: ACTION_ANY_DATA_CONNECTION_STATE_CHANGEDmApnType=ims != received apnType=cbs
05-23 11:05:33.138   592   592 D MobileDataStateTracker: fota0: receive android.intent.action.ANY_DATA_STATE
05-23 11:05:33.138   592   592 D MobileDataStateTracker: fota0: Broadcast received: ACTION_ANY_DATA_CONNECTION_STATE_CHANGEDmApnType=fota != received apnType=cbs
05-23 11:05:33.138   592   592 D MobileDataStateTracker: supl0: receive android.intent.action.ANY_DATA_STATE
05-23 11:05:33.138   592   592 D MobileDataStateTracker: supl0: Broadcast received: ACTION_ANY_DATA_CONNECTION_STATE_CHANGEDmApnType=supl != received apnType=cbs
05-23 11:05:33.138   592   592 D MobileDataStateTracker: mms0: receive android.intent.action.ANY_DATA_STATE
05-23 11:05:33.138   592   592 D MobileDataStateTracker: mms0: Broadcast received: ACTION_ANY_DATA_CONNECTION_STATE_CHANGEDmApnType=mms != received apnType=cbs
05-23 11:05:33.148   592   592 D MobileDataStateTracker: default0: receive android.intent.action.ANY_DATA_STATE
05-23 11:05:33.148   592   592 D MobileDataStateTracker: default0: Broadcast received: ACTION_ANY_DATA_CONNECTION_STATE_CHANGEDmApnType=default != received apnType=cbs
05-23 11:05:33.148   592   592 D MobileDataStateTracker: wap0: receive android.intent.action.ANY_DATA_STATE
05-23 11:05:33.148   592   592 D MobileDataStateTracker: wap0: Broadcast received: ACTION_ANY_DATA_CONNECTION_STATE_CHANGEDmApnType=wap != received apnType=xcap
