05-23 11:05:33.148   592   592 D MobileDataStateTracker: null0: receive android.intent.action.ANY_DATA_STATE
05-23 11:05:33.148   592   592 D MobileDataStateTracker: null0: Broadcast received: ACTION_ANY_DATA_CONNECTION_STATE_CHANGEDmApnType=null != received apnType=xcap
05-23 11:05:33.148   592   592 D MobileDataStateTracker: xcap0: receive android.intent.action.ANY_DATA_STATE
05-23 11:05:33.148   592   592 D MobileDataStateTracker: xcap0: Broadcast received: ACTION_ANY_DATA_CONNECTION_STATE_CHANGEDmApnType=xcap == received apnType=xcap
05-23 11:05:33.148   592   592 D MobileDataStateTracker: xcap0: Broadcast received: android.intent.action.ANY_DATA_STATE apnType=xcap
05-23 11:05:33.148   592   592 D MobileDataStateTracker: xcap0: xcap setting isAvailable to true
05-23 11:05:33.148   592   592 D MobileDataStateTracker: xcap0: Received state=DISCONNECTED, old=DISCONNECTED, reason=radioTurnedOff
05-23 11:05:33.148   592   592 D MobileDataStateTracker: dm0: receive android.intent.action.ANY_DATA_STATE
05-23 11:05:33.148   592   592 D MobileDataStateTracker: dm0: Broadcast received: ACTION_ANY_DATA_CONNECTION_STATE_CHANGEDmApnType=dm != received apnType=xcap
05-23 11:05:33.148   592   592 D MobileDataStateTracker: hipri0: receive android.intent.action.ANY_DATA_STATE
05-23 11:05:33.148   592   592 D MobileDataStateTracker: hipri0: Broadcast received: ACTION_ANY_DATA_CONNECTION_STATE_CHANGEDmApnType=hipri != received apnType=xcap
05-23 11:05:33.158   592   592 D MobileDataStateTracker: cbs0: receive android.intent.action.ANY_DATA_STATE
05-23 11:05:33.158   592   592 D MobileDataStateTracker: cbs0: Broadcast received: ACTION_ANY_DATA_CONNECTION_STATE_CHANGEDmApnType=cbs != received apnType=xcap
05-23 11:05:33.158   592   592 D MobileDataStateTracker: ims0: receive android.intent.action.ANY_DATA_STATE
05-23 11:05:33.158   592   592 D MobileDataStateTracker: ims0: Broadcast received: ACTION_ANY_DATA_CONNECTION_STATE_CHANGEDmApnType=ims != received apnType=xcap
05-23 11:05:33.158   592   592 D MobileDataStateTracker: fota0: receive android.intent.action.ANY_DATA_STATE
05-23 11:05:33.158   592   592 D MobileDataStateTracker: fota0: Broadcast received: ACTION_ANY_DATA_CONNECTION_STATE_CHANGEDmApnType=fota != received apnType=xcap
05-23 11:05:33.158   592   592 D MobileDataStateTracker: supl0: receive android.intent.action.ANY_DATA_STATE
05-23 11:05:33.158   592   592 D MobileDataStateTracker: supl0: Broadcast received: ACTION_ANY_DATA_CONNECTION_STATE_CHANGEDmApnType=supl != received apnType=xcap
05-23 11:05:33.158   592   592 D MobileDataStateTracker: mms0: receive android.intent.action.ANY_DATA_STATE
05-23 11:05:33.158   592   592 D MobileDataStateTracker: mms0: Broadcast received: ACTION_ANY_DATA_CONNECTION_STATE_CHANGEDmApnType=mms != received apnType=xcap
05-23 11:05:33.158   592   592 D MobileDataStateTracker: default0: receive android.intent.action.ANY_DATA_STATE
05-23 11:05:33.158   592   592 D MobileDataStateTracker: default0: Broadcast received: ACTION_ANY_DATA_CONNECTION_STATE_CHANGEDmApnType=default != received apnType=xcap
05-23 11:05:33.158   592   592 D MobileDataStateTracker: wap0: receive android.intent.action.ANY_DATA_STATE
05-23 11:05:33.158   592   592 D MobileDataStateTracker: wap0: Broadcast received: ACTION_ANY_DATA_CONNECTION_STATE_CHANGEDmApnType=wap != received apnType=dm
05-23 11:05:33.158   592   592 D MobileDataStateTracker: null0: receive android.intent.action.ANY_DATA_STATE
05-23 11:05:33.158   592   592 D MobileDataStateTracker: null0: Broadcast received: ACTION_ANY_DATA_CONNECTION_STATE_CHANGEDmApnType=null != received apnType=dm
05-23 11:05:33.158   592   592 D MobileDataStateTracker: xcap0: receive android.intent.action.ANY_DATA_STATE
05-23 11:05:33.158   592   592 D MobileDataStateTracker: xcap0: Broadcast received: ACTION_ANY_DATA_CONNECTION_STATE_CHANGEDmApnType=xcap != received apnType=dm
05-23 11:05:33.158   592   592 D MobileDataStateTracker: dm0: receive android.intent.action.ANY_DATA_STATE
05-23 11:05:33.158   592   592 D MobileDataStateTracker: dm0: Broadcast received: ACTION_ANY_DATA_CONNECTION_STATE_CHANGEDmApnType=dm == received apnType=dm
05-23 11:05:33.168   592   592 D MobileDataStateTracker: dm0: Broadcast received: android.intent.action.ANY_DATA_STATE apnType=dm
05-23 11:05:33.168   592   592 D MobileDataStateTracker: dm0: dm setting isAvailable to true
05-23 11:05:33.168   592   592 D MobileDataStateTracker: dm0: Received state=DISCONNECTED, old=DISCONNECTED, reason=dataDetached
05-23 11:05:33.168   592   592 D MobileDataStateTracker: hipri0: receive android.intent.action.ANY_DATA_STATE
05-23 11:05:33.168   592   592 D MobileDataStateTracker: hipri0: Broadcast received: ACTION_ANY_DATA_CONNECTION_STATE_CHANGEDmApnType=hipri != received apnType=dm
05-23 11:05:33.178   592   592 D MobileDataStateTracker: cbs0: receive android.intent.action.ANY_DATA_STATE
05-23 11:05:33.178   592   607 D BroadcastQueue: processNextBroadcast(background) called when not idle (state=1)
05-23 11:05:33.178   592   857 D BroadcastQueue: Schedule broadcasts [background]: current=false
05-23 11:05:33.178   592   923 I TelephonyRegistry: notifyDataConnection: state=0 isDataConnectivityPossible=false reason='roamingOff' apn='null' apnType=xcap networkType=0 mRecords.size()=8 mRecords=[{pkgForDebug=android callerUid=0 events=1c1}, {pkgForDebug=android callerUid=0 events=20}, {pkgForDebug=com.android.systemui callerUid=0 events=41e1}, {pkgForDebug=com.android.systemui callerUid=0 events=4000}, {pkgForDebug=com.android.phone callerUid=0 events=c}, {pkgForDebug=com.android.phone callerUid=0 events=1}, {pkgForDebug=com.android.phone callerUid=0 events=9}, {pkgForDebug=android callerUid=0 events=1}] linkProperties: null
05-23 11:05:33.178   592   923 D BroadcastQueue: Schedule broadcasts [background]: current=true
05-23 11:05:33.188   592   832 I TelephonyRegistry: notifyDataConnection: state=0 isDataConnectivityPossible=false reason='roamingOff' apn='null' apnType=dm networkType=0 mRecords.size()=8 mRecords=[{pkgForDebug=android callerUid=0 events=1c1}, {pkgForDebug=android callerUid=0 events=20}, {pkgForDebug=com.android.systemui callerUid=0 events=41e1}, {pkgForDebug=com.android.systemui callerUid=0 events=4000}, {pkgForDebug=com.android.phone callerUid=0 events=c}, {pkgForDebug=com.android.phone callerUid=0 events=1}, {pkgForDebug=com.android.phone callerUid=0 events=9}, {pkgForDebug=android callerUid=0 events=1}] linkProperties: null
05-23 11:05:33.188   592   832 D BroadcastQueue: Schedule broadcasts [background]: current=true
05-23 11:05:33.188   592   607 D BroadcastQueue: Received BROADCAST_INTENT_MSG
05-23 11:05:33.188   592   603 I TelephonyRegistry: notifyDataConnection: state=0 isDataConnectivityPossible=false reason='roamingOff' apn='null' apnType=wap networkType=0 mRecords.size()=8 mRecords=[{pkgForDebug=android callerUid=0 events=1c1}, {pkgForDebug=android callerUid=0 events=20}, {pkgForDebug=com.android.systemui callerUid=0 events=41e1}, {pkgForDebug=com.android.systemui callerUid=0 events=4000}, {pkgForDebug=com.android.phone callerUid=0 events=c}, {pkgForDebug=com.android.phone callerUid=0 events=1}, {pkgForDebug=com.android.phone callerUid=0 events=9}, {pkgForDebug=android callerUid=0 events=1}] linkProperties: null
05-23 11:05:33.188   592   592 D MobileDataStateTracker: cbs0: Broadcast received: ACTION_ANY_DATA_CONNECTION_STATE_CHANGEDmApnType=cbs != received apnType=dm
05-23 11:05:33.198   592   592 D MobileDataStateTracker: ims0: receive android.intent.action.ANY_DATA_STATE
05-23 11:05:33.198   592   592 D MobileDataStateTracker: ims0: Broadcast received: ACTION_ANY_DATA_CONNECTION_STATE_CHANGEDmApnType=ims != received apnType=dm
05-23 11:05:33.198   592   592 D MobileDataStateTracker: fota0: receive android.intent.action.ANY_DATA_STATE
05-23 11:05:33.198   592   592 D MobileDataStateTracker: fota0: Broadcast received: ACTION_ANY_DATA_CONNECTION_STATE_CHANGEDmApnType=fota != received apnType=dm
05-23 11:05:33.208   592   592 D MobileDataStateTracker: supl0: receive android.intent.action.ANY_DATA_STATE
05-23 11:05:33.208   592   592 D MobileDataStateTracker: supl0: Broadcast received: ACTION_ANY_DATA_CONNECTION_STATE_CHANGEDmApnType=supl != received apnType=dm
05-23 11:05:33.208   592   592 D MobileDataStateTracker: mms0: receive android.intent.action.ANY_DATA_STATE
05-23 11:05:33.208   592   592 D MobileDataStateTracker: mms0: Broadcast received: ACTION_ANY_DATA_CONNECTION_STATE_CHANGEDmApnType=mms != received apnType=dm
05-23 11:05:33.208   592   592 D MobileDataStateTracker: default0: receive android.intent.action.ANY_DATA_STATE
05-23 11:05:33.208   592   592 D MobileDataStateTracker: default0: Broadcast received: ACTION_ANY_DATA_CONNECTION_STATE_CHANGEDmApnType=default != received apnType=dm
05-23 11:05:33.208   592   592 D MobileDataStateTracker: wap0: receive android.intent.action.ANY_DATA_STATE
05-23 11:05:33.208   592   592 D MobileDataStateTracker: wap0: Broadcast received: ACTION_ANY_DATA_CONNECTION_STATE_CHANGEDmApnType=wap == received apnType=wap
05-23 11:05:33.208   592   592 D MobileDataStateTracker: wap0: Broadcast received: android.intent.action.ANY_DATA_STATE apnType=wap
05-23 11:05:33.218   592   592 D MobileDataStateTracker: wap0: wap setting isAvailable to true
05-23 11:05:33.218   592   592 D MobileDataStateTracker: wap0: Received state=DISCONNECTED, old=DISCONNECTED, reason=dataDetached
05-23 11:05:33.218   592   592 D MobileDataStateTracker: null0: receive android.intent.action.ANY_DATA_STATE
05-23 11:05:33.218   592   592 D MobileDataStateTracker: null0: Broadcast received: ACTION_ANY_DATA_CONNECTION_STATE_CHANGEDmApnType=null != received apnType=wap
05-23 11:05:33.218   592   592 D MobileDataStateTracker: xcap0: receive android.intent.action.ANY_DATA_STATE
05-23 11:05:33.218   592   592 D MobileDataStateTracker: xcap0: Broadcast received: ACTION_ANY_DATA_CONNECTION_STATE_CHANGEDmApnType=xcap != received apnType=wap
05-23 11:05:33.218   592   592 D MobileDataStateTracker: dm0: receive android.intent.action.ANY_DATA_STATE
05-23 11:05:33.218   592   592 D MobileDataStateTracker: dm0: Broadcast received: ACTION_ANY_DATA_CONNECTION_STATE_CHANGEDmApnType=dm != received apnType=wap
05-23 11:05:33.218   592   592 D MobileDataStateTracker: hipri0: receive android.intent.action.ANY_DATA_STATE
05-23 11:05:33.218   592   592 D MobileDataStateTracker: hipri0: Broadcast received: ACTION_ANY_DATA_CONNECTION_STATE_CHANGEDmApnType=hipri != received apnType=wap
05-23 11:05:33.218   592   592 D MobileDataStateTracker: cbs0: receive android.intent.action.ANY_DATA_STATE
05-23 11:05:33.218   592   592 D MobileDataStateTracker: cbs0: Broadcast received: ACTION_ANY_DATA_CONNECTION_STATE_CHANGEDmApnType=cbs != received apnType=wap
05-23 11:05:33.218   592   592 D MobileDataStateTracker: ims0: receive android.intent.action.ANY_DATA_STATE
05-23 11:05:33.218   592   592 D MobileDataStateTracker: ims0: Broadcast received: ACTION_ANY_DATA_CONNECTION_STATE_CHANGEDmApnType=ims != received apnType=wap
05-23 11:05:33.218   592   592 D MobileDataStateTracker: fota0: receive android.intent.action.ANY_DATA_STATE
05-23 11:05:33.228   592   592 D MobileDataStateTracker: fota0: Broadcast received: ACTION_ANY_DATA_CONNECTION_STATE_CHANGEDmApnType=fota != received apnType=wap
05-23 11:05:33.238   592   592 D MobileDataStateTracker: supl0: receive android.intent.action.ANY_DATA_STATE
05-23 11:05:33.238   592   592 D MobileDataStateTracker: supl0: Broadcast received: ACTION_ANY_DATA_CONNECTION_STATE_CHANGEDmApnType=supl != received apnType=wap
05-23 11:05:33.238   592   592 D MobileDataStateTracker: mms0: receive android.intent.action.ANY_DATA_STATE
05-23 11:05:33.238   592   592 D MobileDataStateTracker: mms0: Broadcast received: ACTION_ANY_DATA_CONNECTION_STATE_CHANGEDmApnType=mms != received apnType=wap
05-23 11:05:33.238   592   592 D MobileDataStateTracker: default0: receive android.intent.action.ANY_DATA_STATE
05-23 11:05:33.238   592   592 D MobileDataStateTracker: default0: Broadcast received: ACTION_ANY_DATA_CONNECTION_STATE_CHANGEDmApnType=default != received apnType=wap
05-23 11:05:33.238   592   592 D MobileDataStateTracker: wap0: receive android.intent.action.ANY_DATA_STATE
05-23 11:05:33.238   592   592 D MobileDataStateTracker: wap0: Broadcast received: ACTION_ANY_DATA_CONNECTION_STATE_CHANGEDmApnType=wap != received apnType=fota
05-23 11:05:33.238   592   592 D MobileDataStateTracker: null0: receive android.intent.action.ANY_DATA_STATE
05-23 11:05:33.238   592   592 D MobileDataStateTracker: null0: Broadcast received: ACTION_ANY_DATA_CONNECTION_STATE_CHANGEDmApnType=null != received apnType=fota
05-23 11:05:33.238   592   592 D MobileDataStateTracker: xcap0: receive android.intent.action.ANY_DATA_STATE
05-23 11:05:33.238   592   592 D MobileDataStateTracker: xcap0: Broadcast received: ACTION_ANY_DATA_CONNECTION_STATE_CHANGEDmApnType=xcap != received apnType=fota
05-23 11:05:33.238   592   592 D MobileDataStateTracker: dm0: receive android.intent.action.ANY_DATA_STATE
05-23 11:05:33.238   592   592 D MobileDataStateTracker: dm0: Broadcast received: ACTION_ANY_DATA_CONNECTION_STATE_CHANGEDmApnType=dm != received apnType=fota
05-23 11:05:33.238   592   592 D MobileDataStateTracker: hipri0: receive android.intent.action.ANY_DATA_STATE
05-23 11:05:33.238   592   592 D MobileDataStateTracker: hipri0: Broadcast received: ACTION_ANY_DATA_CONNECTION_STATE_CHANGEDmApnType=hipri != received apnType=fota
05-23 11:05:33.238   592   592 D MobileDataStateTracker: cbs0: receive android.intent.action.ANY_DATA_STATE
05-23 11:05:33.238   592   592 D MobileDataStateTracker: cbs0: Broadcast received: ACTION_ANY_DATA_CONNECTION_STATE_CHANGEDmApnType=cbs != received apnType=fota
05-23 11:05:33.238   592   592 D MobileDataStateTracker: ims0: receive android.intent.action.ANY_DATA_STATE
05-23 11:05:33.238   592   592 D MobileDataStateTracker: ims0: Broadcast received: ACTION_ANY_DATA_CONNECTION_STATE_CHANGEDmApnType=ims != received apnType=fota
05-23 11:05:33.248   592   592 D MobileDataStateTracker: fota0: receive android.intent.action.ANY_DATA_STATE
05-23 11:05:33.248   592   592 D MobileDataStateTracker: fota0: Broadcast received: ACTION_ANY_DATA_CONNECTION_STATE_CHANGEDmApnType=fota == received apnType=fota
05-23 11:05:33.248   592   592 D MobileDataStateTracker: fota0: Broadcast received: android.intent.action.ANY_DATA_STATE apnType=fota
05-23 11:05:33.278   592   607 D BroadcastQueue: processNextBroadcast(background) called when not idle (state=1)
05-23 11:05:33.278   592   603 D BroadcastQueue: Schedule broadcasts [background]: current=false
05-23 11:05:33.278   592   607 D BroadcastQueue: Received BROADCAST_INTENT_MSG
05-23 11:05:33.298   592   924 D PowerManagerService: acquireWakeLockInternal: lock=1106060400, flags=0x1, tag="show keyguard", ws=null, uid=10008, pid=673 pkg name:com.android.keyguard
05-23 11:05:33.298   592   592 D MobileDataStateTracker: fota0: fota setting isAvailable to true
05-23 11:05:33.298   592   924 V BatteryStatsImpl: startRunningLocked(): mNesting = 1
05-23 11:05:33.298   592   592 D MobileDataStateTracker: fota0: Received state=DISCONNECTED, old=DISCONNECTED, reason=dataDetached
05-23 11:05:33.308   592   924 V BatteryStatsImpl: startRunningLocked before mTimerPool.size = 2
05-23 11:05:33.308   592   924 V BatteryStatsImpl: startRunningLocked after mTimerPool.size = 3
05-23 11:05:33.308   673   673 D LoadedApk: after onReceive:com.android.systemui.statusbar.BaseStatusBar$3@41e376e8 intent:android.intent.action.USER_SWITCHED spend on onReceive:1334 ms, more than 300ms, please check
05-23 11:05:33.308   592   757 I TelephonyRegistry: notifyDataConnection: state=0 isDataConnectivityPossible=false reason='roamingOff' apn='null' apnType=fota networkType=0 mRecords.size()=8 mRecords=[{pkgForDebug=android callerUid=0 events=1c1}, {pkgForDebug=android callerUid=0 events=20}, {pkgForDebug=com.android.systemui callerUid=0 events=41e1}, {pkgForDebug=com.android.systemui callerUid=0 events=4000}, {pkgForDebug=com.android.phone callerUid=0 events=c}, {pkgForDebug=com.android.phone callerUid=0 events=1}, {pkgForDebug=com.android.phone callerUid=0 events=9}, {pkgForDebug=android callerUid=0 events=1}] linkProperties: null
05-23 11:05:33.308   592   592 D MobileDataStateTracker: supl0: receive android.intent.action.ANY_DATA_STATE
05-23 11:05:33.308   592   592 D MobileDataStateTracker: supl0: Broadcast received: ACTION_ANY_DATA_CONNECTION_STATE_CHANGEDmApnType=supl != received apnType=fota
05-23 11:05:33.308   592   592 D MobileDataStateTracker: mms0: receive android.intent.action.ANY_DATA_STATE
05-23 11:05:33.308   592   592 D MobileDataStateTracker: mms0: Broadcast received: ACTION_ANY_DATA_CONNECTION_STATE_CHANGEDmApnType=mms != received apnType=fota
05-23 11:05:33.308   592   592 D MobileDataStateTracker: default0: receive android.intent.action.ANY_DATA_STATE
05-23 11:05:33.308   592   592 D MobileDataStateTracker: default0: Broadcast received: ACTION_ANY_DATA_CONNECTION_STATE_CHANGEDmApnType=default != received apnType=fota
05-23 11:05:33.308   592   592 D MobileDataStateTracker: wap0: receive android.intent.action.ANY_DATA_STATE
05-23 11:05:33.308   592   592 D MobileDataStateTracker: wap0: Broadcast received: ACTION_ANY_DATA_CONNECTION_STATE_CHANGEDmApnType=wap != received apnType=supl
05-23 11:05:33.318   592   592 D MobileDataStateTracker: null0: receive android.intent.action.ANY_DATA_STATE
05-23 11:05:33.318   592   592 D MobileDataStateTracker: null0: Broadcast received: ACTION_ANY_DATA_CONNECTION_STATE_CHANGEDmApnType=null != received apnType=supl
05-23 11:05:33.318   592   592 D MobileDataStateTracker: xcap0: receive android.intent.action.ANY_DATA_STATE
05-23 11:05:33.318   592   592 D MobileDataStateTracker: xcap0: Broadcast received: ACTION_ANY_DATA_CONNECTION_STATE_CHANGEDmApnType=xcap != received apnType=supl
05-23 11:05:33.318   592   592 D MobileDataStateTracker: dm0: receive android.intent.action.ANY_DATA_STATE
05-23 11:05:33.318   592   592 D MobileDataStateTracker: dm0: Broadcast received: ACTION_ANY_DATA_CONNECTION_STATE_CHANGEDmApnType=dm != received apnType=supl
05-23 11:05:33.318   592   592 D MobileDataStateTracker: hipri0: receive android.intent.action.ANY_DATA_STATE
05-23 11:05:33.318   592   592 D MobileDataStateTracker: hipri0: Broadcast received: ACTION_ANY_DATA_CONNECTION_STATE_CHANGEDmApnType=hipri != received apnType=supl
05-23 11:05:33.318   592   592 D MobileDataStateTracker: cbs0: receive android.intent.action.ANY_DATA_STATE
05-23 11:05:33.318   592   592 D MobileDataStateTracker: cbs0: Broadcast received: ACTION_ANY_DATA_CONNECTION_STATE_CHANGEDmApnType=cbs != received apnType=supl
05-23 11:05:33.318   592   592 D MobileDataStateTracker: ims0: receive android.intent.action.ANY_DATA_STATE
05-23 11:05:33.318   592   592 D MobileDataStateTracker: ims0: Broadcast received: ACTION_ANY_DATA_CONNECTION_STATE_CHANGEDmApnType=ims != received apnType=supl
05-23 11:05:33.318   592   592 D MobileDataStateTracker: fota0: receive android.intent.action.ANY_DATA_STATE
05-23 11:05:33.328   592   592 D MobileDataStateTracker: fota0: Broadcast received: ACTION_ANY_DATA_CONNECTION_STATE_CHANGEDmApnType=fota != received apnType=supl
05-23 11:05:33.328   592   592 D MobileDataStateTracker: supl0: receive android.intent.action.ANY_DATA_STATE
05-23 11:05:33.328   592   592 D MobileDataStateTracker: supl0: Broadcast received: ACTION_ANY_DATA_CONNECTION_STATE_CHANGEDmApnType=supl == received apnType=supl
05-23 11:05:33.328   592   592 D MobileDataStateTracker: supl0: Broadcast received: android.intent.action.ANY_DATA_STATE apnType=supl
05-23 11:05:33.328   592   607 D BroadcastQueue: processNextBroadcast(background) called when not idle (state=1)
05-23 11:05:33.328   592   757 D BroadcastQueue: Schedule broadcasts [background]: current=false
05-23 11:05:33.338   592   607 D BroadcastQueue: Received BROADCAST_INTENT_MSG
05-23 11:05:33.338   592   592 D MobileDataStateTracker: supl0: supl setting isAvailable to true
05-23 11:05:33.338   592   592 D MobileDataStateTracker: supl0: Received state=DISCONNECTED, old=DISCONNECTED, reason=dataDetached
05-23 11:05:33.338   592   592 D MobileDataStateTracker: mms0: receive android.intent.action.ANY_DATA_STATE
05-23 11:05:33.338   592   924 I TelephonyRegistry: notifyDataConnection: state=0 isDataConnectivityPossible=false reason='roamingOff' apn='null' apnType=supl networkType=0 mRecords.size()=8 mRecords=[{pkgForDebug=android callerUid=0 events=1c1}, {pkgForDebug=android callerUid=0 events=20}, {pkgForDebug=com.android.systemui callerUid=0 events=41e1}, {pkgForDebug=com.android.systemui callerUid=0 events=4000}, {pkgForDebug=com.android.phone callerUid=0 events=c}, {pkgForDebug=com.android.phone callerUid=0 events=1}, {pkgForDebug=com.android.phone callerUid=0 events=9}, {pkgForDebug=android callerUid=0 events=1}] linkProperties: null
05-23 11:05:33.338   592   592 D MobileDataStateTracker: mms0: Broadcast received: ACTION_ANY_DATA_CONNECTION_STATE_CHANGEDmApnType=mms != received apnType=supl
05-23 11:05:33.338   592   592 D MobileDataStateTracker: default0: receive android.intent.action.ANY_DATA_STATE
05-23 11:05:33.338   592   592 D MobileDataStateTracker: default0: Broadcast received: ACTION_ANY_DATA_CONNECTION_STATE_CHANGEDmApnType=default != received apnType=supl
05-23 11:05:33.338   592   592 D MobileDataStateTracker: wap0: receive android.intent.action.ANY_DATA_STATE
05-23 11:05:33.338   592   592 D MobileDataStateTracker: wap0: Broadcast received: ACTION_ANY_DATA_CONNECTION_STATE_CHANGEDmApnType=wap != received apnType=hipri
05-23 11:05:33.338   592   592 D MobileDataStateTracker: null0: receive android.intent.action.ANY_DATA_STATE
05-23 11:05:33.338   592   592 D MobileDataStateTracker: null0: Broadcast received: ACTION_ANY_DATA_CONNECTION_STATE_CHANGEDmApnType=null != received apnType=hipri
05-23 11:05:33.338   592   592 D MobileDataStateTracker: xcap0: receive android.intent.action.ANY_DATA_STATE
05-23 11:05:33.338   592   592 D MobileDataStateTracker: xcap0: Broadcast received: ACTION_ANY_DATA_CONNECTION_STATE_CHANGEDmApnType=xcap != received apnType=hipri
05-23 11:05:33.338   592   592 D MobileDataStateTracker: dm0: receive android.intent.action.ANY_DATA_STATE
05-23 11:05:33.338   592   592 D MobileDataStateTracker: dm0: Broadcast received: ACTION_ANY_DATA_CONNECTION_STATE_CHANGEDmApnType=dm != received apnType=hipri
05-23 11:05:33.338   592   592 D MobileDataStateTracker: hipri0: receive android.intent.action.ANY_DATA_STATE
05-23 11:05:33.338   592   592 D MobileDataStateTracker: hipri0: Broadcast received: ACTION_ANY_DATA_CONNECTION_STATE_CHANGEDmApnType=hipri == received apnType=hipri
05-23 11:05:33.338   592   592 D MobileDataStateTracker: hipri0: Broadcast received: android.intent.action.ANY_DATA_STATE apnType=hipri
05-23 11:05:33.348   592   592 D MobileDataStateTracker: hipri0: hipri setting isAvailable to true
05-23 11:05:33.348   592   592 D MobileDataStateTracker: hipri0: Received state=DISCONNECTED, old=DISCONNECTED, reason=dataDetached
05-23 11:05:33.348   592   592 D MobileDataStateTracker: cbs0: receive android.intent.action.ANY_DATA_STATE
05-23 11:05:33.348   592   592 D MobileDataStateTracker: cbs0: Broadcast received: ACTION_ANY_DATA_CONNECTION_STATE_CHANGEDmApnType=cbs != received apnType=hipri
05-23 11:05:33.358   592   592 D MobileDataStateTracker: ims0: receive android.intent.action.ANY_DATA_STATE
05-23 11:05:33.358   592   592 D MobileDataStateTracker: ims0: Broadcast received: ACTION_ANY_DATA_CONNECTION_STATE_CHANGEDmApnType=ims != received apnType=hipri
05-23 11:05:33.358   592   592 D MobileDataStateTracker: fota0: receive android.intent.action.ANY_DATA_STATE
05-23 11:05:33.358   592   592 D MobileDataStateTracker: fota0: Broadcast received: ACTION_ANY_DATA_CONNECTION_STATE_CHANGEDmApnType=fota != received apnType=hipri
05-23 11:05:33.358   592   592 D MobileDataStateTracker: supl0: receive android.intent.action.ANY_DATA_STATE
05-23 11:05:33.358   592   592 D MobileDataStateTracker: supl0: Broadcast received: ACTION_ANY_DATA_CONNECTION_STATE_CHANGEDmApnType=supl != received apnType=hipri
05-23 11:05:33.368   592   592 D MobileDataStateTracker: mms0: receive android.intent.action.ANY_DATA_STATE
05-23 11:05:33.368   592   592 D MobileDataStateTracker: mms0: Broadcast received: ACTION_ANY_DATA_CONNECTION_STATE_CHANGEDmApnType=mms != received apnType=hipri
05-23 11:05:33.368   592   592 D MobileDataStateTracker: default0: receive android.intent.action.ANY_DATA_STATE
05-23 11:05:33.368   592   592 D MobileDataStateTracker: default0: Broadcast received: ACTION_ANY_DATA_CONNECTION_STATE_CHANGEDmApnType=default != received apnType=hipri
05-23 11:05:33.368   592   607 D BroadcastQueue: processNextBroadcast(background) called when not idle (state=1)
05-23 11:05:33.368   592   592 D MobileDataStateTracker: wap0: receive android.intent.action.ANY_DATA_STATE
05-23 11:05:33.378   592   592 D MobileDataStateTracker: wap0: Broadcast received: ACTION_ANY_DATA_CONNECTION_STATE_CHANGEDmApnType=wap != received apnType=ims
05-23 11:05:33.378   592   592 D MobileDataStateTracker: null0: receive android.intent.action.ANY_DATA_STATE
05-23 11:05:33.378   592   592 D MobileDataStateTracker: null0: Broadcast received: ACTION_ANY_DATA_CONNECTION_STATE_CHANGEDmApnType=null != received apnType=ims
05-23 11:05:33.378   592   592 D MobileDataStateTracker: xcap0: receive android.intent.action.ANY_DATA_STATE
05-23 11:05:33.378   592   592 D MobileDataStateTracker: xcap0: Broadcast received: ACTION_ANY_DATA_CONNECTION_STATE_CHANGEDmApnType=xcap != received apnType=ims
05-23 11:05:33.388   592   592 D MobileDataStateTracker: dm0: receive android.intent.action.ANY_DATA_STATE
05-23 11:05:33.388   592   924 D BroadcastQueue: Schedule broadcasts [background]: current=false
05-23 11:05:33.388   592   592 D MobileDataStateTracker: dm0: Broadcast received: ACTION_ANY_DATA_CONNECTION_STATE_CHANGEDmApnType=dm != received apnType=ims
05-23 11:05:33.388   592   592 D MobileDataStateTracker: hipri0: receive android.intent.action.ANY_DATA_STATE
05-23 11:05:33.388   592   925 I TelephonyRegistry: notifyDataConnection: state=0 isDataConnectivityPossible=false reason='roamingOff' apn='null' apnType=hipri networkType=0 mRecords.size()=8 mRecords=[{pkgForDebug=android callerUid=0 events=1c1}, {pkgForDebug=android callerUid=0 events=20}, {pkgForDebug=com.android.systemui callerUid=0 events=41e1}, {pkgForDebug=com.android.systemui callerUid=0 events=4000}, {pkgForDebug=com.android.phone callerUid=0 events=c}, {pkgForDebug=com.android.phone callerUid=0 events=1}, {pkgForDebug=com.android.phone callerUid=0 events=9}, {pkgForDebug=android callerUid=0 events=1}] linkProperties: null
05-23 11:05:33.388   592   592 D MobileDataStateTracker: hipri0: Broadcast received: ACTION_ANY_DATA_CONNECTION_STATE_CHANGEDmApnType=hipri != received apnType=ims
05-23 11:05:33.388   592   925 D BroadcastQueue: Schedule broadcasts [background]: current=true
05-23 11:05:33.388   592   592 D MobileDataStateTracker: cbs0: receive android.intent.action.ANY_DATA_STATE
05-23 11:05:33.398   592   592 D MobileDataStateTracker: cbs0: Broadcast received: ACTION_ANY_DATA_CONNECTION_STATE_CHANGEDmApnType=cbs != received apnType=ims
05-23 11:05:33.398   592   592 D MobileDataStateTracker: ims0: receive android.intent.action.ANY_DATA_STATE
05-23 11:05:33.398   592   857 I TelephonyRegistry: notifyDataConnection: state=0 isDataConnectivityPossible=false reason='roamingOff' apn='null' apnType=ims networkType=0 mRecords.size()=8 mRecords=[{pkgForDebug=android callerUid=0 events=1c1}, {pkgForDebug=android callerUid=0 events=20}, {pkgForDebug=com.android.systemui callerUid=0 events=41e1}, {pkgForDebug=com.android.systemui callerUid=0 events=4000}, {pkgForDebug=com.android.phone callerUid=0 events=c}, {pkgForDebug=com.android.phone callerUid=0 events=1}, {pkgForDebug=com.android.phone callerUid=0 events=9}, {pkgForDebug=android callerUid=0 events=1}] linkProperties: null
05-23 11:05:33.398   592   592 D MobileDataStateTracker: ims0: Broadcast received: ACTION_ANY_DATA_CONNECTION_STATE_CHANGEDmApnType=ims == received apnType=ims
05-23 11:05:33.398   592   857 D BroadcastQueue: Schedule broadcasts [background]: current=true
05-23 11:05:33.398   592   592 D MobileDataStateTracker: ims0: Broadcast received: android.intent.action.ANY_DATA_STATE apnType=ims
05-23 11:05:33.408   592   602 I TelephonyRegistry: notifyDataConnection: state=0 isDataConnectivityPossible=false reason='roamingOff' apn='null' apnType=default networkType=0 mRecords.size()=8 mRecords=[{pkgForDebug=android callerUid=0 events=1c1}, {pkgForDebug=android callerUid=0 events=20}, {pkgForDebug=com.android.systemui callerUid=0 events=41e1}, {pkgForDebug=com.android.systemui callerUid=0 events=4000}, {pkgForDebug=com.android.phone callerUid=0 events=c}, {pkgForDebug=com.android.phone callerUid=0 events=1}, {pkgForDebug=com.android.phone callerUid=0 events=9}, {pkgForDebug=android callerUid=0 events=1}] linkProperties: null
05-23 11:05:33.408   592   602 D BroadcastQueue: Schedule broadcasts [background]: current=true
05-23 11:05:33.408   592   592 D MobileDataStateTracker: ims0: ims setting isAvailable to true
05-23 11:05:33.408   592   592 D MobileDataStateTracker: ims0: Received state=DISCONNECTED, old=DISCONNECTED, reason=dataDetached
05-23 11:05:33.408   592   592 D MobileDataStateTracker: fota0: receive android.intent.action.ANY_DATA_STATE
05-23 11:05:33.408   592   592 D MobileDataStateTracker: fota0: Broadcast received: ACTION_ANY_DATA_CONNECTION_STATE_CHANGEDmApnType=fota != received apnType=ims
05-23 11:05:33.408   592   607 D BroadcastQueue: Received BROADCAST_INTENT_MSG
05-23 11:05:33.408   592   592 D MobileDataStateTracker: supl0: receive android.intent.action.ANY_DATA_STATE
05-23 11:05:33.408   592   592 D MobileDataStateTracker: supl0: Broadcast received: ACTION_ANY_DATA_CONNECTION_STATE_CHANGEDmApnType=supl != received apnType=ims
05-23 11:05:33.418   592   592 D MobileDataStateTracker: mms0: receive android.intent.action.ANY_DATA_STATE
05-23 11:05:33.418   592   592 D MobileDataStateTracker: mms0: Broadcast received: ACTION_ANY_DATA_CONNECTION_STATE_CHANGEDmApnType=mms != received apnType=ims
05-23 11:05:33.418   592   592 D MobileDataStateTracker: default0: receive android.intent.action.ANY_DATA_STATE
05-23 11:05:33.418   592   592 D MobileDataStateTracker: default0: Broadcast received: ACTION_ANY_DATA_CONNECTION_STATE_CHANGEDmApnType=default != received apnType=ims
05-23 11:05:33.418   592   592 D MobileDataStateTracker: wap0: receive android.intent.action.ANY_DATA_STATE
05-23 11:05:33.418   592   592 D MobileDataStateTracker: wap0: Broadcast received: ACTION_ANY_DATA_CONNECTION_STATE_CHANGEDmApnType=wap != received apnType=default
05-23 11:05:33.418   592   592 D MobileDataStateTracker: null0: receive android.intent.action.ANY_DATA_STATE
05-23 11:05:33.418   592   592 D MobileDataStateTracker: null0: Broadcast received: ACTION_ANY_DATA_CONNECTION_STATE_CHANGEDmApnType=null != received apnType=default
05-23 11:05:33.418   592   592 D MobileDataStateTracker: xcap0: receive android.intent.action.ANY_DATA_STATE
05-23 11:05:33.428   592   592 D MobileDataStateTracker: xcap0: Broadcast received: ACTION_ANY_DATA_CONNECTION_STATE_CHANGEDmApnType=xcap != received apnType=default
05-23 11:05:33.428   592   592 D MobileDataStateTracker: dm0: receive android.intent.action.ANY_DATA_STATE
05-23 11:05:33.428   592   592 D MobileDataStateTracker: dm0: Broadcast received: ACTION_ANY_DATA_CONNECTION_STATE_CHANGEDmApnType=dm != received apnType=default
05-23 11:05:33.428   592   592 D MobileDataStateTracker: hipri0: receive android.intent.action.ANY_DATA_STATE
05-23 11:05:33.428   592   592 D MobileDataStateTracker: hipri0: Broadcast received: ACTION_ANY_DATA_CONNECTION_STATE_CHANGEDmApnType=hipri != received apnType=default
05-23 11:05:33.428   592   592 D MobileDataStateTracker: cbs0: receive android.intent.action.ANY_DATA_STATE
05-23 11:05:33.428   592   592 D MobileDataStateTracker: cbs0: Broadcast received: ACTION_ANY_DATA_CONNECTION_STATE_CHANGEDmApnType=cbs != received apnType=default
05-23 11:05:33.428   592   592 D MobileDataStateTracker: ims0: receive android.intent.action.ANY_DATA_STATE
05-23 11:05:33.428   592   603 I TelephonyRegistry: notifyDataConnection: state=0 isDataConnectivityPossible=false reason='roamingOff' apn='null' apnType=mms networkType=0 mRecords.size()=8 mRecords=[{pkgForDebug=android callerUid=0 events=1c1}, {pkgForDebug=android callerUid=0 events=20}, {pkgForDebug=com.android.systemui callerUid=0 events=41e1}, {pkgForDebug=com.android.systemui callerUid=0 events=4000}, {pkgForDebug=com.android.phone callerUid=0 events=c}, {pkgForDebug=com.android.phone callerUid=0 events=1}, {pkgForDebug=com.android.phone callerUid=0 events=9}, {pkgForDebug=android callerUid=0 events=1}] linkProperties: null
05-23 11:05:33.428   592   592 D MobileDataStateTracker: ims0: Broadcast received: ACTION_ANY_DATA_CONNECTION_STATE_CHANGEDmApnType=ims != received apnType=default
05-23 11:05:33.428   592   592 D MobileDataStateTracker: fota0: receive android.intent.action.ANY_DATA_STATE
05-23 11:05:33.428   592   592 D MobileDataStateTracker: fota0: Broadcast received: ACTION_ANY_DATA_CONNECTION_STATE_CHANGEDmApnType=fota != received apnType=default
05-23 11:05:33.428   592   592 D MobileDataStateTracker: supl0: receive android.intent.action.ANY_DATA_STATE
05-23 11:05:33.428   592   592 D MobileDataStateTracker: supl0: Broadcast received: ACTION_ANY_DATA_CONNECTION_STATE_CHANGEDmApnType=supl != received apnType=default
05-23 11:05:33.428   592   592 D MobileDataStateTracker: mms0: receive android.intent.action.ANY_DATA_STATE
05-23 11:05:33.428   592   592 D MobileDataStateTracker: mms0: Broadcast received: ACTION_ANY_DATA_CONNECTION_STATE_CHANGEDmApnType=mms != received apnType=default
05-23 11:05:33.428   592   592 D MobileDataStateTracker: default0: receive android.intent.action.ANY_DATA_STATE
05-23 11:05:33.428   592   592 D MobileDataStateTracker: default0: Broadcast received: ACTION_ANY_DATA_CONNECTION_STATE_CHANGEDmApnType=default == received apnType=default
05-23 11:05:33.428   592   592 D MobileDataStateTracker: default0: Broadcast received: android.intent.action.ANY_DATA_STATE apnType=default
05-23 11:05:33.438   592   592 D MobileDataStateTracker: default0: default setting isAvailable to true
05-23 11:05:33.438   592   592 D MobileDataStateTracker: default0: Received state=DISCONNECTED, old=DISCONNECTED, reason=dataDetached
05-23 11:05:33.438   592   592 D MobileDataStateTracker: wap0: receive android.intent.action.ANY_DATA_STATE
05-23 11:05:33.438   592   592 D MobileDataStateTracker: wap0: Broadcast received: ACTION_ANY_DATA_CONNECTION_STATE_CHANGEDmApnType=wap != received apnType=mms
05-23 11:05:33.438   592   592 D MobileDataStateTracker: null0: receive android.intent.action.ANY_DATA_STATE
05-23 11:05:33.438   592   592 D MobileDataStateTracker: null0: Broadcast received: ACTION_ANY_DATA_CONNECTION_STATE_CHANGEDmApnType=null != received apnType=mms
05-23 11:05:33.448   592   592 D MobileDataStateTracker: xcap0: receive android.intent.action.ANY_DATA_STATE
05-23 11:05:33.448   592   592 D MobileDataStateTracker: xcap0: Broadcast received: ACTION_ANY_DATA_CONNECTION_STATE_CHANGEDmApnType=xcap != received apnType=mms
05-23 11:05:33.448   592   592 D MobileDataStateTracker: dm0: receive android.intent.action.ANY_DATA_STATE
05-23 11:05:33.448   592   592 D MobileDataStateTracker: dm0: Broadcast received: ACTION_ANY_DATA_CONNECTION_STATE_CHANGEDmApnType=dm != received apnType=mms
05-23 11:05:33.448   592   592 D MobileDataStateTracker: hipri0: receive android.intent.action.ANY_DATA_STATE
05-23 11:05:33.448   592   592 D MobileDataStateTracker: hipri0: Broadcast received: ACTION_ANY_DATA_CONNECTION_STATE_CHANGEDmApnType=hipri != received apnType=mms
05-23 11:05:33.448   592   592 D MobileDataStateTracker: cbs0: receive android.intent.action.ANY_DATA_STATE
05-23 11:05:33.448   592   592 D MobileDataStateTracker: cbs0: Broadcast received: ACTION_ANY_DATA_CONNECTION_STATE_CHANGEDmApnType=cbs != received apnType=mms
05-23 11:05:33.458   592   592 D MobileDataStateTracker: ims0: receive android.intent.action.ANY_DATA_STATE
05-23 11:05:33.458   592   592 D MobileDataStateTracker: ims0: Broadcast received: ACTION_ANY_DATA_CONNECTION_STATE_CHANGEDmApnType=ims != received apnType=mms
05-23 11:05:33.458   592   592 D MobileDataStateTracker: fota0: receive android.intent.action.ANY_DATA_STATE
05-23 11:05:33.458   592   592 D MobileDataStateTracker: fota0: Broadcast received: ACTION_ANY_DATA_CONNECTION_STATE_CHANGEDmApnType=fota != received apnType=mms
05-23 11:05:33.458   592   592 D MobileDataStateTracker: supl0: receive android.intent.action.ANY_DATA_STATE
05-23 11:05:33.458   592   592 D MobileDataStateTracker: supl0: Broadcast received: ACTION_ANY_DATA_CONNECTION_STATE_CHANGEDmApnType=supl != received apnType=mms
05-23 11:05:33.458   592   592 D MobileDataStateTracker: mms0: receive android.intent.action.ANY_DATA_STATE
05-23 11:05:33.458   592   592 D MobileDataStateTracker: mms0: Broadcast received: ACTION_ANY_DATA_CONNECTION_STATE_CHANGEDmApnType=mms == received apnType=mms
05-23 11:05:33.458   592   592 D MobileDataStateTracker: mms0: Broadcast received: android.intent.action.ANY_DATA_STATE apnType=mms
05-23 11:05:33.458   592   592 D MobileDataStateTracker: mms0: mms setting isAvailable to true
05-23 11:05:33.458   592   592 D MobileDataStateTracker: mms0: Received state=DISCONNECTED, old=DISCONNECTED, reason=dataDetached
05-23 11:05:33.458   592   592 D MobileDataStateTracker: default0: receive android.intent.action.ANY_DATA_STATE
05-23 11:05:33.458   592   592 D MobileDataStateTracker: default0: Broadcast received: ACTION_ANY_DATA_CONNECTION_STATE_CHANGEDmApnType=default != received apnType=mms
05-23 11:05:33.458   592   592 D MobileDataStateTracker: wap0: receive android.intent.action.ANY_DATA_STATE
05-23 11:05:33.458   592   592 D MobileDataStateTracker: wap0: Broadcast received: ACTION_ANY_DATA_CONNECTION_STATE_CHANGEDmApnType=wap != received apnType=cbs
05-23 11:05:33.458   592   592 D MobileDataStateTracker: null0: receive android.intent.action.ANY_DATA_STATE
05-23 11:05:33.458   592   592 D MobileDataStateTracker: null0: Broadcast received: ACTION_ANY_DATA_CONNECTION_STATE_CHANGEDmApnType=null != received apnType=cbs
05-23 11:05:33.458   592   592 D MobileDataStateTracker: xcap0: receive android.intent.action.ANY_DATA_STATE
05-23 11:05:33.458   592   592 D MobileDataStateTracker: xcap0: Broadcast received: ACTION_ANY_DATA_CONNECTION_STATE_CHANGEDmApnType=xcap != received apnType=cbs
05-23 11:05:33.468   592   592 D MobileDataStateTracker: dm0: receive android.intent.action.ANY_DATA_STATE
05-23 11:05:33.468   592   592 D MobileDataStateTracker: dm0: Broadcast received: ACTION_ANY_DATA_CONNECTION_STATE_CHANGEDmApnType=dm != received apnType=cbs
05-23 11:05:33.468   592   592 D MobileDataStateTracker: hipri0: receive android.intent.action.ANY_DATA_STATE
05-23 11:05:33.468   592   592 D MobileDataStateTracker: hipri0: Broadcast received: ACTION_ANY_DATA_CONNECTION_STATE_CHANGEDmApnType=hipri != received apnType=cbs
05-23 11:05:33.468   592   592 D MobileDataStateTracker: cbs0: receive android.intent.action.ANY_DATA_STATE
05-23 11:05:33.468   592   592 D MobileDataStateTracker: cbs0: Broadcast received: ACTION_ANY_DATA_CONNECTION_STATE_CHANGEDmApnType=cbs == received apnType=cbs
05-23 11:05:33.468   592   592 D MobileDataStateTracker: cbs0: Broadcast received: android.intent.action.ANY_DATA_STATE apnType=cbs
05-23 11:05:33.479   592   592 D MobileDataStateTracker: cbs0: cbs setting isAvailable to true
05-23 11:05:33.479   592   592 D MobileDataStateTracker: cbs0: Received state=DISCONNECTED, old=DISCONNECTED, reason=dataDetached
05-23 11:05:33.489   592   592 D MobileDataStateTracker: ims0: receive android.intent.action.ANY_DATA_STATE
05-23 11:05:33.489   592   592 D MobileDataStateTracker: ims0: Broadcast received: ACTION_ANY_DATA_CONNECTION_STATE_CHANGEDmApnType=ims != received apnType=cbs
05-23 11:05:33.489   592   592 D MobileDataStateTracker: fota0: receive android.intent.action.ANY_DATA_STATE
05-23 11:05:33.489   592   592 D MobileDataStateTracker: fota0: Broadcast received: ACTION_ANY_DATA_CONNECTION_STATE_CHANGEDmApnType=fota != received apnType=cbs
05-23 11:05:33.489   592   592 D MobileDataStateTracker: supl0: receive android.intent.action.ANY_DATA_STATE
05-23 11:05:33.489   592   592 D MobileDataStateTracker: supl0: Broadcast received: ACTION_ANY_DATA_CONNECTION_STATE_CHANGEDmApnType=supl != received apnType=cbs
05-23 11:05:33.489   592   592 D MobileDataStateTracker: mms0: receive android.intent.action.ANY_DATA_STATE
05-23 11:05:33.489   592   592 D MobileDataStateTracker: mms0: Broadcast received: ACTION_ANY_DATA_CONNECTION_STATE_CHANGEDmApnType=mms != received apnType=cbs
05-23 11:05:33.499   592   592 D MobileDataStateTracker: default0: receive android.intent.action.ANY_DATA_STATE
05-23 11:05:33.499   592   592 D MobileDataStateTracker: default0: Broadcast received: ACTION_ANY_DATA_CONNECTION_STATE_CHANGEDmApnType=default != received apnType=cbs
05-23 11:05:33.499   592   592 D MobileDataStateTracker: wap0: receive android.intent.action.ANY_DATA_STATE
05-23 11:05:33.499   592   592 D MobileDataStateTracker: wap0: Broadcast received: ACTION_ANY_DATA_CONNECTION_STATE_CHANGEDmApnType=wap != received apnType=xcap
05-23 11:05:33.499   592   592 D MobileDataStateTracker: null0: receive android.intent.action.ANY_DATA_STATE
05-23 11:05:33.499   592   592 D MobileDataStateTracker: null0: Broadcast received: ACTION_ANY_DATA_CONNECTION_STATE_CHANGEDmApnType=null != received apnType=xcap
05-23 11:05:33.499   592   592 D MobileDataStateTracker: xcap0: receive android.intent.action.ANY_DATA_STATE
05-23 11:05:33.509   592   592 D MobileDataStateTracker: xcap0: Broadcast received: ACTION_ANY_DATA_CONNECTION_STATE_CHANGEDmApnType=xcap == received apnType=xcap
05-23 11:05:33.509   592   592 D MobileDataStateTracker: xcap0: Broadcast received: android.intent.action.ANY_DATA_STATE apnType=xcap
05-23 11:05:33.509   592   592 D MobileDataStateTracker: xcap0: xcap setting isAvailable to true
05-23 11:05:33.509   592   592 D MobileDataStateTracker: xcap0: Received state=DISCONNECTED, old=DISCONNECTED, reason=dataDetached
05-23 11:05:33.509   592   592 D MobileDataStateTracker: dm0: receive android.intent.action.ANY_DATA_STATE
05-23 11:05:33.519   592   592 D MobileDataStateTracker: dm0: Broadcast received: ACTION_ANY_DATA_CONNECTION_STATE_CHANGEDmApnType=dm != received apnType=xcap
05-23 11:05:33.519   592   592 D MobileDataStateTracker: hipri0: receive android.intent.action.ANY_DATA_STATE
05-23 11:05:33.519   592   592 D MobileDataStateTracker: hipri0: Broadcast received: ACTION_ANY_DATA_CONNECTION_STATE_CHANGEDmApnType=hipri != received apnType=xcap
05-23 11:05:33.519   592   592 D MobileDataStateTracker: cbs0: receive android.intent.action.ANY_DATA_STATE
05-23 11:05:33.519   592   592 D MobileDataStateTracker: cbs0: Broadcast received: ACTION_ANY_DATA_CONNECTION_STATE_CHANGEDmApnType=cbs != received apnType=xcap
05-23 11:05:33.519   592   592 D MobileDataStateTracker: ims0: receive android.intent.action.ANY_DATA_STATE
05-23 11:05:33.519   592   592 D MobileDataStateTracker: ims0: Broadcast received: ACTION_ANY_DATA_CONNECTION_STATE_CHANGEDmApnType=ims != received apnType=xcap
05-23 11:05:33.519   592   592 D MobileDataStateTracker: fota0: receive android.intent.action.ANY_DATA_STATE
05-23 11:05:33.529   592   592 D MobileDataStateTracker: fota0: Broadcast received: ACTION_ANY_DATA_CONNECTION_STATE_CHANGEDmApnType=fota != received apnType=xcap
05-23 11:05:33.529   592   592 D MobileDataStateTracker: supl0: receive android.intent.action.ANY_DATA_STATE
05-23 11:05:33.529   592   592 D MobileDataStateTracker: supl0: Broadcast received: ACTION_ANY_DATA_CONNECTION_STATE_CHANGEDmApnType=supl != received apnType=xcap
05-23 11:05:33.529   592   592 D MobileDataStateTracker: mms0: receive android.intent.action.ANY_DATA_STATE
05-23 11:05:33.529   592   592 D MobileDataStateTracker: mms0: Broadcast received: ACTION_ANY_DATA_CONNECTION_STATE_CHANGEDmApnType=mms != received apnType=xcap
05-23 11:05:33.529   592   592 D MobileDataStateTracker: default0: receive android.intent.action.ANY_DATA_STATE
05-23 11:05:33.529   592   592 D MobileDataStateTracker: default0: Broadcast received: ACTION_ANY_DATA_CONNECTION_STATE_CHANGEDmApnType=default != received apnType=xcap
05-23 11:05:33.529   592   592 D MobileDataStateTracker: wap0: receive android.intent.action.ANY_DATA_STATE
05-23 11:05:33.529   592   592 D MobileDataStateTracker: wap0: Broadcast received: ACTION_ANY_DATA_CONNECTION_STATE_CHANGEDmApnType=wap != received apnType=dm
05-23 11:05:33.529   592   592 D MobileDataStateTracker: null0: receive android.intent.action.ANY_DATA_STATE
05-23 11:05:33.529   592   592 D MobileDataStateTracker: null0: Broadcast received: ACTION_ANY_DATA_CONNECTION_STATE_CHANGEDmApnType=null != received apnType=dm
05-23 11:05:33.529   592   592 D MobileDataStateTracker: xcap0: receive android.intent.action.ANY_DATA_STATE
05-23 11:05:33.529   592   592 D MobileDataStateTracker: xcap0: Broadcast received: ACTION_ANY_DATA_CONNECTION_STATE_CHANGEDmApnType=xcap != received apnType=dm
05-23 11:05:33.529   592   592 D MobileDataStateTracker: dm0: receive android.intent.action.ANY_DATA_STATE
05-23 11:05:33.529   592   592 D MobileDataStateTracker: dm0: Broadcast received: ACTION_ANY_DATA_CONNECTION_STATE_CHANGEDmApnType=dm == received apnType=dm
05-23 11:05:33.529   592   592 D MobileDataStateTracker: dm0: Broadcast received: android.intent.action.ANY_DATA_STATE apnType=dm
05-23 11:05:33.529   592   607 D BroadcastQueue: processNextBroadcast(background) called when not idle (state=1)
05-23 11:05:33.539   592   592 D MobileDataStateTracker: dm0: dm setting isAvailable to true
05-23 11:05:33.539   592   592 D MobileDataStateTracker: dm0: Received state=DISCONNECTED, old=DISCONNECTED, reason=roamingOff
05-23 11:05:33.539   592   592 D MobileDataStateTracker: hipri0: receive android.intent.action.ANY_DATA_STATE
05-23 11:05:33.539   592   592 D MobileDataStateTracker: hipri0: Broadcast received: ACTION_ANY_DATA_CONNECTION_STATE_CHANGEDmApnType=hipri != received apnType=dm
05-23 11:05:33.539   592   592 D MobileDataStateTracker: cbs0: receive android.intent.action.ANY_DATA_STATE
05-23 11:05:33.539   592   603 D BroadcastQueue: Schedule broadcasts [background]: current=false
05-23 11:05:33.539   592   667 I TelephonyRegistry: notifyDataConnection: state=0 isDataConnectivityPossible=false reason='roamingOff' apn='null' apnType=cbs networkType=0 mRecords.size()=8 mRecords=[{pkgForDebug=android callerUid=0 events=1c1}, {pkgForDebug=android callerUid=0 events=20}, {pkgForDebug=com.android.systemui callerUid=0 events=41e1}, {pkgForDebug=com.android.systemui callerUid=0 events=4000}, {pkgForDebug=com.android.phone callerUid=0 events=c}, {pkgForDebug=com.android.phone callerUid=0 events=1}, {pkgForDebug=com.android.phone callerUid=0 events=9}, {pkgForDebug=android callerUid=0 events=1}] linkProperties: null
05-23 11:05:33.549   592   667 D BroadcastQueue: Schedule broadcasts [background]: current=true
05-23 11:05:33.549   592   923 I TelephonyRegistry: notifyDataConnection: state=0 isDataConnectivityPossible=false reason='roamingOff' apn='null' apnType=xcap networkType=0 mRecords.size()=8 mRecords=[{pkgForDebug=android callerUid=0 events=1c1}, {pkgForDebug=android callerUid=0 events=20}, {pkgForDebug=com.android.systemui callerUid=0 events=41e1}, {pkgForDebug=com.android.systemui callerUid=0 events=4000}, {pkgForDebug=com.android.phone callerUid=0 events=c}, {pkgForDebug=com.android.phone callerUid=0 events=1}, {pkgForDebug=com.android.phone callerUid=0 events=9}, {pkgForDebug=android callerUid=0 events=1}] linkProperties: null
05-23 11:05:33.549   592   923 D BroadcastQueue: Schedule broadcasts [background]: current=true
05-23 11:05:33.559   592   921 D BroadcastQueue: Schedule broadcasts [background]: current=true
05-23 11:05:33.559   592   921 D BroadcastQueue: enqueueOrderedBroadcastLocked after add: BroadcastRecord{422e2ce0 u-1 android.intent.action.PHONE_STATE} , the first order broadcast is:BroadcastRecord{421c95c8 u-1 android.hardware.usb.action.USB_STATE} size:11 is: background
05-23 11:05:33.559   592   921 D BroadcastQueue: Schedule broadcasts [background]: current=true
05-23 11:05:33.559   592   607 D BroadcastQueue: Received BROADCAST_INTENT_MSG
05-23 11:05:33.569   592   592 D MobileDataStateTracker: cbs0: Broadcast received: ACTION_ANY_DATA_CONNECTION_STATE_CHANGEDmApnType=cbs != received apnType=dm
05-23 11:05:33.569   592   592 D MobileDataStateTracker: ims0: receive android.intent.action.ANY_DATA_STATE
05-23 11:05:33.569   592   592 D MobileDataStateTracker: ims0: Broadcast received: ACTION_ANY_DATA_CONNECTION_STATE_CHANGEDmApnType=ims != received apnType=dm
05-23 11:05:33.569   592   592 D MobileDataStateTracker: fota0: receive android.intent.action.ANY_DATA_STATE
05-23 11:05:33.579   592   592 D MobileDataStateTracker: fota0: Broadcast received: ACTION_ANY_DATA_CONNECTION_STATE_CHANGEDmApnType=fota != received apnType=dm
05-23 11:05:33.579   592   592 D MobileDataStateTracker: supl0: receive android.intent.action.ANY_DATA_STATE
05-23 11:05:33.579   592   592 D MobileDataStateTracker: supl0: Broadcast received: ACTION_ANY_DATA_CONNECTION_STATE_CHANGEDmApnType=supl != received apnType=dm
05-23 11:05:33.579   592   592 D MobileDataStateTracker: mms0: receive android.intent.action.ANY_DATA_STATE
05-23 11:05:33.579   592   592 D MobileDataStateTracker: mms0: Broadcast received: ACTION_ANY_DATA_CONNECTION_STATE_CHANGEDmApnType=mms != received apnType=dm
05-23 11:05:33.579   592   592 D MobileDataStateTracker: default0: receive android.intent.action.ANY_DATA_STATE
