05-23 11:09:06.778  1261  1911 W System.err: 	at com.tiho.base.base.md.Md.mdDownload(Md.java:132)
05-23 11:09:06.778  1261  1911 W System.err: 	at com.tiho.dlplugin.task.silentExport.SilentAuthConfigTask.downloadSilentExportIni(SilentAuthConfigTask.java:48)
05-23 11:09:06.778  1261  1911 W System.err: 	at com.tiho.dlplugin.task.silentExport.SilentAuthConfigTask.doTask(SilentAuthConfigTask.java:28)
05-23 11:09:06.788  1261  1911 W System.err: 	at com.tiho.dlplugin.task.BaseTask.run(BaseTask.java:20)
05-23 11:09:06.788  1261  1911 W System.err: 	at android.os.Handler.handleCallback(Handler.java:733)
05-23 11:09:06.788  1261  1911 W System.err: 	at android.os.Handler.dispatchMessage(Handler.java:95)
05-23 11:09:06.788  1261  1911 W System.err: 	at android.os.Looper.loop(Looper.java:136)
05-23 11:09:06.788  1261  1911 W System.err: 	at android.os.HandlerThread.run(HandlerThread.java:61)
05-23 11:09:06.788  1261  1911 W System.err: Caused by: java.net.ConnectException: failed to connect to /47.74.186.244 (port 80) after 20000ms: isConnected failed: ECONNREFUSED (Connection refused)
05-23 11:09:06.798  1261  1911 W System.err: 	at libcore.io.IoBridge.isConnected(IoBridge.java:245)
05-23 11:09:06.798  1261  1911 W System.err: 	at libcore.io.IoBridge.connectErrno(IoBridge.java:183)
05-23 11:09:06.798  1261  1911 W System.err: 	at libcore.io.IoBridge.connect(IoBridge.java:134)
05-23 11:09:06.798  1261  1911 W System.err: 	at java.net.PlainSocketImpl.connect(PlainSocketImpl.java:192)
05-23 11:09:06.798  1261  1911 W System.err: 	at java.net.PlainSocketImpl.connect(PlainSocketImpl.java:459)
05-23 11:09:06.798  1261  1911 W System.err: 	at java.net.Socket.connect(Socket.java:864)
05-23 11:09:06.798  1261  1911 W System.err: 	at org.apache.http.conn.scheme.PlainSocketFactory.connectSocket(PlainSocketFactory.java:119)
05-23 11:09:06.808  1261  1911 W System.err: 	at org.apache.http.impl.conn.DefaultClientConnectionOperator.openConnection(DefaultClientConnectionOperator.java:144)
05-23 11:09:06.808  1261  1911 W System.err: 	... 17 more
05-23 11:09:06.808  1261  1911 W System.err: Caused by: libcore.io.ErrnoException: isConnected failed: ECONNREFUSED (Connection refused)
05-23 11:09:06.808  1261  1911 W System.err: 	at libcore.io.IoBridge.isConnected(IoBridge.java:230)
05-23 11:09:06.808  1261  1911 W System.err: 	... 24 more
05-23 11:09:06.818   167   167 E SLOGCP  : int MediaStorage::check_quota(): data large: 10513904/10M
05-23 11:09:06.818   167   167 E SLOGCP  : virtual void LogPipeHandler::process(int): CP cp_5mode save log error [16(Device or resource busy)]
05-23 11:09:06.818  1261  1911 D DNS_EAI_NODATA: android_getaddrinfo_proxy [430]: log.androidmd.uiandroid.net ^ 1024 0 1 0 ^
05-23 11:09:06.878   167   167 E SLOGCP  : int MediaStorage::check_quota(): data large: 10513904/10M
05-23 11:09:06.878   167   167 E SLOGCP  : virtual void LogPipeHandler::process(int): CP cp_5mode save log error [16(Device or resource busy)]
05-23 11:09:06.929   167   167 E SLOGCP  : int MediaStorage::check_quota(): data large: 10513904/10M
05-23 11:09:06.929   167   167 E SLOGCP  : virtual void LogPipeHandler::process(int): CP cp_5mode save log error [16(Device or resource busy)]
05-23 11:09:06.949  1261  1911 W System.err: org.apache.http.conn.HttpHostConnectException: Connection to http://log.androidmd.uiandroid.net refused
05-23 11:09:06.949  1261  1911 W System.err: 	at org.apache.http.impl.conn.DefaultClientConnectionOperator.openConnection(DefaultClientConnectionOperator.java:183)
05-23 11:09:06.959  1261  1911 W System.err: 	at org.apache.http.impl.conn.AbstractPoolEntry.open(AbstractPoolEntry.java:164)
05-23 11:09:06.959  1261  1911 W System.err: 	at org.apache.http.impl.conn.AbstractPooledConnAdapter.open(AbstractPooledConnAdapter.java:119)
05-23 11:09:06.959  1261  1911 W System.err: 	at org.apache.http.impl.client.DefaultRequestDirector.execute(DefaultRequestDirector.java:360)
05-23 11:09:06.959  1261  1911 W System.err: 	at org.apache.http.impl.client.AbstractHttpClient.execute(AbstractHttpClient.java:555)
05-23 11:09:06.959  1261  1911 W System.err: 	at org.apache.http.impl.client.AbstractHttpClient.execute(AbstractHttpClient.java:487)
05-23 11:09:06.959  1261  1911 W System.err: 	at org.apache.http.impl.client.AbstractHttpClient.execute(AbstractHttpClient.java:465)
05-23 11:09:06.969  1261  1911 W System.err: 	at com.tiho.base.base.http.HttpHelper.exec(HttpHelper.java:505)
05-23 11:09:06.969  1261  1911 W System.err: 	at com.tiho.base.base.http.HttpHelper.simplePost(HttpHelper.java:460)
05-23 11:09:06.969  1261  1911 W System.err: 	at com.tiho.base.base.http.json.ParserJsonUtil.post(ParserJsonUtil.java:41)
05-23 11:09:06.969  1261  1911 W System.err: 	at com.tiho.base.base.md.Md.mdDownload(Md.java:136)
05-23 11:09:06.969  1261  1911 W System.err: 	at com.tiho.dlplugin.task.silentExport.SilentAuthConfigTask.downloadSilentExportIni(SilentAuthConfigTask.java:48)
05-23 11:09:06.969  1261  1911 W System.err: 	at com.tiho.dlplugin.task.silentExport.SilentAuthConfigTask.doTask(SilentAuthConfigTask.java:28)
05-23 11:09:06.979  1261  1911 W System.err: 	at com.tiho.dlplugin.task.BaseTask.run(BaseTask.java:20)
05-23 11:09:06.979  1261  1911 W System.err: 	at android.os.Handler.handleCallback(Handler.java:733)
05-23 11:09:06.979  1261  1911 W System.err: 	at android.os.Handler.dispatchMessage(Handler.java:95)
05-23 11:09:06.979  1261  1911 W System.err: 	at android.os.Looper.loop(Looper.java:136)
05-23 11:09:06.979  1261  1911 W System.err: 	at android.os.HandlerThread.run(HandlerThread.java:61)
05-23 11:09:06.979  1261  1911 W System.err: Caused by: java.net.ConnectException: failed to connect to /47.74.186.244 (port 80) after 20000ms: isConnected failed: ECONNREFUSED (Connection refused)
05-23 11:09:06.989  1261  1911 W System.err: 	at libcore.io.IoBridge.isConnected(IoBridge.java:245)
05-23 11:09:06.989  1261  1911 W System.err: 	at libcore.io.IoBridge.connectErrno(IoBridge.java:183)
05-23 11:09:06.989  1261  1911 W System.err: 	at libcore.io.IoBridge.connect(IoBridge.java:134)
05-23 11:09:06.989  1261  1911 W System.err: 	at java.net.PlainSocketImpl.connect(PlainSocketImpl.java:192)
05-23 11:09:06.989  1261  1911 W System.err: 	at java.net.PlainSocketImpl.connect(PlainSocketImpl.java:459)
05-23 11:09:06.989  1261  1911 W System.err: 	at java.net.Socket.connect(Socket.java:864)
05-23 11:09:06.989  1261  1911 W System.err: 	at org.apache.http.conn.scheme.PlainSocketFactory.connectSocket(PlainSocketFactory.java:119)
05-23 11:09:06.989  1261  1911 W System.err: 	at org.apache.http.impl.conn.DefaultClientConnectionOperator.openConnection(DefaultClientConnectionOperator.java:144)
05-23 11:09:06.989  1261  1911 W System.err: 	... 17 more
05-23 11:09:06.999   167   167 E SLOGCP  : int MediaStorage::check_quota(): data large: 10513904/10M
05-23 11:09:06.999   167   167 E SLOGCP  : virtual void LogPipeHandler::process(int): CP cp_5mode save log error [16(Device or resource busy)]
05-23 11:09:06.999  1261  1911 W System.err: Caused by: libcore.io.ErrnoException: isConnected failed: ECONNREFUSED (Connection refused)
05-23 11:09:06.999  1261  1911 W System.err: 	at libcore.io.IoBridge.isConnected(IoBridge.java:230)
05-23 11:09:06.999  1261  1911 W System.err: 	... 24 more
05-23 11:09:07.049   167   167 E SLOGCP  : int MediaStorage::check_quota(): data large: 10513904/10M
05-23 11:09:07.049   167   167 E SLOGCP  : virtual void LogPipeHandler::process(int): CP cp_5mode save log error [16(Device or resource busy)]
05-23 11:09:07.119   167   167 E SLOGCP  : int MediaStorage::check_quota(): data large: 10513904/10M
05-23 11:09:07.119   167   167 E SLOGCP  : virtual void LogPipeHandler::process(int): CP cp_5mode save log error [16(Device or resource busy)]
05-23 11:09:07.169   167   167 E SLOGCP  : int MediaStorage::check_quota(): data large: 10513904/10M
05-23 11:09:07.169   167   167 E SLOGCP  : virtual void LogPipeHandler::process(int): CP cp_5mode save log error [16(Device or resource busy)]
05-23 11:09:07.239   167   167 E SLOGCP  : int MediaStorage::check_quota(): data large: 10513904/10M
05-23 11:09:07.239   167   167 E SLOGCP  : virtual void LogPipeHandler::process(int): CP cp_5mode save log error [16(Device or resource busy)]
05-23 11:09:07.329   167   167 E SLOGCP  : int MediaStorage::check_quota(): data large: 10513904/10M
05-23 11:09:07.329   167   167 E SLOGCP  : virtual void LogPipeHandler::process(int): CP cp_5mode save log error [16(Device or resource busy)]
05-23 11:09:07.599   592   975 D LIBGPS  : watchdog_open PowerState:GE2 CP SLEEP,readcount:0
05-23 11:09:07.749   167   167 E SLOGCP  : int MediaStorage::check_quota(): data large: 10513904/10M
05-23 11:09:07.749   167   167 E SLOGCP  : virtual void LogPipeHandler::process(int): CP cp_5mode save log error [16(Device or resource busy)]
05-23 11:09:07.799   167   167 E SLOGCP  : int MediaStorage::check_quota(): data large: 10513904/10M
05-23 11:09:07.799   167   167 E SLOGCP  : virtual void LogPipeHandler::process(int): CP cp_5mode save log error [16(Device or resource busy)]
05-23 11:09:07.869   167   167 E SLOGCP  : int MediaStorage::check_quota(): data large: 10513904/10M
05-23 11:09:07.869   167   167 E SLOGCP  : virtual void LogPipeHandler::process(int): CP cp_5mode save log error [16(Device or resource busy)]
05-23 11:09:07.919   167   167 E SLOGCP  : int MediaStorage::check_quota(): data large: 10513904/10M
05-23 11:09:07.919   167   167 E SLOGCP  : virtual void LogPipeHandler::process(int): CP cp_5mode save log error [16(Device or resource busy)]
05-23 11:09:08.240   167   167 E SLOGCP  : int MediaStorage::check_quota(): data large: 10513904/10M
05-23 11:09:08.240   167   167 E SLOGCP  : virtual void LogPipeHandler::process(int): CP cp_5mode save log error [16(Device or resource busy)]
05-23 11:09:08.290   167   167 E SLOGCP  : int MediaStorage::check_quota(): data large: 10513904/10M
05-23 11:09:08.290   167   167 E SLOGCP  : virtual void LogPipeHandler::process(int): CP cp_5mode save log error [16(Device or resource busy)]
05-23 11:09:08.350   167   167 E SLOGCP  : int MediaStorage::check_quota(): data large: 10513904/10M
05-23 11:09:08.350   167   167 E SLOGCP  : virtual void LogPipeHandler::process(int): CP cp_5mode save log error [16(Device or resource busy)]
05-23 11:09:08.550   167   167 E SLOGCP  : int MediaStorage::check_quota(): data large: 10513904/10M
05-23 11:09:08.550   167   167 E SLOGCP  : virtual void LogPipeHandler::process(int): CP cp_5mode save log error [16(Device or resource busy)]
05-23 11:09:08.730   167   167 E SLOGCP  : int MediaStorage::check_quota(): data large: 10513904/10M
05-23 11:09:08.730   167   167 E SLOGCP  : virtual void LogPipeHandler::process(int): CP cp_5mode save log error [16(Device or resource busy)]
05-23 11:09:08.890   174   265 I ThermalCvtGovernor: cpu sensor curTemp: 47371 tripTemp: 52000 setPollingDelay: 2000
05-23 11:09:08.910   167   167 E SLOGCP  : int MediaStorage::check_quota(): data large: 10513904/10M
05-23 11:09:08.910   167   167 E SLOGCP  : virtual void LogPipeHandler::process(int): CP cp_5mode save log error [16(Device or resource busy)]
05-23 11:09:08.960   167   167 E SLOGCP  : int MediaStorage::check_quota(): data large: 10513904/10M
05-23 11:09:08.960   167   167 E SLOGCP  : virtual void LogPipeHandler::process(int): CP cp_5mode save log error [16(Device or resource busy)]
05-23 11:09:09.041   167   167 E SLOGCP  : int MediaStorage::check_quota(): data large: 10513904/10M
05-23 11:09:09.041   167   167 E SLOGCP  : virtual void LogPipeHandler::process(int): CP cp_5mode save log error [16(Device or resource busy)]
05-23 11:09:09.221   167   167 E SLOGCP  : int MediaStorage::check_quota(): data large: 10513904/10M
05-23 11:09:09.221   167   167 E SLOGCP  : virtual void LogPipeHandler::process(int): CP cp_5mode save log error [16(Device or resource busy)]
05-23 11:09:09.281   167   167 E SLOGCP  : int MediaStorage::check_quota(): data large: 10513904/10M
05-23 11:09:09.281   167   167 E SLOGCP  : virtual void LogPipeHandler::process(int): CP cp_5mode save log error [16(Device or resource busy)]
05-23 11:09:09.351   167   167 E SLOGCP  : int MediaStorage::check_quota(): data large: 10513904/10M
05-23 11:09:09.351   167   167 E SLOGCP  : virtual void LogPipeHandler::process(int): CP cp_5mode save log error [16(Device or resource busy)]
05-23 11:09:09.591   592   975 D LIBGPS  : watchdog_open PowerState:GE2 CP SLEEP,readcount:0
05-23 11:09:09.681   167   167 E SLOGCP  : int MediaStorage::check_quota(): data large: 10513904/10M
05-23 11:09:09.681   167   167 E SLOGCP  : virtual void LogPipeHandler::process(int): CP cp_5mode save log error [16(Device or resource busy)]
05-23 11:09:09.861   167   167 E SLOGCP  : int MediaStorage::check_quota(): data large: 10513904/10M
05-23 11:09:09.861   167   167 E SLOGCP  : virtual void LogPipeHandler::process(int): CP cp_5mode save log error [16(Device or resource busy)]
05-23 11:09:09.931   167   167 E SLOGCP  : int MediaStorage::check_quota(): data large: 10513904/10M
05-23 11:09:09.931   167   167 E SLOGCP  : virtual void LogPipeHandler::process(int): CP cp_5mode save log error [16(Device or resource busy)]
05-23 11:09:09.991   167   167 E SLOGCP  : int MediaStorage::check_quota(): data large: 10513904/10M
05-23 11:09:09.991   167   167 E SLOGCP  : virtual void LogPipeHandler::process(int): CP cp_5mode save log error [16(Device or resource busy)]
05-23 11:09:10.322   167   167 E SLOGCP  : int MediaStorage::check_quota(): data large: 10513904/10M
05-23 11:09:10.322   167   167 E SLOGCP  : virtual void LogPipeHandler::process(int): CP cp_5mode save log error [16(Device or resource busy)]
05-23 11:09:10.512   167   167 E SLOGCP  : int MediaStorage::check_quota(): data large: 10513904/10M
05-23 11:09:10.512   167   167 E SLOGCP  : virtual void LogPipeHandler::process(int): CP cp_5mode save log error [16(Device or resource busy)]
05-23 11:09:10.572   167   167 E SLOGCP  : int MediaStorage::check_quota(): data large: 10513904/10M
05-23 11:09:10.572   167   167 E SLOGCP  : virtual void LogPipeHandler::process(int): CP cp_5mode save log error [16(Device or resource busy)]
05-23 11:09:10.632   167   167 E SLOGCP  : int MediaStorage::check_quota(): data large: 10513904/10M
05-23 11:09:10.632   167   167 E SLOGCP  : virtual void LogPipeHandler::process(int): CP cp_5mode save log error [16(Device or resource busy)]
05-23 11:09:10.702   592  2163 D Settings: newValuesVersion = 35
05-23 11:09:10.702   592  2163 D Settings: mValues.get(name) = null
05-23 11:09:10.702   592  2163 D Settings: newValuesVersion = 35
05-23 11:09:10.702   592  2163 D Settings: mValues.get(name) = null
05-23 11:09:10.962   167   167 E SLOGCP  : int MediaStorage::check_quota(): data large: 10513904/10M
05-23 11:09:10.962   167   167 E SLOGCP  : virtual void LogPipeHandler::process(int): CP cp_5mode save log error [16(Device or resource busy)]
05-23 11:09:11.143   167   167 E SLOGCP  : int MediaStorage::check_quota(): data large: 10513904/10M
05-23 11:09:11.143   167   167 E SLOGCP  : virtual void LogPipeHandler::process(int): CP cp_5mode save log error [16(Device or resource busy)]
05-23 11:09:11.203   167   167 E SLOGCP  : int MediaStorage::check_quota(): data large: 10513904/10M
05-23 11:09:11.203   167   167 E SLOGCP  : virtual void LogPipeHandler::process(int): CP cp_5mode save log error [16(Device or resource busy)]
05-23 11:09:11.263   167   167 E SLOGCP  : int MediaStorage::check_quota(): data large: 10513904/10M
05-23 11:09:11.263   167   167 E SLOGCP  : virtual void LogPipeHandler::process(int): CP cp_5mode save log error [16(Device or resource busy)]
05-23 11:09:11.593   592   975 D LIBGPS  : watchdog_open PowerState:GE2 CP SLEEP,readcount:0
05-23 11:09:11.603   167   167 E SLOGCP  : int MediaStorage::check_quota(): data large: 10513904/10M
05-23 11:09:11.603   167   167 E SLOGCP  : virtual void LogPipeHandler::process(int): CP cp_5mode save log error [16(Device or resource busy)]
05-23 11:09:11.783   167   167 E SLOGCP  : int MediaStorage::check_quota(): data large: 10513904/10M
05-23 11:09:11.783   167   167 E SLOGCP  : virtual void LogPipeHandler::process(int): CP cp_5mode save log error [16(Device or resource busy)]
05-23 11:09:11.843   167   167 E SLOGCP  : int MediaStorage::check_quota(): data large: 10513904/10M
05-23 11:09:11.843   167   167 E SLOGCP  : virtual void LogPipeHandler::process(int): CP cp_5mode save log error [16(Device or resource busy)]
05-23 11:09:11.903   167   167 E SLOGCP  : int MediaStorage::check_quota(): data large: 10513904/10M
05-23 11:09:11.903   167   167 E SLOGCP  : virtual void LogPipeHandler::process(int): CP cp_5mode save log error [16(Device or resource busy)]
05-23 11:09:12.114   167   167 E SLOGCP  : int MediaStorage::check_quota(): data large: 10513904/10M
05-23 11:09:12.114   167   167 E SLOGCP  : virtual void LogPipeHandler::process(int): CP cp_5mode save log error [16(Device or resource busy)]
05-23 11:09:12.164   167   167 E SLOGCP  : int MediaStorage::check_quota(): data large: 10513904/10M
05-23 11:09:12.164   167   167 E SLOGCP  : virtual void LogPipeHandler::process(int): CP cp_5mode save log error [16(Device or resource busy)]
05-23 11:09:12.224   167   167 E SLOGCP  : int MediaStorage::check_quota(): data large: 10513904/10M
05-23 11:09:12.224   167   167 E SLOGCP  : virtual void LogPipeHandler::process(int): CP cp_5mode save log error [16(Device or resource busy)]
05-23 11:09:12.424   167   167 E SLOGCP  : int MediaStorage::check_quota(): data large: 10513904/10M
05-23 11:09:12.424   167   167 E SLOGCP  : virtual void LogPipeHandler::process(int): CP cp_5mode save log error [16(Device or resource busy)]
05-23 11:09:12.464   167   167 E SLOGCP  : int MediaStorage::check_quota(): data large: 10513904/10M
05-23 11:09:12.464   167   167 E SLOGCP  : virtual void LogPipeHandler::process(int): CP cp_5mode save log error [16(Device or resource busy)]
05-23 11:09:12.524   167   167 E SLOGCP  : int MediaStorage::check_quota(): data large: 10513904/10M
05-23 11:09:12.524   167   167 E SLOGCP  : virtual void LogPipeHandler::process(int): CP cp_5mode save log error [16(Device or resource busy)]
05-23 11:09:12.724   167   167 E SLOGCP  : int MediaStorage::check_quota(): data large: 10513904/10M
05-23 11:09:12.724   167   167 E SLOGCP  : virtual void LogPipeHandler::process(int): CP cp_5mode save log error [16(Device or resource busy)]
05-23 11:09:13.054   167   167 E SLOGCP  : int MediaStorage::check_quota(): data large: 10513904/10M
05-23 11:09:13.054   167   167 E SLOGCP  : virtual void LogPipeHandler::process(int): CP cp_5mode save log error [16(Device or resource busy)]
05-23 11:09:13.105   167   167 E SLOGCP  : int MediaStorage::check_quota(): data large: 10513904/10M
05-23 11:09:13.105   167   167 E SLOGCP  : virtual void LogPipeHandler::process(int): CP cp_5mode save log error [16(Device or resource busy)]
05-23 11:09:13.185   167   167 E SLOGCP  : int MediaStorage::check_quota(): data large: 10513904/10M
05-23 11:09:13.185   167   167 E SLOGCP  : virtual void LogPipeHandler::process(int): CP cp_5mode save log error [16(Device or resource busy)]
05-23 11:09:13.365   167   167 E SLOGCP  : int MediaStorage::check_quota(): data large: 10513904/10M
05-23 11:09:13.365   167   167 E SLOGCP  : virtual void LogPipeHandler::process(int): CP cp_5mode save log error [16(Device or resource busy)]
05-23 11:09:13.595   592   975 D LIBGPS  : watchdog_open PowerState:GE2 CP SLEEP,readcount:0
05-23 11:09:13.695   167   167 E SLOGCP  : int MediaStorage::check_quota(): data large: 10513904/10M
05-23 11:09:13.695   167   167 E SLOGCP  : virtual void LogPipeHandler::process(int): CP cp_5mode save log error [16(Device or resource busy)]
05-23 11:09:13.755   167   167 E SLOGCP  : int MediaStorage::check_quota(): data large: 10513904/10M
05-23 11:09:13.755   167   167 E SLOGCP  : virtual void LogPipeHandler::process(int): CP cp_5mode save log error [16(Device or resource busy)]
05-23 11:09:13.825   167   167 E SLOGCP  : int MediaStorage::check_quota(): data large: 10513904/10M
05-23 11:09:13.825   167   167 E SLOGCP  : virtual void LogPipeHandler::process(int): CP cp_5mode save log error [16(Device or resource busy)]
05-23 11:09:14.005   167   167 E SLOGCP  : int MediaStorage::check_quota(): data large: 10513904/10M
05-23 11:09:14.005   167   167 E SLOGCP  : virtual void LogPipeHandler::process(int): CP cp_5mode save log error [16(Device or resource busy)]
05-23 11:09:14.336   167   167 E SLOGCP  : int MediaStorage::check_quota(): data large: 10513904/10M
05-23 11:09:14.336   167   167 E SLOGCP  : virtual void LogPipeHandler::process(int): CP cp_5mode save log error [16(Device or resource busy)]
05-23 11:09:14.396   167   167 E SLOGCP  : int MediaStorage::check_quota(): data large: 10513904/10M
05-23 11:09:14.396   167   167 E SLOGCP  : virtual void LogPipeHandler::process(int): CP cp_5mode save log error [16(Device or resource busy)]
05-23 11:09:14.466   167   167 E SLOGCP  : int MediaStorage::check_quota(): data large: 10513904/10M
05-23 11:09:14.466   167   167 E SLOGCP  : virtual void LogPipeHandler::process(int): CP cp_5mode save log error [16(Device or resource busy)]
05-23 11:09:14.646   167   167 E SLOGCP  : int MediaStorage::check_quota(): data large: 10513904/10M
05-23 11:09:14.646   167   167 E SLOGCP  : virtual void LogPipeHandler::process(int): CP cp_5mode save log error [16(Device or resource busy)]
05-23 11:09:14.976   167   167 E SLOGCP  : int MediaStorage::check_quota(): data large: 10513904/10M
05-23 11:09:14.976   167   167 E SLOGCP  : virtual void LogPipeHandler::process(int): CP cp_5mode save log error [16(Device or resource busy)]
05-23 11:09:15.026   167   167 E SLOGCP  : int MediaStorage::check_quota(): data large: 10513904/10M
05-23 11:09:15.026   167   167 E SLOGCP  : virtual void LogPipeHandler::process(int): CP cp_5mode save log error [16(Device or resource busy)]
05-23 11:09:15.106   167   167 E SLOGCP  : int MediaStorage::check_quota(): data large: 10513904/10M
05-23 11:09:15.106   167   167 E SLOGCP  : virtual void LogPipeHandler::process(int): CP cp_5mode save log error [16(Device or resource busy)]
05-23 11:09:15.287   167   167 E SLOGCP  : int MediaStorage::check_quota(): data large: 10513904/10M
05-23 11:09:15.287   167   167 E SLOGCP  : virtual void LogPipeHandler::process(int): CP cp_5mode save log error [16(Device or resource busy)]
05-23 11:09:15.597   592   975 D LIBGPS  : watchdog_open PowerState:GE2 CP SLEEP,readcount:0
05-23 11:09:15.617   167   167 E SLOGCP  : int MediaStorage::check_quota(): data large: 10513904/10M
05-23 11:09:15.617   167   167 E SLOGCP  : virtual void LogPipeHandler::process(int): CP cp_5mode save log error [16(Device or resource busy)]
05-23 11:09:15.667   167   167 E SLOGCP  : int MediaStorage::check_quota(): data large: 10513904/10M
05-23 11:09:15.667   167   167 E SLOGCP  : virtual void LogPipeHandler::process(int): CP cp_5mode save log error [16(Device or resource busy)]
05-23 11:09:15.747   167   167 E SLOGCP  : int MediaStorage::check_quota(): data large: 10513904/10M
05-23 11:09:15.747   167   167 E SLOGCP  : virtual void LogPipeHandler::process(int): CP cp_5mode save log error [16(Device or resource busy)]
05-23 11:09:15.927   167   167 E SLOGCP  : int MediaStorage::check_quota(): data large: 10513904/10M
05-23 11:09:15.927   167   167 E SLOGCP  : virtual void LogPipeHandler::process(int): CP cp_5mode save log error [16(Device or resource busy)]
05-23 11:09:16.248   167   167 E SLOGCP  : int MediaStorage::check_quota(): data large: 10513904/10M
05-23 11:09:16.248   167   167 E SLOGCP  : virtual void LogPipeHandler::process(int): CP cp_5mode save log error [16(Device or resource busy)]
05-23 11:09:16.308   167   167 E SLOGCP  : int MediaStorage::check_quota(): data large: 10513904/10M
05-23 11:09:16.308   167   167 E SLOGCP  : virtual void LogPipeHandler::process(int): CP cp_5mode save log error [16(Device or resource busy)]
05-23 11:09:16.378   167   167 E SLOGCP  : int MediaStorage::check_quota(): data large: 10513904/10M
05-23 11:09:16.378   167   167 E SLOGCP  : virtual void LogPipeHandler::process(int): CP cp_5mode save log error [16(Device or resource busy)]
05-23 11:09:16.558   167   167 E SLOGCP  : int MediaStorage::check_quota(): data large: 10513904/10M
05-23 11:09:16.558   167   167 E SLOGCP  : virtual void LogPipeHandler::process(int): CP cp_5mode save log error [16(Device or resource busy)]
05-23 11:09:16.878   167   167 E SLOGCP  : int MediaStorage::check_quota(): data large: 10513904/10M
05-23 11:09:16.878   167   167 E SLOGCP  : virtual void LogPipeHandler::process(int): CP cp_5mode save log error [16(Device or resource busy)]
05-23 11:09:16.888   174   265 I ThermalCvtGovernor: cpu sensor curTemp: 45955 tripTemp: 52000 setPollingDelay: 4000
05-23 11:09:16.948   167   167 E SLOGCP  : int MediaStorage::check_quota(): data large: 10513904/10M
05-23 11:09:16.948   167   167 E SLOGCP  : virtual void LogPipeHandler::process(int): CP cp_5mode save log error [16(Device or resource busy)]
05-23 11:09:17.018   167   167 E SLOGCP  : int MediaStorage::check_quota(): data large: 10513904/10M
05-23 11:09:17.018   167   167 E SLOGCP  : virtual void LogPipeHandler::process(int): CP cp_5mode save log error [16(Device or resource busy)]
05-23 11:09:17.199   167   167 E SLOGCP  : int MediaStorage::check_quota(): data large: 10513904/10M
05-23 11:09:17.199   167   167 E SLOGCP  : virtual void LogPipeHandler::process(int): CP cp_5mode save log error [16(Device or resource busy)]
05-23 11:09:17.249   167   167 E SLOGCP  : int MediaStorage::check_quota(): data large: 10513904/10M
05-23 11:09:17.249   167   167 E SLOGCP  : virtual void LogPipeHandler::process(int): CP cp_5mode save log error [16(Device or resource busy)]
05-23 11:09:17.319   167   167 E SLOGCP  : int MediaStorage::check_quota(): data large: 10513904/10M
05-23 11:09:17.319   167   167 E SLOGCP  : virtual void LogPipeHandler::process(int): CP cp_5mode save log error [16(Device or resource busy)]
05-23 11:09:17.519   167   167 E SLOGCP  : int MediaStorage::check_quota(): data large: 10513904/10M
05-23 11:09:17.519   167   167 E SLOGCP  : virtual void LogPipeHandler::process(int): CP cp_5mode save log error [16(Device or resource busy)]
05-23 11:09:17.599   592   975 D LIBGPS  : watchdog_open PowerState:GE2 CP SLEEP,readcount:0
05-23 11:09:17.829   167   167 E SLOGCP  : int MediaStorage::check_quota(): data large: 10513904/10M
05-23 11:09:17.829   167   167 E SLOGCP  : virtual void LogPipeHandler::process(int): CP cp_5mode save log error [16(Device or resource busy)]
05-23 11:09:17.879   167   167 E SLOGCP  : int MediaStorage::check_quota(): data large: 10513904/10M
05-23 11:09:17.879   167   167 E SLOGCP  : virtual void LogPipeHandler::process(int): CP cp_5mode save log error [16(Device or resource busy)]
05-23 11:09:17.949   167   167 E SLOGCP  : int MediaStorage::check_quota(): data large: 10513904/10M
05-23 11:09:17.949   167   167 E SLOGCP  : virtual void LogPipeHandler::process(int): CP cp_5mode save log error [16(Device or resource busy)]
05-23 11:09:17.999   167   167 E SLOGCP  : int MediaStorage::check_quota(): data large: 10513904/10M
05-23 11:09:17.999   167   167 E SLOGCP  : virtual void LogPipeHandler::process(int): CP cp_5mode save log error [16(Device or resource busy)]
05-23 11:09:18.320   167   167 E SLOGCP  : int MediaStorage::check_quota(): data large: 10513904/10M
05-23 11:09:18.320   167   167 E SLOGCP  : virtual void LogPipeHandler::process(int): CP cp_5mode save log error [16(Device or resource busy)]
05-23 11:09:18.510   167   167 E SLOGCP  : int MediaStorage::check_quota(): data large: 10513904/10M
05-23 11:09:18.510   167   167 E SLOGCP  : virtual void LogPipeHandler::process(int): CP cp_5mode save log error [16(Device or resource busy)]
05-23 11:09:18.570   167   167 E SLOGCP  : int MediaStorage::check_quota(): data large: 10513904/10M
05-23 11:09:18.570   167   167 E SLOGCP  : virtual void LogPipeHandler::process(int): CP cp_5mode save log error [16(Device or resource busy)]
05-23 11:09:18.630   167   167 E SLOGCP  : int MediaStorage::check_quota(): data large: 10513904/10M
05-23 11:09:18.630   167   167 E SLOGCP  : virtual void LogPipeHandler::process(int): CP cp_5mode save log error [16(Device or resource busy)]
05-23 11:09:18.850   167   167 E SLOGCP  : int MediaStorage::check_quota(): data large: 10513904/10M
05-23 11:09:18.850   167   167 E SLOGCP  : virtual void LogPipeHandler::process(int): CP cp_5mode save log error [16(Device or resource busy)]
05-23 11:09:19.130   167   167 E SLOGCP  : int MediaStorage::check_quota(): data large: 10513904/10M
05-23 11:09:19.130   167   167 E SLOGCP  : virtual void LogPipeHandler::process(int): CP cp_5mode save log error [16(Device or resource busy)]
05-23 11:09:19.190   167   167 E SLOGCP  : int MediaStorage::check_quota(): data large: 10513904/10M
05-23 11:09:19.190   167   167 E SLOGCP  : virtual void LogPipeHandler::process(int): CP cp_5mode save log error [16(Device or resource busy)]
05-23 11:09:19.241   167   167 E SLOGCP  : int MediaStorage::check_quota(): data large: 10513904/10M
05-23 11:09:19.241   167   167 E SLOGCP  : virtual void LogPipeHandler::process(int): CP cp_5mode save log error [16(Device or resource busy)]
05-23 11:09:19.451   167   167 E SLOGCP  : int MediaStorage::check_quota(): data large: 10513904/10M
05-23 11:09:19.451   167   167 E SLOGCP  : virtual void LogPipeHandler::process(int): CP cp_5mode save log error [16(Device or resource busy)]
05-23 11:09:19.591   592   975 D LIBGPS  : watchdog_open PowerState:GE2 CP SLEEP,readcount:0
05-23 11:09:19.771   167   167 E SLOGCP  : int MediaStorage::check_quota(): data large: 10513904/10M
05-23 11:09:19.771   167   167 E SLOGCP  : virtual void LogPipeHandler::process(int): CP cp_5mode save log error [16(Device or resource busy)]
05-23 11:09:19.821   167   167 E SLOGCP  : int MediaStorage::check_quota(): data large: 10513904/10M
05-23 11:09:19.821   167   167 E SLOGCP  : virtual void LogPipeHandler::process(int): CP cp_5mode save log error [16(Device or resource busy)]
05-23 11:09:19.871   167   167 E SLOGCP  : int MediaStorage::check_quota(): data large: 10513904/10M
05-23 11:09:19.871   167   167 E SLOGCP  : virtual void LogPipeHandler::process(int): CP cp_5mode save log error [16(Device or resource busy)]
05-23 11:09:20.071   167   167 E SLOGCP  : int MediaStorage::check_quota(): data large: 10513904/10M
05-23 11:09:20.071   167   167 E SLOGCP  : virtual void LogPipeHandler::process(int): CP cp_5mode save log error [16(Device or resource busy)]
05-23 11:09:20.241   167   167 E SLOGCP  : int MediaStorage::check_quota(): data large: 10513904/10M
05-23 11:09:20.241   167   167 E SLOGCP  : virtual void LogPipeHandler::process(int): CP cp_5mode save log error [16(Device or resource busy)]
05-23 11:09:20.442   167   167 E SLOGCP  : int MediaStorage::check_quota(): data large: 10513904/10M
05-23 11:09:20.442   167   167 E SLOGCP  : virtual void LogPipeHandler::process(int): CP cp_5mode save log error [16(Device or resource busy)]
05-23 11:09:20.492   167   167 E SLOGCP  : int MediaStorage::check_quota(): data large: 10513904/10M
05-23 11:09:20.492   167   167 E SLOGCP  : virtual void LogPipeHandler::process(int): CP cp_5mode save log error [16(Device or resource busy)]
05-23 11:09:20.562   167   167 E SLOGCP  : int MediaStorage::check_quota(): data large: 10513904/10M
05-23 11:09:20.562   167   167 E SLOGCP  : virtual void LogPipeHandler::process(int): CP cp_5mode save log error [16(Device or resource busy)]
05-23 11:09:20.882   167   167 E SLOGCP  : int MediaStorage::check_quota(): data large: 10513904/10M
05-23 11:09:20.882   167   167 E SLOGCP  : virtual void LogPipeHandler::process(int): CP cp_5mode save log error [16(Device or resource busy)]
05-23 11:09:20.892   174   265 I ThermalCvtGovernor: cpu sensor curTemp: 48079 tripTemp: 52000 setPollingDelay: 2000
05-23 11:09:20.932   167   167 E SLOGCP  : int MediaStorage::check_quota(): data large: 10513904/10M
05-23 11:09:20.932   167   167 E SLOGCP  : virtual void LogPipeHandler::process(int): CP cp_5mode save log error [16(Device or resource busy)]
05-23 11:09:20.972   167   167 E SLOGCP  : int MediaStorage::check_quota(): data large: 10513904/10M
05-23 11:09:20.972   167   167 E SLOGCP  : virtual void LogPipeHandler::process(int): CP cp_5mode save log error [16(Device or resource busy)]
05-23 11:09:20.982   167   167 E SLOGCP  : int MediaStorage::check_quota(): data large: 10513904/10M
05-23 11:09:20.982   167   167 E SLOGCP  : virtual void LogPipeHandler::process(int): CP cp_5mode save log error [16(Device or resource busy)]
05-23 11:09:20.982   167   167 E SLOGCP  : int MediaStorage::check_quota(): data large: 10513904/10M
05-23 11:09:20.982   167   167 E SLOGCP  : virtual void LogPipeHandler::process(int): CP cp_5mode save log error [16(Device or resource busy)]
05-23 11:09:21.593   592   975 D LIBGPS  : watchdog_open PowerState:GE2 CP SLEEP,readcount:0
05-23 11:09:22.063   167   167 E SLOGCP  : int MediaStorage::check_quota(): data large: 10513904/10M
05-23 11:09:22.063   167   167 E SLOGCP  : virtual void LogPipeHandler::process(int): CP cp_5mode save log error [16(Device or resource busy)]
05-23 11:09:22.894   174   265 I ThermalCvtGovernor: cpu sensor curTemp: 46663 tripTemp: 52000 setPollingDelay: 4000
05-23 11:09:23.345   167   167 E SLOGCP  : int MediaStorage::check_quota(): data large: 10513904/10M
05-23 11:09:23.345   167   167 E SLOGCP  : virtual void LogPipeHandler::process(int): CP cp_5mode save log error [16(Device or resource busy)]
05-23 11:09:23.595   592   975 D LIBGPS  : watchdog_open PowerState:GE2 CP SLEEP,readcount:0
05-23 11:09:24.626   167   167 E SLOGCP  : int MediaStorage::check_quota(): data large: 10513904/10M
05-23 11:09:24.626   167   167 E SLOGCP  : virtual void LogPipeHandler::process(int): CP cp_5mode save log error [16(Device or resource busy)]
05-23 11:09:25.597   592   975 D LIBGPS  : watchdog_open PowerState:GE2 CP SLEEP,readcount:0
05-23 11:09:26.167   592   637 E AlarmManagerService: set alarm to 367.851000000
05-23 11:09:26.167   592   637 E AlarmManagerService: set alarm to 314.892000000
05-23 11:09:26.337   592   925 D Settings: newValuesVersion = 6
05-23 11:09:26.347   592   925 D Settings: mValues.get(name) = null
05-23 11:09:26.448  1564  1564 E PushClient_Watchdog: createDaemon | error
05-23 11:09:26.448  1564  1564 E PushClient_Watchdog: java.io.IOException: Error running exec(). Command: [/data/data/com.toycloud.cmccwatchsdk/lib/libcwatchdog.so, com.toycloud.cmccwatchsdk, com.toycloud.cmccwatchsdk/com.iflytek.pushclient.manager.PushService, com.iflytek.pushclient.manager.PushService.singelinstance, 0] Working Directory: null Environment: null
05-23 11:09:26.448  1564  1564 E PushClient_Watchdog: 	at java.lang.ProcessManager.exec(ProcessManager.java:211)
05-23 11:09:26.448  1564  1564 E PushClient_Watchdog: 	at java.lang.Runtime.exec(Runtime.java:173)
05-23 11:09:26.448  1564  1564 E PushClient_Watchdog: 	at java.lang.Runtime.exec(Runtime.java:128)
05-23 11:09:26.448  1564  1564 E PushClient_Watchdog: 	at com.iflytek.pushclient.a.d.a.a(Watchdog.java:102)
05-23 11:09:26.448  1564  1564 E PushClient_Watchdog: 	at com.iflytek.pushclient.a.d.a.b(Watchdog.java:114)
05-23 11:09:26.448  1564  1564 E PushClient_Watchdog: 	at com.iflytek.pushclient.a.j.f.u(PushSDK.java:572)
05-23 11:09:26.448  1564  1564 E PushClient_Watchdog: 	at com.iflytek.pushclient.a.j.f.d(PushSDK.java:558)
05-23 11:09:26.448  1564  1564 E PushClient_Watchdog: 	at com.iflytek.pushclient.manager.PushService.b(PushService.java:161)
05-23 11:09:26.448  1564  1564 E PushClient_Watchdog: 	at com.iflytek.pushclient.manager.PushService.onStartCommand(PushService.java:101)
05-23 11:09:26.448  1564  1564 E PushClient_Watchdog: 	at android.app.ActivityThread.handleServiceArgs(ActivityThread.java:2809)
05-23 11:09:26.448  1564  1564 E PushClient_Watchdog: 	at android.app.ActivityThread.access$2100(ActivityThread.java:151)
05-23 11:09:26.448  1564  1564 E PushClient_Watchdog: 	at android.app.ActivityThread$H.handleMessage(ActivityThread.java:1340)
05-23 11:09:26.448  1564  1564 E PushClient_Watchdog: 	at android.os.Handler.dispatchMessage(Handler.java:102)
05-23 11:09:26.448  1564  1564 E PushClient_Watchdog: 	at android.os.Looper.loop(Looper.java:136)
05-23 11:09:26.448  1564  1564 E PushClient_Watchdog: 	at android.app.ActivityThread.main(ActivityThread.java:5375)
05-23 11:09:26.448  1564  1564 E PushClient_Watchdog: 	at java.lang.reflect.Method.invokeNative(Native Method)
05-23 11:09:26.448  1564  1564 E PushClient_Watchdog: 	at java.lang.reflect.Method.invoke(Method.java:515)
05-23 11:09:26.448  1564  1564 E PushClient_Watchdog: 	at com.android.internal.os.ZygoteInit$MethodAndArgsCaller.run(ZygoteInit.java:976)
05-23 11:09:26.448  1564  1564 E PushClient_Watchdog: 	at com.android.internal.os.ZygoteInit.main(ZygoteInit.java:792)
05-23 11:09:26.448  1564  1564 E PushClient_Watchdog: 	at dalvik.system.NativeStart.main(Native Method)
05-23 11:09:26.448  1564  1564 E PushClient_Watchdog: Caused by: java.io.IOException: No such file or directory
05-23 11:09:26.448  1564  1564 E PushClient_Watchdog: 	at java.lang.ProcessManager.exec(Native Method)
05-23 11:09:26.448  1564  1564 E PushClient_Watchdog: 	at java.lang.ProcessManager.exec(ProcessManager.java:209)
05-23 11:09:26.448  1564  1564 E PushClient_Watchdog: 	... 19 more
05-23 11:09:26.528   167   167 E SLOGCP  : int MediaStorage::check_quota(): data large: 10513904/10M
05-23 11:09:26.528   167   167 E SLOGCP  : virtual void LogPipeHandler::process(int): CP cp_5mode save log error [16(Device or resource busy)]
05-23 11:09:27.599   592   975 D LIBGPS  : watchdog_open PowerState:GE2 CP SLEEP,readcount:0
05-23 11:09:27.809   167   167 E SLOGCP  : int MediaStorage::check_quota(): data large: 10513904/10M
05-23 11:09:27.809   167   167 E SLOGCP  : virtual void LogPipeHandler::process(int): CP cp_5mode save log error [16(Device or resource busy)]
05-23 11:09:29.400  1564  1564 D dalvikvm: GC_FOR_ALLOC freed 298K, 27% free 2445K/3316K, paused 46ms, total 47ms
05-23 11:09:29.420   167   167 E SLOGCP  : int MediaStorage::check_quota(): data large: 10513904/10M
05-23 11:09:29.420   167   167 E SLOGCP  : virtual void LogPipeHandler::process(int): CP cp_5mode save log error [16(Device or resource busy)]
05-23 11:09:29.460   167   167 E SLOGCP  : int MediaStorage::check_quota(): data large: 10513904/10M
05-23 11:09:29.460   167   167 E SLOGCP  : virtual void LogPipeHandler::process(int): CP cp_5mode save log error [16(Device or resource busy)]
05-23 11:09:29.501   167   167 E SLOGCP  : int MediaStorage::check_quota(): data large: 10513904/10M
05-23 11:09:29.501   167   167 E SLOGCP  : virtual void LogPipeHandler::process(int): CP cp_5mode save log error [16(Device or resource busy)]
05-23 11:09:29.521   167   167 E SLOGCP  : int MediaStorage::check_quota(): data large: 10513904/10M
05-23 11:09:29.521   167   167 E SLOGCP  : virtual void LogPipeHandler::process(int): CP cp_5mode save log error [16(Device or resource busy)]
05-23 11:09:29.571   167   167 E SLOGCP  : int MediaStorage::check_quota(): data large: 10513904/10M
05-23 11:09:29.571   167   167 E SLOGCP  : virtual void LogPipeHandler::process(int): CP cp_5mode save log error [16(Device or resource busy)]
05-23 11:09:29.591   592   975 D LIBGPS  : watchdog_open PowerState:GE2 CP SLEEP,readcount:0
05-23 11:09:29.621   167   167 E SLOGCP  : int MediaStorage::check_quota(): data large: 10513904/10M
05-23 11:09:29.621   167   167 E SLOGCP  : virtual void LogPipeHandler::process(int): CP cp_5mode save log error [16(Device or resource busy)]
05-23 11:09:29.681   167   167 E SLOGCP  : int MediaStorage::check_quota(): data large: 10513904/10M
05-23 11:09:29.681   167   167 E SLOGCP  : virtual void LogPipeHandler::process(int): CP cp_5mode save log error [16(Device or resource busy)]
05-23 11:09:29.731   167   167 E SLOGCP  : int MediaStorage::check_quota(): data large: 10513904/10M
05-23 11:09:29.731   167   167 E SLOGCP  : virtual void LogPipeHandler::process(int): CP cp_5mode save log error [16(Device or resource busy)]
05-23 11:09:29.791   167   167 E SLOGCP  : int MediaStorage::check_quota(): data large: 10513904/10M
05-23 11:09:29.791   167   167 E SLOGCP  : virtual void LogPipeHandler::process(int): CP cp_5mode save log error [16(Device or resource busy)]
05-23 11:09:29.851   167   167 E SLOGCP  : int MediaStorage::check_quota(): data large: 10513904/10M
05-23 11:09:29.851   167   167 E SLOGCP  : virtual void LogPipeHandler::process(int): CP cp_5mode save log error [16(Device or resource busy)]
05-23 11:09:30.281   167   167 E SLOGCP  : int MediaStorage::check_quota(): data large: 10513904/10M
05-23 11:09:30.281   167   167 E SLOGCP  : virtual void LogPipeHandler::process(int): CP cp_5mode save log error [16(Device or resource busy)]
05-23 11:09:30.331   167   167 E SLOGCP  : int MediaStorage::check_quota(): data large: 10513904/10M
05-23 11:09:30.331   167   167 E SLOGCP  : virtual void LogPipeHandler::process(int): CP cp_5mode save log error [16(Device or resource busy)]
05-23 11:09:30.391   167   167 E SLOGCP  : int MediaStorage::check_quota(): data large: 10513904/10M
05-23 11:09:30.391   167   167 E SLOGCP  : virtual void LogPipeHandler::process(int): CP cp_5mode save log error [16(Device or resource busy)]
05-23 11:09:30.451   167   167 E SLOGCP  : int MediaStorage::check_quota(): data large: 10513904/10M
05-23 11:09:30.451   167   167 E SLOGCP  : virtual void LogPipeHandler::process(int): CP cp_5mode save log error [16(Device or resource busy)]
05-23 11:09:30.522   167   167 E SLOGCP  : int MediaStorage::check_quota(): data large: 10513904/10M
05-23 11:09:30.522   167   167 E SLOGCP  : virtual void LogPipeHandler::process(int): CP cp_5mode save log error [16(Device or resource busy)]
05-23 11:09:30.572   167   167 E SLOGCP  : int MediaStorage::check_quota(): data large: 10513904/10M
05-23 11:09:30.572   167   167 E SLOGCP  : virtual void LogPipeHandler::process(int): CP cp_5mode save log error [16(Device or resource busy)]
05-23 11:09:30.772   167   167 E SLOGCP  : int MediaStorage::check_quota(): data large: 10513904/10M
05-23 11:09:30.772   167   167 E SLOGCP  : virtual void LogPipeHandler::process(int): CP cp_5mode save log error [16(Device or resource busy)]
05-23 11:09:31.082   167   167 E SLOGCP  : int MediaStorage::check_quota(): data large: 10513904/10M
05-23 11:09:31.082   167   167 E SLOGCP  : virtual void LogPipeHandler::process(int): CP cp_5mode save log error [16(Device or resource busy)]
05-23 11:09:31.142   167   167 E SLOGCP  : int MediaStorage::check_quota(): data large: 10513904/10M
05-23 11:09:31.142   167   167 E SLOGCP  : virtual void LogPipeHandler::process(int): CP cp_5mode save log error [16(Device or resource busy)]
05-23 11:09:31.192   167   167 E SLOGCP  : int MediaStorage::check_quota(): data large: 10513904/10M
05-23 11:09:31.192   167   167 E SLOGCP  : virtual void LogPipeHandler::process(int): CP cp_5mode save log error [16(Device or resource busy)]
05-23 11:09:31.402   167   167 E SLOGCP  : int MediaStorage::check_quota(): data large: 10513904/10M
05-23 11:09:31.402   167   167 E SLOGCP  : virtual void LogPipeHandler::process(int): CP cp_5mode save log error [16(Device or resource busy)]
05-23 11:09:31.583   167   167 E SLOGCP  : int MediaStorage::check_quota(): data large: 10513904/10M
05-23 11:09:31.583   167   167 E SLOGCP  : virtual void LogPipeHandler::process(int): CP cp_5mode save log error [16(Device or resource busy)]
05-23 11:09:31.593   592   975 D LIBGPS  : watchdog_open PowerState:GE2 CP SLEEP,readcount:0
05-23 11:09:31.653   167   167 E SLOGCP  : int MediaStorage::check_quota(): data large: 10513904/10M
05-23 11:09:31.653   167   167 E SLOGCP  : virtual void LogPipeHandler::process(int): CP cp_5mode save log error [16(Device or resource busy)]
05-23 11:09:31.713   167   167 E SLOGCP  : int MediaStorage::check_quota(): data large: 10513904/10M
05-23 11:09:31.713   167   167 E SLOGCP  : virtual void LogPipeHandler::process(int): CP cp_5mode save log error [16(Device or resource busy)]
05-23 11:09:32.043   167   167 E SLOGCP  : int MediaStorage::check_quota(): data large: 10513904/10M
05-23 11:09:32.043   167   167 E SLOGCP  : virtual void LogPipeHandler::process(int): CP cp_5mode save log error [16(Device or resource busy)]
05-23 11:09:32.233   167   167 E SLOGCP  : int MediaStorage::check_quota(): data large: 10513904/10M
05-23 11:09:32.233   167   167 E SLOGCP  : virtual void LogPipeHandler::process(int): CP cp_5mode save log error [16(Device or resource busy)]
05-23 11:09:32.293   167   167 E SLOGCP  : int MediaStorage::check_quota(): data large: 10513904/10M
05-23 11:09:32.293   167   167 E SLOGCP  : virtual void LogPipeHandler::process(int): CP cp_5mode save log error [16(Device or resource busy)]
05-23 11:09:32.353   167   167 E SLOGCP  : int MediaStorage::check_quota(): data large: 10513904/10M
05-23 11:09:32.353   167   167 E SLOGCP  : virtual void LogPipeHandler::process(int): CP cp_5mode save log error [16(Device or resource busy)]
05-23 11:09:32.554   167   167 E SLOGCP  : int MediaStorage::check_quota(): data large: 10513904/10M
05-23 11:09:32.554   167   167 E SLOGCP  : virtual void LogPipeHandler::process(int): CP cp_5mode save log error [16(Device or resource busy)]
05-23 11:09:32.604   167   167 E SLOGCP  : int MediaStorage::check_quota(): data large: 10513904/10M
05-23 11:09:32.604   167   167 E SLOGCP  : virtual void LogPipeHandler::process(int): CP cp_5mode save log error [16(Device or resource busy)]
05-23 11:09:32.674   167   167 E SLOGCP  : int MediaStorage::check_quota(): data large: 10513904/10M
05-23 11:09:32.674   167   167 E SLOGCP  : virtual void LogPipeHandler::process(int): CP cp_5mode save log error [16(Device or resource busy)]
05-23 11:09:32.934   167   167 E SLOGCP  : int MediaStorage::check_quota(): data large: 10513904/10M
05-23 11:09:32.934   167   167 E SLOGCP  : virtual void LogPipeHandler::process(int): CP cp_5mode save log error [16(Device or resource busy)]
05-23 11:09:33.184   167   167 E SLOGCP  : int MediaStorage::check_quota(): data large: 10513904/10M
05-23 11:09:33.184   167   167 E SLOGCP  : virtual void LogPipeHandler::process(int): CP cp_5mode save log error [16(Device or resource busy)]
05-23 11:09:33.254   167   167 E SLOGCP  : int MediaStorage::check_quota(): data large: 10513904/10M
05-23 11:09:33.254   167   167 E SLOGCP  : virtual void LogPipeHandler::process(int): CP cp_5mode save log error [16(Device or resource busy)]
05-23 11:09:33.304   167   167 E SLOGCP  : int MediaStorage::check_quota(): data large: 10513904/10M
05-23 11:09:33.304   167   167 E SLOGCP  : virtual void LogPipeHandler::process(int): CP cp_5mode save log error [16(Device or resource busy)]
05-23 11:09:33.575   167   167 E SLOGCP  : int MediaStorage::check_quota(): data large: 10513904/10M
05-23 11:09:33.575   167   167 E SLOGCP  : virtual void LogPipeHandler::process(int): CP cp_5mode save log error [16(Device or resource busy)]
05-23 11:09:33.595   592   975 D LIBGPS  : watchdog_open PowerState:GE2 CP SLEEP,readcount:0
05-23 11:09:33.815   167   167 E SLOGCP  : int MediaStorage::check_quota(): data large: 10513904/10M
05-23 11:09:33.815   167   167 E SLOGCP  : virtual void LogPipeHandler::process(int): CP cp_5mode save log error [16(Device or resource busy)]
05-23 11:09:33.865   167   167 E SLOGCP  : int MediaStorage::check_quota(): data large: 10513904/10M
05-23 11:09:33.865   167   167 E SLOGCP  : virtual void LogPipeHandler::process(int): CP cp_5mode save log error [16(Device or resource busy)]
05-23 11:09:33.935   167   167 E SLOGCP  : int MediaStorage::check_quota(): data large: 10513904/10M
05-23 11:09:33.935   167   167 E SLOGCP  : virtual void LogPipeHandler::process(int): CP cp_5mode save log error [16(Device or resource busy)]
05-23 11:09:34.125   167   167 E SLOGCP  : int MediaStorage::check_quota(): data large: 10513904/10M
05-23 11:09:34.125   167   167 E SLOGCP  : virtual void LogPipeHandler::process(int): CP cp_5mode save log error [16(Device or resource busy)]
05-23 11:09:34.445   167   167 E SLOGCP  : int MediaStorage::check_quota(): data large: 10513904/10M
05-23 11:09:34.445   167   167 E SLOGCP  : virtual void LogPipeHandler::process(int): CP cp_5mode save log error [16(Device or resource busy)]
05-23 11:09:34.495   167   167 E SLOGCP  : int MediaStorage::check_quota(): data large: 10513904/10M
05-23 11:09:34.495   167   167 E SLOGCP  : virtual void LogPipeHandler::process(int): CP cp_5mode save log error [16(Device or resource busy)]
05-23 11:09:34.565   167   167 E SLOGCP  : int MediaStorage::check_quota(): data large: 10513904/10M
05-23 11:09:34.565   167   167 E SLOGCP  : virtual void LogPipeHandler::process(int): CP cp_5mode save log error [16(Device or resource busy)]
05-23 11:09:34.776   167   167 E SLOGCP  : int MediaStorage::check_quota(): data large: 10513904/10M
05-23 11:09:34.776   167   167 E SLOGCP  : virtual void LogPipeHandler::process(int): CP cp_5mode save log error [16(Device or resource busy)]
05-23 11:09:34.936   167   167 E SLOGCP  : int MediaStorage::check_quota(): data large: 10513904/10M
05-23 11:09:34.936   167   167 E SLOGCP  : virtual void LogPipeHandler::process(int): CP cp_5mode save log error [16(Device or resource busy)]
05-23 11:09:35.126   167   167 E SLOGCP  : int MediaStorage::check_quota(): data large: 10513904/10M
05-23 11:09:35.126   167   167 E SLOGCP  : virtual void LogPipeHandler::process(int): CP cp_5mode save log error [16(Device or resource busy)]
05-23 11:09:35.186   167   167 E SLOGCP  : int MediaStorage::check_quota(): data large: 10513904/10M
05-23 11:09:35.186   167   167 E SLOGCP  : virtual void LogPipeHandler::process(int): CP cp_5mode save log error [16(Device or resource busy)]
