05-23 11:10:54.704   159   159 E DrmOmaPlugIn: DrmOmaPlugIn::onSetOnInfoListener : 2684
05-23 11:10:54.704  2182  2226 I PduPersisterSprd: dueTime = 1527045054716
05-23 11:10:54.714  2182  2226 I PduPersisterSprd: phoneId = 0
05-23 11:10:54.714   698  1170 I MmsSmsProvider: query: url=content://mms-sms/pending?protocol=mms  projectionIn=null  selection=[err_type < ? AND due_time <= ? AND phone_id = ?]  args=[10, 1527045054716, 0]  order=[due_time]
05-23 11:10:54.714   159  2003 E DrmOmaPlugIn: DrmOmaPlugIn::onInitialize : 1486
05-23 11:10:54.714   159  2003 E DrmOmaPlugIn: DrmOmaPlugIn::onSetOnInfoListener : 1486
05-23 11:10:54.724  2182  2227 I PduPersisterSprd: dueTime = 1527045054728
05-23 11:10:54.724  2182  2227 I PduPersisterSprd: phoneId = 1
05-23 11:10:54.724  2182  2226 V TransactionService1: onNewIntent: cursor.count=0 action=null
05-23 11:10:54.724  2182  2226 D TransactionService1: onNewIntent: no pending messages. Stopping service
05-23 11:10:54.724  2182  2226 D RetryScheduler: enter setRetryAlarm    phoneId = 0
05-23 11:10:54.734  2182  2228 D Settings: newValuesVersion = 2
05-23 11:10:54.734  2182  2228 D Settings: mValues.get(name) = com.android.mms
05-23 11:10:54.734   698   708 I MmsSmsProvider: query: url=content://mms-sms/pending?protocol=mms  projectionIn=null  selection=[err_type < ? AND due_time <= ? AND phone_id = ?]  args=[10, 1527045054728, 1]  order=[due_time]
05-23 11:10:54.734  2182  2228 V SmsReceiverService: handleMessage action: com.android.mms.transaction.SEND_INACTIVE_MESSAGE error: 0
05-23 11:10:54.734   159   159 E DrmOmaPlugIn: DrmOmaPlugIn::onInitialize : 2764
05-23 11:10:54.734   159   159 E DrmOmaPlugIn: DrmOmaPlugIn::onSetOnInfoListener : 2764
05-23 11:10:54.734  2182  2226 I PduPersisterSprd: dueTime = 9223372036854775807
05-23 11:10:54.744  2182  2226 I PduPersisterSprd: phoneId = 0
05-23 11:10:54.744  2182  2227 V TransactionService1: onNewIntent: cursor.count=0 action=null
05-23 11:10:54.744  2182  2227 D TransactionService1: onNewIntent: no pending messages. Stopping service
05-23 11:10:54.744  2182  2227 D RetryScheduler: enter setRetryAlarm    phoneId = 1
05-23 11:10:54.744   698   710 I MmsSmsProvider: query: url=content://mms-sms/pending?protocol=mms  projectionIn=null  selection=[err_type < ? AND due_time <= ? AND phone_id = ?]  args=[10, 9223372036854775807, 0]  order=[due_time]
05-23 11:10:54.754   159  2003 E DrmOmaPlugIn: DrmOmaPlugIn::onInitialize : 1995
05-23 11:10:54.754   159  2003 E DrmOmaPlugIn: DrmOmaPlugIn::onSetOnInfoListener : 1995
05-23 11:10:54.754  2182  2227 I PduPersisterSprd: dueTime = 9223372036854775807
05-23 11:10:54.754  2182  2227 I PduPersisterSprd: phoneId = 1
05-23 11:10:54.754   698  1057 I MmsSmsProvider: query: url=content://mms-sms/pending?protocol=mms  projectionIn=null  selection=[err_type < ? AND due_time <= ? AND phone_id = ?]  args=[10, 9223372036854775807, 1]  order=[due_time]
05-23 11:10:54.764  2182  2226 D TransactionService1: stopSelfIfIdle: STOP!
05-23 11:10:54.764  2182  2226 D TransactionService1: stopSelfIfIdle: unRegisterForConnectionStateChanges
05-23 11:10:54.764  2182  2182 D TransactionService1: Destroying TransactionService
05-23 11:10:54.764  2182  2182 D Mms     : setAdj adjFlag_SMS:1 adjFlag_MMS:0
05-23 11:10:54.764  2182  2182 D Mms     : setProcessAdj(2182,-1,false)
05-23 11:10:54.764   698   818 I SmsProvider: update: url=content://sms/outbox  where=[type = 4]  whereArgs=null  values=[type=6]
05-23 11:10:54.784  2182  2227 D TransactionService1: stopSelfIfIdle: STOP!
05-23 11:10:54.784  2182  2227 D TransactionService1: stopSelfIfIdle: unRegisterForConnectionStateChanges
05-23 11:10:54.784  2182  2182 D TransactionService1: Destroying TransactionService
05-23 11:10:54.784  2182  2228 V SmsReceiverService: moveOutboxMessagesToQueuedBox messageCount: 0
05-23 11:10:54.784  2182  2228 D SmsReceiverService: SmsReceiverService--sendFirstQueuedMessage--selectionPhoneId = -1
05-23 11:10:54.794  2182  2182 D Mms     : setAdj adjFlag_SMS:1 adjFlag_MMS:0
05-23 11:10:54.794  2182  2182 D Mms     : setProcessAdj(2182,-1,false)
05-23 11:10:54.814   698  1365 I SmsProvider: query: url=content://sms/queued  projectionIn=[_id, thread_id, address, body, status, phone_id]  selection=[null]  args=null  order=[date ASC]
05-23 11:10:54.824  2182  2228 D dalvikvm: GC_FOR_ALLOC freed 279K, 15% free 2662K/3116K, paused 11ms, total 11ms
05-23 11:10:54.844   159  2003 E DrmOmaPlugIn: DrmOmaPlugIn::onTerminate : 2684
05-23 11:10:54.844   159  2003 E DrmOmaPlugIn: DrmOmaPlugIn::onTerminate : 1486
05-23 11:10:54.864   167   167 E SLOGCP  : int MediaStorage::check_quota(): data large: 10513904/10M
05-23 11:10:54.864   167   167 E SLOGCP  : virtual void LogPipeHandler::process(int): CP cp_5mode save log error [16(Device or resource busy)]
05-23 11:10:54.874  2182  2182 V SmsReceiverService: onDestroy
05-23 11:10:54.874  2182  2182 D Mms     : setAdj adjFlag_SMS:0 adjFlag_MMS:0
05-23 11:10:54.874  2182  2182 D Mms     : setProcessAdj(2182,-1,true)
05-23 11:10:54.884   159  2003 E DrmOmaPlugIn: DrmOmaPlugIn::onTerminate : 2764
05-23 11:10:54.884   592   667 D Settings: newValuesVersion = 35
05-23 11:10:54.884   592   667 D Settings: mValues.get(name) = null
05-23 11:10:54.954  2182  2223 D dalvikvm: GC_FOR_ALLOC freed 381K, 17% free 2788K/3348K, paused 12ms, total 12ms
05-23 11:10:55.074   592   924 D Settings: newValuesVersion = 6
05-23 11:10:55.074   592   924 D Settings: mValues.get(name) = null
05-23 11:10:55.094  2182  2215 D Mms     : [159] Conversation get with threadId: 2
05-23 11:10:55.094  2182  2215 V Mms/conv: Conversation constructor cursor, allowQuery: true
05-23 11:10:55.114   167   167 E SLOGCP  : int MediaStorage::check_quota(): data large: 10513904/10M
05-23 11:10:55.114   167   167 E SLOGCP  : virtual void LogPipeHandler::process(int): CP cp_5mode save log error [16(Device or resource busy)]
05-23 11:10:55.144   167   167 E SLOGCP  : int MediaStorage::check_quota(): data large: 10513904/10M
05-23 11:10:55.144   167   167 E SLOGCP  : virtual void LogPipeHandler::process(int): CP cp_5mode save log error [16(Device or resource busy)]
05-23 11:10:55.154   592   832 D Settings: newValuesVersion = 6
05-23 11:10:55.154   592   832 D Settings: mValues.get(name) = null
05-23 11:10:55.164  2182  2215 D Mms     : [159] after keepOnly
05-23 11:10:55.164  2182  2215 D Mms     : [159] Conversation dumpCache: 
05-23 11:10:55.174  2182  2215 D Mms     : [159] conv: [10086123] (tid 2) hash: 1106078967
05-23 11:10:55.174   167   167 E SLOGCP  : int MediaStorage::check_quota(): data large: 10513904/10M
05-23 11:10:55.174   167   167 E SLOGCP  : virtual void LogPipeHandler::process(int): CP cp_5mode save log error [16(Device or resource busy)]
05-23 11:10:55.174  2182  2215 D Mms     : [159] conv: [10086] (tid 1) hash: 1105354711
05-23 11:10:55.204  2182  2210 D dalvikvm: GC_FOR_ALLOC freed 392K, 17% free 2903K/3476K, paused 12ms, total 12ms
05-23 11:10:55.224   167   167 E SLOGCP  : int MediaStorage::check_quota(): data large: 10513904/10M
05-23 11:10:55.224   167   167 E SLOGCP  : virtual void LogPipeHandler::process(int): CP cp_5mode save log error [16(Device or resource busy)]
05-23 11:10:55.254  2182  2210 E xzy-test-cmcc: check is server prot ---------------number:[10086]
05-23 11:10:55.254   592   923 D Settings: newValuesVersion = 6
05-23 11:10:55.254   592   923 D Settings: mValues.get(name) = null
05-23 11:10:55.264  2182  2210 D DNS_EAI_NODATA: android_getaddrinfo_proxy [430]: admin.omsg.cn ^ 1024 0 1 0 ^
05-23 11:10:55.264   698  1365 I MmsSmsProvider: query: url=content://mms-sms/threads-all  projectionIn=null  selection=[null]  args=null  order=[null]
05-23 11:10:55.284   167   167 E SLOGCP  : int MediaStorage::check_quota(): data large: 10513904/10M
05-23 11:10:55.284   167   167 E SLOGCP  : virtual void LogPipeHandler::process(int): CP cp_5mode save log error [16(Device or resource busy)]
05-23 11:10:55.334   167   167 E SLOGCP  : int MediaStorage::check_quota(): data large: 10513904/10M
05-23 11:10:55.334   167   167 E SLOGCP  : virtual void LogPipeHandler::process(int): CP cp_5mode save log error [16(Device or resource busy)]
05-23 11:10:55.374   167   167 E SLOGCP  : int MediaStorage::check_quota(): data large: 10513904/10M
05-23 11:10:55.374   167   167 E SLOGCP  : virtual void LogPipeHandler::process(int): CP cp_5mode save log error [16(Device or resource busy)]
05-23 11:10:55.444   167   167 E SLOGCP  : int MediaStorage::check_quota(): data large: 10513904/10M
05-23 11:10:55.444   167   167 E SLOGCP  : virtual void LogPipeHandler::process(int): CP cp_5mode save log error [16(Device or resource busy)]
05-23 11:10:55.494   167   167 E SLOGCP  : int MediaStorage::check_quota(): data large: 10513904/10M
05-23 11:10:55.494   167   167 E SLOGCP  : virtual void LogPipeHandler::process(int): CP cp_5mode save log error [16(Device or resource busy)]
05-23 11:10:55.534   167   167 E SLOGCP  : int MediaStorage::check_quota(): data large: 10513904/10M
05-23 11:10:55.534   167   167 E SLOGCP  : virtual void LogPipeHandler::process(int): CP cp_5mode save log error [16(Device or resource busy)]
05-23 11:10:55.544  2182  2210 D xzy-test-cmcc: HTTP: response size=5496
05-23 11:10:55.585   167   167 E SLOGCP  : int MediaStorage::check_quota(): data large: 10513904/10M
05-23 11:10:55.585   167   167 E SLOGCP  : virtual void LogPipeHandler::process(int): CP cp_5mode save log error [16(Device or resource busy)]
05-23 11:10:55.595  2182  2210 E xzy-test-cmcc: check is server prot ---------------number:[10086123]
05-23 11:10:55.595   592   832 D Settings: newValuesVersion = 6
05-23 11:10:55.595   592   832 D Settings: mValues.get(name) = null
05-23 11:10:55.615   592   975 D LIBGPS  : watchdog_open PowerState:GE2 CP SLEEP,readcount:0
05-23 11:10:55.635   167   167 E SLOGCP  : int MediaStorage::check_quota(): data large: 10513904/10M
05-23 11:10:55.635   167   167 E SLOGCP  : virtual void LogPipeHandler::process(int): CP cp_5mode save log error [16(Device or resource busy)]
05-23 11:10:55.665   167   167 E SLOGCP  : int MediaStorage::check_quota(): data large: 10513904/10M
05-23 11:10:55.665   167   167 E SLOGCP  : virtual void LogPipeHandler::process(int): CP cp_5mode save log error [16(Device or resource busy)]
05-23 11:10:55.685  2182  2223 D dalvikvm: GC_FOR_ALLOC freed 442K, 18% free 2959K/3584K, paused 20ms, total 20ms
05-23 11:10:55.695  2182  2210 D xzy-test-cmcc: HTTP: response size=15491
05-23 11:10:55.705   167   167 E SLOGCP  : int MediaStorage::check_quota(): data large: 10513904/10M
05-23 11:10:55.705   167   167 E SLOGCP  : virtual void LogPipeHandler::process(int): CP cp_5mode save log error [16(Device or resource busy)]
05-23 11:10:55.765   167   167 E SLOGCP  : int MediaStorage::check_quota(): data large: 10513904/10M
05-23 11:10:55.765   167   167 E SLOGCP  : virtual void LogPipeHandler::process(int): CP cp_5mode save log error [16(Device or resource busy)]
05-23 11:10:55.805   167   167 E SLOGCP  : int MediaStorage::check_quota(): data large: 10513904/10M
05-23 11:10:55.805   167   167 E SLOGCP  : virtual void LogPipeHandler::process(int): CP cp_5mode save log error [16(Device or resource busy)]
05-23 11:10:55.855   167   167 E SLOGCP  : int MediaStorage::check_quota(): data large: 10513904/10M
05-23 11:10:55.855   167   167 E SLOGCP  : virtual void LogPipeHandler::process(int): CP cp_5mode save log error [16(Device or resource busy)]
05-23 11:10:55.905   167   167 E SLOGCP  : int MediaStorage::check_quota(): data large: 10513904/10M
05-23 11:10:55.905   167   167 E SLOGCP  : virtual void LogPipeHandler::process(int): CP cp_5mode save log error [16(Device or resource busy)]
05-23 11:10:55.965   167   167 E SLOGCP  : int MediaStorage::check_quota(): data large: 10513904/10M
05-23 11:10:55.965   167   167 E SLOGCP  : virtual void LogPipeHandler::process(int): CP cp_5mode save log error [16(Device or resource busy)]
05-23 11:10:56.015   167   167 E SLOGCP  : int MediaStorage::check_quota(): data large: 10513904/10M
05-23 11:10:56.015   167   167 E SLOGCP  : virtual void LogPipeHandler::process(int): CP cp_5mode save log error [16(Device or resource busy)]
05-23 11:10:56.085   167   167 E SLOGCP  : int MediaStorage::check_quota(): data large: 10513904/10M
05-23 11:10:56.085   167   167 E SLOGCP  : virtual void LogPipeHandler::process(int): CP cp_5mode save log error [16(Device or resource busy)]
05-23 11:10:56.135   167   167 E SLOGCP  : int MediaStorage::check_quota(): data large: 10513904/10M
05-23 11:10:56.135   167   167 E SLOGCP  : virtual void LogPipeHandler::process(int): CP cp_5mode save log error [16(Device or resource busy)]
05-23 11:10:56.275  1564  1564 D dalvikvm: GC_FOR_ALLOC freed 295K, 27% free 2446K/3316K, paused 38ms, total 39ms
05-23 11:10:56.315   167   167 E SLOGCP  : int MediaStorage::check_quota(): data large: 10513904/10M
05-23 11:10:56.315   167   167 E SLOGCP  : virtual void LogPipeHandler::process(int): CP cp_5mode save log error [16(Device or resource busy)]
05-23 11:10:56.385   167   167 E SLOGCP  : int MediaStorage::check_quota(): data large: 10513904/10M
05-23 11:10:56.385   167   167 E SLOGCP  : virtual void LogPipeHandler::process(int): CP cp_5mode save log error [16(Device or resource busy)]
05-23 11:10:56.435   167   167 E SLOGCP  : int MediaStorage::check_quota(): data large: 10513904/10M
05-23 11:10:56.435   167   167 E SLOGCP  : virtual void LogPipeHandler::process(int): CP cp_5mode save log error [16(Device or resource busy)]
05-23 11:10:56.505   167   167 E SLOGCP  : int MediaStorage::check_quota(): data large: 10513904/10M
05-23 11:10:56.505   167   167 E SLOGCP  : virtual void LogPipeHandler::process(int): CP cp_5mode save log error [16(Device or resource busy)]
05-23 11:10:56.636   167   167 E SLOGCP  : int MediaStorage::check_quota(): data large: 10513904/10M
05-23 11:10:56.636   167   167 E SLOGCP  : virtual void LogPipeHandler::process(int): CP cp_5mode save log error [16(Device or resource busy)]
05-23 11:10:56.956   167   167 E SLOGCP  : int MediaStorage::check_quota(): data large: 10513904/10M
05-23 11:10:56.956   167   167 E SLOGCP  : virtual void LogPipeHandler::process(int): CP cp_5mode save log error [16(Device or resource busy)]
05-23 11:10:57.276   167   167 E SLOGCP  : int MediaStorage::check_quota(): data large: 10513904/10M
05-23 11:10:57.276   167   167 E SLOGCP  : virtual void LogPipeHandler::process(int): CP cp_5mode save log error [16(Device or resource busy)]
05-23 11:10:57.606   167   167 E SLOGCP  : int MediaStorage::check_quota(): data large: 10513904/10M
05-23 11:10:57.606   167   167 E SLOGCP  : virtual void LogPipeHandler::process(int): CP cp_5mode save log error [16(Device or resource busy)]
05-23 11:10:57.616   592   975 D LIBGPS  : watchdog_open PowerState:GE2 CP SLEEP,readcount:0
05-23 11:10:57.917   167   167 E SLOGCP  : int MediaStorage::check_quota(): data large: 10513904/10M
05-23 11:10:57.917   167   167 E SLOGCP  : virtual void LogPipeHandler::process(int): CP cp_5mode save log error [16(Device or resource busy)]
05-23 11:10:58.247   167   167 E SLOGCP  : int MediaStorage::check_quota(): data large: 10513904/10M
05-23 11:10:58.247   167   167 E SLOGCP  : virtual void LogPipeHandler::process(int): CP cp_5mode save log error [16(Device or resource busy)]
05-23 11:10:58.698   167   167 E SLOGCP  : int MediaStorage::check_quota(): data large: 10513904/10M
05-23 11:10:58.698   167   167 E SLOGCP  : virtual void LogPipeHandler::process(int): CP cp_5mode save log error [16(Device or resource busy)]
05-23 11:10:58.888   167   167 E SLOGCP  : int MediaStorage::check_quota(): data large: 10513904/10M
05-23 11:10:58.888   167   167 E SLOGCP  : virtual void LogPipeHandler::process(int): CP cp_5mode save log error [16(Device or resource busy)]
05-23 11:10:59.328   167   167 E SLOGCP  : int MediaStorage::check_quota(): data large: 10513904/10M
05-23 11:10:59.328   167   167 E SLOGCP  : virtual void LogPipeHandler::process(int): CP cp_5mode save log error [16(Device or resource busy)]
05-23 11:10:59.608   592   975 D LIBGPS  : watchdog_open PowerState:GE2 CP SLEEP,readcount:0
05-23 11:10:59.669   167   167 E SLOGCP  : int MediaStorage::check_quota(): data large: 10513904/10M
05-23 11:10:59.669   167   167 E SLOGCP  : virtual void LogPipeHandler::process(int): CP cp_5mode save log error [16(Device or resource busy)]
05-23 11:10:59.879   592  2242 D Settings: newValuesVersion = 35
05-23 11:10:59.879   592  2242 D Settings: mValues.get(name) = null
05-23 11:10:59.879   592  2242 D Settings: newValuesVersion = 35
05-23 11:10:59.879   592  2242 D Settings: mValues.get(name) = null
05-23 11:10:59.879   592  2242 D Settings: newValuesVersion = 35
05-23 11:10:59.879   592  2242 D Settings: mValues.get(name) = null
05-23 11:10:59.879   592  2242 D Settings: newValuesVersion = 35
05-23 11:10:59.879   592  2242 D Settings: mValues.get(name) = null
05-23 11:10:59.879   592  2242 D Settings: newValuesVersion = 35
05-23 11:10:59.879   592  2242 D Settings: mValues.get(name) = null
05-23 11:10:59.879   592  2242 D Settings: newValuesVersion = 35
05-23 11:10:59.879   592  2242 D Settings: mValues.get(name) = null
05-23 11:10:59.969   167   167 E SLOGCP  : int MediaStorage::check_quota(): data large: 10513904/10M
05-23 11:10:59.969   167   167 E SLOGCP  : virtual void LogPipeHandler::process(int): CP cp_5mode save log error [16(Device or resource busy)]
05-23 11:11:00.029   673   673 D KeyguardUpdateMonitor: received broadcast android.intent.action.TIME_TICK
05-23 11:11:00.029   673   673 D KeyguardUpdateMonitor: handleTimeUpdate
05-23 11:11:00.049   673   673 D Settings: newValuesVersion = 6
05-23 11:11:00.049   673   673 D Settings: mValues.get(name) = 24
05-23 11:11:00.059   673   673 D Settings: newValuesVersion = 6
05-23 11:11:00.059   673   673 D Settings: mValues.get(name) = 24
05-23 11:11:00.069   673   673 D Settings: newValuesVersion = 6
05-23 11:11:00.069   673   673 D Settings: mValues.get(name) = 24
05-23 11:11:00.069   673   673 D Settings: newValuesVersion = 6
05-23 11:11:00.069   673   673 D Settings: mValues.get(name) = 24
05-23 11:11:00.079   592   757 D SettingsProvider: value = 
05-23 11:11:00.079   673   673 D Settings: name = next_alarm_formatted, value = 
05-23 11:11:00.079   673   673 D Clock   : action=android.intent.action.TIME_TICK start_time:1527045060092
05-23 11:11:00.079   673   673 D Settings: newValuesVersion = 6
05-23 11:11:00.079   673   673 D Settings: mValues.get(name) = 24
05-23 11:11:00.089   673   673 D Clock   : action=android.intent.action.TIME_TICK end_time:8
05-23 11:11:00.109   673   673 D CustomClock: action=android.intent.action.TIME_TICK start_time:1527045060124
05-23 11:11:00.109   673   673 D Settings: newValuesVersion = 6
05-23 11:11:00.109   673   673 D Settings: mValues.get(name) = 24
05-23 11:11:00.109   673   673 D CustomClock: action=android.intent.action.TIME_TICK end_time:1
05-23 11:11:00.119   673   673 D DateView: action=android.intent.action.TIME_TICK start_time:1527045060128
05-23 11:11:00.119   673   673 D Settings: newValuesVersion = 6
05-23 11:11:00.119   673   673 D Settings: mValues.get(name) = null
05-23 11:11:00.119   673   673 D DateView: action=android.intent.action.TIME_TICK end_time:4
05-23 11:11:00.129   926   926 D Settings: newValuesVersion = 6
05-23 11:11:00.129   926   926 D Settings: mValues.get(name) = 24
05-23 11:11:00.129   926   926 D Settings: newValuesVersion = 6
05-23 11:11:00.129   926   926 D Settings: mValues.get(name) = 24
05-23 11:11:00.129   926   926 D Settings: newValuesVersion = 6
05-23 11:11:00.139   926   926 D Settings: mValues.get(name) = null
05-23 11:11:00.139  1261  1261 V TimeTickService: timeTickReceiver ...
05-23 11:11:00.139  1261  1261 D Heroid  : vm_pause
05-23 11:11:00.149   673   673 D Settings: newValuesVersion = 6
05-23 11:11:00.149   673   673 D Settings: mValues.get(name) = null
05-23 11:11:00.159   673   673 D Settings: newValuesVersion = 6
05-23 11:11:00.159   673   673 D Settings: mValues.get(name) = null
05-23 11:11:00.309   167   167 E SLOGCP  : int MediaStorage::check_quota(): data large: 10513904/10M
05-23 11:11:00.309   167   167 E SLOGCP  : virtual void LogPipeHandler::process(int): CP cp_5mode save log error [16(Device or resource busy)]
05-23 11:11:00.619   167   167 E SLOGCP  : int MediaStorage::check_quota(): data large: 10513904/10M
05-23 11:11:00.619   167   167 E SLOGCP  : virtual void LogPipeHandler::process(int): CP cp_5mode save log error [16(Device or resource busy)]
05-23 11:11:00.950   167   167 E SLOGCP  : int MediaStorage::check_quota(): data large: 10513904/10M
05-23 11:11:00.950   167   167 E SLOGCP  : virtual void LogPipeHandler::process(int): CP cp_5mode save log error [16(Device or resource busy)]
05-23 11:11:00.970   895  1825 D dalvikvm: GC_FOR_ALLOC freed 2165K, 35% free 3969K/6020K, paused 42ms, total 42ms
05-23 11:11:00.990   895  1825 D dalvikvm: GC_FOR_ALLOC freed 249K, 33% free 4051K/6020K, paused 11ms, total 11ms
05-23 11:11:00.990   895  1825 I dalvikvm-heap: Grow heap (frag case) to 4.332MB for 150910-byte allocation
05-23 11:11:01.000   167   167 E SLOGCP  : int MediaStorage::check_quota(): data large: 10513904/10M
05-23 11:11:01.000   167   167 E SLOGCP  : virtual void LogPipeHandler::process(int): CP cp_5mode save log error [16(Device or resource busy)]
05-23 11:11:01.000   895   911 D dalvikvm: GC_FOR_ALLOC freed 98K, 34% free 4100K/6168K, paused 13ms, total 13ms
05-23 11:11:01.010   895  1825 D dalvikvm: GC_FOR_ALLOC freed <1K, 34% free 4100K/6168K, paused 11ms, total 11ms
05-23 11:11:01.010   895  1825 I dalvikvm-heap: Grow heap (frag case) to 4.452MB for 226360-byte allocation
05-23 11:11:01.030   895  1825 D dalvikvm: GC_FOR_ALLOC freed 147K, 35% free 4174K/6392K, paused 11ms, total 11ms
05-23 11:11:01.030   895  1825 I dalvikvm-heap: Grow heap (frag case) to 4.631MB for 339536-byte allocation
05-23 11:11:01.040   895  1825 D dalvikvm: GC_FOR_ALLOC freed 221K, 37% free 4284K/6724K, paused 11ms, total 11ms
05-23 11:11:01.040   895  1825 I dalvikvm-heap: Grow heap (frag case) to 4.902MB for 509300-byte allocation
05-23 11:11:01.060   895  1825 D dalvikvm: GC_FOR_ALLOC freed 331K, 39% free 4450K/7224K, paused 11ms, total 11ms
05-23 11:11:01.060   895  1825 I dalvikvm-heap: Grow heap (frag case) to 5.306MB for 763946-byte allocation
05-23 11:11:01.070   167   167 E SLOGCP  : int MediaStorage::check_quota(): data large: 10513904/10M
05-23 11:11:01.070   167   167 E SLOGCP  : virtual void LogPipeHandler::process(int): CP cp_5mode save log error [16(Device or resource busy)]
05-23 11:11:01.070   895  1825 D dalvikvm: GC_FOR_ALLOC freed 497K, 42% free 4699K/7972K, paused 11ms, total 11ms
05-23 11:11:01.080   895  1825 I dalvikvm-heap: Grow heap (frag case) to 5.914MB for 1145914-byte allocation
05-23 11:11:01.100   895  1825 D dalvikvm: GC_FOR_ALLOC freed 746K, 37% free 5072K/7972K, paused 11ms, total 11ms
05-23 11:11:01.100   895  1825 I dalvikvm-heap: Grow heap (frag case) to 6.824MB for 1718866-byte allocation
05-23 11:11:01.110   895  1825 D dalvikvm: GC_FOR_ALLOC freed 1119K, 42% free 5631K/9652K, paused 11ms, total 11ms
05-23 11:11:01.120   895  1825 D dalvikvm: GC_FOR_ALLOC freed 0K, 42% free 5631K/9652K, paused 11ms, total 11ms
05-23 11:11:01.120   895  1825 I dalvikvm-heap: Grow heap (frag case) to 6.879MB for 1203832-byte allocation
05-23 11:11:01.140   895  1825 D dalvikvm: GC_FOR_ALLOC freed 1678K, 53% free 5128K/10828K, paused 12ms, total 12ms
05-23 11:11:01.250   167   167 E SLOGCP  : int MediaStorage::check_quota(): data large: 10513904/10M
05-23 11:11:01.250   167   167 E SLOGCP  : virtual void LogPipeHandler::process(int): CP cp_5mode save log error [16(Device or resource busy)]
05-23 11:11:01.360   883  1829 D dalvikvm: GC_FOR_ALLOC freed 2165K, 46% free 3969K/7304K, paused 59ms, total 59ms
05-23 11:11:01.380   883  1829 D dalvikvm: GC_FOR_ALLOC freed 348K, 44% free 4100K/7304K, paused 15ms, total 15ms
05-23 11:11:01.410   883  1829 D dalvikvm: GC_FOR_ALLOC freed 368K, 42% free 4284K/7304K, paused 14ms, total 14ms
05-23 11:11:01.410   895  1837 D DNS_EAI_NODATA: android_getaddrinfo_proxy [430]: countly.uiandroid.net ^ 1024 0 1 0 ^
05-23 11:11:01.430   883  1829 D dalvikvm: GC_FOR_ALLOC freed 331K, 40% free 4449K/7304K, paused 12ms, total 12ms
05-23 11:11:01.430   883  1829 I dalvikvm-heap: Grow heap (frag case) to 5.305MB for 763946-byte allocation
05-23 11:11:01.450   167   167 E SLOGCP  : int MediaStorage::check_quota(): data large: 10513904/10M
05-23 11:11:01.450   167   167 E SLOGCP  : virtual void LogPipeHandler::process(int): CP cp_5mode save log error [16(Device or resource busy)]
05-23 11:11:01.450   883  1829 D dalvikvm: GC_FOR_ALLOC freed 497K, 42% free 4698K/8052K, paused 15ms, total 15ms
05-23 11:11:01.450   883  1829 I dalvikvm-heap: Grow heap (frag case) to 5.913MB for 1145914-byte allocation
05-23 11:11:01.480   883  1829 D dalvikvm: GC_FOR_ALLOC freed 746K, 38% free 5071K/8052K, paused 11ms, total 11ms
05-23 11:11:01.480   883  1829 I dalvikvm-heap: Grow heap (frag case) to 6.824MB for 1718866-byte allocation
05-23 11:11:01.490   883  1829 D dalvikvm: GC_FOR_ALLOC freed 1119K, 43% free 5631K/9732K, paused 12ms, total 12ms
05-23 11:11:01.510   167   167 E SLOGCP  : int MediaStorage::check_quota(): data large: 10513904/10M
05-23 11:11:01.510   167   167 E SLOGCP  : virtual void LogPipeHandler::process(int): CP cp_5mode save log error [16(Device or resource busy)]
05-23 11:11:01.520   883  1829 D dalvikvm: GC_FOR_ALLOC freed 1679K, 30% free 5128K/7304K, paused 14ms, total 15ms
05-23 11:11:01.560   167   167 E SLOGCP  : int MediaStorage::check_quota(): data large: 10513904/10M
05-23 11:11:01.560   167   167 E SLOGCP  : virtual void LogPipeHandler::process(int): CP cp_5mode save log error [16(Device or resource busy)]
05-23 11:11:01.610   592   975 D LIBGPS  : watchdog_open PowerState:GE2 CP SLEEP,readcount:0
05-23 11:11:01.610   167   167 E SLOGCP  : int MediaStorage::check_quota(): data large: 10513904/10M
05-23 11:11:01.610   167   167 E SLOGCP  : virtual void LogPipeHandler::process(int): CP cp_5mode save log error [16(Device or resource busy)]
05-23 11:11:01.670   167   167 E SLOGCP  : int MediaStorage::check_quota(): data large: 10513904/10M
05-23 11:11:01.670   167   167 E SLOGCP  : virtual void LogPipeHandler::process(int): CP cp_5mode save log error [16(Device or resource busy)]
05-23 11:11:01.721   167   167 E SLOGCP  : int MediaStorage::check_quota(): data large: 10513904/10M
05-23 11:11:01.721   167   167 E SLOGCP  : virtual void LogPipeHandler::process(int): CP cp_5mode save log error [16(Device or resource busy)]
05-23 11:11:01.791   167   167 E SLOGCP  : int MediaStorage::check_quota(): data large: 10513904/10M
05-23 11:11:01.791   167   167 E SLOGCP  : virtual void LogPipeHandler::process(int): CP cp_5mode save log error [16(Device or resource busy)]
05-23 11:11:01.821   883  1842 D DNS_EAI_NODATA: android_getaddrinfo_proxy [430]: countly.uiandroid.net ^ 1024 0 1 0 ^
05-23 11:11:01.861   167   167 E SLOGCP  : int MediaStorage::check_quota(): data large: 10513904/10M
05-23 11:11:01.861   167   167 E SLOGCP  : virtual void LogPipeHandler::process(int): CP cp_5mode save log error [16(Device or resource busy)]
05-23 11:11:01.921   167   167 E SLOGCP  : int MediaStorage::check_quota(): data large: 10513904/10M
05-23 11:11:01.921   167   167 E SLOGCP  : virtual void LogPipeHandler::process(int): CP cp_5mode save log error [16(Device or resource busy)]
05-23 11:11:01.981   167   167 E SLOGCP  : int MediaStorage::check_quota(): data large: 10513904/10M
05-23 11:11:01.981   167   167 E SLOGCP  : virtual void LogPipeHandler::process(int): CP cp_5mode save log error [16(Device or resource busy)]
05-23 11:11:02.031   167   167 E SLOGCP  : int MediaStorage::check_quota(): data large: 10513904/10M
05-23 11:11:02.031   167   167 E SLOGCP  : virtual void LogPipeHandler::process(int): CP cp_5mode save log error [16(Device or resource busy)]
05-23 11:11:02.091  1261  1834 D dalvikvm: GC_FOR_ALLOC freed 401K, 37% free 2822K/4476K, paused 35ms, total 36ms
05-23 11:11:02.111  1261  1834 D dalvikvm: GC_FOR_ALLOC freed 314K, 34% free 2974K/4476K, paused 10ms, total 11ms
05-23 11:11:02.161  1261  1879 D DNS_EAI_NODATA: android_getaddrinfo_proxy [430]: countly.uiandroid.net ^ 1024 0 1 0 ^
05-23 11:11:02.171   167   167 E SLOGCP  : int MediaStorage::check_quota(): data large: 10513904/10M
05-23 11:11:02.171   167   167 E SLOGCP  : virtual void LogPipeHandler::process(int): CP cp_5mode save log error [16(Device or resource busy)]
05-23 11:11:02.231   167   167 E SLOGCP  : int MediaStorage::check_quota(): data large: 10513904/10M
05-23 11:11:02.231   167   167 E SLOGCP  : virtual void LogPipeHandler::process(int): CP cp_5mode save log error [16(Device or resource busy)]
05-23 11:11:02.301   167   167 E SLOGCP  : int MediaStorage::check_quota(): data large: 10513904/10M
05-23 11:11:02.301   167   167 E SLOGCP  : virtual void LogPipeHandler::process(int): CP cp_5mode save log error [16(Device or resource busy)]
05-23 11:11:02.351   167   167 E SLOGCP  : int MediaStorage::check_quota(): data large: 10513904/10M
05-23 11:11:02.351   167   167 E SLOGCP  : virtual void LogPipeHandler::process(int): CP cp_5mode save log error [16(Device or resource busy)]
05-23 11:11:02.411   167   167 E SLOGCP  : int MediaStorage::check_quota(): data large: 10513904/10M
05-23 11:11:02.411   167   167 E SLOGCP  : virtual void LogPipeHandler::process(int): CP cp_5mode save log error [16(Device or resource busy)]
05-23 11:11:02.461   167   167 E SLOGCP  : int MediaStorage::check_quota(): data large: 10513904/10M
05-23 11:11:02.461   167   167 E SLOGCP  : virtual void LogPipeHandler::process(int): CP cp_5mode save log error [16(Device or resource busy)]
05-23 11:11:02.541   167   167 E SLOGCP  : int MediaStorage::check_quota(): data large: 10513904/10M
05-23 11:11:02.541   167   167 E SLOGCP  : virtual void LogPipeHandler::process(int): CP cp_5mode save log error [16(Device or resource busy)]
05-23 11:11:02.772   592  2250 D dalvikvm: GC_FOR_ALLOC freed 1127K, 30% free 7367K/10380K, paused 86ms, total 86ms
05-23 11:11:02.772   592  2250 D Settings: newValuesVersion = 35
05-23 11:11:02.772   592  2250 D Settings: name = dropbox:system_server_lowmem, value = null
05-23 11:11:02.772   592  2250 D Settings: newValuesVersion = 35
05-23 11:11:02.772   592  2250 D Settings: name = logcat_for_system_server_lowmem, value = null
05-23 11:11:02.772   592  2250 D Settings: newValuesVersion = 35
05-23 11:11:02.772   592  2250 D Settings: mValues.get(name) = null
05-23 11:11:02.782   592  2250 D Settings: newValuesVersion = 35
05-23 11:11:02.782   592  2250 D Settings: mValues.get(name) = null
05-23 11:11:02.782   592  2250 D Settings: newValuesVersion = 35
05-23 11:11:02.782   592  2250 D Settings: mValues.get(name) = null
05-23 11:11:02.862   167   167 E SLOGCP  : int MediaStorage::check_quota(): data large: 10513904/10M
05-23 11:11:02.862   167   167 E SLOGCP  : virtual void LogPipeHandler::process(int): CP cp_5mode save log error [16(Device or resource busy)]
05-23 11:11:03.182   167   167 E SLOGCP  : int MediaStorage::check_quota(): data large: 10513904/10M
05-23 11:11:03.182   167   167 E SLOGCP  : virtual void LogPipeHandler::process(int): CP cp_5mode save log error [16(Device or resource busy)]
05-23 11:11:03.512   167   167 E SLOGCP  : int MediaStorage::check_quota(): data large: 10513904/10M
05-23 11:11:03.512   167   167 E SLOGCP  : virtual void LogPipeHandler::process(int): CP cp_5mode save log error [16(Device or resource busy)]
05-23 11:11:03.562   167   167 E SLOGCP  : int MediaStorage::check_quota(): data large: 10513904/10M
05-23 11:11:03.562   167   167 E SLOGCP  : virtual void LogPipeHandler::process(int): CP cp_5mode save log error [16(Device or resource busy)]
05-23 11:11:03.612   592   975 D LIBGPS  : watchdog_open PowerState:GE2 CP SLEEP,readcount:0
05-23 11:11:03.612   167   167 E SLOGCP  : int MediaStorage::check_quota(): data large: 10513904/10M
05-23 11:11:03.612   167   167 E SLOGCP  : virtual void LogPipeHandler::process(int): CP cp_5mode save log error [16(Device or resource busy)]
05-23 11:11:03.813   167   167 E SLOGCP  : int MediaStorage::check_quota(): data large: 10513904/10M
05-23 11:11:03.813   167   167 E SLOGCP  : virtual void LogPipeHandler::process(int): CP cp_5mode save log error [16(Device or resource busy)]
05-23 11:11:04.143   167   167 E SLOGCP  : int MediaStorage::check_quota(): data large: 10513904/10M
05-23 11:11:04.153   167   167 E SLOGCP  : virtual void LogPipeHandler::process(int): CP cp_5mode save log error [16(Device or resource busy)]
05-23 11:11:04.453   167   167 E SLOGCP  : int MediaStorage::check_quota(): data large: 10513904/10M
05-23 11:11:04.453   167   167 E SLOGCP  : virtual void LogPipeHandler::process(int): CP cp_5mode save log error [16(Device or resource busy)]
05-23 11:11:04.503   167   167 E SLOGCP  : int MediaStorage::check_quota(): data large: 10513904/10M
05-23 11:11:04.503   167   167 E SLOGCP  : virtual void LogPipeHandler::process(int): CP cp_5mode save log error [16(Device or resource busy)]
05-23 11:11:04.573   167   167 E SLOGCP  : int MediaStorage::check_quota(): data large: 10513904/10M
05-23 11:11:04.573   167   167 E SLOGCP  : virtual void LogPipeHandler::process(int): CP cp_5mode save log error [16(Device or resource busy)]
05-23 11:11:04.633   167   167 E SLOGCP  : int MediaStorage::check_quota(): data large: 10513904/10M
05-23 11:11:04.633   167   167 E SLOGCP  : virtual void LogPipeHandler::process(int): CP cp_5mode save log error [16(Device or resource busy)]
05-23 11:11:04.914   174   265 I ThermalCvtGovernor: cpu sensor curTemp: 47371 tripTemp: 52000 setPollingDelay: 2000
05-23 11:11:05.094   167   167 E SLOGCP  : int MediaStorage::check_quota(): data large: 10513904/10M
05-23 11:11:05.094   167   167 E SLOGCP  : virtual void LogPipeHandler::process(int): CP cp_5mode save log error [16(Device or resource busy)]
05-23 11:11:05.424   167   167 E SLOGCP  : int MediaStorage::check_quota(): data large: 10513904/10M
05-23 11:11:05.424   167   167 E SLOGCP  : virtual void LogPipeHandler::process(int): CP cp_5mode save log error [16(Device or resource busy)]
05-23 11:11:05.474   167   167 E SLOGCP  : int MediaStorage::check_quota(): data large: 10513904/10M
05-23 11:11:05.474   167   167 E SLOGCP  : virtual void LogPipeHandler::process(int): CP cp_5mode save log error [16(Device or resource busy)]
05-23 11:11:05.544   167   167 E SLOGCP  : int MediaStorage::check_quota(): data large: 10513904/10M
05-23 11:11:05.544   167   167 E SLOGCP  : virtual void LogPipeHandler::process(int): CP cp_5mode save log error [16(Device or resource busy)]
05-23 11:11:05.594   167   167 E SLOGCP  : int MediaStorage::check_quota(): data large: 10513904/10M
05-23 11:11:05.594   167   167 E SLOGCP  : virtual void LogPipeHandler::process(int): CP cp_5mode save log error [16(Device or resource busy)]
05-23 11:11:05.614   592   975 D LIBGPS  : watchdog_open PowerState:GE2 CP SLEEP,readcount:0
05-23 11:11:05.905   167   167 E SLOGCP  : int MediaStorage::check_quota(): data large: 10513904/10M
05-23 11:11:05.905   167   167 E SLOGCP  : virtual void LogPipeHandler::process(int): CP cp_5mode save log error [16(Device or resource busy)]
05-23 11:11:06.235   167   167 E SLOGCP  : int MediaStorage::check_quota(): data large: 10513904/10M
05-23 11:11:06.235   167   167 E SLOGCP  : virtual void LogPipeHandler::process(int): CP cp_5mode save log error [16(Device or resource busy)]
05-23 11:11:06.415   167   167 E SLOGCP  : int MediaStorage::check_quota(): data large: 10513904/10M
05-23 11:11:06.415   167   167 E SLOGCP  : virtual void LogPipeHandler::process(int): CP cp_5mode save log error [16(Device or resource busy)]
05-23 11:11:06.485   167   167 E SLOGCP  : int MediaStorage::check_quota(): data large: 10513904/10M
05-23 11:11:06.485   167   167 E SLOGCP  : virtual void LogPipeHandler::process(int): CP cp_5mode save log error [16(Device or resource busy)]
05-23 11:11:06.535   167   167 E SLOGCP  : int MediaStorage::check_quota(): data large: 10513904/10M
05-23 11:11:06.535   167   167 E SLOGCP  : virtual void LogPipeHandler::process(int): CP cp_5mode save log error [16(Device or resource busy)]
05-23 11:11:06.715   592   592 D dalvikvm: GC_EXPLICIT freed 222K, 30% free 7274K/10380K, paused 5ms+7ms, total 86ms
05-23 11:11:06.876   167   167 E SLOGCP  : int MediaStorage::check_quota(): data large: 10513904/10M
05-23 11:11:06.876   167   167 E SLOGCP  : virtual void LogPipeHandler::process(int): CP cp_5mode save log error [16(Device or resource busy)]
05-23 11:11:07.196   167   167 E SLOGCP  : int MediaStorage::check_quota(): data large: 10513904/10M
05-23 11:11:07.196   167   167 E SLOGCP  : virtual void LogPipeHandler::process(int): CP cp_5mode save log error [16(Device or resource busy)]
05-23 11:11:07.516   167   167 E SLOGCP  : int MediaStorage::check_quota(): data large: 10513904/10M
05-23 11:11:07.516   167   167 E SLOGCP  : virtual void LogPipeHandler::process(int): CP cp_5mode save log error [16(Device or resource busy)]
05-23 11:11:07.616   592   975 D LIBGPS  : watchdog_open PowerState:GE2 CP SLEEP,readcount:0
05-23 11:11:07.836   167   167 E SLOGCP  : int MediaStorage::check_quota(): data large: 10513904/10M
05-23 11:11:07.836   167   167 E SLOGCP  : virtual void LogPipeHandler::process(int): CP cp_5mode save log error [16(Device or resource busy)]
05-23 11:11:08.157   167   167 E SLOGCP  : int MediaStorage::check_quota(): data large: 10513904/10M
05-23 11:11:08.157   167   167 E SLOGCP  : virtual void LogPipeHandler::process(int): CP cp_5mode save log error [16(Device or resource busy)]
05-23 11:11:08.477   167   167 E SLOGCP  : int MediaStorage::check_quota(): data large: 10513904/10M
05-23 11:11:08.477   167   167 E SLOGCP  : virtual void LogPipeHandler::process(int): CP cp_5mode save log error [16(Device or resource busy)]
05-23 11:11:08.918   174   265 I ThermalCvtGovernor: cpu sensor curTemp: 45955 tripTemp: 52000 setPollingDelay: 4000
05-23 11:11:08.928   167   167 E SLOGCP  : int MediaStorage::check_quota(): data large: 10513904/10M
05-23 11:11:08.928   167   167 E SLOGCP  : virtual void LogPipeHandler::process(int): CP cp_5mode save log error [16(Device or resource busy)]
05-23 11:11:09.118   167   167 E SLOGCP  : int MediaStorage::check_quota(): data large: 10513904/10M
05-23 11:11:09.118   167   167 E SLOGCP  : virtual void LogPipeHandler::process(int): CP cp_5mode save log error [16(Device or resource busy)]
05-23 11:11:09.568   167   167 E SLOGCP  : int MediaStorage::check_quota(): data large: 10513904/10M
05-23 11:11:09.568   167   167 E SLOGCP  : virtual void LogPipeHandler::process(int): CP cp_5mode save log error [16(Device or resource busy)]
05-23 11:11:09.608   592   975 D LIBGPS  : watchdog_open PowerState:GE2 CP SLEEP,readcount:0
05-23 11:11:09.908   167   167 E SLOGCP  : int MediaStorage::check_quota(): data large: 10513904/10M
05-23 11:11:09.908   167   167 E SLOGCP  : virtual void LogPipeHandler::process(int): CP cp_5mode save log error [16(Device or resource busy)]
05-23 11:11:09.999   180   324 D ENGPC   : parse_event: event { 'change', '/devices/sprd_battery.17/power_supply/battery', 'power_supply', '' }
05-23 11:11:09.999   271   278 D ENGPC   : parse_event: event { 'change', '/devices/sprd_battery.17/power_supply/battery', 'power_supply', '' }
05-23 11:11:09.999   174   267 I ThermalChargeDetect: charge status: Full
05-23 11:11:10.019   673   673 D KeyguardUpdateMonitor: received broadcast android.intent.action.BATTERY_CHANGED
05-23 11:11:10.039   673   673 I StatusBar.BatteryController: 1.battery level = 100,status = 5
05-23 11:11:10.049   673   673 D KeyguardUpdateMonitor: handleBatteryUpdate
05-23 11:11:10.049  1624  1624 D SprdUsbSettings: plugType = 2
05-23 11:11:10.209   167   167 E SLOGCP  : int MediaStorage::check_quota(): data large: 10513904/10M
05-23 11:11:10.209   167   167 E SLOGCP  : virtual void LogPipeHandler::process(int): CP cp_5mode save log error [16(Device or resource busy)]
05-23 11:11:10.549   167   167 E SLOGCP  : int MediaStorage::check_quota(): data large: 10513904/10M
05-23 11:11:10.549   167   167 E SLOGCP  : virtual void LogPipeHandler::process(int): CP cp_5mode save log error [16(Device or resource busy)]
05-23 11:11:10.719   592  2255 D Settings: newValuesVersion = 35
05-23 11:11:10.719   592  2255 D Settings: mValues.get(name) = null
05-23 11:11:10.719   592  2255 D Settings: newValuesVersion = 35
05-23 11:11:10.719   592  2255 D Settings: mValues.get(name) = null
05-23 11:11:10.869   167   167 E SLOGCP  : int MediaStorage::check_quota(): data large: 10513904/10M
05-23 11:11:10.869   167   167 E SLOGCP  : virtual void LogPipeHandler::process(int): CP cp_5mode save log error [16(Device or resource busy)]
05-23 11:11:11.190   167   167 E SLOGCP  : int MediaStorage::check_quota(): data large: 10513904/10M
05-23 11:11:11.190   167   167 E SLOGCP  : virtual void LogPipeHandler::process(int): CP cp_5mode save log error [16(Device or resource busy)]
05-23 11:11:11.510   167   167 E SLOGCP  : int MediaStorage::check_quota(): data large: 10513904/10M
05-23 11:11:11.510   167   167 E SLOGCP  : virtual void LogPipeHandler::process(int): CP cp_5mode save log error [16(Device or resource busy)]
05-23 11:11:11.610   592   975 D LIBGPS  : watchdog_open PowerState:GE2 CP SLEEP,readcount:0
05-23 11:11:11.991   167   167 E SLOGCP  : int MediaStorage::check_quota(): data large: 10513904/10M
05-23 11:11:11.991   167   167 E SLOGCP  : virtual void LogPipeHandler::process(int): CP cp_5mode save log error [16(Device or resource busy)]
05-23 11:11:12.151   167   167 E SLOGCP  : int MediaStorage::check_quota(): data large: 10513904/10M
05-23 11:11:12.151   167   167 E SLOGCP  : virtual void LogPipeHandler::process(int): CP cp_5mode save log error [16(Device or resource busy)]
05-23 11:11:12.631   167   167 E SLOGCP  : int MediaStorage::check_quota(): data large: 10513904/10M
05-23 11:11:12.631   167   167 E SLOGCP  : virtual void LogPipeHandler::process(int): CP cp_5mode save log error [16(Device or resource busy)]
05-23 11:11:12.791   167   167 E SLOGCP  : int MediaStorage::check_quota(): data large: 10513904/10M
05-23 11:11:12.791   167   167 E SLOGCP  : virtual void LogPipeHandler::process(int): CP cp_5mode save log error [16(Device or resource busy)]
05-23 11:11:13.272   167   167 E SLOGCP  : int MediaStorage::check_quota(): data large: 10513904/10M
05-23 11:11:13.272   167   167 E SLOGCP  : virtual void LogPipeHandler::process(int): CP cp_5mode save log error [16(Device or resource busy)]
05-23 11:11:13.592   167   167 E SLOGCP  : int MediaStorage::check_quota(): data large: 10513904/10M
05-23 11:11:13.592   167   167 E SLOGCP  : virtual void LogPipeHandler::process(int): CP cp_5mode save log error [16(Device or resource busy)]
05-23 11:11:13.612   592   975 D LIBGPS  : watchdog_open PowerState:GE2 CP SLEEP,readcount:0
05-23 11:11:13.902   167   167 E SLOGCP  : int MediaStorage::check_quota(): data large: 10513904/10M
05-23 11:11:13.902   167   167 E SLOGCP  : virtual void LogPipeHandler::process(int): CP cp_5mode save log error [16(Device or resource busy)]
05-23 11:11:14.233   167   167 E SLOGCP  : int MediaStorage::check_quota(): data large: 10513904/10M
05-23 11:11:14.233   167   167 E SLOGCP  : virtual void LogPipeHandler::process(int): CP cp_5mode save log error [16(Device or resource busy)]
05-23 11:11:14.693   167   167 E SLOGCP  : int MediaStorage::check_quota(): data large: 10513904/10M
05-23 11:11:14.693   167   167 E SLOGCP  : virtual void LogPipeHandler::process(int): CP cp_5mode save log error [16(Device or resource busy)]
05-23 11:11:14.873   167   167 E SLOGCP  : int MediaStorage::check_quota(): data large: 10513904/10M
05-23 11:11:14.873   167   167 E SLOGCP  : virtual void LogPipeHandler::process(int): CP cp_5mode save log error [16(Device or resource busy)]
05-23 11:11:15.074   167   167 E SLOGCP  : int MediaStorage::check_quota(): data large: 10513904/10M
05-23 11:11:15.074   167   167 E SLOGCP  : virtual void LogPipeHandler::process(int): CP cp_5mode save log error [16(Device or resource busy)]
05-23 11:11:15.114   167   167 E SLOGCP  : int MediaStorage::check_quota(): data large: 10513904/10M
05-23 11:11:15.114   167   167 E SLOGCP  : virtual void LogPipeHandler::process(int): CP cp_5mode save log error [16(Device or resource busy)]
05-23 11:11:15.124   167   167 E SLOGCP  : int MediaStorage::check_quota(): data large: 10513904/10M
05-23 11:11:15.124   167   167 E SLOGCP  : virtual void LogPipeHandler::process(int): CP cp_5mode save log error [16(Device or resource busy)]
05-23 11:11:15.124   167   167 E SLOGCP  : int MediaStorage::check_quota(): data large: 10513904/10M
05-23 11:11:15.124   167   167 E SLOGCP  : virtual void LogPipeHandler::process(int): CP cp_5mode save log error [16(Device or resource busy)]
05-23 11:11:15.174   698   698 D dalvikvm: GC_EXPLICIT freed 223K, 19% free 3601K/4404K, paused 15ms+3ms, total 133ms
05-23 11:11:15.614   592   975 D LIBGPS  : watchdog_open PowerState:GE2 CP SLEEP,readcount:0
05-23 11:11:15.974   167   167 E SLOGCP  : int MediaStorage::check_quota(): data large: 10513904/10M
05-23 11:11:15.974   167   167 E SLOGCP  : virtual void LogPipeHandler::process(int): CP cp_5mode save log error [16(Device or resource busy)]
05-23 11:11:16.625   167   167 E SLOGCP  : int MediaStorage::check_quota(): data large: 10513904/10M
05-23 11:11:16.625   167   167 E SLOGCP  : virtual void LogPipeHandler::process(int): CP cp_5mode save log error [16(Device or resource busy)]
05-23 11:11:17.616   592   975 D LIBGPS  : watchdog_open PowerState:GE2 CP SLEEP,readcount:0
05-23 11:11:18.537   167   167 E SLOGCP  : int MediaStorage::check_quota(): data large: 10513904/10M
05-23 11:11:18.537   167   167 E SLOGCP  : virtual void LogPipeHandler::process(int): CP cp_5mode save log error [16(Device or resource busy)]
05-23 11:11:19.608   592   975 D LIBGPS  : watchdog_open PowerState:GE2 CP SLEEP,readcount:0
05-23 11:11:19.808   167   167 E SLOGCP  : int MediaStorage::check_quota(): data large: 10513904/10M
05-23 11:11:19.808   167   167 E SLOGCP  : virtual void LogPipeHandler::process(int): CP cp_5mode save log error [16(Device or resource busy)]
05-23 11:11:20.148   673   673 D dalvikvm: GC_EXPLICIT freed 227K, 18% free 6985K/8500K, paused 11ms+6ms, total 123ms
05-23 11:11:21.099   167   167 E SLOGCP  : int MediaStorage::check_quota(): data large: 10513904/10M
05-23 11:11:21.099   167   167 E SLOGCP  : virtual void LogPipeHandler::process(int): CP cp_5mode save log error [16(Device or resource busy)]
05-23 11:11:21.610   592   975 D LIBGPS  : watchdog_open PowerState:GE2 CP SLEEP,readcount:0
05-23 11:11:22.381   167   167 E SLOGCP  : int MediaStorage::check_quota(): data large: 10513904/10M
05-23 11:11:22.381   167   167 E SLOGCP  : virtual void LogPipeHandler::process(int): CP cp_5mode save log error [16(Device or resource busy)]
05-23 11:11:23.612   592   975 D LIBGPS  : watchdog_open PowerState:GE2 CP SLEEP,readcount:0
05-23 11:11:24.293   167   167 E SLOGCP  : int MediaStorage::check_quota(): data large: 10513904/10M
05-23 11:11:24.293   167   167 E SLOGCP  : virtual void LogPipeHandler::process(int): CP cp_5mode save log error [16(Device or resource busy)]
05-23 11:11:25.233   842   842 D dalvikvm: GC_EXPLICIT freed 1K, 13% free 2205K/2516K, paused 6ms+2ms, total 59ms
05-23 11:11:25.614   592   975 D LIBGPS  : watchdog_open PowerState:GE2 CP SLEEP,readcount:0
05-23 11:11:26.214   167   167 E SLOGCP  : int MediaStorage::check_quota(): data large: 10513904/10M
05-23 11:11:26.214   167   167 E SLOGCP  : virtual void LogPipeHandler::process(int): CP cp_5mode save log error [16(Device or resource busy)]
05-23 11:11:27.506   167   167 E SLOGCP  : int MediaStorage::check_quota(): data large: 10513904/10M
05-23 11:11:27.506   167   167 E SLOGCP  : virtual void LogPipeHandler::process(int): CP cp_5mode save log error [16(Device or resource busy)]
05-23 11:11:27.616   592   975 D LIBGPS  : watchdog_open PowerState:GE2 CP SLEEP,readcount:0
05-23 11:11:28.787   167   167 E SLOGCP  : int MediaStorage::check_quota(): data large: 10513904/10M
05-23 11:11:28.787   167   167 E SLOGCP  : virtual void LogPipeHandler::process(int): CP cp_5mode save log error [16(Device or resource busy)]
05-23 11:11:29.608   592   975 D LIBGPS  : watchdog_open PowerState:GE2 CP SLEEP,readcount:0
05-23 11:11:30.228   872   872 D dalvikvm: GC_EXPLICIT freed 1K, 11% free 2187K/2456K, paused 10ms+2ms, total 60ms
05-23 11:11:30.689   167   167 E SLOGCP  : int MediaStorage::check_quota(): data large: 10513904/10M
05-23 11:11:30.689   167   167 E SLOGCP  : virtual void LogPipeHandler::process(int): CP cp_5mode save log error [16(Device or resource busy)]
05-23 11:11:31.610   592   975 D LIBGPS  : watchdog_open PowerState:GE2 CP SLEEP,readcount:0
05-23 11:11:32.611   167   167 E SLOGCP  : int MediaStorage::check_quota(): data large: 10513904/10M
05-23 11:11:32.611   167   167 E SLOGCP  : virtual void LogPipeHandler::process(int): CP cp_5mode save log error [16(Device or resource busy)]
05-23 11:11:33.612   592   975 D LIBGPS  : watchdog_open PowerState:GE2 CP SLEEP,readcount:0
05-23 11:11:33.902   167   167 E SLOGCP  : int MediaStorage::check_quota(): data large: 10513904/10M
05-23 11:11:33.902   167   167 E SLOGCP  : virtual void LogPipeHandler::process(int): CP cp_5mode save log error [16(Device or resource busy)]
05-23 11:11:35.183   167   167 E SLOGCP  : int MediaStorage::check_quota(): data large: 10513904/10M
05-23 11:11:35.183   167   167 E SLOGCP  : virtual void LogPipeHandler::process(int): CP cp_5mode save log error [16(Device or resource busy)]
05-23 11:11:35.243   877   877 D dalvikvm: GC_EXPLICIT freed 1K, 11% free 2191K/2448K, paused 7ms+2ms, total 56ms
05-23 11:11:35.614   592   975 D LIBGPS  : watchdog_open PowerState:GE2 CP SLEEP,readcount:0
