05-23 11:08:01.665  1261  1269 D dalvikvm: GC_FOR_ALLOC freed 65K, 25% free 2926K/3880K, paused 11ms, total 11ms
05-23 11:08:01.665   167   167 E SLOGCP  : int MediaStorage::check_quota(): data large: 10513904/10M
05-23 11:08:01.665   167   167 E SLOGCP  : virtual void LogPipeHandler::process(int): CP cp_5mode save log error [16(Device or resource busy)]
05-23 11:08:01.675  1261  1834 D dalvikvm: GC_FOR_ALLOC freed <1K, 25% free 2926K/3880K, paused 13ms, total 13ms
05-23 11:08:01.675  1261  1834 I dalvikvm-heap: Grow heap (frag case) to 3.170MB for 150910-byte allocation
05-23 11:08:01.685  1261  1834 D dalvikvm: GC_FOR_ALLOC freed 98K, 27% free 2975K/4028K, paused 10ms, total 10ms
05-23 11:08:01.685  1261  1834 I dalvikvm-heap: Grow heap (frag case) to 3.291MB for 226360-byte allocation
05-23 11:08:01.695  1261  1269 D dalvikvm: GC_FOR_ALLOC freed 147K, 29% free 3049K/4252K, paused 12ms, total 12ms
05-23 11:08:01.755  1261  1879 D DNS_EAI_NODATA: android_getaddrinfo_proxy [430]: countly.uiandroid.net ^ 1024 0 1 0 ^
05-23 11:08:01.835   167   167 E SLOGCP  : int MediaStorage::check_quota(): data large: 10513904/10M
05-23 11:08:01.835   167   167 E SLOGCP  : virtual void LogPipeHandler::process(int): CP cp_5mode save log error [16(Device or resource busy)]
05-23 11:08:01.885   167   167 E SLOGCP  : int MediaStorage::check_quota(): data large: 10513904/10M
05-23 11:08:01.885   167   167 E SLOGCP  : virtual void LogPipeHandler::process(int): CP cp_5mode save log error [16(Device or resource busy)]
05-23 11:08:01.935   167   167 E SLOGCP  : int MediaStorage::check_quota(): data large: 10513904/10M
05-23 11:08:01.935   167   167 E SLOGCP  : virtual void LogPipeHandler::process(int): CP cp_5mode save log error [16(Device or resource busy)]
05-23 11:08:02.005   167   167 E SLOGCP  : int MediaStorage::check_quota(): data large: 10513904/10M
05-23 11:08:02.005   167   167 E SLOGCP  : virtual void LogPipeHandler::process(int): CP cp_5mode save log error [16(Device or resource busy)]
05-23 11:08:02.055   167   167 E SLOGCP  : int MediaStorage::check_quota(): data large: 10513904/10M
05-23 11:08:02.055   167   167 E SLOGCP  : virtual void LogPipeHandler::process(int): CP cp_5mode save log error [16(Device or resource busy)]
05-23 11:08:02.175   167   167 E SLOGCP  : int MediaStorage::check_quota(): data large: 10513904/10M
05-23 11:08:02.175   167   167 E SLOGCP  : virtual void LogPipeHandler::process(int): CP cp_5mode save log error [16(Device or resource busy)]
05-23 11:08:02.235   167   167 E SLOGCP  : int MediaStorage::check_quota(): data large: 10513904/10M
05-23 11:08:02.235   167   167 E SLOGCP  : virtual void LogPipeHandler::process(int): CP cp_5mode save log error [16(Device or resource busy)]
05-23 11:08:02.285   167   167 E SLOGCP  : int MediaStorage::check_quota(): data large: 10513904/10M
05-23 11:08:02.285   167   167 E SLOGCP  : virtual void LogPipeHandler::process(int): CP cp_5mode save log error [16(Device or resource busy)]
05-23 11:08:02.626   167   167 E SLOGCP  : int MediaStorage::check_quota(): data large: 10513904/10M
05-23 11:08:02.626   167   167 E SLOGCP  : virtual void LogPipeHandler::process(int): CP cp_5mode save log error [16(Device or resource busy)]
05-23 11:08:02.946   167   167 E SLOGCP  : int MediaStorage::check_quota(): data large: 10513904/10M
05-23 11:08:02.946   167   167 E SLOGCP  : virtual void LogPipeHandler::process(int): CP cp_5mode save log error [16(Device or resource busy)]
05-23 11:08:03.126   167   167 E SLOGCP  : int MediaStorage::check_quota(): data large: 10513904/10M
05-23 11:08:03.126   167   167 E SLOGCP  : virtual void LogPipeHandler::process(int): CP cp_5mode save log error [16(Device or resource busy)]
05-23 11:08:03.176   167   167 E SLOGCP  : int MediaStorage::check_quota(): data large: 10513904/10M
05-23 11:08:03.176   167   167 E SLOGCP  : virtual void LogPipeHandler::process(int): CP cp_5mode save log error [16(Device or resource busy)]
05-23 11:08:03.256   167   167 E SLOGCP  : int MediaStorage::check_quota(): data large: 10513904/10M
05-23 11:08:03.256   167   167 E SLOGCP  : virtual void LogPipeHandler::process(int): CP cp_5mode save log error [16(Device or resource busy)]
05-23 11:08:03.567   167   167 E SLOGCP  : int MediaStorage::check_quota(): data large: 10513904/10M
05-23 11:08:03.567   167   167 E SLOGCP  : virtual void LogPipeHandler::process(int): CP cp_5mode save log error [16(Device or resource busy)]
05-23 11:08:03.587   592   975 D LIBGPS  : watchdog_open PowerState:GE2 CP SLEEP,readcount:0
05-23 11:08:03.887   167   167 E SLOGCP  : int MediaStorage::check_quota(): data large: 10513904/10M
05-23 11:08:03.887   167   167 E SLOGCP  : virtual void LogPipeHandler::process(int): CP cp_5mode save log error [16(Device or resource busy)]
05-23 11:08:04.207   167   167 E SLOGCP  : int MediaStorage::check_quota(): data large: 10513904/10M
05-23 11:08:04.207   167   167 E SLOGCP  : virtual void LogPipeHandler::process(int): CP cp_5mode save log error [16(Device or resource busy)]
05-23 11:08:04.257   167   167 E SLOGCP  : int MediaStorage::check_quota(): data large: 10513904/10M
05-23 11:08:04.257   167   167 E SLOGCP  : virtual void LogPipeHandler::process(int): CP cp_5mode save log error [16(Device or resource busy)]
05-23 11:08:04.327   167   167 E SLOGCP  : int MediaStorage::check_quota(): data large: 10513904/10M
05-23 11:08:04.327   167   167 E SLOGCP  : virtual void LogPipeHandler::process(int): CP cp_5mode save log error [16(Device or resource busy)]
05-23 11:08:04.528   167   167 E SLOGCP  : int MediaStorage::check_quota(): data large: 10513904/10M
05-23 11:08:04.528   167   167 E SLOGCP  : virtual void LogPipeHandler::process(int): CP cp_5mode save log error [16(Device or resource busy)]
05-23 11:08:04.688   167   167 E SLOGCP  : int MediaStorage::check_quota(): data large: 10513904/10M
05-23 11:08:04.688   167   167 E SLOGCP  : virtual void LogPipeHandler::process(int): CP cp_5mode save log error [16(Device or resource busy)]
05-23 11:08:05.158   167   167 E SLOGCP  : int MediaStorage::check_quota(): data large: 10513904/10M
05-23 11:08:05.158   167   167 E SLOGCP  : virtual void LogPipeHandler::process(int): CP cp_5mode save log error [16(Device or resource busy)]
05-23 11:08:05.208   877   877 D dalvikvm: GC_EXPLICIT freed 81K, 11% free 2192K/2448K, paused 11ms+4ms, total 49ms
05-23 11:08:05.328   167   167 E SLOGCP  : int MediaStorage::check_quota(): data large: 10513904/10M
05-23 11:08:05.328   167   167 E SLOGCP  : virtual void LogPipeHandler::process(int): CP cp_5mode save log error [16(Device or resource busy)]
05-23 11:08:05.589   592   975 D LIBGPS  : watchdog_open PowerState:GE2 CP SLEEP,readcount:0
05-23 11:08:05.669   167   167 E SLOGCP  : int MediaStorage::check_quota(): data large: 10513904/10M
05-23 11:08:05.669   167   167 E SLOGCP  : virtual void LogPipeHandler::process(int): CP cp_5mode save log error [16(Device or resource busy)]
05-23 11:08:05.969   167   167 E SLOGCP  : int MediaStorage::check_quota(): data large: 10513904/10M
05-23 11:08:05.969   167   167 E SLOGCP  : virtual void LogPipeHandler::process(int): CP cp_5mode save log error [16(Device or resource busy)]
05-23 11:08:06.439   167   167 E SLOGCP  : int MediaStorage::check_quota(): data large: 10513904/10M
05-23 11:08:06.439   167   167 E SLOGCP  : virtual void LogPipeHandler::process(int): CP cp_5mode save log error [16(Device or resource busy)]
05-23 11:08:06.600   167   167 E SLOGCP  : int MediaStorage::check_quota(): data large: 10513904/10M
05-23 11:08:06.600   167   167 E SLOGCP  : virtual void LogPipeHandler::process(int): CP cp_5mode save log error [16(Device or resource busy)]
05-23 11:08:06.940   167   167 E SLOGCP  : int MediaStorage::check_quota(): data large: 10513904/10M
05-23 11:08:06.940   167   167 E SLOGCP  : virtual void LogPipeHandler::process(int): CP cp_5mode save log error [16(Device or resource busy)]
05-23 11:08:07.250   167   167 E SLOGCP  : int MediaStorage::check_quota(): data large: 10513904/10M
05-23 11:08:07.250   167   167 E SLOGCP  : virtual void LogPipeHandler::process(int): CP cp_5mode save log error [16(Device or resource busy)]
05-23 11:08:07.571   167   167 E SLOGCP  : int MediaStorage::check_quota(): data large: 10513904/10M
05-23 11:08:07.571   167   167 E SLOGCP  : virtual void LogPipeHandler::process(int): CP cp_5mode save log error [16(Device or resource busy)]
05-23 11:08:07.581   592   975 D LIBGPS  : watchdog_open PowerState:GE2 CP SLEEP,readcount:0
05-23 11:08:07.891   167   167 E SLOGCP  : int MediaStorage::check_quota(): data large: 10513904/10M
05-23 11:08:07.891   167   167 E SLOGCP  : virtual void LogPipeHandler::process(int): CP cp_5mode save log error [16(Device or resource busy)]
05-23 11:08:08.221   167   167 E SLOGCP  : int MediaStorage::check_quota(): data large: 10513904/10M
05-23 11:08:08.221   167   167 E SLOGCP  : virtual void LogPipeHandler::process(int): CP cp_5mode save log error [16(Device or resource busy)]
05-23 11:08:08.542   167   167 E SLOGCP  : int MediaStorage::check_quota(): data large: 10513904/10M
05-23 11:08:08.542   167   167 E SLOGCP  : virtual void LogPipeHandler::process(int): CP cp_5mode save log error [16(Device or resource busy)]
05-23 11:08:08.852   167   167 E SLOGCP  : int MediaStorage::check_quota(): data large: 10513904/10M
05-23 11:08:08.852   167   167 E SLOGCP  : virtual void LogPipeHandler::process(int): CP cp_5mode save log error [16(Device or resource busy)]
05-23 11:08:09.172   167   167 E SLOGCP  : int MediaStorage::check_quota(): data large: 10513904/10M
05-23 11:08:09.172   167   167 E SLOGCP  : virtual void LogPipeHandler::process(int): CP cp_5mode save log error [16(Device or resource busy)]
05-23 11:08:09.232   167   167 E SLOGCP  : int MediaStorage::check_quota(): data large: 10513904/10M
05-23 11:08:09.232   167   167 E SLOGCP  : virtual void LogPipeHandler::process(int): CP cp_5mode save log error [16(Device or resource busy)]
05-23 11:08:09.292   167   167 E SLOGCP  : int MediaStorage::check_quota(): data large: 10513904/10M
05-23 11:08:09.292   167   167 E SLOGCP  : virtual void LogPipeHandler::process(int): CP cp_5mode save log error [16(Device or resource busy)]
05-23 11:08:09.482   167   167 E SLOGCP  : int MediaStorage::check_quota(): data large: 10513904/10M
05-23 11:08:09.482   167   167 E SLOGCP  : virtual void LogPipeHandler::process(int): CP cp_5mode save log error [16(Device or resource busy)]
05-23 11:08:09.583   592   975 D LIBGPS  : watchdog_open PowerState:GE2 CP SLEEP,readcount:0
05-23 11:08:09.803   167   167 E SLOGCP  : int MediaStorage::check_quota(): data large: 10513904/10M
05-23 11:08:09.803   167   167 E SLOGCP  : virtual void LogPipeHandler::process(int): CP cp_5mode save log error [16(Device or resource busy)]
05-23 11:08:10.123   167   167 E SLOGCP  : int MediaStorage::check_quota(): data large: 10513904/10M
05-23 11:08:10.123   167   167 E SLOGCP  : virtual void LogPipeHandler::process(int): CP cp_5mode save log error [16(Device or resource busy)]
05-23 11:08:10.193   883   883 D dalvikvm: GC_EXPLICIT freed 694K, 34% free 4882K/7304K, paused 3ms+4ms, total 32ms
05-23 11:08:10.443   167   167 E SLOGCP  : int MediaStorage::check_quota(): data large: 10513904/10M
05-23 11:08:10.443   167   167 E SLOGCP  : virtual void LogPipeHandler::process(int): CP cp_5mode save log error [16(Device or resource busy)]
05-23 11:08:10.674   592  2145 D Settings: newValuesVersion = 35
05-23 11:08:10.674   592  2145 D Settings: name = sys_free_storage_log_interval, value = null
05-23 11:08:10.684   592  2145 D Settings: newValuesVersion = 35
05-23 11:08:10.684   592  2145 D Settings: name = disk_free_change_reporting_threshold, value = null
05-23 11:08:10.774   167   167 E SLOGCP  : int MediaStorage::check_quota(): data large: 10513904/10M
05-23 11:08:10.774   167   167 E SLOGCP  : virtual void LogPipeHandler::process(int): CP cp_5mode save log error [16(Device or resource busy)]
05-23 11:08:11.014   167   167 E SLOGCP  : int MediaStorage::check_quota(): data large: 10513904/10M
05-23 11:08:11.014   167   167 E SLOGCP  : virtual void LogPipeHandler::process(int): CP cp_5mode save log error [16(Device or resource busy)]
05-23 11:08:11.404   167   167 E SLOGCP  : int MediaStorage::check_quota(): data large: 10513904/10M
05-23 11:08:11.404   167   167 E SLOGCP  : virtual void LogPipeHandler::process(int): CP cp_5mode save log error [16(Device or resource busy)]
05-23 11:08:11.585   592   975 D LIBGPS  : watchdog_open PowerState:GE2 CP SLEEP,readcount:0
05-23 11:08:11.725   167   167 E SLOGCP  : int MediaStorage::check_quota(): data large: 10513904/10M
05-23 11:08:11.725   167   167 E SLOGCP  : virtual void LogPipeHandler::process(int): CP cp_5mode save log error [16(Device or resource busy)]
05-23 11:08:12.045   167   167 E SLOGCP  : int MediaStorage::check_quota(): data large: 10513904/10M
05-23 11:08:12.045   167   167 E SLOGCP  : virtual void LogPipeHandler::process(int): CP cp_5mode save log error [16(Device or resource busy)]
05-23 11:08:12.365   167   167 E SLOGCP  : int MediaStorage::check_quota(): data large: 10513904/10M
05-23 11:08:12.365   167   167 E SLOGCP  : virtual void LogPipeHandler::process(int): CP cp_5mode save log error [16(Device or resource busy)]
05-23 11:08:12.696   167   167 E SLOGCP  : int MediaStorage::check_quota(): data large: 10513904/10M
05-23 11:08:12.696   167   167 E SLOGCP  : virtual void LogPipeHandler::process(int): CP cp_5mode save log error [16(Device or resource busy)]
05-23 11:08:12.936   167   167 E SLOGCP  : int MediaStorage::check_quota(): data large: 10513904/10M
05-23 11:08:12.936   167   167 E SLOGCP  : virtual void LogPipeHandler::process(int): CP cp_5mode save log error [16(Device or resource busy)]
05-23 11:08:13.326   167   167 E SLOGCP  : int MediaStorage::check_quota(): data large: 10513904/10M
05-23 11:08:13.326   167   167 E SLOGCP  : virtual void LogPipeHandler::process(int): CP cp_5mode save log error [16(Device or resource busy)]
05-23 11:08:13.586   592   975 D LIBGPS  : watchdog_open PowerState:GE2 CP SLEEP,readcount:0
05-23 11:08:13.647   167   167 E SLOGCP  : int MediaStorage::check_quota(): data large: 10513904/10M
05-23 11:08:13.647   167   167 E SLOGCP  : virtual void LogPipeHandler::process(int): CP cp_5mode save log error [16(Device or resource busy)]
05-23 11:08:13.967   167   167 E SLOGCP  : int MediaStorage::check_quota(): data large: 10513904/10M
05-23 11:08:13.967   167   167 E SLOGCP  : virtual void LogPipeHandler::process(int): CP cp_5mode save log error [16(Device or resource busy)]
05-23 11:08:14.147   167   167 E SLOGCP  : int MediaStorage::check_quota(): data large: 10513904/10M
05-23 11:08:14.147   167   167 E SLOGCP  : virtual void LogPipeHandler::process(int): CP cp_5mode save log error [16(Device or resource busy)]
05-23 11:08:14.217   167   167 E SLOGCP  : int MediaStorage::check_quota(): data large: 10513904/10M
05-23 11:08:14.217   167   167 E SLOGCP  : virtual void LogPipeHandler::process(int): CP cp_5mode save log error [16(Device or resource busy)]
05-23 11:08:14.277   167   167 E SLOGCP  : int MediaStorage::check_quota(): data large: 10513904/10M
05-23 11:08:14.277   167   167 E SLOGCP  : virtual void LogPipeHandler::process(int): CP cp_5mode save log error [16(Device or resource busy)]
05-23 11:08:14.607   167   167 E SLOGCP  : int MediaStorage::check_quota(): data large: 10513904/10M
05-23 11:08:14.607   167   167 E SLOGCP  : virtual void LogPipeHandler::process(int): CP cp_5mode save log error [16(Device or resource busy)]
05-23 11:08:14.848   167   167 E SLOGCP  : int MediaStorage::check_quota(): data large: 10513904/10M
05-23 11:08:14.848   167   167 E SLOGCP  : virtual void LogPipeHandler::process(int): CP cp_5mode save log error [16(Device or resource busy)]
05-23 11:08:14.968   167   167 E SLOGCP  : int MediaStorage::check_quota(): data large: 10513904/10M
05-23 11:08:14.968   167   167 E SLOGCP  : virtual void LogPipeHandler::process(int): CP cp_5mode save log error [16(Device or resource busy)]
05-23 11:08:15.008   167   167 E SLOGCP  : int MediaStorage::check_quota(): data large: 10513904/10M
05-23 11:08:15.008   167   167 E SLOGCP  : virtual void LogPipeHandler::process(int): CP cp_5mode save log error [16(Device or resource busy)]
05-23 11:08:15.008   167   167 E SLOGCP  : int MediaStorage::check_quota(): data large: 10513904/10M
05-23 11:08:15.008   167   167 E SLOGCP  : virtual void LogPipeHandler::process(int): CP cp_5mode save log error [16(Device or resource busy)]
05-23 11:08:15.018   167   167 E SLOGCP  : int MediaStorage::check_quota(): data large: 10513904/10M
05-23 11:08:15.018   167   167 E SLOGCP  : virtual void LogPipeHandler::process(int): CP cp_5mode save log error [16(Device or resource busy)]
05-23 11:08:15.208   895   895 D dalvikvm: GC_EXPLICIT freed 1866K, 49% free 3707K/7212K, paused 4ms+2ms, total 38ms
05-23 11:08:15.488   167   167 E SLOGCP  : int MediaStorage::check_quota(): data large: 10513904/10M
05-23 11:08:15.488   167   167 E SLOGCP  : virtual void LogPipeHandler::process(int): CP cp_5mode save log error [16(Device or resource busy)]
05-23 11:08:15.588   592   975 D LIBGPS  : watchdog_open PowerState:GE2 CP SLEEP,readcount:0
05-23 11:08:16.770   167   167 E SLOGCP  : int MediaStorage::check_quota(): data large: 10513904/10M
05-23 11:08:16.770   167   167 E SLOGCP  : virtual void LogPipeHandler::process(int): CP cp_5mode save log error [16(Device or resource busy)]
05-23 11:08:17.590   592   975 D LIBGPS  : watchdog_open PowerState:GE2 CP SLEEP,readcount:0
05-23 11:08:18.051   167   167 E SLOGCP  : int MediaStorage::check_quota(): data large: 10513904/10M
05-23 11:08:18.051   167   167 E SLOGCP  : virtual void LogPipeHandler::process(int): CP cp_5mode save log error [16(Device or resource busy)]
05-23 11:08:19.582   592   975 D LIBGPS  : watchdog_open PowerState:GE2 CP SLEEP,readcount:0
05-23 11:08:19.963   167   167 E SLOGCP  : int MediaStorage::check_quota(): data large: 10513904/10M
05-23 11:08:19.963   167   167 E SLOGCP  : virtual void LogPipeHandler::process(int): CP cp_5mode save log error [16(Device or resource busy)]
05-23 11:08:20.363   784   784 D dalvikvm: GC_EXPLICIT freed 346K, 30% free 5040K/7112K, paused 13ms+3ms, total 178ms
05-23 11:08:21.254   167   167 E SLOGCP  : int MediaStorage::check_quota(): data large: 10513904/10M
05-23 11:08:21.254   167   167 E SLOGCP  : virtual void LogPipeHandler::process(int): CP cp_5mode save log error [16(Device or resource busy)]
05-23 11:08:21.584   592   975 D LIBGPS  : watchdog_open PowerState:GE2 CP SLEEP,readcount:0
05-23 11:08:22.535   167   167 E SLOGCP  : int MediaStorage::check_quota(): data large: 10513904/10M
05-23 11:08:22.535   167   167 E SLOGCP  : virtual void LogPipeHandler::process(int): CP cp_5mode save log error [16(Device or resource busy)]
05-23 11:08:23.586   592   975 D LIBGPS  : watchdog_open PowerState:GE2 CP SLEEP,readcount:0
05-23 11:08:24.467   167   167 E SLOGCP  : int MediaStorage::check_quota(): data large: 10513904/10M
05-23 11:08:24.467   167   167 E SLOGCP  : virtual void LogPipeHandler::process(int): CP cp_5mode save log error [16(Device or resource busy)]
05-23 11:08:24.887   174   265 I ThermalCvtGovernor: cpu sensor Sum: 2304445, cala times: 45
05-23 11:08:24.887   174   265 I ThermalCvtGovernor: cpu sensor average temp: 51209
05-23 11:08:24.887   174   265 I ThermalCvtGovernor: cpu sensor calTemp: 51209 tripTemp: 52000
05-23 11:08:24.887   174   265 I ThermalCvtGovernor: cpu sensor setLevel: 0, setTrip: 0
05-23 11:08:24.887   174   265 I ThermalManager: send event type=1, sensor=cpu sensor
05-23 11:08:24.887   174   174 I ThermalManager: received EVENT_TRIP, sensor=cpu sensor
05-23 11:08:24.887   174   174 I ThermalActionCommon: do,===>cpu, mArg:0,2,1250000, mFileNode:/sys/class/thermal/cooling_device0/cur_ctrl_param
05-23 11:08:24.898   174   174 I ThermalActionCommon: do,===>charge, mArg:0, mFileNode:/sys/class/power_supply/battery/chg_cool_state
05-23 11:08:24.898   174   174 I ThermalActionCommon: do,===>brightness, mArg:255, mFileNode:/sys/class/backlight/sprd_backlight/max_brightness
05-23 11:08:24.898   174   174 I ThermalActionCPTraceBack: PA_sensor has been turn off
05-23 11:08:25.268   820   820 D dalvikvm: GC_EXPLICIT freed 430K, 22% free 2620K/3320K, paused 11ms+6ms, total 84ms
05-23 11:08:25.308   820   828 W CursorWrapperInner: Cursor finalized without prior close()
05-23 11:08:25.308   592   832 D Settings: newValuesVersion = 35
05-23 11:08:25.318   592   832 D Settings: name = dropbox:system_app_strictmode, value = null
05-23 11:08:25.588   592   975 D LIBGPS  : watchdog_open PowerState:GE2 CP SLEEP,readcount:0
05-23 11:08:25.999   592   637 E AlarmManagerService: set alarm to 367.851000000
05-23 11:08:25.999   592   637 E AlarmManagerService: set alarm to 254.892000000
05-23 11:08:26.119   592   603 E AlarmManagerService: set alarm to 280.979000000
05-23 11:08:26.129   592   667 D Settings: newValuesVersion = 6
05-23 11:08:26.129   592   667 D Settings: mValues.get(name) = null
05-23 11:08:26.129   592   832 E AlarmManagerService: set alarm to 281.027000000
05-23 11:08:26.169   592   923 E AlarmManagerService: set alarm to 281.065000000
05-23 11:08:26.229  1564  1564 E PushClient_Watchdog: createDaemon | error
05-23 11:08:26.229  1564  1564 E PushClient_Watchdog: java.io.IOException: Error running exec(). Command: [/data/data/com.toycloud.cmccwatchsdk/lib/libcwatchdog.so, com.toycloud.cmccwatchsdk, com.toycloud.cmccwatchsdk/com.iflytek.pushclient.manager.PushService, com.iflytek.pushclient.manager.PushService.singelinstance, 0] Working Directory: null Environment: null
05-23 11:08:26.229  1564  1564 E PushClient_Watchdog: 	at java.lang.ProcessManager.exec(ProcessManager.java:211)
05-23 11:08:26.229  1564  1564 E PushClient_Watchdog: 	at java.lang.Runtime.exec(Runtime.java:173)
05-23 11:08:26.229  1564  1564 E PushClient_Watchdog: 	at java.lang.Runtime.exec(Runtime.java:128)
05-23 11:08:26.229  1564  1564 E PushClient_Watchdog: 	at com.iflytek.pushclient.a.d.a.a(Watchdog.java:102)
05-23 11:08:26.229  1564  1564 E PushClient_Watchdog: 	at com.iflytek.pushclient.a.d.a.b(Watchdog.java:114)
05-23 11:08:26.229  1564  1564 E PushClient_Watchdog: 	at com.iflytek.pushclient.a.j.f.u(PushSDK.java:572)
05-23 11:08:26.229  1564  1564 E PushClient_Watchdog: 	at com.iflytek.pushclient.a.j.f.d(PushSDK.java:558)
05-23 11:08:26.229  1564  1564 E PushClient_Watchdog: 	at com.iflytek.pushclient.manager.PushService.b(PushService.java:161)
05-23 11:08:26.229  1564  1564 E PushClient_Watchdog: 	at com.iflytek.pushclient.manager.PushService.onStartCommand(PushService.java:101)
05-23 11:08:26.229  1564  1564 E PushClient_Watchdog: 	at android.app.ActivityThread.handleServiceArgs(ActivityThread.java:2809)
05-23 11:08:26.229  1564  1564 E PushClient_Watchdog: 	at android.app.ActivityThread.access$2100(ActivityThread.java:151)
05-23 11:08:26.229  1564  1564 E PushClient_Watchdog: 	at android.app.ActivityThread$H.handleMessage(ActivityThread.java:1340)
05-23 11:08:26.229  1564  1564 E PushClient_Watchdog: 	at android.os.Handler.dispatchMessage(Handler.java:102)
05-23 11:08:26.229  1564  1564 E PushClient_Watchdog: 	at android.os.Looper.loop(Looper.java:136)
05-23 11:08:26.229  1564  1564 E PushClient_Watchdog: 	at android.app.ActivityThread.main(ActivityThread.java:5375)
05-23 11:08:26.229  1564  1564 E PushClient_Watchdog: 	at java.lang.reflect.Method.invokeNative(Native Method)
05-23 11:08:26.229  1564  1564 E PushClient_Watchdog: 	at java.lang.reflect.Method.invoke(Method.java:515)
05-23 11:08:26.229  1564  1564 E PushClient_Watchdog: 	at com.android.internal.os.ZygoteInit$MethodAndArgsCaller.run(ZygoteInit.java:976)
05-23 11:08:26.229  1564  1564 E PushClient_Watchdog: 	at com.android.internal.os.ZygoteInit.main(ZygoteInit.java:792)
05-23 11:08:26.229  1564  1564 E PushClient_Watchdog: 	at dalvik.system.NativeStart.main(Native Method)
05-23 11:08:26.229  1564  1564 E PushClient_Watchdog: Caused by: java.io.IOException: No such file or directory
05-23 11:08:26.229  1564  1564 E PushClient_Watchdog: 	at java.lang.ProcessManager.exec(Native Method)
05-23 11:08:26.229  1564  1564 E PushClient_Watchdog: 	at java.lang.ProcessManager.exec(ProcessManager.java:209)
05-23 11:08:26.229  1564  1564 E PushClient_Watchdog: 	... 19 more
05-23 11:08:26.379   167   167 E SLOGCP  : int MediaStorage::check_quota(): data large: 10513904/10M
05-23 11:08:26.379   167   167 E SLOGCP  : virtual void LogPipeHandler::process(int): CP cp_5mode save log error [16(Device or resource busy)]
05-23 11:08:26.879   174   265 I ThermalCvtGovernor: cpu sensor curTemp: 46663 tripTemp: 52000 setPollingDelay: 4000
05-23 11:08:27.590   592   975 D LIBGPS  : watchdog_open PowerState:GE2 CP SLEEP,readcount:0
05-23 11:08:27.650   167   167 E SLOGCP  : int MediaStorage::check_quota(): data large: 10513904/10M
05-23 11:08:27.650   167   167 E SLOGCP  : virtual void LogPipeHandler::process(int): CP cp_5mode save log error [16(Device or resource busy)]
05-23 11:08:29.182  1564  1564 D dalvikvm: GC_FOR_ALLOC freed 292K, 27% free 2445K/3316K, paused 36ms, total 37ms
05-23 11:08:29.202   167   167 E SLOGCP  : int MediaStorage::check_quota(): data large: 10513904/10M
05-23 11:08:29.202   167   167 E SLOGCP  : virtual void LogPipeHandler::process(int): CP cp_5mode save log error [16(Device or resource busy)]
05-23 11:08:29.252   167   167 E SLOGCP  : int MediaStorage::check_quota(): data large: 10513904/10M
05-23 11:08:29.252   167   167 E SLOGCP  : virtual void LogPipeHandler::process(int): CP cp_5mode save log error [16(Device or resource busy)]
05-23 11:08:29.302   167   167 E SLOGCP  : int MediaStorage::check_quota(): data large: 10513904/10M
05-23 11:08:29.302   167   167 E SLOGCP  : virtual void LogPipeHandler::process(int): CP cp_5mode save log error [16(Device or resource busy)]
05-23 11:08:29.322   167   167 E SLOGCP  : int MediaStorage::check_quota(): data large: 10513904/10M
05-23 11:08:29.322   167   167 E SLOGCP  : virtual void LogPipeHandler::process(int): CP cp_5mode save log error [16(Device or resource busy)]
05-23 11:08:29.372   167   167 E SLOGCP  : int MediaStorage::check_quota(): data large: 10513904/10M
05-23 11:08:29.372   167   167 E SLOGCP  : virtual void LogPipeHandler::process(int): CP cp_5mode save log error [16(Device or resource busy)]
05-23 11:08:29.422   167   167 E SLOGCP  : int MediaStorage::check_quota(): data large: 10513904/10M
05-23 11:08:29.422   167   167 E SLOGCP  : virtual void LogPipeHandler::process(int): CP cp_5mode save log error [16(Device or resource busy)]
05-23 11:08:29.492   167   167 E SLOGCP  : int MediaStorage::check_quota(): data large: 10513904/10M
05-23 11:08:29.492   167   167 E SLOGCP  : virtual void LogPipeHandler::process(int): CP cp_5mode save log error [16(Device or resource busy)]
05-23 11:08:29.572   167   167 E SLOGCP  : int MediaStorage::check_quota(): data large: 10513904/10M
05-23 11:08:29.572   167   167 E SLOGCP  : virtual void LogPipeHandler::process(int): CP cp_5mode save log error [16(Device or resource busy)]
05-23 11:08:29.582   592   975 D LIBGPS  : watchdog_open PowerState:GE2 CP SLEEP,readcount:0
05-23 11:08:30.002   167   167 E SLOGCP  : int MediaStorage::check_quota(): data large: 10513904/10M
05-23 11:08:30.002   167   167 E SLOGCP  : virtual void LogPipeHandler::process(int): CP cp_5mode save log error [16(Device or resource busy)]
05-23 11:08:30.063   167   167 E SLOGCP  : int MediaStorage::check_quota(): data large: 10513904/10M
05-23 11:08:30.063   167   167 E SLOGCP  : virtual void LogPipeHandler::process(int): CP cp_5mode save log error [16(Device or resource busy)]
05-23 11:08:30.113   167   167 E SLOGCP  : int MediaStorage::check_quota(): data large: 10513904/10M
05-23 11:08:30.113   167   167 E SLOGCP  : virtual void LogPipeHandler::process(int): CP cp_5mode save log error [16(Device or resource busy)]
05-23 11:08:30.173   167   167 E SLOGCP  : int MediaStorage::check_quota(): data large: 10513904/10M
05-23 11:08:30.173   167   167 E SLOGCP  : virtual void LogPipeHandler::process(int): CP cp_5mode save log error [16(Device or resource busy)]
05-23 11:08:30.223   167   167 E SLOGCP  : int MediaStorage::check_quota(): data large: 10513904/10M
05-23 11:08:30.223   167   167 E SLOGCP  : virtual void LogPipeHandler::process(int): CP cp_5mode save log error [16(Device or resource busy)]
05-23 11:08:30.273   167   167 E SLOGCP  : int MediaStorage::check_quota(): data large: 10513904/10M
05-23 11:08:30.273   167   167 E SLOGCP  : virtual void LogPipeHandler::process(int): CP cp_5mode save log error [16(Device or resource busy)]
05-23 11:08:30.323   592  2147 D Settings: newValuesVersion = 35
05-23 11:08:30.323   592  2147 D Settings: mValues.get(name) = null
05-23 11:08:30.323   592  2147 D Settings: newValuesVersion = 35
05-23 11:08:30.323   592  2147 D Settings: mValues.get(name) = null
05-23 11:08:30.323   592  2147 D Settings: newValuesVersion = 35
05-23 11:08:30.323   592  2147 D Settings: mValues.get(name) = null
05-23 11:08:30.323   592  2147 D Settings: newValuesVersion = 35
05-23 11:08:30.323   592  2147 D Settings: mValues.get(name) = null
05-23 11:08:30.323   592  2147 D Settings: newValuesVersion = 35
05-23 11:08:30.323   592  2147 D Settings: mValues.get(name) = null
05-23 11:08:30.323   592  2147 D Settings: newValuesVersion = 35
05-23 11:08:30.323   592  2147 D Settings: mValues.get(name) = null
05-23 11:08:30.333   167   167 E SLOGCP  : int MediaStorage::check_quota(): data large: 10513904/10M
05-23 11:08:30.333   167   167 E SLOGCP  : virtual void LogPipeHandler::process(int): CP cp_5mode save log error [16(Device or resource busy)]
05-23 11:08:30.413   167   167 E SLOGCP  : int MediaStorage::check_quota(): data large: 10513904/10M
05-23 11:08:30.413   167   167 E SLOGCP  : virtual void LogPipeHandler::process(int): CP cp_5mode save log error [16(Device or resource busy)]
05-23 11:08:30.483   167   167 E SLOGCP  : int MediaStorage::check_quota(): data large: 10513904/10M
05-23 11:08:30.483   167   167 E SLOGCP  : virtual void LogPipeHandler::process(int): CP cp_5mode save log error [16(Device or resource busy)]
05-23 11:08:30.813   167   167 E SLOGCP  : int MediaStorage::check_quota(): data large: 10513904/10M
05-23 11:08:30.813   167   167 E SLOGCP  : virtual void LogPipeHandler::process(int): CP cp_5mode save log error [16(Device or resource busy)]
05-23 11:08:30.973   167   167 E SLOGCP  : int MediaStorage::check_quota(): data large: 10513904/10M
05-23 11:08:30.973   167   167 E SLOGCP  : virtual void LogPipeHandler::process(int): CP cp_5mode save log error [16(Device or resource busy)]
05-23 11:08:31.044   167   167 E SLOGCP  : int MediaStorage::check_quota(): data large: 10513904/10M
05-23 11:08:31.044   167   167 E SLOGCP  : virtual void LogPipeHandler::process(int): CP cp_5mode save log error [16(Device or resource busy)]
05-23 11:08:31.104   167   167 E SLOGCP  : int MediaStorage::check_quota(): data large: 10513904/10M
05-23 11:08:31.104   167   167 E SLOGCP  : virtual void LogPipeHandler::process(int): CP cp_5mode save log error [16(Device or resource busy)]
05-23 11:08:31.244   926   926 D LauncherApplication: onLowMemory
05-23 11:08:31.304   167   167 E SLOGCP  : int MediaStorage::check_quota(): data large: 10513904/10M
05-23 11:08:31.304   167   167 E SLOGCP  : virtual void LogPipeHandler::process(int): CP cp_5mode save log error [16(Device or resource busy)]
05-23 11:08:31.324   926   926 D dalvikvm: GC_EXPLICIT freed 449K, 23% free 6410K/8232K, paused 4ms+9ms, total 66ms
05-23 11:08:31.354   167   167 E SLOGCP  : int MediaStorage::check_quota(): data large: 10513904/10M
05-23 11:08:31.354   167   167 E SLOGCP  : virtual void LogPipeHandler::process(int): CP cp_5mode save log error [16(Device or resource busy)]
05-23 11:08:31.404   167   167 E SLOGCP  : int MediaStorage::check_quota(): data large: 10513904/10M
05-23 11:08:31.404   167   167 E SLOGCP  : virtual void LogPipeHandler::process(int): CP cp_5mode save log error [16(Device or resource busy)]
05-23 11:08:31.464   167   167 E SLOGCP  : int MediaStorage::check_quota(): data large: 10513904/10M
05-23 11:08:31.464   167   167 E SLOGCP  : virtual void LogPipeHandler::process(int): CP cp_5mode save log error [16(Device or resource busy)]
05-23 11:08:31.514   167   167 E SLOGCP  : int MediaStorage::check_quota(): data large: 10513904/10M
05-23 11:08:31.524   167   167 E SLOGCP  : virtual void LogPipeHandler::process(int): CP cp_5mode save log error [16(Device or resource busy)]
05-23 11:08:31.584   592   975 D LIBGPS  : watchdog_open PowerState:GE2 CP SLEEP,readcount:0
05-23 11:08:31.594   167   167 E SLOGCP  : int MediaStorage::check_quota(): data large: 10513904/10M
05-23 11:08:31.594   167   167 E SLOGCP  : virtual void LogPipeHandler::process(int): CP cp_5mode save log error [16(Device or resource busy)]
05-23 11:08:31.924   167   167 E SLOGCP  : int MediaStorage::check_quota(): data large: 10513904/10M
05-23 11:08:31.924   167   167 E SLOGCP  : virtual void LogPipeHandler::process(int): CP cp_5mode save log error [16(Device or resource busy)]
05-23 11:08:31.974   167   167 E SLOGCP  : int MediaStorage::check_quota(): data large: 10513904/10M
05-23 11:08:31.974   167   167 E SLOGCP  : virtual void LogPipeHandler::process(int): CP cp_5mode save log error [16(Device or resource busy)]
05-23 11:08:32.044   167   167 E SLOGCP  : int MediaStorage::check_quota(): data large: 10513904/10M
05-23 11:08:32.044   167   167 E SLOGCP  : virtual void LogPipeHandler::process(int): CP cp_5mode save log error [16(Device or resource busy)]
05-23 11:08:32.095   167   167 E SLOGCP  : int MediaStorage::check_quota(): data large: 10513904/10M
05-23 11:08:32.095   167   167 E SLOGCP  : virtual void LogPipeHandler::process(int): CP cp_5mode save log error [16(Device or resource busy)]
05-23 11:08:32.265   167   167 E SLOGCP  : int MediaStorage::check_quota(): data large: 10513904/10M
05-23 11:08:32.265   167   167 E SLOGCP  : virtual void LogPipeHandler::process(int): CP cp_5mode save log error [16(Device or resource busy)]
05-23 11:08:32.325   167   167 E SLOGCP  : int MediaStorage::check_quota(): data large: 10513904/10M
05-23 11:08:32.325   167   167 E SLOGCP  : virtual void LogPipeHandler::process(int): CP cp_5mode save log error [16(Device or resource busy)]
05-23 11:08:32.395   167   167 E SLOGCP  : int MediaStorage::check_quota(): data large: 10513904/10M
05-23 11:08:32.395   167   167 E SLOGCP  : virtual void LogPipeHandler::process(int): CP cp_5mode save log error [16(Device or resource busy)]
05-23 11:08:32.455   167   167 E SLOGCP  : int MediaStorage::check_quota(): data large: 10513904/10M
05-23 11:08:32.455   167   167 E SLOGCP  : virtual void LogPipeHandler::process(int): CP cp_5mode save log error [16(Device or resource busy)]
05-23 11:08:32.725   167   167 E SLOGCP  : int MediaStorage::check_quota(): data large: 10513904/10M
05-23 11:08:32.725   167   167 E SLOGCP  : virtual void LogPipeHandler::process(int): CP cp_5mode save log error [16(Device or resource busy)]
05-23 11:08:32.775   167   167 E SLOGCP  : int MediaStorage::check_quota(): data large: 10513904/10M
05-23 11:08:32.775   167   167 E SLOGCP  : virtual void LogPipeHandler::process(int): CP cp_5mode save log error [16(Device or resource busy)]
05-23 11:08:32.845   167   167 E SLOGCP  : int MediaStorage::check_quota(): data large: 10513904/10M
05-23 11:08:32.845   167   167 E SLOGCP  : virtual void LogPipeHandler::process(int): CP cp_5mode save log error [16(Device or resource busy)]
05-23 11:08:33.045   167   167 E SLOGCP  : int MediaStorage::check_quota(): data large: 10513904/10M
05-23 11:08:33.045   167   167 E SLOGCP  : virtual void LogPipeHandler::process(int): CP cp_5mode save log error [16(Device or resource busy)]
05-23 11:08:33.376   167   167 E SLOGCP  : int MediaStorage::check_quota(): data large: 10513904/10M
05-23 11:08:33.376   167   167 E SLOGCP  : virtual void LogPipeHandler::process(int): CP cp_5mode save log error [16(Device or resource busy)]
05-23 11:08:33.416   167   167 E SLOGCP  : int MediaStorage::check_quota(): data large: 10513904/10M
05-23 11:08:33.416   167   167 E SLOGCP  : virtual void LogPipeHandler::process(int): CP cp_5mode save log error [16(Device or resource busy)]
05-23 11:08:33.496   167   167 E SLOGCP  : int MediaStorage::check_quota(): data large: 10513904/10M
05-23 11:08:33.496   167   167 E SLOGCP  : virtual void LogPipeHandler::process(int): CP cp_5mode save log error [16(Device or resource busy)]
05-23 11:08:33.586   592   975 D LIBGPS  : watchdog_open PowerState:GE2 CP SLEEP,readcount:0
05-23 11:08:33.686   167   167 E SLOGCP  : int MediaStorage::check_quota(): data large: 10513904/10M
05-23 11:08:33.686   167   167 E SLOGCP  : virtual void LogPipeHandler::process(int): CP cp_5mode save log error [16(Device or resource busy)]
05-23 11:08:33.876   167   167 E SLOGCP  : int MediaStorage::check_quota(): data large: 10513904/10M
05-23 11:08:33.876   167   167 E SLOGCP  : virtual void LogPipeHandler::process(int): CP cp_5mode save log error [16(Device or resource busy)]
05-23 11:08:33.926   167   167 E SLOGCP  : int MediaStorage::check_quota(): data large: 10513904/10M
05-23 11:08:33.926   167   167 E SLOGCP  : virtual void LogPipeHandler::process(int): CP cp_5mode save log error [16(Device or resource busy)]
05-23 11:08:34.006   167   167 E SLOGCP  : int MediaStorage::check_quota(): data large: 10513904/10M
05-23 11:08:34.006   167   167 E SLOGCP  : virtual void LogPipeHandler::process(int): CP cp_5mode save log error [16(Device or resource busy)]
05-23 11:08:34.327   167   167 E SLOGCP  : int MediaStorage::check_quota(): data large: 10513904/10M
05-23 11:08:34.327   167   167 E SLOGCP  : virtual void LogPipeHandler::process(int): CP cp_5mode save log error [16(Device or resource busy)]
05-23 11:08:34.507   167   167 E SLOGCP  : int MediaStorage::check_quota(): data large: 10513904/10M
05-23 11:08:34.507   167   167 E SLOGCP  : virtual void LogPipeHandler::process(int): CP cp_5mode save log error [16(Device or resource busy)]
05-23 11:08:34.567   167   167 E SLOGCP  : int MediaStorage::check_quota(): data large: 10513904/10M
05-23 11:08:34.567   167   167 E SLOGCP  : virtual void LogPipeHandler::process(int): CP cp_5mode save log error [16(Device or resource busy)]
05-23 11:08:34.627   167   167 E SLOGCP  : int MediaStorage::check_quota(): data large: 10513904/10M
05-23 11:08:34.627   167   167 E SLOGCP  : virtual void LogPipeHandler::process(int): CP cp_5mode save log error [16(Device or resource busy)]
05-23 11:08:34.817   167   167 E SLOGCP  : int MediaStorage::check_quota(): data large: 10513904/10M
05-23 11:08:34.817   167   167 E SLOGCP  : virtual void LogPipeHandler::process(int): CP cp_5mode save log error [16(Device or resource busy)]
05-23 11:08:34.867   167   167 E SLOGCP  : int MediaStorage::check_quota(): data large: 10513904/10M
05-23 11:08:34.867   167   167 E SLOGCP  : virtual void LogPipeHandler::process(int): CP cp_5mode save log error [16(Device or resource busy)]
05-23 11:08:34.887   174   265 I ThermalCvtGovernor: cpu sensor curTemp: 48079 tripTemp: 52000 setPollingDelay: 2000
05-23 11:08:34.937   167   167 E SLOGCP  : int MediaStorage::check_quota(): data large: 10513904/10M
05-23 11:08:34.937   167   167 E SLOGCP  : virtual void LogPipeHandler::process(int): CP cp_5mode save log error [16(Device or resource busy)]
05-23 11:08:35.127   167   167 E SLOGCP  : int MediaStorage::check_quota(): data large: 10513904/10M
05-23 11:08:35.127   167   167 E SLOGCP  : virtual void LogPipeHandler::process(int): CP cp_5mode save log error [16(Device or resource busy)]
05-23 11:08:35.448   167   167 E SLOGCP  : int MediaStorage::check_quota(): data large: 10513904/10M
05-23 11:08:35.448   167   167 E SLOGCP  : virtual void LogPipeHandler::process(int): CP cp_5mode save log error [16(Device or resource busy)]
05-23 11:08:35.488   167   167 E SLOGCP  : int MediaStorage::check_quota(): data large: 10513904/10M
05-23 11:08:35.488   167   167 E SLOGCP  : virtual void LogPipeHandler::process(int): CP cp_5mode save log error [16(Device or resource busy)]
05-23 11:08:35.568   167   167 E SLOGCP  : int MediaStorage::check_quota(): data large: 10513904/10M
05-23 11:08:35.568   167   167 E SLOGCP  : virtual void LogPipeHandler::process(int): CP cp_5mode save log error [16(Device or resource busy)]
05-23 11:08:35.578   592   975 D LIBGPS  : watchdog_open PowerState:GE2 CP SLEEP,readcount:0
05-23 11:08:35.608   167   167 E SLOGCP  : int MediaStorage::check_quota(): data large: 10513904/10M
05-23 11:08:35.608   167   167 E SLOGCP  : virtual void LogPipeHandler::process(int): CP cp_5mode save log error [16(Device or resource busy)]
05-23 11:08:35.808   167   167 E SLOGCP  : int MediaStorage::check_quota(): data large: 10513904/10M
05-23 11:08:35.808   167   167 E SLOGCP  : virtual void LogPipeHandler::process(int): CP cp_5mode save log error [16(Device or resource busy)]
05-23 11:08:35.868   167   167 E SLOGCP  : int MediaStorage::check_quota(): data large: 10513904/10M
05-23 11:08:35.868   167   167 E SLOGCP  : virtual void LogPipeHandler::process(int): CP cp_5mode save log error [16(Device or resource busy)]
05-23 11:08:35.958   167   167 E SLOGCP  : int MediaStorage::check_quota(): data large: 10513904/10M
05-23 11:08:35.958   167   167 E SLOGCP  : virtual void LogPipeHandler::process(int): CP cp_5mode save log error [16(Device or resource busy)]
05-23 11:08:36.339   976   976 D dalvikvm: GC_EXPLICIT freed 240K, 26% free 2415K/3256K, paused 9ms+6ms, total 72ms
05-23 11:08:36.399   167   167 E SLOGCP  : int MediaStorage::check_quota(): data large: 10513904/10M
05-23 11:08:36.399   167   167 E SLOGCP  : virtual void LogPipeHandler::process(int): CP cp_5mode save log error [16(Device or resource busy)]
05-23 11:08:36.439   167   167 E SLOGCP  : int MediaStorage::check_quota(): data large: 10513904/10M
05-23 11:08:36.439   167   167 E SLOGCP  : virtual void LogPipeHandler::process(int): CP cp_5mode save log error [16(Device or resource busy)]
05-23 11:08:36.489   167   167 E SLOGCP  : int MediaStorage::check_quota(): data large: 10513904/10M
05-23 11:08:36.489   167   167 E SLOGCP  : virtual void LogPipeHandler::process(int): CP cp_5mode save log error [16(Device or resource busy)]
05-23 11:08:36.569   167   167 E SLOGCP  : int MediaStorage::check_quota(): data large: 10513904/10M
05-23 11:08:36.569   167   167 E SLOGCP  : virtual void LogPipeHandler::process(int): CP cp_5mode save log error [16(Device or resource busy)]
05-23 11:08:36.879   174   265 I ThermalCvtGovernor: cpu sensor curTemp: 46663 tripTemp: 52000 setPollingDelay: 4000
05-23 11:08:36.879   167   167 E SLOGCP  : int MediaStorage::check_quota(): data large: 10513904/10M
05-23 11:08:36.879   167   167 E SLOGCP  : virtual void LogPipeHandler::process(int): CP cp_5mode save log error [16(Device or resource busy)]
05-23 11:08:36.909   218   218 D collect_apr: XmlStorage::handleEvent()
05-23 11:08:36.909   218   218 D collect_apr: /data/sprdinfo/apr.xml file is created
05-23 11:08:37.069   167   167 E SLOGCP  : int MediaStorage::check_quota(): data large: 10513904/10M
05-23 11:08:37.069   167   167 E SLOGCP  : virtual void LogPipeHandler::process(int): CP cp_5mode save log error [16(Device or resource busy)]
05-23 11:08:37.139   167   167 E SLOGCP  : int MediaStorage::check_quota(): data large: 10513904/10M
05-23 11:08:37.139   167   167 E SLOGCP  : virtual void LogPipeHandler::process(int): CP cp_5mode save log error [16(Device or resource busy)]
05-23 11:08:37.189   167   167 E SLOGCP  : int MediaStorage::check_quota(): data large: 10513904/10M
05-23 11:08:37.189   167   167 E SLOGCP  : virtual void LogPipeHandler::process(int): CP cp_5mode save log error [16(Device or resource busy)]
05-23 11:08:37.520   167   167 E SLOGCP  : int MediaStorage::check_quota(): data large: 10513904/10M
05-23 11:08:37.520   167   167 E SLOGCP  : virtual void LogPipeHandler::process(int): CP cp_5mode save log error [16(Device or resource busy)]
05-23 11:08:37.590   592   975 D LIBGPS  : watchdog_open PowerState:GE2 CP SLEEP,readcount:0
05-23 11:08:37.690   167   167 E SLOGCP  : int MediaStorage::check_quota(): data large: 10513904/10M
05-23 11:08:37.690   167   167 E SLOGCP  : virtual void LogPipeHandler::process(int): CP cp_5mode save log error [16(Device or resource busy)]
05-23 11:08:37.760   167   167 E SLOGCP  : int MediaStorage::check_quota(): data large: 10513904/10M
05-23 11:08:37.760   167   167 E SLOGCP  : virtual void LogPipeHandler::process(int): CP cp_5mode save log error [16(Device or resource busy)]
05-23 11:08:37.820   167   167 E SLOGCP  : int MediaStorage::check_quota(): data large: 10513904/10M
05-23 11:08:37.820   167   167 E SLOGCP  : virtual void LogPipeHandler::process(int): CP cp_5mode save log error [16(Device or resource busy)]
05-23 11:08:38.010   167   167 E SLOGCP  : int MediaStorage::check_quota(): data large: 10513904/10M
05-23 11:08:38.010   167   167 E SLOGCP  : virtual void LogPipeHandler::process(int): CP cp_5mode save log error [16(Device or resource busy)]
05-23 11:08:38.341   167   167 E SLOGCP  : int MediaStorage::check_quota(): data large: 10513904/10M
05-23 11:08:38.341   167   167 E SLOGCP  : virtual void LogPipeHandler::process(int): CP cp_5mode save log error [16(Device or resource busy)]
05-23 11:08:38.391   167   167 E SLOGCP  : int MediaStorage::check_quota(): data large: 10513904/10M
05-23 11:08:38.391   167   167 E SLOGCP  : virtual void LogPipeHandler::process(int): CP cp_5mode save log error [16(Device or resource busy)]
05-23 11:08:38.471   167   167 E SLOGCP  : int MediaStorage::check_quota(): data large: 10513904/10M
05-23 11:08:38.471   167   167 E SLOGCP  : virtual void LogPipeHandler::process(int): CP cp_5mode save log error [16(Device or resource busy)]
05-23 11:08:38.651   167   167 E SLOGCP  : int MediaStorage::check_quota(): data large: 10513904/10M
05-23 11:08:38.651   167   167 E SLOGCP  : virtual void LogPipeHandler::process(int): CP cp_5mode save log error [16(Device or resource busy)]
05-23 11:08:38.831   167   167 E SLOGCP  : int MediaStorage::check_quota(): data large: 10513904/10M
05-23 11:08:38.831   167   167 E SLOGCP  : virtual void LogPipeHandler::process(int): CP cp_5mode save log error [16(Device or resource busy)]
05-23 11:08:38.881   167   167 E SLOGCP  : int MediaStorage::check_quota(): data large: 10513904/10M
05-23 11:08:38.881   167   167 E SLOGCP  : virtual void LogPipeHandler::process(int): CP cp_5mode save log error [16(Device or resource busy)]
05-23 11:08:38.961   167   167 E SLOGCP  : int MediaStorage::check_quota(): data large: 10513904/10M
05-23 11:08:38.961   167   167 E SLOGCP  : virtual void LogPipeHandler::process(int): CP cp_5mode save log error [16(Device or resource busy)]
05-23 11:08:39.282   167   167 E SLOGCP  : int MediaStorage::check_quota(): data large: 10513904/10M
05-23 11:08:39.282   167   167 E SLOGCP  : virtual void LogPipeHandler::process(int): CP cp_5mode save log error [16(Device or resource busy)]
05-23 11:08:39.472   167   167 E SLOGCP  : int MediaStorage::check_quota(): data large: 10513904/10M
05-23 11:08:39.472   167   167 E SLOGCP  : virtual void LogPipeHandler::process(int): CP cp_5mode save log error [16(Device or resource busy)]
05-23 11:08:39.532   167   167 E SLOGCP  : int MediaStorage::check_quota(): data large: 10513904/10M
05-23 11:08:39.532   167   167 E SLOGCP  : virtual void LogPipeHandler::process(int): CP cp_5mode save log error [16(Device or resource busy)]
05-23 11:08:39.592   167   167 E SLOGCP  : int MediaStorage::check_quota(): data large: 10513904/10M
05-23 11:08:39.592   167   167 E SLOGCP  : virtual void LogPipeHandler::process(int): CP cp_5mode save log error [16(Device or resource busy)]
05-23 11:08:39.592   592   975 D LIBGPS  : watchdog_open PowerState:GE2 CP SLEEP,readcount:0
05-23 11:08:39.812   167   167 E SLOGCP  : int MediaStorage::check_quota(): data large: 10513904/10M
05-23 11:08:39.812   167   167 E SLOGCP  : virtual void LogPipeHandler::process(int): CP cp_5mode save log error [16(Device or resource busy)]
05-23 11:08:39.992   180   324 D ENGPC   : parse_event: event { 'change', '/devices/sprd_battery.17/power_supply/battery', 'power_supply', '' }
05-23 11:08:39.992   271   278 D ENGPC   : parse_event: event { 'change', '/devices/sprd_battery.17/power_supply/battery', 'power_supply', '' }
05-23 11:08:39.992   174   267 I ThermalChargeDetect: charge status: Full
05-23 11:08:39.992   174   267 I ThermalChargeDetect: send EVENT_CHGDIS
05-23 11:08:39.992   174   267 I ThermalManager: send 0x80, sensor=cpu sensor
05-23 11:08:40.002   174   174 I ThermalManager: received EVENT_CHGDIS, sensor=cpu sensor, ChgEnCnt=1
05-23 11:08:40.002   174   174 I ThermalActionCommon: charge setEnable: 0!
05-23 11:08:40.002   174   174 I ThermalActionCommon: charge_cur setEnable: 0!
05-23 11:08:40.002   174   174 I ThermalActionCommon: charge setEnable: 0!
05-23 11:08:40.002   174   174 I ThermalActionCommon: charge_cur setEnable: 0!
05-23 11:08:40.002   174   174 I ThermalActionCommon: charge setEnable: 0!
05-23 11:08:40.062   673   673 D KeyguardUpdateMonitor: received broadcast android.intent.action.BATTERY_CHANGED
05-23 11:08:40.062   673   673 D KeyguardUpdateMonitor: handleBatteryUpdate
05-23 11:08:40.072  1624  1624 D SprdUsbSettings: plugType = 2
05-23 11:08:40.092   167   167 E SLOGCP  : int MediaStorage::check_quota(): data large: 10513904/10M
05-23 11:08:40.092   167   167 E SLOGCP  : virtual void LogPipeHandler::process(int): CP cp_5mode save log error [16(Device or resource busy)]
05-23 11:08:40.112   673   673 I StatusBar.BatteryController: 1.battery level = 100,status = 5
05-23 11:08:40.152   167   167 E SLOGCP  : int MediaStorage::check_quota(): data large: 10513904/10M
