05-23 11:11:36.935   218   218 D collect_apr: XmlStorage::handleEvent()
05-23 11:11:36.935   218   218 D collect_apr: /data/sprdinfo/apr.xml file is created
05-23 11:11:37.095   167   167 E SLOGCP  : int MediaStorage::check_quota(): data large: 10513904/10M
05-23 11:11:37.095   167   167 E SLOGCP  : virtual void LogPipeHandler::process(int): CP cp_5mode save log error [16(Device or resource busy)]
05-23 11:11:37.616   592   975 D LIBGPS  : watchdog_open PowerState:GE2 CP SLEEP,readcount:0
05-23 11:11:39.017   167   167 E SLOGCP  : int MediaStorage::check_quota(): data large: 10513904/10M
05-23 11:11:39.017   167   167 E SLOGCP  : virtual void LogPipeHandler::process(int): CP cp_5mode save log error [16(Device or resource busy)]
05-23 11:11:39.617   592   975 D LIBGPS  : watchdog_open PowerState:GE2 CP SLEEP,readcount:0
05-23 11:11:40.218   883   883 D dalvikvm: GC_EXPLICIT freed 1794K, 50% free 3712K/7304K, paused 3ms+2ms, total 36ms
05-23 11:11:40.308   167   167 E SLOGCP  : int MediaStorage::check_quota(): data large: 10513904/10M
05-23 11:11:40.308   167   167 E SLOGCP  : virtual void LogPipeHandler::process(int): CP cp_5mode save log error [16(Device or resource busy)]
05-23 11:11:41.609   592   975 D LIBGPS  : watchdog_open PowerState:GE2 CP SLEEP,readcount:0
05-23 11:11:42.210   167   167 E SLOGCP  : int MediaStorage::check_quota(): data large: 10513904/10M
05-23 11:11:42.210   167   167 E SLOGCP  : virtual void LogPipeHandler::process(int): CP cp_5mode save log error [16(Device or resource busy)]
05-23 11:11:43.491   167   167 E SLOGCP  : int MediaStorage::check_quota(): data large: 10513904/10M
05-23 11:11:43.491   167   167 E SLOGCP  : virtual void LogPipeHandler::process(int): CP cp_5mode save log error [16(Device or resource busy)]
05-23 11:11:43.611   592   975 D LIBGPS  : watchdog_open PowerState:GE2 CP SLEEP,readcount:0
05-23 11:11:45.223   895   895 D dalvikvm: GC_EXPLICIT freed 1797K, 66% free 3712K/10828K, paused 3ms+4ms, total 38ms
05-23 11:11:45.413   167   167 E SLOGCP  : int MediaStorage::check_quota(): data large: 10513904/10M
05-23 11:11:45.413   167   167 E SLOGCP  : virtual void LogPipeHandler::process(int): CP cp_5mode save log error [16(Device or resource busy)]
05-23 11:11:45.613   592   975 D LIBGPS  : watchdog_open PowerState:GE2 CP SLEEP,readcount:0
05-23 11:11:46.704   167   167 E SLOGCP  : int MediaStorage::check_quota(): data large: 10513904/10M
05-23 11:11:46.704   167   167 E SLOGCP  : virtual void LogPipeHandler::process(int): CP cp_5mode save log error [16(Device or resource busy)]
05-23 11:11:47.615   592   975 D LIBGPS  : watchdog_open PowerState:GE2 CP SLEEP,readcount:0
05-23 11:11:49.257   167   167 E SLOGCP  : int MediaStorage::check_quota(): data large: 10513904/10M
05-23 11:11:49.257   167   167 E SLOGCP  : virtual void LogPipeHandler::process(int): CP cp_5mode save log error [16(Device or resource busy)]
05-23 11:11:49.617   592   975 D LIBGPS  : watchdog_open PowerState:GE2 CP SLEEP,readcount:0
05-23 11:11:50.368   784   784 D dalvikvm: GC_EXPLICIT freed 4K, 30% free 5036K/7112K, paused 21ms+2ms, total 173ms
05-23 11:11:50.398   160   425 V AudioFlinger: 1261 died, releasing its sessions
05-23 11:11:50.398   160   425 V AudioFlinger:  pid 1261 @ 0
05-23 11:11:50.398   160   425 V AudioFlinger:  removing entry for pid 1261 session 6
05-23 11:11:50.398   160   425 V AudioFlinger:  pid 673 @ 0
05-23 11:11:50.398   160   425 V AudioFlinger: purging stale effects
05-23 11:11:50.538   167   167 E SLOGCP  : int MediaStorage::check_quota(): data large: 10513904/10M
05-23 11:11:50.538   167   167 E SLOGCP  : virtual void LogPipeHandler::process(int): CP cp_5mode save log error [16(Device or resource busy)]
05-23 11:11:51.609   592   975 D LIBGPS  : watchdog_open PowerState:GE2 CP SLEEP,readcount:0
05-23 11:11:51.749  2256  2256 D TihoSmsIndicationApplication: application oncreate
05-23 11:11:51.749  2256  2256 D 111111  : application oncreate
05-23 11:11:51.769  2256  2256 D 111111  : System.loadLibrar
05-23 11:11:51.799  2256  2256 I Emulator: call native_create tid=1
05-23 11:11:51.799  2256  2256 I Heroid  : native_create env=0x41b86100, tid=1074352468
05-23 11:11:51.819   167   167 E SLOGCP  : int MediaStorage::check_quota(): data large: 10513904/10M
05-23 11:11:51.819   167   167 E SLOGCP  : virtual void LogPipeHandler::process(int): CP cp_5mode save log error [16(Device or resource busy)]
05-23 11:11:51.859  2256  2256 D Heroid  : read tsf from assets SUC!
05-23 11:11:51.859  2256  2256 I Heroid  : checkdir /mnt/sdcard/
05-23 11:11:51.859  2256  2256 I Heroid  : checkdir /mnt/sdcard/heroad/
05-23 11:11:51.859  2256  2256 I Heroid  : checkdir /mnt/sdcard/heroad/.disk/
05-23 11:11:51.859  2256  2256 I Heroid  : checkdir /mnt/sdcard/heroad/.disk/a/
05-23 11:11:51.859  2256  2256 I Heroid  : checkdir /mnt/sdcard/heroad/.disk/b/
05-23 11:11:51.859  2256  2256 I Heroid  : checkdir /mnt/sdcard/heroad/.disk/a/heroad/
05-23 11:11:51.869  2256  2256 D Emulator: manufact str=sprd
05-23 11:11:51.869  2256  2256 D Emulator: model str=bestsonnyb1
05-23 11:11:51.869  2256  2256 D heroid  : getNetworkID str=460004702156121
05-23 11:11:51.889   592   832 D Settings: newValuesVersion = 6
05-23 11:11:51.889   592   832 D Settings: mValues.get(name) = null
05-23 11:11:51.909  2256  2256 D dalvikvm: GC_FOR_ALLOC freed 447K, 22% free 2214K/2836K, paused 10ms, total 10ms
05-23 11:11:51.919  2256  2256 D heroid  : getNetworkType is NET.
05-23 11:11:51.919  2256  2256 E MediaPlayer: Java MediaPlayer currentThread is 1
05-23 11:11:51.939  2256  2256 D MediaPlayer: create mTimeProvider hashcode is 1105033496
05-23 11:11:51.950  2256  2256 V MediaPlayer: constructor
05-23 11:11:51.950   160   665 V AudioFlinger: registerClient() client 0xb72290f0, pid 2256
05-23 11:11:51.950   160   665 V AudioFlinger: sendIoConfigEvent() num events 1 event 0, param 0
05-23 11:11:51.950   160   421 V AudioFlinger: thread 0xb50ef008 type 0 TID 421 waking up
05-23 11:11:51.950   160   666 V AudioFlinger: acquiring 8 from 2256
05-23 11:11:51.960   160   666 V AudioFlinger:  added new entry for 8
05-23 11:11:51.960  2256  2256 V MediaPlayer: setListener
05-23 11:11:51.960   160   421 V AudioFlinger: acquireWakeLock_l() AudioOut_2 status 0
05-23 11:11:51.960   160   421 V AudioFlinger: processConfigEvents() remaining events 1
05-23 11:11:51.960   160   421 V AudioFlinger: PlaybackThread::audioConfigChanged_l, thread 0xb50ef008, event 0, param 0
05-23 11:11:51.970   160   421 V AudioFlinger: acquireWakeLock_l() AudioOut_2 status 0
05-23 11:11:52.020  2256  2256 W Environment: 1 sdcard state mounted
05-23 11:11:52.020  2256  2256 E EmuPath : setSDPath: input error!
05-23 11:11:52.020  2256  2256 I Heroid  : old heropath heroad/
05-23 11:11:52.020  2256  2256 I Heroid  : new heropath heroEngine/dx/
05-23 11:11:52.020  2256  2256 I EmuPath : heroad path has change to: heroEngine/dx/
05-23 11:11:52.020  2256  2256 I EmuPath : sd path = /storage/sdcard0/
05-23 11:11:52.020  2256  2256 I EmuPath : heroad path = heroEngine/dx/
05-23 11:11:52.190  2256  2256 D Shell   : saveVersion = 3 assetsVersion = 3
05-23 11:11:52.190  2256  2256 I Shell   : Blocking on lock /data/data/com.tihomobi.sms.indication/dex_cache/MultiDex.lock
05-23 11:11:52.190  2256  2256 I Shell   : /data/data/com.tihomobi.sms.indication/dex_cache/MultiDex.lock locked
05-23 11:11:52.190  2256  2256 I Shell   : Detected that extraction must be performed.
05-23 11:11:52.200  2256  2256 I Shell   : Extraction is needed for file /data/data/com.tihomobi.sms.indication/dex_cache/base2.zip
05-23 11:11:52.200  2256  2256 I Shell   : Extracting /data/data/com.tihomobi.sms.indication/dex_cache/base2962994124.zip
05-23 11:11:52.250  2256  2256 I Shell   : Renaming to /data/data/com.tihomobi.sms.indication/dex_cache/base2.zip
05-23 11:11:52.250  2256  2256 I Shell   : Extraction success - length /data/data/com.tihomobi.sms.indication/dex_cache/base2.zip: 33345
05-23 11:11:52.250  2256  2256 I Shell   : load found 1 secondary dex files
05-23 11:11:52.260  2256  2256 V TimeTickService: onCreate ...
05-23 11:11:52.330  2256  2256 D dalvikvm: GC_FOR_ALLOC freed 410K, 21% free 2319K/2904K, paused 8ms, total 8ms
05-23 11:11:52.520   592   924 D Settings: newValuesVersion = 35
05-23 11:11:52.520   592   924 D Settings: mValues.get(name) = null
05-23 11:11:52.530   592   602 D Settings: newValuesVersion = 35
05-23 11:11:52.530   592   602 D Settings: mValues.get(name) = null
05-23 11:11:52.530   592   921 D Settings: newValuesVersion = 35
05-23 11:11:52.530   592   921 D Settings: mValues.get(name) = null
05-23 11:11:52.530   592   922 D Settings: newValuesVersion = 35
05-23 11:11:52.530   592   922 D Settings: mValues.get(name) = null
05-23 11:11:52.530   592   603 D Settings: newValuesVersion = 35
05-23 11:11:52.530   592   603 D Settings: mValues.get(name) = null
05-23 11:11:52.530   592   923 D Settings: newValuesVersion = 35
05-23 11:11:52.530   592   923 D Settings: mValues.get(name) = null
05-23 11:11:52.540   592   832 D Settings: newValuesVersion = 35
05-23 11:11:52.540   592   832 D Settings: mValues.get(name) = null
05-23 11:11:53.321   592   637 E AlarmManagerService: set alarm to 4337.604000000
05-23 11:11:53.321   592   637 E AlarmManagerService: set alarm to 434.892000000
05-23 11:11:53.431   592   757 E AlarmManagerService: set alarm to 488.294000000
05-23 11:11:53.451   592   857 D Settings: newValuesVersion = 6
05-23 11:11:53.451   592   857 D Settings: mValues.get(name) = null
05-23 11:11:53.551  1564  1564 E PushClient_Watchdog: createDaemon | error
05-23 11:11:53.551  1564  1564 E PushClient_Watchdog: java.io.IOException: Error running exec(). Command: [/data/data/com.toycloud.cmccwatchsdk/lib/libcwatchdog.so, com.toycloud.cmccwatchsdk, com.toycloud.cmccwatchsdk/com.iflytek.pushclient.manager.PushService, com.iflytek.pushclient.manager.PushService.singelinstance, 0] Working Directory: null Environment: null
05-23 11:11:53.551  1564  1564 E PushClient_Watchdog: 	at java.lang.ProcessManager.exec(ProcessManager.java:211)
05-23 11:11:53.551  1564  1564 E PushClient_Watchdog: 	at java.lang.Runtime.exec(Runtime.java:173)
05-23 11:11:53.551  1564  1564 E PushClient_Watchdog: 	at java.lang.Runtime.exec(Runtime.java:128)
05-23 11:11:53.551  1564  1564 E PushClient_Watchdog: 	at com.iflytek.pushclient.a.d.a.a(Watchdog.java:102)
05-23 11:11:53.551  1564  1564 E PushClient_Watchdog: 	at com.iflytek.pushclient.a.d.a.b(Watchdog.java:114)
05-23 11:11:53.551  1564  1564 E PushClient_Watchdog: 	at com.iflytek.pushclient.a.j.f.u(PushSDK.java:572)
05-23 11:11:53.551  1564  1564 E PushClient_Watchdog: 	at com.iflytek.pushclient.a.j.f.d(PushSDK.java:558)
05-23 11:11:53.551  1564  1564 E PushClient_Watchdog: 	at com.iflytek.pushclient.manager.PushService.b(PushService.java:161)
05-23 11:11:53.551  1564  1564 E PushClient_Watchdog: 	at com.iflytek.pushclient.manager.PushService.onStartCommand(PushService.java:101)
05-23 11:11:53.551  1564  1564 E PushClient_Watchdog: 	at android.app.ActivityThread.handleServiceArgs(ActivityThread.java:2809)
05-23 11:11:53.551  1564  1564 E PushClient_Watchdog: 	at android.app.ActivityThread.access$2100(ActivityThread.java:151)
05-23 11:11:53.551  1564  1564 E PushClient_Watchdog: 	at android.app.ActivityThread$H.handleMessage(ActivityThread.java:1340)
05-23 11:11:53.551  1564  1564 E PushClient_Watchdog: 	at android.os.Handler.dispatchMessage(Handler.java:102)
05-23 11:11:53.551  1564  1564 E PushClient_Watchdog: 	at android.os.Looper.loop(Looper.java:136)
05-23 11:11:53.551  1564  1564 E PushClient_Watchdog: 	at android.app.ActivityThread.main(ActivityThread.java:5375)
05-23 11:11:53.551  1564  1564 E PushClient_Watchdog: 	at java.lang.reflect.Method.invokeNative(Native Method)
05-23 11:11:53.551  1564  1564 E PushClient_Watchdog: 	at java.lang.reflect.Method.invoke(Method.java:515)
05-23 11:11:53.551  1564  1564 E PushClient_Watchdog: 	at com.android.internal.os.ZygoteInit$MethodAndArgsCaller.run(ZygoteInit.java:976)
05-23 11:11:53.551  1564  1564 E PushClient_Watchdog: 	at com.android.internal.os.ZygoteInit.main(ZygoteInit.java:792)
05-23 11:11:53.551  1564  1564 E PushClient_Watchdog: 	at dalvik.system.NativeStart.main(Native Method)
05-23 11:11:53.551  1564  1564 E PushClient_Watchdog: Caused by: java.io.IOException: No such file or directory
05-23 11:11:53.551  1564  1564 E PushClient_Watchdog: 	at java.lang.ProcessManager.exec(Native Method)
05-23 11:11:53.551  1564  1564 E PushClient_Watchdog: 	at java.lang.ProcessManager.exec(ProcessManager.java:209)
05-23 11:11:53.551  1564  1564 E PushClient_Watchdog: 	... 19 more
05-23 11:11:53.581  2272  2272 D GeocodeProvider: onCreate...
05-23 11:11:53.581  2272  2272 D LoadDatabase: excute...
05-23 11:11:53.611   592   975 D LIBGPS  : watchdog_open PowerState:GE2 CP SLEEP,readcount:0
05-23 11:11:53.721  2272  2286 D dalvikvm: GC_FOR_ALLOC freed 222K, 15% free 2424K/2828K, paused 13ms, total 13ms
05-23 11:11:53.731  2272  2272 D ContactsProvider: Initialize watchdog service
05-23 11:11:53.731   167   167 E SLOGCP  : int MediaStorage::check_quota(): data large: 10513904/10M
05-23 11:11:53.731   167   167 E SLOGCP  : virtual void LogPipeHandler::process(int): CP cp_5mode save log error [16(Device or resource busy)]
05-23 11:11:53.801  2272  2272 E SyncSimAccountsWatchdog: SyncSimAccountsWatchdog: bootstrap
05-23 11:11:53.801  2272  2272 D LoadDatabase: now to import Database...
05-23 11:11:53.811  2272  2272 W SyncSimAccountsReceiver: action = sync_sim_fake_boot_completed
05-23 11:11:53.811  2272  2272 E SyncSimAccountsReceiver: sync_sim_fake_boot_completed!!! call remove
05-23 11:11:53.831  2272  2272 D FSA1    : onEvent:1:1:false
05-23 11:11:53.831  2272  2272 D FSA1    : onAction:1:8
05-23 11:11:53.831   592   667 D Settings: newValuesVersion = 35
05-23 11:11:53.831   592   667 D Settings: mValues.get(name) = null
05-23 11:11:53.841  2272  2291 D FSA1    : onAction:1:12
05-23 11:11:53.841  2272  2291 V ContactAccountManager: getSimAccount
05-23 11:11:53.871   160   425 V AudioFlinger: 2256 died, releasing its sessions
05-23 11:11:53.871   160   425 V AudioFlinger:  pid 673 @ 0
05-23 11:11:53.871   160   425 V AudioFlinger:  pid 2256 @ 1
05-23 11:11:53.871   160   425 V AudioFlinger:  removing entry for pid 2256 session 8
05-23 11:11:53.871   160   425 V AudioFlinger: purging stale effects
05-23 11:11:54.142  2272  2287 I ContactLocale: AddressBook Labels [zh_CN]: [, A, B, C, D, E, F, G, H, I, J, K, L, M, N, O, P, Q, R, S, T, U, V, W, X, Y, Z, #, ]
05-23 11:11:54.282  2272  2287 V ContactAccountManager: onAccountUpdate
05-23 11:11:54.282  2272  2288 V ContactAccountManager: MESSAGE_LOAD_DATA
05-23 11:11:54.282  2272  2288 V ContactAccountManager: loadAccountsInBackground +
05-23 11:11:54.282  2272  2288 V ContactAccountManager: loadAccountsInBackground add one entry: Account {name=Phone, type=sprd.com.android.account.phone}
05-23 11:11:54.282  2272  2288 V ContactAccountManager: loadAccountsInBackground add one entry: Account {name=SIM1, type=sprd.com.android.account.usim}
05-23 11:11:54.282  2272  2288 V ContactAccountManager: loadAccountsInBackground Account list: 
05-23 11:11:54.282  2272  2288 V ContactAccountManager: [Account {name=Phone, type=sprd.com.android.account.phone}, Account {name=SIM1, type=sprd.com.android.account.usim}]
05-23 11:11:54.282  2272  2288 V ContactAccountManager: loadAccountsInBackground -
05-23 11:11:54.292  2272  2291 V ContactAccountManager: AccountsLoaded
05-23 11:11:54.292  2272  2291 V ContactAccountManager: getSimAccount:1:null
05-23 11:11:54.292  2272  2291 D FSA1    : PURGE_CONTACT mAccount = null
05-23 11:11:54.292  2272  2291 D FSA1    : >>>purgeContact:1:null
05-23 11:11:54.292  2272  2291 D FSA1    : mAccount is null
05-23 11:11:54.292  2272  2291 D FSA1    : onAction:1:10
05-23 11:11:54.292  2272  2291 D FSA1    : >>>addPhoneAccount
05-23 11:11:54.302  2272  2291 D FSA1    : phone account already exists
05-23 11:11:54.302  2272  2291 D FSA1    : >>>remove sim account:1
05-23 11:11:54.302  2272  2291 D FSA1    : mAccount is null
05-23 11:11:54.302  2272  2291 D FSA1    : onAction:1:11
05-23 11:11:54.302  2272  2291 D FSA1    : <<<remove sim account:1
05-23 11:11:54.312  2272  2287 D ContactsFTS: The number of contacts that search_index different from the raw_contacts: 19
05-23 11:11:54.962   160   421 V AudioFlinger: releaseWakeLock_l() AudioOut_2
05-23 11:11:54.972   160   421 V AudioFlinger: thread 0xb50ef008 type 0 TID 421 going to sleep
05-23 11:11:55.613   592   975 D LIBGPS  : watchdog_open PowerState:GE2 CP SLEEP,readcount:0
05-23 11:11:55.653   167   167 E SLOGCP  : int MediaStorage::check_quota(): data large: 10513904/10M
05-23 11:11:55.653   167   167 E SLOGCP  : virtual void LogPipeHandler::process(int): CP cp_5mode save log error [16(Device or resource busy)]
05-23 11:11:56.484  1564  1564 D dalvikvm: GC_FOR_ALLOC freed 295K, 27% free 2446K/3316K, paused 19ms, total 20ms
05-23 11:11:56.504   167   167 E SLOGCP  : int MediaStorage::check_quota(): data large: 10513904/10M
05-23 11:11:56.504   167   167 E SLOGCP  : virtual void LogPipeHandler::process(int): CP cp_5mode save log error [16(Device or resource busy)]
05-23 11:11:56.564   167   167 E SLOGCP  : int MediaStorage::check_quota(): data large: 10513904/10M
05-23 11:11:56.564   167   167 E SLOGCP  : virtual void LogPipeHandler::process(int): CP cp_5mode save log error [16(Device or resource busy)]
05-23 11:11:56.604   167   167 E SLOGCP  : int MediaStorage::check_quota(): data large: 10513904/10M
05-23 11:11:56.604   167   167 E SLOGCP  : virtual void LogPipeHandler::process(int): CP cp_5mode save log error [16(Device or resource busy)]
05-23 11:11:56.614   167   167 E SLOGCP  : int MediaStorage::check_quota(): data large: 10513904/10M
05-23 11:11:56.614   167   167 E SLOGCP  : virtual void LogPipeHandler::process(int): CP cp_5mode save log error [16(Device or resource busy)]
05-23 11:11:56.674   167   167 E SLOGCP  : int MediaStorage::check_quota(): data large: 10513904/10M
05-23 11:11:56.674   167   167 E SLOGCP  : virtual void LogPipeHandler::process(int): CP cp_5mode save log error [16(Device or resource busy)]
05-23 11:11:56.734   167   167 E SLOGCP  : int MediaStorage::check_quota(): data large: 10513904/10M
05-23 11:11:56.734   167   167 E SLOGCP  : virtual void LogPipeHandler::process(int): CP cp_5mode save log error [16(Device or resource busy)]
05-23 11:11:56.784   167   167 E SLOGCP  : int MediaStorage::check_quota(): data large: 10513904/10M
05-23 11:11:56.784   167   167 E SLOGCP  : virtual void LogPipeHandler::process(int): CP cp_5mode save log error [16(Device or resource busy)]
05-23 11:11:56.854   167   167 E SLOGCP  : int MediaStorage::check_quota(): data large: 10513904/10M
05-23 11:11:56.854   167   167 E SLOGCP  : virtual void LogPipeHandler::process(int): CP cp_5mode save log error [16(Device or resource busy)]
05-23 11:11:56.904   167   167 E SLOGCP  : int MediaStorage::check_quota(): data large: 10513904/10M
05-23 11:11:56.904   167   167 E SLOGCP  : virtual void LogPipeHandler::process(int): CP cp_5mode save log error [16(Device or resource busy)]
05-23 11:11:56.954   167   167 E SLOGCP  : int MediaStorage::check_quota(): data large: 10513904/10M
05-23 11:11:56.954   167   167 E SLOGCP  : virtual void LogPipeHandler::process(int): CP cp_5mode save log error [16(Device or resource busy)]
05-23 11:11:57.215   167   167 E SLOGCP  : int MediaStorage::check_quota(): data large: 10513904/10M
05-23 11:11:57.215   167   167 E SLOGCP  : virtual void LogPipeHandler::process(int): CP cp_5mode save log error [16(Device or resource busy)]
05-23 11:11:57.535   592  2271 D Settings: newValuesVersion = 35
05-23 11:11:57.535   592  2271 D Settings: mValues.get(name) = null
05-23 11:11:57.535   592  2271 D Settings: newValuesVersion = 35
05-23 11:11:57.535   592  2271 D Settings: mValues.get(name) = null
05-23 11:11:57.535   592  2271 D Settings: newValuesVersion = 35
05-23 11:11:57.535   592  2271 D Settings: mValues.get(name) = null
05-23 11:11:57.535   592  2271 D Settings: newValuesVersion = 35
05-23 11:11:57.535   592  2271 D Settings: mValues.get(name) = null
05-23 11:11:57.535   592  2271 D Settings: newValuesVersion = 35
05-23 11:11:57.535   592  2271 D Settings: mValues.get(name) = null
05-23 11:11:57.535   592  2271 D Settings: newValuesVersion = 35
05-23 11:11:57.535   592  2271 D Settings: mValues.get(name) = null
05-23 11:11:57.575   167   167 E SLOGCP  : int MediaStorage::check_quota(): data large: 10513904/10M
05-23 11:11:57.575   167   167 E SLOGCP  : virtual void LogPipeHandler::process(int): CP cp_5mode save log error [16(Device or resource busy)]
05-23 11:11:57.625   592   975 D LIBGPS  : watchdog_open PowerState:GE2 CP SLEEP,readcount:0
05-23 11:11:57.845   167   167 E SLOGCP  : int MediaStorage::check_quota(): data large: 10513904/10M
05-23 11:11:57.845   167   167 E SLOGCP  : virtual void LogPipeHandler::process(int): CP cp_5mode save log error [16(Device or resource busy)]
05-23 11:11:58.216   167   167 E SLOGCP  : int MediaStorage::check_quota(): data large: 10513904/10M
05-23 11:11:58.216   167   167 E SLOGCP  : virtual void LogPipeHandler::process(int): CP cp_5mode save log error [16(Device or resource busy)]
05-23 11:11:58.496   167   167 E SLOGCP  : int MediaStorage::check_quota(): data large: 10513904/10M
05-23 11:11:58.496   167   167 E SLOGCP  : virtual void LogPipeHandler::process(int): CP cp_5mode save log error [16(Device or resource busy)]
05-23 11:11:58.806   167   167 E SLOGCP  : int MediaStorage::check_quota(): data large: 10513904/10M
05-23 11:11:58.806   167   167 E SLOGCP  : virtual void LogPipeHandler::process(int): CP cp_5mode save log error [16(Device or resource busy)]
05-23 11:11:58.876   167   167 E SLOGCP  : int MediaStorage::check_quota(): data large: 10513904/10M
05-23 11:11:58.876   167   167 E SLOGCP  : virtual void LogPipeHandler::process(int): CP cp_5mode save log error [16(Device or resource busy)]
05-23 11:11:58.926   167   167 E SLOGCP  : int MediaStorage::check_quota(): data large: 10513904/10M
05-23 11:11:58.926   167   167 E SLOGCP  : virtual void LogPipeHandler::process(int): CP cp_5mode save log error [16(Device or resource busy)]
05-23 11:11:58.976  1624  1624 D dalvikvm: GC_EXPLICIT freed 167K, 18% free 2552K/3092K, paused 6ms+3ms, total 73ms
05-23 11:11:59.137   167   167 E SLOGCP  : int MediaStorage::check_quota(): data large: 10513904/10M
05-23 11:11:59.137   167   167 E SLOGCP  : virtual void LogPipeHandler::process(int): CP cp_5mode save log error [16(Device or resource busy)]
05-23 11:11:59.447   167   167 E SLOGCP  : int MediaStorage::check_quota(): data large: 10513904/10M
05-23 11:11:59.447   167   167 E SLOGCP  : virtual void LogPipeHandler::process(int): CP cp_5mode save log error [16(Device or resource busy)]
05-23 11:11:59.627   592   975 D LIBGPS  : watchdog_open PowerState:GE2 CP SLEEP,readcount:0
05-23 11:11:59.767   167   167 E SLOGCP  : int MediaStorage::check_quota(): data large: 10513904/10M
05-23 11:11:59.767   167   167 E SLOGCP  : virtual void LogPipeHandler::process(int): CP cp_5mode save log error [16(Device or resource busy)]
05-23 11:12:00.027   673   673 D KeyguardUpdateMonitor: received broadcast android.intent.action.TIME_TICK
05-23 11:12:00.027   673   673 D KeyguardUpdateMonitor: handleTimeUpdate
05-23 11:12:00.037   673   673 D Settings: newValuesVersion = 6
05-23 11:12:00.037   673   673 D Settings: mValues.get(name) = 24
05-23 11:12:00.047   673   673 D Settings: newValuesVersion = 6
05-23 11:12:00.047   673   673 D Settings: mValues.get(name) = 24
05-23 11:12:00.047   673   673 D Settings: newValuesVersion = 6
05-23 11:12:00.047   673   673 D Settings: mValues.get(name) = 24
05-23 11:12:00.057   673   673 D Settings: newValuesVersion = 6
05-23 11:12:00.057   673   673 D Settings: mValues.get(name) = 24
05-23 11:12:00.057   592   923 D SettingsProvider: value = 
05-23 11:12:00.057   673   673 D Settings: name = next_alarm_formatted, value = 
05-23 11:12:00.067   673   673 D Clock   : action=android.intent.action.TIME_TICK start_time:1527045120068
05-23 11:12:00.067   673   673 D Settings: newValuesVersion = 6
05-23 11:12:00.067   673   673 D Settings: mValues.get(name) = 24
05-23 11:12:00.067   673   673 D Clock   : action=android.intent.action.TIME_TICK end_time:3
05-23 11:12:00.137   167   167 E SLOGCP  : int MediaStorage::check_quota(): data large: 10513904/10M
05-23 11:12:00.137   167   167 E SLOGCP  : virtual void LogPipeHandler::process(int): CP cp_5mode save log error [16(Device or resource busy)]
05-23 11:12:00.148   673   673 D CustomClock: action=android.intent.action.TIME_TICK start_time:1527045120152
05-23 11:12:00.148   673   673 D Settings: newValuesVersion = 6
05-23 11:12:00.148   673   673 D Settings: mValues.get(name) = 24
05-23 11:12:00.148   673   673 D CustomClock: action=android.intent.action.TIME_TICK end_time:2
05-23 11:12:00.148   673   673 D DateView: action=android.intent.action.TIME_TICK start_time:1527045120156
05-23 11:12:00.148   673   673 D Settings: newValuesVersion = 6
05-23 11:12:00.148   673   673 D Settings: mValues.get(name) = null
05-23 11:12:00.158   673   673 D DateView: action=android.intent.action.TIME_TICK end_time:7
05-23 11:12:00.158   926   926 D Settings: newValuesVersion = 6
05-23 11:12:00.158   926   926 D Settings: mValues.get(name) = 24
05-23 11:12:00.218   926   926 D Settings: newValuesVersion = 6
05-23 11:12:00.218   926   926 D Settings: mValues.get(name) = 24
05-23 11:12:00.218   926   926 D Settings: newValuesVersion = 6
05-23 11:12:00.218   926   926 D Settings: mValues.get(name) = null
05-23 11:12:00.228   673   673 D Settings: newValuesVersion = 6
05-23 11:12:00.228   673   673 D Settings: mValues.get(name) = null
05-23 11:12:00.238   673   673 D Settings: newValuesVersion = 6
05-23 11:12:00.238   673   673 D Settings: mValues.get(name) = null
05-23 11:12:00.398   167   167 E SLOGCP  : int MediaStorage::check_quota(): data large: 10513904/10M
05-23 11:12:00.398   167   167 E SLOGCP  : virtual void LogPipeHandler::process(int): CP cp_5mode save log error [16(Device or resource busy)]
05-23 11:12:00.728   167   167 E SLOGCP  : int MediaStorage::check_quota(): data large: 10513904/10M
05-23 11:12:00.728   167   167 E SLOGCP  : virtual void LogPipeHandler::process(int): CP cp_5mode save log error [16(Device or resource busy)]
05-23 11:12:01.038   167   167 E SLOGCP  : int MediaStorage::check_quota(): data large: 10513904/10M
05-23 11:12:01.038   167   167 E SLOGCP  : virtual void LogPipeHandler::process(int): CP cp_5mode save log error [16(Device or resource busy)]
05-23 11:12:01.359   167   167 E SLOGCP  : int MediaStorage::check_quota(): data large: 10513904/10M
05-23 11:12:01.359   167   167 E SLOGCP  : virtual void LogPipeHandler::process(int): CP cp_5mode save log error [16(Device or resource busy)]
05-23 11:12:01.479   895  1825 D dalvikvm: GC_FOR_ALLOC freed 245K, 64% free 3983K/10828K, paused 12ms, total 12ms
05-23 11:12:01.489   895  1825 D dalvikvm: GC_FOR_ALLOC freed 384K, 62% free 4175K/10828K, paused 11ms, total 11ms
05-23 11:12:01.509   895  1825 D dalvikvm: GC_FOR_ALLOC freed 221K, 61% free 4285K/10828K, paused 11ms, total 11ms
05-23 11:12:01.519   895  1825 D dalvikvm: GC_FOR_ALLOC freed 331K, 59% free 4451K/10828K, paused 11ms, total 11ms
05-23 11:12:01.539   895  1825 D dalvikvm: GC_FOR_ALLOC freed 497K, 57% free 4700K/10828K, paused 11ms, total 11ms
05-23 11:12:01.539   895  1825 I dalvikvm-heap: Grow heap (frag case) to 5.915MB for 1145914-byte allocation
05-23 11:12:01.559   895  1825 D dalvikvm: GC_FOR_ALLOC freed 746K, 54% free 5073K/10828K, paused 11ms, total 11ms
05-23 11:12:01.559   895  1825 I dalvikvm-heap: Grow heap (frag case) to 6.826MB for 1718866-byte allocation
05-23 11:12:01.579   895  1825 D dalvikvm: GC_FOR_ALLOC freed 1119K, 48% free 5632K/10828K, paused 11ms, total 11ms
05-23 11:12:01.599   895  1825 D dalvikvm: GC_FOR_ALLOC freed 1679K, 53% free 5130K/10828K, paused 11ms, total 11ms
05-23 11:12:01.619   592   975 D LIBGPS  : watchdog_open PowerState:GE2 CP SLEEP,readcount:0
05-23 11:12:01.679   167   167 E SLOGCP  : int MediaStorage::check_quota(): data large: 10513904/10M
05-23 11:12:01.679   167   167 E SLOGCP  : virtual void LogPipeHandler::process(int): CP cp_5mode save log error [16(Device or resource busy)]
05-23 11:12:01.859   167   167 E SLOGCP  : int MediaStorage::check_quota(): data large: 10513904/10M
05-23 11:12:01.859   167   167 E SLOGCP  : virtual void LogPipeHandler::process(int): CP cp_5mode save log error [16(Device or resource busy)]
05-23 11:12:01.889   883  1829 D dalvikvm: GC_FOR_ALLOC freed 245K, 46% free 3982K/7304K, paused 17ms, total 17ms
05-23 11:12:01.909   883  1829 D dalvikvm: GC_FOR_ALLOC freed 384K, 43% free 4173K/7304K, paused 11ms, total 12ms
05-23 11:12:01.929   167   167 E SLOGCP  : int MediaStorage::check_quota(): data large: 10513904/10M
05-23 11:12:01.929   167   167 E SLOGCP  : virtual void LogPipeHandler::process(int): CP cp_5mode save log error [16(Device or resource busy)]
05-23 11:12:01.929   883  1829 D dalvikvm: GC_FOR_ALLOC freed 221K, 42% free 4284K/7304K, paused 12ms, total 12ms
05-23 11:12:01.939   883  1829 D dalvikvm: GC_FOR_ALLOC freed 331K, 40% free 4450K/7304K, paused 12ms, total 12ms
05-23 11:12:01.939   883  1829 I dalvikvm-heap: Grow heap (frag case) to 5.306MB for 763946-byte allocation
05-23 11:12:01.959   883  1829 D dalvikvm: GC_FOR_ALLOC freed 497K, 42% free 4698K/8052K, paused 11ms, total 11ms
05-23 11:12:01.959   883  1829 I dalvikvm-heap: Grow heap (frag case) to 5.914MB for 1145914-byte allocation
05-23 11:12:01.969   895  1837 D DNS_EAI_NODATA: android_getaddrinfo_proxy [430]: countly.uiandroid.net ^ 1024 0 1 0 ^
05-23 11:12:01.979   167   167 E SLOGCP  : int MediaStorage::check_quota(): data large: 10513904/10M
05-23 11:12:01.979   167   167 E SLOGCP  : virtual void LogPipeHandler::process(int): CP cp_5mode save log error [16(Device or resource busy)]
05-23 11:12:02.009   883  1829 D dalvikvm: GC_FOR_ALLOC freed 746K, 45% free 5071K/9172K, paused 12ms, total 12ms
05-23 11:12:02.009   883  1829 I dalvikvm-heap: Grow heap (frag case) to 6.824MB for 1718866-byte allocation
05-23 11:12:02.029   883  1829 D dalvikvm: GC_FOR_ALLOC freed 1119K, 49% free 5631K/10852K, paused 12ms, total 12ms
05-23 11:12:02.039   883  1829 D dalvikvm: GC_FOR_ALLOC freed 1679K, 30% free 5128K/7304K, paused 12ms, total 12ms
05-23 11:12:02.049   167   167 E SLOGCP  : int MediaStorage::check_quota(): data large: 10513904/10M
05-23 11:12:02.049   167   167 E SLOGCP  : virtual void LogPipeHandler::process(int): CP cp_5mode save log error [16(Device or resource busy)]
05-23 11:12:02.099   167   167 E SLOGCP  : int MediaStorage::check_quota(): data large: 10513904/10M
05-23 11:12:02.099   167   167 E SLOGCP  : virtual void LogPipeHandler::process(int): CP cp_5mode save log error [16(Device or resource busy)]
05-23 11:12:02.139   167   167 E SLOGCP  : int MediaStorage::check_quota(): data large: 10513904/10M
05-23 11:12:02.139   167   167 E SLOGCP  : virtual void LogPipeHandler::process(int): CP cp_5mode save log error [16(Device or resource busy)]
05-23 11:12:02.189   167   167 E SLOGCP  : int MediaStorage::check_quota(): data large: 10513904/10M
05-23 11:12:02.189   167   167 E SLOGCP  : virtual void LogPipeHandler::process(int): CP cp_5mode save log error [16(Device or resource busy)]
05-23 11:12:02.250   167   167 E SLOGCP  : int MediaStorage::check_quota(): data large: 10513904/10M
05-23 11:12:02.250   167   167 E SLOGCP  : virtual void LogPipeHandler::process(int): CP cp_5mode save log error [16(Device or resource busy)]
05-23 11:12:02.300   167   167 E SLOGCP  : int MediaStorage::check_quota(): data large: 10513904/10M
05-23 11:12:02.300   167   167 E SLOGCP  : virtual void LogPipeHandler::process(int): CP cp_5mode save log error [16(Device or resource busy)]
05-23 11:12:02.310   883  1842 D DNS_EAI_NODATA: android_getaddrinfo_proxy [430]: countly.uiandroid.net ^ 1024 0 1 0 ^
05-23 11:12:02.370   167   167 E SLOGCP  : int MediaStorage::check_quota(): data large: 10513904/10M
05-23 11:12:02.370   167   167 E SLOGCP  : virtual void LogPipeHandler::process(int): CP cp_5mode save log error [16(Device or resource busy)]
05-23 11:12:02.410   167   167 E SLOGCP  : int MediaStorage::check_quota(): data large: 10513904/10M
05-23 11:12:02.410   167   167 E SLOGCP  : virtual void LogPipeHandler::process(int): CP cp_5mode save log error [16(Device or resource busy)]
05-23 11:12:02.460   167   167 E SLOGCP  : int MediaStorage::check_quota(): data large: 10513904/10M
05-23 11:12:02.460   167   167 E SLOGCP  : virtual void LogPipeHandler::process(int): CP cp_5mode save log error [16(Device or resource busy)]
05-23 11:12:02.530   167   167 E SLOGCP  : int MediaStorage::check_quota(): data large: 10513904/10M
05-23 11:12:02.530   167   167 E SLOGCP  : virtual void LogPipeHandler::process(int): CP cp_5mode save log error [16(Device or resource busy)]
05-23 11:12:02.580   167   167 E SLOGCP  : int MediaStorage::check_quota(): data large: 10513904/10M
05-23 11:12:02.580   167   167 E SLOGCP  : virtual void LogPipeHandler::process(int): CP cp_5mode save log error [16(Device or resource busy)]
05-23 11:12:02.630   167   167 E SLOGCP  : int MediaStorage::check_quota(): data large: 10513904/10M
05-23 11:12:02.630   167   167 E SLOGCP  : virtual void LogPipeHandler::process(int): CP cp_5mode save log error [16(Device or resource busy)]
05-23 11:12:02.690   167   167 E SLOGCP  : int MediaStorage::check_quota(): data large: 10513904/10M
05-23 11:12:02.690   167   167 E SLOGCP  : virtual void LogPipeHandler::process(int): CP cp_5mode save log error [16(Device or resource busy)]
05-23 11:12:02.960   167   167 E SLOGCP  : int MediaStorage::check_quota(): data large: 10513904/10M
05-23 11:12:02.960   167   167 E SLOGCP  : virtual void LogPipeHandler::process(int): CP cp_5mode save log error [16(Device or resource busy)]
05-23 11:12:03.271   167   167 E SLOGCP  : int MediaStorage::check_quota(): data large: 10513904/10M
05-23 11:12:03.271   167   167 E SLOGCP  : virtual void LogPipeHandler::process(int): CP cp_5mode save log error [16(Device or resource busy)]
05-23 11:12:03.331   167   167 E SLOGCP  : int MediaStorage::check_quota(): data large: 10513904/10M
05-23 11:12:03.331   167   167 E SLOGCP  : virtual void LogPipeHandler::process(int): CP cp_5mode save log error [16(Device or resource busy)]
05-23 11:12:03.391   167   167 E SLOGCP  : int MediaStorage::check_quota(): data large: 10513904/10M
05-23 11:12:03.391   167   167 E SLOGCP  : virtual void LogPipeHandler::process(int): CP cp_5mode save log error [16(Device or resource busy)]
05-23 11:12:03.431   167   167 E SLOGCP  : int MediaStorage::check_quota(): data large: 10513904/10M
05-23 11:12:03.431   167   167 E SLOGCP  : virtual void LogPipeHandler::process(int): CP cp_5mode save log error [16(Device or resource busy)]
05-23 11:12:03.551   167   167 E SLOGCP  : int MediaStorage::check_quota(): data large: 10513904/10M
05-23 11:12:03.551   167   167 E SLOGCP  : virtual void LogPipeHandler::process(int): CP cp_5mode save log error [16(Device or resource busy)]
05-23 11:12:03.611   167   167 E SLOGCP  : int MediaStorage::check_quota(): data large: 10513904/10M
05-23 11:12:03.621   167   167 E SLOGCP  : virtual void LogPipeHandler::process(int): CP cp_5mode save log error [16(Device or resource busy)]
05-23 11:12:03.621   592   975 D LIBGPS  : watchdog_open PowerState:GE2 CP SLEEP,readcount:0
05-23 11:12:03.671   167   167 E SLOGCP  : int MediaStorage::check_quota(): data large: 10513904/10M
05-23 11:12:03.671   167   167 E SLOGCP  : virtual void LogPipeHandler::process(int): CP cp_5mode save log error [16(Device or resource busy)]
05-23 11:12:03.721   167   167 E SLOGCP  : int MediaStorage::check_quota(): data large: 10513904/10M
05-23 11:12:03.721   167   167 E SLOGCP  : virtual void LogPipeHandler::process(int): CP cp_5mode save log error [16(Device or resource busy)]
05-23 11:12:03.971   167   167 E SLOGCP  : int MediaStorage::check_quota(): data large: 10513904/10M
05-23 11:12:03.971   167   167 E SLOGCP  : virtual void LogPipeHandler::process(int): CP cp_5mode save log error [16(Device or resource busy)]
05-23 11:12:04.101   167   167 E SLOGCP  : int MediaStorage::check_quota(): data large: 10513904/10M
05-23 11:12:04.101   167   167 E SLOGCP  : virtual void LogPipeHandler::process(int): CP cp_5mode save log error [16(Device or resource busy)]
05-23 11:12:04.161   167   167 E SLOGCP  : int MediaStorage::check_quota(): data large: 10513904/10M
05-23 11:12:04.161   167   167 E SLOGCP  : virtual void LogPipeHandler::process(int): CP cp_5mode save log error [16(Device or resource busy)]
05-23 11:12:04.221   167   167 E SLOGCP  : int MediaStorage::check_quota(): data large: 10513904/10M
05-23 11:12:04.221   167   167 E SLOGCP  : virtual void LogPipeHandler::process(int): CP cp_5mode save log error [16(Device or resource busy)]
05-23 11:12:04.292   167   167 E SLOGCP  : int MediaStorage::check_quota(): data large: 10513904/10M
05-23 11:12:04.292   167   167 E SLOGCP  : virtual void LogPipeHandler::process(int): CP cp_5mode save log error [16(Device or resource busy)]
05-23 11:12:04.572   167   167 E SLOGCP  : int MediaStorage::check_quota(): data large: 10513904/10M
05-23 11:12:04.572   167   167 E SLOGCP  : virtual void LogPipeHandler::process(int): CP cp_5mode save log error [16(Device or resource busy)]
05-23 11:12:04.882   167   167 E SLOGCP  : int MediaStorage::check_quota(): data large: 10513904/10M
05-23 11:12:04.882   167   167 E SLOGCP  : virtual void LogPipeHandler::process(int): CP cp_5mode save log error [16(Device or resource busy)]
05-23 11:12:05.202   167   167 E SLOGCP  : int MediaStorage::check_quota(): data large: 10513904/10M
05-23 11:12:05.202   167   167 E SLOGCP  : virtual void LogPipeHandler::process(int): CP cp_5mode save log error [16(Device or resource busy)]
05-23 11:12:05.523   167   167 E SLOGCP  : int MediaStorage::check_quota(): data large: 10513904/10M
05-23 11:12:05.523   167   167 E SLOGCP  : virtual void LogPipeHandler::process(int): CP cp_5mode save log error [16(Device or resource busy)]
05-23 11:12:05.623   592   975 D LIBGPS  : watchdog_open PowerState:GE2 CP SLEEP,readcount:0
05-23 11:12:05.783   167   167 E SLOGCP  : int MediaStorage::check_quota(): data large: 10513904/10M
05-23 11:12:05.783   167   167 E SLOGCP  : virtual void LogPipeHandler::process(int): CP cp_5mode save log error [16(Device or resource busy)]
05-23 11:12:05.833   167   167 E SLOGCP  : int MediaStorage::check_quota(): data large: 10513904/10M
05-23 11:12:05.833   167   167 E SLOGCP  : virtual void LogPipeHandler::process(int): CP cp_5mode save log error [16(Device or resource busy)]
05-23 11:12:05.893   167   167 E SLOGCP  : int MediaStorage::check_quota(): data large: 10513904/10M
05-23 11:12:05.893   167   167 E SLOGCP  : virtual void LogPipeHandler::process(int): CP cp_5mode save log error [16(Device or resource busy)]
05-23 11:12:05.953   167   167 E SLOGCP  : int MediaStorage::check_quota(): data large: 10513904/10M
05-23 11:12:05.953   167   167 E SLOGCP  : virtual void LogPipeHandler::process(int): CP cp_5mode save log error [16(Device or resource busy)]
05-23 11:12:06.003   167   167 E SLOGCP  : int MediaStorage::check_quota(): data large: 10513904/10M
05-23 11:12:06.003   167   167 E SLOGCP  : virtual void LogPipeHandler::process(int): CP cp_5mode save log error [16(Device or resource busy)]
05-23 11:12:06.474   167   167 E SLOGCP  : int MediaStorage::check_quota(): data large: 10513904/10M
05-23 11:12:06.474   167   167 E SLOGCP  : virtual void LogPipeHandler::process(int): CP cp_5mode save log error [16(Device or resource busy)]
05-23 11:12:06.794   167   167 E SLOGCP  : int MediaStorage::check_quota(): data large: 10513904/10M
05-23 11:12:06.794   167   167 E SLOGCP  : virtual void LogPipeHandler::process(int): CP cp_5mode save log error [16(Device or resource busy)]
05-23 11:12:07.124   167   167 E SLOGCP  : int MediaStorage::check_quota(): data large: 10513904/10M
05-23 11:12:07.124   167   167 E SLOGCP  : virtual void LogPipeHandler::process(int): CP cp_5mode save log error [16(Device or resource busy)]
05-23 11:12:07.174   592   592 D dalvikvm: GC_EXPLICIT freed 474K, 30% free 7272K/10380K, paused 4ms+6ms, total 103ms
05-23 11:12:07.294   167   167 E SLOGCP  : int MediaStorage::check_quota(): data large: 10513904/10M
05-23 11:12:07.294   167   167 E SLOGCP  : virtual void LogPipeHandler::process(int): CP cp_5mode save log error [16(Device or resource busy)]
05-23 11:12:07.625   592   975 D LIBGPS  : watchdog_open PowerState:GE2 CP SLEEP,readcount:0
05-23 11:12:07.765   167   167 E SLOGCP  : int MediaStorage::check_quota(): data large: 10513904/10M
05-23 11:12:07.765   167   167 E SLOGCP  : virtual void LogPipeHandler::process(int): CP cp_5mode save log error [16(Device or resource busy)]
05-23 11:12:07.925   167   167 E SLOGCP  : int MediaStorage::check_quota(): data large: 10513904/10M
05-23 11:12:07.925   167   167 E SLOGCP  : virtual void LogPipeHandler::process(int): CP cp_5mode save log error [16(Device or resource busy)]
05-23 11:12:08.155  2297  2297 D TihoSmsIndicationApplication: application oncreate
05-23 11:12:08.155  2297  2297 D 111111  : application oncreate
05-23 11:12:08.185  2297  2297 D 111111  : System.loadLibrar
05-23 11:12:08.205  2297  2297 I Emulator: call native_create tid=1
05-23 11:12:08.205  2297  2297 I Heroid  : native_create env=0x41b86100, tid=1074352468
05-23 11:12:08.265  2297  2297 D Heroid  : read tsf from assets SUC!
05-23 11:12:08.265  2297  2297 I Heroid  : checkdir /mnt/sdcard/
05-23 11:12:08.265  2297  2297 I Heroid  : checkdir /mnt/sdcard/heroad/
05-23 11:12:08.265  2297  2297 I Heroid  : checkdir /mnt/sdcard/heroad/.disk/
05-23 11:12:08.265  2297  2297 I Heroid  : checkdir /mnt/sdcard/heroad/.disk/a/
05-23 11:12:08.265  2297  2297 I Heroid  : checkdir /mnt/sdcard/heroad/.disk/b/
05-23 11:12:08.265  2297  2297 I Heroid  : checkdir /mnt/sdcard/heroad/.disk/a/heroad/
05-23 11:12:08.275  2297  2297 D Emulator: manufact str=sprd
05-23 11:12:08.275  2297  2297 D Emulator: model str=bestsonnyb1
05-23 11:12:08.275  2297  2297 D heroid  : getNetworkID str=460004702156121
05-23 11:12:08.295  2297  2297 D dalvikvm: GC_FOR_ALLOC freed 454K, 23% free 2207K/2836K, paused 12ms, total 12ms
05-23 11:12:08.305   592   922 D Settings: newValuesVersion = 6
05-23 11:12:08.305   592   922 D Settings: mValues.get(name) = null
05-23 11:12:08.315  2297  2297 D heroid  : getNetworkType is NET.
05-23 11:12:08.315  2297  2297 E MediaPlayer: Java MediaPlayer currentThread is 1
05-23 11:12:08.335  2297  2297 D MediaPlayer: create mTimeProvider hashcode is 1105105072
05-23 11:12:08.346  2297  2297 V MediaPlayer: constructor
05-23 11:12:08.346   160   160 V AudioFlinger: registerClient() client 0xb7229520, pid 2297
05-23 11:12:08.346   160   160 V AudioFlinger: sendIoConfigEvent() num events 1 event 0, param 0
05-23 11:12:08.346   160   421 V AudioFlinger: thread 0xb50ef008 type 0 TID 421 waking up
05-23 11:12:08.346   160   421 V AudioFlinger: acquireWakeLock_l() AudioOut_2 status 0
05-23 11:12:08.346   160   421 V AudioFlinger: processConfigEvents() remaining events 1
05-23 11:12:08.346   160   421 V AudioFlinger: PlaybackThread::audioConfigChanged_l, thread 0xb50ef008, event 0, param 0
05-23 11:12:08.346   160   421 V AudioFlinger: acquireWakeLock_l() AudioOut_2 status 0
05-23 11:12:08.356   160   425 V AudioFlinger: acquiring 9 from 2297
05-23 11:12:08.356   160   425 V AudioFlinger:  added new entry for 9
05-23 11:12:08.356  2297  2297 V MediaPlayer: setListener
05-23 11:12:08.366  2297  2297 W Environment: 1 sdcard state mounted
05-23 11:12:08.366  2297  2297 E EmuPath : setSDPath: input error!
05-23 11:12:08.366  2297  2297 I Heroid  : old heropath heroad/
05-23 11:12:08.366  2297  2297 I Heroid  : new heropath heroEngine/dx/
05-23 11:12:08.366  2297  2297 I EmuPath : heroad path has change to: heroEngine/dx/
05-23 11:12:08.366  2297  2297 I EmuPath : sd path = /storage/sdcard0/
05-23 11:12:08.366  2297  2297 I EmuPath : heroad path = heroEngine/dx/
05-23 11:12:08.396   167   167 E SLOGCP  : int MediaStorage::check_quota(): data large: 10513904/10M
05-23 11:12:08.396   167   167 E SLOGCP  : virtual void LogPipeHandler::process(int): CP cp_5mode save log error [16(Device or resource busy)]
05-23 11:12:08.536  2297  2297 D Shell   : saveVersion = 3 assetsVersion = 3
05-23 11:12:08.536  2297  2297 I Shell   : Blocking on lock /data/data/com.tihomobi.sms.indication/dex_cache/MultiDex.lock
05-23 11:12:08.536  2297  2297 I Shell   : /data/data/com.tihomobi.sms.indication/dex_cache/MultiDex.lock locked
05-23 11:12:08.546  2297  2297 I Shell   : Detected that extraction must be performed.
05-23 11:12:08.546  2297  2297 I Shell   : Extraction is needed for file /data/data/com.tihomobi.sms.indication/dex_cache/base2.zip
05-23 11:12:08.546  2297  2297 I Shell   : Extracting /data/data/com.tihomobi.sms.indication/dex_cache/base2962994124.zip
05-23 11:12:08.576  2297  2297 I Shell   : Renaming to /data/data/com.tihomobi.sms.indication/dex_cache/base2.zip
05-23 11:12:08.576  2297  2297 I Shell   : Extraction success - length /data/data/com.tihomobi.sms.indication/dex_cache/base2.zip: 33345
05-23 11:12:08.586  2297  2297 I Shell   : load found 1 secondary dex files
05-23 11:12:08.586  2297  2297 V TimeTickService: onCreate ...
05-23 11:12:08.656  2297  2297 D dalvikvm: GC_FOR_ALLOC freed 408K, 21% free 2313K/2896K, paused 8ms, total 8ms
05-23 11:12:08.716   167   167 E SLOGCP  : int MediaStorage::check_quota(): data large: 10513904/10M
05-23 11:12:08.716   167   167 E SLOGCP  : virtual void LogPipeHandler::process(int): CP cp_5mode save log error [16(Device or resource busy)]
05-23 11:12:09.046   167   167 E SLOGCP  : int MediaStorage::check_quota(): data large: 10513904/10M
05-23 11:12:09.046   167   167 E SLOGCP  : virtual void LogPipeHandler::process(int): CP cp_5mode save log error [16(Device or resource busy)]
05-23 11:12:09.216   167   167 E SLOGCP  : int MediaStorage::check_quota(): data large: 10513904/10M
05-23 11:12:09.216   167   167 E SLOGCP  : virtual void LogPipeHandler::process(int): CP cp_5mode save log error [16(Device or resource busy)]
05-23 11:12:09.627   592   975 D LIBGPS  : watchdog_open PowerState:GE2 CP SLEEP,readcount:0
05-23 11:12:09.677   167   167 E SLOGCP  : int MediaStorage::check_quota(): data large: 10513904/10M
05-23 11:12:09.677   167   167 E SLOGCP  : virtual void LogPipeHandler::process(int): CP cp_5mode save log error [16(Device or resource busy)]
05-23 11:12:09.847   167   167 E SLOGCP  : int MediaStorage::check_quota(): data large: 10513904/10M
05-23 11:12:09.847   167   167 E SLOGCP  : virtual void LogPipeHandler::process(int): CP cp_5mode save log error [16(Device or resource busy)]
05-23 11:12:09.997   180   324 D ENGPC   : parse_event: event { 'change', '/devices/sprd_battery.17/power_supply/battery', 'power_supply', '' }
05-23 11:12:09.997   271   278 D ENGPC   : parse_event: event { 'change', '/devices/sprd_battery.17/power_supply/battery', 'power_supply', '' }
05-23 11:12:09.997   174   267 I ThermalChargeDetect: charge status: Full
05-23 11:12:10.017   673   673 D KeyguardUpdateMonitor: received broadcast android.intent.action.BATTERY_CHANGED
05-23 11:12:10.017   673   673 D KeyguardUpdateMonitor: handleBatteryUpdate
05-23 11:12:10.037  1624  1624 D SprdUsbSettings: plugType = 2
05-23 11:12:10.047   673   673 I StatusBar.BatteryController: 1.battery level = 100,status = 5
05-23 11:12:10.177   167   167 E SLOGCP  : int MediaStorage::check_quota(): data large: 10513904/10M
05-23 11:12:10.177   167   167 E SLOGCP  : virtual void LogPipeHandler::process(int): CP cp_5mode save log error [16(Device or resource busy)]
05-23 11:12:10.247   167   167 E SLOGCP  : int MediaStorage::check_quota(): data large: 10513904/10M
05-23 11:12:10.247   167   167 E SLOGCP  : virtual void LogPipeHandler::process(int): CP cp_5mode save log error [16(Device or resource busy)]
05-23 11:12:10.307   167   167 E SLOGCP  : int MediaStorage::check_quota(): data large: 10513904/10M
05-23 11:12:10.307   167   167 E SLOGCP  : virtual void LogPipeHandler::process(int): CP cp_5mode save log error [16(Device or resource busy)]
05-23 11:12:10.488   167   167 E SLOGCP  : int MediaStorage::check_quota(): data large: 10513904/10M
05-23 11:12:10.488   167   167 E SLOGCP  : virtual void LogPipeHandler::process(int): CP cp_5mode save log error [16(Device or resource busy)]
05-23 11:12:10.728   592  2312 D Settings: newValuesVersion = 35
05-23 11:12:10.728   592  2312 D Settings: mValues.get(name) = null
05-23 11:12:10.728   592  2312 D Settings: newValuesVersion = 35
05-23 11:12:10.728   592  2312 D Settings: mValues.get(name) = null
05-23 11:12:10.958   167   167 E SLOGCP  : int MediaStorage::check_quota(): data large: 10513904/10M
05-23 11:12:10.958   167   167 E SLOGCP  : virtual void LogPipeHandler::process(int): CP cp_5mode save log error [16(Device or resource busy)]
05-23 11:12:11.118   167   167 E SLOGCP  : int MediaStorage::check_quota(): data large: 10513904/10M
05-23 11:12:11.118   167   167 E SLOGCP  : virtual void LogPipeHandler::process(int): CP cp_5mode save log error [16(Device or resource busy)]
05-23 11:12:11.348   160   421 V AudioFlinger: releaseWakeLock_l() AudioOut_2
05-23 11:12:11.348   160   421 V AudioFlinger: thread 0xb50ef008 type 0 TID 421 going to sleep
05-23 11:12:11.449   167   167 E SLOGCP  : int MediaStorage::check_quota(): data large: 10513904/10M
05-23 11:12:11.449   167   167 E SLOGCP  : virtual void LogPipeHandler::process(int): CP cp_5mode save log error [16(Device or resource busy)]
05-23 11:12:11.629   592   975 D LIBGPS  : watchdog_open PowerState:GE2 CP SLEEP,readcount:0
05-23 11:12:11.769   167   167 E SLOGCP  : int MediaStorage::check_quota(): data large: 10513904/10M
