05-23 11:05:38.213   181   247 I use-Rlog/RLOG-RILC: [0] -->Normal Dispatch [247] free one command
05-23 11:05:38.213   698   747 D RILJ    : [0]< iccIO:  0x90 0x0 FFFFFFFFFFFFFFFFFFFFFFFFFFFFFFFFFFFF
05-23 11:05:38.213   698   747 D RILJ    : [0][3699]< SIM_IO IccIoResponse sw1:0x90 sw2:0x0
05-23 11:05:38.213   698   779 D RILJ    : [0][3700]> iccIO: SIM_IO 0xb2 0x6fb7  path: 3F007FFF,3,4,18 aid: null
05-23 11:05:38.233   181   231 I use-Rlog/RLOG-RILC: [0] enter processCommandsCallback, socket type = 0
05-23 11:05:38.233   181   231 I use-Rlog/RLOG-RILC: [0] enter processCommandsCallback, socket type = 0
05-23 11:05:38.233   181   231 D use-Rlog/RLOG-RILC: [0] Add 'SIM_IO' to sim_cmd_list
05-23 11:05:38.233   181   247 I use-Rlog/RLOG-RILC: [0] -->Normal Dispatch sim list
05-23 11:05:38.233   181   247 D use-Rlog/RLOG-RILC: [0] PCB request code 28 token 52
05-23 11:05:38.233   181   247 D use-Rlog/RLOG-RILC: [0] [0052]> SIM_IO (cmd=0xB2,efid=0x6FB7,path=3F007FFF,3,4,18,(null),pin2=(null),aid=(null))
05-23 11:05:38.233   181   247 D use-Rlog/RLOG-RIL: [0] onRequest: SIM_IO sState=0
05-23 11:05:38.233   181   247 D use-Rlog/RLOG-RIL: [0] channel1 state: '0' 
05-23 11:05:38.233   181   247 D use-Rlog/RLOG-RIL: [0] get Channel ID '1'
05-23 11:05:38.233   181   247 D use-Rlog/RLOG-AT: [0] Channel1: AT> AT+CRSM=178,28599,3,4,18,0,"3F007FFF"
05-23 11:05:38.243   181   242 D use-Rlog/RLOG-AT: [0] Channel1: AT< +CRSM: 144,0,FFFFFFFFFFFFFFFFFFFFFFFFFFFFFFFFFFFF
05-23 11:05:38.243   181   242 D use-Rlog/RLOG-AT: [0] Channel1: AT< OK
05-23 11:05:38.243   181   247 D use-Rlog/RLOG-AT: [0] Channel1: AT> AT+EUICC?
05-23 11:05:38.253   181   242 D use-Rlog/RLOG-AT: [0] Channel1: AT< +EUICC: 0,2,1
05-23 11:05:38.253   181   242 D use-Rlog/RLOG-AT: [0] Channel1: AT< OK
05-23 11:05:38.253   181   247 D use-Rlog/RLOG-RIL: [0] getSimType: +EUICC: 0,2,1
05-23 11:05:38.253   181   247 D use-Rlog/RLOG-RILC: [0] [0052]< SIM_IO {sw1=0x90,sw2=0x0,FFFFFFFFFFFFFFFFFFFFFFFFFFFFFFFFFFFF}
05-23 11:05:38.253   181   247 D use-Rlog/RLOG-RIL: [0] put Channel ID '1'
05-23 11:05:38.253   181   247 I use-Rlog/RLOG-RILC: [0] -->Normal Dispatch [247] free one command
05-23 11:05:38.253   698   747 D RILJ    : [0]< iccIO:  0x90 0x0 FFFFFFFFFFFFFFFFFFFFFFFFFFFFFFFFFFFF
05-23 11:05:38.253   698   747 D RILJ    : [0][3700]< SIM_IO IccIoResponse sw1:0x90 sw2:0x0
05-23 11:05:38.253   698   779 D RILJ    : [0][3701]> iccIO: SIM_IO 0xb2 0x6fb7  path: 3F007FFF,4,4,18 aid: null
05-23 11:05:38.253   181   231 I use-Rlog/RLOG-RILC: [0] enter processCommandsCallback, socket type = 0
05-23 11:05:38.253   181   231 I use-Rlog/RLOG-RILC: [0] enter processCommandsCallback, socket type = 0
05-23 11:05:38.253   181   231 D use-Rlog/RLOG-RILC: [0] Add 'SIM_IO' to sim_cmd_list
05-23 11:05:38.253   181   247 I use-Rlog/RLOG-RILC: [0] -->Normal Dispatch sim list
05-23 11:05:38.253   181   247 D use-Rlog/RLOG-RILC: [0] PCB request code 28 token 53
05-23 11:05:38.253   181   247 D use-Rlog/RLOG-RILC: [0] [0053]> SIM_IO (cmd=0xB2,efid=0x6FB7,path=3F007FFF,4,4,18,(null),pin2=(null),aid=(null))
05-23 11:05:38.253   181   247 D use-Rlog/RLOG-RIL: [0] onRequest: SIM_IO sState=0
05-23 11:05:38.253   181   247 D use-Rlog/RLOG-RIL: [0] channel1 state: '0' 
05-23 11:05:38.253   181   247 D use-Rlog/RLOG-RIL: [0] get Channel ID '1'
05-23 11:05:38.253   181   247 D use-Rlog/RLOG-AT: [0] Channel1: AT> AT+CRSM=178,28599,4,4,18,0,"3F007FFF"
05-23 11:05:38.263   181   242 D use-Rlog/RLOG-AT: [0] Channel1: AT< +CRSM: 144,0,FFFFFFFFFFFFFFFFFFFFFFFFFFFFFFFFFFFF
05-23 11:05:38.263   181   242 D use-Rlog/RLOG-AT: [0] Channel1: AT< OK
05-23 11:05:38.263   181   247 D use-Rlog/RLOG-AT: [0] Channel1: AT> AT+EUICC?
05-23 11:05:38.263   181   242 D use-Rlog/RLOG-AT: [0] Channel1: AT< +EUICC: 0,2,1
05-23 11:05:38.263   181   242 D use-Rlog/RLOG-AT: [0] Channel1: AT< OK
05-23 11:05:38.263   181   247 D use-Rlog/RLOG-RIL: [0] getSimType: +EUICC: 0,2,1
05-23 11:05:38.263   181   247 D use-Rlog/RLOG-RILC: [0] [0053]< SIM_IO {sw1=0x90,sw2=0x0,FFFFFFFFFFFFFFFFFFFFFFFFFFFFFFFFFFFF}
05-23 11:05:38.263   181   247 D use-Rlog/RLOG-RIL: [0] put Channel ID '1'
05-23 11:05:38.263   181   247 I use-Rlog/RLOG-RILC: [0] -->Normal Dispatch [247] free one command
05-23 11:05:38.273   698   747 D RILJ    : [0]< iccIO:  0x90 0x0 FFFFFFFFFFFFFFFFFFFFFFFFFFFFFFFFFFFF
05-23 11:05:38.273   698   747 D RILJ    : [0][3701]< SIM_IO IccIoResponse sw1:0x90 sw2:0x0
05-23 11:05:38.303   698   698 D SIMRecords: [SIMRecords] IMSI: xxxxxxx
05-23 11:05:38.604   926   939 W SignalStrength: Size of signalstrength parcel:168
05-23 11:05:38.604   698   698 D SIMRecords: [SIMRecords] onRecordLoaded 19 requested: true
05-23 11:05:38.604   698   698 D TD      : broadcast : ACTION_IS_SIM_SMS_READY, id = 0
05-23 11:05:38.624   698   698 D PHONE   : [ServiceState] setNullState=3
05-23 11:05:38.624   926   939 W SignalStrength: Size of signalstrength parcel:168
05-23 11:05:38.624   926   939 W SignalStrength: Size of signalstrength parcel:168
05-23 11:05:38.624   926   939 W SignalStrength: Size of signalstrength parcel:168
05-23 11:05:38.644   926   939 W SignalStrength: Size of signalstrength parcel:168
05-23 11:05:38.654   698   698 D GsmSST  : [GsmSST-phoneId0] Poll ServiceState done:  oldSS=[3 3 home null null null  Unknown Unknown CSS not supported -1 -1 RoamInd=-1 DefRoamInd=-1 EmergOnly=false mImsRegistration = false mSrvccState = -1] newSS=[3 3 home null null null  Unknown Unknown CSS not supported -1 -1 RoamInd=-1 DefRoamInd=-1 EmergOnly=false mImsRegistration = false mSrvccState = -1] oldMaxDataCalls=1 mNewMaxDataCalls=1 oldReasonDataDenied=-1 mNewReasonDataDenied=-1
05-23 11:05:38.654   698   698 D PHONE   : [ServiceState] setNullState=1
05-23 11:05:38.654   926   939 W SignalStrength: Size of signalstrength parcel:168
05-23 11:05:38.654   698   698 D CAT     : CatService: handleMessage[2]
05-23 11:05:38.654   698   698 D CAT     : CatService: ril message arrived,slotid:0
05-23 11:05:38.654   698   698 D SIMRecords: [SIMRecords] onRecordLoaded 18 requested: true
05-23 11:05:38.654   698   698 D SIMRecords: [SIMRecords] onRecordLoaded 17 requested: true
05-23 11:05:38.654   698   698 D SIMRecords: [SIMRecords] onRecordLoaded 16 requested: true
05-23 11:05:38.654   698   698 D SIMRecords: [SIMRecords] onRecordLoaded 15 requested: true
05-23 11:05:38.654   698   698 D SIMRecords: [SIMRecords] Load ons false
05-23 11:05:38.654   698   698 I SPRDUSIMFileHandler: loadEFTransparent fileid 6f18
05-23 11:05:38.654   698  1003 D CAT     : RilMessageDecoder: [stk]ril msg = 2 mData =D0819481030125008202818285138000280055002900530049004D53615E9475288F0A01806211768454C1724C8F0A808000530049004D76FE8F10818000530049004D5FEB6377786E8BA48F0A0280670D52A152A974068F0A038065E07EBF57CE5E028F0A048079FB52A87CBE54C18F0A05804E1A52A18D855E028F0A4C805E9475287BA174068F0A4D804E0B8F7D8BBE7F6E18022121
05-23 11:05:38.654   698  1003 D CAT     : RilMessageDecoder: [stk]rawData length151
05-23 11:05:38.654   698   698 D RILJ    : [0][3702]> iccIO: SIM_IO 0xc0 0x6f18  path: 3F007F20,0,0,15 aid: null
05-23 11:05:38.664   698  1003 D CAT     : CommandParamsFactory: process SelectItem
05-23 11:05:38.724   698   698 D SIMRecords: [SIMRecords] onRecordLoaded 15 requested: true
05-23 11:05:38.724   698   698 D SIMRecords: [SIMRecords] onRecordLoaded 14 requested: true
05-23 11:05:38.724   698   698 D SIMRecords: [SIMRecords] onRecordLoaded 13 requested: true
05-23 11:05:38.724   181   231 I use-Rlog/RLOG-RILC: [0] enter processCommandsCallback, socket type = 0
05-23 11:05:38.724   698   698 D SIMRecords: [SIMRecords] onRecordLoaded 12 requested: true
05-23 11:05:38.724   181   231 I use-Rlog/RLOG-RILC: [0] enter processCommandsCallback, socket type = 0
05-23 11:05:38.724   698   698 D SIMRecords: [SIMRecords] onRecordLoaded 11 requested: true
05-23 11:05:38.724   181   231 D use-Rlog/RLOG-RILC: [0] Add 'SIM_IO' to sim_cmd_list
05-23 11:05:38.724   181   247 I use-Rlog/RLOG-RILC: [0] -->Normal Dispatch sim list
05-23 11:05:38.724   181   247 D use-Rlog/RLOG-RILC: [0] PCB request code 28 token 54
05-23 11:05:38.724   181   247 D use-Rlog/RLOG-RILC: [0] [0054]> SIM_IO (cmd=0xC0,efid=0x6F18,path=3F007F20,0,0,15,(null),pin2=(null),aid=(null))
05-23 11:05:38.724   181   247 D use-Rlog/RLOG-RIL: [0] onRequest: SIM_IO sState=0
05-23 11:05:38.724   181   247 D use-Rlog/RLOG-RIL: [0] channel1 state: '0' 
05-23 11:05:38.724   181   247 D use-Rlog/RLOG-RIL: [0] get Channel ID '1'
05-23 11:05:38.724   181   247 D use-Rlog/RLOG-AT: [0] Channel1: AT> AT+CRSM=192,28440,0,0,15,0,"3F007F20"
05-23 11:05:38.724   698   698 D SIMRecords: [SIMRecords] onRecordLoaded 10 requested: true
05-23 11:05:38.724   698   698 E SIMRecords: [SIMRecords] Exception in fetching EF_CSP data com.android.internal.telephony.uicc.IccException: sw1:106 sw2:130
05-23 11:05:38.724   698   698 D SIMRecords: [SIMRecords] onRecordLoaded 9 requested: true
05-23 11:05:38.724   698   698 E SIMRecords: [SIMRecords] Exception in get GID1 com.android.internal.telephony.uicc.IccException: sw1:106 sw2:130
05-23 11:05:38.724   698   698 D SIMRecords: [SIMRecords] onRecordLoaded 8 requested: true
05-23 11:05:38.734   698   698 D RILJ    : [0][3703]> iccIO: SIM_IO 0xc0 0x6fb7  path: 3F007FFF,0,0,15 aid: null
05-23 11:05:38.734   181   231 I use-Rlog/RLOG-RILC: [0] enter processCommandsCallback, socket type = 0
05-23 11:05:38.734   181   231 D use-Rlog/RLOG-RILC: [0] Add 'SIM_IO' to sim_cmd_list
05-23 11:05:38.754   181   242 D use-Rlog/RLOG-AT: [0] Channel1: AT< +CRSM: 106,130
05-23 11:05:38.754   181   242 D use-Rlog/RLOG-AT: [0] Channel1: AT< OK
05-23 11:05:38.754   181   247 D use-Rlog/RLOG-AT: [0] Channel1: AT> AT+EUICC?
05-23 11:05:38.754   181   242 D use-Rlog/RLOG-AT: [0] Channel1: AT< +EUICC: 0,2,1
05-23 11:05:38.754   181   242 D use-Rlog/RLOG-AT: [0] Channel1: AT< OK
05-23 11:05:38.754   181   247 D use-Rlog/RLOG-RIL: [0] getSimType: +EUICC: 0,2,1
05-23 11:05:38.754   181   247 E use-Rlog/RLOG-RIL: [0] usim card, change to sim format
05-23 11:05:38.754   181   247 D use-Rlog/RLOG-RILC: [0] [0054]< SIM_IO {sw1=0x6A,sw2=0x82,(null)}
05-23 11:05:38.754   181   247 D use-Rlog/RLOG-RIL: [0] put Channel ID '1'
05-23 11:05:38.754   181   247 I use-Rlog/RLOG-RILC: [0] -->Normal Dispatch [247] free one command
05-23 11:05:38.754   181   247 I use-Rlog/RLOG-RILC: [0] -->Normal Dispatch sim list
05-23 11:05:38.754   181   247 D use-Rlog/RLOG-RILC: [0] PCB request code 28 token 55
05-23 11:05:38.754   181   247 D use-Rlog/RLOG-RILC: [0] [0055]> SIM_IO (cmd=0xC0,efid=0x6FB7,path=3F007FFF,0,0,15,(null),pin2=(null),aid=(null))
05-23 11:05:38.754   181   247 D use-Rlog/RLOG-RIL: [0] onRequest: SIM_IO sState=0
05-23 11:05:38.754   181   247 D use-Rlog/RLOG-RIL: [0] channel1 state: '0' 
05-23 11:05:38.754   181   247 D use-Rlog/RLOG-RIL: [0] get Channel ID '1'
05-23 11:05:38.754   181   247 D use-Rlog/RLOG-AT: [0] Channel1: AT> AT+CRSM=192,28599,0,0,15,0,"3F007FFF"
05-23 11:05:38.754   698   747 D RILJ    : [0]< iccIO:  0x6a 0x82 null
05-23 11:05:38.754   698   747 D RILJ    : [0][3702]< SIM_IO IccIoResponse sw1:0x6a sw2:0x82
05-23 11:05:38.754   698   779 D SPRDUSIMFileHandler: [SPRDUSIMFileHandler] EVENT_GET_BINARY_SIZE_DONE
05-23 11:05:38.754   698   779 I SPRDUSIMFileHandler: isFinishLoadFile  fileId 28440, pathNum 0
05-23 11:05:38.754   698   779 I SPRDUSIMFileHandler: isDualMapFile  fileId 28440 mDualMapFileList {20272=3F007F105F3A, 28476=3F007FFF}
05-23 11:05:38.774   181   242 D use-Rlog/RLOG-AT: [0] Channel1: AT< +CRSM: 144,0,621A8205422100120483026FB78A01058B036F060780020048880108
05-23 11:05:38.774   181   242 D use-Rlog/RLOG-AT: [0] Channel1: AT< OK
05-23 11:05:38.774   181   247 D use-Rlog/RLOG-AT: [0] Channel1: AT> AT+EUICC?
05-23 11:05:38.774   181   242 D use-Rlog/RLOG-AT: [0] Channel1: AT< +EUICC: 0,2,1
05-23 11:05:38.774   181   242 D use-Rlog/RLOG-AT: [0] Channel1: AT< OK
05-23 11:05:38.774   181   247 D use-Rlog/RLOG-RIL: [0] getSimType: +EUICC: 0,2,1
05-23 11:05:38.774   181   247 E use-Rlog/RLOG-RIL: [0] usim card, change to sim format
05-23 11:05:38.774   181   247 E use-Rlog/RLOG-RIL: [0] sr.simResponse NOT NULL, convert to sim
05-23 11:05:38.774   181   247 E use-Rlog/RLOG-RIL: [0] TYPE_FCP_DES index = 2 
05-23 11:05:38.774   181   247 E use-Rlog/RLOG-RIL: [0] TYPE_FCP_SIZE index = 21 
05-23 11:05:38.774   181   247 E use-Rlog/RLOG-RIL: [0] EF_TYPE_LINEAR_FIXED
05-23 11:05:38.774   181   247 D use-Rlog/RLOG-RIL: [0] convert to sim done, return:000000480000040000000000000112
05-23 11:05:38.774   181   247 D use-Rlog/RLOG-RILC: [0] [0055]< SIM_IO {sw1=0x90,sw2=0x0,000000480000040000000000000112}
05-23 11:05:38.774   181   247 D use-Rlog/RLOG-RIL: [0] put Channel ID '1'
05-23 11:05:38.774   181   247 I use-Rlog/RLOG-RILC: [0] -->Normal Dispatch [247] free one command
05-23 11:05:38.774   698   747 D RILJ    : [0]< iccIO:  0x90 0x0 000000480000040000000000000112
05-23 11:05:38.774   698   747 D RILJ    : [0][3703]< SIM_IO IccIoResponse sw1:0x90 sw2:0x0
05-23 11:05:38.774   698   779 D SPRDUSIMFileHandler: [SPRDUSIMFileHandler] msg.what = 6
05-23 11:05:38.774   698   779 D RILJ    : [0][3704]> iccIO: SIM_IO 0xb2 0x6fb7  path: 3F007FFF,1,4,18 aid: null
05-23 11:05:39.144   181   231 I use-Rlog/RLOG-RILC: [0] enter processCommandsCallback, socket type = 0
05-23 11:05:39.144   181   231 D use-Rlog/RLOG-RILC: [0] Add 'SIM_IO' to sim_cmd_list
05-23 11:05:39.144   181   247 I use-Rlog/RLOG-RILC: [0] -->Normal Dispatch sim list
05-23 11:05:39.144   181   247 D use-Rlog/RLOG-RILC: [0] PCB request code 28 token 56
05-23 11:05:39.144   181   247 D use-Rlog/RLOG-RILC: [0] [0056]> SIM_IO (cmd=0xB2,efid=0x6FB7,path=3F007FFF,1,4,18,(null),pin2=(null),aid=(null))
05-23 11:05:39.144   181   247 D use-Rlog/RLOG-RIL: [0] onRequest: SIM_IO sState=0
05-23 11:05:39.144   181   247 D use-Rlog/RLOG-RIL: [0] channel1 state: '0' 
05-23 11:05:39.144   181   247 D use-Rlog/RLOG-RIL: [0] get Channel ID '1'
05-23 11:05:39.144   181   247 D use-Rlog/RLOG-AT: [0] Channel1: AT> AT+CRSM=178,28599,1,4,18,0,"3F007FFF"
05-23 11:05:39.154   181   242 D use-Rlog/RLOG-AT: [0] Channel1: AT< +CRSM: 144,0,FFFFFFFFFFFFFFFFFFFFFFFFFFFFFFFFFFFF
05-23 11:05:39.154   181   242 D use-Rlog/RLOG-AT: [0] Channel1: AT< OK
05-23 11:05:39.154   181   247 D use-Rlog/RLOG-AT: [0] Channel1: AT> AT+EUICC?
05-23 11:05:39.164   181   242 D use-Rlog/RLOG-AT: [0] Channel1: AT< +EUICC: 0,2,1
05-23 11:05:39.164   181   242 D use-Rlog/RLOG-AT: [0] Channel1: AT< OK
05-23 11:05:39.164   181   247 D use-Rlog/RLOG-RIL: [0] getSimType: +EUICC: 0,2,1
05-23 11:05:39.164   181   247 D use-Rlog/RLOG-RILC: [0] [0056]< SIM_IO {sw1=0x90,sw2=0x0,FFFFFFFFFFFFFFFFFFFFFFFFFFFFFFFFFFFF}
05-23 11:05:39.164   181   247 D use-Rlog/RLOG-RIL: [0] put Channel ID '1'
05-23 11:05:39.164   181   247 I use-Rlog/RLOG-RILC: [0] -->Normal Dispatch [247] free one command
05-23 11:05:39.164   698   747 D RILJ    : [0]< iccIO:  0x90 0x0 FFFFFFFFFFFFFFFFFFFFFFFFFFFFFFFFFFFF
05-23 11:05:39.164   698   747 D RILJ    : [0][3704]< SIM_IO IccIoResponse sw1:0x90 sw2:0x0
05-23 11:05:39.164   698   779 D RILJ    : [0][3705]> iccIO: SIM_IO 0xb2 0x6fb7  path: 3F007FFF,2,4,18 aid: null
05-23 11:05:39.194   698   698 I SPRDUSIMFileHandler: loadEFTransparent fileid 2fe2
05-23 11:05:39.194   698   698 D RILJ    : [0][3706]> iccIO: SIM_IO 0xc0 0x2fe2  path: 3F00,0,0,15 aid: null
05-23 11:05:39.234   181   231 I use-Rlog/RLOG-RILC: [0] enter processCommandsCallback, socket type = 0
05-23 11:05:39.234   181   231 D use-Rlog/RLOG-RILC: [0] Add 'SIM_IO' to sim_cmd_list
05-23 11:05:39.234   181   247 I use-Rlog/RLOG-RILC: [0] -->Normal Dispatch sim list
05-23 11:05:39.234   181   247 D use-Rlog/RLOG-RILC: [0] PCB request code 28 token 57
05-23 11:05:39.234   181   247 D use-Rlog/RLOG-RILC: [0] [0057]> SIM_IO (cmd=0xB2,efid=0x6FB7,path=3F007FFF,2,4,18,(null),pin2=(null),aid=(null))
05-23 11:05:39.234   181   247 D use-Rlog/RLOG-RIL: [0] onRequest: SIM_IO sState=0
05-23 11:05:39.234   181   247 D use-Rlog/RLOG-RIL: [0] channel1 state: '0' 
05-23 11:05:39.234   181   247 D use-Rlog/RLOG-RIL: [0] get Channel ID '1'
05-23 11:05:39.234   181   247 D use-Rlog/RLOG-AT: [0] Channel1: AT> AT+CRSM=178,28599,2,4,18,0,"3F007FFF"
05-23 11:05:39.234   181   231 I use-Rlog/RLOG-RILC: [0] enter processCommandsCallback, socket type = 0
05-23 11:05:39.234   181   231 D use-Rlog/RLOG-RILC: [0] Add 'SIM_IO' to sim_cmd_list
05-23 11:05:39.234   698   698 D SIMRecords: [SIMRecords] iccid: 89860043191747266158
05-23 11:05:39.234   698   698 D PhoneFactory: setSystemProperty >>>>>>  value = 89860043191747266158
05-23 11:05:39.244   181   242 D use-Rlog/RLOG-AT: [0] Channel1: AT< +CRSM: 144,0,FFFFFFFFFFFFFFFFFFFFFFFFFFFFFFFFFFFF
05-23 11:05:39.244   181   242 D use-Rlog/RLOG-AT: [0] Channel1: AT< OK
05-23 11:05:39.244   181   247 D use-Rlog/RLOG-AT: [0] Channel1: AT> AT+EUICC?
05-23 11:05:39.244   181   242 D use-Rlog/RLOG-AT: [0] Channel1: AT< +EUICC: 0,2,1
05-23 11:05:39.244   181   242 D use-Rlog/RLOG-AT: [0] Channel1: AT< OK
05-23 11:05:39.244   181   247 D use-Rlog/RLOG-RIL: [0] getSimType: +EUICC: 0,2,1
05-23 11:05:39.244   181   247 D use-Rlog/RLOG-RILC: [0] [0057]< SIM_IO {sw1=0x90,sw2=0x0,FFFFFFFFFFFFFFFFFFFFFFFFFFFFFFFFFFFF}
05-23 11:05:39.244   181   247 D use-Rlog/RLOG-RIL: [0] put Channel ID '1'
05-23 11:05:39.244   181   247 I use-Rlog/RLOG-RILC: [0] -->Normal Dispatch [247] free one command
05-23 11:05:39.244   181   247 I use-Rlog/RLOG-RILC: [0] -->Normal Dispatch sim list
05-23 11:05:39.244   181   247 D use-Rlog/RLOG-RILC: [0] PCB request code 28 token 58
05-23 11:05:39.244   181   247 D use-Rlog/RLOG-RILC: [0] [0058]> SIM_IO (cmd=0xC0,efid=0x2FE2,path=3F00,0,0,15,(null),pin2=(null),aid=(null))
05-23 11:05:39.244   181   247 D use-Rlog/RLOG-RIL: [0] onRequest: SIM_IO sState=0
05-23 11:05:39.244   181   247 D use-Rlog/RLOG-RIL: [0] channel1 state: '0' 
05-23 11:05:39.244   181   247 D use-Rlog/RLOG-RIL: [0] get Channel ID '1'
05-23 11:05:39.244   181   247 D use-Rlog/RLOG-AT: [0] Channel1: AT> AT+CRSM=192,12258,0,0,15,0,"3F00"
05-23 11:05:39.254   698   747 D RILJ    : [0]< iccIO:  0x90 0x0 FFFFFFFFFFFFFFFFFFFFFFFFFFFFFFFFFFFF
05-23 11:05:39.254   698   747 D RILJ    : [0][3705]< SIM_IO IccIoResponse sw1:0x90 sw2:0x0
05-23 11:05:39.254   698   779 D RILJ    : [0][3707]> iccIO: SIM_IO 0xb2 0x6fb7  path: 3F007FFF,3,4,18 aid: null
05-23 11:05:39.294   181   231 I use-Rlog/RLOG-RILC: [0] enter processCommandsCallback, socket type = 0
05-23 11:05:39.294   181   231 D use-Rlog/RLOG-RILC: [0] Add 'SIM_IO' to sim_cmd_list
05-23 11:05:39.304   698   698 D SIMRecords: [SIMRecords] onRecordLoaded 8 requested: true
05-23 11:05:39.304   698   698 D SIMRecords: [SIMRecords] MSISDN: 
05-23 11:05:39.304   698   698 D SIMRecords: [SIMRecords] onRecordLoaded 7 requested: true
05-23 11:05:39.304   698   698 D SIMRecords: [SIMRecords] EF_MBI: 0100000000
05-23 11:05:39.304   698   698 D SIMRecords: [SIMRecords] Got valid mailbox number for MBDN
05-23 11:05:39.304   698   698 D RILJ    : [0][3708]> iccIO: SIM_IO 0xc0 0x6fc7  path: 3F007FFF,0,0,15 aid: null
05-23 11:05:39.304   181   242 D use-Rlog/RLOG-AT: [0] Channel1: AT< +CRSM: 144,0,62178202412183022FE28A01058B032F06078002000A880110
05-23 11:05:39.304   181   242 D use-Rlog/RLOG-AT: [0] Channel1: AT< OK
05-23 11:05:39.304   181   247 D use-Rlog/RLOG-AT: [0] Channel1: AT> AT+EUICC?
05-23 11:05:39.304   181   242 D use-Rlog/RLOG-AT: [0] Channel1: AT< +EUICC: 0,2,1
05-23 11:05:39.304   181   242 D use-Rlog/RLOG-AT: [0] Channel1: AT< OK
05-23 11:05:39.304   181   247 D use-Rlog/RLOG-RIL: [0] getSimType: +EUICC: 0,2,1
05-23 11:05:39.304   181   247 E use-Rlog/RLOG-RIL: [0] usim card, change to sim format
05-23 11:05:39.304   181   247 E use-Rlog/RLOG-RIL: [0] sr.simResponse NOT NULL, convert to sim
05-23 11:05:39.304   181   247 E use-Rlog/RLOG-RIL: [0] TYPE_FCP_DES index = 2 
05-23 11:05:39.304   181   247 E use-Rlog/RLOG-RIL: [0] TYPE_FCP_SIZE index = 18 
05-23 11:05:39.304   181   247 E use-Rlog/RLOG-RIL: [0] EF_TYPE_TRANSPARENT
05-23 11:05:39.304   181   247 D use-Rlog/RLOG-RIL: [0] convert to sim done, return:0000000A0000040000000000000000
05-23 11:05:39.304   181   247 D use-Rlog/RLOG-RILC: [0] [0058]< SIM_IO {sw1=0x90,sw2=0x0,0000000A0000040000000000000000}
05-23 11:05:39.304   181   247 D use-Rlog/RLOG-RIL: [0] put Channel ID '1'
05-23 11:05:39.304   181   247 I use-Rlog/RLOG-RILC: [0] -->Normal Dispatch [247] free one command
05-23 11:05:39.304   181   247 I use-Rlog/RLOG-RILC: [0] -->Normal Dispatch sim list
05-23 11:05:39.304   181   247 D use-Rlog/RLOG-RILC: [0] PCB request code 28 token 59
05-23 11:05:39.304   181   247 D use-Rlog/RLOG-RILC: [0] [0059]> SIM_IO (cmd=0xB2,efid=0x6FB7,path=3F007FFF,3,4,18,(null),pin2=(null),aid=(null))
05-23 11:05:39.304   181   247 D use-Rlog/RLOG-RIL: [0] onRequest: SIM_IO sState=0
05-23 11:05:39.304   181   247 D use-Rlog/RLOG-RIL: [0] channel1 state: '0' 
05-23 11:05:39.304   181   247 D use-Rlog/RLOG-RIL: [0] get Channel ID '1'
05-23 11:05:39.304   181   247 D use-Rlog/RLOG-AT: [0] Channel1: AT> AT+CRSM=178,28599,3,4,18,0,"3F007FFF"
05-23 11:05:39.304   698   747 D RILJ    : [0]< iccIO:  0x90 0x0 0000000A0000040000000000000000
05-23 11:05:39.304   698   747 D RILJ    : [0][3706]< SIM_IO IccIoResponse sw1:0x90 sw2:0x0
05-23 11:05:39.304   698   779 D SPRDUSIMFileHandler: [SPRDUSIMFileHandler] EVENT_GET_BINARY_SIZE_DONE
05-23 11:05:39.304   698   779 D RILJ    : [0][3709]> iccIO: SIM_IO 0xb0 0x2fe2  path: 3F00,0,0,10 aid: null
05-23 11:05:39.304   698   698 D SIMRecords: [SIMRecords] onRecordLoaded 7 requested: true
05-23 11:05:39.304   181   231 I use-Rlog/RLOG-RILC: [0] enter processCommandsCallback, socket type = 0
05-23 11:05:39.304   181   231 I use-Rlog/RLOG-RILC: [0] enter processCommandsCallback, socket type = 0
05-23 11:05:39.304   181   231 D use-Rlog/RLOG-RILC: [0] Add 'SIM_IO' to sim_cmd_list
05-23 11:05:39.314   698   698 D SIMRecords: [SIMRecords] EF_AD: 00000002
05-23 11:05:39.334   181   242 D use-Rlog/RLOG-AT: [0] Channel1: AT< +CRSM: 144,0,FFFFFFFFFFFFFFFFFFFFFFFFFFFFFFFFFFFF
05-23 11:05:39.334   181   242 D use-Rlog/RLOG-AT: [0] Channel1: AT< OK
05-23 11:05:39.334   181   247 D use-Rlog/RLOG-AT: [0] Channel1: AT> AT+EUICC?
05-23 11:05:39.334   181   242 D use-Rlog/RLOG-AT: [0] Channel1: AT< +EUICC: 0,2,1
05-23 11:05:39.334   181   242 D use-Rlog/RLOG-AT: [0] Channel1: AT< OK
05-23 11:05:39.334   181   247 D use-Rlog/RLOG-RIL: [0] getSimType: +EUICC: 0,2,1
05-23 11:05:39.334   181   231 I use-Rlog/RLOG-RILC: [0] enter processCommandsCallback, socket type = 0
05-23 11:05:39.334   181   247 D use-Rlog/RLOG-RILC: [0] [0059]< SIM_IO {sw1=0x90,sw2=0x0,FFFFFFFFFFFFFFFFFFFFFFFFFFFFFFFFFFFF}
05-23 11:05:39.334   181   247 D use-Rlog/RLOG-RIL: [0] put Channel ID '1'
05-23 11:05:39.334   181   247 I use-Rlog/RLOG-RILC: [0] -->Normal Dispatch [247] free one command
05-23 11:05:39.334   181   247 I use-Rlog/RLOG-RILC: [0] -->Normal Dispatch sim list
05-23 11:05:39.334   181   247 D use-Rlog/RLOG-RILC: [0] PCB request code 28 token 60
05-23 11:05:39.334   181   247 D use-Rlog/RLOG-RILC: [0] [0060]> SIM_IO (cmd=0xC0,efid=0x6FC7,path=3F007FFF,0,0,15,(null),pin2=(null),aid=(null))
05-23 11:05:39.334   181   247 D use-Rlog/RLOG-RIL: [0] onRequest: SIM_IO sState=0
05-23 11:05:39.334   181   247 D use-Rlog/RLOG-RIL: [0] channel1 state: '0' 
05-23 11:05:39.334   181   247 D use-Rlog/RLOG-RIL: [0] get Channel ID '1'
05-23 11:05:39.334   181   247 D use-Rlog/RLOG-AT: [0] Channel1: AT> AT+CRSM=192,28615,0,0,15,0,"3F007FFF"
05-23 11:05:39.334   698   747 D RILJ    : [0]< iccIO:  0x90 0x0 FFFFFFFFFFFFFFFFFFFFFFFFFFFFFFFFFFFF
05-23 11:05:39.334   698   747 D RILJ    : [0][3707]< SIM_IO IccIoResponse sw1:0x90 sw2:0x0
05-23 11:05:39.334   181   231 I use-Rlog/RLOG-RILC: [0] enter processCommandsCallback, socket type = 0
05-23 11:05:39.334   181   231 D use-Rlog/RLOG-RILC: [0] Add 'SIM_IO' to sim_cmd_list
05-23 11:05:39.334   698   779 D RILJ    : [0][3710]> iccIO: SIM_IO 0xb2 0x6fb7  path: 3F007FFF,4,4,18 aid: null
05-23 11:05:39.354   181   242 D use-Rlog/RLOG-AT: [0] Channel1: AT< +CRSM: 144,0,621982054221001C0A83026FC78A01058B036F0604800201188800
05-23 11:05:39.354   181   242 D use-Rlog/RLOG-AT: [0] Channel1: AT< OK
05-23 11:05:39.354   181   247 D use-Rlog/RLOG-AT: [0] Channel1: AT> AT+EUICC?
05-23 11:05:39.354   181   242 D use-Rlog/RLOG-AT: [0] Channel1: AT< +EUICC: 0,2,1
05-23 11:05:39.354   181   242 D use-Rlog/RLOG-AT: [0] Channel1: AT< OK
05-23 11:05:39.354   181   247 D use-Rlog/RLOG-RIL: [0] getSimType: +EUICC: 0,2,1
05-23 11:05:39.354   181   247 E use-Rlog/RLOG-RIL: [0] usim card, change to sim format
05-23 11:05:39.354   181   247 E use-Rlog/RLOG-RIL: [0] sr.simResponse NOT NULL, convert to sim
05-23 11:05:39.354   181   247 E use-Rlog/RLOG-RIL: [0] TYPE_FCP_DES index = 2 
05-23 11:05:39.354   181   247 E use-Rlog/RLOG-RIL: [0] TYPE_FCP_SIZE index = 21 
05-23 11:05:39.354   181   247 E use-Rlog/RLOG-RIL: [0] EF_TYPE_LINEAR_FIXED
05-23 11:05:39.354   181   247 D use-Rlog/RLOG-RIL: [0] convert to sim done, return:00000118000004000000000000011C
05-23 11:05:39.354   181   247 D use-Rlog/RLOG-RILC: [0] [0060]< SIM_IO {sw1=0x90,sw2=0x0,00000118000004000000000000011C}
05-23 11:05:39.354   181   247 D use-Rlog/RLOG-RIL: [0] put Channel ID '1'
05-23 11:05:39.354   181   247 I use-Rlog/RLOG-RILC: [0] -->Normal Dispatch [247] free one command
05-23 11:05:39.354   181   247 I use-Rlog/RLOG-RILC: [0] -->Normal Dispatch sim list
05-23 11:05:39.354   181   247 D use-Rlog/RLOG-RILC: [0] PCB request code 28 token 61
05-23 11:05:39.354   181   247 D use-Rlog/RLOG-RILC: [0] [0061]> SIM_IO (cmd=0xB0,efid=0x2FE2,path=3F00,0,0,10,(null),pin2=(null),aid=(null))
05-23 11:05:39.354   181   247 D use-Rlog/RLOG-RIL: [0] onRequest: SIM_IO sState=0
05-23 11:05:39.354   181   247 D use-Rlog/RLOG-RIL: [0] channel1 state: '0' 
05-23 11:05:39.354   181   247 D use-Rlog/RLOG-RIL: [0] get Channel ID '1'
05-23 11:05:39.354   181   247 D use-Rlog/RLOG-AT: [0] Channel1: AT> AT+CRSM=176,12258,0,0,10,0,"3F00"
05-23 11:05:39.354   698   747 D RILJ    : [0]< iccIO:  0x90 0x0 00000118000004000000000000011C
05-23 11:05:39.354   698   747 D RILJ    : [0][3708]< SIM_IO IccIoResponse sw1:0x90 sw2:0x0
05-23 11:05:39.394   698   779 D SPRDUSIMFileHandler: [SPRDUSIMFileHandler] msg.what = 6
05-23 11:05:39.394   698   779 D RILJ    : [0][3711]> iccIO: SIM_IO 0xb2 0x6fc7  path: 3F007FFF,1,4,28 aid: null
05-23 11:05:39.394   181   231 I use-Rlog/RLOG-RILC: [0] enter processCommandsCallback, socket type = 0
05-23 11:05:39.394   181   231 I use-Rlog/RLOG-RILC: [0] enter processCommandsCallback, socket type = 0
05-23 11:05:39.394   181   231 D use-Rlog/RLOG-RILC: [0] Add 'SIM_IO' to sim_cmd_list
05-23 11:05:39.394   181   231 I use-Rlog/RLOG-RILC: [0] enter processCommandsCallback, socket type = 0
05-23 11:05:39.394   181   231 I use-Rlog/RLOG-RILC: [0] enter processCommandsCallback, socket type = 0
05-23 11:05:39.394   181   231 D use-Rlog/RLOG-RILC: [0] Add 'SIM_IO' to sim_cmd_list
05-23 11:05:39.394   181   242 D use-Rlog/RLOG-AT: [0] Channel1: AT< +CRSM: 144,0,98680034917174621685
05-23 11:05:39.394   181   242 D use-Rlog/RLOG-AT: [0] Channel1: AT< OK
05-23 11:05:39.394   181   247 D use-Rlog/RLOG-AT: [0] Channel1: AT> AT+EUICC?
05-23 11:05:39.404   181   242 D use-Rlog/RLOG-AT: [0] Channel1: AT< +EUICC: 0,2,1
05-23 11:05:39.404   181   242 D use-Rlog/RLOG-AT: [0] Channel1: AT< OK
05-23 11:05:39.404   181   247 D use-Rlog/RLOG-RIL: [0] getSimType: +EUICC: 0,2,1
05-23 11:05:39.404   181   247 D use-Rlog/RLOG-RILC: [0] [0061]< SIM_IO {sw1=0x90,sw2=0x0,98680034917174621685}
05-23 11:05:39.404   181   247 D use-Rlog/RLOG-RIL: [0] put Channel ID '1'
05-23 11:05:39.404   181   247 I use-Rlog/RLOG-RILC: [0] -->Normal Dispatch [247] free one command
05-23 11:05:39.404   181   247 I use-Rlog/RLOG-RILC: [0] -->Normal Dispatch sim list
05-23 11:05:39.404   181   247 D use-Rlog/RLOG-RILC: [0] PCB request code 28 token 62
05-23 11:05:39.404   181   247 D use-Rlog/RLOG-RILC: [0] [0062]> SIM_IO (cmd=0xB2,efid=0x6FB7,path=3F007FFF,4,4,18,(null),pin2=(null),aid=(null))
05-23 11:05:39.404   181   247 D use-Rlog/RLOG-RIL: [0] onRequest: SIM_IO sState=0
05-23 11:05:39.404   181   247 D use-Rlog/RLOG-RIL: [0] channel1 state: '0' 
05-23 11:05:39.404   181   247 D use-Rlog/RLOG-RIL: [0] get Channel ID '1'
05-23 11:05:39.404   181   247 D use-Rlog/RLOG-AT: [0] Channel1: AT> AT+CRSM=178,28599,4,4,18,0,"3F007FFF"
05-23 11:05:39.404   698   747 D RILJ    : [0]< iccIO:  0x90 0x0 98680034917174621685
05-23 11:05:39.404   698   747 D RILJ    : [0][3709]< SIM_IO IccIoResponse sw1:0x90 sw2:0x0
05-23 11:05:39.404   698   698 D SIMRecords: [SIMRecords] onRecordLoaded 6 requested: true
05-23 11:05:39.414   698   698 D SIMRecords: [SIMRecords] Load spn false
05-23 11:05:39.414   698   698 D SIMRecords: [SIMRecords] Load EF_SPN: CMCC spnDisplayCondition: 0
05-23 11:05:39.414   698   698 D PhoneFactory: setSystemProperty >>>>>>  value = CMCC
05-23 11:05:39.414   698   698 D SIMRecords: [SIMRecords] onRecordLoaded 5 requested: true
05-23 11:05:39.414   698   698 D SIMRecords: [SIMRecords] SST: UsimServiceTable[88]={ FDN, FDN_EXTENSION, OUTGOING_CALL_INFO, INCOMING_CALL_INFO, SM_STORAGE, SM_STATUS_REPORTS, SM_SERVICE_PARAMS, ADVICE_OF_CHARGE, CAP_CONFIG_PARAMS_2, CB_MESSAGE_ID, GROUP_ID_LEVEL_1, GROUP_ID_LEVEL_2, SPN, USER_PLMN_SELECT, MSISDN, GSM_ACCESS, DATA_DL_VIA_SMS_PP, DATA_DL_VIA_SMS_CB, IGNORED_1, ENABLED_SERVICES_TABLE, GSM_SECURITY_CONTEXT, OPERATOR_PLMN_SELECT, HPLMN_SELECT, EXTENSION_5, MBDN, EQUIVALENT_HPLMN, EPS_MOBILITY_MANAGEMENT_INFO, CALL_CONTROL_ON_EPS_PDN_CONNECTION_BY_USIM }
05-23 11:05:39.424   698   698 D SIMRecords: [SIMRecords] onRecordLoaded 4 requested: true
05-23 11:05:39.424   698   698 D IccCardProxy: [1]IccCardProxy  setExternalState newState = ABSENT
05-23 11:05:39.424   698   698 D PhoneFactory: setSystemProperty >>>>>>  value = ABSENT
05-23 11:05:39.424   181   242 D use-Rlog/RLOG-AT: [0] Channel1: AT< +CRSM: 144,0,FFFFFFFFFFFFFFFFFFFFFFFFFFFFFFFFFFFF
05-23 11:05:39.424   181   242 D use-Rlog/RLOG-AT: [0] Channel1: AT< OK
05-23 11:05:39.424   181   247 D use-Rlog/RLOG-AT: [0] Channel1: AT> AT+EUICC?
05-23 11:05:39.424   181   242 D use-Rlog/RLOG-AT: [0] Channel1: AT< +EUICC: 0,2,1
05-23 11:05:39.424   181   242 D use-Rlog/RLOG-AT: [0] Channel1: AT< OK
05-23 11:05:39.424   181   247 D use-Rlog/RLOG-RIL: [0] getSimType: +EUICC: 0,2,1
05-23 11:05:39.424   181   247 D use-Rlog/RLOG-RILC: [0] [0062]< SIM_IO {sw1=0x90,sw2=0x0,FFFFFFFFFFFFFFFFFFFFFFFFFFFFFFFFFFFF}
05-23 11:05:39.424   181   247 D use-Rlog/RLOG-RIL: [0] put Channel ID '1'
05-23 11:05:39.424   181   247 I use-Rlog/RLOG-RILC: [0] -->Normal Dispatch [247] free one command
05-23 11:05:39.424   181   247 I use-Rlog/RLOG-RILC: [0] -->Normal Dispatch sim list
05-23 11:05:39.424   181   247 D use-Rlog/RLOG-RILC: [0] PCB request code 28 token 63
05-23 11:05:39.424   181   247 D use-Rlog/RLOG-RILC: [0] [0063]> SIM_IO (cmd=0xB2,efid=0x6FC7,path=3F007FFF,1,4,28,(null),pin2=(null),aid=(null))
05-23 11:05:39.424   181   247 D use-Rlog/RLOG-RIL: [0] onRequest: SIM_IO sState=0
05-23 11:05:39.424   181   247 D use-Rlog/RLOG-RIL: [0] channel1 state: '0' 
05-23 11:05:39.424   181   247 D use-Rlog/RLOG-RIL: [0] get Channel ID '1'
05-23 11:05:39.424   181   247 D use-Rlog/RLOG-AT: [0] Channel1: AT> AT+CRSM=178,28615,1,4,28,0,"3F007FFF"
05-23 11:05:39.424   698   747 D RILJ    : [0]< iccIO:  0x90 0x0 FFFFFFFFFFFFFFFFFFFFFFFFFFFFFFFFFFFF
05-23 11:05:39.424   698   747 D RILJ    : [0][3710]< SIM_IO IccIoResponse sw1:0x90 sw2:0x0
05-23 11:05:39.454   181   242 D use-Rlog/RLOG-AT: [0] Channel1: AT< +CRSM: 144,0,3132353939FFFFFFFFFFFFFFFFFF07818185090227F9FFFFFFFFFFFF
05-23 11:05:39.454   181   242 D use-Rlog/RLOG-AT: [0] Channel1: AT< OK
05-23 11:05:39.454   181   247 D use-Rlog/RLOG-AT: [0] Channel1: AT> AT+EUICC?
05-23 11:05:39.454   181   242 D use-Rlog/RLOG-AT: [0] Channel1: AT< +EUICC: 0,2,1
05-23 11:05:39.454   181   242 D use-Rlog/RLOG-AT: [0] Channel1: AT< OK
05-23 11:05:39.454   181   247 D use-Rlog/RLOG-RIL: [0] getSimType: +EUICC: 0,2,1
05-23 11:05:39.454   181   247 D use-Rlog/RLOG-RILC: [0] [0063]< SIM_IO {sw1=0x90,sw2=0x0,3132353939FFFFFFFFFFFFFFFFFF07818185090227F9FFFFFFFFFFFF}
05-23 11:05:39.454   181   247 D use-Rlog/RLOG-RIL: [0] put Channel ID '1'
05-23 11:05:39.454   181   247 I use-Rlog/RLOG-RILC: [0] -->Normal Dispatch [247] free one command
05-23 11:05:39.454   698   747 D RILJ    : [0]< iccIO:  0x90 0x0 3132353939FFFFFFFFFFFFFFFFFF07818185090227F9FFFFFFFFFFFF
05-23 11:05:39.454   698   747 D RILJ    : [0][3711]< SIM_IO IccIoResponse sw1:0x90 sw2:0x0
05-23 11:05:39.454   698   779 D AdnRecordLoader: ADN EF: 0x6fc7:1
05-23 11:05:39.454   698   779 D AdnRecordLoader: 3132353939ffffffffffffffffff07818185090227f9ffffffffffff
05-23 11:05:39.494   698   698 I PhoneFactory: autoSetDefaultPhoneId,defaultPhoneId=0
05-23 11:05:39.504   698   698 I PhoneFactory: isCardReady(0) = true
05-23 11:05:39.504   698   698 D PhoneFactory: isHasCardAbsent= false
05-23 11:05:39.504   698   698 D PhoneFactory: setDefaultValue settingPhoneId = 0
05-23 11:05:39.504   698   698 D TelephonyManager: setDefaultSim:phoneIdKey multi_sim_voice_call phoneId 0
05-23 11:05:39.574   698   698 D TelephonyManager: setDefaultSim:phoneIdKey multi_sim_video_call phoneId 0
05-23 11:05:39.574   698   698 D TelephonyManager: setDefaultSim:phoneIdKey multi_sim_mms phoneId 0
05-23 11:05:39.584   698   698 D IccCardProxy: [1]Broadcasting intent ACTION_SIM_STATE_CHANGED ABSENT reason null
05-23 11:05:39.594   698   698 D SIMRecords: [SIMRecords] EVENT_GET_ECC_DONE handleEcc 
05-23 11:05:39.594   698   698 D SIMRecords: [SIMRecords] ECC: ffffffffffffffffffffffffffffffffffff
05-23 11:05:39.594   698   698 D SIMRecords: [SIMRecords] ECC number: 
05-23 11:05:39.594   698   698 D SIMRecords: [SIMRecords] ECC: ffffffffffffffffffffffffffffffffffff
05-23 11:05:39.594   698   698 D SIMRecords: [SIMRecords] ECC number: 
05-23 11:05:39.594   698   698 D SIMRecords: [SIMRecords] ECC: ffffffffffffffffffffffffffffffffffff
05-23 11:05:39.594   698   698 D SIMRecords: [SIMRecords] ECC number: 
05-23 11:05:39.594   698   698 D SIMRecords: [SIMRecords] ECC: ffffffffffffffffffffffffffffffffffff
05-23 11:05:39.594   698   698 D SIMRecords: [SIMRecords] ECC number: 
05-23 11:05:39.594   698   698 D SIMRecords: [SIMRecords] ECC List: 
05-23 11:05:39.594   698   698 D SIMRecords: [SIMRecords] onRecordLoaded 3 requested: true
05-23 11:05:39.604   698   698 D IccCardProxy: [0]Broadcasting intent ACTION_SIM_STATE_CHANGED IMSI reason null
05-23 11:05:39.625   698   698 D PHONE   : [ServiceState] setNullState=3
05-23 11:05:39.625   698   698 D GsmSST  : [GsmSST-phoneId0] Poll ServiceState done:  oldSS=[3 3 home null null null  Unknown Unknown CSS not supported -1 -1 RoamInd=-1 DefRoamInd=-1 EmergOnly=false mImsRegistration = false mSrvccState = -1] newSS=[3 3 home null null null  Unknown Unknown CSS not supported -1 -1 RoamInd=-1 DefRoamInd=-1 EmergOnly=false mImsRegistration = false mSrvccState = -1] oldMaxDataCalls=1 mNewMaxDataCalls=1 oldReasonDataDenied=-1 mNewReasonDataDenied=-1
05-23 11:05:39.625   698   698 D PHONE   : [ServiceState] setNullState=1
05-23 11:05:39.625   698   698 D CAT     : CatService: handleMessage[10]
05-23 11:05:39.625   698   698 D CAT     : CatService: SET_UP_MENU
05-23 11:05:39.675   698   698 D CAT     : CatService: encodeOptionalTags() Unsupported Cmd details=CmdDetails: compRequired=true commandNumber=1 typeOfCommand=37 commandQualifier=0
05-23 11:05:39.675   698   698 D RILJ    : [0][3712]> REQUEST_STK_SEND_TERMINAL_RESPONSE
05-23 11:05:39.715   181   231 I use-Rlog/RLOG-RILC: [0] enter processCommandsCallback, socket type = 0
05-23 11:05:39.715   181   231 I use-Rlog/RLOG-RILC: [0] enter processCommandsCallback, socket type = 0
05-23 11:05:39.715   181   231 I use-Rlog/RLOG-RILC: [0] PCC  alloc one command p_record
05-23 11:05:39.715   181   753 D use-Rlog/RLOG-RILC: [0] PCB request code 70 token 64
05-23 11:05:39.715   181   753 D use-Rlog/RLOG-RILC: [0] [0064]> STK_SEND_TERMINAL_RESPONSE (810301250082028281830100)
05-23 11:05:39.715   181   753 D use-Rlog/RLOG-RIL: [0] onRequest: STK_SEND_TERMINAL_RESPONSE sState=0
05-23 11:05:39.715   181   753 D use-Rlog/RLOG-RIL: [0] channel1 state: '0' 
05-23 11:05:39.715   181   753 D use-Rlog/RLOG-RIL: [0] get Channel ID '1'
05-23 11:05:39.715   181   753 D use-Rlog/RLOG-AT: [0] Channel1: AT> AT+SPUSATTERMINAL="810301250082028281830100"
05-23 11:05:39.725   181   242 D use-Rlog/RLOG-AT: [0] Channel1: AT< +SPUSATTERMINAL: 0
05-23 11:05:39.725   181   242 D use-Rlog/RLOG-AT: [0] Channel1: AT< OK
05-23 11:05:39.725   181   753 D use-Rlog/RLOG-RILC: [0] [0064]< STK_SEND_TERMINAL_RESPONSE
05-23 11:05:39.725   181   753 D use-Rlog/RLOG-RIL: [0] put Channel ID '1'
05-23 11:05:39.725   181   753 I use-Rlog/RLOG-RILC: [0] -->CommandThread [753] free one command
05-23 11:05:39.725   698   747 D RILJ    : [0][3712]< REQUEST_STK_SEND_TERMINAL_RESPONSE 
05-23 11:05:39.735   698   698 D CAT     : CatService: broadcastCatCmdIntent isStkAppInstalled: true
05-23 11:05:39.755   698   698 D CAT     : CatService: Sending CmdMsg: com.android.internal.telephony.cat.CatCmdMessage@41ede860 on slotid:0
05-23 11:05:39.765   698   698 D SIMRecords: [SIMRecords] Load ons false
05-23 11:05:39.765   698   698 D SIMRecords: [SIMRecords] Load EF_SPN_SHORT_CPHS Failure
05-23 11:05:39.765   698   698 D SIMRecords: [SIMRecords] onRecordLoaded 2 requested: true
05-23 11:05:39.765   698   698 D SIMRecords: [SIMRecords] iccid: 89860043191747266158
05-23 11:05:39.765   698   698 D PhoneFactory: setSystemProperty >>>>>>  value = 89860043191747266158
05-23 11:05:39.785   181   242 D use-Rlog/RLOG-AT: [0] Channel0: AT< +SPUSATPROCMDIND:D00D8103010500820281829902090A
05-23 11:05:39.785   181   242 D use-Rlog/RLOG-RIL: [0] [stk unsl]RIL_UNSOL_STK_PROACTIVE_COMMAND
05-23 11:05:39.785   181   242 D use-Rlog/RLOG-RILC: [0] [UNSL]< UNSOL_STK_PROACTIVE_COMMAND {D00D8103010500820281829902090A}
05-23 11:05:39.785   698   747 D RILJ    : [0][UNSL]< [0]UNSOL_STK_PROACTIVE_COMMAND D00D8103010500820281829902090A
05-23 11:05:39.805   698   698 D SIMRecords: [SIMRecords] onRecordLoaded 1 requested: true
05-23 11:05:40.025   698   698 D SIMRecords: [SIMRecords] VM: ADN Record '12599' '18589020729 null' EF[MBDN]
05-23 11:05:40.025   698   698 D SIMRecords: [SIMRecords] onRecordLoaded 0 requested: true
05-23 11:05:40.025   698   698 D SIMRecords: [SIMRecords] record load complete
05-23 11:05:40.055   698   698 D SIMRecords: [SIMRecords] onAllRecordsLoaded set 'gsm.sim.operator.numeric' to operator='46000'
05-23 11:05:40.055   698   698 D PhoneFactory: setSystemProperty >>>>>>  value = 46000
05-23 11:05:40.055   698   698 D SIMRecords: [SIMRecords] onAllRecordsLoaded set mcc imsi=460004702156121
05-23 11:05:40.055   698   698 D PhoneFactory: setSystemProperty >>>>>>  value = cn
05-23 11:05:40.055   698   698 D SIMRecords: [SIMRecords] setSpnFromConfig = China Mobile
05-23 11:05:40.055   698   698 D PhoneFactory: setSystemProperty >>>>>>  value = China Mobile
05-23 11:05:40.385   698   698 D CAT     : CatService: handleMessage[2]
05-23 11:05:40.385   698   698 D CAT     : CatService: ril message arrived,slotid:0
05-23 11:05:40.385   698  1003 D CAT     : RilMessageDecoder: [stk]ril msg = 2 mData =D00D8103010500820281829902090A
05-23 11:05:40.385   698  1003 D CAT     : RilMessageDecoder: [stk]rawData length15
05-23 11:05:40.385   698  1003 D CAT     : CommandParamsFactory: process SetUpEventList
05-23 11:05:40.445   698   698 D CAT     : StkCmdReceiver: handleAction, op: 1args: Bundle[{SLOT_ID=0, cmd message=com.android.internal.telephony.cat.CatCmdMessage@41e53788, op=1}], slot id: 0
05-23 11:05:40.515   698   698 D CAT     : CatService: handleMessage[20]
05-23 11:05:40.515   698   698 D GsmSST  : [GsmSST-phoneId0] EVENT_SIM_RECORDS_LOADED: what=16
05-23 11:05:40.525   698   698 D PhoneProxy: [PhoneProxy] updatePhoneObject: radioTechnology=0
05-23 11:05:40.525   698   698 D GsmSST  : [GsmSST-phoneId0] updateSpnDisplay: radio is off w/ showPlmn=false plmn=
05-23 11:05:40.525   698   698 D GsmSST  : [GsmSST-phoneId0] updateSpnDisplay: changed sending intent rule=2 showPlmn='true' plmn='' showSpn='false' spn='China Mobile'
05-23 11:05:40.816   698   698 D DCT     : [DcT(0)] handleMessage msg={ when=-755ms what=270338 obj=android.os.AsyncResult@41f19070 target=com.android.internal.telephony.dataconnection.MsmsDcTracker }
05-23 11:05:40.816   698   698 D DCT     : [DcT(0)] handleMessage msg={ when=-755ms what=270338 obj=android.os.AsyncResult@41f19070 target=com.android.internal.telephony.dataconnection.MsmsDcTracker }
05-23 11:05:40.826   698   698 D DCT     : [DcT(0)] onRecordsLoaded: createAllApnList
05-23 11:05:40.836   698   698 D DCT     : [DcT(0)] createAllApnList: selection=numeric = '46000' and carrier_enabled = 1
05-23 11:05:40.886   673   673 E PHONE   : ServiceState.getNetworkType() DEPRECATED will be removed *******
05-23 11:05:40.956   673   673 W SignalStrength: getLTELevel - rsrp:2147483647 snr:2147483647 rsrpIconLevel:-1 snrIconLevel:-1
05-23 11:05:40.966   673   673 W SignalStrength: getLTELevel - rssi:99 rssiIconLevel:0
05-23 11:05:40.966   673   673 W SignalStrength: getGsmLevel=0
05-23 11:05:40.966   673   673 W SignalStrength: getLevel=0
05-23 11:05:41.176   698   698 D DCT     : [DcT(0)] createApnList: X result=[[ApnSettingV2] CMNET, 1, 46000, cmnet, , , , , , -1, default | xcap | hipri | supl, IPV4V6, IPV4V6, true, 0, [ApnSettingV2] CMCC DM, 4, 46000, cmwap, 10.0.0.172, , , , 80, -1, dm, IPV4V6, IPV4V6, true, 0, [ApnSettingV2] CMWAP, 3, 46000, cmwap, 10.0.0.172, http://mmsc.monternet.com, 10.0.0.172, 80, 80, -1, default | mms | hipri | supl | wap, IPV4V6, IPV4V6, true, 0, [ApnSettingV2] CMCC IMS, 2, 46000, ims, , , , , , -1, ims, IPV4V6, IPV4V6, true, 0]
05-23 11:05:41.256   698   698 D DCT     : [DcT(0)] getPreferredApn: mRequestedApnType=default cursor=android.content.ContentResolver$CursorWrapperInner@41e75100 cursor.count=1
05-23 11:05:41.266   698   698 D DCT     : [DcT(0)] getPreferredApn: apnSetting=[ApnSettingV2] CMNET, 1, 46000, cmnet, , , , , , -1, default | xcap | hipri | supl, IPV4V6, IPV4V6, true, 0
05-23 11:05:41.266   698   698 D DCT     : [DcT(0)] getPreferredApn: X found apnSetting[ApnSettingV2] CMNET, 1, 46000, cmnet, , , , , , -1, default | xcap | hipri | supl, IPV4V6, IPV4V6, true, 0
05-23 11:05:41.266   698   698 D DCT     : [DcT(0)] createAllApnList: mPreferredApn=[ApnSettingV2] CMNET, 1, 46000, cmnet, , , , , , -1, default | xcap | hipri | supl, IPV4V6, IPV4V6, true, 0
05-23 11:05:41.266   698   698 D DCT     : [DcT(0)] createAllApnList: X mAllApnSettings=[[ApnSettingV2] CMNET, 1, 46000, cmnet, , , , , , -1, default | xcap | hipri | supl, IPV4V6, IPV4V6, true, 0, [ApnSettingV2] CMCC DM, 4, 46000, cmwap, 10.0.0.172, , , , 80, -1, dm, IPV4V6, IPV4V6, true, 0, [ApnSettingV2] CMWAP, 3, 46000, cmwap, 10.0.0.172, http://mmsc.monternet.com, 10.0.0.172, 80, 80, -1, default | mms | hipri | supl | wap, IPV4V6, IPV4V6, true, 0, [ApnSettingV2] CMCC IMS, 2, 46000, ims, , , , , , -1, ims, IPV4V6, IPV4V6, true, 0]
05-23 11:05:41.276   698   698 D DCT     : [DcT(0)] setInitialApn: E mPreferredApn=[ApnSettingV2] CMNET, 1, 46000, cmnet, , , , , , -1, default | xcap | hipri | supl, IPV4V6, IPV4V6, true, 0
05-23 11:05:41.276   698   698 D DCT     : [DcT(0)] setInitialApn: firstApnSetting=[ApnSettingV2] CMNET, 1, 46000, cmnet, , , , , , -1, default | xcap | hipri | supl, IPV4V6, IPV4V6, true, 0
05-23 11:05:41.286   673   673 W SignalStrength: getLTELevel - rsrp:2147483647 snr:2147483647 rsrpIconLevel:-1 snrIconLevel:-1
05-23 11:05:41.286   673   673 W SignalStrength: getLTELevel - rssi:99 rssiIconLevel:0
05-23 11:05:41.286   673   673 W SignalStrength: getGsmLevel=0
05-23 11:05:41.286   673   673 W SignalStrength: getLevel=0
05-23 11:05:41.286   698   698 D DCT     : [DcT(0)] setInitialApn: defaultApnSetting=[ApnSettingV2] CMNET, 1, 46000, cmnet, , , , , , -1, default | xcap | hipri | supl, IPV4V6, IPV4V6, true, 0
05-23 11:05:41.286   698   698 D DCT     : [DcT(0)] setInitialAttachApn: using mPreferredApn
05-23 11:05:41.286   698   698 D DCT     : [DcT(0)] setInitialAttachApn: initialAttachApnSetting.types contains stk : false
05-23 11:05:41.286   698   698 D DCT     : [DcT(0)] setInitialAttachApn: X selected Apn=[ApnSettingV2] CMNET, 1, 46000, cmnet, , , , , , -1, default | xcap | hipri | supl, IPV4V6, IPV4V6, true, 0
05-23 11:05:41.296   698   698 D RILJ    : [0]Set RIL_REQUEST_SET_INITIAL_ATTACH_APN
05-23 11:05:41.296   698   698 D RILJ    : [0][3713]> RIL_REQUEST_SET_INITIAL_ATTACH_APN, apn:cmnet, protocol:IPV4V6, authType:-1, username:, password:null
05-23 11:05:41.306   673   673 W SignalStrength: getLTELevel - rsrp:2147483647 snr:2147483647 rsrpIconLevel:-1 snrIconLevel:-1
05-23 11:05:41.306   673   673 W SignalStrength: getLTELevel - rssi:99 rssiIconLevel:0
05-23 11:05:41.306   673   673 W SignalStrength: getGsmLevel=0
05-23 11:05:41.306   673   673 W SignalStrength: getLevel=0
05-23 11:05:41.346   181   231 I use-Rlog/RLOG-RILC: [0] enter processCommandsCallback, socket type = 0
05-23 11:05:41.346   181   231 I use-Rlog/RLOG-RILC: [0] enter processCommandsCallback, socket type = 0
05-23 11:05:41.346   181   231 I use-Rlog/RLOG-RILC: [0] PCC  alloc one command p_record
05-23 11:05:41.346   181   963 D use-Rlog/RLOG-RILC: [0] PCB request code 111 token 65
05-23 11:05:41.346   181   963 D use-Rlog/RLOG-RILC: [0] [0065]> RIL_REQUEST_SET_INITIAL_ATTACH_APN (apn=cmnet, protocol=IPV4V6, authtype=-1, username=, password=(null))
05-23 11:05:41.346   181   963 D use-Rlog/RLOG-RIL: [0] onRequest: RIL_REQUEST_SET_INITIAL_ATTACH_APN sState=0
05-23 11:05:41.346   181   963 D use-Rlog/RLOG-RIL: [0] channel1 state: '0' 
05-23 11:05:41.346   181   963 D use-Rlog/RLOG-RIL: [0] get Channel ID '1'
05-23 11:05:41.346   181   963 D use-Rlog/RLOG-RIL: [0] ssda mode: tdd-csfb
05-23 11:05:41.346   181   963 D use-Rlog/RLOG-RIL: [0] INITIAL_ATTACH_APN apn = cmnet, protocol = IPV4V6
05-23 11:05:41.346   181   963 D use-Rlog/RLOG-AT: [0] Channel1: AT> AT+CGACT?
05-23 11:05:41.356   181   242 D use-Rlog/RLOG-AT: [0] Channel1: AT< +CGACT:1,0
05-23 11:05:41.356   181   242 D use-Rlog/RLOG-AT: [0] Channel1: AT< +CGACT:2,0
05-23 11:05:41.356   181   242 D use-Rlog/RLOG-AT: [0] Channel1: AT< +CGACT:3,0
05-23 11:05:41.356   181   242 D use-Rlog/RLOG-AT: [0] Channel1: AT< +CGACT:4,0
05-23 11:05:41.356   181   242 D use-Rlog/RLOG-AT: [0] Channel1: AT< +CGACT:5,0
05-23 11:05:41.356   181   242 D use-Rlog/RLOG-AT: [0] Channel1: AT< +CGACT:6,0
05-23 11:05:41.356   181   242 D use-Rlog/RLOG-AT: [0] Channel1: AT< +CGACT:7,0
05-23 11:05:41.356   181   242 D use-Rlog/RLOG-AT: [0] Channel1: AT< +CGACT:8,0
05-23 11:05:41.356   181   242 D use-Rlog/RLOG-AT: [0] Channel1: AT< +CGACT:9,0
05-23 11:05:41.356   181   242 D use-Rlog/RLOG-AT: [0] Channel1: AT< +CGACT:10,0
05-23 11:05:41.356   181   242 D use-Rlog/RLOG-AT: [0] Channel1: AT< +CGACT:11,0
05-23 11:05:41.356   181   242 D use-Rlog/RLOG-AT: [0] Channel1: AT< OK
05-23 11:05:41.356   181   963 I use-Rlog/RLOG-RIL: [0] queryAllActivePDN activePDN= 0
05-23 11:05:41.356   181   963 D use-Rlog/RLOG-AT: [0] Channel1: AT> AT+CGDCONT?
05-23 11:05:41.366   181   242 D use-Rlog/RLOG-AT: [0] Channel1: AT< +CGDCONT:1,"IP","cmnet","0.0.0.0",0,0,"0.0.0.0","0.0.0.0"
05-23 11:05:41.366   181   242 D use-Rlog/RLOG-AT: [0] Channel1: AT< +CGDCONT:2,"IP","cmnet","0.0.0.0",0,0,"0.0.0.0","0.0.0.0"
05-23 11:05:41.366   181   242 D use-Rlog/RLOG-AT: [0] Channel1: AT< +CGDCONT:3,"IP","cmnet","0.0.0.0",0,0,"0.0.0.0","0.0.0.0"
05-23 11:05:41.366   181   242 D use-Rlog/RLOG-AT: [0] Channel1: AT< +CGDCONT:4,"IP","cmnet","0.0.0.0",0,0,"0.0.0.0","0.0.0.0"
05-23 11:05:41.366   181   242 D use-Rlog/RLOG-AT: [0] Channel1: AT< +CGDCONT:5,"IP","cmnet","0.0.0.0",0,0,"0.0.0.0","0.0.0.0"
05-23 11:05:41.366   181   242 D use-Rlog/RLOG-AT: [0] Channel1: AT< +CGDCONT:6,"IP","cmnet","0.0.0.0",0,0,"0.0.0.0","0.0.0.0"
05-23 11:05:41.366   181   242 D use-Rlog/RLOG-AT: [0] Channel1: AT< +CGDCONT:7,"IP","cmnet","0.0.0.0",0,0,"0.0.0.0","0.0.0.0"
05-23 11:05:41.366   181   242 D use-Rlog/RLOG-AT: [0] Channel1: AT< +CGDCONT:8,"IP","cmnet","0.0.0.0",0,0,"0.0.0.0","0.0.0.0"
05-23 11:05:41.366   181   242 D use-Rlog/RLOG-AT: [0] Channel1: AT< +CGDCONT:9,"IP","cmnet","0.0.0.0",0,0,"0.0.0.0","0.0.0.0"
05-23 11:05:41.366   181   242 D use-Rlog/RLOG-AT: [0] Channel1: AT< +CGDCONT:10,"IP","cmnet","0.0.0.0",0,0,"0.0.0.0","0.0.0.0"
05-23 11:05:41.366   181   242 D use-Rlog/RLOG-AT: [0] Channel1: AT< +CGDCONT:11,"IPV4V6","IMS","0.0.0.0",0,0,"0.0.0.0","0.0.0.0"
05-23 11:05:41.366   181   242 D use-Rlog/RLOG-AT: [0] Channel1: AT< OK
05-23 11:05:41.366   181   963 D use-Rlog/RLOG-AT: [0] Channel1: AT> AT+CGDCONT=1,"IPV4V6","cmnet","",0,0
05-23 11:05:41.366   181   242 D use-Rlog/RLOG-AT: [0] Channel1: AT< OK
05-23 11:05:41.366   181   963 D use-Rlog/RLOG-AT: [0] Channel1: AT> AT+CGPCO=0,"","(null)",1,-1
05-23 11:05:41.366   181   242 D use-Rlog/RLOG-AT: [0] Channel1: AT< +CME ERROR: 65536014
05-23 11:05:41.366   181   963 D use-Rlog/RLOG-AT: [0] Channel1: AT> AT+CGEQREQ=1,2,0,0,0,0,2,0,"1e4","0e0",3,0,0
05-23 11:05:41.366   181   242 D use-Rlog/RLOG-AT: [0] Channel1: AT< OK
05-23 11:05:41.366   181   963 D use-Rlog/RLOG-RILC: [0] [0065]< RIL_REQUEST_SET_INITIAL_ATTACH_APN
05-23 11:05:41.366   181   963 D use-Rlog/RLOG-RIL: [0] put Channel ID '1'
05-23 11:05:41.366   181   963 I use-Rlog/RLOG-RILC: [0] -->CommandThread [963] free one command
05-23 11:05:41.366   698   747 D RILJ    : [0][3713]< RIL_REQUEST_SET_INITIAL_ATTACH_APN 
05-23 11:05:41.396   698   698 D DCT     : [DcT(0)] setupDataOnConnectableApns: simLoaded
