05-23 11:05:32.357   698   698 D DCT     : [DcT(0)] isDataPossible(wap): possible=false isDataAllowed=false apnTypePossible=true apnContextisEnabled=false apnContextState()=IDLE
05-23 11:05:32.357   698   698 D DCT     : [DcT(0)] get active apn string for type:wap
05-23 11:05:32.357   698   698 D DCT     : [ApnContext:wap] getApnSetting: apnSetting=null
05-23 11:05:32.357   698   698 D DCT     : [DcT(0)] notifyOffApnOfAvailability type:fota
05-23 11:05:32.357   698   698 D use-Rlog/RLOG-GSM: [MsmsDcTrackerProxy]isAnotherCardVoiceing phoneId: 0 sVoicePhoneId: -1 result: false
05-23 11:05:32.357   698   698 D DCT     : [DcT(0)] isDataAllowed: not allowed due to - Attached= false - SIM not loaded
05-23 11:05:32.357   698   698 D DCT     : [DcT(0)] isDataPossible(fota): possible=false isDataAllowed=false apnTypePossible=true apnContextisEnabled=false apnContextState()=IDLE
05-23 11:05:32.357   698   698 D DCT     : [DcT(0)] get active apn string for type:fota
05-23 11:05:32.357   698   698 D DCT     : [ApnContext:fota] getApnSetting: apnSetting=null
05-23 11:05:32.377   698   698 D DCT     : [DcT(0)] notifyOffApnOfAvailability type:supl
05-23 11:05:32.377   698   698 D use-Rlog/RLOG-GSM: [MsmsDcTrackerProxy]isAnotherCardVoiceing phoneId: 0 sVoicePhoneId: -1 result: false
05-23 11:05:32.377   698   698 D DCT     : [DcT(0)] isDataAllowed: not allowed due to - Attached= false - SIM not loaded
05-23 11:05:32.377   698   698 D DCT     : [DcT(0)] isDataPossible(supl): possible=false isDataAllowed=false apnTypePossible=true apnContextisEnabled=false apnContextState()=IDLE
05-23 11:05:32.377   698   698 D DCT     : [DcT(0)] get active apn string for type:supl
05-23 11:05:32.377   698   698 D DCT     : [ApnContext:supl] getApnSetting: apnSetting=null
05-23 11:05:32.387   698   698 D DCT     : [DcT(0)] notifyOffApnOfAvailability type:hipri
05-23 11:05:32.387   698   698 D use-Rlog/RLOG-GSM: [MsmsDcTrackerProxy]isAnotherCardVoiceing phoneId: 0 sVoicePhoneId: -1 result: false
05-23 11:05:32.387   698   698 D DCT     : [DcT(0)] isDataAllowed: not allowed due to - Attached= false - SIM not loaded
05-23 11:05:32.387   698   698 D DCT     : [DcT(0)] isDataPossible(hipri): possible=false isDataAllowed=false apnTypePossible=true apnContextisEnabled=false apnContextState()=IDLE
05-23 11:05:32.387   698   698 D DCT     : [DcT(0)] get active apn string for type:hipri
05-23 11:05:32.387   698   698 D DCT     : [ApnContext:hipri] getApnSetting: apnSetting=null
05-23 11:05:32.387   698   698 D DCT     : [DcT(0)] notifyOffApnOfAvailability type:ims
05-23 11:05:32.387   698   698 D use-Rlog/RLOG-GSM: [MsmsDcTrackerProxy]isAnotherCardVoiceing phoneId: 0 sVoicePhoneId: -1 result: false
05-23 11:05:32.387   698   698 D DCT     : [DcT(0)] isDataAllowed: not allowed due to - Attached= false - SIM not loaded
05-23 11:05:32.387   698   698 D DCT     : [DcT(0)] isDataPossible(ims): possible=false isDataAllowed=false apnTypePossible=true apnContextisEnabled=false apnContextState()=IDLE
05-23 11:05:32.387   698   698 D DCT     : [DcT(0)] get active apn string for type:ims
05-23 11:05:32.387   698   698 D DCT     : [ApnContext:ims] getApnSetting: apnSetting=null
05-23 11:05:32.397   698   698 D DCT     : [DcT(0)] notifyOffApnOfAvailability type:default
05-23 11:05:32.397   698   698 D use-Rlog/RLOG-GSM: [MsmsDcTrackerProxy]isAnotherCardVoiceing phoneId: 0 sVoicePhoneId: -1 result: false
05-23 11:05:32.397   698   698 D DCT     : [DcT(0)] isDataAllowed: not allowed due to - Attached= false - SIM not loaded
05-23 11:05:32.397   698   698 D DCT     : [DcT(0)] isDataPossible(default): possible=false isDataAllowed=false apnTypePossible=true apnContextisEnabled=true apnContextState()=IDLE
05-23 11:05:32.397   698   698 D DCT     : [DcT(0)] get active apn string for type:default
05-23 11:05:32.397   698   698 D DCT     : [ApnContext:default] getApnSetting: apnSetting=null
05-23 11:05:32.427   698   798 D GsmCellBroadcastHandler: mWakeLock released
05-23 11:05:32.427   698   698 D DCT     : [DcT(0)] notifyOffApnOfAvailability type:mms
05-23 11:05:32.427   698   698 D use-Rlog/RLOG-GSM: [MsmsDcTrackerProxy]isAnotherCardVoiceing phoneId: 0 sVoicePhoneId: -1 result: false
05-23 11:05:32.427   698   698 D DCT     : [DcT(0)] isDataAllowed: not allowed due to - Attached= false - SIM not loaded
05-23 11:05:32.427   698   698 D DCT     : [DcT(0)] isDataPossible(mms): possible=false isDataAllowed=false apnTypePossible=true apnContextisEnabled=false apnContextState()=IDLE
05-23 11:05:32.427   698   698 D DCT     : [DcT(0)] get active apn string for type:mms
05-23 11:05:32.427   698   698 D DCT     : [ApnContext:mms] getApnSetting: apnSetting=null
05-23 11:05:32.427   698   698 D DCT     : [DcT(0)] notifyOffApnOfAvailability type:cbs
05-23 11:05:32.427   698   698 D use-Rlog/RLOG-GSM: [MsmsDcTrackerProxy]isAnotherCardVoiceing phoneId: 0 sVoicePhoneId: -1 result: false
05-23 11:05:32.427   698   698 D DCT     : [DcT(0)] isDataAllowed: not allowed due to - Attached= false - SIM not loaded
05-23 11:05:32.427   698   698 D DCT     : [DcT(0)] isDataPossible(cbs): possible=false isDataAllowed=false apnTypePossible=true apnContextisEnabled=false apnContextState()=IDLE
05-23 11:05:32.427   698   698 D DCT     : [DcT(0)] get active apn string for type:cbs
05-23 11:05:32.427   698   698 D DCT     : [ApnContext:cbs] getApnSetting: apnSetting=null
05-23 11:05:32.437   698   698 D DCT     : [DcT(0)] notifyOffApnOfAvailability type:xcap
05-23 11:05:32.437   698   698 D use-Rlog/RLOG-GSM: [MsmsDcTrackerProxy]isAnotherCardVoiceing phoneId: 0 sVoicePhoneId: -1 result: false
05-23 11:05:32.437   698   698 D DCT     : [DcT(0)] isDataAllowed: not allowed due to - Attached= false - SIM not loaded
05-23 11:05:32.437   698   698 D DCT     : [DcT(0)] isDataPossible(xcap): possible=false isDataAllowed=false apnTypePossible=true apnContextisEnabled=false apnContextState()=IDLE
05-23 11:05:32.437   698   698 D DCT     : [DcT(0)] get active apn string for type:xcap
05-23 11:05:32.437   698   698 D DCT     : [ApnContext:xcap] getApnSetting: apnSetting=null
05-23 11:05:32.447   698   800 D CellBroadcastHandler: mWakeLock released
05-23 11:05:32.458   698   698 D DCT     : [DcT(0)] handleMessage msg={ when=-3s194ms what=270345 obj=android.os.AsyncResult@41e067b8 target=com.android.internal.telephony.dataconnection.MsmsDcTracker }
05-23 11:05:32.458   698   698 D DCT     : [DcT(0)] handleMessage msg={ when=-3s194ms what=270345 obj=android.os.AsyncResult@41e067b8 target=com.android.internal.telephony.dataconnection.MsmsDcTracker }
05-23 11:05:32.458   698   698 D DCT     : [DcT(0)] onDataConnectionDetached: stop polling and notify detached
05-23 11:05:32.458   698   698 D DCT     : [DcT(0)] stopNetStatPoll
05-23 11:05:32.458   698   698 D DCT     : [DcT(0)] stopDataStallAlarm: current tag=42916 mDataStallAlarmIntent=null
05-23 11:05:32.458   698   698 D DCT     : [DcT(0)] notifyDataConnection: reason=dataDetached
05-23 11:05:32.458   698   698 D DCT     : [DcT(0)] notifyOffApnOfAvailability type:dm
05-23 11:05:32.458   698   698 D use-Rlog/RLOG-GSM: [MsmsDcTrackerProxy]isAnotherCardVoiceing phoneId: 0 sVoicePhoneId: -1 result: false
05-23 11:05:32.458   698   698 D DCT     : [DcT(0)] isDataAllowed: not allowed due to - Attached= false - SIM not loaded
05-23 11:05:32.458   698   698 D DCT     : [DcT(0)] isDataPossible(dm): possible=false isDataAllowed=false apnTypePossible=true apnContextisEnabled=false apnContextState()=IDLE
05-23 11:05:32.458   698   698 D DCT     : [DcT(0)] get active apn string for type:dm
05-23 11:05:32.458   698   698 D DCT     : [ApnContext:dm] getApnSetting: apnSetting=null
05-23 11:05:32.468   698   698 D DCT     : [DcT(0)] notifyOffApnOfAvailability type:wap
05-23 11:05:32.468   698   698 D use-Rlog/RLOG-GSM: [MsmsDcTrackerProxy]isAnotherCardVoiceing phoneId: 0 sVoicePhoneId: -1 result: false
05-23 11:05:32.468   698   698 D DCT     : [DcT(0)] isDataAllowed: not allowed due to - Attached= false - SIM not loaded
05-23 11:05:32.468   698   698 D DCT     : [DcT(0)] isDataPossible(wap): possible=false isDataAllowed=false apnTypePossible=true apnContextisEnabled=false apnContextState()=IDLE
05-23 11:05:32.468   698   698 D DCT     : [DcT(0)] get active apn string for type:wap
05-23 11:05:32.468   698   698 D DCT     : [ApnContext:wap] getApnSetting: apnSetting=null
05-23 11:05:32.488   698   802 D CdmaServiceCategoryProgramHandler: mWakeLock released
05-23 11:05:32.488   698   698 D DCT     : [DcT(0)] notifyOffApnOfAvailability type:fota
05-23 11:05:32.488   698   698 D use-Rlog/RLOG-GSM: [MsmsDcTrackerProxy]isAnotherCardVoiceing phoneId: 0 sVoicePhoneId: -1 result: false
05-23 11:05:32.488   698   698 D DCT     : [DcT(0)] isDataAllowed: not allowed due to - Attached= false - SIM not loaded
05-23 11:05:32.488   698   698 D DCT     : [DcT(0)] isDataPossible(fota): possible=false isDataAllowed=false apnTypePossible=true apnContextisEnabled=false apnContextState()=IDLE
05-23 11:05:32.488   698   698 D DCT     : [DcT(0)] get active apn string for type:fota
05-23 11:05:32.488   698   698 D DCT     : [ApnContext:fota] getApnSetting: apnSetting=null
05-23 11:05:32.488   698   698 D DCT     : [DcT(0)] notifyOffApnOfAvailability type:supl
05-23 11:05:32.488   698   698 D use-Rlog/RLOG-GSM: [MsmsDcTrackerProxy]isAnotherCardVoiceing phoneId: 0 sVoicePhoneId: -1 result: false
05-23 11:05:32.488   698   698 D DCT     : [DcT(0)] isDataAllowed: not allowed due to - Attached= false - SIM not loaded
05-23 11:05:32.488   698   698 D DCT     : [DcT(0)] isDataPossible(supl): possible=false isDataAllowed=false apnTypePossible=true apnContextisEnabled=false apnContextState()=IDLE
05-23 11:05:32.488   698   698 D DCT     : [DcT(0)] get active apn string for type:supl
05-23 11:05:32.488   698   698 D DCT     : [ApnContext:supl] getApnSetting: apnSetting=null
05-23 11:05:32.618   698   698 D DCT     : [DcT(0)] notifyOffApnOfAvailability type:hipri
05-23 11:05:32.618   698   698 D use-Rlog/RLOG-GSM: [MsmsDcTrackerProxy]isAnotherCardVoiceing phoneId: 0 sVoicePhoneId: -1 result: false
05-23 11:05:32.618   698   698 D DCT     : [DcT(0)] isDataAllowed: not allowed due to - Attached= false - SIM not loaded
05-23 11:05:32.618   698   698 D DCT     : [DcT(0)] isDataPossible(hipri): possible=false isDataAllowed=false apnTypePossible=true apnContextisEnabled=false apnContextState()=IDLE
05-23 11:05:32.618   698   698 D DCT     : [DcT(0)] get active apn string for type:hipri
05-23 11:05:32.618   698   698 D DCT     : [ApnContext:hipri] getApnSetting: apnSetting=null
05-23 11:05:32.658   698   698 D DCT     : [DcT(0)] notifyOffApnOfAvailability type:ims
05-23 11:05:32.658   698   698 D use-Rlog/RLOG-GSM: [MsmsDcTrackerProxy]isAnotherCardVoiceing phoneId: 0 sVoicePhoneId: -1 result: false
05-23 11:05:32.658   698   698 D DCT     : [DcT(0)] isDataAllowed: not allowed due to - Attached= false - SIM not loaded
05-23 11:05:32.658   698   698 D DCT     : [DcT(0)] isDataPossible(ims): possible=false isDataAllowed=false apnTypePossible=true apnContextisEnabled=false apnContextState()=IDLE
05-23 11:05:32.658   698   698 D DCT     : [DcT(0)] get active apn string for type:ims
05-23 11:05:32.658   698   698 D DCT     : [ApnContext:ims] getApnSetting: apnSetting=null
05-23 11:05:32.668   698   698 D DCT     : [DcT(0)] notifyOffApnOfAvailability type:default
05-23 11:05:32.668   698   698 D use-Rlog/RLOG-GSM: [MsmsDcTrackerProxy]isAnotherCardVoiceing phoneId: 0 sVoicePhoneId: -1 result: false
05-23 11:05:32.668   698   698 D DCT     : [DcT(0)] isDataAllowed: not allowed due to - Attached= false - SIM not loaded
05-23 11:05:32.668   698   698 D DCT     : [DcT(0)] isDataPossible(default): possible=false isDataAllowed=false apnTypePossible=true apnContextisEnabled=true apnContextState()=IDLE
05-23 11:05:32.668   698   698 D DCT     : [DcT(0)] get active apn string for type:default
05-23 11:05:32.668   698   698 D DCT     : [ApnContext:default] getApnSetting: apnSetting=null
05-23 11:05:32.668   698   698 D DCT     : [DcT(0)] notifyOffApnOfAvailability type:mms
05-23 11:05:32.668   698   698 D use-Rlog/RLOG-GSM: [MsmsDcTrackerProxy]isAnotherCardVoiceing phoneId: 0 sVoicePhoneId: -1 result: false
05-23 11:05:32.668   698   698 D DCT     : [DcT(0)] isDataAllowed: not allowed due to - Attached= false - SIM not loaded
05-23 11:05:32.668   698   698 D DCT     : [DcT(0)] isDataPossible(mms): possible=false isDataAllowed=false apnTypePossible=true apnContextisEnabled=false apnContextState()=IDLE
05-23 11:05:32.668   698   698 D DCT     : [DcT(0)] get active apn string for type:mms
05-23 11:05:32.668   698   698 D DCT     : [ApnContext:mms] getApnSetting: apnSetting=null
05-23 11:05:32.718   698   698 D DCT     : [DcT(0)] notifyOffApnOfAvailability type:cbs
05-23 11:05:32.718   698   698 D use-Rlog/RLOG-GSM: [MsmsDcTrackerProxy]isAnotherCardVoiceing phoneId: 0 sVoicePhoneId: -1 result: false
05-23 11:05:32.718   698   698 D DCT     : [DcT(0)] isDataAllowed: not allowed due to - Attached= false - SIM not loaded
05-23 11:05:32.718   698   698 D DCT     : [DcT(0)] isDataPossible(cbs): possible=false isDataAllowed=false apnTypePossible=true apnContextisEnabled=false apnContextState()=IDLE
05-23 11:05:32.718   698   698 D DCT     : [DcT(0)] get active apn string for type:cbs
05-23 11:05:32.718   698   698 D DCT     : [ApnContext:cbs] getApnSetting: apnSetting=null
05-23 11:05:32.728   698   799 D GsmInboundSmsHandler: Idle state processing message type 5
05-23 11:05:32.728   698   801 D CdmaInboundSmsHandler: Idle state processing message type 5
05-23 11:05:32.738   698   808 D GsmCellBroadcastHandler: mWakeLock released
05-23 11:05:32.738   698   801 D CdmaInboundSmsHandler: mWakeLock released
05-23 11:05:32.738   698   799 D GsmInboundSmsHandler: mWakeLock released
05-23 11:05:32.758   698   810 D CellBroadcastHandler: mWakeLock released
05-23 11:05:32.768   698   698 D DCT     : [DcT(0)] notifyOffApnOfAvailability type:xcap
05-23 11:05:32.768   698   698 D use-Rlog/RLOG-GSM: [MsmsDcTrackerProxy]isAnotherCardVoiceing phoneId: 0 sVoicePhoneId: -1 result: false
05-23 11:05:32.768   698   698 D DCT     : [DcT(0)] isDataAllowed: not allowed due to - Attached= false - SIM not loaded
05-23 11:05:32.768   698   698 D DCT     : [DcT(0)] isDataPossible(xcap): possible=false isDataAllowed=false apnTypePossible=true apnContextisEnabled=false apnContextState()=IDLE
05-23 11:05:32.768   698   698 D DCT     : [DcT(0)] get active apn string for type:xcap
05-23 11:05:32.768   698   698 D DCT     : [ApnContext:xcap] getApnSetting: apnSetting=null
05-23 11:05:32.778   698   698 D DCT     : [DcT(0)] handleMessage msg={ when=-3s516ms what=270348 obj=android.os.AsyncResult@41e04728 target=com.android.internal.telephony.dataconnection.MsmsDcTracker }
05-23 11:05:32.778   698   698 D DCT     : [DcT(0)] handleMessage msg={ when=-3s516ms what=270348 obj=android.os.AsyncResult@41e04728 target=com.android.internal.telephony.dataconnection.MsmsDcTracker }
05-23 11:05:32.778   698   698 D DCT     : [DcT(0)] onRoamingOff
05-23 11:05:32.788   698   812 D CdmaServiceCategoryProgramHandler: mWakeLock released
05-23 11:05:32.788   698   698 D DCT     : [DcT(0)] getDataOnRoamingEnabled, settingValue: 0
05-23 11:05:32.788   698   698 D DCT     : [DcT(0)] isDataRoamingEnabled=false
05-23 11:05:32.788   698   698 D DCT     : [DcT(0)] notifyOffApnOfAvailability type:dm
05-23 11:05:32.788   698   698 D use-Rlog/RLOG-GSM: [MsmsDcTrackerProxy]isAnotherCardVoiceing phoneId: 0 sVoicePhoneId: -1 result: false
05-23 11:05:32.788   698   698 D DCT     : [DcT(0)] isDataAllowed: not allowed due to - Attached= false - SIM not loaded
05-23 11:05:32.788   698   698 D DCT     : [DcT(0)] isDataPossible(dm): possible=false isDataAllowed=false apnTypePossible=true apnContextisEnabled=false apnContextState()=IDLE
05-23 11:05:32.788   698   698 D DCT     : [DcT(0)] get active apn string for type:dm
05-23 11:05:32.788   698   698 D DCT     : [ApnContext:dm] getApnSetting: apnSetting=null
05-23 11:05:32.828   698   811 D CdmaInboundSmsHandler: Idle state processing message type 5
05-23 11:05:32.828   698   809 D GsmInboundSmsHandler: Idle state processing message type 5
05-23 11:05:32.858   181   753 D use-Rlog/RLOG-AT: [0] Channel1: AT> AT+CGSN
05-23 11:05:32.868   698   811 D CdmaInboundSmsHandler: mWakeLock released
05-23 11:05:32.868   698   809 D GsmInboundSmsHandler: mWakeLock released
05-23 11:05:32.868   181   242 D use-Rlog/RLOG-AT: [0] Channel1: AT< 864923032144493
05-23 11:05:32.868   181   242 D use-Rlog/RLOG-AT: [0] Channel1: AT< OK
05-23 11:05:32.868   181   753 D use-Rlog/RLOG-RILC: [0] [0013]< GET_IMEI {864923032144493}
05-23 11:05:32.868   181   963 D use-Rlog/RLOG-RILC: [0] PCB request code 39 token 14
05-23 11:05:32.868   181   963 D use-Rlog/RLOG-RILC: [0] [0014]> GET_IMEISV 
05-23 11:05:32.868   181   963 D use-Rlog/RLOG-RIL: [0] onRequest: GET_IMEISV sState=0
05-23 11:05:32.868   181   753 D use-Rlog/RLOG-RIL: [0] put Channel ID '1'
05-23 11:05:32.868   181   963 D use-Rlog/RLOG-RIL: [0] channel1 state: '0' 
05-23 11:05:32.868   181   753 I use-Rlog/RLOG-RILC: [0] -->CommandThread [753] free one command
05-23 11:05:32.868   181   963 D use-Rlog/RLOG-RIL: [0] get Channel ID '1'
05-23 11:05:32.868   181   963 D use-Rlog/RLOG-AT: [0] Channel1: AT> AT+SGMR=0,0,2
05-23 11:05:32.868   698   747 D RILJ    : [0][3661]< GET_IMEI 864923032144493
05-23 11:05:32.868   181   242 D use-Rlog/RLOG-AT: [0] Channel1: AT< +SGMR: 01
05-23 11:05:32.868   181   242 D use-Rlog/RLOG-AT: [0] Channel1: AT< OK
05-23 11:05:32.878   181   963 D use-Rlog/RLOG-RILC: [0] [0014]< GET_IMEISV {01}
05-23 11:05:32.878   181   963 D use-Rlog/RLOG-RIL: [0] put Channel ID '1'
05-23 11:05:32.878   181   963 I use-Rlog/RLOG-RILC: [0] -->CommandThread [963] free one command
05-23 11:05:32.878   698   747 D RILJ    : [0][3662]< GET_IMEISV 01
05-23 11:05:32.918   698   698 D DCT     : [DcT(0)] notifyOffApnOfAvailability type:wap
05-23 11:05:32.918   698   698 D use-Rlog/RLOG-GSM: [MsmsDcTrackerProxy]isAnotherCardVoiceing phoneId: 0 sVoicePhoneId: -1 result: false
05-23 11:05:32.918   698   698 D DCT     : [DcT(0)] isDataAllowed: not allowed due to - Attached= false - SIM not loaded
05-23 11:05:32.918   698   698 D DCT     : [DcT(0)] isDataPossible(wap): possible=false isDataAllowed=false apnTypePossible=true apnContextisEnabled=false apnContextState()=IDLE
05-23 11:05:32.918   698   698 D DCT     : [DcT(0)] get active apn string for type:wap
05-23 11:05:32.918   698   698 D DCT     : [ApnContext:wap] getApnSetting: apnSetting=null
05-23 11:05:32.938   698   698 D DCT     : [DcT(0)] notifyOffApnOfAvailability type:fota
05-23 11:05:32.938   698   698 D use-Rlog/RLOG-GSM: [MsmsDcTrackerProxy]isAnotherCardVoiceing phoneId: 0 sVoicePhoneId: -1 result: false
05-23 11:05:32.938   698   698 D DCT     : [DcT(0)] isDataAllowed: not allowed due to - Attached= false - SIM not loaded
05-23 11:05:32.938   698   698 D DCT     : [DcT(0)] isDataPossible(fota): possible=false isDataAllowed=false apnTypePossible=true apnContextisEnabled=false apnContextState()=IDLE
05-23 11:05:32.938   698   698 D DCT     : [DcT(0)] get active apn string for type:fota
05-23 11:05:32.938   698   698 D DCT     : [ApnContext:fota] getApnSetting: apnSetting=null
05-23 11:05:32.958   698   698 D DCT     : [DcT(0)] notifyOffApnOfAvailability type:supl
05-23 11:05:32.958   698   698 D use-Rlog/RLOG-GSM: [MsmsDcTrackerProxy]isAnotherCardVoiceing phoneId: 0 sVoicePhoneId: -1 result: false
05-23 11:05:32.958   698   698 D DCT     : [DcT(0)] isDataAllowed: not allowed due to - Attached= false - SIM not loaded
05-23 11:05:32.958   698   698 D DCT     : [DcT(0)] isDataPossible(supl): possible=false isDataAllowed=false apnTypePossible=true apnContextisEnabled=false apnContextState()=IDLE
05-23 11:05:32.958   698   698 D DCT     : [DcT(0)] get active apn string for type:supl
05-23 11:05:32.958   698   698 D DCT     : [ApnContext:supl] getApnSetting: apnSetting=null
05-23 11:05:32.958   698   698 D DCT     : [DcT(0)] notifyOffApnOfAvailability type:hipri
05-23 11:05:32.968   698   698 D use-Rlog/RLOG-GSM: [MsmsDcTrackerProxy]isAnotherCardVoiceing phoneId: 0 sVoicePhoneId: -1 result: false
05-23 11:05:32.968   698   698 D DCT     : [DcT(0)] isDataAllowed: not allowed due to - Attached= false - SIM not loaded
05-23 11:05:32.968   698   698 D DCT     : [DcT(0)] isDataPossible(hipri): possible=false isDataAllowed=false apnTypePossible=true apnContextisEnabled=false apnContextState()=IDLE
05-23 11:05:32.968   698   698 D DCT     : [DcT(0)] get active apn string for type:hipri
05-23 11:05:32.968   698   698 D DCT     : [ApnContext:hipri] getApnSetting: apnSetting=null
05-23 11:05:33.028   698   698 D DCT     : [DcT(0)] notifyOffApnOfAvailability type:ims
05-23 11:05:33.028   698   698 D use-Rlog/RLOG-GSM: [MsmsDcTrackerProxy]isAnotherCardVoiceing phoneId: 0 sVoicePhoneId: -1 result: false
05-23 11:05:33.028   698   698 D DCT     : [DcT(0)] isDataAllowed: not allowed due to - Attached= false - SIM not loaded
05-23 11:05:33.028   698   698 D DCT     : [DcT(0)] isDataPossible(ims): possible=false isDataAllowed=false apnTypePossible=true apnContextisEnabled=false apnContextState()=IDLE
05-23 11:05:33.028   698   698 D DCT     : [DcT(0)] get active apn string for type:ims
05-23 11:05:33.028   698   698 D DCT     : [ApnContext:ims] getApnSetting: apnSetting=null
05-23 11:05:33.068   698   698 D DCT     : [DcT(0)] notifyOffApnOfAvailability type:default
05-23 11:05:33.068   698   698 D use-Rlog/RLOG-GSM: [MsmsDcTrackerProxy]isAnotherCardVoiceing phoneId: 0 sVoicePhoneId: -1 result: false
05-23 11:05:33.068   698   698 D DCT     : [DcT(0)] isDataAllowed: not allowed due to - Attached= false - SIM not loaded
05-23 11:05:33.068   698   698 D DCT     : [DcT(0)] isDataPossible(default): possible=false isDataAllowed=false apnTypePossible=true apnContextisEnabled=true apnContextState()=IDLE
05-23 11:05:33.068   698   698 D DCT     : [DcT(0)] get active apn string for type:default
05-23 11:05:33.068   698   698 D DCT     : [ApnContext:default] getApnSetting: apnSetting=null
05-23 11:05:33.068   698   698 D DCT     : [DcT(0)] notifyOffApnOfAvailability type:mms
05-23 11:05:33.068   698   698 D use-Rlog/RLOG-GSM: [MsmsDcTrackerProxy]isAnotherCardVoiceing phoneId: 0 sVoicePhoneId: -1 result: false
05-23 11:05:33.068   698   698 D DCT     : [DcT(0)] isDataAllowed: not allowed due to - Attached= false - SIM not loaded
05-23 11:05:33.068   698   698 D DCT     : [DcT(0)] isDataPossible(mms): possible=false isDataAllowed=false apnTypePossible=true apnContextisEnabled=false apnContextState()=IDLE
05-23 11:05:33.068   698   698 D DCT     : [DcT(0)] get active apn string for type:mms
05-23 11:05:33.068   698   698 D DCT     : [ApnContext:mms] getApnSetting: apnSetting=null
05-23 11:05:33.068   698   698 D DCT     : [DcT(0)] notifyOffApnOfAvailability type:cbs
05-23 11:05:33.068   698   698 D use-Rlog/RLOG-GSM: [MsmsDcTrackerProxy]isAnotherCardVoiceing phoneId: 0 sVoicePhoneId: -1 result: false
05-23 11:05:33.068   698   698 D DCT     : [DcT(0)] isDataAllowed: not allowed due to - Attached= false - SIM not loaded
05-23 11:05:33.068   698   698 D DCT     : [DcT(0)] isDataPossible(cbs): possible=false isDataAllowed=false apnTypePossible=true apnContextisEnabled=false apnContextState()=IDLE
05-23 11:05:33.068   698   698 D DCT     : [DcT(0)] get active apn string for type:cbs
05-23 11:05:33.078   698   698 D DCT     : [ApnContext:cbs] getApnSetting: apnSetting=null
05-23 11:05:33.178   698   698 D DCT     : [DcT(0)] notifyOffApnOfAvailability type:xcap
05-23 11:05:33.178   698   698 D use-Rlog/RLOG-GSM: [MsmsDcTrackerProxy]isAnotherCardVoiceing phoneId: 0 sVoicePhoneId: -1 result: false
05-23 11:05:33.178   698   698 D DCT     : [DcT(0)] isDataAllowed: not allowed due to - Attached= false - SIM not loaded
05-23 11:05:33.178   698   698 D DCT     : [DcT(0)] isDataPossible(xcap): possible=false isDataAllowed=false apnTypePossible=true apnContextisEnabled=false apnContextState()=IDLE
05-23 11:05:33.178   698   698 D DCT     : [DcT(0)] get active apn string for type:xcap
05-23 11:05:33.178   698   698 D DCT     : [ApnContext:xcap] getApnSetting: apnSetting=null
05-23 11:05:33.178   698   698 D DCT     : [DcT(0)] setupDataOnConnectableApns: roamingOff
05-23 11:05:33.178   698   698 D DCT     : [DcT(0)] setupDataOnConnectableApns: apnContext {mApnType=wap mState=IDLE mWaitingApns={null} mWaitingApnsPermanentFailureCountDown=0 mApnSetting={null} mReason=radioTurnedOff mDataEnabled=false mDependencyMet=true}
05-23 11:05:33.178   698   698 D DCT     : [DcT(0)] setupDataOnConnectableApns: apnContext {mApnType=hipri mState=IDLE mWaitingApns={null} mWaitingApnsPermanentFailureCountDown=0 mApnSetting={null} mReason=radioTurnedOff mDataEnabled=false mDependencyMet=true}
05-23 11:05:33.178   698   698 D DCT     : [DcT(0)] setupDataOnConnectableApns: apnContext {mApnType=supl mState=IDLE mWaitingApns={null} mWaitingApnsPermanentFailureCountDown=0 mApnSetting={null} mReason=radioTurnedOff mDataEnabled=false mDependencyMet=true}
05-23 11:05:33.178   698   698 D DCT     : [DcT(0)] setupDataOnConnectableApns: apnContext {mApnType=xcap mState=IDLE mWaitingApns={null} mWaitingApnsPermanentFailureCountDown=0 mApnSetting={null} mReason=radioTurnedOff mDataEnabled=false mDependencyMet=true}
05-23 11:05:33.178   698   698 D DCT     : [DcT(0)] setupDataOnConnectableApns: apnContext {mApnType=dm mState=IDLE mWaitingApns={null} mWaitingApnsPermanentFailureCountDown=0 mApnSetting={null} mReason=radioTurnedOff mDataEnabled=false mDependencyMet=true}
05-23 11:05:33.188   698   698 D DCT     : [DcT(0)] setupDataOnConnectableApns: apnContext {mApnType=ims mState=IDLE mWaitingApns={null} mWaitingApnsPermanentFailureCountDown=0 mApnSetting={null} mReason=radioTurnedOff mDataEnabled=false mDependencyMet=true}
05-23 11:05:33.188   698   698 D DCT     : [DcT(0)] setupDataOnConnectableApns: apnContext {mApnType=cbs mState=IDLE mWaitingApns={null} mWaitingApnsPermanentFailureCountDown=0 mApnSetting={null} mReason=radioTurnedOff mDataEnabled=false mDependencyMet=true}
05-23 11:05:33.188   698   698 D DCT     : [DcT(0)] setupDataOnConnectableApns: apnContext {mApnType=default mState=IDLE mWaitingApns={null} mWaitingApnsPermanentFailureCountDown=0 mApnSetting={null} mReason=radioTurnedOff mDataEnabled=true mDependencyMet=true}
05-23 11:05:33.188   698   698 D DCT     : [DcT(0)] setupDataOnConnectableApns: isConnectable() call trySetupData
05-23 11:05:33.188   698   698 D DCT     : [ApnContext:default] set reason as roamingOff,current state IDLE
05-23 11:05:33.188   698   698 D DCT     : [DcT(0)] trySetupData for type:default due to roamingOff apnContext={mApnType=default mState=IDLE mWaitingApns={null} mWaitingApnsPermanentFailureCountDown=0 mApnSetting={null} mReason=roamingOff mDataEnabled=true mDependencyMet=true}
05-23 11:05:33.188   698   698 D DCT     : [DcT(0)] trySetupData with mIsPsRestricted=false
05-23 11:05:33.188   698   698 D DCT     : [DcT(0)] isServiceStateAllowed: not allowed due to Non-GSM-ONLY - [csAllowed] state: 3 - [psAllowed] gprs: 3, mAutoAttachOnCreation: false - [ltePsAllowed] isLteReady: false, isTDReady: false, gprsState: 3
05-23 11:05:33.188   698   698 D DCT     : [DcT(0)] isDataAllowed: not allowed due to serviceStateAllowed =false
05-23 11:05:33.188   698   698 D DCT     : [DcT(0)] notifyOffApnOfAvailability type:dm
05-23 11:05:33.188   698   698 D use-Rlog/RLOG-GSM: [MsmsDcTrackerProxy]isAnotherCardVoiceing phoneId: 0 sVoicePhoneId: -1 result: false
05-23 11:05:33.188   698   698 D DCT     : [DcT(0)] isDataAllowed: not allowed due to - Attached= false - SIM not loaded
05-23 11:05:33.188   698   698 D DCT     : [DcT(0)] isDataPossible(dm): possible=false isDataAllowed=false apnTypePossible=true apnContextisEnabled=false apnContextState()=IDLE
05-23 11:05:33.188   698   698 D DCT     : [DcT(0)] get active apn string for type:dm
05-23 11:05:33.188   698   698 D DCT     : [ApnContext:dm] getApnSetting: apnSetting=null
05-23 11:05:33.188   698   698 D DCT     : [DcT(0)] notifyOffApnOfAvailability type:wap
05-23 11:05:33.188   698   698 D use-Rlog/RLOG-GSM: [MsmsDcTrackerProxy]isAnotherCardVoiceing phoneId: 0 sVoicePhoneId: -1 result: false
05-23 11:05:33.188   698   698 D DCT     : [DcT(0)] isDataAllowed: not allowed due to - Attached= false - SIM not loaded
05-23 11:05:33.188   698   698 D DCT     : [DcT(0)] isDataPossible(wap): possible=false isDataAllowed=false apnTypePossible=true apnContextisEnabled=false apnContextState()=IDLE
05-23 11:05:33.188   698   698 D DCT     : [DcT(0)] get active apn string for type:wap
05-23 11:05:33.188   698   698 D DCT     : [ApnContext:wap] getApnSetting: apnSetting=null
05-23 11:05:33.288   698   698 D DCT     : [DcT(0)] notifyOffApnOfAvailability type:fota
05-23 11:05:33.288   698   698 D use-Rlog/RLOG-GSM: [MsmsDcTrackerProxy]isAnotherCardVoiceing phoneId: 0 sVoicePhoneId: -1 result: false
05-23 11:05:33.288   698   698 D DCT     : [DcT(0)] isDataAllowed: not allowed due to - Attached= false - SIM not loaded
05-23 11:05:33.288   698   698 D DCT     : [DcT(0)] isDataPossible(fota): possible=false isDataAllowed=false apnTypePossible=true apnContextisEnabled=false apnContextState()=IDLE
05-23 11:05:33.288   698   698 D DCT     : [DcT(0)] get active apn string for type:fota
05-23 11:05:33.288   698   698 D DCT     : [ApnContext:fota] getApnSetting: apnSetting=null
05-23 11:05:33.338   698   698 D DCT     : [DcT(0)] notifyOffApnOfAvailability type:supl
05-23 11:05:33.338   698   698 D use-Rlog/RLOG-GSM: [MsmsDcTrackerProxy]isAnotherCardVoiceing phoneId: 0 sVoicePhoneId: -1 result: false
05-23 11:05:33.338   698   698 D DCT     : [DcT(0)] isDataAllowed: not allowed due to - Attached= false - SIM not loaded
05-23 11:05:33.338   698   698 D DCT     : [DcT(0)] isDataPossible(supl): possible=false isDataAllowed=false apnTypePossible=true apnContextisEnabled=false apnContextState()=IDLE
05-23 11:05:33.338   698   698 D DCT     : [DcT(0)] get active apn string for type:supl
05-23 11:05:33.338   698   698 D DCT     : [ApnContext:supl] getApnSetting: apnSetting=null
05-23 11:05:33.388   698   698 D DCT     : [DcT(0)] notifyOffApnOfAvailability type:hipri
05-23 11:05:33.388   698   698 D use-Rlog/RLOG-GSM: [MsmsDcTrackerProxy]isAnotherCardVoiceing phoneId: 0 sVoicePhoneId: -1 result: false
05-23 11:05:33.388   698   698 D DCT     : [DcT(0)] isDataAllowed: not allowed due to - Attached= false - SIM not loaded
05-23 11:05:33.388   698   698 D DCT     : [DcT(0)] isDataPossible(hipri): possible=false isDataAllowed=false apnTypePossible=true apnContextisEnabled=false apnContextState()=IDLE
05-23 11:05:33.388   698   698 D DCT     : [DcT(0)] get active apn string for type:hipri
05-23 11:05:33.388   698   698 D DCT     : [ApnContext:hipri] getApnSetting: apnSetting=null
05-23 11:05:33.388   698   698 D DCT     : [DcT(0)] notifyOffApnOfAvailability type:ims
05-23 11:05:33.388   698   698 D use-Rlog/RLOG-GSM: [MsmsDcTrackerProxy]isAnotherCardVoiceing phoneId: 0 sVoicePhoneId: -1 result: false
05-23 11:05:33.388   698   698 D DCT     : [DcT(0)] isDataAllowed: not allowed due to - Attached= false - SIM not loaded
05-23 11:05:33.388   698   698 D DCT     : [DcT(0)] isDataPossible(ims): possible=false isDataAllowed=false apnTypePossible=true apnContextisEnabled=false apnContextState()=IDLE
05-23 11:05:33.398   698   698 D DCT     : [DcT(0)] get active apn string for type:ims
05-23 11:05:33.398   698   698 D DCT     : [ApnContext:ims] getApnSetting: apnSetting=null
05-23 11:05:33.398   698   698 D DCT     : [DcT(0)] notifyOffApnOfAvailability type:default
05-23 11:05:33.398   698   698 D use-Rlog/RLOG-GSM: [MsmsDcTrackerProxy]isAnotherCardVoiceing phoneId: 0 sVoicePhoneId: -1 result: false
05-23 11:05:33.398   698   698 D DCT     : [DcT(0)] isDataAllowed: not allowed due to - Attached= false - SIM not loaded
05-23 11:05:33.398   698   698 D DCT     : [DcT(0)] isDataPossible(default): possible=false isDataAllowed=false apnTypePossible=true apnContextisEnabled=true apnContextState()=IDLE
05-23 11:05:33.398   698   698 D DCT     : [DcT(0)] get active apn string for type:default
05-23 11:05:33.398   698   698 D DCT     : [ApnContext:default] getApnSetting: apnSetting=null
05-23 11:05:33.408   698   698 D DCT     : [DcT(0)] notifyOffApnOfAvailability type:mms
05-23 11:05:33.408   698   698 D use-Rlog/RLOG-GSM: [MsmsDcTrackerProxy]isAnotherCardVoiceing phoneId: 0 sVoicePhoneId: -1 result: false
05-23 11:05:33.408   698   698 D DCT     : [DcT(0)] isDataAllowed: not allowed due to - Attached= false - SIM not loaded
05-23 11:05:33.408   698   698 D DCT     : [DcT(0)] isDataPossible(mms): possible=false isDataAllowed=false apnTypePossible=true apnContextisEnabled=false apnContextState()=IDLE
05-23 11:05:33.408   698   698 D DCT     : [DcT(0)] get active apn string for type:mms
05-23 11:05:33.408   698   698 D DCT     : [ApnContext:mms] getApnSetting: apnSetting=null
05-23 11:05:33.539   698   698 D DCT     : [DcT(0)] notifyOffApnOfAvailability type:cbs
05-23 11:05:33.539   698   698 D use-Rlog/RLOG-GSM: [MsmsDcTrackerProxy]isAnotherCardVoiceing phoneId: 0 sVoicePhoneId: -1 result: false
05-23 11:05:33.539   698   698 D DCT     : [DcT(0)] isDataAllowed: not allowed due to - Attached= false - SIM not loaded
05-23 11:05:33.539   698   698 D DCT     : [DcT(0)] isDataPossible(cbs): possible=false isDataAllowed=false apnTypePossible=true apnContextisEnabled=false apnContextState()=IDLE
05-23 11:05:33.539   698   698 D DCT     : [DcT(0)] get active apn string for type:cbs
05-23 11:05:33.539   698   698 D DCT     : [ApnContext:cbs] getApnSetting: apnSetting=null
05-23 11:05:33.549   698   698 D DCT     : [DcT(0)] notifyOffApnOfAvailability type:xcap
05-23 11:05:33.549   698   698 D use-Rlog/RLOG-GSM: [MsmsDcTrackerProxy]isAnotherCardVoiceing phoneId: 0 sVoicePhoneId: -1 result: false
05-23 11:05:33.549   698   698 D DCT     : [DcT(0)] isDataAllowed: not allowed due to - Attached= false - SIM not loaded
05-23 11:05:33.549   698   698 D DCT     : [DcT(0)] isDataPossible(xcap): possible=false isDataAllowed=false apnTypePossible=true apnContextisEnabled=false apnContextState()=IDLE
05-23 11:05:33.549   698   698 D DCT     : [DcT(0)] get active apn string for type:xcap
05-23 11:05:33.549   698   698 D DCT     : [ApnContext:xcap] getApnSetting: apnSetting=null
05-23 11:05:33.549   698   698 D DCT     : [DcT(0)] trySetupData: X apnContext not 'ready' retValue=false
05-23 11:05:33.549   698   698 D DCT     : [DcT(0)] setupDataOnConnectableApns: apnContext {mApnType=mms mState=IDLE mWaitingApns={null} mWaitingApnsPermanentFailureCountDown=0 mApnSetting={null} mReason=radioTurnedOff mDataEnabled=false mDependencyMet=true}
05-23 11:05:33.549   698   698 D DCT     : [DcT(0)] setupDataOnConnectableApns: apnContext {mApnType=fota mState=IDLE mWaitingApns={null} mWaitingApnsPermanentFailureCountDown=0 mApnSetting={null} mReason=radioTurnedOff mDataEnabled=false mDependencyMet=true}
05-23 11:05:33.549   698   698 D DCT     : [DcT(0)] handleMessage msg={ when=-4s286ms what=270439 obj=android.os.AsyncResult@41e03290 target=com.android.internal.telephony.dataconnection.MsmsDcTracker }
05-23 11:05:33.549   698   698 D DCT     : [DcT(0)] handleMessage msg={ when=-4s287ms what=270439 obj=android.os.AsyncResult@41e03290 target=com.android.internal.telephony.dataconnection.MsmsDcTracker }
05-23 11:05:33.559   698   698 D DCT     : [DcT(0)] EVENT_DATA_RAT_CHANGED
05-23 11:05:33.559   698   698 D IccCardProxy: [0]updateExternalState : mRadioOn = false
05-23 11:05:33.559   698   698 D IccCardProxy: [0] phoneid 0 misFirstStarttrue
05-23 11:05:33.559   698   698 D IccCardProxy: [0]updateExternalState : mRadioOn = false
05-23 11:05:33.559   698   698 D IccCardProxy: [0] phoneid 0 misFirstStarttrue
05-23 11:05:33.559   698   698 D GsmCallTracker: [GsmCallTracker] handle EVENT_INITIALIZE
05-23 11:05:33.559   698   698 D PHONE   : [ServiceState] setNullState=3
05-23 11:05:33.559   698   698 D GsmSST  : [GsmSST-phoneId1] Poll ServiceState done:  oldSS=[1 1 home null null null  Unknown Unknown CSS not supported 0 0 RoamInd=0 DefRoamInd=0 EmergOnly=false mImsRegistration = false mSrvccState = -1] newSS=[3 3 home null null null  Unknown Unknown CSS not supported -1 -1 RoamInd=-1 DefRoamInd=-1 EmergOnly=false mImsRegistration = false mSrvccState = -1] oldMaxDataCalls=1 mNewMaxDataCalls=1 oldReasonDataDenied=-1 mNewReasonDataDenied=-1
05-23 11:05:33.559   698   698 D PHONE   : [ServiceState] setNullState=1
05-23 11:05:33.569   698   698 D PhoneFactory: setSystemProperty >>>>>>  value = null
05-23 11:05:33.569   698   698 D PhoneFactory: setSystemProperty >>>>>>  value = null
05-23 11:05:33.569   698   698 D GsmSST  : [GsmSST-phoneId1] operatorNumeric is null
05-23 11:05:33.569   698   698 D PhoneFactory: setSystemProperty >>>>>>  value = 
05-23 11:05:33.569   698   698 D PhoneFactory: setSystemProperty >>>>>>  value = false
05-23 11:05:33.809   698   698 D GsmSST  : [GsmSST-phoneId1] updateSpnDisplay: radio is off w/ showPlmn=false plmn=
05-23 11:05:33.809   698   698 D GsmSST  : [GsmSST-phoneId1] updateSpnDisplay: changed sending intent rule=0 showPlmn='false' plmn='' showSpn='false' spn=''
05-23 11:05:34.079   698   698 D GsmSST  : [GsmSST-phoneId1] notifyDataRegStateRilRadioTechnologyChanged: drs=3 rat=0
05-23 11:05:34.079   698   698 D PhoneFactory: setSystemProperty >>>>>>  value = Unknown
05-23 11:05:34.079   698   698 D DCT     : [DcT(1)] get all active apn types
05-23 11:05:34.099   698   698 D RILJ    : [1][3663]> BASEBAND_VERSION
05-23 11:05:34.109   698   698 D RILJ    : [1][3664]> GET_IMEI
05-23 11:05:34.109   182   232 I use-Rlog/RLOG-RILC: [1] enter processCommandsCallback, socket type = 0
05-23 11:05:34.109   182   232 I use-Rlog/RLOG-RILC: [1] enter processCommandsCallback, socket type = 0
05-23 11:05:34.109   182   232 I use-Rlog/RLOG-RILC: [1] PCC  alloc one command p_record
05-23 11:05:34.109   182   756 D use-Rlog/RLOG-RILC: [1] PCB request code 51 token 15
05-23 11:05:34.109   182   756 D use-Rlog/RLOG-RILC: [1] [0015]> BASEBAND_VERSION 
05-23 11:05:34.109   182   756 D use-Rlog/RLOG-RIL: [1] onRequest: BASEBAND_VERSION sState=0
05-23 11:05:34.109   182   756 D use-Rlog/RLOG-RIL: [1] channel4 state: '0' 
05-23 11:05:34.109   182   756 D use-Rlog/RLOG-RIL: [1] get Channel ID '4'
05-23 11:05:34.109   182   756 D use-Rlog/RLOG-AT: [1] Channel4: AT> AT+CGMR
05-23 11:05:34.109   698   698 D RILJ    : [1][3665]> GET_IMEISV
05-23 11:05:34.109   182   232 I use-Rlog/RLOG-RILC: [1] enter processCommandsCallback, socket type = 0
05-23 11:05:34.119   182   245 D use-Rlog/RLOG-AT: [1] Channel4: AT< Platform Version: MOCORTM_15C_PIKEL_W17.39.2_P1_Debug
05-23 11:05:34.119   182   245 D use-Rlog/RLOG-AT: [1] Channel4: AT< Project Version:   pikel_cp1
05-23 11:05:34.119   182   232 I use-Rlog/RLOG-RILC: [1] enter processCommandsCallback, socket type = 0
05-23 11:05:34.119   698   698 D DCT     : [DcT(1)] handleMessage msg={ when=-4s532ms what=270369 obj=android.os.AsyncResult@41e38378 target=com.android.internal.telephony.dataconnection.MsmsDcTracker }
05-23 11:05:34.119   698   698 D DCT     : [DcT(1)] handleMessage msg={ when=-4s534ms what=270369 obj=android.os.AsyncResult@41e38378 target=com.android.internal.telephony.dataconnection.MsmsDcTracker }
05-23 11:05:34.129   698   698 D DCT     : [DcT(1)] handleMessage msg={ when=-4s512ms what=270337 obj=android.os.AsyncResult@41e4a570 target=com.android.internal.telephony.dataconnection.MsmsDcTracker }
05-23 11:05:34.129   698   698 D DCT     : [DcT(1)] handleMessage msg={ when=-4s516ms what=270337 obj=android.os.AsyncResult@41e4a570 target=com.android.internal.telephony.dataconnection.MsmsDcTracker }
05-23 11:05:34.129   698   698 D DCT     : [DcT(1)] onRadioAvailable
05-23 11:05:34.129   698   698 D DCT     : [DcT(1)] overall state is IDLE
05-23 11:05:34.139   698   698 D DCT     : [DcT(1)] handleMessage msg={ when=-4s521ms what=270342 obj=android.os.AsyncResult@41e4a618 target=com.android.internal.telephony.dataconnection.MsmsDcTracker }
05-23 11:05:34.139   698   698 D DCT     : [DcT(1)] handleMessage msg={ when=-4s524ms what=270342 obj=android.os.AsyncResult@41e4a618 target=com.android.internal.telephony.dataconnection.MsmsDcTracker }
05-23 11:05:34.139   698   698 D DCT     : [DcT(1)] handleMessage msg={ when=-4s525ms what=270345 obj=android.os.AsyncResult@41e4a8e0 target=com.android.internal.telephony.dataconnection.MsmsDcTracker }
05-23 11:05:34.139   698   698 D DCT     : [DcT(1)] handleMessage msg={ when=-4s526ms what=270345 obj=android.os.AsyncResult@41e4a8e0 target=com.android.internal.telephony.dataconnection.MsmsDcTracker }
05-23 11:05:34.149   698   698 D DCT     : [DcT(1)] handleMessage msg={ when=-4s533ms what=270348 obj=android.os.AsyncResult@41e4aa38 target=com.android.internal.telephony.dataconnection.MsmsDcTracker }
05-23 11:05:34.149   698   698 D DCT     : [DcT(1)] handleMessage msg={ when=-4s535ms what=270348 obj=android.os.AsyncResult@41e4aa38 target=com.android.internal.telephony.dataconnection.MsmsDcTracker }
05-23 11:05:34.149   698   698 D DCT     : [DcT(1)] handleMessage msg={ when=-4s537ms what=270439 obj=android.os.AsyncResult@41e4b158 target=com.android.internal.telephony.dataconnection.MsmsDcTracker }
05-23 11:05:34.159   698   698 D DCT     : [DcT(1)] handleMessage msg={ when=-4s540ms what=270439 obj=android.os.AsyncResult@41e4b158 target=com.android.internal.telephony.dataconnection.MsmsDcTracker }
05-23 11:05:34.159   698   698 D DCT     : [DcT(1)] EVENT_DATA_RAT_CHANGED
05-23 11:05:34.159   698   698 D IccCardProxy: [1]updateExternalState : mRadioOn = false
05-23 11:05:34.159   698   698 D IccCardProxy: [1] phoneid 1 misFirstStarttrue
05-23 11:05:34.159   698   698 D IccCardProxy: [1]updateExternalState : mRadioOn = false
05-23 11:05:34.169   698   698 D IccCardProxy: [1] phoneid 1 misFirstStarttrue
05-23 11:05:34.229   182   245 D use-Rlog/RLOG-AT: [1] Channel4: AT< BASE  Version:    FM_BASE_15C_PIKEL_W17.39.2_P1
05-23 11:05:34.229   182   232 I use-Rlog/RLOG-RILC: [1] PCC  alloc one command p_record
05-23 11:05:34.229   182   245 D use-Rlog/RLOG-AT: [1] Channel4: AT< HW Version:        sc9820_modem
05-23 11:05:34.229   182   245 D use-Rlog/RLOG-AT: [1] Channel4: AT< 10-02-2017 20:44:23
05-23 11:05:34.229   182   245 D use-Rlog/RLOG-AT: [1] Channel4: AT< OK
05-23 11:05:34.229   182   232 I use-Rlog/RLOG-RILC: [1] PCC  alloc one command p_record
05-23 11:05:34.229   182   756 D use-Rlog/RLOG-RIL: [1] Modem Type is l
05-23 11:05:34.229   182   969 D use-Rlog/RLOG-RILC: [1] PCB request code 38 token 16
05-23 11:05:34.229   182   756 D use-Rlog/RLOG-RIL: [1] MODEM_TYPE_LTE
05-23 11:05:34.229   182   969 D use-Rlog/RLOG-RILC: [1] [0016]> GET_IMEI 
05-23 11:05:34.229   182   969 D use-Rlog/RLOG-RIL: [1] onRequest: GET_IMEI sState=0
05-23 11:05:34.229   182   969 D use-Rlog/RLOG-RIL: [1] channel5 state: '0' 
05-23 11:05:34.229   182   969 D use-Rlog/RLOG-RIL: [1] get Channel ID '5'
05-23 11:05:34.229   182   756 D use-Rlog/RLOG-RILC: [1] [0015]< BASEBAND_VERSION {FM_BASE_15C_PIKEL_W17.39.2_P1|sc9820_modem|10-02-2017 20:44:23}
05-23 11:05:34.229   182   756 D use-Rlog/RLOG-RIL: [1] put Channel ID '4'
05-23 11:05:34.229   182   756 I use-Rlog/RLOG-RILC: [1] -->CommandThread [756] free one command
05-23 11:05:34.229   182   756 D use-Rlog/RLOG-RILC: [1] PCB request code 39 token 17
05-23 11:05:34.229   182   756 D use-Rlog/RLOG-RILC: [1] [0017]> GET_IMEISV 
05-23 11:05:34.229   182   756 D use-Rlog/RLOG-RIL: [1] onRequest: GET_IMEISV sState=0
05-23 11:05:34.229   182   756 D use-Rlog/RLOG-RIL: [1] channel4 state: '0' 
05-23 11:05:34.229   182   756 D use-Rlog/RLOG-RIL: [1] get Channel ID '4'
05-23 11:05:34.229   182   756 D use-Rlog/RLOG-AT: [1] Channel4: AT> AT+SGMR=0,0,2
05-23 11:05:34.229   698   750 D RILJ    : [1][3663]< BASEBAND_VERSION FM_BASE_15C_PIKEL_W17.39.2_P1|sc9820_modem|10-02-2017 20:44:23
05-23 11:05:34.229   182   245 D use-Rlog/RLOG-AT: [1] Channel4: AT< +SGMR: 01
05-23 11:05:34.229   182   245 D use-Rlog/RLOG-AT: [1] Channel4: AT< OK
05-23 11:05:34.229   182   756 D use-Rlog/RLOG-RILC: [1] [0017]< GET_IMEISV {01}
05-23 11:05:34.229   182   756 D use-Rlog/RLOG-RIL: [1] put Channel ID '4'
05-23 11:05:34.229   182   756 I use-Rlog/RLOG-RILC: [1] -->CommandThread [756] free one command
05-23 11:05:34.229   182   969 D use-Rlog/RLOG-AT: [1] Channel5: AT> AT+CGSN
05-23 11:05:34.229   698   750 D RILJ    : [1][3665]< GET_IMEISV 01
05-23 11:05:34.239   182   245 D use-Rlog/RLOG-AT: [1] Channel5: AT< 867400020316620
05-23 11:05:34.239   182   245 D use-Rlog/RLOG-AT: [1] Channel5: AT< OK
05-23 11:05:34.239   182   969 D use-Rlog/RLOG-RILC: [1] [0016]< GET_IMEI {867400020316620}
05-23 11:05:34.239   182   969 D use-Rlog/RLOG-RIL: [1] put Channel ID '5'
05-23 11:05:34.239   182   969 I use-Rlog/RLOG-RILC: [1] -->CommandThread [969] free one command
05-23 11:05:34.239   698   750 D RILJ    : [1][3664]< GET_IMEI 867400020316620
05-23 11:05:34.249   698   698 D DebugService: DebugService DebugService:
05-23 11:05:34.840   673   673 E PHONE   : ServiceState.getNetworkType() DEPRECATED will be removed *******
05-23 11:05:35.060   673   673 W SignalStrength: getLTELevel - rsrp:2147483647 snr:2147483647 rsrpIconLevel:-1 snrIconLevel:-1
05-23 11:05:35.060   673   673 W SignalStrength: getLTELevel - rssi:99 rssiIconLevel:0
05-23 11:05:35.060   673   673 W SignalStrength: getGsmLevel=0
05-23 11:05:35.060   673   673 W SignalStrength: getLevel=0
05-23 11:05:35.090   673   673 W SignalStrength: getLTELevel - rsrp:2147483647 snr:2147483647 rsrpIconLevel:-1 snrIconLevel:-1
05-23 11:05:35.090   673   673 W SignalStrength: getLTELevel - rssi:99 rssiIconLevel:0
05-23 11:05:35.090   673   673 W SignalStrength: getGsmLevel=0
05-23 11:05:35.090   673   673 W SignalStrength: getLevel=0
05-23 11:05:35.150   673   673 W SignalStrength: getLTELevel - rsrp:2147483647 snr:2147483647 rsrpIconLevel:-1 snrIconLevel:-1
05-23 11:05:35.150   673   673 W SignalStrength: getLTELevel - rssi:99 rssiIconLevel:0
05-23 11:05:35.150   673   673 W SignalStrength: getGsmLevel=0
05-23 11:05:35.150   673   673 W SignalStrength: getLevel=0
05-23 11:05:35.260   698   698 D RadioInteractor: [RadioInteractorService]  onCreate.....698
05-23 11:05:35.260   698   698 E RadioInteractor: [RadioInteractorFactory] init() called multiple times!  sInstance = com.android.sprd.telephony.RadioInteractorFactory@41dcc9b0
05-23 11:05:35.270   698   698 D RadioInteractor: [RadioInteractorService] onBind onBind onBind......
05-23 11:05:35.641   698   698 D RadioInteractor: [RadioInteractorHandler] EVENT_UNSOL_RI_CONNECTED
05-23 11:05:35.641   698   698 D RadioInteractor: [RadioInteractorHandler] EVENT_UNSOL_RI_CONNECTED
05-23 11:05:35.791   698   698 D DCT     : [DcT(0)] onReceive: action=android.intent.action.BATTERY_CHANGED
05-23 11:05:35.791   698   698 D DCT     : [DcT(1)] onReceive: action=android.intent.action.BATTERY_CHANGED
05-23 11:05:35.791   698   698 D DCT     : [DcT(0)] handleMessage msg={ when=-3s947ms what=270369 obj=android.os.AsyncResult@41e971e8 target=com.android.internal.telephony.dataconnection.MsmsDcTracker }
05-23 11:05:35.791   698   698 D DCT     : [DcT(0)] handleMessage msg={ when=-3s947ms what=270369 obj=android.os.AsyncResult@41e971e8 target=com.android.internal.telephony.dataconnection.MsmsDcTracker }
05-23 11:05:35.791   698   698 D IccCardProxy: [0]updateExternalState : mRadioOn = false
05-23 11:05:35.791   698   698 D IccCardProxy: [0] phoneid 0 misFirstStarttrue
05-23 11:05:35.791   698   698 D UiccController: [0]Received EVENT_GET_ICC_STATUS_DONE
05-23 11:05:35.791   698   698 D UiccController: [0]onGetIccCardStatusDone : appStatus[0].app_state = APPSTATE_READY
05-23 11:05:35.791   698   698 D UiccCard: Creating
05-23 11:05:35.791   698   698 D UiccCard: update : phoneId = 0 mCardState = CARDSTATE_PRESENT oldState = CARDSTATE_PRESENT
05-23 11:05:35.791   698   698 D UiccCard: 1 applications
05-23 11:05:35.791   698   698 D UiccCardApplication: Creating UiccApp: {APPTYPE_USIM,APPSTATE_READY,pin1=PINSTATE_UNKNOWN,pin2=PINSTATE_UNKNOWN}
05-23 11:05:35.811   976   976 D TelephonyManager: No /proc/cmdline exception=java.io.FileNotFoundException: /proc/cmdline: open failed: EACCES (Permission denied)
05-23 11:05:35.851   976   976 D TelephonyManager: /proc/cmdline=
05-23 11:05:35.961   698   698 W VoiceMailConstants: Can't open /system/etc/voicemail-conf.xml
05-23 11:05:36.301   698   698 D SIMRecords: [SIMRecords] SIMRecords: onRadioOffOrNotAvailable set 'gsm.sim.operator.numeric' to operator=null
05-23 11:05:36.301   698   698 D PhoneFactory: setSystemProperty >>>>>>  value = null
05-23 11:05:36.301   698   698 D PhoneFactory: setSystemProperty >>>>>>  value = null
05-23 11:05:36.301   698   698 D PhoneFactory: setSystemProperty >>>>>>  value = null
05-23 11:05:36.301   698   698 D UiccCardApplication: Notifying 1 registrant: READY
05-23 11:05:36.301   698   698 D SIMRecords: [SIMRecords] getOperatorNumeric: IMSI == null
