05-23 11:05:45.580   181   753 D use-Rlog/RLOG-RILC: [0] [0073]> OPERATOR 
05-23 11:05:45.580   181   753 D use-Rlog/RLOG-RIL: [0] onRequest: OPERATOR sState=4
05-23 11:05:45.580   181   753 D use-Rlog/RLOG-RIL: [0] channel1 state: '0' 
05-23 11:05:45.580   181   753 D use-Rlog/RLOG-RIL: [0] get Channel ID '1'
05-23 11:05:45.580   181   753 D use-Rlog/RLOG-AT: [0] Channel1: AT> AT+COPS=3,0;+COPS?;+COPS=3,1;+COPS?;+COPS=3,2;+COPS?
05-23 11:05:45.580   181   242 D use-Rlog/RLOG-AT: [0] Channel1: AT< +COPS: 0
05-23 11:05:45.580   181   242 D use-Rlog/RLOG-AT: [0] Channel1: AT< +COPS: 0
05-23 11:05:45.580   181   242 D use-Rlog/RLOG-AT: [0] Channel1: AT< +COPS: 0
05-23 11:05:45.580   181   242 D use-Rlog/RLOG-AT: [0] Channel1: AT< OK
05-23 11:05:45.580   181   753 D use-Rlog/RLOG-RILC: [0] [0073]< OPERATOR {(null),(null),(null)}
05-23 11:05:45.580   181   753 D use-Rlog/RLOG-RIL: [0] put Channel ID '1'
05-23 11:05:45.580   181   753 I use-Rlog/RLOG-RILC: [0] -->CommandThread [753] free one command
05-23 11:05:45.590   698   698 D RILJ    : [0][3723]> VOICE_REGISTRATION_STATE
05-23 11:05:45.590   181   231 I use-Rlog/RLOG-RILC: [0] enter processCommandsCallback, socket type = 0
05-23 11:05:45.590   181   231 I use-Rlog/RLOG-RILC: [0] enter processCommandsCallback, socket type = 0
05-23 11:05:45.590   181   231 I use-Rlog/RLOG-RILC: [0] PCC  alloc one command p_record
05-23 11:05:45.590   181   963 D use-Rlog/RLOG-RILC: [0] PCB request code 21 token 74
05-23 11:05:45.590   181   963 D use-Rlog/RLOG-RILC: [0] [0074]> DATA_REGISTRATION_STATE 
05-23 11:05:45.590   181   963 D use-Rlog/RLOG-RIL: [0] onRequest: DATA_REGISTRATION_STATE sState=4
05-23 11:05:45.590   181   963 D use-Rlog/RLOG-RIL: [0] channel1 state: '0' 
05-23 11:05:45.590   181   963 D use-Rlog/RLOG-RIL: [0] get Channel ID '1'
05-23 11:05:45.590   181   963 D use-Rlog/RLOG-RIL: [0] ssda mode: tdd-csfb
05-23 11:05:45.590   181   963 D use-Rlog/RLOG-AT: [0] Channel1: AT> AT+CEREG?
05-23 11:05:45.590   181   242 D use-Rlog/RLOG-AT: [0] Channel1: AT< +CEREG: 2,2
05-23 11:05:45.590   181   242 D use-Rlog/RLOG-AT: [0] Channel1: AT< OK
05-23 11:05:45.590   181   963 D use-Rlog/RLOG-RILC: [0] [0074]< DATA_REGISTRATION_STATE {2,(null),(null),(null),(null),3}
05-23 11:05:45.590   181   963 D use-Rlog/RLOG-RIL: [0] put Channel ID '1'
05-23 11:05:45.590   181   963 I use-Rlog/RLOG-RILC: [0] -->CommandThread [963] free one command
05-23 11:05:45.590   698   698 D RILJ    : [0][3724]> QUERY_NETWORK_SELECTION_MODE
05-23 11:05:45.590   698   747 D RilRequest: [3720]< REQUEST_SET_PREFERRED_NETWORK_TYPE error: com.android.internal.telephony.CommandException: GENERIC_FAILURE
05-23 11:05:45.590   698   747 D RILJ    : [0][UNSL]< [0]UNSOL_RESPONSE_SIM_STATUS_CHANGED
05-23 11:05:45.590   698   747 D RILJ    : [0][UNSL]< [0]UNSOL_RESPONSE_RADIO_STATE_CHANGED RADIO_ON
05-23 11:05:45.590   698   747 D RILJ    : [0][UNSL]< [0]UNSOL_RESPONSE_SIM_STATUS_CHANGED
05-23 11:05:45.590   181   231 I use-Rlog/RLOG-RILC: [0] enter processCommandsCallback, socket type = 0
05-23 11:05:45.590   698   747 D RILJ    : [0][3719]< RADIO_POWER 
05-23 11:05:45.590   698   747 D RILJ    : sprdRil before responseOperatorString():response[0]= null response[1]= null response[2]= null
05-23 11:05:45.590   181   231 I use-Rlog/RLOG-RILC: [0] enter processCommandsCallback, socket type = 0
05-23 11:05:45.590   181   231 I use-Rlog/RLOG-RILC: [0] PCC  alloc one command p_record
05-23 11:05:45.590   181   753 D use-Rlog/RLOG-RILC: [0] PCB request code 20 token 75
05-23 11:05:45.590   181   753 D use-Rlog/RLOG-RILC: [0] [0075]> VOICE_REGISTRATION_STATE 
05-23 11:05:45.590   181   753 D use-Rlog/RLOG-RIL: [0] onRequest: VOICE_REGISTRATION_STATE sState=4
05-23 11:05:45.590   181   753 D use-Rlog/RLOG-RIL: [0] channel1 state: '0' 
05-23 11:05:45.590   181   753 D use-Rlog/RLOG-RIL: [0] get Channel ID '1'
05-23 11:05:45.590   181   753 D use-Rlog/RLOG-RIL: [0] ssda mode: tdd-csfb
05-23 11:05:45.590   181   753 D use-Rlog/RLOG-AT: [0] Channel1: AT> AT+CREG?
05-23 11:05:45.590   181   242 D use-Rlog/RLOG-AT: [0] Channel1: AT< +CREG: 2,2
05-23 11:05:45.590   181   242 D use-Rlog/RLOG-AT: [0] Channel1: AT< OK
05-23 11:05:45.590   181   753 D use-Rlog/RLOG-RILC: [0] [0075]< VOICE_REGISTRATION_STATE {2,(null),(null),(null),(null),(null),(null),0,(null),(null),(null),(null),(null),(null),(null)}
05-23 11:05:45.590   181   753 D use-Rlog/RLOG-RIL: [0] put Channel ID '1'
05-23 11:05:45.590   181   753 I use-Rlog/RLOG-RILC: [0] -->CommandThread [753] free one command
05-23 11:05:45.600   698   698 D UiccController: [0]Received EVENT_ICC_STATUS_CHANGED, calling getIccCardStatus
05-23 11:05:45.600   181   231 I use-Rlog/RLOG-RILC: [0] enter processCommandsCallback, socket type = 0
05-23 11:05:45.610   181   231 I use-Rlog/RLOG-RILC: [0] enter processCommandsCallback, socket type = 0
05-23 11:05:45.610   181   231 I use-Rlog/RLOG-RILC: [0] PCC  alloc one command p_record
05-23 11:05:45.610   181   963 D use-Rlog/RLOG-RILC: [0] PCB request code 45 token 76
05-23 11:05:45.610   181   963 D use-Rlog/RLOG-RILC: [0] [0076]> QUERY_NETWORK_SELECTION_MODE 
05-23 11:05:45.610   181   963 D use-Rlog/RLOG-RIL: [0] onRequest: QUERY_NETWORK_SELECTION_MODE sState=4
05-23 11:05:45.610   181   963 D use-Rlog/RLOG-RIL: [0] channel1 state: '0' 
05-23 11:05:45.610   181   963 D use-Rlog/RLOG-RIL: [0] get Channel ID '1'
05-23 11:05:45.610   181   963 D use-Rlog/RLOG-AT: [0] Channel1: AT> AT+COPS?
05-23 11:05:45.610   181   242 D use-Rlog/RLOG-AT: [0] Channel1: AT< +COPS: 0
05-23 11:05:45.610   181   242 D use-Rlog/RLOG-AT: [0] Channel1: AT< OK
05-23 11:05:45.610   181   963 D use-Rlog/RLOG-RILC: [0] [0076]< QUERY_NETWORK_SELECTION_MODE {0}
05-23 11:05:45.610   181   963 D use-Rlog/RLOG-RIL: [0] put Channel ID '1'
05-23 11:05:45.610   181   963 I use-Rlog/RLOG-RILC: [0] -->CommandThread [963] free one command
05-23 11:05:45.610   698   698 D RILJ    : [0][3725]> GET_SIM_STATUS
05-23 11:05:45.620   181   231 I use-Rlog/RLOG-RILC: [0] enter processCommandsCallback, socket type = 0
05-23 11:05:45.620   181   231 I use-Rlog/RLOG-RILC: [0] enter processCommandsCallback, socket type = 0
05-23 11:05:45.620   181   231 I use-Rlog/RLOG-RILC: [0] PCC  alloc one command p_record
05-23 11:05:45.620   181   753 D use-Rlog/RLOG-RILC: [0] PCB request code 1 token 77
05-23 11:05:45.620   181   753 D use-Rlog/RLOG-RILC: [0] [0077]> GET_SIM_STATUS 
05-23 11:05:45.620   181   753 D use-Rlog/RLOG-RIL: [0] onRequest: GET_SIM_STATUS sState=4
05-23 11:05:45.620   181   753 D use-Rlog/RLOG-RIL: [0] channel1 state: '0' 
05-23 11:05:45.620   181   753 D use-Rlog/RLOG-RIL: [0] get Channel ID '1'
05-23 11:05:45.620   181   753 D use-Rlog/RLOG-AT: [0] Channel1: AT> AT+CPIN?
05-23 11:05:45.620   181   242 D use-Rlog/RLOG-AT: [0] Channel1: AT< +CPIN: READY
05-23 11:05:45.620   181   242 D use-Rlog/RLOG-AT: [0] Channel1: AT< OK
05-23 11:05:45.620   181   753 D use-Rlog/RLOG-RIL: [0] setHasSim hasSim = 1
05-23 11:05:45.620   181   753 D use-Rlog/RLOG-AT: [0] Channel1: AT> AT+EUICC?
05-23 11:05:45.620   181   242 D use-Rlog/RLOG-AT: [0] Channel1: AT< +EUICC: 0,2,1
05-23 11:05:45.620   181   242 D use-Rlog/RLOG-AT: [0] Channel1: AT< OK
05-23 11:05:45.620   181   753 D use-Rlog/RLOG-RIL: [0] getSimType: +EUICC: 0,2,1
05-23 11:05:45.620   181   753 D use-Rlog/RLOG-RIL: [0] app type 2
05-23 11:05:45.620   181   753 D RIL     : app type 0
05-23 11:05:45.620   181   753 D use-Rlog/RLOG-RILC: [0] [0077]< GET_SIM_STATUS {[app_type=2,app_state=5,perso_substate=2,                    aid_ptr=(null),app_label_ptr=(null),pin1_replaced=0,pin1=0,pin2=0],}
05-23 11:05:45.620   181   753 D use-Rlog/RLOG-RIL: [0] put Channel ID '1'
05-23 11:05:45.620   181   753 I use-Rlog/RLOG-RILC: [0] -->CommandThread [753] free one command
05-23 11:05:45.630   698   747 D RILJ    : after responseOperatorString():response[0]nullresponse[1]=nullresponse[2]=null
05-23 11:05:45.630   698   747 D RILJ    : [0][3721]< OPERATOR {null, null, null}
05-23 11:05:45.630   698   747 D RILJ    : [0]SprdRIL:processSolicited: [3721]< send result: 6
05-23 11:05:45.630   698   747 D RILJ    : [0][3722]< DATA_REGISTRATION_STATE {2, null, null, null, null, 3}
05-23 11:05:45.630   698   747 D RILJ    : [0][3723]< VOICE_REGISTRATION_STATE {2, null, null, null, null, null, null, 0, null, null, null, null, null, null, null}
05-23 11:05:45.630   698   747 D RILJ    : [0][3724]< QUERY_NETWORK_SELECTION_MODE {0}
05-23 11:05:45.630   698   747 D RILJ    : [0][3725]< GET_SIM_STATUS IccCardState {CARDSTATE_PRESENT,PINSTATE_UNKNOWN,num_apps=1,gsm_id=0{APPTYPE_USIM,APPSTATE_READY,pin1=PINSTATE_UNKNOWN,pin2=PINSTATE_UNKNOWN},cdma_id=8,ims_id=8}
05-23 11:05:45.640   698   698 D RILJ    : [0][3726]> GET_CURRENT_CALLS
05-23 11:05:45.650   181   231 I use-Rlog/RLOG-RILC: [0] enter processCommandsCallback, socket type = 0
05-23 11:05:45.650   181   231 I use-Rlog/RLOG-RILC: [0] enter processCommandsCallback, socket type = 0
05-23 11:05:45.650   181   231 D use-Rlog/RLOG-RILC: [0] Add 'GET_CURRENT_CALLS' to call_cmd_list
05-23 11:05:45.650   181   247 I use-Rlog/RLOG-RILC: [0] -->Normal Dispatch call list
05-23 11:05:45.650   181   247 D use-Rlog/RLOG-RILC: [0] PCB request code 9 token 78
05-23 11:05:45.650   181   247 D use-Rlog/RLOG-RILC: [0] [0078]> GET_CURRENT_CALLS 
05-23 11:05:45.650   181   247 D use-Rlog/RLOG-RIL: [0] onRequest: GET_CURRENT_CALLS sState=4
05-23 11:05:45.650   181   247 D use-Rlog/RLOG-RIL: [0] channel1 state: '0' 
05-23 11:05:45.650   181   247 D use-Rlog/RLOG-RIL: [0] get Channel ID '1'
05-23 11:05:45.650   181   247 D use-Rlog/RLOG-AT: [0] Channel1: AT> AT+CLCC
05-23 11:05:45.650   181   242 D use-Rlog/RLOG-AT: [0] Channel1: AT< OK
05-23 11:05:45.650   181   247 D use-Rlog/RLOG-RILC: [0] [0078]< GET_CURRENT_CALLS }
05-23 11:05:45.650   181   247 D use-Rlog/RLOG-RIL: [0] put Channel ID '1'
05-23 11:05:45.650   181   247 I use-Rlog/RLOG-RILC: [0] -->Normal Dispatch [247] free one command
05-23 11:05:45.650   698   747 D RILJ    : [0]responseCallList: num=0 mEmergencyCallbackModeRegistrant=null mTestingEmergencyCall=false
05-23 11:05:45.650   698   747 D RILJ    : [0][3726]< GET_CURRENT_CALLS  
05-23 11:05:45.650   698   698 D RILJ    : [0][3727]> RIL_REQUEST_IMS_REGISTRATION_STATE
05-23 11:05:45.660   698   698 D RILJ    : [0][3728]> RIL_REQUEST_VOICE_RADIO_TECH
05-23 11:05:45.660   181   231 I use-Rlog/RLOG-RILC: [0] enter processCommandsCallback, socket type = 0
05-23 11:05:45.660   181   231 I use-Rlog/RLOG-RILC: [0] enter processCommandsCallback, socket type = 0
05-23 11:05:45.660   181   231 I use-Rlog/RLOG-RILC: [0] PCC  alloc one command p_record
05-23 11:05:45.660   181   963 D use-Rlog/RLOG-RILC: [0] PCB request code 112 token 79
05-23 11:05:45.660   181   963 D use-Rlog/RLOG-RILC: [0] [0079]> IMS_REGISTRATION_STATE 
05-23 11:05:45.660   181   963 D use-Rlog/RLOG-RIL: [0] onRequest: IMS_REGISTRATION_STATE sState=4
05-23 11:05:45.660   181   963 D use-Rlog/RLOG-RIL: [0] channel1 state: '0' 
05-23 11:05:45.660   181   963 D use-Rlog/RLOG-RIL: [0] get Channel ID '1'
05-23 11:05:45.660   181   963 D use-Rlog/RLOG-RIL: [0] ssda mode: tdd-csfb
05-23 11:05:45.660   181   963 D use-Rlog/RLOG-AT: [0] Channel1: AT> AT+CIREG?
05-23 11:05:45.660   181   242 D use-Rlog/RLOG-AT: [0] Channel1: AT< +CIREG:0,0,0
05-23 11:05:45.660   181   242 D use-Rlog/RLOG-AT: [0] Channel1: AT< OK
05-23 11:05:45.660   181   963 D use-Rlog/RLOG-RIL: [0] s_ims_registered= 0
05-23 11:05:45.660   181   963 D use-Rlog/RLOG-RILC: [0] [0079]< IMS_REGISTRATION_STATE {0,0,0,-1}
05-23 11:05:45.660   181   963 D use-Rlog/RLOG-RIL: [0] put Channel ID '1'
05-23 11:05:45.660   181   963 I use-Rlog/RLOG-RILC: [0] -->CommandThread [963] free one command
05-23 11:05:45.660   181   231 I use-Rlog/RLOG-RILC: [0] enter processCommandsCallback, socket type = 0
05-23 11:05:45.660   181   231 I use-Rlog/RLOG-RILC: [0] enter processCommandsCallback, socket type = 0
05-23 11:05:45.660   181   231 I use-Rlog/RLOG-RILC: [0] PCC  alloc one command p_record
05-23 11:05:45.660   181   753 D use-Rlog/RLOG-RILC: [0] PCB request code 108 token 80
05-23 11:05:45.660   181   753 D use-Rlog/RLOG-RILC: [0] [0080]< VOICE_RADIO_TECH {3}
05-23 11:05:45.660   181   753 I use-Rlog/RLOG-RILC: [0] -->CommandThread [753] free one command
05-23 11:05:45.660   698   747 D RILJ    : [0][3727]< RIL_REQUEST_IMS_REGISTRATION_STATE {0, 0, 0, -1}
05-23 11:05:45.660   698   747 D RILJ    : [0][3728]< RIL_REQUEST_VOICE_RADIO_TECH {3}
05-23 11:05:45.690   698   698 D RILJ    : [0][3729]> RIL_REQUEST_CDMA_GET_SUBSCRIPTION_SOURCE
05-23 11:05:45.710   181   231 I use-Rlog/RLOG-RILC: [0] enter processCommandsCallback, socket type = 0
05-23 11:05:45.710   181   231 I use-Rlog/RLOG-RILC: [0] enter processCommandsCallback, socket type = 0
05-23 11:05:45.710   181   231 I use-Rlog/RLOG-RILC: [0] PCC  alloc one command p_record
05-23 11:05:45.710   181   963 D use-Rlog/RLOG-RILC: [0] PCB request code 104 token 81
05-23 11:05:45.710   181   963 D use-Rlog/RLOG-RILC: [0] [0081]< CDMA_GET_SUBSCRIPTION_SOURCE fails by E_GENERIC_FAILURE
05-23 11:05:45.710   181   963 I use-Rlog/RLOG-RILC: [0] -->CommandThread [963] free one command
05-23 11:05:45.710   698   747 D RilRequest: [3729]< RIL_REQUEST_CDMA_GET_SUBSCRIPTION_SOURCE error: com.android.internal.telephony.CommandException: GENERIC_FAILURE
05-23 11:05:45.720   698   698 D UiccController: [0]Received EVENT_ICC_STATUS_CHANGED, calling getIccCardStatus
05-23 11:05:45.720   698   698 D RILJ    : [0][3730]> GET_SIM_STATUS
05-23 11:05:45.720   181   231 I use-Rlog/RLOG-RILC: [0] enter processCommandsCallback, socket type = 0
05-23 11:05:45.720   181   231 I use-Rlog/RLOG-RILC: [0] enter processCommandsCallback, socket type = 0
05-23 11:05:45.720   181   231 I use-Rlog/RLOG-RILC: [0] PCC  alloc one command p_record
05-23 11:05:45.720   181   753 D use-Rlog/RLOG-RILC: [0] PCB request code 1 token 82
05-23 11:05:45.720   181   753 D use-Rlog/RLOG-RILC: [0] [0082]> GET_SIM_STATUS 
05-23 11:05:45.720   181   753 D use-Rlog/RLOG-RIL: [0] onRequest: GET_SIM_STATUS sState=4
05-23 11:05:45.720   181   753 D use-Rlog/RLOG-RIL: [0] channel1 state: '0' 
05-23 11:05:45.720   181   753 D use-Rlog/RLOG-RIL: [0] get Channel ID '1'
05-23 11:05:45.720   181   753 D use-Rlog/RLOG-AT: [0] Channel1: AT> AT+CPIN?
05-23 11:05:45.720   698   698 D UiccController: [0]Received EVENT_ICC_STATUS_CHANGED, calling getIccCardStatus
05-23 11:05:45.720   698   698 D RILJ    : [0][3731]> GET_SIM_STATUS
05-23 11:05:45.720   181   231 I use-Rlog/RLOG-RILC: [0] enter processCommandsCallback, socket type = 0
05-23 11:05:45.720   181   231 I use-Rlog/RLOG-RILC: [0] enter processCommandsCallback, socket type = 0
05-23 11:05:45.720   181   231 I use-Rlog/RLOG-RILC: [0] PCC  alloc one command p_record
05-23 11:05:45.730   181   963 D use-Rlog/RLOG-RILC: [0] PCB request code 1 token 83
05-23 11:05:45.730   181   963 D use-Rlog/RLOG-RILC: [0] [0083]> GET_SIM_STATUS 
05-23 11:05:45.730   181   963 D use-Rlog/RLOG-RIL: [0] onRequest: GET_SIM_STATUS sState=4
05-23 11:05:45.730   181   963 D use-Rlog/RLOG-RIL: [0] channel2 state: '0' 
05-23 11:05:45.730   181   963 D use-Rlog/RLOG-RIL: [0] get Channel ID '2'
05-23 11:05:45.730   181   242 D use-Rlog/RLOG-AT: [0] Channel1: AT< +CPIN: READY
05-23 11:05:45.730   181   242 D use-Rlog/RLOG-AT: [0] Channel1: AT< OK
05-23 11:05:45.730   181   753 D use-Rlog/RLOG-RIL: [0] setHasSim hasSim = 1
05-23 11:05:45.730   698   698 D UiccController: [0]Received EVENT_ICC_STATUS_CHANGED, calling getIccCardStatus
05-23 11:05:45.730   698   698 D RILJ    : [0][3732]> GET_SIM_STATUS
05-23 11:05:45.730   181   753 D use-Rlog/RLOG-AT: [0] Channel1: AT> AT+EUICC?
05-23 11:05:45.730   181   242 D use-Rlog/RLOG-AT: [0] Channel1: AT< +EUICC: 0,2,1
05-23 11:05:45.730   181   242 D use-Rlog/RLOG-AT: [0] Channel1: AT< OK
05-23 11:05:45.730   181   753 D use-Rlog/RLOG-RIL: [0] getSimType: +EUICC: 0,2,1
05-23 11:05:45.730   181   753 D use-Rlog/RLOG-RIL: [0] app type 2
05-23 11:05:45.730   181   753 D RIL     : app type 0
05-23 11:05:45.730   181   753 D use-Rlog/RLOG-RILC: [0] [0082]< GET_SIM_STATUS {[app_type=2,app_state=5,perso_substate=2,                    aid_ptr=(null),app_label_ptr=(null),pin1_replaced=0,pin1=0,pin2=0],}
05-23 11:05:45.730   181   753 D use-Rlog/RLOG-RIL: [0] put Channel ID '1'
05-23 11:05:45.730   181   753 I use-Rlog/RLOG-RILC: [0] -->CommandThread [753] free one command
05-23 11:05:45.730   181   963 D use-Rlog/RLOG-AT: [0] Channel2: AT> AT+CPIN?
05-23 11:05:45.730   181   242 D use-Rlog/RLOG-AT: [0] Channel2: AT< +CPIN: READY
05-23 11:05:45.730   181   242 D use-Rlog/RLOG-AT: [0] Channel2: AT< OK
05-23 11:05:45.730   181   963 D use-Rlog/RLOG-RIL: [0] setHasSim hasSim = 1
05-23 11:05:45.730   698   747 D RILJ    : [0][3730]< GET_SIM_STATUS IccCardState {CARDSTATE_PRESENT,PINSTATE_UNKNOWN,num_apps=1,gsm_id=0{APPTYPE_USIM,APPSTATE_READY,pin1=PINSTATE_UNKNOWN,pin2=PINSTATE_UNKNOWN},cdma_id=8,ims_id=8}
05-23 11:05:45.730   181   963 D use-Rlog/RLOG-AT: [0] Channel2: AT> AT+EUICC?
05-23 11:05:45.730   181   242 D use-Rlog/RLOG-AT: [0] Channel2: AT< +EUICC: 0,2,1
05-23 11:05:45.730   181   242 D use-Rlog/RLOG-AT: [0] Channel2: AT< OK
05-23 11:05:45.730   181   963 D use-Rlog/RLOG-RIL: [0] getSimType: +EUICC: 0,2,1
05-23 11:05:45.730   181   963 D use-Rlog/RLOG-RIL: [0] app type 2
05-23 11:05:45.730   181   963 D RIL     : app type 0
05-23 11:05:45.730   181   963 D use-Rlog/RLOG-RILC: [0] [0083]< GET_SIM_STATUS {[app_type=2,app_state=5,perso_substate=2,                    aid_ptr=(null),app_label_ptr=(null),pin1_replaced=0,pin1=0,pin2=0],}
05-23 11:05:45.730   181   963 D use-Rlog/RLOG-RIL: [0] put Channel ID '2'
05-23 11:05:45.730   181   963 I use-Rlog/RLOG-RILC: [0] -->CommandThread [963] free one command
05-23 11:05:45.730   698   747 D RILJ    : [0][3731]< GET_SIM_STATUS IccCardState {CARDSTATE_PRESENT,PINSTATE_UNKNOWN,num_apps=1,gsm_id=0{APPTYPE_USIM,APPSTATE_READY,pin1=PINSTATE_UNKNOWN,pin2=PINSTATE_UNKNOWN},cdma_id=8,ims_id=8}
05-23 11:05:45.730   181   231 I use-Rlog/RLOG-RILC: [0] enter processCommandsCallback, socket type = 0
05-23 11:05:45.730   181   231 I use-Rlog/RLOG-RILC: [0] enter processCommandsCallback, socket type = 0
05-23 11:05:45.730   181   231 I use-Rlog/RLOG-RILC: [0] PCC  alloc one command p_record
05-23 11:05:45.730   181   753 D use-Rlog/RLOG-RILC: [0] PCB request code 1 token 84
05-23 11:05:45.730   181   753 D use-Rlog/RLOG-RILC: [0] [0084]> GET_SIM_STATUS 
05-23 11:05:45.730   181   753 D use-Rlog/RLOG-RIL: [0] onRequest: GET_SIM_STATUS sState=4
05-23 11:05:45.730   181   753 D use-Rlog/RLOG-RIL: [0] channel1 state: '0' 
05-23 11:05:45.730   181   753 D use-Rlog/RLOG-RIL: [0] get Channel ID '1'
05-23 11:05:45.730   181   753 D use-Rlog/RLOG-AT: [0] Channel1: AT> AT+CPIN?
05-23 11:05:45.740   181   242 D use-Rlog/RLOG-AT: [0] Channel1: AT< +CPIN: READY
05-23 11:05:45.740   181   242 D use-Rlog/RLOG-AT: [0] Channel1: AT< OK
05-23 11:05:45.740   181   753 D use-Rlog/RLOG-RIL: [0] setHasSim hasSim = 1
05-23 11:05:45.740   181   753 D use-Rlog/RLOG-AT: [0] Channel1: AT> AT+EUICC?
05-23 11:05:45.740   181   242 D use-Rlog/RLOG-AT: [0] Channel1: AT< +EUICC: 0,2,1
05-23 11:05:45.740   181   242 D use-Rlog/RLOG-AT: [0] Channel1: AT< OK
05-23 11:05:45.740   181   753 D use-Rlog/RLOG-RIL: [0] getSimType: +EUICC: 0,2,1
05-23 11:05:45.740   181   753 D use-Rlog/RLOG-RIL: [0] app type 2
05-23 11:05:45.740   181   753 D RIL     : app type 0
05-23 11:05:45.740   181   753 D use-Rlog/RLOG-RILC: [0] [0084]< GET_SIM_STATUS {[app_type=2,app_state=5,perso_substate=2,                    aid_ptr=(null),app_label_ptr=(null),pin1_replaced=0,pin1=0,pin2=0],}
05-23 11:05:45.740   181   753 D use-Rlog/RLOG-RIL: [0] put Channel ID '1'
05-23 11:05:45.740   181   753 I use-Rlog/RLOG-RILC: [0] -->CommandThread [753] free one command
05-23 11:05:45.740   698   747 D RILJ    : [0][3732]< GET_SIM_STATUS IccCardState {CARDSTATE_PRESENT,PINSTATE_UNKNOWN,num_apps=1,gsm_id=0{APPTYPE_USIM,APPSTATE_READY,pin1=PINSTATE_UNKNOWN,pin2=PINSTATE_UNKNOWN},cdma_id=8,ims_id=8}
05-23 11:05:45.750   181   242 D use-Rlog/RLOG-AT: [0] Channel0: AT< +CGREG: 2
05-23 11:05:45.750   181   242 D use-Rlog/RLOG-RILC: [0] [UNSL]< UNSOL_RESPONSE_VOICE_NETWORK_STATE_CHANGED 
05-23 11:05:45.750   181   242 D use-Rlog/RLOG-AT: [0] Channel0: AT< +CREG: 2
05-23 11:05:45.750   181   242 D use-Rlog/RLOG-RILC: [0] [UNSL]< UNSOL_RESPONSE_VOICE_NETWORK_STATE_CHANGED 
05-23 11:05:45.750   181   242 D use-Rlog/RLOG-AT: [0] Channel0: AT< +CEREG: 2
05-23 11:05:45.750   181   242 D use-Rlog/RLOG-RIL: [0] ssda mode: tdd-csfb
05-23 11:05:45.750   181   242 D use-Rlog/RLOG-RIL: [0] isn't svlte
05-23 11:05:45.750   181   242 D use-Rlog/RLOG-RIL: [0] is CSFB 
05-23 11:05:45.750   181   242 D use-Rlog/RLOG-RIL: [0] requestRegistrationState  s_PSRegState is OUT OF SERVICE.
05-23 11:05:45.750   181   242 D use-Rlog/RLOG-RILC: [0] [UNSL]< UNSOL_RESPONSE_VOICE_NETWORK_STATE_CHANGED 
05-23 11:05:45.750   181   242 D use-Rlog/RLOG-AT: [0] Channel0: AT< +SIND: 7
05-23 11:05:45.750   698   698 E GsmSST  : [GsmSST-phoneId0] Exception while polling service state. Probably malformed RIL response.java.lang.NullPointerException
05-23 11:05:45.750   698   698 D PHONE   : [ServiceState] setDataRegState=1
05-23 11:05:45.750   698   698 D PHONE   : [ServiceState] setDataRadioTechnology=0
05-23 11:05:45.750   698   698 D GsmSST  : [GsmSST-phoneId0] handlPollStateResultMessage: GsmSST setDataRegState=1 regState=2 dataRadioTechnology=0
05-23 11:05:45.750   698   698 D PHONE   : [ServiceState] setVoiceRegState=1
05-23 11:05:45.750   698   698 E PHONE   : [ServiceState] setState deprecated use setVoiceRegState()
05-23 11:05:45.750   698   747 D RILJ    : [0][UNSL]< [0]UNSOL_RESPONSE_VOICE_NETWORK_STATE_CHANGED
05-23 11:05:45.750   698   698 D GsmSST  : [GsmSST-phoneId0] Poll ServiceState done:  oldSS=[3 3 home null null null  Unknown Unknown CSS not supported -1 -1 RoamInd=-1 DefRoamInd=-1 EmergOnly=false mImsRegistration = false mSrvccState = -1] newSS=[1 1 home null null null  Unknown Unknown CSS not supported -1 -1 RoamInd=-1 DefRoamInd=-1 EmergOnly=false mImsRegistration = false mSrvccState = -1] oldMaxDataCalls=1 mNewMaxDataCalls=3 oldReasonDataDenied=-1 mNewReasonDataDenied=-1
05-23 11:05:45.750   698   698 D PHONE   : [ServiceState] setNullState=1
05-23 11:05:45.750   698   698 D GsmSST  : [GsmSST-phoneId0] Didn't get pnn from sim, try ons next. ONS = null
05-23 11:05:45.750   698   698 D PhoneFactory: setSystemProperty >>>>>>  value = null
05-23 11:05:45.750   698   698 D PhoneFactory: setSystemProperty >>>>>>  value = null
05-23 11:05:45.750   698   698 D GsmSST  : [GsmSST-phoneId0] operatorNumeric is null
05-23 11:05:45.750   698   698 D PhoneFactory: setSystemProperty >>>>>>  value = 
05-23 11:05:45.750   698   747 D RILJ    : [0][UNSL]< [0]UNSOL_RESPONSE_VOICE_NETWORK_STATE_CHANGED
05-23 11:05:45.750   698   747 D RILJ    : [0][UNSL]< [0]UNSOL_RESPONSE_VOICE_NETWORK_STATE_CHANGED
05-23 11:05:45.770   673   673 W SignalStrength: getLTELevel - rsrp:2147483647 snr:2147483647 rsrpIconLevel:-1 snrIconLevel:-1
05-23 11:05:45.770   673   673 W SignalStrength: getLTELevel - rssi:99 rssiIconLevel:0
05-23 11:05:45.770   673   673 W SignalStrength: getGsmLevel=0
05-23 11:05:45.770   673   673 W SignalStrength: getLevel=0
05-23 11:05:45.781   698   698 D PhoneFactory: setSystemProperty >>>>>>  value = false
05-23 11:05:45.811   673   673 W SignalStrength: getLTELevel - rsrp:2147483647 snr:2147483647 rsrpIconLevel:-1 snrIconLevel:-1
05-23 11:05:45.811   673   673 W SignalStrength: getLTELevel - rssi:99 rssiIconLevel:0
05-23 11:05:45.821   673   673 W SignalStrength: getLTELevel - rsrp:2147483647 snr:2147483647 rsrpIconLevel:-1 snrIconLevel:-1
05-23 11:05:45.821   673   673 W SignalStrength: getLTELevel - rssi:99 rssiIconLevel:0
05-23 11:05:45.821   673   673 W SignalStrength: getGsmLevel=0
05-23 11:05:45.821   673   673 W SignalStrength: getLevel=0
05-23 11:05:46.071   698  1071 D TelephonyManager: setRadioBusy false
05-23 11:05:46.221   698   698 D GsmSST  : [GsmSST-phoneId0] updateSpnDisplay: radio is on but out of service, set plmn=''
05-23 11:05:46.221   698   698 D GsmSST  : [GsmSST-phoneId0] notifyDataRegStateRilRadioTechnologyChanged: drs=1 rat=0
05-23 11:05:46.231   698   698 D PhoneFactory: setSystemProperty >>>>>>  value = Unknown
05-23 11:05:46.231   698   698 D DCT     : [DcT(0)] get all active apn types
05-23 11:05:46.241   698   698 D UiccController: [0]Received EVENT_GET_ICC_STATUS_DONE
05-23 11:05:46.241   698   698 D UiccController: [0]onGetIccCardStatusDone : appStatus[0].app_state = APPSTATE_READY
05-23 11:05:46.241   698   698 D UiccCard: update : phoneId = 0 mCardState = CARDSTATE_PRESENT oldState = CARDSTATE_PRESENT
05-23 11:05:46.241   698   698 D UiccCard: 1 applications
05-23 11:05:46.251   698   698 D UiccCardApplication: APPTYPE_USIM update. New {APPTYPE_USIM,APPSTATE_READY,pin1=PINSTATE_UNKNOWN,pin2=PINSTATE_UNKNOWN}
05-23 11:05:46.261   698   698 D RILJ    : [0][3733]> QUERY_FACILITY_LOCK [FD 7 null]
05-23 11:05:46.271   181   231 I use-Rlog/RLOG-RILC: [0] enter processCommandsCallback, socket type = 0
05-23 11:05:46.271   181   231 I use-Rlog/RLOG-RILC: [0] enter processCommandsCallback, socket type = 0
05-23 11:05:46.271   181   246 D use-Rlog/RLOG-RILC: [0] PCB request code 42 token 85
05-23 11:05:46.271   181   246 D use-Rlog/RLOG-RILC: [0] [0085]> QUERY_FACILITY_LOCK (FD,,7,(null))
05-23 11:05:46.271   181   246 D use-Rlog/RLOG-RIL: [0] onRequest: QUERY_FACILITY_LOCK sState=4
05-23 11:05:46.271   181   246 D use-Rlog/RLOG-RIL: [0] channel1 state: '0' 
05-23 11:05:46.271   181   246 D use-Rlog/RLOG-RIL: [0] get Channel ID '1'
05-23 11:05:46.271   181   246 E use-Rlog/RLOG-RIL: [0] type = FD 
05-23 11:05:46.271   181   246 D use-Rlog/RLOG-RIL: [0] requestFacilityLock: AT+CLCK="FD",2,"",7
05-23 11:05:46.271   181   246 D use-Rlog/RLOG-AT: [0] Channel1: AT> AT+CLCK="FD",2,"",7
05-23 11:05:46.271   698   698 D RILJ    : [0][3734]> QUERY_FACILITY_LOCK [SC 7 null]
05-23 11:05:46.271   181   231 I use-Rlog/RLOG-RILC: [0] enter processCommandsCallback, socket type = 0
05-23 11:05:46.271   181   231 I use-Rlog/RLOG-RILC: [0] enter processCommandsCallback, socket type = 0
05-23 11:05:46.271   181   242 D use-Rlog/RLOG-AT: [0] Channel1: AT< +CLCK: 0
05-23 11:05:46.271   181   242 D use-Rlog/RLOG-AT: [0] Channel1: AT< OK
05-23 11:05:46.271   181   246 D use-Rlog/RLOG-RILC: [0] [0085]< QUERY_FACILITY_LOCK {0,7}
05-23 11:05:46.271   181   246 D use-Rlog/RLOG-RIL: [0] put Channel ID '1'
05-23 11:05:46.271   181   246 I use-Rlog/RLOG-RILC: [0] -->slowDispatch [246] free one command
05-23 11:05:46.271   181   246 D use-Rlog/RLOG-RILC: [0] PCB request code 42 token 86
05-23 11:05:46.271   181   246 D use-Rlog/RLOG-RILC: [0] [0086]> QUERY_FACILITY_LOCK (SC,,7,(null))
05-23 11:05:46.271   181   246 D use-Rlog/RLOG-RIL: [0] onRequest: QUERY_FACILITY_LOCK sState=4
05-23 11:05:46.271   181   246 D use-Rlog/RLOG-RIL: [0] channel1 state: '0' 
05-23 11:05:46.271   181   246 D use-Rlog/RLOG-RIL: [0] get Channel ID '1'
05-23 11:05:46.271   181   246 E use-Rlog/RLOG-RIL: [0] type = SC 
05-23 11:05:46.271   181   246 D use-Rlog/RLOG-RIL: [0] requestFacilityLock: AT+CLCK="SC",2,"",7
05-23 11:05:46.271   181   246 D use-Rlog/RLOG-AT: [0] Channel1: AT> AT+CLCK="SC",2,"",7
05-23 11:05:46.271   698   747 D RILJ    : [0][3733]< QUERY_FACILITY_LOCK {0, 7}
05-23 11:05:46.271   698   698 D CAT     : StkServiceProxy: getInstance  phoneId = 0
05-23 11:05:46.271   698   698 D CAT     : StkServiceProxy: CatServiceSprd.update
05-23 11:05:46.271   698   698 E UiccCard: App index 8 is invalid since there are no applications
05-23 11:05:46.271   698   698 E UiccCard: App index 8 is invalid since there are no applications
05-23 11:05:46.271   698   698 D UiccCard: update: radioState=RADIO_ON mLastRadioState=RADIO_OFF
05-23 11:05:46.271   698   698 D UiccController: [0]Notifying IccChangedRegistrants
05-23 11:05:46.271   181   242 D use-Rlog/RLOG-AT: [0] Channel1: AT< +CLCK: 0
05-23 11:05:46.271   181   242 D use-Rlog/RLOG-AT: [0] Channel1: AT< OK
05-23 11:05:46.271   181   246 D use-Rlog/RLOG-RILC: [0] [0086]< QUERY_FACILITY_LOCK {0,7}
05-23 11:05:46.271   181   246 D use-Rlog/RLOG-RIL: [0] put Channel ID '1'
05-23 11:05:46.271   181   246 I use-Rlog/RLOG-RILC: [0] -->slowDispatch [246] free one command
05-23 11:05:46.271   698   747 D RILJ    : [0][3734]< QUERY_FACILITY_LOCK {0, 7}
05-23 11:05:46.351   698   698 D GsmCallTracker: [GsmCallTracker] handle EVENT_POLL_CALL_RESULT: set needsPoll=F
05-23 11:05:46.351   698   698 D GsmCallTracker: [GsmCallTracker] poll: conn[i=0]=null, dc=null
05-23 11:05:46.351   698   698 D GsmCallTracker: [GsmCallTracker] poll: conn[i=1]=null, dc=null
05-23 11:05:46.351   698   698 D GsmCallTracker: [GsmCallTracker] poll: conn[i=2]=null, dc=null
05-23 11:05:46.351   698   698 D GsmCallTracker: [GsmCallTracker] poll: conn[i=3]=null, dc=null
05-23 11:05:46.361   698   698 D GsmCallTracker: [GsmCallTracker] poll: conn[i=4]=null, dc=null
05-23 11:05:46.361   698   698 D GsmCallTracker: [GsmCallTracker] poll: conn[i=5]=null, dc=null
05-23 11:05:46.361   698   698 D GsmCallTracker: [GsmCallTracker] poll: conn[i=6]=null, dc=null
05-23 11:05:46.371   181   242 D use-Rlog/RLOG-AT: [0] Channel0: AT< +CEN1: 1,460,00F
05-23 11:05:46.381   181   242 D use-Rlog/RLOG-AT: [0] Channel0: AT< +CGREG: 2
05-23 11:05:46.381   181   242 D use-Rlog/RLOG-RILC: [0] [UNSL]< UNSOL_RESPONSE_VOICE_NETWORK_STATE_CHANGED 
05-23 11:05:46.381   698   698 D RIL_ImsSms: IMS is NOT registered!
05-23 11:05:46.381   698   698 E RIL_ImsSms: IMS format was unknown!
05-23 11:05:46.381   698   698 D PhoneProxy: [PhoneProxy] EVENT_REQUEST_VOICE_RADIO_TECH_DONE: newVoiceTech=3
05-23 11:05:46.381   698   698 D PhoneProxy: [PhoneProxy] phoneObjectUpdater: newVoiceRadioTech=3
05-23 11:05:46.381   698   698 D PhoneProxy: [PhoneProxy] phoneObjectUpdater: No change ignore, newVoiceRadioTech=3 mActivePhone=TD
05-23 11:05:46.381   698   698 D CdmaSSM : CDMA_SUBSCRIPTION_SOURCE event = 2
05-23 11:05:46.381   181  1094 D use-Rlog/RLOG-RIL: [0] channel1 state: '0' 
05-23 11:05:46.381   181  1094 D use-Rlog/RLOG-RIL: [0] get Channel ID '1'
05-23 11:05:46.381   181  1094 D use-Rlog/RLOG-AT: [0] Channel1: AT> AT+CEN?
05-23 11:05:46.381   181   242 D use-Rlog/RLOG-AT: [0] Channel1: AT< +CEN1: 1,460,00F
05-23 11:05:46.381   181   242 D use-Rlog/RLOG-AT: [0] Channel1: AT< OK
05-23 11:05:46.381   181  1094 D use-Rlog/RLOG-RIL: [0] put Channel ID '1'
05-23 11:05:46.381   698   698 W CdmaSSM : Unable to get CDMA Subscription Source, Exception: com.android.internal.telephony.CommandException: GENERIC_FAILURE, result: null
05-23 11:05:46.381   698   698 D UiccController: [0]Received EVENT_GET_ICC_STATUS_DONE
05-23 11:05:46.381   698   698 D UiccController: [0]onGetIccCardStatusDone : appStatus[0].app_state = APPSTATE_READY
05-23 11:05:46.381   698   698 D UiccCard: update : phoneId = 0 mCardState = CARDSTATE_PRESENT oldState = CARDSTATE_PRESENT
05-23 11:05:46.381   698   698 D UiccCard: 1 applications
05-23 11:05:46.381   698   698 D UiccCardApplication: APPTYPE_USIM update. New {APPTYPE_USIM,APPSTATE_READY,pin1=PINSTATE_UNKNOWN,pin2=PINSTATE_UNKNOWN}
05-23 11:05:46.381   698   698 D RILJ    : [0][3735]> QUERY_FACILITY_LOCK [FD 7 null]
05-23 11:05:46.391   698   747 D RILJ    : [0][UNSL]< [0]UNSOL_RESPONSE_VOICE_NETWORK_STATE_CHANGED
05-23 11:05:46.401  1080  1080 D TelephonyManager: No /proc/cmdline exception=java.io.FileNotFoundException: /proc/cmdline: open failed: EACCES (Permission denied)
05-23 11:05:46.401  1080  1080 D TelephonyManager: /proc/cmdline=
05-23 11:05:46.431   181   242 D use-Rlog/RLOG-AT: [0] Channel0: AT< +CSQ: 99,24
05-23 11:05:46.431   181   242 D use-Rlog/RLOG-RIL: [0] [unsl] +CSQ enter
05-23 11:05:46.431   181   242 D use-Rlog/RLOG-RIL: [0] for +CSQ, current is lte ril,do nothing
05-23 11:05:46.431   181   242 D use-Rlog/RLOG-AT: [0] Channel0: AT< +CESQ: 99,99,255,255,24,79
05-23 11:05:46.431   181   242 D use-Rlog/RLOG-RIL: [0] [unsl] +CESQ enter
05-23 11:05:46.431   181   242 D use-Rlog/RLOG-RILC: [0] [UNSL]< UNSOL_SIGNAL_STRENGTH {[signalStrength=99,bitErrorRate=-1,                CDMA_SS.dbm=-1,CDMA_SSecio=-1,                EVDO_SS.dbm=-1,EVDO_SS.ecio=-1,                EVDO_SS.signalNoiseRatio=-1,                LTE_SS.signalStrength=99,LTE_SS.rsrp=79,LTE_SS.rsrq=2147483647,                LTE_SS.rssnr=2147483647,LTE_SS.cqi=2147483647,TDSCDMA_SS.rscp=0]}
05-23 11:05:46.431   181   242 D use-Rlog/RLOG-AT: [0] Channel0: AT< +SPPCI: 0000018C
05-23 11:05:46.431   181   242 D use-Rlog/RLOG-RIL: [0] RIL_UNSOL_PHY_CELL_ID
05-23 11:05:46.431   181   242 D use-Rlog/RLOG-RIL: [0] pci 2396
05-23 11:05:46.431   181   242 D use-Rlog/RLOG-RILC: [0] [UNSL]< UNSOL_OEM_HOOK_RAW
05-23 11:05:46.431   698   747 W SignalStrength: Size of signalstrength parcel:60
05-23 11:05:46.431   698   747 V RILJ    : [0][UNSL]< [0]UNSOL_SIGNAL_STRENGTH SignalStrength: 99 -1 -1 -1 -1 -1 -1 99 79 2147483647 2147483647 2147483647 gsm|lte
05-23 11:05:46.441   698   747 V RILJ    : [0][UNSL]< [0]UNSOL_OEM_HOOK_RAW 3233393600
05-23 11:05:46.531   698   698 D RILJ    : [0][3736]> QUERY_FACILITY_LOCK [SC 7 null]
05-23 11:05:46.531   181   231 I use-Rlog/RLOG-RILC: [0] enter processCommandsCallback, socket type = 0
05-23 11:05:46.531   181   246 D use-Rlog/RLOG-RILC: [0] PCB request code 42 token 87
05-23 11:05:46.531   181   246 D use-Rlog/RLOG-RILC: [0] [0087]> QUERY_FACILITY_LOCK (FD,,7,(null))
05-23 11:05:46.531   181   246 D use-Rlog/RLOG-RIL: [0] onRequest: QUERY_FACILITY_LOCK sState=4
05-23 11:05:46.531   181   246 D use-Rlog/RLOG-RIL: [0] channel1 state: '0' 
05-23 11:05:46.531   181   246 D use-Rlog/RLOG-RIL: [0] get Channel ID '1'
05-23 11:05:46.531   181   246 E use-Rlog/RLOG-RIL: [0] type = FD 
05-23 11:05:46.531   181   246 D use-Rlog/RLOG-RIL: [0] requestFacilityLock: AT+CLCK="FD",2,"",7
05-23 11:05:46.531   181   246 D use-Rlog/RLOG-AT: [0] Channel1: AT> AT+CLCK="FD",2,"",7
05-23 11:05:46.531   181   242 D use-Rlog/RLOG-AT: [0] Channel1: AT< +CLCK: 0
05-23 11:05:46.531   181   242 D use-Rlog/RLOG-AT: [0] Channel1: AT< OK
05-23 11:05:46.531   181   246 D use-Rlog/RLOG-RILC: [0] [0087]< QUERY_FACILITY_LOCK {0,7}
05-23 11:05:46.531   181   246 D use-Rlog/RLOG-RIL: [0] put Channel ID '1'
05-23 11:05:46.531   181   246 I use-Rlog/RLOG-RILC: [0] -->slowDispatch [246] free one command
05-23 11:05:46.531   698   698 D CAT     : StkServiceProxy: getInstance  phoneId = 0
05-23 11:05:46.531   181   231 I use-Rlog/RLOG-RILC: [0] enter processCommandsCallback, socket type = 0
05-23 11:05:46.531   181   246 D use-Rlog/RLOG-RILC: [0] PCB request code 42 token 88
05-23 11:05:46.531   181   246 D use-Rlog/RLOG-RILC: [0] [0088]> QUERY_FACILITY_LOCK (SC,,7,(null))
05-23 11:05:46.531   181   246 D use-Rlog/RLOG-RIL: [0] onRequest: QUERY_FACILITY_LOCK sState=4
05-23 11:05:46.531   181   246 D use-Rlog/RLOG-RIL: [0] channel1 state: '0' 
05-23 11:05:46.531   181   246 D use-Rlog/RLOG-RIL: [0] get Channel ID '1'
05-23 11:05:46.531   181   246 E use-Rlog/RLOG-RIL: [0] type = SC 
05-23 11:05:46.531   181   246 D use-Rlog/RLOG-RIL: [0] requestFacilityLock: AT+CLCK="SC",2,"",7
05-23 11:05:46.531   181   246 D use-Rlog/RLOG-AT: [0] Channel1: AT> AT+CLCK="SC",2,"",7
05-23 11:05:46.531   181   242 D use-Rlog/RLOG-AT: [0] Channel1: AT< +CLCK: 0
05-23 11:05:46.531   181   242 D use-Rlog/RLOG-AT: [0] Channel1: AT< OK
05-23 11:05:46.531   181   246 D use-Rlog/RLOG-RILC: [0] [0088]< QUERY_FACILITY_LOCK {0,7}
05-23 11:05:46.531   181   246 D use-Rlog/RLOG-RIL: [0] put Channel ID '1'
05-23 11:05:46.531   181   246 I use-Rlog/RLOG-RILC: [0] -->slowDispatch [246] free one command
05-23 11:05:46.531   698   698 D CAT     : StkServiceProxy: CatServiceSprd.update
05-23 11:05:46.531   698   698 E UiccCard: App index 8 is invalid since there are no applications
05-23 11:05:46.531   698   698 E UiccCard: App index 8 is invalid since there are no applications
05-23 11:05:46.531   698   698 D UiccCard: update: radioState=RADIO_ON mLastRadioState=RADIO_ON
05-23 11:05:46.531   698   698 D UiccController: [0]Notifying IccChangedRegistrants
05-23 11:05:46.531   698   698 D UiccController: [0]Received EVENT_GET_ICC_STATUS_DONE
05-23 11:05:46.531   698   698 D UiccController: [0]onGetIccCardStatusDone : appStatus[0].app_state = APPSTATE_READY
05-23 11:05:46.531   698   698 D UiccCard: update : phoneId = 0 mCardState = CARDSTATE_PRESENT oldState = CARDSTATE_PRESENT
05-23 11:05:46.541   698   698 D UiccCard: 1 applications
05-23 11:05:46.541   698   698 D UiccCardApplication: APPTYPE_USIM update. New {APPTYPE_USIM,APPSTATE_READY,pin1=PINSTATE_UNKNOWN,pin2=PINSTATE_UNKNOWN}
05-23 11:05:46.541   698   698 D RILJ    : [0][3737]> QUERY_FACILITY_LOCK [FD 7 null]
05-23 11:05:46.541   698   698 D RILJ    : [0][3738]> QUERY_FACILITY_LOCK [SC 7 null]
05-23 11:05:46.541   181   231 I use-Rlog/RLOG-RILC: [0] enter processCommandsCallback, socket type = 0
05-23 11:05:46.541   181   246 D use-Rlog/RLOG-RILC: [0] PCB request code 42 token 89
05-23 11:05:46.541   181   246 D use-Rlog/RLOG-RILC: [0] [0089]> QUERY_FACILITY_LOCK (FD,,7,(null))
05-23 11:05:46.541   181   246 D use-Rlog/RLOG-RIL: [0] onRequest: QUERY_FACILITY_LOCK sState=4
05-23 11:05:46.541   181   246 D use-Rlog/RLOG-RIL: [0] channel1 state: '0' 
05-23 11:05:46.541   181   246 D use-Rlog/RLOG-RIL: [0] get Channel ID '1'
05-23 11:05:46.541   181   246 E use-Rlog/RLOG-RIL: [0] type = FD 
05-23 11:05:46.541   181   246 D use-Rlog/RLOG-RIL: [0] requestFacilityLock: AT+CLCK="FD",2,"",7
05-23 11:05:46.541   181   246 D use-Rlog/RLOG-AT: [0] Channel1: AT> AT+CLCK="FD",2,"",7
05-23 11:05:46.541   181   242 D use-Rlog/RLOG-AT: [0] Channel1: AT< +CLCK: 0
05-23 11:05:46.541   181   242 D use-Rlog/RLOG-AT: [0] Channel1: AT< OK
05-23 11:05:46.541   181   246 D use-Rlog/RLOG-RILC: [0] [0089]< QUERY_FACILITY_LOCK {0,7}
05-23 11:05:46.541   181   246 D use-Rlog/RLOG-RIL: [0] put Channel ID '1'
05-23 11:05:46.541   181   246 I use-Rlog/RLOG-RILC: [0] -->slowDispatch [246] free one command
05-23 11:05:46.541   698   698 D CAT     : StkServiceProxy: getInstance  phoneId = 0
05-23 11:05:46.541   181   231 I use-Rlog/RLOG-RILC: [0] enter processCommandsCallback, socket type = 0
05-23 11:05:46.541   181   246 D use-Rlog/RLOG-RILC: [0] PCB request code 42 token 90
05-23 11:05:46.541   181   246 D use-Rlog/RLOG-RILC: [0] [0090]> QUERY_FACILITY_LOCK (SC,,7,(null))
05-23 11:05:46.541   181   246 D use-Rlog/RLOG-RIL: [0] onRequest: QUERY_FACILITY_LOCK sState=4
05-23 11:05:46.541   181   246 D use-Rlog/RLOG-RIL: [0] channel1 state: '0' 
05-23 11:05:46.541   181   246 D use-Rlog/RLOG-RIL: [0] get Channel ID '1'
05-23 11:05:46.541   181   246 E use-Rlog/RLOG-RIL: [0] type = SC 
05-23 11:05:46.541   181   246 D use-Rlog/RLOG-RIL: [0] requestFacilityLock: AT+CLCK="SC",2,"",7
05-23 11:05:46.541   181   246 D use-Rlog/RLOG-AT: [0] Channel1: AT> AT+CLCK="SC",2,"",7
05-23 11:05:46.541   698   698 D CAT     : StkServiceProxy: CatServiceSprd.update
05-23 11:05:46.541   698   698 E UiccCard: App index 8 is invalid since there are no applications
05-23 11:05:46.551   698   698 E UiccCard: App index 8 is invalid since there are no applications
05-23 11:05:46.551   181   242 D use-Rlog/RLOG-AT: [0] Channel1: AT< +CLCK: 0
05-23 11:05:46.551   181   242 D use-Rlog/RLOG-AT: [0] Channel1: AT< OK
05-23 11:05:46.551   181   246 D use-Rlog/RLOG-RILC: [0] [0090]< QUERY_FACILITY_LOCK {0,7}
05-23 11:05:46.551   181   246 D use-Rlog/RLOG-RIL: [0] put Channel ID '1'
05-23 11:05:46.551   181   246 I use-Rlog/RLOG-RILC: [0] -->slowDispatch [246] free one command
05-23 11:05:46.551   698   698 D UiccCard: update: radioState=RADIO_ON mLastRadioState=RADIO_ON
05-23 11:05:46.551   698   698 D UiccController: [0]Notifying IccChangedRegistrants
05-23 11:05:46.551   698   698 D UiccController: [0]Received EVENT_GET_ICC_STATUS_DONE
05-23 11:05:46.551   698   698 D UiccController: [0]onGetIccCardStatusDone : appStatus[0].app_state = APPSTATE_READY
05-23 11:05:46.551   698   698 D UiccCard: update : phoneId = 0 mCardState = CARDSTATE_PRESENT oldState = CARDSTATE_PRESENT
05-23 11:05:46.551   698   698 D UiccCard: 1 applications
05-23 11:05:46.551   698   698 D UiccCardApplication: APPTYPE_USIM update. New {APPTYPE_USIM,APPSTATE_READY,pin1=PINSTATE_UNKNOWN,pin2=PINSTATE_UNKNOWN}
05-23 11:05:46.551   698   698 D RILJ    : [0][3739]> QUERY_FACILITY_LOCK [FD 7 null]
05-23 11:05:46.551   181   231 I use-Rlog/RLOG-RILC: [0] enter processCommandsCallback, socket type = 0
05-23 11:05:46.551   181   231 I use-Rlog/RLOG-RILC: [0] enter processCommandsCallback, socket type = 0
05-23 11:05:46.551   181   246 D use-Rlog/RLOG-RILC: [0] PCB request code 42 token 91
05-23 11:05:46.551   181   246 D use-Rlog/RLOG-RILC: [0] [0091]> QUERY_FACILITY_LOCK (FD,,7,(null))
05-23 11:05:46.551   181   246 D use-Rlog/RLOG-RIL: [0] onRequest: QUERY_FACILITY_LOCK sState=4
05-23 11:05:46.551   181   246 D use-Rlog/RLOG-RIL: [0] channel1 state: '0' 
05-23 11:05:46.551   181   246 D use-Rlog/RLOG-RIL: [0] get Channel ID '1'
05-23 11:05:46.551   181   246 E use-Rlog/RLOG-RIL: [0] type = FD 
05-23 11:05:46.551   181   246 D use-Rlog/RLOG-RIL: [0] requestFacilityLock: AT+CLCK="FD",2,"",7
05-23 11:05:46.551   181   246 D use-Rlog/RLOG-AT: [0] Channel1: AT> AT+CLCK="FD",2,"",7
05-23 11:05:46.551   181   242 D use-Rlog/RLOG-AT: [0] Channel1: AT< +CLCK: 0
05-23 11:05:46.551   181   242 D use-Rlog/RLOG-AT: [0] Channel1: AT< OK
05-23 11:05:46.551   181   246 D use-Rlog/RLOG-RILC: [0] [0091]< QUERY_FACILITY_LOCK {0,7}
05-23 11:05:46.551   181   246 D use-Rlog/RLOG-RIL: [0] put Channel ID '1'
05-23 11:05:46.551   181   246 I use-Rlog/RLOG-RILC: [0] -->slowDispatch [246] free one command
05-23 11:05:46.551   698   698 D RILJ    : [0][3740]> QUERY_FACILITY_LOCK [SC 7 null]
05-23 11:05:46.571   181   231 I use-Rlog/RLOG-RILC: [0] enter processCommandsCallback, socket type = 0
05-23 11:05:46.571   181   231 I use-Rlog/RLOG-RILC: [0] enter processCommandsCallback, socket type = 0
05-23 11:05:46.571   181   246 D use-Rlog/RLOG-RILC: [0] PCB request code 42 token 92
05-23 11:05:46.571   181   246 D use-Rlog/RLOG-RILC: [0] [0092]> QUERY_FACILITY_LOCK (SC,,7,(null))
05-23 11:05:46.571   181   246 D use-Rlog/RLOG-RIL: [0] onRequest: QUERY_FACILITY_LOCK sState=4
05-23 11:05:46.571   181   246 D use-Rlog/RLOG-RIL: [0] channel1 state: '0' 
05-23 11:05:46.571   181   246 D use-Rlog/RLOG-RIL: [0] get Channel ID '1'
05-23 11:05:46.571   181   246 E use-Rlog/RLOG-RIL: [0] type = SC 
05-23 11:05:46.571   181   246 D use-Rlog/RLOG-RIL: [0] requestFacilityLock: AT+CLCK="SC",2,"",7
05-23 11:05:46.571   181   246 D use-Rlog/RLOG-AT: [0] Channel1: AT> AT+CLCK="SC",2,"",7
05-23 11:05:46.571   698   698 D CAT     : StkServiceProxy: getInstance  phoneId = 0
05-23 11:05:46.571   181   242 D use-Rlog/RLOG-AT: [0] Channel1: AT< +CLCK: 0
05-23 11:05:46.571   181   242 D use-Rlog/RLOG-AT: [0] Channel1: AT< OK
05-23 11:05:46.571   181   246 D use-Rlog/RLOG-RILC: [0] [0092]< QUERY_FACILITY_LOCK {0,7}
05-23 11:05:46.571   181   246 D use-Rlog/RLOG-RIL: [0] put Channel ID '1'
05-23 11:05:46.571   181   246 I use-Rlog/RLOG-RILC: [0] -->slowDispatch [246] free one command
05-23 11:05:46.571   698   698 D CAT     : StkServiceProxy: CatServiceSprd.update
05-23 11:05:46.571   698   698 E UiccCard: App index 8 is invalid since there are no applications
05-23 11:05:46.571   698   698 E UiccCard: App index 8 is invalid since there are no applications
05-23 11:05:46.571   698   698 D UiccCard: update: radioState=RADIO_ON mLastRadioState=RADIO_ON
05-23 11:05:46.571   698   698 D UiccController: [0]Notifying IccChangedRegistrants
05-23 11:05:46.571   698   698 D RILJ    : SPRDRILOPERATOR
05-23 11:05:46.571   698   698 D RILJ    : [0][3741]> OPERATOR
05-23 11:05:46.571   181   231 I use-Rlog/RLOG-RILC: [0] enter processCommandsCallback, socket type = 0
05-23 11:05:46.571   181   231 I use-Rlog/RLOG-RILC: [0] enter processCommandsCallback, socket type = 0
05-23 11:05:46.571   181   231 I use-Rlog/RLOG-RILC: [0] PCC  alloc one command p_record
05-23 11:05:46.571   181   963 D use-Rlog/RLOG-RILC: [0] PCB request code 22 token 93
05-23 11:05:46.571   181   963 D use-Rlog/RLOG-RILC: [0] [0093]> OPERATOR 
05-23 11:05:46.571   181   963 D use-Rlog/RLOG-RIL: [0] onRequest: OPERATOR sState=4
05-23 11:05:46.571   181   963 D use-Rlog/RLOG-RIL: [0] channel1 state: '0' 
05-23 11:05:46.571   181   963 D use-Rlog/RLOG-RIL: [0] get Channel ID '1'
05-23 11:05:46.571   181   963 D use-Rlog/RLOG-AT: [0] Channel1: AT> AT+COPS=3,0;+COPS?;+COPS=3,1;+COPS?;+COPS=3,2;+COPS?
05-23 11:05:46.571   698   698 D RILJ    : [0][3742]> DATA_REGISTRATION_STATE
05-23 11:05:46.571   181   242 D use-Rlog/RLOG-AT: [0] Channel1: AT< +COPS: 0
05-23 11:05:46.571   181   242 D use-Rlog/RLOG-AT: [0] Channel1: AT< +COPS: 0
05-23 11:05:46.571   181   242 D use-Rlog/RLOG-AT: [0] Channel1: AT< +COPS: 0
05-23 11:05:46.571   181   242 D use-Rlog/RLOG-AT: [0] Channel1: AT< OK
05-23 11:05:46.571   181   963 D use-Rlog/RLOG-RILC: [0] [0093]< OPERATOR {(null),(null),(null)}
05-23 11:05:46.571   181   963 D use-Rlog/RLOG-RIL: [0] put Channel ID '1'
05-23 11:05:46.571   181   963 I use-Rlog/RLOG-RILC: [0] -->CommandThread [963] free one command
05-23 11:05:46.571   181   231 I use-Rlog/RLOG-RILC: [0] enter processCommandsCallback, socket type = 0
05-23 11:05:46.571   181   231 I use-Rlog/RLOG-RILC: [0] enter processCommandsCallback, socket type = 0
05-23 11:05:46.571   181   231 I use-Rlog/RLOG-RILC: [0] PCC  alloc one command p_record
05-23 11:05:46.571   181   753 D use-Rlog/RLOG-RILC: [0] PCB request code 21 token 94
05-23 11:05:46.571   181   753 D use-Rlog/RLOG-RILC: [0] [0094]> DATA_REGISTRATION_STATE 
05-23 11:05:46.571   181   753 D use-Rlog/RLOG-RIL: [0] onRequest: DATA_REGISTRATION_STATE sState=4
05-23 11:05:46.571   181   753 D use-Rlog/RLOG-RIL: [0] channel1 state: '0' 
05-23 11:05:46.571   181   753 D use-Rlog/RLOG-RIL: [0] get Channel ID '1'
05-23 11:05:46.571   181   753 D use-Rlog/RLOG-RIL: [0] ssda mode: tdd-csfb
05-23 11:05:46.571   181   753 D use-Rlog/RLOG-AT: [0] Channel1: AT> AT+CEREG?
05-23 11:05:46.571   698   698 D RILJ    : [0][3743]> VOICE_REGISTRATION_STATE
05-23 11:05:46.581   181   242 D use-Rlog/RLOG-AT: [0] Channel1: AT< +CEREG: 2,2
05-23 11:05:46.581   181   242 D use-Rlog/RLOG-AT: [0] Channel1: AT< OK
05-23 11:05:46.581   181   753 D use-Rlog/RLOG-RILC: [0] [0094]< DATA_REGISTRATION_STATE {2,(null),(null),(null),(null),3}
05-23 11:05:46.581   181   753 D use-Rlog/RLOG-RIL: [0] put Channel ID '1'
05-23 11:05:46.581   181   753 I use-Rlog/RLOG-RILC: [0] -->CommandThread [753] free one command
05-23 11:05:46.581   181   231 I use-Rlog/RLOG-RILC: [0] enter processCommandsCallback, socket type = 0
05-23 11:05:46.581   181   231 I use-Rlog/RLOG-RILC: [0] enter processCommandsCallback, socket type = 0
05-23 11:05:46.581   181   231 I use-Rlog/RLOG-RILC: [0] PCC  alloc one command p_record
05-23 11:05:46.581   181   963 D use-Rlog/RLOG-RILC: [0] PCB request code 20 token 95
05-23 11:05:46.581   181   963 D use-Rlog/RLOG-RILC: [0] [0095]> VOICE_REGISTRATION_STATE 
05-23 11:05:46.581   181   963 D use-Rlog/RLOG-RIL: [0] onRequest: VOICE_REGISTRATION_STATE sState=4
05-23 11:05:46.581   181   963 D use-Rlog/RLOG-RIL: [0] channel1 state: '0' 
05-23 11:05:46.581   181   963 D use-Rlog/RLOG-RIL: [0] get Channel ID '1'
05-23 11:05:46.581   181   963 D use-Rlog/RLOG-RIL: [0] ssda mode: tdd-csfb
05-23 11:05:46.581   181   963 D use-Rlog/RLOG-AT: [0] Channel1: AT> AT+CREG?
05-23 11:05:46.581   181   242 D use-Rlog/RLOG-AT: [0] Channel1: AT< +CREG: 2,2
05-23 11:05:46.581   181   242 D use-Rlog/RLOG-AT: [0] Channel1: AT< OK
05-23 11:05:46.581   181   963 D use-Rlog/RLOG-RILC: [0] [0095]< VOICE_REGISTRATION_STATE {2,(null),(null),(null),(null),(null),(null),0,(null),(null),(null),(null),(null),(null),(null)}
05-23 11:05:46.581   181   963 D use-Rlog/RLOG-RIL: [0] put Channel ID '1'
05-23 11:05:46.581   181   963 I use-Rlog/RLOG-RILC: [0] -->CommandThread [963] free one command
05-23 11:05:46.581   698   698 D RILJ    : [0][3744]> QUERY_NETWORK_SELECTION_MODE
05-23 11:05:46.591   181   242 D use-Rlog/RLOG-AT: [0] Channel0: AT< +CESQ: 99,99,255,255,24,79
05-23 11:05:46.591   181   242 D use-Rlog/RLOG-RIL: [0] [unsl] +CESQ enter
05-23 11:05:46.591   181   242 D use-Rlog/RLOG-RILC: [0] [UNSL]< UNSOL_SIGNAL_STRENGTH {[signalStrength=99,bitErrorRate=-1,                CDMA_SS.dbm=-1,CDMA_SSecio=-1,                EVDO_SS.dbm=-1,EVDO_SS.ecio=-1,                EVDO_SS.signalNoiseRatio=-1,                LTE_SS.signalStrength=99,LTE_SS.rsrp=79,LTE_SS.rsrq=2147483647,                LTE_SS.rssnr=2147483647,LTE_SS.cqi=2147483647,TDSCDMA_SS.rscp=0]}
05-23 11:05:46.591   698   747 D RILJ    : [0][3735]< QUERY_FACILITY_LOCK {0, 7}
05-23 11:05:46.611   698   747 D RILJ    : [0][3736]< QUERY_FACILITY_LOCK {0, 7}
05-23 11:05:46.611   698   747 D RILJ    : [0][3737]< QUERY_FACILITY_LOCK {0, 7}
05-23 11:05:46.611   698   747 D RILJ    : [0][3738]< QUERY_FACILITY_LOCK {0, 7}
05-23 11:05:46.611   698   747 D RILJ    : [0][3739]< QUERY_FACILITY_LOCK {0, 7}
05-23 11:05:46.611   698   747 D RILJ    : [0][3740]< QUERY_FACILITY_LOCK {0, 7}
05-23 11:05:46.621   698   747 D RILJ    : sprdRil before responseOperatorString():response[0]= null response[1]= null response[2]= null
05-23 11:05:46.621   181   231 I use-Rlog/RLOG-RILC: [0] enter processCommandsCallback, socket type = 0
05-23 11:05:46.621   181   231 I use-Rlog/RLOG-RILC: [0] enter processCommandsCallback, socket type = 0
05-23 11:05:46.621   181   231 I use-Rlog/RLOG-RILC: [0] PCC  alloc one command p_record
05-23 11:05:46.621   181   753 D use-Rlog/RLOG-RILC: [0] PCB request code 45 token 96
05-23 11:05:46.621   181   753 D use-Rlog/RLOG-RILC: [0] [0096]> QUERY_NETWORK_SELECTION_MODE 
