05-23 11:05:41.416   698   698 D DCT     : [DcT(0)] setupDataOnConnectableApns: apnContext {mApnType=wap mState=IDLE mWaitingApns={null} mWaitingApnsPermanentFailureCountDown=0 mApnSetting={null} mReason=radioTurnedOff mDataEnabled=false mDependencyMet=true}
05-23 11:05:41.416   698   698 D DCT     : [DcT(0)] setupDataOnConnectableApns: apnContext {mApnType=hipri mState=IDLE mWaitingApns={null} mWaitingApnsPermanentFailureCountDown=0 mApnSetting={null} mReason=radioTurnedOff mDataEnabled=false mDependencyMet=true}
05-23 11:05:41.416   698   698 D DCT     : [DcT(0)] setupDataOnConnectableApns: apnContext {mApnType=supl mState=IDLE mWaitingApns={null} mWaitingApnsPermanentFailureCountDown=0 mApnSetting={null} mReason=radioTurnedOff mDataEnabled=false mDependencyMet=true}
05-23 11:05:41.416   698   698 D DCT     : [DcT(0)] setupDataOnConnectableApns: apnContext {mApnType=xcap mState=IDLE mWaitingApns={null} mWaitingApnsPermanentFailureCountDown=0 mApnSetting={null} mReason=radioTurnedOff mDataEnabled=false mDependencyMet=true}
05-23 11:05:41.416   698   698 D DCT     : [DcT(0)] setupDataOnConnectableApns: apnContext {mApnType=dm mState=IDLE mWaitingApns={null} mWaitingApnsPermanentFailureCountDown=0 mApnSetting={null} mReason=radioTurnedOff mDataEnabled=false mDependencyMet=true}
05-23 11:05:41.416   698   698 D DCT     : [DcT(0)] setupDataOnConnectableApns: apnContext {mApnType=ims mState=IDLE mWaitingApns={null} mWaitingApnsPermanentFailureCountDown=0 mApnSetting={null} mReason=radioTurnedOff mDataEnabled=false mDependencyMet=true}
05-23 11:05:41.416   698   698 D DCT     : [DcT(0)] setupDataOnConnectableApns: apnContext {mApnType=cbs mState=IDLE mWaitingApns={null} mWaitingApnsPermanentFailureCountDown=0 mApnSetting={null} mReason=radioTurnedOff mDataEnabled=false mDependencyMet=true}
05-23 11:05:41.416   698   698 D DCT     : [DcT(0)] setupDataOnConnectableApns: apnContext {mApnType=default mState=IDLE mWaitingApns={null} mWaitingApnsPermanentFailureCountDown=0 mApnSetting={null} mReason=roamingOff mDataEnabled=true mDependencyMet=true}
05-23 11:05:41.416   698   698 D DCT     : [DcT(0)] setupDataOnConnectableApns: isConnectable() call trySetupData
05-23 11:05:41.416   698   698 D DCT     : [ApnContext:default] set reason as simLoaded,current state IDLE
05-23 11:05:41.416   698   698 D DCT     : [DcT(0)] trySetupData for type:default due to simLoaded apnContext={mApnType=default mState=IDLE mWaitingApns={null} mWaitingApnsPermanentFailureCountDown=0 mApnSetting={null} mReason=simLoaded mDataEnabled=true mDependencyMet=true}
05-23 11:05:41.416   698   698 D DCT     : [DcT(0)] trySetupData with mIsPsRestricted=false
05-23 11:05:41.416   698   698 D DCT     : [DcT(0)] isServiceStateAllowed: not allowed due to Non-GSM-ONLY - [csAllowed] state: 3 - [psAllowed] gprs: 3, mAutoAttachOnCreation: false - [ltePsAllowed] isLteReady: false, isTDReady: false, gprsState: 3
05-23 11:05:41.416   698   698 D DCT     : [DcT(0)] isDataAllowed: not allowed due to serviceStateAllowed =false
05-23 11:05:41.416   698   698 D DCT     : [DcT(0)] notifyOffApnOfAvailability type:dm
05-23 11:05:41.416   698   698 D use-Rlog/RLOG-GSM: [MsmsDcTrackerProxy]isAnotherCardVoiceing phoneId: 0 sVoicePhoneId: -1 result: false
05-23 11:05:41.416   698   698 D DCT     : [DcT(0)] isDataAllowed: not allowed due to - Attached= false
05-23 11:05:41.426   698   698 D DCT     : [DcT(0)] isDataPossible(dm): possible=false isDataAllowed=false apnTypePossible=true apnContextisEnabled=false apnContextState()=IDLE
05-23 11:05:41.426   698   698 D DCT     : [DcT(0)] get active apn string for type:dm
05-23 11:05:41.426   698   698 D DCT     : [ApnContext:dm] getApnSetting: apnSetting=null
05-23 11:05:41.446   698   698 D DCT     : [DcT(0)] notifyOffApnOfAvailability type:wap
05-23 11:05:41.456   698   698 D use-Rlog/RLOG-GSM: [MsmsDcTrackerProxy]isAnotherCardVoiceing phoneId: 0 sVoicePhoneId: -1 result: false
05-23 11:05:41.456   698   698 D DCT     : [DcT(0)] isDataAllowed: not allowed due to - Attached= false
05-23 11:05:41.456   698   698 D DCT     : [DcT(0)] isDataPossible(wap): possible=false isDataAllowed=false apnTypePossible=true apnContextisEnabled=false apnContextState()=IDLE
05-23 11:05:41.456   698   698 D DCT     : [DcT(0)] get active apn string for type:wap
05-23 11:05:41.456   698   698 D DCT     : [ApnContext:wap] getApnSetting: apnSetting=null
05-23 11:05:41.556   698   698 D DCT     : [DcT(0)] notifyOffApnOfAvailability type:fota
05-23 11:05:41.556   698   698 D use-Rlog/RLOG-GSM: [MsmsDcTrackerProxy]isAnotherCardVoiceing phoneId: 0 sVoicePhoneId: -1 result: false
05-23 11:05:41.556   698   698 D DCT     : [DcT(0)] isDataAllowed: not allowed due to - Attached= false
05-23 11:05:41.556   698   698 D DCT     : [DcT(0)] isDataPossible(fota): possible=false isDataAllowed=false apnTypePossible=true apnContextisEnabled=false apnContextState()=IDLE
05-23 11:05:41.556   698   698 D DCT     : [DcT(0)] get active apn string for type:fota
05-23 11:05:41.556   698   698 D DCT     : [ApnContext:fota] getApnSetting: apnSetting=null
05-23 11:05:41.616   698   698 D DCT     : [DcT(0)] notifyOffApnOfAvailability type:supl
05-23 11:05:41.616   698   698 D use-Rlog/RLOG-GSM: [MsmsDcTrackerProxy]isAnotherCardVoiceing phoneId: 0 sVoicePhoneId: -1 result: false
05-23 11:05:41.616   698   698 D DCT     : [DcT(0)] isDataAllowed: not allowed due to - Attached= false
05-23 11:05:41.616   698   698 D DCT     : [DcT(0)] isDataPossible(supl): possible=false isDataAllowed=false apnTypePossible=true apnContextisEnabled=false apnContextState()=IDLE
05-23 11:05:41.616   698   698 D DCT     : [DcT(0)] get active apn string for type:supl
05-23 11:05:41.616   698   698 D DCT     : [ApnContext:supl] getApnSetting: apnSetting=null
05-23 11:05:41.636   698   698 D DCT     : [DcT(0)] notifyOffApnOfAvailability type:hipri
05-23 11:05:41.636   698   698 D use-Rlog/RLOG-GSM: [MsmsDcTrackerProxy]isAnotherCardVoiceing phoneId: 0 sVoicePhoneId: -1 result: false
05-23 11:05:41.636   698   698 D DCT     : [DcT(0)] isDataAllowed: not allowed due to - Attached= false
05-23 11:05:41.636   698   698 D DCT     : [DcT(0)] isDataPossible(hipri): possible=false isDataAllowed=false apnTypePossible=true apnContextisEnabled=false apnContextState()=IDLE
05-23 11:05:41.636   698   698 D DCT     : [DcT(0)] get active apn string for type:hipri
05-23 11:05:41.636   698   698 D DCT     : [ApnContext:hipri] getApnSetting: apnSetting=null
05-23 11:05:41.656   698   698 D DCT     : [DcT(0)] notifyOffApnOfAvailability type:ims
05-23 11:05:41.656   698   698 D use-Rlog/RLOG-GSM: [MsmsDcTrackerProxy]isAnotherCardVoiceing phoneId: 0 sVoicePhoneId: -1 result: false
05-23 11:05:41.656   698   698 D DCT     : [DcT(0)] isDataAllowed: not allowed due to - Attached= false
05-23 11:05:41.656   698   698 D DCT     : [DcT(0)] isDataPossible(ims): possible=false isDataAllowed=false apnTypePossible=true apnContextisEnabled=false apnContextState()=IDLE
05-23 11:05:41.656   698   698 D DCT     : [DcT(0)] get active apn string for type:ims
05-23 11:05:41.656   698   698 D DCT     : [ApnContext:ims] getApnSetting: apnSetting=null
05-23 11:05:41.666   926   939 W SignalStrength: Size of signalstrength parcel:168
05-23 11:05:41.666   926   939 W SignalStrength: Size of signalstrength parcel:168
05-23 11:05:41.666   926   939 W SignalStrength: Size of signalstrength parcel:168
05-23 11:05:41.666   926   939 W SignalStrength: Size of signalstrength parcel:168
05-23 11:05:41.666   926   939 W SignalStrength: Size of signalstrength parcel:168
05-23 11:05:41.727   926   939 W SignalStrength: Size of signalstrength parcel:168
05-23 11:05:41.737   698   698 D DCT     : [DcT(0)] notifyOffApnOfAvailability type:default
05-23 11:05:41.737   698   698 D use-Rlog/RLOG-GSM: [MsmsDcTrackerProxy]isAnotherCardVoiceing phoneId: 0 sVoicePhoneId: -1 result: false
05-23 11:05:41.737   698   698 D DCT     : [DcT(0)] isDataAllowed: not allowed due to - Attached= false
05-23 11:05:41.737   698   698 D DCT     : [DcT(0)] isDataPossible(default): possible=false isDataAllowed=false apnTypePossible=true apnContextisEnabled=true apnContextState()=IDLE
05-23 11:05:41.737   698   698 D DCT     : [DcT(0)] get active apn string for type:default
05-23 11:05:41.737   698   698 D DCT     : [ApnContext:default] getApnSetting: apnSetting=null
05-23 11:05:41.777   698   698 D DCT     : [DcT(0)] notifyOffApnOfAvailability type:mms
05-23 11:05:41.777   698   698 D use-Rlog/RLOG-GSM: [MsmsDcTrackerProxy]isAnotherCardVoiceing phoneId: 0 sVoicePhoneId: -1 result: false
05-23 11:05:41.777   698   698 D DCT     : [DcT(0)] isDataAllowed: not allowed due to - Attached= false
05-23 11:05:41.777   698   698 D DCT     : [DcT(0)] isDataPossible(mms): possible=false isDataAllowed=false apnTypePossible=true apnContextisEnabled=false apnContextState()=IDLE
05-23 11:05:41.777   698   698 D DCT     : [DcT(0)] get active apn string for type:mms
05-23 11:05:41.777   698   698 D DCT     : [ApnContext:mms] getApnSetting: apnSetting=null
05-23 11:05:41.807   698   698 D DCT     : [DcT(0)] notifyOffApnOfAvailability type:cbs
05-23 11:05:41.807   698   698 D use-Rlog/RLOG-GSM: [MsmsDcTrackerProxy]isAnotherCardVoiceing phoneId: 0 sVoicePhoneId: -1 result: false
05-23 11:05:41.807   698   698 D DCT     : [DcT(0)] isDataAllowed: not allowed due to - Attached= false
05-23 11:05:41.807   698   698 D DCT     : [DcT(0)] isDataPossible(cbs): possible=false isDataAllowed=false apnTypePossible=true apnContextisEnabled=false apnContextState()=IDLE
05-23 11:05:41.807   698   698 D DCT     : [DcT(0)] get active apn string for type:cbs
05-23 11:05:41.807   698   698 D DCT     : [ApnContext:cbs] getApnSetting: apnSetting=null
05-23 11:05:41.957   698   698 D DCT     : [DcT(0)] notifyOffApnOfAvailability type:xcap
05-23 11:05:41.957   698   698 D use-Rlog/RLOG-GSM: [MsmsDcTrackerProxy]isAnotherCardVoiceing phoneId: 0 sVoicePhoneId: -1 result: false
05-23 11:05:41.957   698   698 D DCT     : [DcT(0)] isDataAllowed: not allowed due to - Attached= false
05-23 11:05:41.957   698   698 D DCT     : [DcT(0)] isDataPossible(xcap): possible=false isDataAllowed=false apnTypePossible=true apnContextisEnabled=false apnContextState()=IDLE
05-23 11:05:41.957   698   698 D DCT     : [DcT(0)] get active apn string for type:xcap
05-23 11:05:41.957   698   698 D DCT     : [ApnContext:xcap] getApnSetting: apnSetting=null
05-23 11:05:42.097   698   698 D DCT     : [DcT(0)] trySetupData: X apnContext not 'ready' retValue=false
05-23 11:05:42.107   698   698 D DCT     : [DcT(0)] setupDataOnConnectableApns: apnContext {mApnType=mms mState=IDLE mWaitingApns={null} mWaitingApnsPermanentFailureCountDown=0 mApnSetting={null} mReason=radioTurnedOff mDataEnabled=false mDependencyMet=true}
05-23 11:05:42.107   698   698 D DCT     : [DcT(0)] setupDataOnConnectableApns: apnContext {mApnType=fota mState=IDLE mWaitingApns={null} mWaitingApnsPermanentFailureCountDown=0 mApnSetting={null} mReason=radioTurnedOff mDataEnabled=false mDependencyMet=true}
05-23 11:05:42.137   698   698 D IccCardProxy: [0]Broadcasting intent ACTION_SIM_STATE_CHANGED LOADED reason null
05-23 11:05:42.718   698   698 D PHONE   : [ServiceState] setNullState=3
05-23 11:05:42.738   698   698 D GsmSST  : [GsmSST-phoneId1] Poll ServiceState done:  oldSS=[3 3 home null null null  Unknown Unknown CSS not supported -1 -1 RoamInd=-1 DefRoamInd=-1 EmergOnly=false mImsRegistration = false mSrvccState = -1] newSS=[3 3 home null null null  Unknown Unknown CSS not supported -1 -1 RoamInd=-1 DefRoamInd=-1 EmergOnly=false mImsRegistration = false mSrvccState = -1] oldMaxDataCalls=1 mNewMaxDataCalls=1 oldReasonDataDenied=-1 mNewReasonDataDenied=-1
05-23 11:05:42.738   698   698 D PHONE   : [ServiceState] setNullState=1
05-23 11:05:42.748   698   698 D CAT     : CatService: handleMessage[10]
05-23 11:05:42.748   698   698 D CAT     : CatService: SET_UP_EVENT_LIST
05-23 11:05:42.758   698   698 D CAT     : CatService: Event: 0
05-23 11:05:42.768   698   698 D CAT     : CatService: Event: 0
05-23 11:05:42.768   698   698 D CAT     : CatService: encodeOptionalTags() Unsupported Cmd details=CmdDetails: compRequired=true commandNumber=1 typeOfCommand=5 commandQualifier=0
05-23 11:05:42.768   698   698 D RILJ    : [0][3714]> REQUEST_STK_SEND_TERMINAL_RESPONSE
05-23 11:05:42.778   181   231 I use-Rlog/RLOG-RILC: [0] enter processCommandsCallback, socket type = 0
05-23 11:05:42.788   181   231 I use-Rlog/RLOG-RILC: [0] enter processCommandsCallback, socket type = 0
05-23 11:05:42.788   181   231 I use-Rlog/RLOG-RILC: [0] PCC  alloc one command p_record
05-23 11:05:42.788   181   753 D use-Rlog/RLOG-RILC: [0] PCB request code 70 token 66
05-23 11:05:42.788   181   753 D use-Rlog/RLOG-RILC: [0] [0066]> STK_SEND_TERMINAL_RESPONSE (810301050082028281830100)
05-23 11:05:42.788   181   753 D use-Rlog/RLOG-RIL: [0] onRequest: STK_SEND_TERMINAL_RESPONSE sState=0
05-23 11:05:42.788   181   753 D use-Rlog/RLOG-RIL: [0] channel1 state: '0' 
05-23 11:05:42.788   181   753 D use-Rlog/RLOG-RIL: [0] get Channel ID '1'
05-23 11:05:42.788   181   753 D use-Rlog/RLOG-AT: [0] Channel1: AT> AT+SPUSATTERMINAL="810301050082028281830100"
05-23 11:05:42.788   181   242 D use-Rlog/RLOG-AT: [0] Channel1: AT< +SPUSATTERMINAL: 0
05-23 11:05:42.788   181   242 D use-Rlog/RLOG-AT: [0] Channel1: AT< OK
05-23 11:05:42.788   181   753 D use-Rlog/RLOG-RILC: [0] [0066]< STK_SEND_TERMINAL_RESPONSE
05-23 11:05:42.788   181   753 D use-Rlog/RLOG-RIL: [0] put Channel ID '1'
05-23 11:05:42.788   181   753 I use-Rlog/RLOG-RILC: [0] -->CommandThread [753] free one command
05-23 11:05:42.788   698   747 D RILJ    : [0][3714]< REQUEST_STK_SEND_TERMINAL_RESPONSE 
05-23 11:05:42.788   698   698 D CAT     : CatService: broadcastCatCmdIntent isStkAppInstalled: true
05-23 11:05:42.818   698   698 D CAT     : CatService: Sending CmdMsg: com.android.internal.telephony.cat.CatCmdMessage@41f31120 on slotid:0
05-23 11:05:42.888   698   698 D CAT     : com.android.stk.StkAppService: onCreate()+
05-23 11:05:42.898   698   698 D CAT     : com.android.stk.StkAppService: simCount: 2
05-23 11:05:42.918   698   698 D CAT     : com.android.stk.StkAppService: slotId: 0
05-23 11:05:42.928   698   698 D CAT     : com.android.stk.StkAppService: slotId: 1
05-23 11:05:42.928   698   698 D CAT     : com.android.stk.StkAppService: NOT CUCC
05-23 11:05:42.928   698   698 D CAT     : com.android.stk.StkAppService: StkAppService onStart is cucc: false
05-23 11:05:42.928   698   698 D CAT     : com.android.stk.StkAppService: onStart sim id: 0, op: 1, *****
05-23 11:05:43.028   698   698 D CAT     : StkAppService: init mPhone
05-23 11:05:43.028   698  1065 D CAT     : com.android.stk.StkAppService: handleMessage opcode[1], sim id[0]
05-23 11:05:43.028   698  1065 D CAT     : com.android.stk.StkAppService: cmdName[SET_UP_MENU]
05-23 11:05:43.028   698  1065 D CAT     : com.android.stk.StkAppService: [OP_CMD]
05-23 11:05:43.038   698  1065 D CAT     : com.android.stk.StkAppService: [handleCmd]SET_UP_MENU
05-23 11:05:43.038   698  1065 D CAT     : com.android.stk.StkAppService: SET_UP_MENU [false]
05-23 11:05:43.038   698  1065 D CAT     : com.android.stk.StkAppService: install App
05-23 11:05:43.038   698  1065 D CAT     : com.android.stk.StkAppService: NOT CUCC
05-23 11:05:43.038   698  1065 D CAT     : StkAppInstaller: [setAppState] === install
05-23 11:05:43.038   698  1065 D CAT     : StkAppInstaller: cName = ComponentInfo{com.android.stk/com.android.stk.StkMain}
05-23 11:05:43.038   698  1065 D CAT     : StkAppInstaller: state = 1
05-23 11:05:43.038   698  1065 D CAT     : StkAppInstaller: context = android.app.ContextImpl@41f34cf8
05-23 11:05:43.038   698  1065 D CAT     : StkAppInstaller: Change app state[true]
05-23 11:05:43.038   698   698 D PhoneProxy: [PhoneProxy] phoneObjectUpdater: newVoiceRadioTech=0
05-23 11:05:43.048   698   698 D PhoneProxy: [PhoneProxy] phoneObjectUpdater: Unknown rat ignore,  newVoiceRadioTech=Unknown. mActivePhone=TD
05-23 11:05:43.058   698  1065 D CAT     : com.android.stk.StkAppService: isShowSetupMenuTitle count=1 id=0
05-23 11:05:43.058   698  1065 D CAT     : StkAppInstaller: setComponentEnabledSetting:1
05-23 11:05:43.078   698  1065 D CAT     : StkAppInstaller: [setAppState]-
05-23 11:05:43.238   698   698 D DCT     : [DcT(0)] onReceive: action=android.intent.action.BATTERY_CHANGED
05-23 11:05:43.258   698   698 D DCT     : [DcT(1)] onReceive: action=android.intent.action.BATTERY_CHANGED
05-23 11:05:43.268   698   698 D DCT     : [DcT(0)] onReceive: action=android.intent.action.BATTERY_CHANGED
05-23 11:05:43.268   698   698 D DCT     : [DcT(1)] onReceive: action=android.intent.action.BATTERY_CHANGED
05-23 11:05:43.348   698   698 D DCT     : [DcT(0)] getDataOnRoamingEnabled, settingValue: 0
05-23 11:05:43.348   698   698 D DCT     : [DcT(0)] isDataRoamingEnabled=false
05-23 11:05:43.348   698   698 D DCT     : [DcT(0)] getDataOnRoamingEnabled, settingValue: 0
05-23 11:05:43.348   698   698 D DCT     : [DcT(0)] isDataRoamingEnabled=false
05-23 11:05:43.348   698   698 D DCT     : [DcT(0)] getDataOnRoamingEnabled, settingValue: 0
05-23 11:05:43.348   698   698 D DCT     : [DcT(0)] isDataRoamingEnabled=false
05-23 11:05:43.348   698   698 D DCT     : [DcT(0)] getDataOnRoamingEnabled, settingValue: 0
05-23 11:05:43.348   698   698 D DCT     : [DcT(0)] isDataRoamingEnabled=false
05-23 11:05:43.348   698   698 D DCT     : [DcT(0)] getDataOnRoamingEnabled, settingValue: 0
05-23 11:05:43.348   698   698 D DCT     : [DcT(0)] isDataRoamingEnabled=false
05-23 11:05:43.358   698   698 D DCT     : [DcT(0)] getDataOnRoamingEnabled, settingValue: 0
05-23 11:05:43.358   698   698 D DCT     : [DcT(0)] isDataRoamingEnabled=false
05-23 11:05:43.358   698   698 D DCT     : [DcT(0)] getDataOnRoamingEnabled, settingValue: 0
05-23 11:05:43.358   698   698 D DCT     : [DcT(0)] isDataRoamingEnabled=false
05-23 11:05:43.368   698   698 D DCT     : [DcT(0)] getDataOnRoamingEnabled, settingValue: 0
05-23 11:05:43.368   698   698 D DCT     : [DcT(0)] isDataRoamingEnabled=false
05-23 11:05:43.368   698   698 D DCT     : [DcT(0)] getDataOnRoamingEnabled, settingValue: 0
05-23 11:05:43.368   698   698 D DCT     : [DcT(0)] isDataRoamingEnabled=false
05-23 11:05:43.378   698   698 D DCT     : [DcT(0)] getDataOnRoamingEnabled, settingValue: 0
05-23 11:05:43.378   698   698 D DCT     : [DcT(0)] isDataRoamingEnabled=false
05-23 11:05:43.428   698   698 D CAT     : StkCmdReceiver: handleAction, op: 1args: Bundle[{SLOT_ID=0, cmd message=com.android.internal.telephony.cat.CatCmdMessage@41ec7bb0, op=1}], slot id: 0
05-23 11:05:43.789   698   698 D CAT     : com.android.stk.StkAppService: NOT CUCC
05-23 11:05:43.789   698   698 D CAT     : com.android.stk.StkAppService: StkAppService onStart is cucc: false
05-23 11:05:43.789   698   698 D CAT     : com.android.stk.StkAppService: onStart sim id: 0, op: 1, *****
05-23 11:05:43.789   698   698 D CAT     : StkAppService: init mPhone
05-23 11:05:43.799   698  1065 D CAT     : com.android.stk.StkAppService: handleMessage opcode[1], sim id[0]
05-23 11:05:43.799   698  1065 D CAT     : com.android.stk.StkAppService: cmdName[SET_UP_EVENT_LIST]
05-23 11:05:43.799   698  1065 D CAT     : com.android.stk.StkAppService: [OP_CMD]
05-23 11:05:43.799   698  1065 D CAT     : com.android.stk.StkAppService: [handleCmd]SET_UP_EVENT_LIST
05-23 11:05:43.859   181   242 D use-Rlog/RLOG-AT: [0] Channel0: AT< +SPUSATENDSESSIONIND
05-23 11:05:43.859   181   242 D use-Rlog/RLOG-RIL: [0] [stk unsl]RIL_UNSOL_STK_SESSION_END
05-23 11:05:43.859   181   242 D use-Rlog/RLOG-RILC: [0] [UNSL]< UNSOL_STK_SESSION_END 
05-23 11:05:43.859   698   747 D RILJ    : [0][UNSL]< [0]UNSOL_STK_SESSION_END
05-23 11:05:44.019   181   242 D use-Rlog/RLOG-AT: [0] Channel0: AT< +SPUSATPROCMDIND:D0819481030125008202818285138000280055002900530049004D53615E9475288F0A01806211768454C1724C8F0A808000530049004D76FE8F10818000530049004D5FEB6377786E8BA48F0A0280670D52A152A974068F0A038065E07EBF57CE5E028F0A048079FB52A87CBE54C18F0A05804E1A52A18D855E028F0A4C805E9475287BA174068F0A4D804E0B8F7D8BBE7F6E18022121
05-23 11:05:44.019   181   242 D use-Rlog/RLOG-RIL: [0] [stk unsl]RIL_UNSOL_STK_PROACTIVE_COMMAND
05-23 11:05:44.019   181   242 D use-Rlog/RLOG-RILC: [0] [UNSL]< UNSOL_STK_PROACTIVE_COMMAND {D0819481030125008202818285138000280055002900530049004D53615E9475288F0A01806211768454C1724C8F0A808000530049004D76FE8F10818000530049004D5FEB6377786E8BA48F0A0280670D52A152A974068F0A038065E07EBF57CE5E028F0A048079FB52A87CBE54C18F0A05804E1A52A18D855E028F0A4C805E9475287BA174068F0A4D804E0B8F7D8BBE7F6E18022121}
05-23 11:05:44.019   698   747 D RILJ    : [0][UNSL]< [0]UNSOL_STK_PROACTIVE_COMMAND D0819481030125008202818285138000280055002900530049004D53615E9475288F0A01806211768454C1724C8F0A808000530049004D76FE8F10818000530049004D5FEB6377786E8BA48F0A0280670D52A152A974068F0A038065E07EBF57CE5E028F0A048079FB52A87CBE54C18F0A05804E1A52A18D855E028F0A4C805E9475287BA174068F0A4D804E0B8F7D8BBE7F6E18022121
05-23 11:05:44.139   698  1066 D RadioInteractor: [RadioInteractor] RadioInteractorFactory:  com.android.sprd.telephony.RadioInteractorFactory@41dcc9b0  RadioInteractorFactory class 1105273712
05-23 11:05:44.139   698  1066 D RadioInteractor: [3649]> REQUEST_SET_SMS_BEARER [SUB0]
05-23 11:05:44.239   181   231 I use-Rlog/RLOG-RILC: [0] enter processCommandsCallback, socket type = 2
05-23 11:05:44.239   181   231 I use-Rlog/RLOG-RILC: [0] enter processCommandsCallback, socket type = 2
05-23 11:05:44.239   181   231 I use-Rlog/RLOG-RILC: [0] PCC  alloc one command p_record
05-23 11:05:44.239   181   963 D use-Rlog/RLOG-RILC: [0] PCB request code 5512 token 1
05-23 11:05:44.239   181   963 D use-Rlog/RLOG-RILC: [0] [0001]> SET_SMS_BEARER (1)
05-23 11:05:44.239   181   963 D use-Rlog/RLOG-RIL: [0] onRequest: SET_SMS_BEARER sState=0
05-23 11:05:44.239   181   963 D use-Rlog/RLOG-RILC: [0] [0001]< SET_SMS_BEARER fails by E_RADIO_NOT_AVAILABLE
05-23 11:05:44.239   181   963 I use-Rlog/RLOG-RILC: [0] -->CommandThread [963] free one command
05-23 11:05:44.239   698   862 D RadioInteractor: [RIRequest] [3649]< REQUEST_SET_SMS_BEARER error: com.android.sprd.telephony.CommandException: RADIO_NOT_AVAILABLE ret=
05-23 11:05:44.239   698   864 D RadioInteractor: [RadioInteractorHandler]  handleMessage msg.what:16
05-23 11:05:44.239   698   864 D RadioInteractor: [RadioInteractorHandler] handleMessage EVENT_SET_SMS_BEARER_DONE
05-23 11:05:44.239   698   864 E RadioInteractor: [RadioInteractorHandler] set sms bearer:fail
05-23 11:05:44.309   698  1066 D RILJ    : [0][3715]> OEM_HOOK_STRINGS
05-23 11:05:44.319   698  1066 D use-Rlog/RLOG-PHONE: wait for done
05-23 11:05:44.319   181   231 I use-Rlog/RLOG-RILC: [0] enter processCommandsCallback, socket type = 0
05-23 11:05:44.319   181   231 I use-Rlog/RLOG-RILC: [0] enter processCommandsCallback, socket type = 0
05-23 11:05:44.319   181   231 I use-Rlog/RLOG-RILC: [0] PCC  alloc one command p_record
05-23 11:05:44.319   181   753 D use-Rlog/RLOG-RILC: [0] PCB request code 60 token 67
05-23 11:05:44.319   181   753 D use-Rlog/RLOG-RILC: [0] [0067]> OEM_HOOK_STRINGS (AT+SPOPRCAP=1,1,0)
05-23 11:05:44.319   181   753 D use-Rlog/RLOG-RIL: [0] onRequest: OEM_HOOK_STRINGS sState=0
05-23 11:05:44.319   181   753 D use-Rlog/RLOG-RIL: [0] channel1 state: '0' 
05-23 11:05:44.319   181   753 D use-Rlog/RLOG-RIL: [0] get Channel ID '1'
05-23 11:05:44.319   181   753 D use-Rlog/RLOG-RIL: [0] got OEM_HOOK_STRINGS: 0x0xb6807ce0 4
05-23 11:05:44.319   181   753 D use-Rlog/RLOG-RIL: [0] > 'AT+SPOPRCAP=1,1,0'
05-23 11:05:44.319   181   753 D use-Rlog/RLOG-RIL: [0] >>> 'AT+SPOPRCAP=1,1,0'
05-23 11:05:44.319   181   753 D use-Rlog/RLOG-AT: [0] Channel1: AT> AT+SPOPRCAP=1,1,0
05-23 11:05:44.319   181   242 D use-Rlog/RLOG-AT: [0] Channel1: AT< OK
05-23 11:05:44.319   181   753 D use-Rlog/RLOG-RILC: [0] [0067]< OEM_HOOK_STRINGS {OK
05-23 11:05:44.319   181   753 D use-Rlog/RLOG-RILC: }
05-23 11:05:44.319   181   753 D use-Rlog/RLOG-RIL: [0] put Channel ID '1'
05-23 11:05:44.319   181   753 I use-Rlog/RLOG-RILC: [0] -->CommandThread [753] free one command
05-23 11:05:44.319   698   747 D RILJ    : [0][3715]< OEM_HOOK_STRINGS {OK
05-23 11:05:44.319   698   747 D RILJ    : }
05-23 11:05:44.319   698  1070 D use-Rlog/RLOG-PHONE: SEND_AT_COMPLETE
05-23 11:05:44.319   698  1066 D use-Rlog/RLOG-PHONE: done
05-23 11:05:44.339   698   698 D CAT     : BootCompletedReceiver: action:android.intent.action.SIM_STATE_CHANGED
05-23 11:05:44.339   698   698 D CAT     : com.android.stk.StkAppService: NOT CUCC
05-23 11:05:44.339   698   698 D CAT     : BootCompletedReceiver: isCUCC: false and isAirPlaneModeOn: false
05-23 11:05:44.339   698   698 D CAT     : BootCompletedReceiver: slotID: 0 and state: IMSI
05-23 11:05:44.339   698   698 D CAT     : BootCompletedReceiver: simCount: 2
05-23 11:05:44.339   698   698 D CAT     : BootCompletedReceiver: SIM 0 isStandby = true
05-23 11:05:44.339   698   698 D CAT     : BootCompletedReceiver: SIM 0 is inserted.
05-23 11:05:44.339   698  1071 D TelephonyManager: setRadioBusy true
05-23 11:05:44.339   698   698 D CAT     : BootCompletedReceiver: mTm.hasIccCard() =true
05-23 11:05:44.349   698   698 D CAT     : BootCompletedReceiver: appservice =com.android.stk.StkAppService@41f34930
05-23 11:05:44.349   698   698 D CAT     : BootCompletedReceiver: SIM 0 is ready.
05-23 11:05:44.349   698   698 D CAT     : StkAppInstaller: [setAppState] === install
05-23 11:05:44.349   698   698 D CAT     : StkAppInstaller: cName = ComponentInfo{com.android.stk/com.android.stk.StkMain}
05-23 11:05:44.349   698   698 D CAT     : StkAppInstaller: state = 1
05-23 11:05:44.349   698   698 D CAT     : StkAppInstaller: context = android.app.ReceiverRestrictedContext@41ee6420
05-23 11:05:44.349   698   698 D CAT     : StkAppInstaller: Do not need to change STK app state
05-23 11:05:44.349   698   698 D CAT     : StkAppInstaller: [setAppState]-
05-23 11:05:44.359   698   698 D CAT     : CatService: handleMessage[1]
05-23 11:05:44.359   698   698 D CAT     : CatService: ril message arrived,slotid:0
05-23 11:05:44.359   698   698 D CAT     : CatService: handleMessage[2]
05-23 11:05:44.359   698   698 D CAT     : CatService: ril message arrived,slotid:0
05-23 11:05:44.359   698  1003 D CAT     : RilMessageDecoder: [stk]ril msg = 2 mData =D0819481030125008202818285138000280055002900530049004D53615E9475288F0A01806211768454C1724C8F0A808000530049004D76FE8F10818000530049004D5FEB6377786E8BA48F0A0280670D52A152A974068F0A038065E07EBF57CE5E028F0A048079FB52A87CBE54C18F0A05804E1A52A18D855E028F0A4C805E9475287BA174068F0A4D804E0B8F7D8BBE7F6E18022121
05-23 11:05:44.359   698  1003 D CAT     : RilMessageDecoder: [stk]rawData length151
05-23 11:05:44.359   698  1003 D CAT     : CommandParamsFactory: process SelectItem
05-23 11:05:44.419   698   698 D CAT     : CatService: handleMessage[10]
05-23 11:05:44.419   698   698 D CAT     : CatService: SESSION END on 0
05-23 11:05:44.429   698   698 D CAT     : CatService: handleMessage[10]
05-23 11:05:44.429   698   698 D CAT     : CatService: SET_UP_MENU
05-23 11:05:44.429   698   698 D CAT     : CatService: encodeOptionalTags() Unsupported Cmd details=CmdDetails: compRequired=true commandNumber=1 typeOfCommand=37 commandQualifier=0
05-23 11:05:44.429   698   698 D RILJ    : [0][3716]> REQUEST_STK_SEND_TERMINAL_RESPONSE
05-23 11:05:44.429   181   231 I use-Rlog/RLOG-RILC: [0] enter processCommandsCallback, socket type = 0
05-23 11:05:44.429   181   231 I use-Rlog/RLOG-RILC: [0] enter processCommandsCallback, socket type = 0
05-23 11:05:44.429   181   231 I use-Rlog/RLOG-RILC: [0] PCC  alloc one command p_record
05-23 11:05:44.429   181   963 D use-Rlog/RLOG-RILC: [0] PCB request code 70 token 68
05-23 11:05:44.429   181   963 D use-Rlog/RLOG-RILC: [0] [0068]> STK_SEND_TERMINAL_RESPONSE (810301250082028281830100)
05-23 11:05:44.429   181   963 D use-Rlog/RLOG-RIL: [0] onRequest: STK_SEND_TERMINAL_RESPONSE sState=0
05-23 11:05:44.429   181   963 D use-Rlog/RLOG-RIL: [0] channel1 state: '0' 
05-23 11:05:44.429   181   963 D use-Rlog/RLOG-RIL: [0] get Channel ID '1'
05-23 11:05:44.429   181   963 D use-Rlog/RLOG-AT: [0] Channel1: AT> AT+SPUSATTERMINAL="810301250082028281830100"
05-23 11:05:44.439   698   698 D CAT     : CatService: broadcastCatCmdIntent isStkAppInstalled: true
05-23 11:05:44.439   181   242 D use-Rlog/RLOG-AT: [0] Channel1: AT< +SPUSATTERMINAL: 0
05-23 11:05:44.439   181   242 D use-Rlog/RLOG-AT: [0] Channel1: AT< OK
05-23 11:05:44.439   181   963 D use-Rlog/RLOG-RILC: [0] [0068]< STK_SEND_TERMINAL_RESPONSE
05-23 11:05:44.439   181   963 D use-Rlog/RLOG-RIL: [0] put Channel ID '1'
05-23 11:05:44.439   181   963 I use-Rlog/RLOG-RILC: [0] -->CommandThread [963] free one command
05-23 11:05:44.439   698   747 D RILJ    : [0][3716]< REQUEST_STK_SEND_TERMINAL_RESPONSE 
05-23 11:05:44.439   698   698 D CAT     : CatService: Sending CmdMsg: com.android.internal.telephony.cat.CatCmdMessage@41ee9578 on slotid:0
05-23 11:05:44.449   698   698 D CAT     : StkCmdReceiver: handleAction, op: 1args: Bundle[{SLOT_ID=0, cmd message=com.android.internal.telephony.cat.CatCmdMessage@41ebc810, op=1}], slot id: 0
05-23 11:05:44.459   698   698 D CAT     : com.android.stk.StkAppService: NOT CUCC
05-23 11:05:44.459   698   698 D CAT     : com.android.stk.StkAppService: StkAppService onStart is cucc: false
05-23 11:05:44.469   698   698 D CAT     : com.android.stk.StkAppService: onStart sim id: 0, op: 1, *****
05-23 11:05:44.469   698   698 D CAT     : StkAppService: init mPhone
05-23 11:05:44.469   698  1065 D CAT     : com.android.stk.StkAppService: handleMessage opcode[1], sim id[0]
05-23 11:05:44.469   698  1065 D CAT     : com.android.stk.StkAppService: cmdName[SET_UP_MENU]
05-23 11:05:44.469   698  1065 D CAT     : com.android.stk.StkAppService: [OP_CMD]
05-23 11:05:44.469   698  1065 D CAT     : com.android.stk.StkAppService: [handleCmd]SET_UP_MENU
05-23 11:05:44.469   698  1065 D CAT     : com.android.stk.StkAppService: SET_UP_MENU [false]
05-23 11:05:44.469   698  1065 D CAT     : com.android.stk.StkAppService: install App
05-23 11:05:44.469   698  1065 D CAT     : com.android.stk.StkAppService: NOT CUCC
05-23 11:05:44.469   698  1065 D CAT     : StkAppInstaller: [setAppState] === install
05-23 11:05:44.469   698  1065 D CAT     : StkAppInstaller: cName = ComponentInfo{com.android.stk/com.android.stk.StkMain}
05-23 11:05:44.469   698  1065 D CAT     : StkAppInstaller: state = 1
05-23 11:05:44.469   698  1065 D CAT     : StkAppInstaller: context = android.app.ContextImpl@41f34cf8
05-23 11:05:44.469   698  1065 D CAT     : StkAppInstaller: Do not need to change STK app state
05-23 11:05:44.469   698  1065 D CAT     : StkAppInstaller: [setAppState]-
05-23 11:05:44.499   181   242 D use-Rlog/RLOG-AT: [0] Channel0: AT< +SPUSATPROCMDIND:D00D8103010500820281829902090A
05-23 11:05:44.499   181   242 D use-Rlog/RLOG-RIL: [0] [stk unsl]RIL_UNSOL_STK_PROACTIVE_COMMAND
05-23 11:05:44.499   181   242 D use-Rlog/RLOG-RILC: [0] [UNSL]< UNSOL_STK_PROACTIVE_COMMAND {D00D8103010500820281829902090A}
05-23 11:05:44.499   698   747 D RILJ    : [0][UNSL]< [0]UNSOL_STK_PROACTIVE_COMMAND D00D8103010500820281829902090A
05-23 11:05:44.499   698   698 D CAT     : CatService: handleMessage[2]
05-23 11:05:44.499   698   698 D CAT     : CatService: ril message arrived,slotid:0
05-23 11:05:44.499   698  1003 D CAT     : RilMessageDecoder: [stk]ril msg = 2 mData =D00D8103010500820281829902090A
05-23 11:05:44.499   698  1003 D CAT     : RilMessageDecoder: [stk]rawData length15
05-23 11:05:44.499   698  1003 D CAT     : CommandParamsFactory: process SetUpEventList
05-23 11:05:44.499   698   698 D CAT     : CatService: handleMessage[10]
05-23 11:05:44.499   698   698 D CAT     : CatService: SET_UP_EVENT_LIST
05-23 11:05:44.499   698   698 D CAT     : CatService: Event: 0
05-23 11:05:44.499   698   698 D CAT     : CatService: Event: 0
05-23 11:05:44.499   698   698 D CAT     : CatService: encodeOptionalTags() Unsupported Cmd details=CmdDetails: compRequired=true commandNumber=1 typeOfCommand=5 commandQualifier=0
05-23 11:05:44.499   698   698 D RILJ    : [0][3717]> REQUEST_STK_SEND_TERMINAL_RESPONSE
05-23 11:05:44.509   181   231 I use-Rlog/RLOG-RILC: [0] enter processCommandsCallback, socket type = 0
05-23 11:05:44.509   181   231 I use-Rlog/RLOG-RILC: [0] enter processCommandsCallback, socket type = 0
05-23 11:05:44.509   181   231 I use-Rlog/RLOG-RILC: [0] PCC  alloc one command p_record
05-23 11:05:44.509   181   753 D use-Rlog/RLOG-RILC: [0] PCB request code 70 token 69
05-23 11:05:44.509   181   753 D use-Rlog/RLOG-RILC: [0] [0069]> STK_SEND_TERMINAL_RESPONSE (810301050082028281830100)
05-23 11:05:44.509   181   753 D use-Rlog/RLOG-RIL: [0] onRequest: STK_SEND_TERMINAL_RESPONSE sState=0
05-23 11:05:44.509   181   753 D use-Rlog/RLOG-RIL: [0] channel1 state: '0' 
05-23 11:05:44.509   181   753 D use-Rlog/RLOG-RIL: [0] get Channel ID '1'
05-23 11:05:44.509   181   753 D use-Rlog/RLOG-AT: [0] Channel1: AT> AT+SPUSATTERMINAL="810301050082028281830100"
05-23 11:05:44.509   698   698 D CAT     : CatService: broadcastCatCmdIntent isStkAppInstalled: true
05-23 11:05:44.509   181   242 D use-Rlog/RLOG-AT: [0] Channel1: AT< +SPUSATTERMINAL: 0
05-23 11:05:44.509   181   242 D use-Rlog/RLOG-AT: [0] Channel1: AT< OK
05-23 11:05:44.509   181   753 D use-Rlog/RLOG-RILC: [0] [0069]< STK_SEND_TERMINAL_RESPONSE
05-23 11:05:44.509   181   753 D use-Rlog/RLOG-RIL: [0] put Channel ID '1'
05-23 11:05:44.509   181   753 I use-Rlog/RLOG-RILC: [0] -->CommandThread [753] free one command
05-23 11:05:44.509   698   747 D RILJ    : [0][3717]< REQUEST_STK_SEND_TERMINAL_RESPONSE 
05-23 11:05:44.519   698   698 D CAT     : CatService: Sending CmdMsg: com.android.internal.telephony.cat.CatCmdMessage@41f3db20 on slotid:0
05-23 11:05:44.539   181   242 D use-Rlog/RLOG-AT: [0] Channel0: AT< +SPUSATENDSESSIONIND
05-23 11:05:44.539   181   242 D use-Rlog/RLOG-RIL: [0] [stk unsl]RIL_UNSOL_STK_SESSION_END
05-23 11:05:44.539   181   242 D use-Rlog/RLOG-RILC: [0] [UNSL]< UNSOL_STK_SESSION_END 
05-23 11:05:44.539   698   747 D RILJ    : [0][UNSL]< [0]UNSOL_STK_SESSION_END
05-23 11:05:44.669   698  1071 D TelephonyManager: getSettingDefaultSim:phoneIdKey sim_card_favorite_voicephoneId:-1
05-23 11:05:44.679   698  1071 D TelephonyManager: setDefaultSim:phoneIdKey multi_sim_mms phoneId 0
05-23 11:05:44.689   698  1071 D TelephonyManager: setDefaultSim:phoneIdKey multi_sim_voice_call phoneId 0
05-23 11:05:44.689   698  1071 D TelephonyManager: setDefaultSim:phoneIdKey multi_sim_voice_call phoneId 0
05-23 11:05:44.699   698  1072 D RadioInteractor: [RadioInteractor] RadioInteractorFactory:  com.android.sprd.telephony.RadioInteractorFactory@41dcc9b0  RadioInteractorFactory class 1105273712
05-23 11:05:44.699   698  1072 D RadioInteractor: [3650]> REQUEST_SET_SMS_BEARER [SUB0]
05-23 11:05:44.709   698  1071 D TelephonyManager: getSettingDefaultSim:phoneIdKey sim_card_favorite_mmsphoneId:-1
05-23 11:05:44.709   181   231 I use-Rlog/RLOG-RILC: [0] enter processCommandsCallback, socket type = 2
05-23 11:05:44.709   181   231 I use-Rlog/RLOG-RILC: [0] enter processCommandsCallback, socket type = 2
05-23 11:05:44.709   181   231 I use-Rlog/RLOG-RILC: [0] PCC  alloc one command p_record
05-23 11:05:44.709   181   963 D use-Rlog/RLOG-RILC: [0] PCB request code 5512 token 2
05-23 11:05:44.709   181   963 D use-Rlog/RLOG-RILC: [0] [0002]> SET_SMS_BEARER (1)
05-23 11:05:44.709   181   963 D use-Rlog/RLOG-RIL: [0] onRequest: SET_SMS_BEARER sState=0
05-23 11:05:44.709   181   963 D use-Rlog/RLOG-RILC: [0] [0002]< SET_SMS_BEARER fails by E_RADIO_NOT_AVAILABLE
05-23 11:05:44.709   181   963 I use-Rlog/RLOG-RILC: [0] -->CommandThread [963] free one command
05-23 11:05:44.709   698   862 D RadioInteractor: [RIRequest] [3650]< REQUEST_SET_SMS_BEARER error: com.android.sprd.telephony.CommandException: RADIO_NOT_AVAILABLE ret=
05-23 11:05:44.709   698   864 D RadioInteractor: [RadioInteractorHandler]  handleMessage msg.what:16
05-23 11:05:44.709   698   864 D RadioInteractor: [RadioInteractorHandler] handleMessage EVENT_SET_SMS_BEARER_DONE
05-23 11:05:44.709   698   864 E RadioInteractor: [RadioInteractorHandler] set sms bearer:fail
05-23 11:05:44.719   698  1071 D TelephonyManager: setDefaultSim:phoneIdKey multi_sim_mms phoneId 0
05-23 11:05:44.719   698   698 D CAT     : CatService: handleMessage[1]
05-23 11:05:44.719   698   698 D CAT     : CatService: ril message arrived,slotid:0
05-23 11:05:44.719   698   698 D CAT     : StkCmdReceiver: handleAction, op: 1args: Bundle[{SLOT_ID=0, cmd message=com.android.internal.telephony.cat.CatCmdMessage@41ed0b58, op=1}], slot id: 0
05-23 11:05:44.729   698   698 D CAT     : CatService: handleMessage[10]
05-23 11:05:44.729   698   698 D CAT     : CatService: SESSION END on 0
05-23 11:05:44.729   698   698 D CAT     : com.android.stk.StkAppService: NOT CUCC
05-23 11:05:44.729   698   698 D CAT     : com.android.stk.StkAppService: StkAppService onStart is cucc: false
05-23 11:05:44.729   698   698 D CAT     : com.android.stk.StkAppService: onStart sim id: 0, op: 1, *****
05-23 11:05:44.729   698   698 D CAT     : StkAppService: init mPhone
05-23 11:05:44.729   698  1065 D CAT     : com.android.stk.StkAppService: handleMessage opcode[1], sim id[0]
05-23 11:05:44.729   698  1065 D CAT     : com.android.stk.StkAppService: cmdName[SET_UP_EVENT_LIST]
05-23 11:05:44.729   698  1065 D CAT     : com.android.stk.StkAppService: [OP_CMD]
05-23 11:05:44.729   698  1065 D CAT     : com.android.stk.StkAppService: [handleCmd]SET_UP_EVENT_LIST
05-23 11:05:44.729   698  1071 D TelephonyManager: setDefaultSim:phoneIdKey multi_sim_voice_call phoneId 0
05-23 11:05:44.729   698  1071 D TelephonyManager: setDefaultSim:phoneIdKey multi_sim_mms phoneId 0
05-23 11:05:44.739   698  1072 D RILJ    : [0][3718]> OEM_HOOK_STRINGS
05-23 11:05:44.739   181   231 I use-Rlog/RLOG-RILC: [0] enter processCommandsCallback, socket type = 0
05-23 11:05:44.739   181   231 I use-Rlog/RLOG-RILC: [0] enter processCommandsCallback, socket type = 0
05-23 11:05:44.739   181   231 I use-Rlog/RLOG-RILC: [0] PCC  alloc one command p_record
05-23 11:05:44.739   181   753 D use-Rlog/RLOG-RILC: [0] PCB request code 60 token 70
05-23 11:05:44.739   181   753 D use-Rlog/RLOG-RILC: [0] [0070]> OEM_HOOK_STRINGS (AT+SPOPRCAP=1,1,0)
05-23 11:05:44.739   181   753 D use-Rlog/RLOG-RIL: [0] onRequest: OEM_HOOK_STRINGS sState=0
05-23 11:05:44.739   181   753 D use-Rlog/RLOG-RIL: [0] channel1 state: '0' 
05-23 11:05:44.739   181   753 D use-Rlog/RLOG-RIL: [0] get Channel ID '1'
05-23 11:05:44.739   181   753 D use-Rlog/RLOG-RIL: [0] got OEM_HOOK_STRINGS: 0x0xb6807ce0 4
05-23 11:05:44.739   181   753 D use-Rlog/RLOG-RIL: [0] > 'AT+SPOPRCAP=1,1,0'
05-23 11:05:44.739   181   753 D use-Rlog/RLOG-RIL: [0] >>> 'AT+SPOPRCAP=1,1,0'
05-23 11:05:44.739   181   753 D use-Rlog/RLOG-AT: [0] Channel1: AT> AT+SPOPRCAP=1,1,0
05-23 11:05:44.750   698  1072 D use-Rlog/RLOG-PHONE: wait for done
05-23 11:05:44.750   181   242 D use-Rlog/RLOG-AT: [0] Channel1: AT< OK
05-23 11:05:44.750   181   753 D use-Rlog/RLOG-RILC: [0] [0070]< OEM_HOOK_STRINGS {OK
05-23 11:05:44.750   181   753 D use-Rlog/RLOG-RILC: }
05-23 11:05:44.750   181   753 D use-Rlog/RLOG-RIL: [0] put Channel ID '1'
05-23 11:05:44.750   181   753 I use-Rlog/RLOG-RILC: [0] -->CommandThread [753] free one command
05-23 11:05:44.750   698   747 D RILJ    : [0][3718]< OEM_HOOK_STRINGS {OK
05-23 11:05:44.750   698   747 D RILJ    : }
05-23 11:05:44.750   698  1077 D use-Rlog/RLOG-PHONE: SEND_AT_COMPLETE
05-23 11:05:44.750   698  1072 D use-Rlog/RLOG-PHONE: done
05-23 11:05:44.820   698  1078 D GsmSST  : setPowerStateToDesired phone=0 mDesiredPowerState=true cm.getRadioState().isOn=false
05-23 11:05:44.820   698  1078 D GsmSST  : canSetRadioPower getIccCardState() = READY
05-23 11:05:44.820   698  1078 D GsmSST  : canSetRadioPower phoneCount = 2
05-23 11:05:44.820   698  1078 D GsmSST  : canSetRadioPower simPresent = true
05-23 11:05:44.820   698  1078 D GsmSST  : setPowerStateToDesired: setRadioPower force = true,state = 1
05-23 11:05:44.830   698  1078 D RILJ    : [0][3719]> RADIO_POWER on
05-23 11:05:44.830   181   231 I use-Rlog/RLOG-RILC: [0] enter processCommandsCallback, socket type = 0
05-23 11:05:44.830   181   231 I use-Rlog/RLOG-RILC: [0] enter processCommandsCallback, socket type = 0
05-23 11:05:44.830   181   231 D use-Rlog/RLOG-RILC: [0] Add 'RADIO_POWER' to call_cmd_list
05-23 11:05:44.830   181   247 I use-Rlog/RLOG-RILC: [0] -->Normal Dispatch call list
05-23 11:05:44.830   181   247 D use-Rlog/RLOG-RILC: [0] PCB request code 23 token 71
05-23 11:05:44.830   181   247 D use-Rlog/RLOG-RILC: [0] [0071]> RADIO_POWER (1,1,1)
05-23 11:05:44.830   181   247 D use-Rlog/RLOG-RIL: [0] onRequest: RADIO_POWER sState=0
05-23 11:05:44.830   181   247 D use-Rlog/RLOG-RIL: [0] channel1 state: '0' 
05-23 11:05:44.830   181   247 D use-Rlog/RLOG-RIL: [0] get Channel ID '1'
05-23 11:05:44.830   181   247 D use-Rlog/RLOG-RIL: [0] sim1.
05-23 11:05:44.830   181   247 D use-Rlog/RLOG-RIL: [0] getHasSimInner subscription = 0
05-23 11:05:44.830   181   247 D use-Rlog/RLOG-RIL: [0] getHasInner: 1
05-23 11:05:44.830   181   247 D use-Rlog/RLOG-RIL: [0] getTestMode
05-23 11:05:44.830   181   247 D use-Rlog/RLOG-RIL: [0] getTestModeInner subscription = 0
05-23 11:05:44.830   181   247 D use-Rlog/RLOG-RIL: [0] getTestModeInner: 8
05-23 11:05:44.830   181   247 D use-Rlog/RLOG-RIL: [0] initSIMPresentState
05-23 11:05:44.830   181   247 D use-Rlog/RLOG-RIL: [0] getHasSimInner subscription = 0
05-23 11:05:44.830   181   247 D use-Rlog/RLOG-RIL: [0] getHasInner: 1
05-23 11:05:44.830   181   247 D use-Rlog/RLOG-RIL: [0] getHasSimInner subscription = 1
05-23 11:05:44.830   181   247 D use-Rlog/RLOG-RIL: [0] getHasInner prop key: ril.has_sim1
05-23 11:05:44.830   181   247 D use-Rlog/RLOG-RIL: [0] getHasInner: 0
05-23 11:05:44.830   181   247 D use-Rlog/RLOG-RIL: [0] is CSFB 
05-23 11:05:44.830   181   247 D use-Rlog/RLOG-RIL: [0] buildTestModeCmd cmdsize = 128
05-23 11:05:44.830   181   247 D use-Rlog/RLOG-RIL: [0] getTestModeInner subscription = 0
05-23 11:05:44.830   181   247 D use-Rlog/RLOG-RIL: [0] getTestModeInner: 8
05-23 11:05:44.830   181   247 D use-Rlog/RLOG-RIL: [0] buildTestModeCmd cmd: AT+SPTESTMODEM=8
05-23 11:05:44.830   181   247 D use-Rlog/RLOG-RIL: [0] getTestModeInner subscription = 1
05-23 11:05:44.830   181   247 D use-Rlog/RLOG-RIL: [0] getTestModeInner prop key: persist.radio.ssda.testmode1
05-23 11:05:44.830   181   247 D use-Rlog/RLOG-RIL: [0] getTestModeInner: 254
05-23 11:05:44.830   181   247 D use-Rlog/RLOG-RIL: [0] buildTestModeCmd cmd1: AT+SPTESTMODEM=8,254
05-23 11:05:44.830   181   247 D use-Rlog/RLOG-AT: [0] Channel1: AT> AT+SPTESTMODEM=8,254
05-23 11:05:44.830   181   242 D use-Rlog/RLOG-AT: [0] Channel1: AT< OK
05-23 11:05:44.830   181   247 D use-Rlog/RLOG-RIL: [0] ssda mode: tdd-csfb
05-23 11:05:44.830   181   247 D use-Rlog/RLOG-AT: [0] Channel1: AT> AT+CEMODE=1
05-23 11:05:44.830   181   242 D use-Rlog/RLOG-AT: [0] Channel1: AT< OK
05-23 11:05:44.830   181   247 D use-Rlog/RLOG-AT: [0] Channel1: AT> AT+CIMI
05-23 11:05:44.840   181   242 D use-Rlog/RLOG-AT: [0] Channel1: AT< 460004702156121
05-23 11:05:44.840   181   242 D use-Rlog/RLOG-AT: [0] Channel1: AT< OK
05-23 11:05:44.840   181   247 D use-Rlog/RLOG-RIL: [0] requestRadioPower--IMSI:[460004702156121]
05-23 11:05:44.840   181   247 D use-Rlog/RLOG-RIL: [0] ssda mode: tdd-csfb
05-23 11:05:44.840   181   247 D use-Rlog/RLOG-RIL: [0] isn't svlte
05-23 11:05:44.840   181   247 D use-Rlog/RLOG-RIL: [0] is CSFB 
05-23 11:05:44.840   181   247 D use-Rlog/RLOG-AT: [0] Channel1: AT> AT+SAUTOATT=1
05-23 11:05:44.840   181   242 D use-Rlog/RLOG-AT: [0] Channel1: AT< OK
05-23 11:05:44.840   181   247 D use-Rlog/RLOG-RIL: [0] ssda mode: tdd-csfb
05-23 11:05:44.840   181   247 D use-Rlog/RLOG-RIL: [0] isn't svlte
05-23 11:05:44.840   181   247 D use-Rlog/RLOG-AT: [0] Channel1: AT> AT+SFUN=4
05-23 11:05:45.060   673   673 W SignalStrength: getLTELevel - rsrp:2147483647 snr:2147483647 rsrpIconLevel:-1 snrIconLevel:-1
05-23 11:05:45.060   673   673 W SignalStrength: getLTELevel - rssi:99 rssiIconLevel:0
05-23 11:05:45.070   673   673 W SignalStrength: getLTELevel - rsrp:2147483647 snr:2147483647 rsrpIconLevel:-1 snrIconLevel:-1
05-23 11:05:45.070   673   673 W SignalStrength: getLTELevel - rssi:99 rssiIconLevel:0
05-23 11:05:45.070   673   673 W SignalStrength: getGsmLevel=0
05-23 11:05:45.070   673   673 W SignalStrength: getLevel=0
05-23 11:05:45.270   673   673 W SignalStrength: getLTELevel - rsrp:2147483647 snr:2147483647 rsrpIconLevel:-1 snrIconLevel:-1
05-23 11:05:45.270   673   673 W SignalStrength: getLTELevel - rssi:99 rssiIconLevel:0
05-23 11:05:45.270   673   673 W SignalStrength: getGsmLevel=0
05-23 11:05:45.270   673   673 W SignalStrength: getLevel=0
05-23 11:05:45.560   181   242 D use-Rlog/RLOG-AT: [0] Channel1: AT< OK
05-23 11:05:45.560   181   247 D use-Rlog/RLOG-RILC: [0] [UNSL]< UNSOL_VOICE_RADIO_TECH_CHANGED {3}
05-23 11:05:45.560   181   247 D use-Rlog/RLOG-RILC: [0] [UNSL]< UNSOL_VOICE_RADIO_TECH_CHANGED {3} {RADIO_SIM_NOT_READY}
05-23 11:05:45.560   181   247 D use-Rlog/RLOG-RILC: [0] [UNSL]< UNSOL_RESPONSE_SIM_STATUS_CHANGED 
05-23 11:05:45.560   181   247 D use-Rlog/RLOG-AT: [0] Channel1: AT> AT+CTZR=1
05-23 11:05:45.560   181   242 D use-Rlog/RLOG-AT: [0] Channel1: AT< OK
05-23 11:05:45.560   181   247 D use-Rlog/RLOG-AT: [0] Channel1: AT> AT+CPIN?
05-23 11:05:45.560   698   747 D RILJ    : [0][UNSL]< [0]UNSOL_VOICE_RADIO_TECH_CHANGED {3}
05-23 11:05:45.560   181   242 D use-Rlog/RLOG-AT: [0] Channel1: AT< +CPIN: READY
05-23 11:05:45.560   181   242 D use-Rlog/RLOG-AT: [0] Channel1: AT< OK
05-23 11:05:45.560   181   247 D use-Rlog/RLOG-RIL: [0] setHasSim hasSim = 1
05-23 11:05:45.560   181   247 I RIL     : SIM_READY
05-23 11:05:45.560   698   698 D PhoneProxy: [PhoneProxy] EVENT_VOICE_RADIO_TECH_CHANGED: newVoiceTech=3
05-23 11:05:45.560   698   698 D PhoneProxy: [PhoneProxy] phoneObjectUpdater: newVoiceRadioTech=3
05-23 11:05:45.560   698   698 D PhoneProxy: [PhoneProxy] phoneObjectUpdater: No change ignore, newVoiceRadioTech=3 mActivePhone=TD
05-23 11:05:45.560   698   747 D RILJ    : [0][UNSL]< [0]UNSOL_RESPONSE_RADIO_STATE_CHANGED RADIO_ON
05-23 11:05:45.560   698   747 D RILJ    : [0][UNSL]< [0]UNSOL_RESPONSE_SIM_STATUS_CHANGED
05-23 11:05:45.560   698   698 D RILJ    : [0]mPreferredNetworkType: 0
05-23 11:05:45.560   698   698 D RILJ    : [0][3720]> REQUEST_SET_PREFERRED_NETWORK_TYPE : 0
05-23 11:05:45.560   698   698 D RILJ    : SPRDRILOPERATOR
05-23 11:05:45.560   181   231 I use-Rlog/RLOG-RILC: [0] enter processCommandsCallback, socket type = 0
05-23 11:05:45.560   181   231 I use-Rlog/RLOG-RILC: [0] enter processCommandsCallback, socket type = 0
05-23 11:05:45.560   181   231 I use-Rlog/RLOG-RILC: [0] PCC  alloc one command p_record
05-23 11:05:45.560   181   963 D use-Rlog/RLOG-RILC: [0] PCB request code 73 token 72
05-23 11:05:45.560   181   963 D use-Rlog/RLOG-RILC: [0] [0072]> SET_PREFERRED_NETWORK_TYPE (0)
05-23 11:05:45.560   181   963 D use-Rlog/RLOG-RIL: [0] onRequest: SET_PREFERRED_NETWORK_TYPE sState=2
05-23 11:05:45.560   181   963 D use-Rlog/RLOG-RIL: [0] channel2 state: '0' 
05-23 11:05:45.560   181   963 D use-Rlog/RLOG-RIL: [0] get Channel ID '2'
05-23 11:05:45.560   181   963 D use-Rlog/RLOG-RIL: [0] ssda mode: tdd-csfb
05-23 11:05:45.560   181   963 D use-Rlog/RLOG-RILC: [0] [0072]< SET_PREFERRED_NETWORK_TYPE fails by E_GENERIC_FAILURE
05-23 11:05:45.560   181   963 D use-Rlog/RLOG-RIL: [0] put Channel ID '2'
05-23 11:05:45.560   181   963 I use-Rlog/RLOG-RILC: [0] -->CommandThread [963] free one command
05-23 11:05:45.560   181   247 D use-Rlog/RLOG-RILC: [0] [UNSL]< UNSOL_RESPONSE_SIM_STATUS_CHANGED 
05-23 11:05:45.560   181   247 D use-Rlog/RLOG-RILC: [0] [UNSL]< UNSOL_RESPONSE_SIM_STATUS_CHANGED  {RADIO_SIM_READY}
05-23 11:05:45.560   181   247 D use-Rlog/RLOG-RILC: [0] [UNSL]< UNSOL_RESPONSE_SIM_STATUS_CHANGED 
05-23 11:05:45.560   181   247 D use-Rlog/RLOG-AT: [0] Channel1: AT> AT+CSMS=1
05-23 11:05:45.560   181   242 D use-Rlog/RLOG-AT: [0] Channel1: AT< +CSMS: 1,1,0
05-23 11:05:45.560   181   242 D use-Rlog/RLOG-AT: [0] Channel1: AT< OK
05-23 11:05:45.560   181   247 D use-Rlog/RLOG-AT: [0] Channel1: AT> AT+CNMI=3,2,2,1,1
05-23 11:05:45.570   181   242 D use-Rlog/RLOG-AT: [0] Channel1: AT< OK
05-23 11:05:45.570   181   247 D use-Rlog/RLOG-AT: [0] Channel1: AT> AT+CSCA?
05-23 11:05:45.570   181   242 D use-Rlog/RLOG-AT: [0] Channel1: AT< +CSCA: "2B38363133383030373535353030",145
05-23 11:05:45.570   181   242 D use-Rlog/RLOG-AT: [0] Channel1: AT< OK
05-23 11:05:45.570   181   247 D use-Rlog/RLOG-AT: [0] Channel1: AT> AT^CARDMODE
05-23 11:05:45.570   181   242 D use-Rlog/RLOG-AT: [0] Channel1: AT< ^CARDMODE: 2
05-23 11:05:45.570   181   242 D use-Rlog/RLOG-AT: [0] Channel1: AT< OK
05-23 11:05:45.570   181   247 D use-Rlog/RLOG-RIL: [0] onSimPresent simMode = 2
05-23 11:05:45.570   181   247 D use-Rlog/RLOG-RIL: [0] onSimPresent isTest = 0
05-23 11:05:45.570   181   247 D use-Rlog/RLOG-RILC: [0] [0071]< RADIO_POWER
05-23 11:05:45.570   181   247 D use-Rlog/RLOG-RIL: [0] put Channel ID '1'
05-23 11:05:45.570   181   247 I use-Rlog/RLOG-RILC: [0] -->Normal Dispatch [247] free one command
05-23 11:05:45.570   698   698 D RILJ    : [0][3721]> OPERATOR
05-23 11:05:45.580   698   698 D RILJ    : [0][3722]> DATA_REGISTRATION_STATE
05-23 11:05:45.580   181   231 I use-Rlog/RLOG-RILC: [0] enter processCommandsCallback, socket type = 0
05-23 11:05:45.580   181   231 I use-Rlog/RLOG-RILC: [0] enter processCommandsCallback, socket type = 0
05-23 11:05:45.580   181   231 I use-Rlog/RLOG-RILC: [0] PCC  alloc one command p_record
05-23 11:05:45.580   181   753 D use-Rlog/RLOG-RILC: [0] PCB request code 22 token 73
